
=== BATCH START 2026-05-26T12:26:50.433Z — 25 Acts, concurrency=2 ===
[2026-05-26T12:26:50.434Z] START C2004A01586 Federal Court of Australia Act 1976
[2026-05-26T12:26:50.441Z] START C1903A00006 Judiciary Act 1903
[2026-05-26T12:27:39.385Z] OK     C1903A00006 (205 sections, 0.8min, exit=0) [1/25]
[2026-05-26T12:27:39.385Z] START C1966A00033 Bankruptcy Act 1966
[2026-05-26T12:28:33.889Z] OK     C2004A01586 (431 sections, 1.7min, exit=0) [2/25]
[2026-05-26T12:28:33.889Z] START C2009A00130 Personal Property Securities Act 2009
[2026-05-26T12:30:25.622Z] OK     C2009A00130 (446 sections, 1.9min, exit=0) [3/25]
[2026-05-26T12:30:25.622Z] START C2004A02944 Insurance Contracts Act 1984
[2026-05-26T12:30:56.292Z] OK     C1966A00033 (823 sections, 3.3min, exit=0) [4/25]
[2026-05-26T12:30:56.292Z] START C2004A04969 Trade Marks Act 1995
[2026-05-26T12:31:07.686Z] OK     C2004A02944 (167 sections, 0.7min, exit=0) [5/25]
[2026-05-26T12:31:07.686Z] START C2004A04014 Patents Act 1990
[2026-05-26T12:32:22.010Z] OK     C2004A04969 (364 sections, 1.4min, exit=0) [6/25]
[2026-05-26T12:32:22.010Z] START C1968A00063 Copyright Act 1968
[2026-05-26T12:32:29.094Z] OK     C2004A04014 (348 sections, 1.3min, exit=0) [7/25]
[2026-05-26T12:32:29.095Z] START C2004A01232 Designs Act 2003
[2026-05-26T12:33:25.255Z] OK     C2004A01232 (228 sections, 0.9min, exit=0) [8/25]
[2026-05-26T12:33:25.255Z] START C2004A00819 Australian Securities and Investments Commission Act 2001
[2026-05-26T12:35:40.066Z] OK     C1968A00063 (819 sections, 3.3min, exit=0) [9/25]
[2026-05-26T12:35:40.066Z] START C1959A00006 Banking Act 1959
[2026-05-26T12:36:08.150Z] OK     C2004A00819 (684 sections, 2.7min, exit=0) [10/25]
[2026-05-26T12:36:08.151Z] START C1936A00027 Income Tax Assessment Act 1936
[2026-05-26T12:36:55.670Z] OK     C1959A00006 (304 sections, 1.3min, exit=0) [11/25]
[2026-05-26T12:36:55.670Z] START C1953A00001 Taxation Administration Act 1953
[2026-05-26T12:39:50.481Z] OK     C1936A00027 (1207 sections, 3.7min, exit=0) [12/25]
[2026-05-26T12:39:50.481Z] START C2004A00446 A New Tax System (Goods and Services Tax) Act 1999
[2026-05-26T12:44:05.264Z] OK     C2004A00446 (1067 sections, 4.2min, exit=0) [13/25]
[2026-05-26T12:44:05.264Z] START C2004A04633 Superannuation Industry (Supervision) Act 1993
[2026-05-26T12:44:07.845Z] OK     C1953A00001 (1807 sections, 7.2min, exit=0) [14/25]
[2026-05-26T12:44:07.845Z] START C2006A00169 Anti-Money Laundering and Counter-Terrorism Financing Act 2006
[2026-05-26T12:45:51.706Z] OK     C2006A00169 (434 sections, 1.7min, exit=0) [15/25]
[2026-05-26T12:45:51.706Z] START C2004A01402 Foreign Acquisitions and Takeovers Act 1975
[2026-05-26T12:47:12.791Z] OK     C2004A04633 (802 sections, 3.1min, exit=0) [16/25]
[2026-05-26T12:47:12.791Z] START C1958A00062 Migration Act 1958
[2026-05-26T12:47:16.939Z] OK     C2004A01402 (343 sections, 1.4min, exit=0) [17/25]
[2026-05-26T12:47:16.939Z] START C2004A00275 Family Law Act 1975
[2026-05-26T12:50:53.480Z] OK     C2004A00275 (915 sections, 3.6min, exit=0) [18/25]
[2026-05-26T12:50:53.481Z] START C2004A04665 Native Title Act 1993
[2026-05-26T12:51:36.054Z] OK     C1958A00062 (1087 sections, 4.4min, exit=0) [19/25]
[2026-05-26T12:51:36.055Z] START C2004A03952 Therapeutic Goods Act 1989
[2026-05-26T12:53:27.672Z] OK     C2004A04665 (640 sections, 2.6min, exit=0) [20/25]
[2026-05-26T12:53:27.673Z] START C1914A00012 Crimes Act 1914
[2026-05-26T12:54:42.535Z] OK     C2004A03952 (774 sections, 3.1min, exit=0) [21/25]
[2026-05-26T12:54:42.536Z] START C2004A01022 Proceeds of Crime Act 2002
[2026-05-26T12:57:07.309Z] OK     C2004A01022 (593 sections, 2.4min, exit=0) [22/25]
[2026-05-26T12:57:07.309Z] START C1901A00006 Customs Act 1901
[2026-05-26T13:00:31.270Z] OK     C1901A00006 (1000 sections, 0.4min, exit=0) [23/25]
[2026-05-26T13:00:31.271Z] START C1961A00012 Marriage Act 1961
[2026-05-26T13:04:21.192Z] FAILED C1914A00012 (0 sections, 10.9min, exit=1) [24/25]
[2026-05-26T13:04:50.144Z] OK     C1961A00012 (174 sections, 4.3min, exit=0) [25/25]

FAILURES (1):
  C1914A00012 Crimes Act 1914 (exit=1)

=== BATCH END 2026-05-26T13:04:50.145Z ===

=== BATCH START 2026-05-27T13:38:45.211Z — 1 Acts, concurrency=2 ===
[2026-05-27T13:38:45.212Z] START C1914A00012 Crimes Act 1914
[2026-05-27T13:42:49.182Z] OK     C1914A00012 (1055 sections, 4.1min, exit=0) [1/1]

=== BATCH END 2026-05-27T13:42:49.183Z ===

=== BATCH START 2026-05-27T13:48:46.950Z — 1 Acts, concurrency=2 ===
[2026-05-27T13:48:46.951Z] START C1914A00012 Crimes Act 1914
[2026-05-27T13:52:53.501Z] OK     C1914A00012 (1055 sections, 4.1min, exit=0) [1/1]

=== BATCH END 2026-05-27T13:52:53.502Z ===

=== BATCH START 2026-06-02T12:20:52.746Z — 8 Acts, concurrency=2 ===
[2026-06-02T12:20:52.747Z] START C2004A04868 Criminal Code Act 1995
[2026-06-02T12:20:52.752Z] START C2004A01697 Administrative Decisions (Judicial Review) Act 1977
[2026-06-02T12:20:57.380Z] OK     C2004A01697 (5 sections, 0.1min, exit=0) [1/8]
[2026-06-02T12:20:57.380Z] START C2004A00274 Racial Discrimination Act 1975
[2026-06-02T12:21:11.892Z] OK     C2004A00274 (54 sections, 0.2min, exit=0) [2/8]
[2026-06-02T12:21:11.892Z] START C2004A02868 Sex Discrimination Act 1984
[2026-06-02T12:21:41.065Z] OK     C2004A02868 (115 sections, 0.5min, exit=0) [3/8]
[2026-06-02T12:21:41.065Z] START C2004A04426 Disability Discrimination Act 1992
[2026-06-02T12:22:06.973Z] OK     C2004A04426 (102 sections, 0.4min, exit=0) [4/8]
[2026-06-02T12:22:06.974Z] START C2004A01302 Age Discrimination Act 2004
[2026-06-02T12:22:29.798Z] OK     C2004A01302 (89 sections, 0.4min, exit=0) [5/8]
[2026-06-02T12:22:29.798Z] START C2004A03366 Australian Human Rights Commission Act 1986
[2026-06-02T12:23:09.308Z] OK     C2004A03366 (163 sections, 0.7min, exit=0) [6/8]
[2026-06-02T12:23:09.308Z] START C2021A00012 Federal Circuit and Family Court of Australia Act 2021
[2026-06-02T12:24:42.413Z] OK     C2021A00012 (380 sections, 1.5min, exit=0) [7/8]
[2026-06-02T12:26:42.439Z] OK     C2004A04868 (1498 sections, 5.8min, exit=0) [8/8]

=== BATCH END 2026-06-02T12:26:42.439Z ===

=== BATCH START 2026-06-02T12:57:22.937Z — 2 Acts, concurrency=2 ===
[2026-06-02T12:57:22.938Z] START C2004A04868 Criminal Code Act 1995
[2026-06-02T12:57:22.943Z] START C2004A01697 Administrative Decisions (Judicial Review) Act 1977
[2026-06-02T12:57:27.781Z] OK     C2004A01697 (33 sections, 0.1min, exit=0) [1/2]
[2026-06-02T13:03:09.022Z] OK     C2004A04868 (1505 sections, 5.8min, exit=0) [2/2]

=== BATCH END 2026-06-02T13:03:09.022Z ===
