[fetch] document_1: https://www.legislation.gov.au/C1908A00015/1998-01-01/1998-01-01/text/original/epub/OEBPS/document_1/document_1.html
[fetch] document_1: 16,434 bytes
[fetch] document_2: https://www.legislation.gov.au/C1908A00015/1998-01-01/1998-01-01/text/original/epub/OEBPS/document_2/document_2.html
[fetch] document_2 not found — stopping. Fetched 1 document(s).
[fetch] combined 1 document(s), 16,434 source bytes → 15,286 combined bytes
[citation] Surplus Revenue Act 1908 (Cth)
[parse] starting
[parser-diag] total <p> elements found: 64
[parser-diag] processed 64 <p> elements
[parser-diag] last section was added at element index: -1
[parser-diag] state phase at end: PRE_BODY
[parser-diag] hierarchy stack depth at end: 0
[parser-diag] insideSchedule at end: false
[parse] sections: 0
[parse] compilation: date=(none) no=(none)
[parse] by level:
[db] inserted new legislation row: 82a6a91c-528b-4a1f-b736-2b9373efa8e5
[db] inserting 0 sections (pass 1)
[db] inserted 0 sections
[db] linking parent FKs (pass 2)
[db] linked 0 parent references

[done] ingested Surplus Revenue Act 1908
       legislation_id: 82a6a91c-528b-4a1f-b736-2b9373efa8e5
       sections: 0
       compilation: 1998-01-01
