[fetch] document_1: https://www.legislation.gov.au/C1903A00020/2026-03-14/2026-03-14/text/original/epub/OEBPS/document_1/document_1.html
[fetch] document_1: 2,471,171 bytes
[fetch] document_2: https://www.legislation.gov.au/C1903A00020/2026-03-14/2026-03-14/text/original/epub/OEBPS/document_2/document_2.html
[fetch] document_2 not found — stopping. Fetched 1 document(s).
[fetch] combined 1 document(s), 2,471,171 source bytes → 2,466,787 combined bytes
[citation] Defence Act 1903 (Cth)
[parse] starting
[parser-diag] total <p> elements found: 9774
[parser-diag] processed 9774 <p> elements
[parser-diag] last section was added at element index: 5697
[parser-diag] state phase at end: ENDNOTES
[parser-diag] hierarchy stack depth at end: 2
[parser-diag] insideSchedule at end: true
[parse] sections: 588
[parse] compilation: date=2026-03-14 no=85
[parse] by level:
         part         27
         section      473
         division     62
         subdivision  24
         schedule     1
         schedule_clause 1
[db] inserted new legislation row: 491dbf14-51c9-46e4-9c14-89105c6ba4cd
[db] inserting 588 sections (pass 1)
[db] inserted 588 sections
[db] linking parent FKs (pass 2)
[db] linked 560 parent references

[done] ingested Defence Act 1903
       legislation_id: 491dbf14-51c9-46e4-9c14-89105c6ba4cd
       sections: 588
       compilation: 2026-03-14
