[fetch] document_1: https://www.legislation.gov.au/C1902A00012/2026-03-28/2026-03-28/text/original/epub/OEBPS/document_1/document_1.html
[fetch] document_1: 410,102 bytes
[fetch] document_2: https://www.legislation.gov.au/C1902A00012/2026-03-28/2026-03-28/text/original/epub/OEBPS/document_2/document_2.html
[fetch] document_2 not found — stopping. Fetched 1 document(s).
[fetch] combined 1 document(s), 410,102 source bytes → 407,914 combined bytes
[citation] Royal Commissions Act 1902 (Cth)
[parse] starting
[parser-diag] total <p> elements found: 1490
[parser-diag] processed 1490 <p> elements
[parser-diag] last section was added at element index: 885
[parser-diag] state phase at end: ENDNOTES
[parser-diag] hierarchy stack depth at end: 2
[parser-diag] insideSchedule at end: false
[parse] sections: 74
[parse] compilation: date=2026-03-28 no=25
[parse] by level:
         part         6
         section      63
         division     5
[db] inserted new legislation row: e7f69489-de4d-46bf-ad8b-1832834aaba1
[db] inserting 74 sections (pass 1)
[db] inserted 74 sections
[db] linking parent FKs (pass 2)
[db] linked 68 parent references

[done] ingested Royal Commissions Act 1902
       legislation_id: e7f69489-de4d-46bf-ad8b-1832834aaba1
       sections: 74
       compilation: 2026-03-28
