[fetch] document_1: https://www.legislation.gov.au/C1903A00006/2024-12-11/2024-12-11/text/original/epub/OEBPS/document_1/document_1.html
[fetch] document_1: 734,937 bytes
[fetch] document_2: https://www.legislation.gov.au/C1903A00006/2024-12-11/2024-12-11/text/original/epub/OEBPS/document_2/document_2.html
[fetch] document_2 not found — stopping. Fetched 1 document(s).
[fetch] combined 1 document(s), 734,937 source bytes → 732,245 combined bytes
[citation] Judiciary (Cth)
[parse] starting
[parser-diag] total <p> elements found: 2856
[parser-diag] processed 2856 <p> elements
[parse] sections: 205
[parse] compilation: date=2024-12-11 no=51
[parse] warnings: 1
  - ActHead1 with unexpected leading word: "The Schedule". Captured as 'schedule' as fallback.
[parser-diag] last section was added at element index: 1380
[parser-diag] state phase at end: ENDNOTES
[parser-diag] hierarchy stack depth at end: 1
[parser-diag] insideSchedule at end: true
[parse] by level:
         part         18
         section      152
         division     34
         schedule     1
[db] inserted new legislation row: 00b68fdc-fa0a-4e59-b03f-0bd5b1dcc483
[db] inserting 205 sections (pass 1)
[db] inserted 205 sections
[db] linking parent FKs (pass 2)
[db] linked 186 parent references

[done] ingested Judiciary
       legislation_id: 00b68fdc-fa0a-4e59-b03f-0bd5b1dcc483
       sections: 205
       compilation: 2024-12-11
