[fetch] document_1: https://www.legislation.gov.au/C1905A00015/2020-10-01/2020-10-01/text/original/epub/OEBPS/document_1/document_1.html
[fetch] document_1: 129,643 bytes
[fetch] document_2: https://www.legislation.gov.au/C1905A00015/2020-10-01/2020-10-01/text/original/epub/OEBPS/document_2/document_2.html
[fetch] document_2 not found — stopping. Fetched 1 document(s).
[fetch] combined 1 document(s), 129,643 source bytes → 127,737 combined bytes
[citation] Census and Statistics Act 1905 (Cth)
[parse] starting
[parser-diag] total <p> elements found: 550
[parser-diag] processed 550 <p> elements
[parser-diag] last section was added at element index: 206
[parser-diag] state phase at end: ENDNOTES
[parser-diag] hierarchy stack depth at end: 2
[parser-diag] insideSchedule at end: false
[parse] sections: 28
[parse] compilation: date=2020-10-01 no=9
[parse] by level:
         part         4
         section      24
[db] inserted new legislation row: f895f9db-5ae3-4dfc-ba1a-57b6f45c4348
[db] inserting 28 sections (pass 1)
[db] inserted 28 sections
[db] linking parent FKs (pass 2)
[db] linked 24 parent references

[done] ingested Census and Statistics Act 1905
       legislation_id: f895f9db-5ae3-4dfc-ba1a-57b6f45c4348
       sections: 28
       compilation: 2020-10-01
