[fetch] document_1: https://www.legislation.gov.au/C1918A00027/2026-03-31/2026-03-31/text/original/epub/OEBPS/document_1/document_1.html
[fetch] document_1: 1,575,188 bytes
[fetch] document_2: https://www.legislation.gov.au/C1918A00027/2026-03-31/2026-03-31/text/original/epub/OEBPS/document_2/document_2.html
[fetch] document_2: 2,138,743 bytes
[fetch] document_3: https://www.legislation.gov.au/C1918A00027/2026-03-31/2026-03-31/text/original/epub/OEBPS/document_3/document_3.html
[fetch] document_3 not found — stopping. Fetched 2 document(s).
[fetch] combined 2 document(s), 3,713,931 source bytes → 3,710,744 combined bytes
[citation] Commonwealth Electoral Act 1918 (Cth)
[parse] starting
[parser-diag] total <p> elements found: 13956
[parser-unknown-class] "FreeForm", text="QUALIFICATION CHECKLIST RELATING TO YOUR ELIGIBILITY UNDER SECTION 44 OF THE AUSTRALIAN CONSTITUTION"
[parser-unknown-class] "FreeForm", text=""
[parser-unknown-class] "FreeForm", text=""
[parser-unknown-class] "FreeForm", text="………………………………………….."
[parser-unknown-class] "FreeForm", text="[Candidate’s name]"
[parser-unknown-class] "FreeForm", text=""
[parser-unknown-class] "FreeForm", text="Please fill out this checklist."
[parser-unknown-class] "FreeForm", text=""
[parser-unknown-class] "FreeForm", text="Be aware that completing this checklist does not guarantee that you are eligible to be elected un..."
[parser-unknown-class] "FreeForm", text=""
[parser-unknown-class] "FreeForm", text="If you have any doubts about your eligibility, you should seek independent legal advice."
[parser-unknown-class] "FreeForm", text=""
[parser-unknown-class] "FreeForm", text="If you provide information in this checklist that you know is false or misleading, you may commit..."
[parser-unknown-class] "FreeForm", text=""
[parser-unknown-class] "FreeForm", text="You must answer every question in the checklist that has check boxes by marking one, and only one..."
[parser-unknown-class] "FreeForm", text=""
[parser-unknown-class] "FreeForm", text="Please provide supporting documentation as appropriate. You may provide additional documents if y..."
[parser-unknown-class] "FreeForm", text=""
[parser-unknown-class] "FreeForm", text="Note: If you answer ‘yes’ in question 10 then you must provide at least one document in response ..."
[parser-unknown-class] "FreeForm", text=""
[parser-unknown-class] "FreeForm", text="You should not include information in this checklist, or in any additional documents you provide,..."
[parser-unknown-class] "FreeForm", text=""
[parser-unknown-class] "FreeForm", text="You may choose to redact information (for example, your own or another person’s personal informat..."
[parser-unknown-class] "FreeForm", text=""
[parser-unknown-class] "FreeForm", text="The candidate statement and declaration that you have made elsewhere in this nomination also rela..."
[parser-unknown-class] "FreeForm", text=""
[parser-unknown-class] "FreeForm", text="1.  Do you know the place of birth of each of your parents and grandparents (whether biological o..."
[parser-unknown-class] "FreeForm", text=""
[parser-unknown-class] "FreeForm", text="YES  NO"
[parser-unknown-class] "FreeForm", text=""
[parser-unknown-class] "FreeForm", text="1a.  Please provide any relevant details (for example, why you do not know the place of birth of ..."
[parser-unknown-class] "FreeForm", text=""
[parser-unknown-class] "FreeForm", text="Other relevant details relating to your knowledge of your parents’ and grandparents’ places of birth"
[parser-unknown-class] "FreeForm", text=""
[parser-unknown-class] "FreeForm", text=""
[parser-unknown-class] "FreeForm", text="[Please provide particulars of, or documents related to, any details provided in response to ques..."
[parser-unknown-class] "FreeForm", text=""
[parser-unknown-class] "FreeForm", text="2.  Do you have a parent or grandparent that you know was born in another country? This may be a ..."
[parser-unknown-class] "FreeForm", text=""
[parser-unknown-class] "FreeForm", text="YES  NO  N/A"
[parser-unknown-class] "FreeForm", text=""
[parser-unknown-class] "FreeForm", text="2a.  If ‘yes’, please provide the following details, to the extent known:"
[parser-unknown-class] "FreeForm", text=""
[parser-unknown-class] "FreeForm", text="Relationship to you (eg mother or adoptive father)"
[parser-unknown-class] "FreeForm", text="Place of birth"
[parser-unknown-class] "FreeForm", text="Date of birth"
[parser-unknown-class] "FreeForm", text=""
[parser-unknown-class] "FreeForm", text=""
[parser-unknown-class] "FreeForm", text=""
[parser-unknown-class] "FreeForm", text=""
[parser-unknown-class] "FreeForm", text=""
[parser-unknown-class] "FreeForm", text=""
[parser-unknown-class] "FreeForm", text=""
[parser-unknown-class] "FreeForm", text=""
[parser-unknown-class] "FreeForm", text=""
[parser-unknown-class] "FreeForm", text=""
[parser-unknown-class] "FreeForm", text=""
[parser-unknown-class] "FreeForm", text=""
[parser-unknown-class] "FreeForm", text=""
[parser-unknown-class] "FreeForm", text=""
[parser-unknown-class] "FreeForm", text=""
[parser-unknown-class] "FreeForm", text=""
[parser-unknown-class] "FreeForm", text=""
[parser-unknown-class] "FreeForm", text=""
[parser-unknown-class] "FreeForm", text=""
[parser-unknown-class] "FreeForm", text="2b.  Please provide any other relevant details:"
[parser-unknown-class] "FreeForm", text=""
[parser-unknown-class] "FreeForm", text="Other relevant details relating to your parents’ and grandparents’ places and dates of birth"
[parser-unknown-class] "FreeForm", text=""
[parser-unknown-class] "FreeForm", text=""
[parser-unknown-class] "FreeForm", text="[Please provide particulars of, or documents related to, any details provided in response to ques..."
[parser-unknown-class] "FreeForm", text=""
[parser-unknown-class] "FreeForm", text="3.  Have you provided details in question 2a in relation to each parent and grandparent that you ..."
[parser-unknown-class] "FreeForm", text=""
[parser-unknown-class] "FreeForm", text="YES  NO  N/A"
[parser-unknown-class] "FreeForm", text=""
[parser-unknown-class] "FreeForm", text="3a.  If ‘no’, please explain why you have not provided those details:"
[parser-unknown-class] "FreeForm", text=""
[parser-unknown-class] "FreeForm", text="Explanation of why you have not provided details relating to each parent and grandparent that you..."
[parser-unknown-class] "FreeForm", text=""
[parser-unknown-class] "FreeForm", text=""
[parser-unknown-class] "FreeForm", text="4.  Do you know which citizenships have been held by each of your parents and grandparents (wheth..."
[parser-unknown-class] "FreeForm", text=""
[parser-unknown-class] "FreeForm", text="YES  NO"
[parser-unknown-class] "FreeForm", text=""
[parser-unknown-class] "FreeForm", text="4a.  Please provide any relevant details (for example, why you do not know the citizenships held ..."
[parser-unknown-class] "FreeForm", text=""
[parser-unknown-class] "FreeForm", text="Other relevant details relating to your knowledge of your parents’ and grandparents’ citizenships"
[parser-unknown-class] "FreeForm", text=""
[parser-unknown-class] "FreeForm", text=""
[parser-unknown-class] "FreeForm", text="[Please provide particulars of, or documents related to, any details provided in response to ques..."
[parser-unknown-class] "FreeForm", text=""
[parser-unknown-class] "FreeForm", text="5.  Do you have a parent or grandparent that you know acquired citizenship of another country by ..."
[parser-unknown-class] "FreeForm", text=""
[parser-unknown-class] "FreeForm", text="YES  NO  N/A"
[parser-unknown-class] "FreeForm", text=""
[parser-unknown-class] "FreeForm", text="5a.  If ‘yes’, please provide the following details, to the extent known:"
[parser-unknown-class] "FreeForm", text=""
[parser-unknown-class] "FreeForm", text="Relationship to you (eg mother or adoptive father)"
[parser-unknown-class] "FreeForm", text="Country of foreign citizenship"
[parser-unknown-class] "FreeForm", text="Period foreign citizenship held"
[parser-unknown-class] "FreeForm", text=""
[parser-unknown-class] "FreeForm", text=""
[parser-unknown-class] "FreeForm", text=""
[parser-unknown-class] "FreeForm", text=""
[parser-unknown-class] "FreeForm", text=""
[parser-unknown-class] "FreeForm", text=""
[parser-unknown-class] "FreeForm", text=""
[parser-unknown-class] "FreeForm", text=""
[parser-unknown-class] "FreeForm", text=""
[parser-unknown-class] "FreeForm", text=""
[parser-unknown-class] "FreeForm", text=""
[parser-unknown-class] "FreeForm", text=""
[parser-unknown-class] "FreeForm", text=""
[parser-unknown-class] "FreeForm", text=""
[parser-unknown-class] "FreeForm", text=""
[parser-unknown-class] "FreeForm", text=""
[parser-unknown-class] "FreeForm", text=""
[parser-unknown-class] "FreeForm", text=""
[parser-unknown-class] "FreeForm", text=""
[parser-unknown-class] "FreeForm", text="5b.  Please provide any other relevant details:"
[parser-unknown-class] "FreeForm", text=""
[parser-unknown-class] "FreeForm", text="Other relevant details relating to your parents’ and grandparents’ foreign citizenships"
[parser-unknown-class] "FreeForm", text=""
[parser-unknown-class] "FreeForm", text=""
[parser-unknown-class] "FreeForm", text="[Please provide particulars of, or documents related to, any details provided in response to ques..."
[parser-unknown-class] "FreeForm", text=""
[parser-unknown-class] "FreeForm", text="6.  Have you provided details in question 5a in relation to each parent and grandparent that you ..."
[parser-unknown-class] "FreeForm", text=""
[parser-unknown-class] "FreeForm", text="YES  NO  N/A"
[parser-unknown-class] "FreeForm", text=""
[parser-unknown-class] "FreeForm", text="6a.  If ‘no’, please explain why you have not provided those details:"
[parser-unknown-class] "FreeForm", text=""
[parser-unknown-class] "FreeForm", text="Explanation of why you have not provided details relating to each parent and grandparent that you..."
[parser-unknown-class] "FreeForm", text=""
[parser-unknown-class] "FreeForm", text=""
[parser-unknown-class] "FreeForm", text="7.  Do you know which citizenships have been held by each of your current and former spouses and ..."
[parser-unknown-class] "FreeForm", text=""
[parser-unknown-class] "FreeForm", text="YES  NO  N/A"
[parser-unknown-class] "FreeForm", text=""
[parser-unknown-class] "FreeForm", text="7a.  Please provide any relevant details (for example, why you do not know the particular citizen..."
[parser-unknown-class] "FreeForm", text=""
[parser-unknown-class] "FreeForm", text="Other relevant details relating to your knowledge of the citizenships of your current and former ..."
[parser-unknown-class] "FreeForm", text=""
[parser-unknown-class] "FreeForm", text=""
[parser-unknown-class] "FreeForm", text="[Please provide particulars of, or documents related to, any details provided in response to ques..."
[parser-unknown-class] "FreeForm", text=""
[parser-unknown-class] "FreeForm", text="8.  Do you have a current or former spouse or similar partner who you know is or was a citizen of..."
[parser-unknown-class] "FreeForm", text=""
[parser-unknown-class] "FreeForm", text="YES  NO  N/A"
[parser-unknown-class] "FreeForm", text=""
[parser-unknown-class] "FreeForm", text="8a.  If ‘yes’, please provide the following details, to the extent known:"
[parser-unknown-class] "FreeForm", text=""
[parser-unknown-class] "FreeForm", text="Relationship to you (eg wife or former de facto partner)"
[parser-unknown-class] "FreeForm", text="Country of foreign citizenship"
[parser-unknown-class] "FreeForm", text="Was foreign citizenship held at the time of marriage (if applicable)?"
[parser-unknown-class] "FreeForm", text=""
[parser-unknown-class] "FreeForm", text=""
[parser-unknown-class] "FreeForm", text=""
[parser-unknown-class] "FreeForm", text=""
[parser-unknown-class] "FreeForm", text=""
[parser-unknown-class] "FreeForm", text=""
[parser-unknown-class] "FreeForm", text=""
[parser-unknown-class] "FreeForm", text="8b.  Please provide any other relevant details (for example, whether you acquired foreign citizen..."
[parser-unknown-class] "FreeForm", text=""
[parser-unknown-class] "FreeForm", text="Other relevant details relating to your current or former spouse’s or similar partner’s foreign c..."
[parser-unknown-class] "FreeForm", text=""
[parser-unknown-class] "FreeForm", text=""
[parser-unknown-class] "FreeForm", text="[Please provide particulars of, or documents related to, any details provided in response to ques..."
[parser-unknown-class] "FreeForm", text=""
[parser-unknown-class] "FreeForm", text="9.  Have you provided details in question 8a in relation to each current or former spouse or simi..."
[parser-unknown-class] "FreeForm", text=""
[parser-unknown-class] "FreeForm", text="YES  NO  N/A"
[parser-unknown-class] "FreeForm", text=""
[parser-unknown-class] "FreeForm", text="9a.  If ‘no’, please explain why you have not provided those details:"
[parser-unknown-class] "FreeForm", text=""
[parser-unknown-class] "FreeForm", text="Explanation of why you have not provided details relating to each current or former spouse or sim..."
[parser-unknown-class] "FreeForm", text=""
[parser-unknown-class] "FreeForm", text=""
[parser-unknown-class] "FreeForm", text="10.  Have you ever been a subject or citizen of any country other than Australia?"
[parser-unknown-class] "FreeForm", text=""
[parser-unknown-class] "FreeForm", text=""
[parser-unknown-class] "FreeForm", text="10a.  If ‘yes’, please provide the following details, to the extent known:"
[parser-unknown-class] "FreeForm", text=""
[parser-unknown-class] "FreeForm", text="Country of foreign citizenship"
[parser-unknown-class] "FreeForm", text="Manner in which foreign citizenship was lost (if applicable)"
[parser-unknown-class] "FreeForm", text="Date of losing foreign citizenship (if applicable)"
[parser-unknown-class] "FreeForm", text=""
[parser-unknown-class] "FreeForm", text=""
[parser-unknown-class] "FreeForm", text=""
[parser-unknown-class] "FreeForm", text=""
[parser-unknown-class] "FreeForm", text="[If you contend that you have renounced or lost your foreign citizenship, you must provide at lea..."
[parser-unknown-class] "FreeForm", text=""
[parser-unknown-class] "FreeForm", text="10b.  Please provide any other relevant details (for example, how you lost your foreign citizensh..."
[parser-unknown-class] "FreeForm", text=""
[parser-unknown-class] "FreeForm", text="Other relevant details relating to the loss of your foreign citizenship"
[parser-unknown-class] "FreeForm", text=""
[parser-unknown-class] "FreeForm", text=""
[parser-unknown-class] "FreeForm", text="[In addition to the requirement to provide at least one document mentioned under question 10a, pl..."
[parser-unknown-class] "FreeForm", text=""
[parser-unknown-class] "FreeForm", text="11.  Are you now a subject or citizen of any country other than Australia?"
[parser-unknown-class] "FreeForm", text=""
[parser-unknown-class] "FreeForm", text=""
[parser-unknown-class] "FreeForm", text="11a.  If ‘yes’, please provide the following details, to the extent known:"
[parser-unknown-class] "FreeForm", text=""
[parser-unknown-class] "FreeForm", text="Country of foreign citizenship"
[parser-unknown-class] "FreeForm", text="Date of acquiring foreign citizenship"
[parser-unknown-class] "FreeForm", text=""
[parser-unknown-class] "FreeForm", text=""
[parser-unknown-class] "FreeForm", text=""
[parser-unknown-class] "FreeForm", text=""
[parser-unknown-class] "FreeForm", text=""
[parser-unknown-class] "FreeForm", text="11b.  Please provide any other relevant details (for example, why you are prevented from renounci..."
[parser-unknown-class] "FreeForm", text=""
[parser-unknown-class] "FreeForm", text="Other relevant details relating to possible disqualification by reason of section 44(i) of the Au..."
[parser-unknown-class] "FreeForm", text=""
[parser-unknown-class] "FreeForm", text=""
[parser-unknown-class] "FreeForm", text="[Please provide particulars of, and documents related to, any details provided in your response t..."
[parser-unknown-class] "FreeForm", text=""
[parser-unknown-class] "FreeForm", text="12.  Are you under sentence or subject to be sentenced, for an offence for which you have been co..."
[parser-unknown-class] "FreeForm", text=""
[parser-unknown-class] "FreeForm", text="NOTE:  A person convicted of an offence with a maximum penalty of imprisonment for one year or lo..."
[parser-unknown-class] "FreeForm", text=""
[parser-unknown-class] "FreeForm", text="YES  NO"
[parser-unknown-class] "FreeForm", text=""
[parser-unknown-class] "FreeForm", text="12a.  If ‘yes’, please provide any relevant details:"
[parser-unknown-class] "FreeForm", text=""
[parser-unknown-class] "FreeForm", text="Relevant details relating to possible disqualification by reason of section 44(ii) of the Austral..."
[parser-unknown-class] "FreeForm", text=""
[parser-unknown-class] "FreeForm", text=""
[parser-unknown-class] "FreeForm", text="[Please provide particulars of, and documents related to, any details provided in your response t..."
[parser-unknown-class] "FreeForm", text=""
[parser-unknown-class] "FreeForm", text="13.  Are you an undischarged bankrupt or insolvent?"
[parser-unknown-class] "FreeForm", text=""
[parser-unknown-class] "FreeForm", text="YES  NO"
[parser-unknown-class] "FreeForm", text=""
[parser-unknown-class] "FreeForm", text="13a.  If ‘yes’, please provide any relevant details:"
[parser-unknown-class] "FreeForm", text=""
[parser-unknown-class] "FreeForm", text="Relevant details relating to possible disqualification by reason of section 44(iii) of the Austra..."
[parser-unknown-class] "FreeForm", text=""
[parser-unknown-class] "FreeForm", text=""
[parser-unknown-class] "FreeForm", text="[Please provide particulars of, and documents related to, any details provided in your response t..."
[parser-unknown-class] "FreeForm", text=""
[parser-unknown-class] "FreeForm", text="14.  Do you hold an office of profit under the Crown, other than an office expressly exempt from ..."
[parser-unknown-class] "FreeForm", text=""
[parser-unknown-class] "FreeForm", text=""
[parser-unknown-class] "FreeForm", text="14a.  Please provide any relevant details, to the extent known (for example, the relevant body in..."
[parser-unknown-class] "FreeForm", text=""
[parser-unknown-class] "FreeForm", text="Relevant details relating to possible disqualification by reason of section 44(iv) of the Austral..."
[parser-unknown-class] "FreeForm", text=""
[parser-unknown-class] "FreeForm", text=""
[parser-unknown-class] "FreeForm", text="[Please provide particulars of, and documents related to, any details provided in your response t..."
[parser-unknown-class] "FreeForm", text=""
[parser-unknown-class] "FreeForm", text="15.  Do you have a direct or indirect financial interest in any contract or other agreement with ..."
[parser-unknown-class] "FreeForm", text=""
[parser-unknown-class] "FreeForm", text="NOTE:  Section 44(v) may disqualify you even if you are not a party to the relevant contract or a..."
[parser-unknown-class] "FreeForm", text=""
[parser-unknown-class] "FreeForm", text=""
[parser-unknown-class] "FreeForm", text="15a.  Please provide any relevant details, to the extent known (for example, your direct or indir..."
[parser-unknown-class] "FreeForm", text=""
[parser-unknown-class] "FreeForm", text="Relevant details relating to possible disqualification by reason of section 44(v) of the Australi..."
[parser-unknown-class] "FreeForm", text=""
[parser-unknown-class] "FreeForm", text=""
[parser-unknown-class] "FreeForm", text="[Please provide particulars of, and documents related to, any details provided in your response t..."
[parser-unknown-class] "FreeForm", text=""
[parser-unknown-class] "FreeForm", text="16.  Please provide any additional details relating to your qualification under the Australian Co..."
[parser-unknown-class] "FreeForm", text=""
[parser-unknown-class] "FreeForm", text=""
[parser-unknown-class] "FreeForm", text=""
[parser-unknown-class] "FreeForm", text="[Please provide particulars of, and documents related to, any details provided in your response t..."
[parser-unknown-class] "FreeForm", text=""
[parser-unknown-class] "FreeForm", text="I confirm the information in the checklist provided above, and any additional information provide..."
[parser-unknown-class] "FreeForm", text=""
[parser-unknown-class] "FreeForm", text=""
[parser-unknown-class] "FreeForm", text=""
[parser-unknown-class] "FreeForm", text=""
[parser-unknown-class] "FreeForm", text=""
[parser-unknown-class] "FreeForm", text="[Signature of candidate]    [Date]"
[parser-diag] processed 13956 <p> elements
[parser-diag] last section was added at element index: 8575
[parser-diag] state phase at end: ENDNOTES
[parser-diag] hierarchy stack depth at end: 1
[parse] sections: 638
[parse] compilation: date=2026-03-31 no=80
[parser-diag] insideSchedule at end: true
[parse] by level:
         part         25
         section      559
         division     29
         subdivision  22
         schedule     3
[db] inserted new legislation row: b919f6c0-69f0-4ce8-8c7c-5ffbacdeb6ca
[db] inserting 638 sections (pass 1)
[db] inserted 638 sections
[db] linking parent FKs (pass 2)
[db] linked 610 parent references

[done] ingested Commonwealth Electoral Act 1918
       legislation_id: b919f6c0-69f0-4ce8-8c7c-5ffbacdeb6ca
       sections: 638
       compilation: 2026-03-31
