[fetch] document_1: https://www.legislation.gov.au/C1914A00012/2026-02-18/2026-02-18/text/original/epub/OEBPS/document_1/document_1.html
[fetch] document_1: 1,467,966 bytes
[fetch] document_2: https://www.legislation.gov.au/C1914A00012/2026-02-18/2026-02-18/text/original/epub/OEBPS/document_2/document_2.html
[fetch] document_2: 1,612,945 bytes
[fetch] document_3: https://www.legislation.gov.au/C1914A00012/2026-02-18/2026-02-18/text/original/epub/OEBPS/document_3/document_3.html
[fetch] document_3: 2,352,182 bytes
[fetch] document_4: https://www.legislation.gov.au/C1914A00012/2026-02-18/2026-02-18/text/original/epub/OEBPS/document_4/document_4.html
[fetch] document_4 not found — stopping. Fetched 3 document(s).
[fetch] combined 3 document(s), 5,433,093 source bytes → 5,422,057 combined bytes
[citation] Crimes Act 1914 (Cth)
[parse] starting
[parser-diag] total <p> elements found: 19055
[parser-unknown-class] "BoxHeadBold", text="Simplified outline of operation of Part"
[parser-diag] processed 19055 <p> elements
[parser-diag] last section was added at element index: 13525
[parser-diag] state phase at end: ENDNOTES
[parser-diag] hierarchy stack depth at end: 1
[parser-diag] insideSchedule at end: true
[parse] sections: 1055
[parse] compilation: date=2026-02-18 no=165
[parse] by level:
         part         24
         section      851
         division     115
         subdivision  64
         schedule     1
[db] inserted new legislation row: 3e01ceec-c367-466d-8588-925fbd9bd1bf
[db] inserting 1055 sections (pass 1)
[db] inserted 1055 sections
[db] linking parent FKs (pass 2)
[db] linked 1030 parent references

[done] ingested Crimes Act 1914
       legislation_id: 3e01ceec-c367-466d-8588-925fbd9bd1bf
       sections: 1055
       compilation: 2026-02-18
