[fetch] document_1: https://www.legislation.gov.au/C1915A00019/2023-08-22/2023-08-22/text/original/epub/OEBPS/document_1/document_1.html
[fetch] document_1: 84,129 bytes
[fetch] document_2: https://www.legislation.gov.au/C1915A00019/2023-08-22/2023-08-22/text/original/epub/OEBPS/document_2/document_2.html
[fetch] document_2 not found — stopping. Fetched 1 document(s).
[fetch] combined 1 document(s), 84,129 source bytes → 82,186 combined bytes
[citation] Jervis Bay Territory Acceptance Act 1915 (Cth)
[parse] starting
[parser-diag] total <p> elements found: 328
[parser-diag] processed 328 <p> elements
[parser-diag] last section was added at element index: 145
[parser-diag] state phase at end: ENDNOTES
[parser-diag] hierarchy stack depth at end: 1
[parser-diag] insideSchedule at end: true
[parse] sections: 19
[parse] compilation: date=2023-08-22 no=4
[parse] warnings: 1
  - ActHead1 with unexpected leading word: "The Schedule—Surrender to the Commonwealth Of Australia by the State of New S...". Captured as 'schedule' as fallback.
[parse] by level:
         section      18
         schedule     1
[db] inserted new legislation row: 52f41f68-dd8a-4b3e-8adb-68f170cdcb44
[db] inserting 19 sections (pass 1)
[db] inserted 19 sections
[db] linking parent FKs (pass 2)
[db] linked 0 parent references

[done] ingested Jervis Bay Territory Acceptance Act 1915
       legislation_id: 52f41f68-dd8a-4b3e-8adb-68f170cdcb44
       sections: 19
       compilation: 2023-08-22
