[fetch] document_1: https://www.legislation.gov.au/C1929A00004/1929-03-18/1929-03-18/text/original/epub/OEBPS/document_1/document_1.html
[fetch] document_1: 113,023 bytes
[fetch] document_2: https://www.legislation.gov.au/C1929A00004/1929-03-18/1929-03-18/text/original/epub/OEBPS/document_2/document_2.html
[fetch] document_2 not found — stopping. Fetched 1 document(s).
[fetch] combined 1 document(s), 113,023 source bytes → 111,487 combined bytes
[citation] Financial Agreement Validation Act 1929 (Cth)
[parse] starting
[parser-diag] total <p> elements found: 352
[parser-diag] processed 352 <p> elements
[parser-diag] last section was added at element index: -1
[parser-diag] state phase at end: PRE_BODY
[parser-diag] hierarchy stack depth at end: 0
[parser-diag] insideSchedule at end: false
[parse] sections: 0
[parse] compilation: date=(none) no=(none)
[parse] by level:
[db] inserted new legislation row: 9e084104-aaa5-424c-8b38-15c99bfefe35
[db] inserting 0 sections (pass 1)
[db] inserted 0 sections
[db] linking parent FKs (pass 2)
[db] linked 0 parent references

[done] ingested Financial Agreement Validation Act 1929
       legislation_id: 9e084104-aaa5-424c-8b38-15c99bfefe35
       sections: 0
       compilation: 1929-03-18
