[fetch] document_1: https://www.legislation.gov.au/C1922A00028/1922-10-18/1922-10-18/text/original/epub/OEBPS/document_1/document_1.html
[fetch] document_1: 27,434 bytes
[fetch] document_2: https://www.legislation.gov.au/C1922A00028/1922-10-18/1922-10-18/text/original/epub/OEBPS/document_2/document_2.html
[fetch] document_2 not found — stopping. Fetched 1 document(s).
[fetch] combined 1 document(s), 27,434 source bytes → 25,774 combined bytes
[citation] Seat of Government Acceptance Act 1922 (Cth)
[parse] starting
[parser-diag] total <p> elements found: 75
[parser-diag] processed 75 <p> elements
[parser-diag] last section was added at element index: -1
[parser-diag] state phase at end: PRE_BODY
[parser-diag] hierarchy stack depth at end: 0
[parser-diag] insideSchedule at end: false
[parse] sections: 0
[parse] compilation: date=(none) no=(none)
[parse] by level:
[db] inserted new legislation row: 92fc3607-c450-4460-9a44-7937c09bf708
[db] inserting 0 sections (pass 1)
[db] inserted 0 sections
[db] linking parent FKs (pass 2)
[db] linked 0 parent references

[done] ingested Seat of Government Acceptance Act 1922
       legislation_id: 92fc3607-c450-4460-9a44-7937c09bf708
       sections: 0
       compilation: 1922-10-18
