[fetch] document_1: https://www.legislation.gov.au/C1933A00074/2023-10-18/2023-10-18/text/original/epub/OEBPS/document_1/document_1.html
[fetch] document_1: 66,714 bytes
[fetch] document_2: https://www.legislation.gov.au/C1933A00074/2023-10-18/2023-10-18/text/original/epub/OEBPS/document_2/document_2.html
[fetch] document_2 not found — stopping. Fetched 1 document(s).
[fetch] combined 1 document(s), 66,714 source bytes → 64,819 combined bytes
[citation] Trade Representatives Act 1933 (Cth)
[parse] starting
[parser-diag] total <p> elements found: 290
[parser-diag] processed 290 <p> elements
[parser-diag] last section was added at element index: 100
[parser-diag] state phase at end: ENDNOTES
[parser-diag] hierarchy stack depth at end: 1
[parser-diag] insideSchedule at end: false
[parse] sections: 13
[parse] compilation: date=2023-10-18 no=6
[parse] by level:
         section      13
[db] inserted new legislation row: 89c4a564-d6a8-4c6a-8243-6183c68b1efb
[db] inserting 13 sections (pass 1)
[db] inserted 13 sections
[db] linking parent FKs (pass 2)
[db] linked 0 parent references

[done] ingested Trade Representatives Act 1933
       legislation_id: 89c4a564-d6a8-4c6a-8243-6183c68b1efb
       sections: 13
       compilation: 2023-10-18
