[fetch] document_1: https://www.legislation.gov.au/C1933A00034/1989-05-11/1989-05-11/text/original/epub/OEBPS/document_1/document_1.html
[fetch] document_1: 233,726 bytes
[fetch] document_2: https://www.legislation.gov.au/C1933A00034/1989-05-11/1989-05-11/text/original/epub/OEBPS/document_2/document_2.html
[fetch] document_2 not found — stopping. Fetched 1 document(s).
[fetch] combined 1 document(s), 233,726 source bytes → 231,514 combined bytes
[citation] Australian Capital Territory Supreme Court Act 1933 (Cth)
[parse] starting
[parser-diag] total <p> elements found: 914
[parser-diag] processed 914 <p> elements
[parser-diag] last section was added at element index: 469
[parser-diag] state phase at end: ENDNOTES
[parser-diag] hierarchy stack depth at end: 2
[parser-diag] insideSchedule at end: false
[parse] sections: 81
[parse] compilation: date=2009-11-24 no=(none)
[parse] by level:
         part         6
         section      75
[db] inserted new legislation row: b4b73403-06a8-4ed3-840c-61f284e8a41d
[db] inserting 81 sections (pass 1)
[db] inserted 81 sections
[db] linking parent FKs (pass 2)
[db] linked 75 parent references

[done] ingested Australian Capital Territory Supreme Court Act 1933
       legislation_id: b4b73403-06a8-4ed3-840c-61f284e8a41d
       sections: 81
       compilation: 2009-11-24
