[fetch] document_1: https://www.legislation.gov.au/C1936A00027/2026-04-01/2026-04-01/text/original/epub/OEBPS/document_1/document_1.html
[fetch] document_1: 1,097,205 bytes
[fetch] document_2: https://www.legislation.gov.au/C1936A00027/2026-04-01/2026-04-01/text/original/epub/OEBPS/document_2/document_2.html
[fetch] document_2: 1,824,298 bytes
[fetch] document_3: https://www.legislation.gov.au/C1936A00027/2026-04-01/2026-04-01/text/original/epub/OEBPS/document_3/document_3.html
[fetch] document_3: 1,458,201 bytes
[fetch] document_4: https://www.legislation.gov.au/C1936A00027/2026-04-01/2026-04-01/text/original/epub/OEBPS/document_4/document_4.html
[fetch] document_4: 1,033,623 bytes
[fetch] document_5: https://www.legislation.gov.au/C1936A00027/2026-04-01/2026-04-01/text/original/epub/OEBPS/document_5/document_5.html
[fetch] document_5: 1,014,136 bytes
[fetch] document_6: https://www.legislation.gov.au/C1936A00027/2026-04-01/2026-04-01/text/original/epub/OEBPS/document_6/document_6.html
[fetch] document_6: 4,626,963 bytes
[fetch] document_7: https://www.legislation.gov.au/C1936A00027/2026-04-01/2026-04-01/text/original/epub/OEBPS/document_7/document_7.html
[fetch] document_7: 642,216 bytes
[fetch] document_8: https://www.legislation.gov.au/C1936A00027/2026-04-01/2026-04-01/text/original/epub/OEBPS/document_8/document_8.html
[fetch] document_8 not found — stopping. Fetched 7 document(s).
[fetch] combined 7 document(s), 11,696,642 source bytes → 11,650,654 combined bytes
[citation] Income (Cth)
[parse] starting
[parser-diag] total <p> elements found: 43746
[parser-unknown-class] "BoxStep", text="Step 1. Work out each capital gain (except a capital gain that is disregarded) that the company m..."
[parser-unknown-class] "BoxStep", text="Step 2. Total the capital gain or gains worked out under Step 1. The result is the net capital ga..."
[parser-unknown-class] "BoxStep", text="Step 1. Work out the sum of the amounts that the partner has contributed (the partner’s contribut..."
[parser-unknown-class] "BoxStep", text="Step 2. Subtract the sum of all the amounts (if any) of the partner’s contribution that are repai..."
[parser-unknown-class] "BoxStep", text="Step 3. Subtract the sum of all deductions allowed to the partner for losses of the partnership i..."
[parser-unknown-class] "BoxStep", text="Step 4. Subtract the sum of the amounts of all the debt interests issued by the partner to the ex..."
[parser-unknown-class] "BoxStep", text="Step 1. Subtract the amount allowable under subsection 92(2) as a deduction to the partner for pa..."
[parser-unknown-class] "BoxStep", text="Step 2. If the amount worked out under step 1 is greater than or equal to the outstanding subsect..."
[parser-unknown-class] "BoxStep", text="Step 3. If the amount worked out under step 1 is less than the outstanding subsection 92(2AA) amo..."
[parser-unknown-class] "TofSectsHeading", text="Table of Subdivisions"
[parser-unknown-class] "TofSectsGroupHeading", text="Guide to Division 57"
[parser-unknown-class] "TofSectsSubdiv", text="57‑A Key concepts"
[parser-unknown-class] "TofSectsSubdiv", text="57‑B Predecessors of the transition taxpayer"
[parser-unknown-class] "TofSectsSubdiv", text="57‑C Time when income derived"
[parser-unknown-class] "TofSectsSubdiv", text="57‑D Time when losses and outgoings incurred"
[parser-unknown-class] "TofSectsSubdiv", text="57‑E Assets and liabilities"
[parser-unknown-class] "TofSectsSubdiv", text="57‑F Superannuation deductions"
[parser-unknown-class] "TofSectsSubdiv", text="57‑G Denial of certain deductions"
[parser-unknown-class] "TofSectsSubdiv", text="57‑H Domestic losses"
[parser-unknown-class] "TofSectsSubdiv", text="57‑J Capital allowances and certain other deductions"
[parser-unknown-class] "TofSectsSubdiv", text="57‑K Balancing adjustments"
[parser-unknown-class] "TofSectsSubdiv", text="57‑L Trading stock"
[parser-unknown-class] "TofSectsSubdiv", text="57‑M Imputation"
[parser-unknown-class] "TofSectsSubdiv", text="57‑N Division not applicable in respect of certain plant"
[parser-unknown-class] "BoxStep", text="Step 1. For each person who was an employee of the transition taxpayer at any time before the tra..."
[parser-unknown-class] "BoxStep", text="Step 2. Reduce the sum from Step 1 by the sum of amounts that the transition taxpayer actually co..."
[parser-unknown-class] "BoxStep", text="in respect of any period of employment of the employee with the transition taxpayer before the tr..."
[parser-unknown-class] "BoxStep", text="Step 3. If the result after applying Step 2 for a particular employee is less than nil, it is nil..."
[parser-unknown-class] "BoxStep", text="Step 4. Add up the results for all of the employees. This final sum is the transition taxpayer’s ..."
[parser-unknown-class] "TofSectsHeading", text="Table of Subdivisions"
[parser-unknown-class] "TofSectsGroupHeading", text="Guide to Division 326"
[parser-unknown-class] "TofSectsSubdiv", text="326‑A Application, key concepts and related expressions"
[parser-unknown-class] "TofSectsSubdiv", text="326‑B How demutualisation is to be effected"
[parser-unknown-class] "TofSectsSubdiv", text="326‑C CGT consequences of extinguishment of membership rights in mutual entity"
[parser-unknown-class] "TofSectsSubdiv", text="326‑D CGT consequences of disposal of demutualisation shares or an interest in such shares by a m..."
[parser-unknown-class] "TofSectsSubdiv", text="326‑E CGT consequences of disposal of demutualisation shares or interests in such shares by a mem..."
[parser-unknown-class] "TofSectsSubdiv", text="326‑F Variation of amount taken to be paid for shares or an interest in shares by a member of a m..."
[parser-unknown-class] "TofSectsSubdiv", text="326‑G CGT consequences of disposal of rights or interests resulting from extinguishment of member..."
[parser-unknown-class] "TofSectsSubdiv", text="326‑H CGT consequences of transfer of ordinary shares"
[parser-unknown-class] "TofSectsSubdiv", text="326‑I CGT consequences of disposal of demutualisation shares or an interest in such shares by a t..."
[parser-unknown-class] "TofSectsSubdiv", text="326‑J CGT consequences of change in rights attaching to special shares or replacement of special ..."
[parser-unknown-class] "TofSectsSubdiv", text="326‑K CGT consequences of disposal of shares or an interest in shares acquired under a roll‑over ..."
[parser-unknown-class] "TofSectsSubdiv", text="326‑L CGT consequences of payment to member of demutualised entity out of accumulated surplus of ..."
[parser-unknown-class] "TofSectsSubdiv", text="326‑M Indexation"
[parser-unknown-class] "TofSectsSubdiv", text="326‑N Non‑CGT consequences of issue of demutualisation shares"
[parser-unknown-class] "TofSectsHeading", text="Table of sections"
[parser-unknown-class] "TofSectsSection", text="326‑5 Application"
[parser-unknown-class] "TofSectsSection", text="326‑10 Mutual entity and demutualisation"
[parser-unknown-class] "TofSectsSection", text="326‑15 Provisions relating to listing on a stock exchange"
[parser-unknown-class] "TofSectsSection", text="326‑20 Demutualisation resolutions etc."
[parser-unknown-class] "TofSectsSection", text="326‑25 Demutualisation shares"
[parser-unknown-class] "TofSectsSection", text="326‑30 Existing members and new members"
[parser-unknown-class] "TofSectsSection", text="326‑35 Pre‑CGT members and post‑CGT members"
[parser-unknown-class] "TofSectsHeading", text="Table of sections"
[parser-unknown-class] "TofSectsSection", text="326‑40 Methods of demutualisation"
[parser-unknown-class] "TofSectsSection", text="326‑45 Direct method"
[parser-unknown-class] "TofSectsSection", text="326‑50 Holding company method"
[parser-unknown-class] "TofSectsSection", text="326‑52 Combined direct and holding company method"
[parser-unknown-class] "TofSectsSection", text="326‑55 Distributing trust method"
[parser-unknown-class] "TofSectsSection", text="326‑60 Continuity of beneficial interest test"
[parser-unknown-class] "TofSectsHeading", text="Table of sections"
[parser-unknown-class] "TofSectsSection", text="326‑65 Extinguishment of membership rights"
[parser-unknown-class] "TofSectsHeading", text="Table of sections"
[parser-unknown-class] "TofSectsSection", text="326‑70 Application of Subdivision"
[parser-unknown-class] "TofSectsSection", text="326‑75 Capital losses made from certain disposals to be disregarded"
[parser-unknown-class] "TofSectsSection", text="326‑80 Disposal by pre‑CGT member of a demutualisation share (other than a demutualisation origin..."
[parser-unknown-class] "TofSectsSection", text="326‑85 Disposal by pre‑CGT member of a demutualisation share (other than a demutualisation origin..."
[parser-unknown-class] "TofSectsSection", text="326‑90 Disposal by pre‑CGT member of a demutualisation share (other than a demutualisation origin..."
[parser-unknown-class] "TofSectsSection", text="326‑95 Disposal by post‑CGT member of a demutualisation share (other than a demutualisation origi..."
[parser-unknown-class] "TofSectsSection", text="326‑100 Disposal by pre‑CGT member of a demutualisation original share or a non‑demutualisation b..."
[parser-unknown-class] "TofSectsSection", text="326‑105 Disposal by pre‑CGT member of a demutualisation original share or a non‑demutualisation b..."
[parser-unknown-class] "TofSectsSection", text="326‑110 Disposal by pre‑CGT member of a demutualisation original share or a non‑demutualisation b..."
[parser-unknown-class] "TofSectsSection", text="326‑115 Disposal by post‑CGT member of a demutualisation original share or a non‑demutualisation ..."
[parser-unknown-class] "TofSectsSection", text="326‑120 Adjusted market value"
[parser-unknown-class] "TofSectsSection", text="326‑125 Undeducted membership costs"
[parser-unknown-class] "TofSectsSection", text="326‑130 Adjusted first day trading price of demutualisation shares"
[parser-unknown-class] "TofSectsHeading", text="Table of sections"
[parser-unknown-class] "TofSectsSection", text="326‑135 Application of Subdivision"
[parser-unknown-class] "TofSectsSection", text="326‑140 Disposal by pre‑CGT member of a demutualisation share (other than a demutualisation origi..."
[parser-unknown-class] "TofSectsSection", text="326‑145 Disposal by pre‑CGT member of a demutualisation share (other than a demutualisation origi..."
[parser-unknown-class] "TofSectsSection", text="326‑150 Disposal by post‑CGT member of a demutualisation share (other than a demutualisation orig..."
[parser-unknown-class] "TofSectsSection", text="326‑155 Disposal by pre‑CGT member of a demutualisation original share or a non‑demutualisation b..."
[parser-unknown-class] "TofSectsSection", text="326‑160 Disposal by pre‑CGT member of a demutualisation original share or a non‑demutualisation b..."
[parser-unknown-class] "TofSectsSection", text="326‑165 Disposal by post‑CGT member of a demutualisation original share or a non‑demutualisation ..."
[parser-unknown-class] "TofSectsSection", text="326‑170 Various adjusted market values"
[parser-unknown-class] "TofSectsSection", text="326‑175 Undeducted membership costs"
[parser-unknown-class] "TofSectsHeading", text="Table of sections"
[parser-unknown-class] "TofSectsSection", text="326‑180 Amount taken to be paid for acquisition of shares or interest by member to be increased b..."
[parser-unknown-class] "TofSectsHeading", text="Table of sections"
[parser-unknown-class] "TofSectsSection", text="326‑185 Disposal of right to receive shares in demutualised entity"
[parser-unknown-class] "TofSectsSection", text="326‑190 Extinguishment of right to shares in demutualised entity by the issue of the shares"
[parser-unknown-class] "TofSectsSection", text="326‑195 Disposal of right to receive shares in holding company"
[parser-unknown-class] "TofSectsSection", text="326‑200 Disposal of interest in trust that holds shares in demutualised entity"
[parser-unknown-class] "TofSectsHeading", text="Table of sections"
[parser-unknown-class] "TofSectsSection", text="326‑205 Transfer of share or distribution of proceeds of sale of share not to have any CGT conseq..."
[parser-unknown-class] "TofSectsHeading", text="Table of sections"
[parser-unknown-class] "TofSectsSection", text="326‑210 Disposal by a trustee"
[parser-unknown-class] "TofSectsHeading", text="Table of sections"
[parser-unknown-class] "TofSectsSection", text="326‑215 Change of rights to, and replacement of, special shares"
[parser-unknown-class] "TofSectsHeading", text="Table of sections"
[parser-unknown-class] "TofSectsSection", text="326‑220 Disposal of shares or interest in shares"
[parser-unknown-class] "TofSectsHeading", text="Table of sections"
[parser-unknown-class] "TofSectsSection", text="326‑225 Payment out of assets of demutualised entity that is not included in assessable income is..."
[parser-unknown-class] "TofSectsHeading", text="Table of sections"
[parser-unknown-class] "TofSectsSection", text="326‑230 Indexing of amounts"
[parser-unknown-class] "TofSectsSection", text="326‑235 Indexation factor"
[parser-unknown-class] "TofSectsSection", text="326‑240 Index number"
[parser-unknown-class] "TofSectsHeading", text="Table of sections"
[parser-unknown-class] "TofSectsSection", text="326‑245 General taxation consequences of issue of demutualisation shares"
[parser-diag] processed 43746 <p> elements
[parser-diag] last section was added at element index: 19411
[parser-diag] state phase at end: ENDNOTES
[parser-diag] hierarchy stack depth at end: 1
[parser-diag] insideSchedule at end: true
[parse] sections: 1207
[parse] compilation: date=2026-04-01 no=191
[parse] by level:
         part         12
         section      764
         division     66
         subdivision  130
         schedule     4
         schedule_part 2
         schedule_clause 229
[db] inserted new legislation row: f83f167d-55ce-494e-b278-a63beb46acf6
[db] inserting 1207 sections (pass 1)
[db] inserted 1207 sections
[db] linking parent FKs (pass 2)
[db] linked 896 parent references

[done] ingested Income
       legislation_id: f83f167d-55ce-494e-b278-a63beb46acf6
       sections: 1207
       compilation: 2026-04-01
