[fetch] document_1: https://www.legislation.gov.au/C1945A00048/2018-05-23/2018-05-23/text/original/epub/OEBPS/document_1/document_1.html
[fetch] document_1: 108,803 bytes
[fetch] document_2: https://www.legislation.gov.au/C1945A00048/2018-05-23/2018-05-23/text/original/epub/OEBPS/document_2/document_2.html
[fetch] document_2 not found — stopping. Fetched 1 document(s).
[fetch] combined 1 document(s), 108,803 source bytes → 106,989 combined bytes
[citation] War Crimes Act 1945 (Cth)
[parse] starting
[parser-diag] total <p> elements found: 439
[parser-diag] processed 439 <p> elements
[parser-diag] last section was added at element index: 251
[parser-diag] state phase at end: ENDNOTES
[parser-diag] hierarchy stack depth at end: 2
[parser-diag] insideSchedule at end: false
[parse] sections: 25
[parse] compilation: date=2018-05-23 no=5
[parse] by level:
         part         3
         section      22
[db] inserted new legislation row: 7d8e4b3c-f746-4f44-8fcd-f20d6f91e081
[db] inserting 25 sections (pass 1)
[db] inserted 25 sections
[db] linking parent FKs (pass 2)
[db] linked 22 parent references

[done] ingested War Crimes Act 1945
       legislation_id: 7d8e4b3c-f746-4f44-8fcd-f20d6f91e081
       sections: 25
       compilation: 2018-05-23
