[fetch] document_1: https://www.legislation.gov.au/C1947A00024/1947-06-10/1947-06-10/text/original/epub/OEBPS/document_1/document_1.html
[fetch] document_1: 43,806 bytes
[fetch] document_2: https://www.legislation.gov.au/C1947A00024/1947-06-10/1947-06-10/text/original/epub/OEBPS/document_2/document_2.html
[fetch] document_2 not found — stopping. Fetched 1 document(s).
[fetch] combined 1 document(s), 43,806 source bytes → 42,753 combined bytes
[citation] United Nations Educational, Scientific and Cultural Organization Act 1947 (Cth)
[parse] starting
[parser-diag] total <p> elements found: 167
[parser-diag] processed 167 <p> elements
[parser-diag] last section was added at element index: -1
[parser-diag] state phase at end: PRE_BODY
[parser-diag] hierarchy stack depth at end: 0
[parser-diag] insideSchedule at end: false
[parse] sections: 0
[parse] compilation: date=(none) no=(none)
[parse] by level:
[db] inserted new legislation row: e34626e2-1049-42f7-bf81-fbe39a103b44
[db] inserting 0 sections (pass 1)
[db] inserted 0 sections
[db] linking parent FKs (pass 2)
[db] linked 0 parent references

[done] ingested United Nations Educational, Scientific and Cultural Organization Act 1947
       legislation_id: e34626e2-1049-42f7-bf81-fbe39a103b44
       sections: 0
       compilation: 1947-06-10
