[fetch] document_1: https://www.legislation.gov.au/C1949A00013/2022-09-14/2022-09-14/text/original/epub/OEBPS/document_1/document_1.html
[fetch] document_1: 224,433 bytes
[fetch] document_2: https://www.legislation.gov.au/C1949A00013/2022-09-14/2022-09-14/text/original/epub/OEBPS/document_2/document_2.html
[fetch] document_2 not found — stopping. Fetched 1 document(s).
[fetch] combined 1 document(s), 224,433 source bytes → 222,279 combined bytes
[citation] Science and Industry Research Act 1949 (Cth)
[parse] starting
[parser-diag] total <p> elements found: 976
[parser-diag] processed 976 <p> elements
[parser-diag] last section was added at element index: 349
[parser-diag] state phase at end: ENDNOTES
[parser-diag] hierarchy stack depth at end: 2
[parser-diag] insideSchedule at end: false
[parse] sections: 48
[parse] compilation: date=2022-09-14 no=15
[parse] by level:
         part         9
         section      39
[db] inserted new legislation row: 3a7540ab-de42-4b49-b27c-bff2391135ae
[db] inserting 48 sections (pass 1)
[db] inserted 48 sections
[db] linking parent FKs (pass 2)
[db] linked 39 parent references

[done] ingested Science and Industry Research Act 1949
       legislation_id: 3a7540ab-de42-4b49-b27c-bff2391135ae
       sections: 48
       compilation: 2022-09-14
