[fetch] document_1: https://www.legislation.gov.au/C1945A00031/1994-12-16/1994-12-16/text/original/epub/OEBPS/document_1/document_1.html
[fetch] document_1: 128,406 bytes
[fetch] document_2: https://www.legislation.gov.au/C1945A00031/1994-12-16/1994-12-16/text/original/epub/OEBPS/document_2/document_2.html
[fetch] document_2 not found — stopping. Fetched 1 document(s).
[fetch] combined 1 document(s), 128,406 source bytes → 127,154 combined bytes
[citation] Australian National Airlines Act 1945 (Cth)
[parse] starting
[parser-diag] total <p> elements found: 588
[parser-diag] processed 588 <p> elements
[parse] sections: 0
[parse] compilation: date=(none) no=(none)
[parse] by level:
[parser-diag] last section was added at element index: -1
[parser-diag] state phase at end: PRE_BODY
[parser-diag] hierarchy stack depth at end: 0
[parser-diag] insideSchedule at end: false
[db] inserted new legislation row: ea69d9e3-4da1-4ed1-9556-83d530cb0e29
[db] inserting 0 sections (pass 1)
[db] inserted 0 sections
[db] linking parent FKs (pass 2)
[db] linked 0 parent references

[done] ingested Australian National Airlines Act 1945
       legislation_id: ea69d9e3-4da1-4ed1-9556-83d530cb0e29
       sections: 0
       compilation: 1994-12-16
