[fetch] document_1: https://www.legislation.gov.au/C1946A00020/2018-03-14/2018-03-14/text/original/epub/OEBPS/document_1/document_1.html
[fetch] document_1: 70,137 bytes
[fetch] document_2: https://www.legislation.gov.au/C1946A00020/2018-03-14/2018-03-14/text/original/epub/OEBPS/document_2/document_2.html
[fetch] document_2 not found — stopping. Fetched 1 document(s).
[fetch] combined 1 document(s), 70,137 source bytes → 68,166 combined bytes
[citation] Parliamentary Proceedings Broadcasting Act 1946 (Cth)
[parse] starting
[parser-diag] total <p> elements found: 287
[parser-diag] processed 287 <p> elements
[parser-diag] last section was added at element index: 119
[parser-diag] state phase at end: ENDNOTES
[parser-diag] hierarchy stack depth at end: 1
[parser-diag] insideSchedule at end: false
[parse] sections: 19
[parse] compilation: date=2018-03-14 no=5
[parse] by level:
         section      19
[db] inserted new legislation row: a1949b62-80bd-4e9e-918a-707750543b47
[db] inserting 19 sections (pass 1)
[db] inserted 19 sections
[db] linking parent FKs (pass 2)
[db] linked 0 parent references

[done] ingested Parliamentary Proceedings Broadcasting Act 1946
       legislation_id: a1949b62-80bd-4e9e-918a-707750543b47
       sections: 19
       compilation: 2018-03-14
