[fetch] document_1: https://www.legislation.gov.au/C1946A00045/2024-10-14/2024-10-14/text/original/epub/OEBPS/document_1/document_1.html
[fetch] document_1: 103,653 bytes
[fetch] document_2: https://www.legislation.gov.au/C1946A00045/2024-10-14/2024-10-14/text/original/epub/OEBPS/document_2/document_2.html
[fetch] document_2 not found — stopping. Fetched 1 document(s).
[fetch] combined 1 document(s), 103,653 source bytes → 101,441 combined bytes
[citation] Immigration (Guardianship of Children) Act 1946 (Cth)
[parse] starting
[parser-diag] total <p> elements found: 410
[parser-diag] processed 410 <p> elements
[parser-diag] last section was added at element index: 171
[parser-diag] state phase at end: ENDNOTES
[parser-diag] hierarchy stack depth at end: 1
[parser-diag] insideSchedule at end: false
[parse] sections: 19
[parse] compilation: date=2024-10-14 no=14
[parse] by level:
         section      19
[db] inserted new legislation row: 6615522b-7788-4590-adce-347edc34d715
[db] inserting 19 sections (pass 1)
[db] inserted 19 sections
[db] linking parent FKs (pass 2)
[db] linked 0 parent references

[done] ingested Immigration (Guardianship of Children) Act 1946
       legislation_id: 6615522b-7788-4590-adce-347edc34d715
       sections: 19
       compilation: 2024-10-14
