[fetch] document_1: https://www.legislation.gov.au/C1954A00042/2012-09-22/2012-09-22/text/original/epub/OEBPS/document_1/document_1.html
[fetch] document_1: 77,458 bytes
[fetch] document_2: https://www.legislation.gov.au/C1954A00042/2012-09-22/2012-09-22/text/original/epub/OEBPS/document_2/document_2.html
[fetch] document_2 not found — stopping. Fetched 1 document(s).
[fetch] combined 1 document(s), 77,458 source bytes → 76,288 combined bytes
[citation] Australian Antarctic Territory Act 1954 (Cth)
[parse] starting
[parser-diag] total <p> elements found: 268
[parser-unknown-class] "ActNotesa", text="(a) The Australian Antarctic Territory Act 1954 was amended by Part VII (sections 57 and 58) only..."
[parser-unknown-class] "ActNotes1", text="(12) The remaining provisions of this Act shall come into operation on the twenty‑eighth day afte..."
[parser-unknown-class] "ActNotesa", text="(b) The Statute Law (Miscellaneous Amendments) Act (No. 1) 1982 was amended by Part LXXI (section..."
[parser-unknown-class] "ActNotes1", text="(11) Parts XLIX and LXXI shall be deemed to have come into operation on 4 June 1982."
[parser-unknown-class] "ActNotesa", text="(c) The Australian Antarctic Territory Act 1954 was amended by section 3 only of the Statute Law ..."
[parser-unknown-class] "ActNotes1", text="(1) Subject to this section, this Act shall come into operation on the twenty‑eighth day after th..."
[parser-unknown-class] "ActNotesa", text="(d) The Australian Antarctic Territory Act 1954 was amended by section 3 only of the Statute Law ..."
[parser-unknown-class] "ActNotes1", text="(1) Subject to this section, this Act shall come into operation on the day on which it receives t..."
[parser-unknown-class] "ActNotesa", text="(e) The Australian Antarctic Territory Act 1954 was amended by section 32 only of the A.C.T. Self..."
[parser-unknown-class] "ActNotes1", text="(3) The remaining provisions of this Act (including the amendments made by Schedule 5) commence o..."
[parser-unknown-class] "ActNotesa", text="(f) The Australian Antarctic Territory Act 1954 was amended by subsection 74(1) only of the Crime..."
[parser-unknown-class] "ActNotes1", text="(1) Subject to this section, this Act commences on the day on which it receives the Royal Assent."
[parser-unknown-class] "TableA0", text="Table A"
[parser-unknown-class] "TableAHead", text="Application, saving or transitional provisions"
[parser-unknown-class] "TableAHeadItal", text="Transport and Regional Services Legislation Amendment (Application of Criminal Code) Act 2001 (No..."
[parser-diag] processed 268 <p> elements
[parser-diag] last section was added at element index: 264
[parser-diag] state phase at end: BODY
[parser-diag] hierarchy stack depth at end: 1
[parser-diag] insideSchedule at end: false
[parse] sections: 17
[parse] compilation: date=(none) no=(none)
[parse] by level:
         section      17
[db] inserted new legislation row: 9e83b0f9-0ad3-4b7e-9d46-f6549bdb1f8f
[db] inserting 17 sections (pass 1)
[db] inserted 17 sections
[db] linking parent FKs (pass 2)
[db] linked 0 parent references

[done] ingested Australian Antarctic Territory Act 1954
       legislation_id: 9e83b0f9-0ad3-4b7e-9d46-f6549bdb1f8f
       sections: 17
       compilation: 2012-09-22
