[fetch] document_1: https://www.legislation.gov.au/C1952A00001/2023-11-29/2023-11-29/text/original/epub/OEBPS/document_1/document_1.html
[fetch] document_1: 103,704 bytes
[fetch] document_2: https://www.legislation.gov.au/C1952A00001/2023-11-29/2023-11-29/text/original/epub/OEBPS/document_2/document_2.html
[fetch] document_2 not found — stopping. Fetched 1 document(s).
[fetch] combined 1 document(s), 103,704 source bytes → 101,705 combined bytes
[citation] Ministers of State Act 1952 (Cth)
[parse] starting
[parser-diag] total <p> elements found: 445
[parser-diag] processed 445 <p> elements
[parser-diag] last section was added at element index: 117
[parser-diag] state phase at end: ENDNOTES
[parser-diag] hierarchy stack depth at end: 1
[parser-diag] insideSchedule at end: false
[parse] sections: 7
[parse] compilation: date=2023-11-29 no=12
[parse] by level:
         section      7
[db] inserted new legislation row: 1f72c7bd-e1b6-4e47-a5e9-52e545e2ab12
[db] inserting 7 sections (pass 1)
[db] inserted 7 sections
[db] linking parent FKs (pass 2)
[db] linked 0 parent references

[done] ingested Ministers of State Act 1952
       legislation_id: 1f72c7bd-e1b6-4e47-a5e9-52e545e2ab12
       sections: 7
       compilation: 2023-11-29
