[fetch] document_1: https://www.legislation.gov.au/C1959A00004/2025-03-01/2025-03-01/text/original/epub/OEBPS/document_1/document_1.html
[fetch] document_1: 553,200 bytes
[fetch] document_2: https://www.legislation.gov.au/C1959A00004/2025-03-01/2025-03-01/text/original/epub/OEBPS/document_2/document_2.html
[fetch] document_2 not found — stopping. Fetched 1 document(s).
[fetch] combined 1 document(s), 553,200 source bytes → 551,185 combined bytes
[citation] Reserve Bank Act 1959 (Cth)
[parse] starting
[parser-diag] total <p> elements found: 2061
[parser-diag] processed 2061 <p> elements
[parser-diag] last section was added at element index: 1049
[parse] sections: 147
[parse] compilation: date=2025-03-01 no=32
[parser-diag] state phase at end: ENDNOTES
[parser-diag] hierarchy stack depth at end: 2
[parser-diag] insideSchedule at end: false
[parse] by level:
         part         11
         section      116
         division     11
         subdivision  9
[db] inserted new legislation row: 1d2bb8cb-9848-4efe-afae-f76121b0c47c
[db] inserting 147 sections (pass 1)
[db] inserted 147 sections
[db] linking parent FKs (pass 2)
[db] linked 136 parent references

[done] ingested Reserve Bank Act 1959
       legislation_id: 1d2bb8cb-9848-4efe-afae-f76121b0c47c
       sections: 147
       compilation: 2025-03-01
