[fetch] document_1: https://www.legislation.gov.au/C1955A00006/2014-09-11/2014-09-11/text/original/epub/OEBPS/document_1/document_1.html
[fetch] document_1: 47,411 bytes
[fetch] document_2: https://www.legislation.gov.au/C1955A00006/2014-09-11/2014-09-11/text/original/epub/OEBPS/document_2/document_2.html
[fetch] document_2 not found — stopping. Fetched 1 document(s).
[fetch] combined 1 document(s), 47,411 source bytes → 45,979 combined bytes
[citation] Meteorology Act 1955 (Cth)
[parse] starting
[parser-diag] total <p> elements found: 237
[parser-diag] processed 237 <p> elements
[parser-diag] last section was added at element index: 94
[parser-diag] state phase at end: ENDNOTES
[parser-diag] hierarchy stack depth at end: 1
[parser-diag] insideSchedule at end: false
[parse] sections: 10
[parse] compilation: date=(none) no=(none)
[parse] by level:
         section      10
[db] inserted new legislation row: b189cb9f-386c-48c5-a3e3-bdca294c4bc7
[db] inserting 10 sections (pass 1)
[db] inserted 10 sections
[db] linking parent FKs (pass 2)
[db] linked 0 parent references

[done] ingested Meteorology Act 1955
       legislation_id: b189cb9f-386c-48c5-a3e3-bdca294c4bc7
       sections: 10
       compilation: 2014-09-11
