[fetch] document_1: https://www.legislation.gov.au/C1953A00095/2026-04-09/2026-04-09/text/original/epub/OEBPS/document_1/document_1.html
[fetch] document_1: 3,111,909 bytes
[fetch] document_2: https://www.legislation.gov.au/C1953A00095/2026-04-09/2026-04-09/text/original/epub/OEBPS/document_2/document_2.html
[fetch] document_2 not found — stopping. Fetched 1 document(s).
[fetch] combined 1 document(s), 3,111,909 source bytes → 3,106,757 combined bytes
[citation] National Health Act 1953 (Cth)
[parse] starting
[parser-diag] total <p> elements found: 12044
[parser-diag] processed 12044 <p> elements
[parser-diag] last section was added at element index: 5460
[parser-diag] state phase at end: ENDNOTES
[parser-diag] hierarchy stack depth at end: 2
[parser-diag] insideSchedule at end: false
[parse] sections: 369
[parse] compilation: date=2026-04-09 no=154
[parse] by level:
         part         9
         section      314
         division     20
         subdivision  26
[db] inserted new legislation row: a5643a71-f71b-4655-b702-2a8cbd688ce8
[db] inserting 369 sections (pass 1)
[db] inserted 369 sections
[db] linking parent FKs (pass 2)
[db] linked 360 parent references

[done] ingested National Health Act 1953
       legislation_id: a5643a71-f71b-4655-b702-2a8cbd688ce8
       sections: 369
       compilation: 2026-04-09
