[fetch] document_1: https://www.legislation.gov.au/C1955A00066/2026-04-09/2026-04-09/text/original/epub/OEBPS/document_1/document_1.html
[fetch] document_1: 59,013 bytes
[fetch] document_2: https://www.legislation.gov.au/C1955A00066/2026-04-09/2026-04-09/text/original/epub/OEBPS/document_2/document_2.html
[fetch] document_2 not found — stopping. Fetched 1 document(s).
[fetch] combined 1 document(s), 59,013 source bytes → 57,331 combined bytes
[citation] International Finance Corporation Act 1955 (Cth)
[parse] starting
[parser-diag] total <p> elements found: 271
[parser-diag] processed 271 <p> elements
[parser-diag] last section was added at element index: 80
[parser-diag] state phase at end: ENDNOTES
[parser-diag] hierarchy stack depth at end: 1
[parser-diag] insideSchedule at end: false
[parse] sections: 7
[parse] compilation: date=2026-04-09 no=4
[parse] by level:
         section      7
[db] inserted new legislation row: d1937424-75b5-449d-81af-64142c2816b7
[db] inserting 7 sections (pass 1)
[db] inserted 7 sections
[db] linking parent FKs (pass 2)
[db] linked 0 parent references

[done] ingested International Finance Corporation Act 1955
       legislation_id: d1937424-75b5-449d-81af-64142c2816b7
       sections: 7
       compilation: 2026-04-09
