[fetch] document_1: https://www.legislation.gov.au/C1959A00005/2023-06-24/2023-06-24/text/original/epub/OEBPS/document_1/document_1.html
[fetch] document_1: 299,575 bytes
[fetch] document_2: https://www.legislation.gov.au/C1959A00005/2023-06-24/2023-06-24/text/original/epub/OEBPS/document_2/document_2.html
[fetch] document_2 not found — stopping. Fetched 1 document(s).
[fetch] combined 1 document(s), 299,575 source bytes → 297,763 combined bytes
[citation] Commonwealth Banks Act 1959 (Cth)
[parse] starting
[parser-diag] total <p> elements found: 1285
[parser-diag] processed 1285 <p> elements
[parser-diag] last section was added at element index: 303
[parser-diag] state phase at end: ENDNOTES
[parser-diag] hierarchy stack depth at end: 2
[parser-diag] insideSchedule at end: false
[parse] sections: 32
[parse] compilation: date=2023-06-24 no=10
[parse] by level:
         part         5
         section      24
         division     3
[db] inserted new legislation row: 198520e8-3ba3-44a6-9493-1814962da88b
[db] inserting 32 sections (pass 1)
[db] inserted 32 sections
[db] linking parent FKs (pass 2)
[db] linked 27 parent references

[done] ingested Commonwealth Banks Act 1959
       legislation_id: 198520e8-3ba3-44a6-9493-1814962da88b
       sections: 32
       compilation: 2023-06-24
