[fetch] document_1: https://www.legislation.gov.au/C1959A00094/2017-03-22/2017-03-22/text/original/epub/OEBPS/document_1/document_1.html
[fetch] document_1: 42,307 bytes
[fetch] document_2: https://www.legislation.gov.au/C1959A00094/2017-03-22/2017-03-22/text/original/epub/OEBPS/document_2/document_2.html
[fetch] document_2 not found — stopping. Fetched 1 document(s).
[fetch] combined 1 document(s), 42,307 source bytes → 40,442 combined bytes
[citation] Commonwealth Motor Vehicles (Liability) Act 1959 (Cth)
[parse] starting
[parser-diag] total <p> elements found: 187
[parser-diag] processed 187 <p> elements
[parser-diag] last section was added at element index: 71
[parser-diag] state phase at end: ENDNOTES
[parser-diag] hierarchy stack depth at end: 1
[parser-diag] insideSchedule at end: false
[parse] sections: 7
[parse] compilation: date=2017-03-22 no=4
[parse] by level:
         section      7
[db] inserted new legislation row: f5f96b74-4b92-468e-98e1-0a275b9b5873
[db] inserting 7 sections (pass 1)
[db] inserted 7 sections
[db] linking parent FKs (pass 2)
[db] linked 0 parent references

[done] ingested Commonwealth Motor Vehicles (Liability) Act 1959
       legislation_id: f5f96b74-4b92-468e-98e1-0a275b9b5873
       sections: 7
       compilation: 2017-03-22
