[fetch] document_1: https://www.legislation.gov.au/C1951A00060/2017-03-22/2017-03-22/text/original/epub/OEBPS/document_1/document_1.html
[fetch] document_1: 153,964 bytes
[fetch] document_2: https://www.legislation.gov.au/C1951A00060/2017-03-22/2017-03-22/text/original/epub/OEBPS/document_2/document_2.html
[fetch] document_2 not found — stopping. Fetched 1 document(s).
[fetch] combined 1 document(s), 153,964 source bytes → 152,402 combined bytes
[citation] Public Accounts and Audit Committee Act 1951 (Cth)
[parse] starting
[parser-diag] total <p> elements found: 597
[parser-diag] processed 597 <p> elements
[parser-diag] last section was added at element index: 262
[parser-diag] state phase at end: ENDNOTES
[parser-diag] hierarchy stack depth at end: 2
[parser-diag] insideSchedule at end: true
[parse] sections: 33
[parse] compilation: date=2017-03-22 no=13
[parse] warnings: 1
  - ActHead1 with unexpected leading word: "The Schedule—Forms". Captured as 'schedule' as fallback.
[parse] by level:
         section      28
         schedule     1
         schedule_part 4
[db] inserted new legislation row: 32fda1a8-9e00-45ad-a71c-a7ae90604ef4
[db] inserting 33 sections (pass 1)
[db] inserted 33 sections
[db] linking parent FKs (pass 2)
[db] linked 4 parent references

[done] ingested Public Accounts and Audit Committee Act 1951
       legislation_id: 32fda1a8-9e00-45ad-a71c-a7ae90604ef4
       sections: 33
       compilation: 2017-03-22
