[fetch] document_1: https://www.legislation.gov.au/C1959A00052/2024-01-01/2024-01-01/text/original/epub/OEBPS/document_1/document_1.html
[fetch] document_1: 88,483 bytes
[fetch] document_2: https://www.legislation.gov.au/C1959A00052/2024-01-01/2024-01-01/text/original/epub/OEBPS/document_2/document_2.html
[fetch] document_2 not found — stopping. Fetched 1 document(s).
[fetch] combined 1 document(s), 88,483 source bytes → 86,712 combined bytes
[citation] Statutory Declarations Act 1959 (Cth)
[parse] starting
[parser-diag] total <p> elements found: 375
[parser-diag] processed 375 <p> elements
[parser-diag] last section was added at element index: 179
[parser-diag] state phase at end: ENDNOTES
[parser-diag] hierarchy stack depth at end: 1
[parser-diag] insideSchedule at end: false
[parse] sections: 19
[parse] compilation: date=2024-01-01 no=8
[parse] by level:
         section      19
[db] inserted new legislation row: bc521e77-ee13-4e14-ad8d-65fbaa23e6be
[db] inserting 19 sections (pass 1)
[db] inserted 19 sections
[db] linking parent FKs (pass 2)
[db] linked 0 parent references

[done] ingested Statutory Declarations Act 1959
       legislation_id: bc521e77-ee13-4e14-ad8d-65fbaa23e6be
       sections: 19
       compilation: 2024-01-01
