[fetch] document_1: https://www.legislation.gov.au/C1963A00081/2017-12-09/2017-12-09/text/original/epub/OEBPS/document_1/document_1.html
[fetch] document_1: 137,854 bytes
[fetch] document_2: https://www.legislation.gov.au/C1963A00081/2017-12-09/2017-12-09/text/original/epub/OEBPS/document_2/document_2.html
[fetch] document_2 not found — stopping. Fetched 1 document(s).
[fetch] combined 1 document(s), 137,854 source bytes → 135,798 combined bytes
[citation] Defence (Visiting Forces) Act 1963 (Cth)
[parse] starting
[parser-diag] total <p> elements found: 492
[parser-diag] processed 492 <p> elements
[parser-diag] last section was added at element index: 255
[parser-diag] state phase at end: ENDNOTES
[parser-diag] hierarchy stack depth at end: 2
[parser-diag] insideSchedule at end: true
[parse] sections: 26
[parse] compilation: date=2017-12-09 no=10
[parse] warnings: 1
  - ActHead1 with unexpected leading word: "The Schedule—Offences against the person". Captured as 'schedule' as fallback.
[parse] by level:
         part         3
         section      20
         schedule     1
         schedule_clause 2
[db] inserted new legislation row: 90012b90-6394-4570-a31f-74476b3d2282
[db] inserting 26 sections (pass 1)
[db] inserted 26 sections
[db] linking parent FKs (pass 2)
[db] linked 22 parent references

[done] ingested Defence (Visiting Forces) Act 1963
       legislation_id: 90012b90-6394-4570-a31f-74476b3d2282
       sections: 26
       compilation: 2017-12-09
