[fetch] document_1: https://www.legislation.gov.au/C1963A00074/2021-06-17/2021-06-17/text/original/epub/OEBPS/document_1/document_1.html
[fetch] document_1: 98,273 bytes
[fetch] document_2: https://www.legislation.gov.au/C1963A00074/2021-06-17/2021-06-17/text/original/epub/OEBPS/document_2/document_2.html
[fetch] document_2 not found — stopping. Fetched 1 document(s).
[fetch] combined 1 document(s), 98,273 source bytes → 96,324 combined bytes
[citation] Air Accidents (Commonwealth Government Liability) Act 1963 (Cth)
[parse] starting
[parser-diag] total <p> elements found: 383
[parser-diag] processed 383 <p> elements
[parser-diag] last section was added at element index: 159
[parser-diag] state phase at end: ENDNOTES
[parser-diag] hierarchy stack depth at end: 2
[parser-diag] insideSchedule at end: false
[parse] sections: 21
[parse] compilation: date=2021-06-17 no=9
[parse] by level:
         part         4
         section      17
[db] inserted new legislation row: 901a8a47-0e7d-44fa-ad66-9a7b587fd8ab
[db] inserting 21 sections (pass 1)
[db] inserted 21 sections
[db] linking parent FKs (pass 2)
[db] linked 17 parent references

[done] ingested Air Accidents (Commonwealth Government Liability) Act 1963
       legislation_id: 901a8a47-0e7d-44fa-ad66-9a7b587fd8ab
       sections: 21
       compilation: 2021-06-17
