[fetch] document_1: https://www.legislation.gov.au/C1964A00091/2024-10-14/2024-10-14/text/original/epub/OEBPS/document_1/document_1.html
[fetch] document_1: 111,186 bytes
[fetch] document_2: https://www.legislation.gov.au/C1964A00091/2024-10-14/2024-10-14/text/original/epub/OEBPS/document_2/document_2.html
[fetch] document_2 not found — stopping. Fetched 1 document(s).
[fetch] combined 1 document(s), 111,186 source bytes → 108,741 combined bytes
[citation] Law Officers Act 1964 (Cth)
[parse] starting
[parser-diag] total <p> elements found: 417
[parser-diag] processed 417 <p> elements
[parser-diag] last section was added at element index: 174
[parser-diag] state phase at end: ENDNOTES
[parser-diag] hierarchy stack depth at end: 1
[parser-diag] insideSchedule at end: false
[parse] sections: 18
[parse] compilation: date=2024-10-14 no=17
[parse] by level:
         section      18
[db] inserted new legislation row: 2418e11d-64d9-4558-8532-165b9e5be5a0
[db] inserting 18 sections (pass 1)
[db] inserted 18 sections
[db] linking parent FKs (pass 2)
[db] linked 0 parent references

[done] ingested Law Officers Act 1964
       legislation_id: 2418e11d-64d9-4558-8532-165b9e5be5a0
       sections: 18
       compilation: 2024-10-14
