[fetch] document_1: https://www.legislation.gov.au/C1965A00005/2015-12-10/2015-12-10/text/original/epub/OEBPS/document_1/document_1.html
[fetch] document_1: 41,132 bytes
[fetch] document_2: https://www.legislation.gov.au/C1965A00005/2015-12-10/2015-12-10/text/original/epub/OEBPS/document_2/document_2.html
[fetch] document_2 not found — stopping. Fetched 1 document(s).
[fetch] combined 1 document(s), 41,132 source bytes → 39,328 combined bytes
[citation] Parliamentary Presiding Officers Act 1965 (Cth)
[parse] starting
[parser-diag] total <p> elements found: 180
[parser-diag] processed 180 <p> elements
[parser-diag] last section was added at element index: 61
[parser-diag] state phase at end: ENDNOTES
[parser-diag] hierarchy stack depth at end: 1
[parser-diag] insideSchedule at end: false
[parse] sections: 7
[parse] compilation: date=2015-12-10 no=4
[parse] by level:
         section      7
[db] inserted new legislation row: 9fcca8aa-b31b-474b-8ab7-52319ccba5f2
[db] inserting 7 sections (pass 1)
[db] inserted 7 sections
[db] linking parent FKs (pass 2)
[db] linked 0 parent references

[done] ingested Parliamentary Presiding Officers Act 1965
       legislation_id: 9fcca8aa-b31b-474b-8ab7-52319ccba5f2
       sections: 7
       compilation: 2015-12-10
