[fetch] document_1: https://www.legislation.gov.au/C1960A00064/2024-10-14/2024-10-14/text/original/epub/OEBPS/document_1/document_1.html
[fetch] document_1: 1,155,925 bytes
[fetch] document_2: https://www.legislation.gov.au/C1960A00064/2024-10-14/2024-10-14/text/original/epub/OEBPS/document_2/document_2.html
[fetch] document_2 not found — stopping. Fetched 1 document(s).
[fetch] combined 1 document(s), 1,155,925 source bytes → 1,153,522 combined bytes
[citation] National Measurement Act 1960 (Cth)
[parse] starting
[parser-diag] total <p> elements found: 4402
[parser-unknown-class] "BoxHeadBold", text="Overview of Part"
[parser-unknown-class] "BoxHeadBold", text="Overview of Part"
[parser-unknown-class] "BoxHeadBold", text="Overview of Division"
[parser-unknown-class] "BoxHeadBold", text="Overview of Part"
[parser-unknown-class] "BoxHeadBold", text="Overview of Part"
[parser-unknown-class] "BoxHeadBold", text="Overview of Division"
[parser-unknown-class] "BoxHeadBold", text="Overview of Division"
[parser-unknown-class] "BoxHeadBold", text="Overview of Division"
[parser-unknown-class] "BoxHeadBold", text="Overview of Part"
[parser-unknown-class] "BoxHeadBold", text="Overview of Part"
[parser-unknown-class] "SOHeadBold", text="Overview of Division"
[parser-unknown-class] "BoxHeadBold", text="Overview of Part"
[parser-unknown-class] "BoxHeadBold", text="Overview of Division"
[parser-unknown-class] "BoxHeadBold", text="Overview of Division"
[parser-unknown-class] "BoxHeadBold", text="Overview of Part"
[parser-unknown-class] "BoxHeadBold", text="Overview of Part"
[parser-unknown-class] "BoxHeadBold", text="Overview of Part"
[parser-diag] processed 4402 <p> elements
[parser-diag] last section was added at element index: 3179
[parser-diag] state phase at end: ENDNOTES
[parser-diag] hierarchy stack depth at end: 2
[parser-diag] insideSchedule at end: false
[parse] sections: 266
[parse] compilation: date=2024-10-14 no=22
[parse] by level:
         part         14
         section      221
         division     23
         subdivision  8
[db] inserted new legislation row: 69016878-7da7-4f76-86a2-25014feba458
[db] inserting 266 sections (pass 1)
[db] inserted 266 sections
[db] linking parent FKs (pass 2)
[db] linked 252 parent references

[done] ingested National Measurement Act 1960
       legislation_id: 69016878-7da7-4f76-86a2-25014feba458
       sections: 266
       compilation: 2024-10-14
