[fetch] document_1: https://www.legislation.gov.au/C1961A00012/2026-03-28/2026-03-28/text/original/epub/OEBPS/document_1/document_1.html
[fetch] document_1: 677,073 bytes
[fetch] document_2: https://www.legislation.gov.au/C1961A00012/2026-03-28/2026-03-28/text/original/epub/OEBPS/document_2/document_2.html
[fetch] document_2 not found — stopping. Fetched 1 document(s).
[fetch] combined 1 document(s), 677,073 source bytes → 674,893 combined bytes
[citation] Marriage (Cth)
[parse] starting
[parser-diag] total <p> elements found: 2439
[parser-diag] processed 2439 <p> elements
[parser-diag] last section was added at element index: 1551
[parse] sections: 174
[parse] compilation: date=2026-03-28 no=34
[parser-diag] state phase at end: ENDNOTES
[parser-diag] hierarchy stack depth at end: 2
[parser-diag] insideSchedule at end: true
[parse] by level:
         part         11
         section      148
         division     8
         subdivision  5
         schedule     1
         schedule_clause 1
[db] inserted new legislation row: 18e6453c-8e9a-40ad-b7dd-de1bda26fd53
[db] inserting 174 sections (pass 1)
[db] inserted 174 sections
[db] linking parent FKs (pass 2)
[db] linked 162 parent references

[done] ingested Marriage
       legislation_id: 18e6453c-8e9a-40ad-b7dd-de1bda26fd53
       sections: 174
       compilation: 2026-03-28
