[fetch] document_1: https://www.legislation.gov.au/C1960A00068/2001-04-19/2001-04-19/text/original/epub/OEBPS/document_1/document_1.html
[fetch] document_1: 101,700 bytes
[fetch] document_2: https://www.legislation.gov.au/C1960A00068/2001-04-19/2001-04-19/text/original/epub/OEBPS/document_2/document_2.html
[fetch] document_2 not found — stopping. Fetched 1 document(s).
[fetch] combined 1 document(s), 101,700 source bytes → 100,302 combined bytes
[citation] Defence Forces Special Retirement Benefits Act 1960 (Cth)
[parse] starting
[parser-diag] total <p> elements found: 306
[parser-diag] processed 306 <p> elements
[parser-diag] last section was added at element index: -1
[parser-diag] state phase at end: PRE_BODY
[parser-diag] hierarchy stack depth at end: 0
[parser-diag] insideSchedule at end: false
[parse] sections: 0
[parse] compilation: date=(none) no=(none)
[parse] by level:
[db] inserted new legislation row: 6b3157b0-fa6b-4c30-a8c5-880a4c415971
[db] inserting 0 sections (pass 1)
[db] inserted 0 sections
[db] linking parent FKs (pass 2)
[db] linked 0 parent references

[done] ingested Defence Forces Special Retirement Benefits Act 1960
       legislation_id: 6b3157b0-fa6b-4c30-a8c5-880a4c415971
       sections: 0
       compilation: 2001-04-19
