[fetch] document_1: https://www.legislation.gov.au/C1961A00038/2017-03-01/2017-03-01/text/original/epub/OEBPS/document_1/document_1.html
[fetch] document_1: 297,851 bytes
[fetch] document_2: https://www.legislation.gov.au/C1961A00038/2017-03-01/2017-03-01/text/original/epub/OEBPS/document_2/document_2.html
[fetch] document_2 not found — stopping. Fetched 1 document(s).
[fetch] combined 1 document(s), 297,851 source bytes → 295,813 combined bytes
[citation] Commonwealth Serum Laboratories Act 1961 (Cth)
[parse] starting
[parser-diag] total <p> elements found: 1251
[parser-diag] processed 1251 <p> elements
[parser-diag] last section was added at element index: 501
[parser-diag] state phase at end: ENDNOTES
[parser-diag] hierarchy stack depth at end: 2
[parser-diag] insideSchedule at end: false
[parse] sections: 67
[parse] compilation: date=2017-03-01 no=19
[parse] by level:
         part         7
         section      55
         division     5
[db] inserted new legislation row: 7a0eab59-2d46-4058-8298-0e18fab3c286
[db] inserting 67 sections (pass 1)
[db] inserted 67 sections
[db] linking parent FKs (pass 2)
[db] linked 60 parent references

[done] ingested Commonwealth Serum Laboratories Act 1961
       legislation_id: 7a0eab59-2d46-4058-8298-0e18fab3c286
       sections: 67
       compilation: 2017-03-01
