[fetch] document_1: https://www.legislation.gov.au/C1967A00091/2014-07-01/2014-07-01/text/original/epub/OEBPS/document_1/document_1.html
[fetch] document_1: 69,110 bytes
[fetch] document_2: https://www.legislation.gov.au/C1967A00091/2014-07-01/2014-07-01/text/original/epub/OEBPS/document_2/document_2.html
[fetch] document_2 not found — stopping. Fetched 1 document(s).
[fetch] combined 1 document(s), 69,110 source bytes → 67,440 combined bytes
[citation] Defence Forces Retirement Benefits (Pension Increases) Act 1967 (Cth)
[parse] starting
[parser-diag] total <p> elements found: 254
[parser-diag] processed 254 <p> elements
[parser-diag] last section was added at element index: 133
[parser-diag] state phase at end: ENDNOTES
[parser-diag] hierarchy stack depth at end: 1
[parser-diag] insideSchedule at end: false
[parse] sections: 15
[parse] compilation: date=(none) no=(none)
[parse] by level:
         section      15
[db] inserted new legislation row: 5cb09fa2-e3ed-4d4b-9033-00f0aa274c9d
[db] inserting 15 sections (pass 1)
[db] inserted 15 sections
[db] linking parent FKs (pass 2)
[db] linked 0 parent references

[done] ingested Defence Forces Retirement Benefits (Pension Increases) Act 1967
       legislation_id: 5cb09fa2-e3ed-4d4b-9033-00f0aa274c9d
       sections: 15
       compilation: 2014-07-01
