[fetch] document_1: https://www.legislation.gov.au/C1968A00063/2026-04-02/2026-04-02/text/original/epub/OEBPS/document_1/document_1.html
[fetch] document_1: 3,280,463 bytes
[fetch] document_2: https://www.legislation.gov.au/C1968A00063/2026-04-02/2026-04-02/text/original/epub/OEBPS/document_2/document_2.html
[fetch] document_2 not found — stopping. Fetched 1 document(s).
[fetch] combined 1 document(s), 3,280,463 source bytes → 3,273,124 combined bytes
[citation] Copyright (Cth)
[parse] starting
[parser-diag] total <p> elements found: 11855
[parser-diag] processed 11855 <p> elements
[parser-diag] last section was added at element index: 8661
[parser-diag] state phase at end: ENDNOTES
[parser-diag] hierarchy stack depth at end: 1
[parser-diag] insideSchedule at end: true
[parse] sections: 819
[parse] compilation: date=2026-04-02 no=65
[parse] warnings: 1
  - ActHead1 with unexpected leading word: "The Schedule". Captured as 'schedule' as fallback.
[parse] by level:
         part         17
         section      670
         division     81
         subdivision  50
         schedule     1
[db] inserted new legislation row: 00abeaed-4f6d-470b-8aae-edbb09ebaf5d
[db] inserting 819 sections (pass 1)
[db] inserted 819 sections
[db] linking parent FKs (pass 2)
[db] linked 801 parent references

[done] ingested Copyright
       legislation_id: 00abeaed-4f6d-470b-8aae-edbb09ebaf5d
       sections: 819
       compilation: 2026-04-02
