[fetch] document_1: https://www.legislation.gov.au/C1966A00025/2026-04-09/2026-04-09/text/original/epub/OEBPS/document_1/document_1.html
[fetch] document_1: 47,342 bytes
[fetch] document_2: https://www.legislation.gov.au/C1966A00025/2026-04-09/2026-04-09/text/original/epub/OEBPS/document_2/document_2.html
[fetch] document_2 not found — stopping. Fetched 1 document(s).
[fetch] combined 1 document(s), 47,342 source bytes → 45,589 combined bytes
[citation] Asian Development Bank Act 1966 (Cth)
[parse] starting
[parser-diag] total <p> elements found: 211
[parser-diag] processed 211 <p> elements
[parser-diag] last section was added at element index: 87
[parser-diag] state phase at end: ENDNOTES
[parser-diag] hierarchy stack depth at end: 1
[parser-diag] insideSchedule at end: false
[parse] sections: 7
[parse] compilation: date=2026-04-09 no=2
[parse] by level:
         section      7
[db] inserted new legislation row: 6d130fbf-e326-48c2-a04a-40a385af3104
[db] inserting 7 sections (pass 1)
[db] inserted 7 sections
[db] linking parent FKs (pass 2)
[db] linked 0 parent references

[done] ingested Asian Development Bank Act 1966
       legislation_id: 6d130fbf-e326-48c2-a04a-40a385af3104
       sections: 7
       compilation: 2026-04-09
