[fetch] document_1: https://www.legislation.gov.au/C1969A00092/2017-03-22/2017-03-22/text/original/epub/OEBPS/document_1/document_1.html
[fetch] document_1: 180,167 bytes
[fetch] document_2: https://www.legislation.gov.au/C1969A00092/2017-03-22/2017-03-22/text/original/epub/OEBPS/document_2/document_2.html
[fetch] document_2 not found — stopping. Fetched 1 document(s).
[fetch] combined 1 document(s), 180,167 source bytes → 178,150 combined bytes
[citation] Public Works Committee Act 1969 (Cth)
[parse] starting
[parser-diag] total <p> elements found: 703
[parser-diag] processed 703 <p> elements
[parser-diag] last section was added at element index: 408
[parser-diag] state phase at end: ENDNOTES
[parser-diag] hierarchy stack depth at end: 1
[parser-diag] insideSchedule at end: true
[parse] sections: 46
[parse] compilation: date=2017-03-22 no=13
[parse] warnings: 1
  - ActHead1 with unexpected leading word: "The Schedule—Public Works Committee Act 1969". Captured as 'schedule' as fallback.
[parse] by level:
         part         4
         section      41
         schedule     1
[db] inserted new legislation row: b2b92b4f-7f60-4dde-b94f-fb930836c5e9
[db] inserting 46 sections (pass 1)
[db] inserted 46 sections
[db] linking parent FKs (pass 2)
[db] linked 41 parent references

[done] ingested Public Works Committee Act 1969
       legislation_id: b2b92b4f-7f60-4dde-b94f-fb930836c5e9
       sections: 46
       compilation: 2017-03-22
