[fetch] document_1: https://www.legislation.gov.au/C1961A00087/1997-04-30/1997-04-30/text/original/epub/OEBPS/document_1/document_1.html
[fetch] document_1: 159,337 bytes
[fetch] document_2: https://www.legislation.gov.au/C1961A00087/1997-04-30/1997-04-30/text/original/epub/OEBPS/document_2/document_2.html
[fetch] document_2 not found — stopping. Fetched 1 document(s).
[fetch] combined 1 document(s), 159,337 source bytes → 157,682 combined bytes
[citation] Defence Forces Retirement Benefits (Pension Increases) Act 1961 (Cth)
[parse] starting
[parser-diag] total <p> elements found: 647
[parser-diag] processed 647 <p> elements
[parser-diag] last section was added at element index: -1
[parser-diag] state phase at end: PRE_BODY
[parser-diag] hierarchy stack depth at end: 0
[parser-diag] insideSchedule at end: false
[parse] sections: 0
[parse] compilation: date=(none) no=(none)
[parse] by level:
[db] inserted new legislation row: 6100f0d6-6ce0-430c-85bf-d1d7c613c7cf
[db] inserting 0 sections (pass 1)
[db] inserted 0 sections
[db] linking parent FKs (pass 2)
[db] linked 0 parent references

[done] ingested Defence Forces Retirement Benefits (Pension Increases) Act 1961
       legislation_id: 6100f0d6-6ce0-430c-85bf-d1d7c613c7cf
       sections: 0
       compilation: 1997-04-30
