[fetch] document_1: https://www.legislation.gov.au/C1963A00061/2016-10-21/2016-10-21/text/original/epub/OEBPS/document_1/document_1.html
[fetch] document_1: 60,847 bytes
[fetch] document_2: https://www.legislation.gov.au/C1963A00061/2016-10-21/2016-10-21/text/original/epub/OEBPS/document_2/document_2.html
[fetch] document_2 not found — stopping. Fetched 1 document(s).
[fetch] combined 1 document(s), 60,847 source bytes → 58,892 combined bytes
[citation] Submarine Cables and Pipelines Protection Act 1963 (Cth)
[parse] starting
[parser-diag] total <p> elements found: 260
[parser-diag] processed 260 <p> elements
[parser-diag] last section was added at element index: 91
[parser-diag] state phase at end: ENDNOTES
[parser-diag] hierarchy stack depth at end: 1
[parser-diag] insideSchedule at end: false
[parse] sections: 12
[parse] compilation: date=2016-10-21 no=11
[parse] by level:
         section      12
[db] inserted new legislation row: db9245b3-7569-43cd-a7e9-51133b2bf7b7
[db] inserting 12 sections (pass 1)
[db] inserted 12 sections
[db] linking parent FKs (pass 2)
[db] linked 0 parent references

[done] ingested Submarine Cables and Pipelines Protection Act 1963
       legislation_id: db9245b3-7569-43cd-a7e9-51133b2bf7b7
       sections: 12
       compilation: 2016-10-21
