[fetch] document_1: https://www.legislation.gov.au/C1965A00066/1973-12-19/1973-12-19/text/original/epub/OEBPS/document_1/document_1.html
[fetch] document_1: 78,335 bytes
[fetch] document_2: https://www.legislation.gov.au/C1965A00066/1973-12-19/1973-12-19/text/original/epub/OEBPS/document_2/document_2.html
[fetch] document_2 not found — stopping. Fetched 1 document(s).
[fetch] combined 1 document(s), 78,335 source bytes → 78,934 combined bytes
[citation] Stevedoring Industry Act 1965 (Cth)
[parse] starting
[parser-diag] total <p> elements found: 257
[parser-unknown-class] "Specials", text="“36A.  Procedure in relation to inquiry under section 36"
[parser-unknown-class] "Specials", text="“41A.  Certain provisions not to apply in relation to inter-State trade and commerce"
[parser-unknown-class] "HTMLPreformatted", text=""
[parser-diag] processed 257 <p> elements
[parser-diag] last section was added at element index: 212
[parser-diag] state phase at end: ENDNOTES
[parser-diag] hierarchy stack depth at end: 3
[parser-diag] insideSchedule at end: false
[parse] sections: 29
[parse] compilation: date=1973-12-31 no=(none)
[parse] by level:
         part         3
         section      22
         division     4
[db] inserted new legislation row: 510f0077-411c-4283-9cf6-d8819646c14b
[db] inserting 29 sections (pass 1)
[db] inserted 29 sections
[db] linking parent FKs (pass 2)
[db] linked 26 parent references

[done] ingested Stevedoring Industry Act 1965
       legislation_id: 510f0077-411c-4283-9cf6-d8819646c14b
       sections: 29
       compilation: 1973-12-31
