[fetch] document_1: https://www.legislation.gov.au/C1960A00021/1969-03-01/1969-03-01/text/original/epub/OEBPS/document_1/document_1.html
[fetch] document_1: 132,658 bytes
[fetch] document_2: https://www.legislation.gov.au/C1960A00021/1969-03-01/1969-03-01/text/original/epub/OEBPS/document_2/document_2.html
[fetch] document_2 not found — stopping. Fetched 1 document(s).
[fetch] combined 1 document(s), 132,658 source bytes → 131,739 combined bytes
[citation] International Development Association Act 1960 (Cth)
[parse] starting
[parser-diag] total <p> elements found: 453
[parser-diag] processed 453 <p> elements
[parser-diag] last section was added at element index: -1
[parser-diag] state phase at end: PRE_BODY
[parser-diag] hierarchy stack depth at end: 0
[parser-diag] insideSchedule at end: false
[parse] sections: 0
[parse] compilation: date=(none) no=(none)
[parse] by level:
[db] inserted new legislation row: beadfd57-1839-4205-a240-c814a2d90d05
[db] inserting 0 sections (pass 1)
[db] inserted 0 sections
[db] linking parent FKs (pass 2)
[db] linked 0 parent references

[done] ingested International Development Association Act 1960
       legislation_id: beadfd57-1839-4205-a240-c814a2d90d05
       sections: 0
       compilation: 1969-03-01
