[fetch] document_1: https://www.legislation.gov.au/C1971A00104/1971-09-01/1971-09-01/text/original/epub/OEBPS/document_1/document_1.html
[fetch] document_1: 10,598 bytes
[fetch] document_2: https://www.legislation.gov.au/C1971A00104/1971-09-01/1971-09-01/text/original/epub/OEBPS/document_2/document_2.html
[fetch] document_2 not found — stopping. Fetched 1 document(s).
[fetch] combined 1 document(s), 10,598 source bytes → 9,460 combined bytes
[citation] Pay-roll Tax (State Taxation of Commonwealth Authorities) Act 1971 (Cth)
[parse] starting
[parser-diag] total <p> elements found: 48
[parser-diag] processed 48 <p> elements
[parser-diag] last section was added at element index: -1
[parser-diag] state phase at end: PRE_BODY
[parser-diag] hierarchy stack depth at end: 0
[parser-diag] insideSchedule at end: false
[parse] sections: 0
[parse] compilation: date=(none) no=(none)
[parse] by level:
[db] inserted new legislation row: 3f6a98b1-efa8-4032-9628-e0090f786e5b
[db] inserting 0 sections (pass 1)
[db] inserted 0 sections
[db] linking parent FKs (pass 2)
[db] linked 0 parent references

[done] ingested Pay-roll Tax (State Taxation of Commonwealth Authorities) Act 1971
       legislation_id: 3f6a98b1-efa8-4032-9628-e0090f786e5b
       sections: 0
       compilation: 1971-09-01
