[fetch] document_1: https://www.legislation.gov.au/C1972A00055/2016-10-21/2016-10-21/text/original/epub/OEBPS/document_1/document_1.html
[fetch] document_1: 196,840 bytes
[fetch] document_2: https://www.legislation.gov.au/C1972A00055/2016-10-21/2016-10-21/text/original/epub/OEBPS/document_2/document_2.html
[fetch] document_2 not found — stopping. Fetched 1 document(s).
[fetch] combined 1 document(s), 196,840 source bytes → 194,881 combined bytes
[citation] Australian Institute of Marine Science Act 1972 (Cth)
[parse] starting
[parser-diag] total <p> elements found: 809
[parser-diag] processed 809 <p> elements
[parse] sections: 57
[parse] compilation: date=2016-10-21 no=18
[parse] by level:
         part         7
         section      50
[parser-diag] last section was added at element index: 361
[parser-diag] state phase at end: ENDNOTES
[parser-diag] hierarchy stack depth at end: 2
[parser-diag] insideSchedule at end: false
[db] inserted new legislation row: 16593f08-9487-4aa6-bca8-982859fc5d1d
[db] inserting 57 sections (pass 1)
[db] inserted 57 sections
[db] linking parent FKs (pass 2)
[db] linked 50 parent references

[done] ingested Australian Institute of Marine Science Act 1972
       legislation_id: 16593f08-9487-4aa6-bca8-982859fc5d1d
       sections: 57
       compilation: 2016-10-21
