[fetch] document_1: https://www.legislation.gov.au/C1971A00074/1978-06-12/1978-06-12/text/original/epub/OEBPS/document_1/document_1.html
[fetch] document_1: 83,929 bytes
[fetch] document_2: https://www.legislation.gov.au/C1971A00074/1978-06-12/1978-06-12/text/original/epub/OEBPS/document_2/document_2.html
[fetch] document_2 not found — stopping. Fetched 1 document(s).
[fetch] combined 1 document(s), 83,929 source bytes → 82,772 combined bytes
[citation] Defence Forces Retirement Benefits (Pension Increases) Act 1971 (Cth)
[parse] starting
[parser-diag] total <p> elements found: 171
[parser-diag] processed 171 <p> elements
[parser-diag] last section was added at element index: -1
[parser-diag] state phase at end: PRE_BODY
[parser-diag] hierarchy stack depth at end: 0
[parser-diag] insideSchedule at end: false
[parse] sections: 0
[parse] compilation: date=(none) no=(none)
[parse] by level:
[db] inserted new legislation row: b027dff3-48fa-4b60-a293-dbb95d5db8e8
[db] inserting 0 sections (pass 1)
[db] inserted 0 sections
[db] linking parent FKs (pass 2)
[db] linked 0 parent references

[done] ingested Defence Forces Retirement Benefits (Pension Increases) Act 1971
       legislation_id: b027dff3-48fa-4b60-a293-dbb95d5db8e8
       sections: 0
       compilation: 1978-06-12
