[fetch] document_1: https://www.legislation.gov.au/C1971A00003/2021-04-19/2021-04-19/text/original/epub/OEBPS/document_1/document_1.html
[fetch] document_1: 102,677 bytes
[fetch] document_2: https://www.legislation.gov.au/C1971A00003/2021-04-19/2021-04-19/text/original/epub/OEBPS/document_2/document_2.html
[fetch] document_2 not found — stopping. Fetched 1 document(s).
[fetch] combined 1 document(s), 102,677 source bytes → 100,903 combined bytes
[citation] Immigration (Education) Act 1971 (Cth)
[parse] starting
[parser-diag] total <p> elements found: 451
[parser-unknown-class] "Subsection", text="This Act may be cited as the Immigration (Education) Act 1971."
[parser-unknown-class] "Subsection", text="This Act shall come into operation on the day on which it receives the Royal Assent."
[parser-unknown-class] "Subsection", text="(1) In this Act, unless the contrary intention appears:"
[parser-unknown-class] "Paragraph", text="(a) the first day the person was in Australia on or after the day when a permanent visa held by t..."
[parser-unknown-class] "Paragraph", text="(b) the first day the person was in Australia on or after the day when a temporary visa of a clas..."
[parser-unknown-class] "Subsection", text="(2) The Minister may, by legislative instrument, make a determination specifying procedures or st..."
[parser-unknown-class] "Subsection", text="(3) An instrument made under subsection (2) may make provision in relation to a matter by applyin..."
[parser-unknown-class] "Paragraph", text="(a) as in force or existing at a particular time; or"
[parser-unknown-class] "Paragraph", text="(b) as in force or existing from time to time."
[parser-unknown-class] "Subsection", text="(1) The Minister may provide, or arrange the provision of, English courses to:"
[parser-unknown-class] "Paragraph", text="(a) eligible persons, while they are eligible; or"
[parser-unknown-class] "Paragraph", text="(b) persons who are outside Australia and hold, or have applied for, either:"
[parser-unknown-class] "Subsection", text="(2) The Minister may, by legislative instrument, make a determination specifying a class of tempo..."
[parser-unknown-class] "Subsection", text="(1) A person is eligible for the purposes of this Act if he or she:"
[parser-unknown-class] "Paragraph", text="(a) is in Australia and:"
[parser-unknown-class] "Paragraph", text="(b) does not have vocational English; and"
[parser-unknown-class] "Paragraph", text="(c) is not ineligible under section 4C or 4D."
[parser-unknown-class] "Subsection", text="(2) The Minister may, by legislative instrument, make a determination specifying a class of tempo..."
[parser-unknown-class] "Subsection", text="(1) The Minister must provide, or arrange the provision of, tuition in an approved English course..."
[parser-unknown-class] "Paragraph", text="(a) holds a permanent visa; and"
[parser-unknown-class] "Paragraph", text="(b) was aged at least 18 years on the first day the person was in Australia on or after the day w..."
[parser-unknown-class] "Paragraph", text="(c) has paid, or is exempt from paying, visa application charge under section 45A of the Migratio..."
[parser-unknown-class] "Paragraph", text="(d) did not, at any time before the permanent visa came into effect, hold another permanent visa ..."
[parser-unknown-class] "Paragraph", text="(e) is not excluded from the application of this section by the regulations."
[parser-unknown-class] "Subsection", text="(3) This section does not limit section 4."
[parser-unknown-class] "Subsection", text="(1) This section applies to a person who would (apart from this section) be eligible, if:"
[parser-unknown-class] "Paragraph", text="(a) he or she has ever held a permanent visa; or"
[parser-unknown-class] "Paragraph", text="(b) he or she has ever held a temporary visa of a class mentioned in subparagraph 4A(1)(a)(ii)."
[parser-unknown-class] "Subsection", text="(1A) However, this section does not apply to a person whose visa commencement day is on or before..."
[parser-unknown-class] "Subsection", text="(2) The person stops being eligible:"
[parser-unknown-class] "Paragraph", text="(a) if he or she fails to register with the provider of an approved English course within:"
[parser-unknown-class] "Paragraph", text="(b) if he or she fails to start an approved English course within the period of 12 months startin..."
[parser-unknown-class] "Subsection", text="(3) The person may apply to the Secretary for an extension of a period mentioned in subsection (2..."
[parser-unknown-class] "Subsection", text="(4) An application under subsection (3) for an extension of a subsection (2) period:"
[parser-unknown-class] "Paragraph", text="(a) must be made in the manner, and within the period, prescribed by the regulations; and"
[parser-unknown-class] "Paragraph", text="(b) subject to paragraph (a), may be made before or after the end of the subsection (2) period."
[parser-unknown-class] "Subsection", text="(5) On an application under this section, if the Secretary is satisfied that it was, or would be,..."
[parser-unknown-class] "Subsection", text="(6) In making a decision under subsection (5), the Secretary:"
[parser-unknown-class] "Paragraph", text="(a) must have regard to the matters prescribed by the regulations; and"
[parser-unknown-class] "Paragraph", text="(b) must not have regard to any other matter."
[parser-unknown-class] "Subsection", text="(1) This section applies to a person who would (apart from this section) be eligible, if:"
[parser-unknown-class] "Paragraph", text="(a) he or she has ever held a permanent visa; or"
[parser-unknown-class] "Paragraph", text="(b) he or she has ever held a temporary visa of a class mentioned in subparagraph 4A(1)(a)(ii)."
[parser-unknown-class] "Subsection", text="(1A) However, this section does not apply to a person whose visa commencement day is on or before..."
[parser-unknown-class] "Subsection", text="(2) The person stops being eligible at the end of the period of 5 years starting on his or her vi..."
[parser-unknown-class] "Subsection", text="(3) The person may apply to the Secretary for an extension of the period mentioned in subsection ..."
[parser-unknown-class] "Subsection", text="(4) An application under subsection (3) for an extension of the subsection (2) period:"
[parser-unknown-class] "Paragraph", text="(a) must be made in the manner, and within the period, prescribed by the regulations; and"
[parser-unknown-class] "Paragraph", text="(b) subject to paragraph (a), may be made before or after the end of the subsection (2) period."
[parser-unknown-class] "Subsection", text="(5) On an application under this section, if the Secretary is satisfied that, for compelling and ..."
[parser-unknown-class] "Subsection", text="(6) In making a decision under subsection (5), the Secretary:"
[parser-unknown-class] "Paragraph", text="(a) must have regard to the matters prescribed by the regulations; and"
[parser-unknown-class] "Paragraph", text="(b) must not have regard to any other matter."
[parser-unknown-class] "Subsection", text="The Minister may arrange for citizenship courses to be provided inside or outside Australia to pe..."
[parser-unknown-class] "Subsection", text="The Minister may arrange for the purchase or production of, and the distribution of, teaching and..."
[parser-unknown-class] "Subsection", text="(1) The Minister may arrange for the provision of training courses for teachers who are engaged, ..."
[parser-unknown-class] "Subsection", text="(2) Where a teacher attending a training course referred to in subsection (1) is paid salary by h..."
[parser-unknown-class] "Subsection", text="(3) In this section:"
[parser-unknown-class] "Subsection", text="The Minister may arrange for the conduct of research projects designed to improve the form or con..."
[parser-unknown-class] "Subsection", text="(1) An arrangement under this Act may make provision for, or in relation to, the making of paymen..."
[parser-unknown-class] "Subsection", text="(2) Without limiting the generality of subsection (1), an arrangement under section 4 or 4E for t..."
[parser-unknown-class] "Paragraph", text="(a) the cost of salaries and fees of teaching staff engaged in the giving of the courses; and"
[parser-unknown-class] "Paragraph", text="(b) administrative costs (including the salaries of administrative staff) incurred in connexion w..."
[parser-unknown-class] "Paragraph", text="(c) the cost of capital equipment of an educational nature to be used in the courses; and"
[parser-unknown-class] "Paragraph", text="(d) the cost of teaching and learning materials (other than materials provided under section 5) t..."
[parser-unknown-class] "Paragraph", text="(e) the cost of student support services."
[parser-unknown-class] "Subsection", text="(3) An arrangement under section 4 or 4E for the provision of approved courses may make provision..."
[parser-unknown-class] "Subsection", text="The Minister may arrange to provide language training and related services to or for a non‑govern..."
[parser-unknown-class] "Subsection", text="(1) The Minister may, by instrument in writing, delegate to a person appointed or engaged under t..."
[parser-unknown-class] "Subsection", text="(2) A power or function so delegated may be exercised or performed by the delegate in accordance ..."
[parser-unknown-class] "Subsection", text="(3) A delegation under this section is revocable at will and does not prevent the exercise of a p..."
[parser-unknown-class] "Subsection", text="The Secretary may, by signed instrument, delegate any or all of his or her powers under this Act ..."
[parser-unknown-class] "Subsection", text="Expenditure by the Commonwealth for the purposes of this Act shall be made out of moneys appropri..."
[parser-unknown-class] "Subsection", text="The Minister shall, as soon as practicable after 30th June in each year, cause to be laid before ..."
[parser-unknown-class] "Subsection", text="The Governor‑General may make regulations, not inconsistent with this Act, prescribing all matter..."
[parser-diag] processed 451 <p> elements
[parser-diag] last section was added at element index: 190
[parser-diag] state phase at end: ENDNOTES
[parser-diag] hierarchy stack depth at end: 2
[parser-diag] insideSchedule at end: false
[parse] sections: 24
[parse] compilation: date=2021-04-19 no=11
[parse] by level:
         part         5
         section      19
[db] inserted new legislation row: af820093-085f-4a65-bec9-e94940460ea8
[db] inserting 24 sections (pass 1)
[db] inserted 24 sections
[db] linking parent FKs (pass 2)
[db] linked 19 parent references

[done] ingested Immigration (Education) Act 1971
       legislation_id: af820093-085f-4a65-bec9-e94940460ea8
       sections: 24
       compilation: 2021-04-19
