[fetch] document_1: https://www.legislation.gov.au/C1971A00114/1971-12-09/1971-12-09/text/original/epub/OEBPS/document_1/document_1.html
[fetch] document_1: 42,348 bytes
[fetch] document_2: https://www.legislation.gov.au/C1971A00114/1971-12-09/1971-12-09/text/original/epub/OEBPS/document_2/document_2.html
[fetch] document_2 not found — stopping. Fetched 1 document(s).
[fetch] combined 1 document(s), 42,348 source bytes → 41,357 combined bytes
[citation] States Grants (Secondary Schools Libraries) Act 1971 (Cth)
[parse] starting
[parser-diag] total <p> elements found: 111
[parser-diag] processed 111 <p> elements
[parser-diag] last section was added at element index: -1
[parser-diag] state phase at end: PRE_BODY
[parser-diag] hierarchy stack depth at end: 0
[parser-diag] insideSchedule at end: false
[parse] sections: 0
[parse] compilation: date=(none) no=(none)
[parse] by level:
[db] inserted new legislation row: d978d343-41f4-4f87-be17-f3bcd6907466
[db] inserting 0 sections (pass 1)
[db] inserted 0 sections
[db] linking parent FKs (pass 2)
[db] linked 0 parent references

[done] ingested States Grants (Secondary Schools Libraries) Act 1971
       legislation_id: d978d343-41f4-4f87-be17-f3bcd6907466
       sections: 0
       compilation: 1971-12-09
