[fetch] document_1: https://www.legislation.gov.au/C1970A00121/2016-10-21/2016-10-21/text/original/epub/OEBPS/document_1/document_1.html
[fetch] document_1: 123,824 bytes
[fetch] document_2: https://www.legislation.gov.au/C1970A00121/2016-10-21/2016-10-21/text/original/epub/OEBPS/document_2/document_2.html
[fetch] document_2 not found — stopping. Fetched 1 document(s).
[fetch] combined 1 document(s), 123,824 source bytes → 121,821 combined bytes
[citation] Commonwealth Places (Application of Laws) Act 1970 (Cth)
[parse] starting
[parser-diag] total <p> elements found: 468
[parser-diag] processed 468 <p> elements
[parser-diag] last section was added at element index: 208
[parser-diag] state phase at end: ENDNOTES
[parser-diag] hierarchy stack depth at end: 1
[parser-diag] insideSchedule at end: true
[parse] sections: 23
[parse] compilation: date=2016-10-21 no=16
[parse] warnings: 1
  - ActHead1 with unexpected leading word: "The Schedule—Inapplicable provisions of certain Acts". Captured as 'schedule' as fallback.
[parse] by level:
         section      22
         schedule     1
[db] inserted new legislation row: 966b357b-2d4c-4025-9442-210e8c2806ef
[db] inserting 23 sections (pass 1)
[db] inserted 23 sections
[db] linking parent FKs (pass 2)
[db] linked 0 parent references

[done] ingested Commonwealth Places (Application of Laws) Act 1970
       legislation_id: 966b357b-2d4c-4025-9442-210e8c2806ef
       sections: 23
       compilation: 2016-10-21
