[fetch] document_1: https://www.legislation.gov.au/C1971A00121/1971-12-13/1971-12-13/text/original/epub/OEBPS/document_1/document_1.html
[fetch] document_1: 8,113 bytes
[fetch] document_2: https://www.legislation.gov.au/C1971A00121/1971-12-13/1971-12-13/text/original/epub/OEBPS/document_2/document_2.html
[fetch] document_2 not found — stopping. Fetched 1 document(s).
[fetch] combined 1 document(s), 8,113 source bytes → 6,950 combined bytes
[citation] Loan (War Service Land Settlement) Act 1971 (Cth)
[parse] starting
[parser-diag] total <p> elements found: 43
[parser-diag] processed 43 <p> elements
[parser-diag] last section was added at element index: -1
[parser-diag] state phase at end: PRE_BODY
[parser-diag] hierarchy stack depth at end: 0
[parser-diag] insideSchedule at end: false
[parse] sections: 0
[parse] compilation: date=(none) no=(none)
[parse] by level:
[db] inserted new legislation row: aa1a34f6-b9fc-43ee-a68e-05595490bbe2
[db] inserting 0 sections (pass 1)
[db] inserted 0 sections
[db] linking parent FKs (pass 2)
[db] linked 0 parent references

[done] ingested Loan (War Service Land Settlement) Act 1971
       legislation_id: aa1a34f6-b9fc-43ee-a68e-05595490bbe2
       sections: 0
       compilation: 1971-12-13
