[fetch] document_1: https://www.legislation.gov.au/C1973A00037/1973-06-01/1973-06-01/text/original/epub/OEBPS/document_1/document_1.html
[fetch] document_1: 100,497 bytes
[fetch] document_2: https://www.legislation.gov.au/C1973A00037/1973-06-01/1973-06-01/text/original/epub/OEBPS/document_2/document_2.html
[fetch] document_2 not found — stopping. Fetched 1 document(s).
[fetch] combined 1 document(s), 100,497 source bytes → 99,501 combined bytes
[citation] Prices Justification Act 1973 (Cth)
[parse] starting
[parser-diag] total <p> elements found: 246
[parser-diag] processed 246 <p> elements
[parser-diag] last section was added at element index: -1
[parser-diag] state phase at end: PRE_BODY
[parser-diag] hierarchy stack depth at end: 0
[parser-diag] insideSchedule at end: false
[parse] sections: 0
[parse] compilation: date=(none) no=(none)
[parse] by level:
[db] inserted new legislation row: 6dee0ef8-d3bb-4154-9f54-7b9a1b784bea
[db] inserting 0 sections (pass 1)
[db] inserted 0 sections
[db] linking parent FKs (pass 2)
[db] linked 0 parent references

[done] ingested Prices Justification Act 1973
       legislation_id: 6dee0ef8-d3bb-4154-9f54-7b9a1b784bea
       sections: 0
       compilation: 1973-06-01
