[fetch] document_1: https://www.legislation.gov.au/C1973A00054/2020-12-18/2020-12-18/text/original/epub/OEBPS/document_1/document_1.html
[fetch] document_1: 155,417 bytes
[fetch] document_2: https://www.legislation.gov.au/C1973A00054/2020-12-18/2020-12-18/text/original/epub/OEBPS/document_2/document_2.html
[fetch] document_2 not found — stopping. Fetched 1 document(s).
[fetch] combined 1 document(s), 155,417 source bytes → 153,264 combined bytes
[citation] Commonwealth Grants Commission Act 1973 (Cth)
[parse] starting
[parser-diag] total <p> elements found: 621
[parser-diag] processed 621 <p> elements
[parser-diag] last section was added at element index: 265
[parser-diag] state phase at end: ENDNOTES
[parse] sections: 31
[parse] compilation: date=2020-12-18 no=15
[parser-diag] hierarchy stack depth at end: 1
[parser-diag] insideSchedule at end: false
[parse] by level:
         section      31
[db] inserted new legislation row: 295a559b-a486-48da-a43c-e764ee1c230e
[db] inserting 31 sections (pass 1)
[db] inserted 31 sections
[db] linking parent FKs (pass 2)
[db] linked 0 parent references

[done] ingested Commonwealth Grants Commission Act 1973
       legislation_id: 295a559b-a486-48da-a43c-e764ee1c230e
       sections: 31
       compilation: 2020-12-18
