[fetch] document_1: https://www.legislation.gov.au/C1971A00075/1971-10-01/1971-10-01/text/original/epub/OEBPS/document_1/document_1.html
[fetch] document_1: 48,431 bytes
[fetch] document_2: https://www.legislation.gov.au/C1971A00075/1971-10-01/1971-10-01/text/original/epub/OEBPS/document_2/document_2.html
[fetch] document_2 not found — stopping. Fetched 1 document(s).
[fetch] combined 1 document(s), 48,431 source bytes → 47,034 combined bytes
[citation] Parliamentary Retiring Allowances (Increases) Act 1971 (Cth)
[parse] starting
[parser-diag] total <p> elements found: 153
[parser-diag] processed 153 <p> elements
[parser-diag] last section was added at element index: -1
[parser-diag] state phase at end: PRE_BODY
[parser-diag] hierarchy stack depth at end: 0
[parser-diag] insideSchedule at end: false
[parse] sections: 0
[parse] compilation: date=(none) no=(none)
[parse] by level:
[db] inserted new legislation row: ae2346dc-9307-4ee9-b24d-8840948a4b28
[db] inserting 0 sections (pass 1)
[db] inserted 0 sections
[db] linking parent FKs (pass 2)
[db] linked 0 parent references

[done] ingested Parliamentary Retiring Allowances (Increases) Act 1971
       legislation_id: ae2346dc-9307-4ee9-b24d-8840948a4b28
       sections: 0
       compilation: 1971-10-01
