[fetch] document_1: https://www.legislation.gov.au/C1973A00095/2014-07-01/2014-07-01/text/original/epub/OEBPS/document_1/document_1.html
[fetch] document_1: 159,938 bytes
[fetch] document_2: https://www.legislation.gov.au/C1973A00095/2014-07-01/2014-07-01/text/original/epub/OEBPS/document_2/document_2.html
[fetch] document_2 not found — stopping. Fetched 1 document(s).
[fetch] combined 1 document(s), 159,938 source bytes → 158,179 combined bytes
[citation] Australian Film, Television and Radio School Act 1973 (Cth)
[parse] starting
[parser-diag] total <p> elements found: 666
[parser-diag] processed 666 <p> elements
[parser-diag] last section was added at element index: 323
[parser-diag] state phase at end: ENDNOTES
[parser-diag] hierarchy stack depth at end: 2
[parser-diag] insideSchedule at end: false
[parse] sections: 52
[parse] compilation: date=(none) no=(none)
[parse] by level:
         part         8
         section      44
[db] inserted new legislation row: 919f6e5a-ab77-4d5b-844a-5ba1f734cdd8
[db] inserting 52 sections (pass 1)
[db] inserted 52 sections
[db] linking parent FKs (pass 2)
[db] linked 44 parent references

[done] ingested Australian Film, Television and Radio School Act 1973
       legislation_id: 919f6e5a-ab77-4d5b-844a-5ba1f734cdd8
       sections: 52
       compilation: 2014-07-01
