[fetch] document_1: https://www.legislation.gov.au/C1971A00066/1981-12-30/1981-12-30/text/original/epub/OEBPS/document_1/document_1.html
[fetch] document_1: 17,056 bytes
[fetch] document_2: https://www.legislation.gov.au/C1971A00066/1981-12-30/1981-12-30/text/original/epub/OEBPS/document_2/document_2.html
[fetch] document_2 not found — stopping. Fetched 1 document(s).
[fetch] combined 1 document(s), 17,056 source bytes → 15,159 combined bytes
[citation] Australian Capital Territory Evidence (Temporary Provisions) Act 1971 (Cth)
[parse] starting
[parser-diag] total <p> elements found: 77
[parser-diag] processed 77 <p> elements
[parser-diag] last section was added at element index: 33
[parser-diag] state phase at end: ENDNOTES
[parser-diag] hierarchy stack depth at end: 1
[parser-diag] insideSchedule at end: false
[parse] sections: 3
[parse] compilation: date=(none) no=(none)
[parse] by level:
         section      3
[db] inserted new legislation row: 37df78f0-9b8c-4c2d-bdc5-ae8ec62459dd
[db] inserting 3 sections (pass 1)
[db] inserted 3 sections
[db] linking parent FKs (pass 2)
[db] linked 0 parent references

[done] ingested Australian Capital Territory Evidence (Temporary Provisions) Act 1971
       legislation_id: 37df78f0-9b8c-4c2d-bdc5-ae8ec62459dd
       sections: 3
       compilation: 1981-12-30
