[fetch] document_1: https://www.legislation.gov.au/C1972A00121/2016-03-10/2016-03-10/text/original/epub/OEBPS/document_1/document_1.html
[fetch] document_1: 208,463 bytes
[fetch] document_2: https://www.legislation.gov.au/C1972A00121/2016-03-10/2016-03-10/text/original/epub/OEBPS/document_2/document_2.html
[fetch] document_2 not found — stopping. Fetched 1 document(s).
[fetch] combined 1 document(s), 208,463 source bytes → 206,569 combined bytes
[citation] Child Care Act 1972 (Cth)
[parse] starting
[parser-diag] total <p> elements found: 845
[parser-diag] processed 845 <p> elements
[parser-diag] last section was added at element index: 390
[parser-diag] state phase at end: ENDNOTES
[parser-diag] hierarchy stack depth at end: 2
[parser-diag] insideSchedule at end: false
[parse] sections: 57
[parse] compilation: date=2016-03-10 no=15
[parse] by level:
         part         8
         section      44
         division     5
[db] inserted new legislation row: 1b545b4e-b127-46e6-9954-44cf2af10b54
[db] inserting 57 sections (pass 1)
[db] inserted 57 sections
[db] linking parent FKs (pass 2)
[db] linked 49 parent references

[done] ingested Child Care Act 1972
       legislation_id: 1b545b4e-b127-46e6-9954-44cf2af10b54
       sections: 57
       compilation: 2016-03-10
