[fetch] document_1: https://www.legislation.gov.au/C1973A00018/1973-04-11/1973-04-11/text/original/epub/OEBPS/document_1/document_1.html
[fetch] document_1: 6,213 bytes
[fetch] document_2: https://www.legislation.gov.au/C1973A00018/1973-04-11/1973-04-11/text/original/epub/OEBPS/document_2/document_2.html
[fetch] document_2 not found — stopping. Fetched 1 document(s).
[fetch] combined 1 document(s), 6,213 source bytes → 5,254 combined bytes
[citation] Commonwealth Banks Act 1973 (Cth)
[parse] starting
[parser-diag] total <p> elements found: 14
[parser-diag] processed 14 <p> elements
[parser-diag] last section was added at element index: -1
[parser-diag] state phase at end: PRE_BODY
[parser-diag] hierarchy stack depth at end: 0
[parser-diag] insideSchedule at end: false
[parse] sections: 0
[parse] compilation: date=(none) no=(none)
[parse] by level:
[db] inserted new legislation row: 6c194f43-fd64-42fd-9e9b-b40cee754357
[db] inserting 0 sections (pass 1)
[db] inserted 0 sections
[db] linking parent FKs (pass 2)
[db] linked 0 parent references

[done] ingested Commonwealth Banks Act 1973
       legislation_id: 6c194f43-fd64-42fd-9e9b-b40cee754357
       sections: 0
       compilation: 1973-04-11
