[fetch] document_1: https://www.legislation.gov.au/C1971A00055/2014-06-25/2014-06-25/text/original/epub/OEBPS/document_1/document_1.html
[fetch] document_1: 36,331 bytes
[fetch] document_2: https://www.legislation.gov.au/C1971A00055/2014-06-25/2014-06-25/text/original/epub/OEBPS/document_2/document_2.html
[fetch] document_2 not found — stopping. Fetched 1 document(s).
[fetch] combined 1 document(s), 36,331 source bytes → 34,861 combined bytes
[citation] Income Tax (Bearer Debentures) Act 1971 (Cth)
[parse] starting
[parser-diag] total <p> elements found: 205
[parser-unknown-class] "ENotesHeading2", text="Endnote 1—About the endnotes"
[parser-unknown-class] "ENotesHeading2", text="Endnote 2—Abbreviation key"
[parser-unknown-class] "ENotesHeading2", text="Endnote 3—Legislation history"
[parser-unknown-class] "ENotesHeading2", text="Endnote 4—Amendment history"
[parser-unknown-class] "ENotesHeading2", text="Endnote 5—Uncommenced amendments [none]"
[parser-unknown-class] "ENotesHeading2", text="Endnote 6—Modifications [none]"
[parser-unknown-class] "ENotesHeading2", text="Endnote 7—Misdescribed amendments [none]"
[parser-unknown-class] "ENotesHeading2", text="Endnote 8—Miscellaneous [none]"
[parser-diag] processed 205 <p> elements
[parser-diag] last section was added at element index: 54
[parser-diag] state phase at end: BODY
[parser-diag] hierarchy stack depth at end: 1
[parser-diag] insideSchedule at end: false
[parse] sections: 7
[parse] compilation: date=(none) no=(none)
[parse] by level:
         section      7
[db] inserted new legislation row: 851590d0-b782-40bc-8bcc-bfdc9fdaad90
[db] inserting 7 sections (pass 1)
[db] inserted 7 sections
[db] linking parent FKs (pass 2)
[db] linked 0 parent references

[done] ingested Income Tax (Bearer Debentures) Act 1971
       legislation_id: 851590d0-b782-40bc-8bcc-bfdc9fdaad90
       sections: 7
       compilation: 2014-06-25
