[fetch] document_1: https://www.legislation.gov.au/C2004A01295/2006-09-27/2006-09-27/text/original/epub/OEBPS/document_1/document_1.html
[fetch] document_1: 85,908 bytes
[fetch] document_2: https://www.legislation.gov.au/C2004A01295/2006-09-27/2006-09-27/text/original/epub/OEBPS/document_2/document_2.html
[fetch] document_2 not found — stopping. Fetched 1 document(s).
[fetch] combined 1 document(s), 85,908 source bytes → 84,576 combined bytes
[citation] Family Assistance Legislation Amendment (More Help for Families—One-off Payments) Act 2004 (Cth)
[parse] starting
[parser-diag] total <p> elements found: 291
[parser-unknown-class] "ActHead6", text="Schedule 1—One‑off payments to families"
[parser-unknown-class] "ActHead7", text="Part 1—Main amendments"
[parser-unknown-class] "ActHead9", text="A New Tax System (Family Assistance) Act 1999"
[parser-unknown-class] "ItemHead", text="1  Subsection 3(1)"
[parser-unknown-class] "ItemHead", text="2  After Part 4"
[parser-unknown-class] "ActHead9", text="A New Tax System (Family Assistance) (Administration) Act 1999"
[parser-unknown-class] "ItemHead", text="3  After Division 4 of Part 3"
[parser-unknown-class] "ItemHead", text="4  At the end of subsection 66(1)"
[parser-unknown-class] "ItemHead", text="5  Section 70"
[parser-unknown-class] "ItemHead", text="6  After section 71H"
[parser-unknown-class] "ItemHead", text="7  Paragraph 74(a)"
[parser-unknown-class] "ItemHead", text="8  Subsection 82(3) (paragraph (a) of the definition of debt)"
[parser-unknown-class] "ItemHead", text="9  Subsection 93A(6) (at the end of the definition of family assistance payment)"
[parser-unknown-class] "ItemHead", text="10  Paragraph 106(3)(c)"
[parser-unknown-class] "ItemHead", text="11  Subsection 109D(4)"
[parser-unknown-class] "ItemHead", text="12  Paragraph 109D(5)(a)"
[parser-unknown-class] "ItemHead", text="13  Section 219TA (at the end of the definition of relevant benefit)"
[parser-unknown-class] "ActHead7", text="Part 2—Related amendments"
[parser-unknown-class] "ActHead9", text="Income Tax Assessment Act 1936"
[parser-unknown-class] "ItemHead", text="14  Subsection 159J(6) (paragraph (ac) of the definition of separate net income)"
[parser-unknown-class] "ItemHead", text="15  Subsection 159J(6) (after paragraph (ac) of the definition of separate net income)"
[parser-unknown-class] "ActHead9", text="Income Tax Assessment Act 1997"
[parser-unknown-class] "ItemHead", text="16  Section 11‑15 (at the end of the table item headed “family assistance”)"
[parser-unknown-class] "ItemHead", text="17  Section 52‑150"
[parser-unknown-class] "ItemHead", text="18  At the end of section 52‑150"
[parser-unknown-class] "ActHead9", text="Social Security Act 1991"
[parser-unknown-class] "ItemHead", text="19  After paragraph 8(8)(j)"
[parser-unknown-class] "ActHead6", text="Schedule 2—One‑off payments to carers"
[parser-unknown-class] "ActHead7", text="Part 1—Main amendments"
[parser-unknown-class] "ActHead9", text="Social Security Act 1991"
[parser-unknown-class] "ItemHead", text="1  After Part 2.5"
[parser-unknown-class] "ItemHead", text="2  After Part 2.19"
[parser-unknown-class] "ItemHead", text="3  After section 1223AB"
[parser-unknown-class] "ActHead9", text="Social Security (Administration) Act 1999"
[parser-unknown-class] "ItemHead", text="4  After section 12A"
[parser-unknown-class] "ItemHead", text="5  Subsection 47(1) (after paragraph (g) of the definition of lump sum benefit)"
[parser-unknown-class] "ItemHead", text="6  After section 47A"
[parser-unknown-class] "ActHead7", text="Part 2—Related amendments"
[parser-unknown-class] "ActHead9", text="Income Tax Assessment Act 1936"
[parser-unknown-class] "ItemHead", text="7  Subsection 159J(6) (paragraph (ad) of the definition of separate net income)"
[parser-unknown-class] "ItemHead", text="8  Subsection 159J(6) (after paragraph (ad) of the definition of separate net income)"
[parser-unknown-class] "ActHead9", text="Income Tax Assessment Act 1997"
[parser-unknown-class] "ItemHead", text="9  Section 11‑15 (table item headed “social security or like payments”)"
[parser-unknown-class] "ItemHead", text="10  Subsection 52‑10(1)"
[parser-unknown-class] "ItemHead", text="11  After subsection 52‑10(1C)"
[parser-unknown-class] "ActHead6", text="Schedule 3—Administrative scheme for one‑off payments to families and carers"
[parser-unknown-class] "ItemHead", text="1  Administrative scheme for one‑off payments to families and carers"
[parser-unknown-class] "Subitem", text="(1) Subject to this item, the Minister may, by legislative instrument, determine a scheme under w..."
[parser-unknown-class] "Subitem", text="(2) The circumstances in which the scheme provides for payments must be circumstances:"
[parser-unknown-class] "Subitem", text="(3) The scheme must not provide for payments to be made at a time that is after 30 June 2007."
[parser-unknown-class] "Subitem", text="(4) Without limiting the generality of subitem (1), the scheme may deal with the following:"
[parser-unknown-class] "Subitem", text="(6) Payments under the scheme are to be made out of the Consolidated Revenue Fund, which is appro..."
[parser-unknown-class] "2ndRd", text="[Minister’s second reading speech made in—"
[parser-unknown-class] "2ndRd", text="House of Representatives on 11 May 2004"
[parser-unknown-class] "2ndRd", text="Senate on 13 May 2004]"
[parser-diag] processed 291 <p> elements
[parser-diag] last section was added at element index: 241
[parser-diag] state phase at end: BODY
[parser-diag] hierarchy stack depth at end: 2
[parser-diag] insideSchedule at end: false
[parse] sections: 20
[parse] compilation: date=(none) no=(none)
[parse] by level:
         section      16
         part         3
         division     1
[db] inserted new legislation row: f41677dd-fb89-42fb-b2be-4c50fac4ffd9
[db] inserting 20 sections (pass 1)
[db] inserted 20 sections
[db] linking parent FKs (pass 2)
[db] linked 14 parent references

[done] ingested Family Assistance Legislation Amendment (More Help for Families—One-off Payments) Act 2004
       legislation_id: f41677dd-fb89-42fb-b2be-4c50fac4ffd9
       sections: 20
       compilation: 2006-09-27
