[fetch] document_1: https://www.legislation.gov.au/C2004A01521/1976-09-20/1976-09-20/text/original/epub/OEBPS/document_1/document_1.html
[fetch] document_1: 8,720 bytes
[fetch] document_2: https://www.legislation.gov.au/C2004A01521/1976-09-20/1976-09-20/text/original/epub/OEBPS/document_2/document_2.html
[fetch] document_2 not found — stopping. Fetched 1 document(s).
[fetch] combined 1 document(s), 8,720 source bytes → 7,753 combined bytes
[citation] Loan Act (No. 3) 1976 (Cth)
[parse] starting
[parser-diag] total <p> elements found: 20
[parser-diag] processed 20 <p> elements
[parser-diag] last section was added at element index: -1
[parser-diag] state phase at end: PRE_BODY
[parser-diag] hierarchy stack depth at end: 0
[parser-diag] insideSchedule at end: false
[parse] sections: 0
[parse] compilation: date=(none) no=(none)
[parse] by level:
[db] inserted new legislation row: ee5ac1ab-c021-4728-9ef7-d46f515da886
[db] inserting 0 sections (pass 1)
[db] inserted 0 sections
[db] linking parent FKs (pass 2)
[db] linked 0 parent references

[done] ingested Loan Act (No. 3) 1976
       legislation_id: ee5ac1ab-c021-4728-9ef7-d46f515da886
       sections: 0
       compilation: 1976-09-20
