[fetch] document_1: https://www.legislation.gov.au/C2004A03433/2023-02-06/2023-02-06/text/original/epub/OEBPS/document_1/document_1.html
[fetch] document_1: 160,234 bytes
[fetch] document_2: https://www.legislation.gov.au/C2004A03433/2023-02-06/2023-02-06/text/original/epub/OEBPS/document_2/document_2.html
[fetch] document_2 not found — stopping. Fetched 1 document(s).
[fetch] combined 1 document(s), 160,234 source bytes → 157,874 combined bytes
[citation] Jurisdiction of Courts (Cross-vesting) Act 1987 (Cth)
[parse] starting
[parser-diag] total <p> elements found: 570
[parser-diag] processed 570 <p> elements
[parser-diag] last section was added at element index: 296
[parser-diag] state phase at end: ENDNOTES
[parser-diag] hierarchy stack depth at end: 1
[parser-diag] insideSchedule at end: true
[parse] sections: 18
[parse] compilation: date=2023-02-06 no=23
[parse] by level:
         section      17
         schedule     1
[db] inserted new legislation row: c3bf9f64-1bb2-4ad9-a3d1-dde90e6324d6
[db] inserting 18 sections (pass 1)
[db] inserted 18 sections
[db] linking parent FKs (pass 2)
[db] linked 0 parent references

[done] ingested Jurisdiction of Courts (Cross-vesting) Act 1987
       legislation_id: c3bf9f64-1bb2-4ad9-a3d1-dde90e6324d6
       sections: 18
       compilation: 2023-02-06
