[fetch] document_1: https://www.legislation.gov.au/C2004A02864/1983-12-22/1983-12-22/text/original/epub/OEBPS/document_1/document_1.html
[fetch] document_1: 130,734 bytes
[fetch] document_2: https://www.legislation.gov.au/C2004A02864/1983-12-22/1983-12-22/text/original/epub/OEBPS/document_2/document_2.html
[fetch] document_2 not found — stopping. Fetched 1 document(s).
[fetch] combined 1 document(s), 130,734 source bytes → 129,760 combined bytes
[citation] Postal and Telecommunications Amendment Act 1983 (Cth)
[parse] starting
[parser-diag] total <p> elements found: 373
[parser-diag] processed 373 <p> elements
[parser-diag] last section was added at element index: -1
[parser-diag] state phase at end: PRE_BODY
[parse] sections: 0
[parse] compilation: date=(none) no=(none)
[parser-diag] hierarchy stack depth at end: 0
[parser-diag] insideSchedule at end: false
[parse] by level:
[db] inserted new legislation row: 7430f73a-f679-4d85-a8d3-818a189aa323
[db] inserting 0 sections (pass 1)
[db] inserted 0 sections
[db] linking parent FKs (pass 2)
[db] linked 0 parent references

[done] ingested Postal and Telecommunications Amendment Act 1983
       legislation_id: 7430f73a-f679-4d85-a8d3-818a189aa323
       sections: 0
       compilation: 1983-12-22
