[fetch] document_1: https://www.legislation.gov.au/C2004A00538/2024-12-11/2024-12-11/text/original/epub/OEBPS/document_1/document_1.html
[fetch] document_1: 444,914 bytes
[fetch] document_2: https://www.legislation.gov.au/C2004A00538/2024-12-11/2024-12-11/text/original/epub/OEBPS/document_2/document_2.html
[fetch] document_2 not found — stopping. Fetched 1 document(s).
[fetch] combined 1 document(s), 444,914 source bytes → 442,470 combined bytes
[citation] Public Service Act 1999 (Cth)
[parse] starting
[parser-diag] total <p> elements found: 1701
[parser-diag] processed 1701 <p> elements
[parser-diag] last section was added at element index: 1265
[parser-diag] state phase at end: ENDNOTES
[parser-diag] hierarchy stack depth at end: 2
[parser-diag] insideSchedule at end: false
[parse] sections: 115
[parse] compilation: date=2024-12-11 no=22
[parse] by level:
         part         12
         section      95
         division     8
[db] inserted new legislation row: 580128fd-7948-4747-b134-609cffd6c56a
[db] inserting 115 sections (pass 1)
[db] inserted 115 sections
[db] linking parent FKs (pass 2)
[db] linked 103 parent references

[done] ingested Public Service Act 1999
       legislation_id: 580128fd-7948-4747-b134-609cffd6c56a
       sections: 115
       compilation: 2024-12-11
