[fetch] document_1: https://www.legislation.gov.au/C2008A00122/2024-02-21/2024-02-21/text/original/epub/OEBPS/document_1/document_1.html
[fetch] document_1: 271,144 bytes
[fetch] document_2: https://www.legislation.gov.au/C2008A00122/2024-02-21/2024-02-21/text/original/epub/OEBPS/document_2/document_2.html
[fetch] document_2 not found — stopping. Fetched 1 document(s).
[fetch] combined 1 document(s), 271,144 source bytes → 269,081 combined bytes
[citation] Australian Organ and Tissue Donation and Transplantation Authority Act 2008 (Cth)
[parse] starting
[parser-diag] total <p> elements found: 1155
[parser-diag] processed 1155 <p> elements
[parser-diag] last section was added at element index: 678
[parser-diag] state phase at end: ENDNOTES
[parser-diag] hierarchy stack depth at end: 2
[parser-diag] insideSchedule at end: false
[parse] sections: 76
[parse] compilation: date=2024-02-21 no=9
[parse] by level:
         part         7
         section      63
         division     6
[db] inserted new legislation row: 6f23a06c-224d-46b5-885b-7a99ed6f4d94
[db] inserting 76 sections (pass 1)
[db] inserted 76 sections
[db] linking parent FKs (pass 2)
[db] linked 69 parent references

[done] ingested Australian Organ and Tissue Donation and Transplantation Authority Act 2008
       legislation_id: 6f23a06c-224d-46b5-885b-7a99ed6f4d94
       sections: 76
       compilation: 2024-02-21
