[fetch] document_1: https://www.legislation.gov.au/C2004A04893/2007-04-01/2007-04-01/text/original/epub/OEBPS/document_1/document_1.html
[fetch] document_1: 27,666 bytes
[fetch] document_2: https://www.legislation.gov.au/C2004A04893/2007-04-01/2007-04-01/text/original/epub/OEBPS/document_2/document_2.html
[fetch] document_2 not found — stopping. Fetched 1 document(s).
[fetch] combined 1 document(s), 27,666 source bytes → 26,700 combined bytes
[citation] Private Health Insurance (Complaints Levy) Act 1995 (Cth)
[parse] starting
[parser-diag] total <p> elements found: 112
[parser-diag] processed 112 <p> elements
[parser-diag] last section was added at element index: 73
[parser-diag] state phase at end: BODY
[parser-diag] hierarchy stack depth at end: 1
[parser-diag] insideSchedule at end: false
[parse] sections: 9
[parse] compilation: date=(none) no=(none)
[parse] by level:
         section      9
[db] inserted new legislation row: 9fff865f-86ea-46f4-9664-7442e449169e
[db] inserting 9 sections (pass 1)
[db] inserted 9 sections
[db] linking parent FKs (pass 2)
[db] linked 0 parent references

[done] ingested Private Health Insurance (Complaints Levy) Act 1995
       legislation_id: 9fff865f-86ea-46f4-9664-7442e449169e
       sections: 9
       compilation: 2007-04-01
