[fetch] document_1: https://www.legislation.gov.au/C2004A05179/2016-07-01/2016-07-01/text/original/epub/OEBPS/document_1/document_1.html
[fetch] document_1: 89,866 bytes
[fetch] document_2: https://www.legislation.gov.au/C2004A05179/2016-07-01/2016-07-01/text/original/epub/OEBPS/document_2/document_2.html
[fetch] document_2 not found — stopping. Fetched 1 document(s).
[fetch] combined 1 document(s), 89,866 source bytes → 87,952 combined bytes
[citation] Hearing Services and AGHS Reform Act 1997 (Cth)
[parse] starting
[parser-diag] total <p> elements found: 368
[parser-diag] processed 368 <p> elements
[parser-diag] last section was added at element index: 194
[parser-diag] state phase at end: ENDNOTES
[parser-diag] hierarchy stack depth at end: 3
[parser-diag] insideSchedule at end: false
[parse] sections: 25
[parse] compilation: date=2016-07-01 no=7
[parse] by level:
         part         2
         section      19
         division     4
[db] inserted new legislation row: 04f426a7-d876-49e1-b14b-5d37d9a223b4
[db] inserting 25 sections (pass 1)
[db] inserted 25 sections
[db] linking parent FKs (pass 2)
[db] linked 23 parent references

[done] ingested Hearing Services and AGHS Reform Act 1997
       legislation_id: 04f426a7-d876-49e1-b14b-5d37d9a223b4
       sections: 25
       compilation: 2016-07-01
