[fetch] document_1: https://www.legislation.gov.au/C2004A00965/2021-03-28/2021-03-28/text/original/epub/OEBPS/document_1/document_1.html
[fetch] document_1: 73,962 bytes
[fetch] document_2: https://www.legislation.gov.au/C2004A00965/2021-03-28/2021-03-28/text/original/epub/OEBPS/document_2/document_2.html
[fetch] document_2 not found — stopping. Fetched 1 document(s).
[fetch] combined 1 document(s), 73,962 source bytes → 72,167 combined bytes
[citation] Regional Forest Agreements Act 2002 (Cth)
[parse] starting
[parser-diag] total <p> elements found: 313
[parser-diag] processed 313 <p> elements
[parser-diag] last section was added at element index: 168
[parser-diag] state phase at end: ENDNOTES
[parser-diag] hierarchy stack depth at end: 1
[parser-diag] insideSchedule at end: false
[parse] sections: 12
[parse] compilation: date=2021-03-28 no=4
[parse] by level:
         section      12
[db] inserted new legislation row: d077a8f5-703d-4798-b76e-0c9b15219dc2
[db] inserting 12 sections (pass 1)
[db] inserted 12 sections
[db] linking parent FKs (pass 2)
[db] linked 0 parent references

[done] ingested Regional Forest Agreements Act 2002
       legislation_id: d077a8f5-703d-4798-b76e-0c9b15219dc2
       sections: 12
       compilation: 2021-03-28
