[fetch] document_1: https://www.legislation.gov.au/C2004A02568/2026-03-27/2026-03-27/text/original/epub/OEBPS/document_1/document_1.html
[fetch] document_1: 210,347 bytes
[fetch] document_2: https://www.legislation.gov.au/C2004A02568/2026-03-27/2026-03-27/text/original/epub/OEBPS/document_2/document_2.html
[fetch] document_2 not found — stopping. Fetched 1 document(s).
[fetch] combined 1 document(s), 210,347 source bytes → 208,357 combined bytes
[citation] Australian Centre for International Agricultural Research Act 1982 (Cth)
[parse] starting
[parser-diag] total <p> elements found: 895
[parser-diag] processed 895 <p> elements
[parser-diag] last section was added at element index: 449
[parser-diag] state phase at end: ENDNOTES
[parser-diag] hierarchy stack depth at end: 2
[parser-diag] insideSchedule at end: false
[parse] sections: 71
[parse] compilation: date=2026-03-27 no=17
[parse] by level:
         part         9
         section      57
         division     5
[db] inserted new legislation row: eb7d64c1-780d-4e4c-bb0b-470ac1585857
[db] inserting 71 sections (pass 1)
[db] inserted 71 sections
[db] linking parent FKs (pass 2)
[db] linked 62 parent references

[done] ingested Australian Centre for International Agricultural Research Act 1982
       legislation_id: eb7d64c1-780d-4e4c-bb0b-470ac1585857
       sections: 71
       compilation: 2026-03-27
