[fetch] document_1: https://www.legislation.gov.au/C2004A02316/2021-05-01/2021-05-01/text/original/epub/OEBPS/document_1/document_1.html
[fetch] document_1: 198,188 bytes
[fetch] document_2: https://www.legislation.gov.au/C2004A02316/2021-05-01/2021-05-01/text/original/epub/OEBPS/document_2/document_2.html
[fetch] document_2 not found — stopping. Fetched 1 document(s).
[fetch] combined 1 document(s), 198,188 source bytes → 196,202 combined bytes
[citation] National Museum of Australia Act 1980 (Cth)
[parse] starting
[parser-diag] total <p> elements found: 767
[parser-diag] processed 767 <p> elements
[parser-diag] last section was added at element index: 403
[parser-diag] state phase at end: ENDNOTES
[parser-diag] hierarchy stack depth at end: 2
[parser-diag] insideSchedule at end: false
[parse] sections: 49
[parse] compilation: date=2021-05-01 no=13
[parse] by level:
         part         7
         section      42
[db] inserted new legislation row: 43501745-e582-4b2a-ab38-2a355d2263fe
[db] inserting 49 sections (pass 1)
[db] inserted 49 sections
[db] linking parent FKs (pass 2)
[db] linked 42 parent references

[done] ingested National Museum of Australia Act 1980
       legislation_id: 43501745-e582-4b2a-ab38-2a355d2263fe
       sections: 49
       compilation: 2021-05-01
