[fetch] document_1: https://www.legislation.gov.au/C2004A04665/2024-06-12/2024-06-12/text/original/epub/OEBPS/document_1/document_1.html
[fetch] document_1: 2,818,854 bytes
[fetch] document_2: https://www.legislation.gov.au/C2004A04665/2024-06-12/2024-06-12/text/original/epub/OEBPS/document_2/document_2.html
[fetch] document_2 not found — stopping. Fetched 1 document(s).
[fetch] combined 1 document(s), 2,818,854 source bytes → 2,814,433 combined bytes
[citation] Native (Cth)
[parse] starting
[parser-diag] total <p> elements found: 9979
[parser-unknown-class] "TableAA", text="(i) the earlier determination is that native title does not exist in relation to the extinguished..."
[parser-unknown-class] "TableAA", text="(ii) the extinguished area was expressly excluded from the area covered by the earlier determinat..."
[parser-diag] processed 9979 <p> elements
[parser-diag] last section was added at element index: 8055
[parse] sections: 640
[parse] compilation: date=2024-06-12 no=50
[parser-diag] state phase at end: ENDNOTES
[parser-diag] hierarchy stack depth at end: 3
[parser-diag] insideSchedule at end: true
[parse] by level:
         part         14
         section      496
         division     43
         subdivision  33
         schedule     1
         schedule_part 7
         schedule_clause 46
[db] inserted new legislation row: a63ce436-cc02-4de7-8d7d-2cd3d8b56bcb
[db] inserting 640 sections (pass 1)
[db] inserted 640 sections
[db] linking parent FKs (pass 2)
[db] linked 625 parent references

[done] ingested Native
       legislation_id: a63ce436-cc02-4de7-8d7d-2cd3d8b56bcb
       sections: 640
       compilation: 2024-06-12
