[fetch] document_1: https://www.legislation.gov.au/C2004A03847/1989-06-30/1989-06-30/text/original/epub/OEBPS/document_1/document_1.html
[fetch] document_1: 7,216 bytes
[fetch] document_2: https://www.legislation.gov.au/C2004A03847/1989-06-30/1989-06-30/text/original/epub/OEBPS/document_2/document_2.html
[fetch] document_2 not found — stopping. Fetched 1 document(s).
[fetch] combined 1 document(s), 7,216 source bytes → 6,156 combined bytes
[citation] Income Tax (Fund Contributions) Act 1989 (Cth)
[parse] starting
[parser-diag] total <p> elements found: 35
[parser-diag] processed 35 <p> elements
[parser-diag] last section was added at element index: -1
[parser-diag] state phase at end: PRE_BODY
[parser-diag] hierarchy stack depth at end: 0
[parser-diag] insideSchedule at end: false
[parse] sections: 0
[parse] compilation: date=(none) no=(none)
[parse] by level:
[db] inserted new legislation row: 22996165-c91c-458d-966d-413300edf575
[db] inserting 0 sections (pass 1)
[db] inserted 0 sections
[db] linking parent FKs (pass 2)
[db] linked 0 parent references

[done] ingested Income Tax (Fund Contributions) Act 1989
       legislation_id: 22996165-c91c-458d-966d-413300edf575
       sections: 0
       compilation: 1989-06-30
