[fetch] document_1: https://www.legislation.gov.au/C2004A02413/2018-05-23/2018-05-23/text/original/epub/OEBPS/document_1/document_1.html
[fetch] document_1: 67,425 bytes
[fetch] document_2: https://www.legislation.gov.au/C2004A02413/2018-05-23/2018-05-23/text/original/epub/OEBPS/document_2/document_2.html
[fetch] document_2 not found — stopping. Fetched 1 document(s).
[fetch] combined 1 document(s), 67,425 source bytes → 65,348 combined bytes
[citation] Protection of the Sea (Shipping Levy Collection) Act 1981 (Cth)
[parse] starting
[parser-diag] total <p> elements found: 271
[parser-diag] processed 271 <p> elements
[parser-diag] last section was added at element index: 132
[parser-diag] state phase at end: ENDNOTES
[parser-diag] hierarchy stack depth at end: 1
[parser-diag] insideSchedule at end: false
[parse] sections: 15
[parse] compilation: date=2018-05-23 no=9
[parse] by level:
         section      15
[db] inserted new legislation row: 253a161b-a323-48bf-9dcd-19bd025e87eb
[db] inserting 15 sections (pass 1)
[db] inserted 15 sections
[db] linking parent FKs (pass 2)
[db] linked 0 parent references

[done] ingested Protection of the Sea (Shipping Levy Collection) Act 1981
       legislation_id: 253a161b-a323-48bf-9dcd-19bd025e87eb
       sections: 15
       compilation: 2018-05-23
