[fetch] document_1: https://www.legislation.gov.au/C2004A04232/1991-10-21/1991-10-21/text/original/epub/OEBPS/document_1/document_1.html
[fetch] document_1: 13,614 bytes
[fetch] document_2: https://www.legislation.gov.au/C2004A04232/1991-10-21/1991-10-21/text/original/epub/OEBPS/document_2/document_2.html
[fetch] document_2 not found — stopping. Fetched 1 document(s).
[fetch] combined 1 document(s), 13,614 source bytes → 12,476 combined bytes
[citation] Statutory Fishing Rights Charge Act 1991 (Cth)
[parse] starting
[parser-diag] total <p> elements found: 60
[parser-diag] processed 60 <p> elements
[parser-diag] last section was added at element index: -1
[parser-diag] state phase at end: PRE_BODY
[parser-diag] hierarchy stack depth at end: 0
[parser-diag] insideSchedule at end: false
[parse] sections: 0
[parse] compilation: date=(none) no=(none)
[parse] by level:
[db] inserted new legislation row: c00c0bd3-c527-403b-9ea0-10162fe9f63a
[db] inserting 0 sections (pass 1)
[db] inserted 0 sections
[db] linking parent FKs (pass 2)
[db] linked 0 parent references

[done] ingested Statutory Fishing Rights Charge Act 1991
       legislation_id: c00c0bd3-c527-403b-9ea0-10162fe9f63a
       sections: 0
       compilation: 1991-10-21
