[fetch] document_1: https://www.legislation.gov.au/C2006A00156/2006-12-08/2006-12-08/text/original/epub/OEBPS/document_1/document_1.html
[fetch] document_1: 152,792 bytes
[fetch] document_2: https://www.legislation.gov.au/C2006A00156/2006-12-08/2006-12-08/text/original/epub/OEBPS/document_2/document_2.html
[fetch] document_2 not found — stopping. Fetched 1 document(s).
[fetch] combined 1 document(s), 152,792 source bytes → 151,360 combined bytes
[citation] Families, Community Services and Indigenous Affairs and Veterans' Affairs Legislation Amendment (2006 Budget Measures) Act 2006 (Cth)
[parse] starting
[parser-diag] total <p> elements found: 520
[parser-unknown-class] "ActHead6", text="Schedule 1—Inclusion of land adjacent to a dwelling‑house in a principal home"
[parser-unknown-class] "ActHead9", text="Social Security Act 1991"
[parser-unknown-class] "ItemHead", text="1  Subsection 4(6A) (note)"
[parser-unknown-class] "ItemHead", text="2  Paragraph 8(8)(zn) (note 2)"
[parser-unknown-class] "ItemHead", text="3  Subsection 11(1) (definition of principal home)"
[parser-unknown-class] "ItemHead", text="4  Subsection 11(1) (definition of reasonable security of tenure)"
[parser-unknown-class] "ItemHead", text="5  Subsections 11(5) to (8)"
[parser-unknown-class] "ItemHead", text="6  After section 11"
[parser-unknown-class] "ItemHead", text="7  Subsections 12A(2A) and (2B)"
[parser-unknown-class] "ItemHead", text="8  Subsection 13(1) (note to definition of ineligible homeowner)"
[parser-unknown-class] "ItemHead", text="9  Subparagraph 13(2)(a)(iii)"
[parser-unknown-class] "ItemHead", text="10  Subsection 13(2) (note)"
[parser-unknown-class] "ItemHead", text="11  Subsection 13(3A) (note)"
[parser-unknown-class] "ItemHead", text="12  Subsection 13(3B) (note)"
[parser-unknown-class] "ItemHead", text="13  Subsection 1118(1) (note 2)"
[parser-unknown-class] "ItemHead", text="14  Subsection 1118(1) (note 3)"
[parser-unknown-class] "ItemHead", text="15  Subsection 1185C(2)"
[parser-unknown-class] "ItemHead", text="16  Paragraphs 1185S(5)(b) and (d)"
[parser-unknown-class] "ItemHead", text="17  Paragraph 1208J(1)(a)"
[parser-unknown-class] "ItemHead", text="18  Paragraph 1208X(a)"
[parser-unknown-class] "ItemHead", text="19  Transitional arrangements—one title rule"
[parser-unknown-class] "Subitem", text="(1) Section 11A of the Social Security Act 1991, inserted by item 6 of this Schedule, applies in ..."
[parser-unknown-class] "Subitem", text="(2) The first case is where:"
[parser-unknown-class] "Subitem", text="(3) The second case is where:"
[parser-unknown-class] "ItemHead", text="20  Transitional arrangements—effective use test"
[parser-unknown-class] "Subitem", text="(1) If:"
[parser-unknown-class] "Subitem", text="(2) If:"
[parser-unknown-class] "Subitem", text="(3) If:"
[parser-unknown-class] "Subitem", text="(4) The Secretary may determine in writing that a person is to be treated for the purposes of par..."
[parser-unknown-class] "Subitem", text="(5) The Secretary may determine in writing that a person is to be treated:"
[parser-unknown-class] "Subitem", text="(6) In this item:"
[parser-unknown-class] "ActHead9", text="Veterans’ Entitlements Act 1986"
[parser-unknown-class] "ItemHead", text="21  Section 5 (item relating to interest that gives reasonable security of tenure)"
[parser-unknown-class] "ItemHead", text="22  Section 5 (item relating to principal home)"
[parser-unknown-class] "ItemHead", text="23  Section 5"
[parser-unknown-class] "ItemHead", text="24  Subsection 5E(4A) (note)"
[parser-unknown-class] "ItemHead", text="25  Paragraph 5H(8)(nc) (note 3)"
[parser-unknown-class] "ItemHead", text="26  Subsection 5L(1) (definition of interest that gives reasonable security of tenure)"
[parser-unknown-class] "ItemHead", text="27  Subsection 5L(1) (definition of principal home)"
[parser-unknown-class] "ItemHead", text="28  Subsection 5L(1)"
[parser-unknown-class] "ItemHead", text="29  Subsections 5L(5) to (8)"
[parser-unknown-class] "ItemHead", text="30  After section 5L"
[parser-unknown-class] "ItemHead", text="31  Subsection 5MA(2A)"
[parser-unknown-class] "ItemHead", text="32  Subsection 5MA(2B)"
[parser-unknown-class] "ItemHead", text="33  Subsection 5N(1) (definition of ineligible property owner) (note)"
[parser-unknown-class] "ItemHead", text="34  Subparagraph 5N(2)(a)(iii)"
[parser-unknown-class] "ItemHead", text="35  Subsection 5N(2) (note)"
[parser-unknown-class] "ItemHead", text="36  Subsection 5N(3A) (note)"
[parser-unknown-class] "ItemHead", text="37  Subsection 5N(3B) (note)"
[parser-unknown-class] "ItemHead", text="38  Subsection 49B(2)"
[parser-unknown-class] "ItemHead", text="39  Subsection 49R(5)"
[parser-unknown-class] "ItemHead", text="40  Paragraph 52(1)(n) (note)"
[parser-unknown-class] "ItemHead", text="41  Paragraph 52ZZV(1)(a)"
[parser-unknown-class] "ItemHead", text="42  Paragraph 52ZZZI(a)"
[parser-unknown-class] "ItemHead", text="43  Subclause 17A(2) of Schedule 5 (note 2)"
[parser-unknown-class] "ItemHead", text="44  Transitional arrangements—one title rule"
[parser-unknown-class] "Subitem", text="(1) Section 5LA of the Veterans’ Entitlements Act 1986, inserted by item 30 of this Schedule, app..."
[parser-unknown-class] "Subitem", text="(2) The first case is where:"
[parser-unknown-class] "Subitem", text="(3) The second case is where:"
[parser-unknown-class] "ItemHead", text="45  Transitional arrangements—effective use test"
[parser-unknown-class] "Subitem", text="(1) If:"
[parser-unknown-class] "Subitem", text="(2) If:"
[parser-unknown-class] "Subitem", text="(3) If:"
[parser-unknown-class] "Subitem", text="(4) The Commission may determine in writing that a person is to be treated for the purposes of pa..."
[parser-unknown-class] "Subitem", text="(5) The Commission may determine in writing that a person is to be treated:"
[parser-unknown-class] "Subitem", text="(6) In this item:"
[parser-unknown-class] "ActHead6", text="Schedule 3—Crisis payment"
[parser-unknown-class] "ActHead9", text="Social Security Act 1991"
[parser-unknown-class] "ItemHead", text="1  Subsection 19D(1)"
[parser-unknown-class] "ItemHead", text="2  Paragraph 1061JH(1)(g)"
[parser-unknown-class] "ItemHead", text="3  After section 1061JH"
[parser-unknown-class] "ItemHead", text="4  Paragraph 1061JL(2)(b)"
[parser-unknown-class] "ItemHead", text="5  Application"
[parser-unknown-class] "ActHead6", text="Schedule 4—Miscellaneous"
[parser-unknown-class] "ActHead9", text="Aged Care Act 1997"
[parser-unknown-class] "ItemHead", text="1  After paragraph 86‑3(c)"
[parser-unknown-class] "ItemHead", text="2  Clause 1 of Schedule 1"
[parser-unknown-class] "ActHead9", text="Child Support (Assessment) Act 1989"
[parser-unknown-class] "ItemHead", text="3  After paragraph 150(3)(ba)"
[parser-unknown-class] "ActHead9", text="Child Support (Registration and Collection) Act 1988"
[parser-unknown-class] "ItemHead", text="4  After paragraph 16(3)(ba)"
[parser-unknown-class] "ActHead9", text="Social Security (Administration) Act 1999"
[parser-unknown-class] "ItemHead", text="5  After paragraph 195(2)(h)"
[parser-unknown-class] "2ndRd", text=""
[parser-unknown-class] "2ndRd", text="[Minister’s second reading speech made in—"
[parser-unknown-class] "2ndRd", text="House of Representatives on 14 September 2006"
[parser-unknown-class] "2ndRd", text="Senate on 11 October 2006]"
[parser-diag] processed 520 <p> elements
[parser-diag] last section was added at element index: 466
[parser-diag] state phase at end: BODY
[parser-diag] hierarchy stack depth at end: 1
[parser-diag] insideSchedule at end: false
[parse] sections: 6
[parse] compilation: date=(none) no=(none)
[parse] by level:
         section      6
[db] inserted new legislation row: ec5539e3-3353-471b-8167-0a75b7d49426
[db] inserting 6 sections (pass 1)
[db] inserted 6 sections
[db] linking parent FKs (pass 2)
[db] linked 0 parent references

[done] ingested Families, Community Services and Indigenous Affairs and Veterans' Affairs Legislation Amendment (2006 Budget Measures) Act 2006
       legislation_id: ec5539e3-3353-471b-8167-0a75b7d49426
       sections: 6
       compilation: 2006-12-08
