[fetch] document_1: https://www.legislation.gov.au/C2004A01611/2025-02-15/2025-02-15/text/original/epub/OEBPS/document_1/document_1.html
[fetch] document_1: 1,308,312 bytes
[fetch] document_2: https://www.legislation.gov.au/C2004A01611/2025-02-15/2025-02-15/text/original/epub/OEBPS/document_2/document_2.html
[fetch] document_2 not found — stopping. Fetched 1 document(s).
[fetch] combined 1 document(s), 1,308,312 source bytes → 1,305,201 combined bytes
[citation] Ombudsman Act 1976 (Cth)
[parse] starting
[parser-diag] total <p> elements found: 4609
[parser-diag] processed 4609 <p> elements
[parser-diag] last section was added at element index: 3409
[parser-diag] state phase at end: ENDNOTES
[parse] sections: 273
[parse] compilation: date=2025-02-15 no=61
[parser-diag] hierarchy stack depth at end: 2
[parser-diag] insideSchedule at end: false
[parse] by level:
         part         10
         section      211
         division     34
         subdivision  18
[db] inserted new legislation row: 633c0864-4ccd-4d25-97b1-e5c53e8642c6
[db] inserting 273 sections (pass 1)
[db] inserted 273 sections
[db] linking parent FKs (pass 2)
[db] linked 263 parent references

[done] ingested Ombudsman Act 1976
       legislation_id: 633c0864-4ccd-4d25-97b1-e5c53e8642c6
       sections: 273
       compilation: 2025-02-15
