[fetch] document_1: https://www.legislation.gov.au/C2004A00490/2026-01-01/2026-01-01/text/original/epub/OEBPS/document_1/document_1.html
[fetch] document_1: 2,180,317 bytes
[fetch] document_2: https://www.legislation.gov.au/C2004A00490/2026-01-01/2026-01-01/text/original/epub/OEBPS/document_2/document_2.html
[fetch] document_2 not found — stopping. Fetched 1 document(s).
[fetch] combined 1 document(s), 2,180,317 source bytes → 2,177,023 combined bytes
[citation] A New Tax System (Family Assistance) Act 1999 (Cth)
[parse] starting
[parser-diag] total <p> elements found: 8000
[parser-unknown-class] "BoxStep", text="Step 1. Work out the rate of family tax benefit for which the individual would be eligible under ..."
[parser-unknown-class] "BoxStep", text="Step 2. If paragraph (b) of step 1 applies, work out the rate of family tax benefit for which the..."
[parser-unknown-class] "BoxStep", text="Step 3. The single amount is:"
[parser-unknown-class] "BoxStep", text="Step 1. In relation to the days that newborn supplement, in relation to that child, worked out un..."
[parser-unknown-class] "BoxStep", text="Step 2. In relation to those days, work out what would have been the total amount of newborn supp..."
[parser-unknown-class] "BoxStep", text="Step 3. The additional amount is the step 2 amount less the step 1 amount."
[parser-unknown-class] "BoxStep", text="Step 1. Work out the main income earner’s taxable income (rounded down to the nearest dollar)."
[parser-unknown-class] "BoxStep", text="Step 2. Reduce the amount at step 1 by $68,000."
[parser-unknown-class] "BoxStep", text="Step 3. Multiply the amount worked out at step 2 by 0.025."
[parser-unknown-class] "BoxStep", text="Step 4. If the amount at step 3 is less than or equal to $300, the provisional component is the a..."
[parser-unknown-class] "BoxStep", text="Step 5. If the amount at step 3 is more than $300, the provisional component is:"
[parser-unknown-class] "BoxStep", text="Step 6. If the individual is not a member of a couple—the individual’s annual rate of single inco..."
[parser-unknown-class] "BoxStep", text="Step 7. If the individual is a member of a couple—the individual’s annual rate of single income f..."
[parser-unknown-class] "BoxStep", text="Step 8. If the low income earner’s taxable income for the income year (rounded down to the neares..."
[parser-unknown-class] "BoxStep", text="Step 1. Work out the individual’s clean energy daily rate (see section 106) on the decision day (..."
[parser-unknown-class] "BoxStep", text="Step 2. Multiply the amount at step 1 by 365: the result is the amount of the individual’s clean ..."
[parser-unknown-class] "BoxStep", text="Step 1. Work out the sum of the individual’s clean energy daily rates (see section 106) for each ..."
[parser-unknown-class] "BoxStep", text="Step 2. Multiply the individual’s clean energy daily rate on the decision day by the number of da..."
[parser-unknown-class] "BoxStep", text="Step 3. Work out the sum of the amounts at steps 1 and 2: the result is the amount of the individ..."
[parser-unknown-class] "BoxStep", text="Step 1. If the individual’s rate of family tax benefit on that day (disregarding reductions (if a..."
[parser-unknown-class] "BoxStep", text="Step 2. If the individual’s rate of family tax benefit on that day consisted of or included a Par..."
[parser-unknown-class] "BoxStep", text="Step 3. Work out the sum of the amounts at steps 1 and 2."
[parser-unknown-class] "BoxStep", text="Step 4. Multiply the amount at step 3 by 0.017."
[parser-unknown-class] "BoxStep", text="Step 5. Divide the amount at step 4 by 365 (rounded to the nearest cent (rounding 0.5 cents upwar..."
[parser-unknown-class] "BoxStep", text="Step 1. Add the following amounts:"
[parser-unknown-class] "BoxStep", text="The result is the individual’s maximum rate."
[parser-unknown-class] "BoxNote", text="Note: Paragraph (cb) does not apply to certain individuals: see clause 6A."
[parser-unknown-class] "BoxStep", text="Step 2. Apply the income test in Division 2C of Part 5 (clauses 38L to 38N) to work out any reduc..."
[parser-unknown-class] "BoxStep", text="Step 3. Apply the maintenance income test in Division 5 of this Part (clauses 20 to 24) to work o..."
[parser-unknown-class] "BoxStep", text="Step 4. The individual’s Part A rate is:"
[parser-unknown-class] "BoxStep", text="Step 1. Work out the annualised amount of the individual’s maintenance income. In doing so:"
[parser-unknown-class] "BoxStep", text="Step 2. Work out the individual’s maintenance income free area using clauses 22 and 23."
[parser-unknown-class] "BoxStep", text="Step 3. Work out whether the individual’s maintenance income exceeds the individual’s maintenance..."
[parser-unknown-class] "BoxStep", text="Step 4. If the individual’s maintenance income does not exceed the individual’s maintenance incom..."
[parser-unknown-class] "BoxStep", text="Step 5. If the individual’s maintenance income exceeds the individual’s maintenance income free a..."
[parser-unknown-class] "BoxStep", text="Step 6. The individual’s reduction for maintenance income is half the maintenance income excess."
[parser-unknown-class] "BoxStep", text="Step 1. Work out the global maintenance entitlement of the eligible person for the day using clau..."
[parser-unknown-class] "BoxStep", text="Step 2. Identify the lower of:"
[parser-unknown-class] "BoxStep", text="Step 3. Subtract from the lower amount identified in step 2 the annualised amount of the maintena..."
[parser-unknown-class] "BoxStep", text="Step 4. Divide the result of step 3 by 365 and round the result of the division to the nearest ce..."
[parser-unknown-class] "BoxStep", text="Step 5. Unless subclause (2) applies to the individual, the amount that accrues to the maintenanc..."
[parser-unknown-class] "BoxStep", text="If subclause (2) applies to the individual, take the amount worked out under step 4 and apply the..."
[parser-unknown-class] "BoxStep", text="Step 1. Work out the daily cap for each relevant balance as follows:"
[parser-unknown-class] "BoxStep", text="Step 2. Distribute the amount worked out under step 4 of the method statement in subclause (1) eq..."
[parser-unknown-class] "BoxStep", text="Step 3. Distribute any remaining amount equally among each relevant balance for which the daily c..."
[parser-unknown-class] "BoxStep", text="Step 4. Reapply step 3 to any remaining amount until:"
[parser-unknown-class] "BoxStep", text="Step 5. The amount that accrues to each of the relevant balances for the day is the sum of the am..."
[parser-unknown-class] "BoxStep", text="Step 1. Work out the individual’s above base standard amount for the maintenance income using cla..."
[parser-unknown-class] "BoxStep", text="Step 1A. Work out the individual’s above base energy supplement amount for the maintenance income..."
[parser-unknown-class] "BoxStep", text="Step 2. Work out the individual’s RA amount for the maintenance income using clause 24J."
[parser-unknown-class] "BoxStep", text="Step 3. Work out the individual’s MIFA amount for the maintenance income using clause 24K."
[parser-unknown-class] "BoxStep", text="Step 4. Work out the individual’s maintenance income ceiling for the maintenance income using cla..."
[parser-unknown-class] "BoxStep", text="Step 1. Work out the individual’s rent assistance (if any) under Subdivision A of Division 2B of ..."
[parser-unknown-class] "BoxStep", text="Step 2. Work out the amount that would be the individual’s rent assistance (if any) under that Su..."
[parser-unknown-class] "BoxStep", text="Step 3. If the individual, and the individual’s partner, between them are entitled to apply for m..."
[parser-unknown-class] "BoxStep", text="Step 4. If the individual, and the individual’s partner, between them are entitled to apply for m..."
[parser-unknown-class] "BoxStep", text=""
[parser-unknown-class] "BoxStep", text="Step 1. Work out the individual’s standard amount for the maintenance income using clause 24P."
[parser-unknown-class] "BoxStep", text="Step 2A. Work out the individual’s newborn supplement (if any) under Division 1A of Part 5 (claus..."
[parser-unknown-class] "BoxStep", text="Step 3. Work out the individual’s multiple birth allowance (if any) under Division 2 of Part 5 (c..."
[parser-unknown-class] "BoxStep", text="Step 4. Work out the individual’s supplement amount for the maintenance income using clause 24R."
[parser-unknown-class] "BoxStep", text="Step 4A. Work out the individual’s energy supplement amount for the maintenance income using clau..."
[parser-unknown-class] "BoxStep", text="Step 5. Work out the individual’s RA amount for the maintenance income using clause 24J."
[parser-unknown-class] "BoxStep", text="Step 6. Work out the individual’s MIFA amount for the maintenance income using clause 24K."
[parser-unknown-class] "BoxStep", text="Step 7. Work out the individual’s maintenance income ceiling for the maintenance income using cla..."
[parser-unknown-class] "BoxStep", text="Step 1. Add the following amounts:"
[parser-unknown-class] "BoxStep", text="The result is the individual’s Method 2 base rate."
[parser-unknown-class] "BoxNote", text="Note: Paragraph (e) does not apply to certain individuals: see clause 25C."
[parser-unknown-class] "BoxStep", text="Step 2. Apply the income test in Division 3 of this Part (clause 28) to work out any reduction fo..."
[parser-unknown-class] "BoxStep", text="Step 3. Work out the rate that would be the individual’s income and maintenance tested rate under..."
[parser-unknown-class] "BoxNote", text="Note: Clause 25D modifies the application of this step."
[parser-unknown-class] "BoxStep", text="Step 4. The individual’s Part A rate is:"
[parser-unknown-class] "BoxStep", text="Step 2. Subtract the individual’s income free area (worked out under clause 38N) from the individ..."
[parser-unknown-class] "BoxStep", text="Step 2A. Work out 20% of the amount at step 2."
[parser-unknown-class] "BoxStep", text="Step 2B. Subtract the individual’s higher income free area (worked out under clause 2) from the i..."
[parser-unknown-class] "BoxStep", text="Step 2C. Work out 30% of the amount at step 2B."
[parser-unknown-class] "BoxStep", text="Step 2D. The individual’s reduction for adjusted taxable income is the sum of the amounts at step..."
[parser-unknown-class] "BoxStep", text="Step 1. Work out the individual’s higher income free area using clause 2."
[parser-unknown-class] "BoxStep", text="Step 2. Work out whether the individual’s adjusted taxable income exceeds the individual’s higher..."
[parser-unknown-class] "BoxStep", text="Step 3. If the individual’s adjusted taxable income does not exceed the individual’s higher incom..."
[parser-unknown-class] "BoxStep", text="Step 4. If the individual’s adjusted taxable income exceeds the individual’s higher income free a..."
[parser-unknown-class] "BoxStep", text="Step 5. The individual’s reduction for income is 30% of the income excess."
[parser-unknown-class] "BoxStep", text="Step 1. Work out the individual’s rent assistance (if any) under Subdivision A of Division 2B of ..."
[parser-unknown-class] "BoxStep", text="Step 2. Apply the income test in Division 2C of Part 5 (clauses 38L to 38N) to work out any reduc..."
[parser-unknown-class] "BoxStep", text="Step 3. The individual’s Part A rate is the individual’s income tested rate."
[parser-unknown-class] "BoxStep", text="Step 1. Add the following amounts:"
[parser-unknown-class] "BoxStep", text="The result is the individual’s maximum rate."
[parser-unknown-class] "BoxNote", text="Note: Paragraph (c) does not apply to certain individuals: see clause 29AA."
[parser-unknown-class] "BoxStep", text="Step 2. Work out the individual’s reduction for adjusted taxable income using Division 3 (clauses..."
[parser-unknown-class] "BoxStep", text="Step 3. The individual’s Part B rate is the maximum rate less the reduction for adjusted taxable ..."
[parser-unknown-class] "BoxStep", text="Step 1. Work out the individual’s income free area using clause 33."
[parser-unknown-class] "BoxStep", text="Step 2. Work out whether the individual’s adjusted taxable income exceeds the individual’s income..."
[parser-unknown-class] "BoxStep", text="Step 3. If the individual’s adjusted taxable income does not exceed the individual’s income free ..."
[parser-unknown-class] "BoxStep", text="Step 4. If the individual’s adjusted taxable income exceeds the individual’s income free area, th..."
[parser-unknown-class] "BoxStep", text="Step 5. The individual’s reduction for income is 20% of the income excess."
[parser-unknown-class] "BoxStep", text="Step 1. Work out the rate (if any) of social security payment (the actual payment) that was payab..."
[parser-unknown-class] "BoxStep", text="Step 2. Work out the rate (if any) of social security payment (the notional payment) that would h..."
[parser-unknown-class] "BoxStep", text="Step 3. Subtract the notional payment from the actual payment. The difference is the individual’s..."
[parser-unknown-class] "BoxStep", text="Step 4. Multiply the individual’s daily social security RA amount for that day by 365. The result..."
[parser-unknown-class] "BoxStep", text="Step 1. Work out the rate (if any) of social security payment (the actual payment) that was payab..."
[parser-unknown-class] "BoxStep", text="Step 2. Work out the rate (if any) of social security payment (the notional payment) that would h..."
[parser-unknown-class] "BoxStep", text="Step 3. Subtract the notional payment from the actual payment. The difference is the eligible par..."
[parser-unknown-class] "BoxStep", text="Step 4. Multiply the eligible partner’s daily social security RA amount for that day by 365. The ..."
[parser-unknown-class] "BoxStep", text="Step 1. Work out the rate (if any) of service pension, income support supplement or veteran payme..."
[parser-unknown-class] "BoxStep", text="Step 2. Work out the rate (if any) of service pension, income support supplement or veteran payme..."
[parser-unknown-class] "BoxStep", text="Step 3. Subtract the notional payment from the actual payment. The difference is the individual’s..."
[parser-unknown-class] "BoxStep", text="Step 4. Divide the individual’s provisional veterans’ entitlements RA amount for that day by 364,..."
[parser-unknown-class] "BoxStep", text="Step 1. Work out the rate (if any) of service pension, income support supplement or veteran payme..."
[parser-unknown-class] "BoxStep", text="Step 2. Work out the rate (if any) of service pension, income support supplement or veteran payme..."
[parser-unknown-class] "BoxStep", text="Step 3. Subtract the notional payment from the actual payment. The difference is the eligible par..."
[parser-unknown-class] "BoxStep", text="Step 4. Divide the eligible partner’s provisional veterans’ entitlements RA amount for that day b..."
[parser-unknown-class] "BoxStep", text="Step 1. Work out the individual’s income free area using clause 38N."
[parser-unknown-class] "BoxStep", text="Step 2. Work out whether the individual’s adjusted taxable income exceeds the individual’s income..."
[parser-unknown-class] "BoxStep", text="Step 3. If the individual’s adjusted taxable income does not exceed the individual’s income free ..."
[parser-unknown-class] "BoxStep", text="Step 4. If the individual’s adjusted taxable income exceeds the individual’s income free area, th..."
[parser-unknown-class] "BoxStep", text="Step 5. The individual’s reduction for adjusted taxable income is 20% of the income excess."
[parser-unknown-class] "BoxStep", text="Step 1. If the individual or the individual’s partner was receiving family allowance, but not fam..."
[parser-unknown-class] "BoxStep", text="Step 2. If the individual or the individual’s partner was receiving family tax payment, but not f..."
[parser-unknown-class] "BoxStep", text="Step 3. If the individual or the individual’s partner was receiving family allowance and family t..."
[parser-unknown-class] "BoxStep", text="The result is the individual’s fortnightly rate."
[parser-unknown-class] "BoxStep", text="Step 4. From the individual’s fortnightly rate subtract any amount of guardian allowance included..."
[parser-unknown-class] "BoxStep", text="Step 5. Divide the individual’s net fortnightly rate by 14. If the result is not a whole number o..."
[parser-unknown-class] "BoxStep", text="Step 6. If neither the individual nor the individual’s partner was receiving family allowance or ..."
[parser-unknown-class] "BoxStep", text="Step 7. If either or both of subparagraphs (2)(a)(i) and (ii) are satisfied but subparagraph (2)(..."
[parser-unknown-class] "BoxStep", text="Step 8. If subparagraph (2)(a)(iii) is satisfied but subparagraph (2)(a)(ii) is not satisfied, ad..."
[parser-unknown-class] "BoxStep", text="The result is the individual’s 30 June 2000 rate."
[parser-unknown-class] "BoxStep", text="Step 1. Take each advance, in the order in which the advances were paid."
[parser-unknown-class] "BoxStep", text="Step 2. If the unreduced Part A rate, less any amounts by which the individual’s Part A rate has ..."
[parser-unknown-class] "BoxStep", text="Step 3. If the unreduced Part A rate, less any amounts by which the individual’s Part A rate has ..."
[parser-unknown-class] "BoxStep", text="Step 4. If the unreduced Part A rate, less any amounts by which the individual’s Part A rate has ..."
[parser-unknown-class] "BoxStep", text="Step 1. Work out the individual’s subsidised hours, in relation to the child, for the CCS fortnig..."
[parser-unknown-class] "BoxStep", text="Step 3. Identify all the sessions of care:"
[parser-unknown-class] "BoxStep", text="Step 4. Work out the hourly rate of CCS for the individual for each of those sessions of care (se..."
[parser-unknown-class] "BoxStep", text="If the applicable percentage is 0% for each of those sessions of care, the amount of child care s..."
[parser-unknown-class] "BoxStep", text="Otherwise, go to step 5."
[parser-unknown-class] "BoxStep", text="Step 5. Work out:"
[parser-unknown-class] "BoxStep", text="If paragraph (b) applies, go to step 7."
[parser-unknown-class] "BoxStep", text="Otherwise, go to step 6."
[parser-unknown-class] "BoxStep", text="Step 6. The amount of CCS for the individual for the week, for the sessions of care identified in..."
[parser-unknown-class] "BoxStep", text="Step 7. If at least one of the sessions of care identified in step 3 is a session of care to whic..."
[parser-unknown-class] "BoxStep", text="Step 1. Work out the provider’s deemed subsidised hours for the child and service for the CCS for..."
[parser-unknown-class] "BoxStep", text="Step 2. Identify all the sessions of care:"
[parser-unknown-class] "BoxStep", text="Step 3. Work out the hourly rate of ACCS for the provider for each of those sessions of care (see..."
[parser-unknown-class] "BoxStep", text="Step 4. Work out the basic subsidy amount of ACCS for those sessions of care (see clause 10)."
[parser-unknown-class] "BoxStep", text="Step 5. The amount of ACCS (child wellbeing) for the provider for the week, for the sessions of c..."
[parser-unknown-class] "BoxStep", text="Step 1. Use clause 5 to work out the indexation factor for the amount on the indexation day."
[parser-unknown-class] "BoxStep", text="Step 2. Work out the current figure for the amount immediately before the indexation day."
[parser-unknown-class] "BoxStep", text="Step 3. Multiply the current figure by the indexation factor: the result is the provisional index..."
[parser-unknown-class] "BoxStep", text="Step 4 . Use clause 6 to round off the provisional indexed amount: the result is the indexed amount."
[parser-diag] processed 8000 <p> elements
[parser-diag] last section was added at element index: 5207
[parse] sections: 429
[parse] compilation: date=2026-01-01 no=123
[parser-diag] state phase at end: ENDNOTES
[parser-diag] hierarchy stack depth at end: 3
[parser-diag] insideSchedule at end: true
[parse] by level:
         part         12
         section      172
         division     57
         subdivision  30
         schedule     4
         schedule_part 13
         schedule_clause 141
[db] inserted new legislation row: 3eeda8ab-9881-4bac-a3bb-b7c9f5c2518b
[db] inserting 429 sections (pass 1)
[db] inserted 429 sections
[db] linking parent FKs (pass 2)
[db] linked 413 parent references

[done] ingested A New Tax System (Family Assistance) Act 1999
       legislation_id: 3eeda8ab-9881-4bac-a3bb-b7c9f5c2518b
       sections: 429
       compilation: 2026-01-01
