[fetch] document_1: https://www.legislation.gov.au/C2004A04523/2003-06-11/2003-06-11/text/original/epub/OEBPS/document_1/document_1.html
[fetch] document_1: 59,079 bytes
[fetch] document_2: https://www.legislation.gov.au/C2004A04523/2003-06-11/2003-06-11/text/original/epub/OEBPS/document_2/document_2.html
[fetch] document_2 not found — stopping. Fetched 1 document(s).
[fetch] combined 1 document(s), 59,079 source bytes → 57,832 combined bytes
[citation] Seafarers Rehabilitation and Compensation Levy Collection Act 1992 (Cth)
[parse] starting
[parser-diag] total <p> elements found: 194
[parser-diag] processed 194 <p> elements
[parser-diag] last section was added at element index: -1
[parser-diag] state phase at end: PRE_BODY
[parser-diag] hierarchy stack depth at end: 0
[parser-diag] insideSchedule at end: false
[parse] sections: 0
[parse] compilation: date=(none) no=(none)
[parse] by level:
[db] inserted new legislation row: c0a78fc0-b4f5-429e-a7b7-99f22208a65e
[db] inserting 0 sections (pass 1)
[db] inserted 0 sections
[db] linking parent FKs (pass 2)
[db] linked 0 parent references

[done] ingested Seafarers Rehabilitation and Compensation Levy Collection Act 1992
       legislation_id: c0a78fc0-b4f5-429e-a7b7-99f22208a65e
       sections: 0
       compilation: 2003-06-11
