[fetch] document_1: https://www.legislation.gov.au/C2006A00073/2014-07-01/2014-07-01/text/original/epub/OEBPS/document_1/document_1.html
[fetch] document_1: 516,576 bytes
[fetch] document_2: https://www.legislation.gov.au/C2006A00073/2014-07-01/2014-07-01/text/original/epub/OEBPS/document_2/document_2.html
[fetch] document_2 not found — stopping. Fetched 1 document(s).
[fetch] combined 1 document(s), 516,576 source bytes → 510,221 combined bytes
[citation] Fuel Tax (Consequential and Transitional Provisions) Act 2006 (Cth)
[parse] starting
[parser-diag] total <p> elements found: 2084
[parser-unknown-class] "ActHead6", text="Schedule 1—Amendments relating to the repeal of the Fuel Sales Grants Act 2000"
[parser-unknown-class] "ActHead7", text="Part 1—Amendments commencing on 1 July 2006"
[parser-unknown-class] "ActHead9", text="Fuel Sales Grants Act 2000"
[parser-unknown-class] "ItemHead", text="1  Paragraph 7(c)"
[parser-unknown-class] "ActHead9", text="Product Grants and Benefits Administration Act 2000"
[parser-unknown-class] "ItemHead", text="2  After paragraph 15(2)(d)"
[parser-unknown-class] "ItemHead", text="3  Paragraph 15(2)(e)"
[parser-unknown-class] "ActHead7", text="Part 2—Amendments commencing on or after 1 January 2007"
[parser-unknown-class] "ActHead9", text="Product Grants and Benefits Administration Act 2000"
[parser-unknown-class] "ItemHead", text="4  Section 8 (table item 1)"
[parser-unknown-class] "ItemHead", text="5  Subsection 9(3)"
[parser-unknown-class] "ItemHead", text="6  Paragraph 15(2)(da)"
[parser-unknown-class] "ItemHead", text="7  Subparagraphs 47(3)(c)(ia) and (d)(ia)"
[parser-unknown-class] "ActHead7", text="Part 3—Repeal of Fuel Sales Grants Act 2000 on 1 January 2007"
[parser-unknown-class] "ActHead9", text="Fuel Sales Grants Act 2000"
[parser-unknown-class] "ItemHead", text="8  The whole of the Act"
[parser-unknown-class] "ActHead6", text="Schedule 2—Amendments relating to the repeal of the States Grants (Petroleum Products) Act 1965"
[parser-unknown-class] "ActHead7", text="Part 1—Amendments commencing on 1 July 2006"
[parser-unknown-class] "ActHead9", text="States Grants (Petroleum Products) Act 1965"
[parser-unknown-class] "ItemHead", text="1  At the end of subsection 5(1)"
[parser-unknown-class] "ItemHead", text="2  Paragraph 5(5)(a)"
[parser-unknown-class] "ItemHead", text="3  Paragraph 5(5)(aa)"
[parser-unknown-class] "ItemHead", text="4  Subparagraph 5(5)(b)(i)"
[parser-unknown-class] "ActHead7", text="Part 2—Repeal of States Grants (Petroleum Products) Act 1965 on 1 July 2007"
[parser-unknown-class] "ActHead9", text="States Grants (Petroleum Products) Act 1965"
[parser-unknown-class] "ItemHead", text="5  The whole of the Act"
[parser-unknown-class] "ActHead6", text="Schedule 3—Fuel credits arising from before 1 July 2006 and until 1 July 2012"
[parser-unknown-class] "ActHead7", text="Part 1—Definitions"
[parser-unknown-class] "ItemHead", text="1  Definitions"
[parser-unknown-class] "ActHead7", text="Part 2—Energy grants arising before 1 July 2006"
[parser-unknown-class] "ActHead8", text="Division 1—Energy grants claimed under the Energy Grants Act"
[parser-unknown-class] "ActHead9", text="Energy Grants (Credits) Scheme Act 2003"
[parser-unknown-class] "ItemHead", text="2  Section 40"
[parser-unknown-class] "ItemHead", text="3  At the end of section 40"
[parser-unknown-class] "ItemHead", text="4  Section 51"
[parser-unknown-class] "ItemHead", text="5  At the end of section 51"
[parser-unknown-class] "ActHead9", text="Product Grants and Benefits Administration Act 2000"
[parser-unknown-class] "ItemHead", text="6  Before paragraph 15(2)(e)"
[parser-unknown-class] "ItemHead", text="7  After subsection 15(2)"
[parser-unknown-class] "ItemHead", text="8  At the end of section 15"
[parser-unknown-class] "ActHead8", text="Division 2—Energy grants claimed under the Fuel Tax Act"
[parser-unknown-class] "ItemHead", text="9  Grants claimed under the Fuel Tax Act"
[parser-unknown-class] "Subitem", text="(1) For the purposes of the Fuel Tax Act, you have a decreasing fuel tax adjustment if:"
[parser-unknown-class] "Subitem", text="(2) The amount of the adjustment is the amount of the credit that you were entitled to under the ..."
[parser-unknown-class] "Subitem", text="(3) The adjustment is attributable to the tax period or fuel tax return period that you choose th..."
[parser-unknown-class] "Subitem", text="(4) If you have a decreasing fuel tax adjustment under this item, then:"
[parser-unknown-class] "ActHead7", text="Part 3—Fuel tax credits arising between 1 July 2006 and 30 June 2012"
[parser-unknown-class] "ActHead8", text="Division 1—Credits arising between 1 July 2006 and 30 June 2008"
[parser-unknown-class] "ItemHead", text="10  Fuel acquired, manufactured or imported between 1 July 2006 and 30 June 2008"
[parser-unknown-class] "Subitem", text="(1) This item applies if:"
[parser-unknown-class] "Subitem", text="(2) You are not entitled to the credit under section 41‑5 of the Fuel Tax Act unless you meet a c..."
[parser-unknown-class] "SubitemHead", text="Entitlement to a credit if you would have been entitled to an on‑road credit"
[parser-unknown-class] "Subitem", text="(3) You are not entitled to the credit under section 41‑5 of the Fuel Tax Act unless you would ha..."
[parser-unknown-class] "Subitem", text="(4) If subitem (3) applies to you, you are taken, for the purposes of section 43‑10 of the Fuel T..."
[parser-unknown-class] "SubitemHead", text="Entitlement to a credit if you would have been entitled to an off‑road credit"
[parser-unknown-class] "Subitem", text="(5) You are not entitled to the credit under section 41‑5 of the Fuel Tax Act unless you would ha..."
[parser-unknown-class] "SubitemHead", text="Fuel tax adjustment provisions"
[parser-unknown-class] "Subitem", text="(6) If this item applies, then sections 49 and 55 of the Energy Grants Act do not apply to the fuel."
[parser-unknown-class] "ActHead8", text="Division 2—Credits arising between 1 July 2008 and 30 June 2012"
[parser-unknown-class] "ItemHead", text="11  Fuel acquired, manufactured or imported between 1 July 2008 and 30 June 2012"
[parser-unknown-class] "Subitem", text="(1) This item applies if:"
[parser-unknown-class] "Subitem", text="(2) You are not entitled to the credit under section 41‑5 of the Fuel Tax Act unless you meet a c..."
[parser-unknown-class] "SubitemHead", text="Entitlement to a full credit if you would have been entitled to an on‑road or off‑road credit"
[parser-unknown-class] "Subitem", text="(3) You are not entitled to the credit under section 41‑5 of the Fuel Tax Act unless you would ha..."
[parser-unknown-class] "Subitem", text="(4) If subitem (3) applies to you, you are taken, for the purposes of section 43‑10 of the Fuel T..."
[parser-unknown-class] "Subitem", text="(5) You are entitled to the credit under section 41‑5 of the Fuel Tax Act if you would have been ..."
[parser-unknown-class] "SubitemHead", text="Entitlement to half a credit if you would not have been entitled to a credit"
[parser-unknown-class] "Subitem", text="(6) You are entitled to the credit under section 41‑5 of the Fuel Tax Act even if you do not meet..."
[parser-unknown-class] "SubitemHead", text="Entitlement to a full credit for alternative fuel acquired, manufactured or imported between 1 Ju..."
[parser-unknown-class] "Subitem", text="(7) You are entitled to the credit under section 41‑5 of the Fuel Tax Act if:"
[parser-unknown-class] "SubitemHead", text="Fuel tax adjustment provisions"
[parser-unknown-class] "Subitem", text="(8) If this item applies, then sections 49 and 55 of the Energy Grants Act do not apply to the fuel."
[parser-unknown-class] "ActHead7", text="Part 4—Fuel tax credits for vehicles of 4.5 tonnes"
[parser-unknown-class] "ItemHead", text="12  Fuel acquired, manufactured or imported on or after 1 July 2006"
[parser-unknown-class] "Subitem", text="(1) This item applies if:"
[parser-unknown-class] "Subitem", text="(2) You are entitled to a credit under section 41‑5 of the Fuel Tax Act if you would have been en..."
[parser-unknown-class] "Subitem", text="(3) To avoid doubt, this item continues to apply despite the repeal of the Energy Grants Act on 1..."
[parser-unknown-class] "ActHead7", text="Part 4A—Early payments of fuel tax credits arising between 1 July 2006 and 30 June 2008"
[parser-unknown-class] "ItemHead", text="12A  Fuel acquired, manufactured or imported between 1 July 2006 and 30 June 2008"
[parser-unknown-class] "Subitem", text="(1) The Commissioner must make you an early payment of a fuel tax credit for taxable fuel if:"
[parser-unknown-class] "Subitem", text="(2) The amount of the early payment is the amount of the credit to which you are entitled."
[parser-unknown-class] "Subitem", text="(3) If you receive an early payment under this item, then for the purposes of the Fuel Tax Act:"
[parser-unknown-class] "ActHead7", text="Part 5—Alternative fuel energy grants arising under the Energy Grants Act"
[parser-unknown-class] "ActHead8", text="Division 1—Energy grants claimed under the Energy Grants Act"
[parser-unknown-class] "ActHead9", text="Product Grants and Benefits Administration Act 2000"
[parser-unknown-class] "ItemHead", text="13  After paragraph 15(2)(d)"
[parser-unknown-class] "ItemHead", text="14  Paragraph 15(2)(e)"
[parser-unknown-class] "ItemHead", text="15  After subsection 15(2)"
[parser-unknown-class] "ItemHead", text="16  At the end of section 15"
[parser-unknown-class] "ActHead8", text="Division 2—Energy grants claimed under the Fuel Tax Act"
[parser-unknown-class] "ItemHead", text="17  Grants claimed under the Fuel Tax Act"
[parser-unknown-class] "Subitem", text="(1) For the purposes of the Fuel Tax Act, you have a decreasing fuel tax adjustment if:"
[parser-unknown-class] "Subitem", text="(2) The amount of the adjustment is the amount of the credit that you were entitled to under the ..."
[parser-unknown-class] "Subitem", text="(3) The adjustment is attributable to the tax period or fuel tax return period that you choose th..."
[parser-unknown-class] "Subitem", text="(4) If you have a decreasing fuel tax adjustment under this item, then:"
[parser-unknown-class] "ActHead7", text="Part 6—Amendments relating to the repeal of the Energy Grants Act on 1 July 2012"
[parser-unknown-class] "ActHead9", text="Product Grants and Benefits Administration Act 2000"
[parser-unknown-class] "ItemHead", text="18  Section 5 (definition of energy grants scheme fuel)"
[parser-unknown-class] "ItemHead", text="19  Section 8 (table item 3)"
[parser-unknown-class] "ItemHead", text="20  Subsection 9(4)"
[parser-unknown-class] "ItemHead", text="21  Subsections 27(1A) and (1B)"
[parser-unknown-class] "ItemHead", text="22  Section 27A"
[parser-unknown-class] "ActHead7", text="Part 7—Repeal of Energy Grants Act on 1 July 2012"
[parser-unknown-class] "ActHead9", text="Energy Grants (Credits) Scheme Act 2003"
[parser-unknown-class] "ItemHead", text="23  The whole of the Act"
[parser-unknown-class] "ActHead7", text="Part 8—Other amendments relating to the transitional period"
[parser-unknown-class] "ActHead8", text="Division 1AA—Amendments commencing on 1 July 2006"
[parser-unknown-class] "ActHead9", text="Fuel Tax Act 2006"
[parser-unknown-class] "ItemHead", text="23A  Subsection 65‑10(1) (note)"
[parser-unknown-class] "ItemHead", text="23B  Section 110‑5 (at the end of the definition of increasing fuel tax adjustment)"
[parser-unknown-class] "ActHead8", text="Division 1—Amendments commencing on 1 July 2007"
[parser-unknown-class] "ActHead9", text="Product Grants and Benefits Administration Act 2000"
[parser-unknown-class] "ItemHead", text="24  Section 5 (definition of energy grants scheme fuel)"
[parser-unknown-class] "ItemHead", text="25  Paragraph 15(2)(db)"
[parser-unknown-class] "ItemHead", text="26  Paragraph 15(2)(e)"
[parser-unknown-class] "ItemHead", text="27  Subsections 15(2A) and (4)"
[parser-unknown-class] "ItemHead", text="28  Paragraph 16A(1)(a)"
[parser-unknown-class] "ItemHead", text="29  Paragraph 16A(1)(a)"
[parser-unknown-class] "ItemHead", text="30  Paragraph 16A(1)(b)"
[parser-unknown-class] "ItemHead", text="31  Subsection 16A(2)"
[parser-unknown-class] "ItemHead", text="32  Subsection 16A(2)"
[parser-unknown-class] "ItemHead", text="33  Subsection 16A(3)"
[parser-unknown-class] "ItemHead", text="34  Subparagraph 27A(b)(i)"
[parser-unknown-class] "ActHead8", text="Division 1A—Amendments commencing on 1 July 2008"
[parser-unknown-class] "ActHead9", text="Fuel Tax Act 2006"
[parser-unknown-class] "ItemHead", text="34A  Subsection 65‑10(1) (note)"
[parser-unknown-class] "ItemHead", text="34B  Section 110‑5 (definition of increasing fuel tax adjustment)"
[parser-unknown-class] "ActHead8", text="Division 2—Amendments commencing on 1 July 2010"
[parser-unknown-class] "ActHead9", text="Fuel Tax Act 2006"
[parser-unknown-class] "ItemHead", text="35  Section 65‑10 (note)"
[parser-unknown-class] "ItemHead", text="36  Section 110‑5 (paragraph (b) of the definition of decreasing fuel tax adjustment)"
[parser-unknown-class] "ActHead8", text="Division 3—Amendments commencing on 1 July 2012"
[parser-unknown-class] "ActHead9", text="Fuel Tax Act 2006"
[parser-unknown-class] "ItemHead", text="37  Subsection 41‑5(1) (note 1)"
[parser-unknown-class] "ItemHead", text="38  Section 41‑20 (note)"
[parser-unknown-class] "ItemHead", text="39  Paragraph 43‑5(3)(b)"
[parser-unknown-class] "ActHead8", text="Division 4—Amendments commencing on 1 July 2013"
[parser-unknown-class] "ActHead9", text="Fuel Tax Act 2006"
[parser-unknown-class] "ItemHead", text="40  Section 65‑10 (note)"
[parser-unknown-class] "ItemHead", text="41  Section 110‑5 (definition of decreasing fuel tax adjustment)"
[parser-unknown-class] "ActHead9", text="Product Grants and Benefits Administration Act 2000"
[parser-unknown-class] "ItemHead", text="42  Paragraph 15(2)(da)"
[parser-unknown-class] "ItemHead", text="43  Paragraph 15(2)(e)"
[parser-unknown-class] "ItemHead", text="44  Subsections 15(2A) and (4)"
[parser-unknown-class] "ActHead6", text="Schedule 4—Other amendments"
[parser-unknown-class] "ActHead9", text="Product Grants and Benefits Administration Act 2000"
[parser-unknown-class] "ItemHead", text="3  Subsection 34(3) (paragraph (a) of the definition of scheme)"
[parser-unknown-class] "ItemHead", text="4  Subsection 53(2) (table items 5 and 6)"
[parser-unknown-class] "ActHead6", text="Schedule 5—Administrative provisions"
[parser-unknown-class] "ActHead7", text="Part 1—Administrative provisions"
[parser-unknown-class] "ActHead9", text="Administrative Decisions (Judicial Review) Act 1977"
[parser-unknown-class] "ItemHead", text="1  Paragraph (e) of Schedule 1"
[parser-unknown-class] "ActHead9", text="A New Tax System (Goods and Services Tax) Act 1999"
[parser-unknown-class] "ItemHead", text="2  At the end of subsection 48‑40(1)"
[parser-unknown-class] "ItemHead", text="3  At the end of subsection 51‑30(1)"
[parser-unknown-class] "ActHead9", text="Income Tax Assessment Act 1936"
[parser-unknown-class] "ItemHead", text="4  At the end of section 202"
[parser-unknown-class] "ActHead9", text="Income Tax Assessment Act 1997"
[parser-unknown-class] "ItemHead", text="5  Subsection 995‑1(1)"
[parser-unknown-class] "ItemHead", text="6  Subsection 995‑1(1)"
[parser-unknown-class] "ItemHead", text="7  Subsection 995‑1(1)"
[parser-unknown-class] "ItemHead", text="8  Subsection 995‑1(1)"
[parser-unknown-class] "ItemHead", text="9  Subsection 995‑1(1)"
[parser-unknown-class] "ItemHead", text="10  Subsection 995‑1(1)"
[parser-unknown-class] "ItemHead", text="11  Subsection 995‑1(1)"
[parser-unknown-class] "ItemHead", text="12  Subsection 995‑1(1)"
[parser-unknown-class] "ItemHead", text="13  Subsection 995‑1(1)"
[parser-unknown-class] "ItemHead", text="14  Subsection 995‑1(1)"
[parser-unknown-class] "ItemHead", text="15  Subsection 995‑1(1)"
[parser-unknown-class] "ItemHead", text="16  Subsection 995‑1(1)"
[parser-unknown-class] "ItemHead", text="17  Subsection 995‑1(1)"
[parser-unknown-class] "ItemHead", text="18  Subsection 995‑1(1)"
[parser-unknown-class] "ItemHead", text="19  Subsection 995‑1(1)"
[parser-unknown-class] "ItemHead", text="20  Subsection 995‑1(1)"
[parser-unknown-class] "ItemHead", text="21  Subsection 995‑1(1)"
[parser-unknown-class] "ItemHead", text="22  Subsection 995‑1(1)"
[parser-unknown-class] "ItemHead", text="23  Subsection 995‑1(1)"
[parser-unknown-class] "ItemHead", text="24  Subsection 995‑1(1)"
[parser-unknown-class] "ItemHead", text="25  Subsection 995‑1(1)"
[parser-unknown-class] "ItemHead", text="26  Subsection 995‑1(1)"
[parser-unknown-class] "ItemHead", text="27  Subsection 995‑1(1)"
[parser-unknown-class] "ItemHead", text="28  Subsection 995‑1(1)"
[parser-unknown-class] "ItemHead", text="29  Subsection 995‑1(1)"
[parser-unknown-class] "ItemHead", text="30  Subsection 995‑1(1)"
[parser-unknown-class] "ItemHead", text="31  Subsection 995‑1(1)"
[parser-unknown-class] "ItemHead", text="32  Subsection 995‑1(1)"
[parser-unknown-class] "ItemHead", text="33  Subsection 995‑1(1)"
[parser-unknown-class] "ItemHead", text="34  Subsection 995‑1(1)"
[parser-unknown-class] "ItemHead", text="35  Subsection 995‑1(1)"
[parser-unknown-class] "ItemHead", text="36  Subsection 995‑1(1)"
[parser-unknown-class] "ItemHead", text="37  Subsection 995‑1(1)"
[parser-unknown-class] "ItemHead", text="38  Subsection 995‑1(1)"
[parser-unknown-class] "ActHead9", text="Taxation Administration Act 1953"
[parser-unknown-class] "ItemHead", text="39  Part VI"
[parser-unknown-class] "ItemHead", text="40  Before Part 2‑1 in Schedule 1"
[parser-unknown-class] "ItemHead", text="41  After Part 2‑10 in Schedule 1"
[parser-unknown-class] "BoxNote", text="Note: Administration rules relevant to particular indirect tax laws are in Divisions 110, 111 and..."
[parser-unknown-class] "ItemHead", text="42  Before Part 4‑15 in Schedule 1"
[parser-unknown-class] "ItemHead", text="43  Subsection 250‑10(2) in Schedule 1 (after table item 35)"
[parser-unknown-class] "ItemHead", text="44  Before Part 5‑1 in Schedule 1"
[parser-unknown-class] "ItemHead", text="45  Before Division 353 in Schedule 1"
[parser-unknown-class] "ItemHead", text="46  Subsection 353‑10(1) in Schedule 1"
[parser-unknown-class] "ItemHead", text="47  Subsection 353‑10(3) in Schedule 1"
[parser-unknown-class] "ItemHead", text="48  At the end of Division 353 in Schedule 1"
[parser-unknown-class] "ItemHead", text="49  At the end of Part 5‑1 in Schedule 1"
[parser-unknown-class] "ItemHead", text="50  At the end of section 357‑55 in Schedule 1"
[parser-unknown-class] "ItemHead", text="51  Before Division 388 in Schedule 1"
[parser-unknown-class] "ItemHead", text="52  Division 444 in Schedule 1"
[parser-unknown-class] "ItemHead", text="53  Transitional—rulings about Part VI of the Taxation Administration Act 1953"
[parser-unknown-class] "ItemHead", text="54  Transitional—section 40 of the Taxation Administration Act 1953"
[parser-unknown-class] "Subitem", text="(1) This item applies if, immediately before the commencement of this item, a person is liable, u..."
[parser-unknown-class] "Subitem", text="(2) On the commencement of this item, that section ceases to apply to the liability."
[parser-unknown-class] "Subitem", text="(3) From the commencement of this item, section 105‑80 in Schedule 1 to that Act applies to the l..."
[parser-unknown-class] "ItemHead", text="55  Transitional—section 62 of the Taxation Administration Act 1953"
[parser-unknown-class] "ItemHead", text="56  Transitional—section 70 of the Taxation Administration Act 1953"
[parser-unknown-class] "ItemHead", text="57  Application—sections 105‑40, 110‑50 and 111‑50 in Schedule 1 to the Taxation Administration A..."
[parser-unknown-class] "Subitem", text="(1) Section 105‑40 in Schedule 1 to the Taxation Administration Act 1953 applies to:"
[parser-unknown-class] "Subitem", text="(2) Sections 110‑50 and 111‑50 in Schedule 1 to the Taxation Administration Act 1953 apply to a d..."
[parser-unknown-class] "ItemHead", text="58  Transitional—instruments"
[parser-unknown-class] "Subitem", text="(1) The following table has effect:"
[parser-unknown-class] "Subitem", text="(2) The following table has effect:"
[parser-unknown-class] "ActHead7", text="Part 2—Amendments conditional on the Tax Laws Amendment (2005 Measures No. 4) Act 2005"
[parser-unknown-class] "ActHead9", text="Taxation Administration Act 1953"
[parser-unknown-class] "ItemHead", text="59  Subsection 111‑50(2) in Schedule 1"
[parser-unknown-class] "ItemHead", text="60  Transitional—subsection 111‑50(2) in Schedule 1 to the Taxation Administration Act 1953"
[parser-unknown-class] "ActHead9", text="Tax Laws Amendment (2005 Measures No. 4) Act 2005"
[parser-unknown-class] "ItemHead", text="61  Part 1 of Schedule 4 (heading)"
[parser-unknown-class] "ItemHead", text="62  Part 2 of Schedule 4"
[parser-unknown-class] "ActHead7", text="Part 3—Consequential amendments"
[parser-unknown-class] "ActHead9", text="Administrative Decisions (Judicial Review) Act 1977"
[parser-unknown-class] "ItemHead", text="63  Paragraph (e) of Schedule 1"
[parser-unknown-class] "ActHead9", text="A New Tax System (Commonwealth‑State Financial Arrangements) Act 1999"
[parser-unknown-class] "ItemHead", text="64  At the end of subsection 10(1)"
[parser-unknown-class] "ActHead9", text="A New Tax System (Goods and Services Tax) Act 1999"
[parser-unknown-class] "ItemHead", text="65  Section 2‑30 (heading)"
[parser-unknown-class] "ItemHead", text="66  Section 2‑30"
[parser-unknown-class] "ItemHead", text="67  Subsection 25‑5(1) (note)"
[parser-unknown-class] "ItemHead", text="68  Subsection 25‑5(2) (note)"
[parser-unknown-class] "ItemHead", text="69  Subsection 25‑10(1) (note)"
[parser-unknown-class] "ItemHead", text="70  Subsection 25‑55(1) (note)"
[parser-unknown-class] "ItemHead", text="71  Subsection 25‑55(2) (note)"
[parser-unknown-class] "ItemHead", text="72  Subsection 25‑57(1) (note)"
[parser-unknown-class] "ItemHead", text="73  Subsection 25‑60(1) (note)"
[parser-unknown-class] "ItemHead", text="74  Subsection 27‑15(1) (note)"
[parser-unknown-class] "ItemHead", text="75  Subsection 27‑15(2) (note)"
[parser-unknown-class] "ItemHead", text="76  Subsection 27‑22(1) (note)"
[parser-unknown-class] "ItemHead", text="77  Subsection 27‑22(3) (note)"
[parser-unknown-class] "ItemHead", text="78  Subsection 27‑25(1) (note)"
[parser-unknown-class] "ItemHead", text="79  Subsection 27‑25(2) (note)"
[parser-unknown-class] "ItemHead", text="80  Subsection 27‑30(1) (note)"
[parser-unknown-class] "ItemHead", text="81  Subsection 27‑37(1) (note)"
[parser-unknown-class] "ItemHead", text="82  Subsection 27‑38(1) (note)"
[parser-unknown-class] "ItemHead", text="83  Subsection 27‑38(2) (note)"
[parser-unknown-class] "ItemHead", text="84  Subsection 29‑45(1) (note)"
[parser-unknown-class] "ItemHead", text="85  Subsection 29‑45(2) (note)"
[parser-unknown-class] "ItemHead", text="86  Subsection 29‑50(3) (note)"
[parser-unknown-class] "ItemHead", text="87  Subsection 29‑50(4) (note)"
[parser-unknown-class] "ItemHead", text="88  Section 33‑1 (notes)"
[parser-unknown-class] "ItemHead", text="89  Section 35‑5 (note 1)"
[parser-unknown-class] "ItemHead", text="90  Section 35‑99 (note)"
[parser-unknown-class] "ItemHead", text="91  Subsection 40‑165(1) (note)"
[parser-unknown-class] "ItemHead", text="92  Section 48‑5 (note)"
[parser-unknown-class] "ItemHead", text="93  Subsection 48‑70(1) (note)"
[parser-unknown-class] "ItemHead", text="94  Subsection 48‑70(2) (note)"
[parser-unknown-class] "ItemHead", text="95  Subsection 48‑75(1) (note)"
[parser-unknown-class] "ItemHead", text="96  Subsection 48‑75(2) (note)"
[parser-unknown-class] "ItemHead", text="97  Section 48‑85 (note)"
[parser-unknown-class] "ItemHead", text="98  Section 49‑5 (note)"
[parser-unknown-class] "ItemHead", text="99  Subsection 49‑70(1) (note)"
[parser-unknown-class] "ItemHead", text="100  Subsection 49‑70(2) (note)"
[parser-unknown-class] "ItemHead", text="101  Subsection 49‑75(1) (note)"
[parser-unknown-class] "ItemHead", text="102  Subsection 49‑75(2) (note)"
[parser-unknown-class] "ItemHead", text="103  Section 49‑85 (note)"
[parser-unknown-class] "ItemHead", text="104  Section 51‑5 (note)"
[parser-unknown-class] "ItemHead", text="105  Subsection 51‑52(5) (note)"
[parser-unknown-class] "ItemHead", text="106  Section 51‑60 (note 1)"
[parser-unknown-class] "ItemHead", text="107  Subsection 51‑70(1) (note)"
[parser-unknown-class] "ItemHead", text="108  Subsection 51‑70(2) (note)"
[parser-unknown-class] "ItemHead", text="109  Subsection 51‑75(1) (note)"
[parser-unknown-class] "ItemHead", text="110  Subsection 51‑75(2) (note)"
[parser-unknown-class] "ItemHead", text="111  Section 51‑85 (note)"
[parser-unknown-class] "ItemHead", text="112  Section 54‑5 (note)"
[parser-unknown-class] "ItemHead", text="113  Section 54‑10 (note)"
[parser-unknown-class] "ItemHead", text="114  Section 54‑65 (note 1)"
[parser-unknown-class] "ItemHead", text="115  Subsection 54‑75(1) (note)"
[parser-unknown-class] "ItemHead", text="116  Subsection 54‑75(2) (note)"
[parser-unknown-class] "ItemHead", text="117  Section 54‑80 (note)"
[parser-unknown-class] "ItemHead", text="118  Subsection 57‑25(1) (note)"
[parser-unknown-class] "ItemHead", text="119  Subsection 57‑35(1) (note)"
[parser-unknown-class] "ItemHead", text="120  Subsection 57‑35(2) (note)"
[parser-unknown-class] "ItemHead", text="121  Subsection 63‑35(1) (note)"
[parser-unknown-class] "ItemHead", text="122  Subsection 75‑5(1A) (note)"
[parser-unknown-class] "ItemHead", text="123  Subsection 131‑10(2) (note)"
[parser-unknown-class] "ItemHead", text="124  Subsection 131‑20(3) (note)"
[parser-unknown-class] "ItemHead", text="125  Subsection 147‑10(1) (note)"
[parser-unknown-class] "ItemHead", text="126  Subsection 151‑10(2) (note)"
[parser-unknown-class] "ItemHead", text="127  Subsection 151‑20(3) (note)"
[parser-unknown-class] "ItemHead", text="128  Subsection 151‑25(3) (note)"
[parser-unknown-class] "ItemHead", text="129  Subsection 162‑15(2) (note)"
[parser-unknown-class] "ItemHead", text="130  Subsection 162‑25(3) (note)"
[parser-unknown-class] "ItemHead", text="131  Subsection 162‑30(3) (note)"
[parser-unknown-class] "ItemHead", text="132  Section 165‑40 (note)"
[parser-unknown-class] "ItemHead", text="133  Subsection 165‑45(3) (note)"
[parser-unknown-class] "ItemHead", text="134  Subsection 165‑45(5) (note)"
[parser-unknown-class] "ItemHead", text="135  Subsection 184‑5(1) (note)"
[parser-unknown-class] "ItemHead", text="136  Subsection 184‑5(2) (note)"
[parser-unknown-class] "ItemHead", text="137  Section 195‑1 (definition of reviewable GST decision)"
[parser-unknown-class] "ActHead9", text="A New Tax System (Goods and Services Tax Transition) Act 1999"
[parser-unknown-class] "ItemHead", text="138  Section 15IA"
[parser-unknown-class] "ItemHead", text="139  Subsection 24B(5) (note)"
[parser-unknown-class] "ActHead9", text="A New Tax System (Luxury Car Tax) Act 1999"
[parser-unknown-class] "ItemHead", text="140  Section 2‑25 (heading)"
[parser-unknown-class] "ItemHead", text="141  Section 2‑25"
[parser-unknown-class] "ItemHead", text="142  Subsection 13‑20(1) (note 2)"
[parser-unknown-class] "ActHead9", text="A New Tax System (Wine Equalisation Tax) Act 1999"
[parser-unknown-class] "ItemHead", text="143  Section 2‑35 (heading)"
[parser-unknown-class] "ItemHead", text="144  Section 2‑35"
[parser-unknown-class] "ItemHead", text="145  Section 17‑25 (note)"
[parser-unknown-class] "ItemHead", text="146  Subsection 17‑30(3) (note)"
[parser-unknown-class] "ItemHead", text="147  Subsection 17‑35(3) (note)"
[parser-unknown-class] "ItemHead", text="148  Subsection 17‑37(2) (note)"
[parser-unknown-class] "ItemHead", text="149  Section 17‑45 (note)"
[parser-unknown-class] "ItemHead", text="150  Subsection 19‑25(4) (note)"
[parser-unknown-class] "ItemHead", text="151  Subsection 23‑5(1) (note 2)"
[parser-unknown-class] "ActHead9", text="Crimes (Taxation Offences) Act 1980"
[parser-unknown-class] "ItemHead", text="152  Subsection 4(5)"
[parser-unknown-class] "ActHead9", text="Freedom of Information Act 1982"
[parser-unknown-class] "ItemHead", text="153  Schedule 3"
[parser-unknown-class] "ActHead9", text="Income Tax Assessment Act 1936"
[parser-unknown-class] "ItemHead", text="154  Subsection 98A(2) (note)"
[parser-unknown-class] "ItemHead", text="155  Paragraph 251L(6)(d)"
[parser-unknown-class] "ActHead9", text="Income Tax Assessment Act 1997"
[parser-unknown-class] "ItemHead", text="156  Paragraph 27‑15(2)(a)"
[parser-unknown-class] "ItemHead", text="157  Paragraph 27‑15(2)(b)"
[parser-unknown-class] "ItemHead", text="158  Paragraph 27‑15(2)(c)"
[parser-unknown-class] "ItemHead", text="159  Subsection 995‑1(1) (paragraph (b) of the definition of BAS provisions)"
[parser-unknown-class] "ActHead9", text="Taxation Administration Act 1953"
[parser-unknown-class] "ItemHead", text="160  Subsection 3C(9) (definition of this Act)"
[parser-unknown-class] "ItemHead", text="161  Subsection 8AAB(5) (table item 17AA)"
[parser-unknown-class] "ItemHead", text="162  Subsection 8AAB(5) (after table item 17J)"
[parser-unknown-class] "ItemHead", text="163  Paragraph 8J(2)(pa)"
[parser-unknown-class] "ItemHead", text="164  Subsection 14ZW(1AAA)"
[parser-unknown-class] "ItemHead", text="165  Subparagraph 284‑145(1)(b)(ii) in Schedule 1"
[parser-unknown-class] "ActHead9", text="Taxation (Interest on Overpayments and Early Payments) Act 1983"
[parser-unknown-class] "ItemHead", text="166  Subsection 3(1) (paragraph (q) of the definition of relevant tax)"
[parser-unknown-class] "ItemHead", text="167  Subsection 3(1) (paragraph (r) of the definition of relevant tax)"
[parser-unknown-class] "ActHead9", text="Tax Laws Amendment (Retirement Villages) Act 2004"
[parser-unknown-class] "ItemHead", text="168  Paragraph 15(3)(b) of Schedule 1"
[parser-unknown-class] "ItemHead", text="169  Item 16 of Schedule 1"
[parser-unknown-class] "ActHead7", text="Part 4—Consequential amendments conditional on the Tax Laws Amendment (2005 Measures No. 4) Act 2005"
[parser-unknown-class] "ActHead9", text="A New Tax System (Wine Equalisation Tax) Act 1999"
[parser-unknown-class] "ItemHead", text="170  Subsection 19‑7(4) (note)"
[parser-unknown-class] "ItemHead", text="171  Subsection 19‑7(6) (note)"
[parser-unknown-class] "ItemHead", text="172  Subsection 19‑8(1) (note)"
[parser-unknown-class] "ItemHead", text="173  Subsection 19‑8(2) (note)"
[parser-unknown-class] "ItemHead", text="174  Subsection 19‑25(5)"
[parser-diag] processed 2084 <p> elements
[parser-diag] last section was added at element index: 1873
[parser-diag] state phase at end: ENDNOTES
[parser-diag] hierarchy stack depth at end: 4
[parser-diag] insideSchedule at end: false
[parse] sections: 97
[parse] compilation: date=(none) no=(none)
[parse] by level:
         section      54
         chapter      4
         part         1
         division     9
         subdivision  29
[db] inserted new legislation row: 1c924f99-3490-4c41-8974-ebff949d92cb
[db] inserting 97 sections (pass 1)
[db] inserted 97 sections
[db] linking parent FKs (pass 2)
[db] linked 89 parent references

[done] ingested Fuel Tax (Consequential and Transitional Provisions) Act 2006
       legislation_id: 1c924f99-3490-4c41-8974-ebff949d92cb
       sections: 97
       compilation: 2014-07-01
