[fetch] document_1: https://www.legislation.gov.au/C2004A03332/2025-04-04/2025-04-04/text/original/epub/OEBPS/document_1/document_1.html
[fetch] document_1: 280,883 bytes
[fetch] document_2: https://www.legislation.gov.au/C2004A03332/2025-04-04/2025-04-04/text/original/epub/OEBPS/document_2/document_2.html
[fetch] document_2 not found — stopping. Fetched 1 document(s).
[fetch] combined 1 document(s), 280,883 source bytes → 278,851 combined bytes
[citation] Workplace Gender Equality Act 2012 (Cth)
[parse] starting
[parser-diag] total <p> elements found: 1087
[parser-diag] processed 1087 <p> elements
[parser-diag] last section was added at element index: 608
[parser-diag] state phase at end: ENDNOTES
[parser-diag] hierarchy stack depth at end: 2
[parser-diag] insideSchedule at end: false
[parse] sections: 63
[parse] compilation: date=2025-04-04 no=23
[parse] by level:
         part         6
         section      55
         division     2
[db] inserted new legislation row: 311fcbbf-7244-4bae-b412-0900ec1fcd15
[db] inserting 63 sections (pass 1)
[db] inserted 63 sections
[db] linking parent FKs (pass 2)
[db] linked 57 parent references

[done] ingested Workplace Gender Equality Act 2012
       legislation_id: 311fcbbf-7244-4bae-b412-0900ec1fcd15
       sections: 63
       compilation: 2025-04-04
