[fetch] document_1: https://www.legislation.gov.au/C2004A00283/2021-05-01/2021-05-01/text/original/epub/OEBPS/document_1/document_1.html
[fetch] document_1: 193,715 bytes
[fetch] document_2: https://www.legislation.gov.au/C2004A00283/2021-05-01/2021-05-01/text/original/epub/OEBPS/document_2/document_2.html
[fetch] document_2 not found — stopping. Fetched 1 document(s).
[fetch] combined 1 document(s), 193,715 source bytes → 191,694 combined bytes
[citation] National Gallery Act 1975 (Cth)
[parse] starting
[parser-diag] total <p> elements found: 755
[parser-diag] processed 755 <p> elements
[parser-diag] last section was added at element index: 379
[parser-diag] state phase at end: ENDNOTES
[parser-diag] hierarchy stack depth at end: 2
[parser-diag] insideSchedule at end: false
[parse] sections: 46
[parse] compilation: date=2021-05-01 no=16
[parse] by level:
         part         7
         section      39
[db] inserted new legislation row: 7f46fe2f-b5a7-4c99-8dbb-3023875cd454
[db] inserting 46 sections (pass 1)
[db] inserted 46 sections
[db] linking parent FKs (pass 2)
[db] linked 39 parent references

[done] ingested National Gallery Act 1975
       legislation_id: 7f46fe2f-b5a7-4c99-8dbb-3023875cd454
       sections: 46
       compilation: 2021-05-01
