[fetch] document_1: https://www.legislation.gov.au/C2004A03663/2017-03-22/2017-03-22/text/original/epub/OEBPS/document_1/document_1.html
[fetch] document_1: 191,424 bytes
[fetch] document_2: https://www.legislation.gov.au/C2004A03663/2017-03-22/2017-03-22/text/original/epub/OEBPS/document_2/document_2.html
[fetch] document_2 not found — stopping. Fetched 1 document(s).
[fetch] combined 1 document(s), 191,424 source bytes → 189,307 combined bytes
[citation] Superannuation (Productivity Benefit) Act 1988 (Cth)
[parse] starting
[parser-diag] total <p> elements found: 719
[parser-diag] processed 719 <p> elements
[parser-diag] last section was added at element index: 403
[parser-diag] state phase at end: ENDNOTES
[parser-diag] hierarchy stack depth at end: 1
[parser-diag] insideSchedule at end: true
[parse] sections: 35
[parse] compilation: date=2017-03-22 no=13
[parse] by level:
         section      34
         schedule     1
[db] inserted new legislation row: 2b8a6f63-426a-4482-bfc6-708ad60a43de
[db] inserting 35 sections (pass 1)
[db] inserted 35 sections
[db] linking parent FKs (pass 2)
[db] linked 0 parent references

[done] ingested Superannuation (Productivity Benefit) Act 1988
       legislation_id: 2b8a6f63-426a-4482-bfc6-708ad60a43de
       sections: 35
       compilation: 2017-03-22
