[fetch] document_1: https://www.legislation.gov.au/C2004A04187/2022-02-18/2022-02-18/text/original/epub/OEBPS/document_1/document_1.html
[fetch] document_1: 123,921 bytes
[fetch] document_2: https://www.legislation.gov.au/C2004A04187/2022-02-18/2022-02-18/text/original/epub/OEBPS/document_2/document_2.html
[fetch] document_2 not found — stopping. Fetched 1 document(s).
[fetch] combined 1 document(s), 123,921 source bytes → 122,000 combined bytes
[citation] Foreign Judgments Act 1991 (Cth)
[parse] starting
[parser-diag] total <p> elements found: 453
[parser-diag] processed 453 <p> elements
[parser-diag] last section was added at element index: 308
[parser-diag] state phase at end: ENDNOTES
[parser-diag] hierarchy stack depth at end: 2
[parser-diag] insideSchedule at end: false
[parse] sections: 24
[parse] compilation: date=2022-02-18 no=5
[parse] by level:
         part         4
         section      20
[db] inserted new legislation row: 067c4bac-9127-4947-ad58-c770ce7973a6
[db] inserting 24 sections (pass 1)
[db] inserted 24 sections
[db] linking parent FKs (pass 2)
[db] linked 20 parent references

[done] ingested Foreign Judgments Act 1991
       legislation_id: 067c4bac-9127-4947-ad58-c770ce7973a6
       sections: 24
       compilation: 2022-02-18
