[fetch] document_1: https://www.legislation.gov.au/C2004A03616/2024-07-10/2024-07-10/text/original/epub/OEBPS/document_1/document_1.html
[fetch] document_1: 30,053 bytes
[fetch] document_2: https://www.legislation.gov.au/C2004A03616/2024-07-10/2024-07-10/text/original/epub/OEBPS/document_2/document_2.html
[fetch] document_2 not found — stopping. Fetched 1 document(s).
[fetch] combined 1 document(s), 30,053 source bytes → 28,090 combined bytes
[citation] International Bank for Reconstruction and Development (Share Increase) Act 1988 (Cth)
[parse] starting
[parser-diag] total <p> elements found: 143
[parser-diag] processed 143 <p> elements
[parser-diag] last section was added at element index: 46
[parser-diag] state phase at end: ENDNOTES
[parser-diag] hierarchy stack depth at end: 1
[parser-diag] insideSchedule at end: false
[parse] sections: 5
[parse] compilation: date=2024-07-10 no=1
[parse] by level:
         section      5
[db] inserted new legislation row: de46236b-e37f-4794-8fb8-fc7460f7ef4d
[db] inserting 5 sections (pass 1)
[db] inserted 5 sections
[db] linking parent FKs (pass 2)
[db] linked 0 parent references

[done] ingested International Bank for Reconstruction and Development (Share Increase) Act 1988
       legislation_id: de46236b-e37f-4794-8fb8-fc7460f7ef4d
       sections: 5
       compilation: 2024-07-10
