[fetch] document_1: https://www.legislation.gov.au/C2004A00318/2025-12-19/2025-12-19/text/original/epub/OEBPS/document_1/document_1.html
[fetch] document_1: 272,063 bytes
[fetch] document_2: https://www.legislation.gov.au/C2004A00318/2025-12-19/2025-12-19/text/original/epub/OEBPS/document_2/document_2.html
[fetch] document_2 not found — stopping. Fetched 1 document(s).
[fetch] combined 1 document(s), 272,063 source bytes → 270,170 combined bytes
[citation] Payment Systems (Regulation) Act 1998 (Cth)
[parse] starting
[parser-diag] total <p> elements found: 1018
[parser-diag] processed 1018 <p> elements
[parser-diag] last section was added at element index: 743
[parser-diag] state phase at end: ENDNOTES
[parser-diag] hierarchy stack depth at end: 2
[parser-diag] insideSchedule at end: false
[parse] sections: 66
[parse] compilation: date=2025-12-19 no=7
[parse] by level:
         part         5
         section      52
         division     7
         subdivision  2
[db] inserted new legislation row: 9b2fc548-77d7-4c56-a34d-49e4c6e9e5f0
[db] inserting 66 sections (pass 1)
[db] inserted 66 sections
[db] linking parent FKs (pass 2)
[db] linked 61 parent references

[done] ingested Payment Systems (Regulation) Act 1998
       legislation_id: 9b2fc548-77d7-4c56-a34d-49e4c6e9e5f0
       sections: 66
       compilation: 2025-12-19
