[fetch] document_1: https://www.legislation.gov.au/C2004A00819/2025-12-19/2025-12-19/text/original/epub/OEBPS/document_1/document_1.html
[fetch] document_1: 1,226,169 bytes
[fetch] document_2: https://www.legislation.gov.au/C2004A00819/2025-12-19/2025-12-19/text/original/epub/OEBPS/document_2/document_2.html
[fetch] document_2: 1,513,348 bytes
[fetch] document_3: https://www.legislation.gov.au/C2004A00819/2025-12-19/2025-12-19/text/original/epub/OEBPS/document_3/document_3.html
[fetch] document_3 not found — stopping. Fetched 2 document(s).
[fetch] combined 2 document(s), 2,739,517 source bytes → 2,732,626 combined bytes
[citation] Australian (Cth)
[parse] starting
[parser-diag] total <p> elements found: 9919
[parser-unknown-class] "Specials", text="3ZQU  Purposes for which things may be used and shared"
[parser-unknown-class] "Specials", text="3ZQUA  Commonwealth law permitting access to things seized under this Part does not apply"
[parser-diag] processed 9919 <p> elements
[parser-diag] last section was added at element index: 7406
[parser-diag] state phase at end: ENDNOTES
[parse] sections: 684
[parse] compilation: date=2025-12-19 no=105
[parser-diag] hierarchy stack depth at end: 2
[parser-diag] insideSchedule at end: false
[parse] by level:
         part         45
         division     55
         section      555
         subdivision  29
[db] inserted new legislation row: 7522faf6-1411-4b32-a5c2-b12717d35c12
[db] inserting 684 sections (pass 1)
[db] inserted 684 sections
[db] linking parent FKs (pass 2)
[db] linked 639 parent references

[done] ingested Australian
       legislation_id: 7522faf6-1411-4b32-a5c2-b12717d35c12
       sections: 684
       compilation: 2025-12-19
