[fetch] document_1: https://www.legislation.gov.au/C2004A01703/2024-08-26/2024-08-26/text/original/epub/OEBPS/document_1/document_1.html
[fetch] document_1: 95,826 bytes
[fetch] document_2: https://www.legislation.gov.au/C2004A01703/2024-08-26/2024-08-26/text/original/epub/OEBPS/document_2/document_2.html
[fetch] document_2 not found — stopping. Fetched 1 document(s).
[fetch] combined 1 document(s), 95,826 source bytes → 93,955 combined bytes
[citation] National Workplace Relations Consultative Council Act 2002 (Cth)
[parse] starting
[parser-diag] total <p> elements found: 412
[parser-diag] processed 412 <p> elements
[parser-diag] last section was added at element index: 190
[parser-diag] state phase at end: ENDNOTES
[parser-diag] hierarchy stack depth at end: 2
[parser-diag] insideSchedule at end: false
[parse] sections: 26
[parse] compilation: date=2024-08-26 no=10
[parse] by level:
         part         4
         section      22
[db] inserted new legislation row: e65d3ccf-12a1-4c21-a39a-302741a1cc69
[db] inserting 26 sections (pass 1)
[db] inserted 26 sections
[db] linking parent FKs (pass 2)
[db] linked 22 parent references

[done] ingested National Workplace Relations Consultative Council Act 2002
       legislation_id: e65d3ccf-12a1-4c21-a39a-302741a1cc69
       sections: 26
       compilation: 2024-08-26
