[fetch] document_1: https://www.legislation.gov.au/C2004A04426/2024-10-14/2024-10-14/text/original/epub/OEBPS/document_1/document_1.html
[fetch] document_1: 416,019 bytes
[fetch] document_2: https://www.legislation.gov.au/C2004A04426/2024-10-14/2024-10-14/text/original/epub/OEBPS/document_2/document_2.html
[fetch] document_2 not found — stopping. Fetched 1 document(s).
[fetch] combined 1 document(s), 416,019 source bytes → 413,749 combined bytes
[citation] Disability Discrimination Act 1992 (Cth)
[parse] starting
[parser-diag] total <p> elements found: 1578
[parser-diag] processed 1578 <p> elements
[parser-diag] last section was added at element index: 990
[parser-diag] state phase at end: ENDNOTES
[parser-diag] hierarchy stack depth at end: 2
[parser-diag] insideSchedule at end: false
[parse] sections: 102
[parse] compilation: date=2024-10-14 no=39
[parse] by level:
         part         7
         section      87
         division     8
[db] inserted new legislation row: 0b67840b-fd97-47ac-91ff-15db81b311da
[db] inserting 102 sections (pass 1)
[db] inserted 102 sections
[db] linking parent FKs (pass 2)
[db] linked 95 parent references

[done] ingested Disability Discrimination Act 1992
       legislation_id: 0b67840b-fd97-47ac-91ff-15db81b311da
       sections: 102
       compilation: 2024-10-14
