[fetch] document_1: https://www.legislation.gov.au/C2004A04765/2023-10-18/2023-10-18/text/original/epub/OEBPS/document_1/document_1.html
[fetch] document_1: 78,085 bytes
[fetch] document_2: https://www.legislation.gov.au/C2004A04765/2023-10-18/2023-10-18/text/original/epub/OEBPS/document_2/document_2.html
[fetch] document_2 not found — stopping. Fetched 1 document(s).
[fetch] combined 1 document(s), 78,085 source bytes → 76,194 combined bytes
[citation] Australian Capital Territory Government Service (Consequential Provisions) Act 1994 (Cth)
[parse] starting
[parser-diag] total <p> elements found: 327
[parser-diag] processed 327 <p> elements
[parser-diag] last section was added at element index: 110
[parser-diag] state phase at end: ENDNOTES
[parser-diag] hierarchy stack depth at end: 2
[parser-diag] insideSchedule at end: false
[parse] sections: 13
[parse] compilation: date=2023-10-18 no=6
[parse] by level:
         part         3
         section      10
[db] inserted new legislation row: c735c3ae-8eb7-451e-9e73-9eda5dd8e08d
[db] inserting 13 sections (pass 1)
[db] inserted 13 sections
[db] linking parent FKs (pass 2)
[db] linked 10 parent references

[done] ingested Australian Capital Territory Government Service (Consequential Provisions) Act 1994
       legislation_id: c735c3ae-8eb7-451e-9e73-9eda5dd8e08d
       sections: 13
       compilation: 2023-10-18
