[fetch] document_1: https://www.legislation.gov.au/C2008A00030/2008-06-23/2008-06-23/text/original/epub/OEBPS/document_1/document_1.html
[fetch] document_1: 7,533 bytes
[fetch] document_2: https://www.legislation.gov.au/C2008A00030/2008-06-23/2008-06-23/text/original/epub/OEBPS/document_2/document_2.html
[fetch] document_2 not found — stopping. Fetched 1 document(s).
[fetch] combined 1 document(s), 7,533 source bytes → 6,481 combined bytes
[citation] Income Tax (Managed Investment Trust Transitional) Act 2008 (Cth)
[parse] starting
[parser-diag] total <p> elements found: 52
[parser-unknown-class] "2ndRd", text=""
[parser-unknown-class] "2ndRd", text="[Minister’s second reading speech made in—"
[parser-unknown-class] "2ndRd", text="House of Representatives on 4 June 2008"
[parser-unknown-class] "2ndRd", text="Senate on 18 June 2008]"
[parser-diag] processed 52 <p> elements
[parser-diag] last section was added at element index: 42
[parser-diag] state phase at end: BODY
[parser-diag] hierarchy stack depth at end: 1
[parser-diag] insideSchedule at end: false
[parse] sections: 4
[parse] compilation: date=(none) no=(none)
[parse] by level:
         section      4
[db] inserted new legislation row: 1efe0916-b68d-4ced-b3a5-fe99c0c21f28
[db] inserting 4 sections (pass 1)
[db] inserted 4 sections
[db] linking parent FKs (pass 2)
[db] linked 0 parent references

[done] ingested Income Tax (Managed Investment Trust Transitional) Act 2008
       legislation_id: 1efe0916-b68d-4ced-b3a5-fe99c0c21f28
       sections: 4
       compilation: 2008-06-23
