[fetch] document_1: https://www.legislation.gov.au/C2004A04976/2023-06-13/2023-06-13/text/original/epub/OEBPS/document_1/document_1.html
[fetch] document_1: 75,241 bytes
[fetch] document_2: https://www.legislation.gov.au/C2004A04976/2023-06-13/2023-06-13/text/original/epub/OEBPS/document_2/document_2.html
[fetch] document_2 not found — stopping. Fetched 1 document(s).
[fetch] combined 1 document(s), 75,241 source bytes → 73,266 combined bytes
[citation] Ozone Protection and Synthetic Greenhouse Gas (Import Levy) Act 1995 (Cth)
[parse] starting
[parser-diag] total <p> elements found: 324
[parser-diag] processed 324 <p> elements
[parser-diag] last section was added at element index: 152
[parser-diag] state phase at end: ENDNOTES
[parser-diag] hierarchy stack depth at end: 1
[parser-diag] insideSchedule at end: false
[parse] sections: 8
[parse] compilation: date=2023-06-13 no=11
[parse] by level:
         section      8
[db] inserted new legislation row: 393573e4-c22d-48ac-96a5-59c17c6198b8
[db] inserting 8 sections (pass 1)
[db] inserted 8 sections
[db] linking parent FKs (pass 2)
[db] linked 0 parent references

[done] ingested Ozone Protection and Synthetic Greenhouse Gas (Import Levy) Act 1995
       legislation_id: 393573e4-c22d-48ac-96a5-59c17c6198b8
       sections: 8
       compilation: 2023-06-13
