[fetch] document_1: https://www.legislation.gov.au/C2004A05296/2009-07-01/2009-07-01/text/original/epub/OEBPS/document_1/document_1.html
[fetch] document_1: 165,575 bytes
[fetch] document_2: https://www.legislation.gov.au/C2004A05296/2009-07-01/2009-07-01/text/original/epub/OEBPS/document_2/document_2.html
[fetch] document_2 not found — stopping. Fetched 1 document(s).
[fetch] combined 1 document(s), 165,575 source bytes → 163,878 combined bytes
[citation] Australian Meat and Live-stock Industry (Repeals and Consequential Provisions) Act 1997 (Cth)
[parse] starting
[parser-diag] total <p> elements found: 623
[parser-unknown-class] "ActHead6", text="Schedule 1—Amendment of the Australian Meat and Live‑stock (Quotas) Act 1990"
[parser-unknown-class] "ItemHead", text="1  Subsection 3(2)"
[parser-unknown-class] "ItemHead", text="2  Section 4"
[parser-unknown-class] "ItemHead", text="3  Subsection 5(1)"
[parser-unknown-class] "ItemHead", text="4  Subsection 6(1)"
[parser-unknown-class] "ItemHead", text="5  Subsection 6(2)"
[parser-unknown-class] "ItemHead", text="6  Section 6A"
[parser-unknown-class] "ItemHead", text="7  Section 7"
[parser-unknown-class] "ItemHead", text="8  Section 7"
[parser-unknown-class] "ItemHead", text="9  Section 8"
[parser-unknown-class] "ItemHead", text="10  Section 8A"
[parser-unknown-class] "ItemHead", text="11  Section 9"
[parser-unknown-class] "ActHead6", text="Schedule 2—Amendment of the Meat and Live‑stock Industry Act 1995"
[parser-unknown-class] "ItemHead", text="1  Paragraph 51(1)(a)"
[parser-unknown-class] "ItemHead", text="2  Section 52 (definition of authorised officer)"
[parser-unknown-class] "ItemHead", text="3  Section 52 (definition of covering)"
[parser-unknown-class] "ItemHead", text="4  Section 52 (definition of enter)"
[parser-unknown-class] "ItemHead", text="5  Section 52 (definition of evidential material)"
[parser-unknown-class] "ItemHead", text="6  Section 52 (definition of examine)"
[parser-unknown-class] "ItemHead", text="7  Section 52 (definition of export licence)"
[parser-unknown-class] "ItemHead", text="8  Section 52 (definition of live‑stock export licence)"
[parser-unknown-class] "ItemHead", text="9  Section 52 (definition of meat export licence)"
[parser-unknown-class] "ItemHead", text="10  Section 52 (definition of occupier)"
[parser-unknown-class] "ItemHead", text="11  Section 52 (definition of offence against this Part)"
[parser-unknown-class] "ItemHead", text="12  Section 52 (definition of premises)"
[parser-unknown-class] "ItemHead", text="13  Section 52 (definition of registered premises)"
[parser-unknown-class] "ItemHead", text="14  Paragraph 54(c)"
[parser-unknown-class] "ItemHead", text="15  Paragraph 54(d)"
[parser-unknown-class] "ItemHead", text="16  Subdivisions B and C of Division 2 of Part 3"
[parser-unknown-class] "ItemHead", text="17  Division 7 of Part 3"
[parser-unknown-class] "ItemHead", text="18  Sections 161 and 162"
[parser-unknown-class] "ItemHead", text="19  Paragraph 163(2)(b)"
[parser-unknown-class] "ItemHead", text="20  Section 227"
[parser-unknown-class] "ActHead6", text="Schedule 3—Consequential amendments of other Acts"
[parser-unknown-class] "ActHead9", text="Australian Animal Health Council (Live‑stock Industries) Funding Act 1996"
[parser-unknown-class] "ItemHead", text="1  Section 3 (definition of Australian Animal Health Council levy)"
[parser-unknown-class] "ActHead9", text="National Cattle Disease Eradication Trust Account Act 1991"
[parser-unknown-class] "ItemHead", text="2  After paragraph 5(1)(aa)"
[parser-unknown-class] "ItemHead", text="3  After paragraph 5(1)(ba)"
[parser-unknown-class] "ItemHead", text="4  After paragraph 5(1)(bc)"
[parser-unknown-class] "ItemHead", text="5  After paragraph 5(1)(bd)"
[parser-unknown-class] "ActHead9", text="National Residue Survey (Livestock Slaughter) Levy Act 1992"
[parser-unknown-class] "ItemHead", text="7  Section 3 (definition of livestock)"
[parser-unknown-class] "ItemHead", text="8  Section 3 (definition of livestock)"
[parser-unknown-class] "ActHead9", text="Primary Industries Levies and Charges Collection Act 1991"
[parser-unknown-class] "ItemHead", text="9  Subsection 4(1) (paragraph (f) of the definition of producer)"
[parser-unknown-class] "ItemHead", text="10  Subsection 4(1) (after paragraph (f) of the definition of producer)"
[parser-unknown-class] "ItemHead", text="11  Subsection 4(1) (paragraph (g) of the definition of producer)"
[parser-unknown-class] "ItemHead", text="12  Paragraph 4(2)(a)"
[parser-unknown-class] "ItemHead", text="13  Paragraph 4(2)(c)"
[parser-unknown-class] "ItemHead", text="14  At the end of subsection 4(2)"
[parser-unknown-class] "ItemHead", text="15  Subsection 7(2A)"
[parser-unknown-class] "ItemHead", text="16  Subsection 8(3)"
[parser-unknown-class] "ItemHead", text="17  Subsection 8(3)"
[parser-unknown-class] "ItemHead", text="18  Subsection 8(4)"
[parser-unknown-class] "ItemHead", text="19  Schedule 1"
[parser-unknown-class] "Table", text="Cattle Export Charge Act 1990"
[parser-unknown-class] "ItemHead", text="20  Schedule 1"
[parser-unknown-class] "ItemHead", text="21  Schedule 2"
[parser-unknown-class] "ItemHead", text="22  Schedule 2"
[parser-unknown-class] "ActHead6", text="Schedule 4—Repeal of Acts"
[parser-unknown-class] "ItemHead", text="1  Repeal of Acts"
[parser-unknown-class] "ActHead9", text="Cattle Export Charges Act 1990"
[parser-unknown-class] "ActHead9", text="Cattle Transaction Levy Act 1995"
[parser-unknown-class] "ActHead9", text="Live‑stock Export Charge Act 1977"
[parser-unknown-class] "ActHead9", text="Live‑stock Slaughter Levy Act 1964"
[parser-unknown-class] "ActHead9", text="Meat and Live‑stock Industry Act 1995"
[parser-unknown-class] "ActHead9", text="Meat and Live‑stock Industry Legislation Repeal Act 1995"
[parser-unknown-class] "ActHead9", text="National Residue Survey (Cattle Export) Levy Act 1995"
[parser-unknown-class] "ActHead9", text="National Residue Survey (Cattle Transactions) Levy Act 1995"
[parser-unknown-class] "ActHead6", text="Schedule 5—Transitional, saving and consequential provisions"
[parser-unknown-class] "ActHead7", text="Part 1—Functions of statutory authorities"
[parser-unknown-class] "ItemHead", text="1  Definitions"
[parser-unknown-class] "ItemHead", text="2  Functions of statutory authorities"
[parser-unknown-class] "Subitem", text="(1) It is a function of each statutory authority to assist in relation to matters relevant to, or..."
[parser-unknown-class] "Subitem", text="(2) Without limiting subitem (1), the assistance to be given by a statutory authority includes:"
[parser-unknown-class] "Subitem", text="(3) The function conferred on a statutory authority under subitem (1) is in addition to the funct..."
[parser-unknown-class] "ItemHead", text="3  Repeal of Part"
[parser-unknown-class] "ActHead7", text="Part 2—Transitional and saving provisions relating to the control of meat and live‑stock exports"
[parser-unknown-class] "ItemHead", text="4  Definitions"
[parser-unknown-class] "ItemHead", text="5  Export licences, orders, directions etc."
[parser-unknown-class] "Subitem", text="(1)  An export licence, order, direction, notice or other document granted, made, issued or given..."
[parser-unknown-class] "Subitem", text="(2) An application made under Part 3 of the old Act before the commencement time may be dealt wit..."
[parser-unknown-class] "ItemHead", text="6  Decisions and determinations"
[parser-unknown-class] "ItemHead", text="7  Warrants"
[parser-unknown-class] "ItemHead", text="8  Nominees"
[parser-unknown-class] "ItemHead", text="9  Analysts"
[parser-unknown-class] "ActHead7", text="Part 3—Transfer of assets and liabilities, and other consequential and transitional provisions"
[parser-unknown-class] "ItemHead", text="10  Definitions"
[parser-unknown-class] "ItemHead", text="11  Assets and liabilities of statutory authorities"
[parser-unknown-class] "Subitem", text="(1) The assets and liabilities of each statutory authority become assets and liabilities of the C..."
[parser-unknown-class] "ItemHead", text="12  Payments to prescribed industry bodies etc."
[parser-unknown-class] "Subitem", text="(1) Subject to this item, an authorised person may, in writing, direct that a specified amount be..."
[parser-unknown-class] "Subitem", text="(2) If an authorised person gives a direction under subitem (1), the amount specified in the dire..."
[parser-unknown-class] "Subitem", text="(3) The payment of an amount under subitem (2) is subject to the conditions (if any) about the us..."
[parser-unknown-class] "Subitem", text="(5) A copy of each direction must be published in the Gazette."
[parser-unknown-class] "ItemHead", text="13  Transfer of certain assets and liabilities"
[parser-unknown-class] "Subitem", text="(1) If an asset (other than money) vested in the Commonwealth under subitem 11(1), or a liability..."
[parser-unknown-class] "Subitem", text="(2) An authorised person may sell any asset of the kind referred to in subitem (1) on behalf of t..."
[parser-unknown-class] "Subitem", text="(4) A copy of each determination must be published in the Gazette."
[parser-unknown-class] "ItemHead", text="14  Offence"
[parser-unknown-class] "Subitem", text="(1) A prescribed industry body or other person to whom an asset is transferred, or to whom an amo..."
[parser-unknown-class] "Subitem", text="(2) Chapter 2 of the Criminal Code applies to offences against this item."
[parser-unknown-class] "ItemHead", text="15  Exemption from certain State and Territory stamp duties"
[parser-unknown-class] "Subitem", text="(1) No stamp duty is payable under a law of a State or Territory in respect of an exempt matter, ..."
[parser-unknown-class] "Subitem", text="(2) An authorised person may certify in writing:"
[parser-unknown-class] "Subitem", text="(3) In all counts, and for all purposes, a certificate under subitem (2) is evidence of the matte..."
[parser-unknown-class] "Subitem", text="(4) A document that appears to be a certificate under subitem (2) is taken to be such a certifica..."
[parser-unknown-class] "Subitem", text="(5) In this item:"
[parser-unknown-class] "ItemHead", text="16  Commonwealth records"
[parser-unknown-class] "Subitem", text="(1) This Act does not authorise a Commonwealth record to be transferred or otherwise dealt with e..."
[parser-unknown-class] "Subitem", text="(2) A Commonwealth record must not be transferred to a person under this Part in connection with ..."
[parser-unknown-class] "Subitem", text="(3) In this item:"
[parser-unknown-class] "ItemHead", text="17  References in statutory authority instruments"
[parser-unknown-class] "Subitem", text="(1) An authorised person may make a written determination that after the commencement time the in..."
[parser-unknown-class] "Subitem", text="(2) If an authorised person makes a determination in relation to an instrument, the instrument co..."
[parser-unknown-class] "Subitem", text="(3) In this item:"
[parser-unknown-class] "ItemHead", text="18  Pending proceedings"
[parser-unknown-class] "Subitem", text="(1) This item applies to proceedings to which a statutory authority was a party and that were pen..."
[parser-unknown-class] "Subitem", text="(2) An authorised person may, in writing, direct that the prescribed industry body specified in t..."
[parser-unknown-class] "Subitem", text="(3) If an authorised person gives a direction under subsection (2), the prescribed industry body ..."
[parser-unknown-class] "ItemHead", text="19  Certificates in relation to interests in land"
[parser-unknown-class] "Subitem", text="(1) This item applies if:"
[parser-unknown-class] "Subitem", text="(2) The land registration official may:"
[parser-unknown-class] "Subitem", text="(3) A document that appears to be a certificate under subitem (1) is taken to be such a certifica..."
[parser-unknown-class] "Subitem", text="(4) In this item:"
[parser-unknown-class] "ItemHead", text="20  Certificates in relation to other assets"
[parser-unknown-class] "Subitem", text="(1) This item applies if:"
[parser-unknown-class] "Subitem", text="(2) The assets official may:"
[parser-unknown-class] "Subitem", text="(3) A document that appears to be a certificate under subitem (1) is taken to be such a certifica..."
[parser-unknown-class] "Subitem", text="(4) In this item:"
[parser-unknown-class] "ItemHead", text="21  Saving: levies and charges"
[parser-unknown-class] "Subitem", text="(1) Despite:"
[parser-unknown-class] "Subitem", text="(2) If:"
[parser-unknown-class] "Subitem", text="(3) If:"
[parser-unknown-class] "Subitem", text="(4) If:"
[parser-unknown-class] "Subitem", text="(5) If:"
[parser-unknown-class] "Subitem", text="(6) Amounts payable under this item are to be paid out of the Consolidated Revenue Fund, which is..."
[parser-unknown-class] "Subitem", text="(7) In this item:"
[parser-unknown-class] "ItemHead", text="22  Compensation for acquisition of property"
[parser-unknown-class] "Subitem", text="(1) If, apart from this item, the operation of this Act would result in the acquisition of proper..."
[parser-unknown-class] "Subitem", text="(2) In this item:"
[parser-unknown-class] "ActHead7", text="Part 4—Staff of statutory authorities"
[parser-unknown-class] "ActHead8", text="Division 1—Preliminary"
[parser-unknown-class] "ItemHead", text="23  Definitions"
[parser-unknown-class] "ItemHead", text="24  Subsidiaries"
[parser-unknown-class] "ItemHead", text="25  Equivalent terms and conditions of employment"
[parser-unknown-class] "ActHead8", text="Division 2—Application of the SRC Act"
[parser-unknown-class] "ItemHead", text="26  Continued application of SRC Act"
[parser-unknown-class] "ItemHead", text="27  Commonwealth liability to meet certain SRC Act liabilities"
[parser-unknown-class] "ItemHead", text="28  SRC Act: rehabilitation provisions"
[parser-unknown-class] "Subitem", text="(1) If a transferring staff member had, before the commencement time, suffered an injury resultin..."
[parser-unknown-class] "Subitem", text="(2) After the commencement time, a prescribed industry body is, for the purposes of section 40 of..."
[parser-unknown-class] "Subitem", text="(3) After the commencement time, a prescribed industry body which employs a transferring staff me..."
[parser-unknown-class] "Subitem", text="(4) Expressions used in this item have the same meanings as they have in the SRC Act."
[parser-unknown-class] "ActHead8", text="Division 3—Deferred DFRDB Act benefits"
[parser-unknown-class] "ItemHead", text="30  Saving: deferred benefits under the DFRDB Act"
[parser-unknown-class] "Subitem", text="(1) This item applies to an employee of a prescribed industry body if, immediately before the com..."
[parser-unknown-class] "Subitem", text="(2) For the purposes of Division 3 of Part IX of the DFRDB Act, the employee is taken to continue..."
[parser-unknown-class] "Subitem", text="(3) This item is subject to Division 3 of Part IX of the DFRDB Act."
[parser-unknown-class] "ActHead8", text="Division 4—Provisions relating to continuity of service and certain leave entitlements"
[parser-unknown-class] "ItemHead", text="31  Transferring staff members: leave entitlements and continuity of service"
[parser-unknown-class] "Subitem", text="(1) After the commencement time, this item has effect for the purposes of applying a law or an aw..."
[parser-unknown-class] "Subitem", text="(2) The service of the transferring staff member as an employee of the prescribed industry body i..."
[parser-unknown-class] "Subitem", text="(3) After the commencement time, the transferring staff member:"
[parser-unknown-class] "ActHead8", text="Division 5—Maternity leave provisions"
[parser-unknown-class] "ItemHead", text="32  Maternity leave starting before commencement time"
[parser-unknown-class] "Subitem", text="(1) This item applies in relation to a person if:"
[parser-unknown-class] "Subitem", text="(2) After the commencement time, the Maternity Leave Act continues to apply to the person in rela..."
[parser-unknown-class] "ItemHead", text="33  Maternity leave starting after commencement time"
[parser-unknown-class] "Subitem", text="(1) This item applies in relation to a person if:"
[parser-unknown-class] "Subitem", text="(2) After the commencement time, the Maternity Leave Act continues to apply to the person in rela..."
[parser-unknown-class] "ActHead8", text="Division 6—Provisions relating to superannuation"
[parser-unknown-class] "ItemHead", text="34  Application of the Superannuation Act 1922"
[parser-unknown-class] "ItemHead", text="35  Application of other Superannuation Acts"
[parser-unknown-class] "ItemHead", text="36  Application of the Superannuation Benefits (Supervisory Mechanisms) Act 1990"
[parser-unknown-class] "Subitem", text="(1) The Minister must not declare a prescribed industry body to be a relevant body for the purpos..."
[parser-unknown-class] "Subitem", text="(2) In this item:"
[parser-unknown-class] "ActHead8", text="Division 7—Provisions relating to long service leave"
[parser-unknown-class] "ItemHead", text="37  Definitions"
[parser-unknown-class] "Subitem", text="(1) Unless the contrary intention appears, a word or expression has the same meaning in this Divi..."
[parser-unknown-class] "Subitem", text="(2) In this Division:"
[parse] sections: 7
[parse] compilation: date=(none) no=(none)
[parser-unknown-class] "ItemHead", text="38  Long service leave for employees with less than 10 years service"
[parser-unknown-class] "Subitem", text="(1) This item applies in relation to a person:"
[parser-unknown-class] "Subitem", text="(2) This item does not apply in relation to an employee of a prescribed industry body who dies."
[parser-unknown-class] "Subitem", text="(3) If, after the commencement time, the employee continues to be employed by a prescribed indust..."
[parser-unknown-class] "Subitem", text="(4) If:"
[parser-unknown-class] "Subitem", text="(5) If a period of long service leave may be granted to an employee under subitem (3) or (4), the..."
[parser-unknown-class] "Subitem", text="(6) Long service leave granted in the circumstances set out in subitem (4) must be taken so as to..."
[parser-unknown-class] "Subitem", text="(7) For the purposes of this item, the rate of salary to be used in working out the full salary o..."
[parser-unknown-class] "ItemHead", text="39  Payments in lieu of long service leave for employees with less than 10 years service"
[parser-unknown-class] "Subitem", text="(1) This item applies to a person:"
[parser-unknown-class] "Subitem", text="(2) This item does not apply in relation to an employee of a prescribed industry body who dies."
[parser-unknown-class] "Subitem", text="(3) If the employee stops being an employee of a prescribed industry body on or after the day on ..."
[parser-unknown-class] "Subitem", text="(4) If:"
[parser-unknown-class] "Subitem", text="(5) If:"
[parser-unknown-class] "Subitem", text="(6) For the purposes of this item, the rate of salary to be used in working out the full salary o..."
[parser-unknown-class] "ItemHead", text="40  Payments on the death of an employee"
[parser-unknown-class] "Subitem", text="(1) This item applies to a person who was a staff member of a statutory authority immediately bef..."
[parser-unknown-class] "Subitem", text="(2) If the person dies after the commencement time and immediately before his or her death:"
[parser-unknown-class] "Subitem", text="(3) The total amount of the payment or payments is the amount that would have been payable to the..."
[parser-unknown-class] "Subitem", text="(4) If subitem (2) applies, section 23 of the Long Service Leave Act has effect as if:"
[parser-unknown-class] "ItemHead", text="41  Employee’s long service leave credit for the purposes of items 38 and 39"
[parser-unknown-class] "Subitem", text="(1) For the purposes of item 38, an employee’s long service leave credit is equal to the long ser..."
[parser-unknown-class] "Subitem", text="(2) For the purposes of item 39, an employee’s long service leave credit is the employee’s long s..."
[parser-unknown-class] "ItemHead", text="42  Employees with at least 10 years service"
[parser-unknown-class] "Subitem", text="(1) This item applies to an employee of a statutory authority whose period of service under the L..."
[parser-unknown-class] "Subitem", text="(2) Even though the employee ceases to be employed in Government Service for the purposes of the ..."
[parser-unknown-class] "Subitem", text="(3) The Long Service Leave Act has effect on and after the commencement time in relation to the e..."
[parser-unknown-class] "ItemHead", text="43  Division not to affect post‑commencement long service leave rights"
[parser-unknown-class] "ActHead8", text="Division 8—Miscellaneous transitional provisions relating to staff"
[parser-unknown-class] "ItemHead", text="44  Staff members who accept employment with equivalent terms and conditions"
[parser-unknown-class] "Subitem", text="(1) This item applies in relation to a staff member of a statutory authority who, before the comm..."
[parser-unknown-class] "Subitem", text="(2) The staff member is not entitled to receive any payment or other benefit merely because he or..."
[parser-unknown-class] "ItemHead", text="45  Cessation of mobility rights"
[parser-unknown-class] "Subitem", text="(1) If Division 2 or 3 of Part IV of the Public Service Act 1922 applied, immediately before the ..."
[parser-unknown-class] "Subitem", text="(2) If Division 4 of Part IV of the Public Service Act 1922 applied immediately before the commen..."
[parser-unknown-class] "ActHead7", text="Part 5—Final annual reports"
[parser-unknown-class] "ItemHead", text="46  Definitions"
[parser-unknown-class] "ItemHead", text="47  Final annual report: Meat Industry Council"
[parser-unknown-class] "Subitem", text="(1) In spite of the repeal of the Meat and Live‑stock Industry Act 1995, the Meat Industry Counci..."
[parser-unknown-class] "Subitem", text="(2) To the extent necessary to enable the report to be prepared and given to the Minister, the Me..."
[parser-unknown-class] "ItemHead", text="48  Final annual report: Australian Meat and Live‑stock Corporation"
[parser-unknown-class] "Subitem", text="(1) In spite of the repeal of the Meat and Live‑stock Industry Act 1995, the Australian Meat and ..."
[parser-unknown-class] "Subitem", text="(2) To the extent necessary to enable the report to be prepared and given to the Minister, the Me..."
[parser-unknown-class] "ItemHead", text="49  Final annual report: Meat Research Corporation"
[parser-unknown-class] "Subitem", text="(1) In spite of the repeal of the Meat and Live‑stock Industry Act 1995, the Australian Meat Rese..."
[parser-unknown-class] "Subitem", text="(2) To the extent necessary to enable the report to be prepared and given to the Minister, the Me..."
[parser-unknown-class] "ItemHead", text="50  Final annual reports: expenses and liabilities"
[parser-unknown-class] "ActHead7", text="Part 6—Regulations"
[parser-unknown-class] "ItemHead", text="51  Regulations"
[parser-unknown-class] "Subitem", text="(1) The Governor‑General may make regulations prescribing matters:"
[parser-unknown-class] "Subitem", text="(2) In particular, regulations may be made in relation to transitional matters arising out of the..."
[parser-diag] processed 623 <p> elements
[parser-diag] last section was added at element index: 114
[parser-diag] state phase at end: BODY
[parser-diag] hierarchy stack depth at end: 1
[parser-diag] insideSchedule at end: false
[parse] by level:
         section      7
[db] inserted new legislation row: ab281fa2-21c0-4e92-a3cd-395e5c65d84b
[db] inserting 7 sections (pass 1)
[db] inserted 7 sections
[db] linking parent FKs (pass 2)
[db] linked 0 parent references

[done] ingested Australian Meat and Live-stock Industry (Repeals and Consequential Provisions) Act 1997
       legislation_id: ab281fa2-21c0-4e92-a3cd-395e5c65d84b
       sections: 7
       compilation: 2009-07-01
