[fetch] document_1: https://www.legislation.gov.au/C2004A02277/2008-07-01/2008-07-01/text/original/epub/OEBPS/document_1/document_1.html
[fetch] document_1: 22,757 bytes
[fetch] document_2: https://www.legislation.gov.au/C2004A02277/2008-07-01/2008-07-01/text/original/epub/OEBPS/document_2/document_2.html
[fetch] document_2 not found — stopping. Fetched 1 document(s).
[fetch] combined 1 document(s), 22,757 source bytes → 21,766 combined bytes
[citation] Coastal Waters (Northern Territory Powers) Act 1980 (Cth)
[parse] starting
[parser-diag] total <p> elements found: 76
[parser-diag] processed 76 <p> elements
[parser-diag] last section was added at element index: 45
[parser-diag] state phase at end: BODY
[parser-diag] hierarchy stack depth at end: 1
[parser-diag] insideSchedule at end: false
[parse] sections: 7
[parse] compilation: date=(none) no=(none)
[parse] by level:
         section      7
[db] inserted new legislation row: e4200a9c-4fe3-4682-b6b8-04729e7ffc4a
[db] inserting 7 sections (pass 1)
[db] inserted 7 sections
[db] linking parent FKs (pass 2)
[db] linked 0 parent references

[done] ingested Coastal Waters (Northern Territory Powers) Act 1980
       legislation_id: e4200a9c-4fe3-4682-b6b8-04729e7ffc4a
       sections: 7
       compilation: 2008-07-01
