[fetch] document_1: https://www.legislation.gov.au/C2004A00795/2000-10-21/2000-10-21/text/original/epub/OEBPS/document_1/document_1.html
[fetch] document_1: 82,104 bytes
[fetch] document_2: https://www.legislation.gov.au/C2004A00795/2000-10-21/2000-10-21/text/original/epub/OEBPS/document_2/document_2.html
[fetch] document_2 not found — stopping. Fetched 1 document(s).
[fetch] combined 1 document(s), 82,104 source bytes → 80,408 combined bytes
[citation] Lake Eyre Basin Intergovernmental Agreement Act 2001 (Cth)
[parse] starting
[parser-diag] total <p> elements found: 382
[parser-diag] processed 382 <p> elements
[parser-diag] last section was added at element index: -1
[parser-diag] state phase at end: PRE_BODY
[parser-diag] hierarchy stack depth at end: 0
[parser-diag] insideSchedule at end: false
[parse] sections: 0
[parse] compilation: date=(none) no=(none)
[parse] by level:
[db] inserted new legislation row: 73fb1982-908d-4d61-9870-549950ff058d
[db] inserting 0 sections (pass 1)
[db] inserted 0 sections
[db] linking parent FKs (pass 2)
[db] linked 0 parent references

[done] ingested Lake Eyre Basin Intergovernmental Agreement Act 2001
       legislation_id: 73fb1982-908d-4d61-9870-549950ff058d
       sections: 0
       compilation: 2000-10-21
