[fetch] document_1: https://www.legislation.gov.au/C2007A00038/2016-03-05/2016-03-05/text/original/epub/OEBPS/document_1/document_1.html
[fetch] document_1: 66,414 bytes
[fetch] document_2: https://www.legislation.gov.au/C2007A00038/2016-03-05/2016-03-05/text/original/epub/OEBPS/document_2/document_2.html
[fetch] document_2 not found — stopping. Fetched 1 document(s).
[fetch] combined 1 document(s), 66,414 source bytes → 64,481 combined bytes
[citation] Airspace Act 2007 (Cth)
[parse] starting
[parser-diag] total <p> elements found: 291
[parser-diag] processed 291 <p> elements
[parser-diag] last section was added at element index: 184
[parser-diag] state phase at end: ENDNOTES
[parser-diag] hierarchy stack depth at end: 2
[parse] sections: 20
[parse] compilation: date=2016-03-05 no=1
[parse] by level:
         part         5
[parser-diag] insideSchedule at end: false
         section      15
[db] inserted new legislation row: 4b6c6bb0-d724-44e5-bd85-873a57847e2c
[db] inserting 20 sections (pass 1)
[db] inserted 20 sections
[db] linking parent FKs (pass 2)
[db] linked 15 parent references

[done] ingested Airspace Act 2007
       legislation_id: 4b6c6bb0-d724-44e5-bd85-873a57847e2c
       sections: 20
       compilation: 2016-03-05
