[fetch] document_1: https://www.legislation.gov.au/C2004A02408/2024-10-14/2024-10-14/text/original/epub/OEBPS/document_1/document_1.html
[fetch] document_1: 194,808 bytes
[fetch] document_2: https://www.legislation.gov.au/C2004A02408/2024-10-14/2024-10-14/text/original/epub/OEBPS/document_2/document_2.html
[fetch] document_2 not found — stopping. Fetched 1 document(s).
[fetch] combined 1 document(s), 194,808 source bytes → 192,676 combined bytes
[citation] Antarctic Marine Living Resources Conservation Act 1981 (Cth)
[parse] starting
[parser-diag] total <p> elements found: 671
[parser-diag] processed 671 <p> elements
[parser-diag] last section was added at element index: 296
[parser-diag] state phase at end: ENDNOTES
[parser-diag] hierarchy stack depth at end: 1
[parser-diag] insideSchedule at end: true
[parse] sections: 26
[parse] compilation: date=2024-10-14 no=8
[parse] by level:
         section      25
         schedule     1
[db] inserted new legislation row: 4aba4f2b-bfa5-4406-be94-834a188226e5
[db] inserting 26 sections (pass 1)
[db] inserted 26 sections
[db] linking parent FKs (pass 2)
[db] linked 0 parent references

[done] ingested Antarctic Marine Living Resources Conservation Act 1981
       legislation_id: 4aba4f2b-bfa5-4406-be94-834a188226e5
       sections: 26
       compilation: 2024-10-14
