[fetch] document_1: https://www.legislation.gov.au/C2004A00851/2024-10-14/2024-10-14/text/original/epub/OEBPS/document_1/document_1.html
[fetch] document_1: 853,363 bytes
[fetch] document_2: https://www.legislation.gov.au/C2004A00851/2024-10-14/2024-10-14/text/original/epub/OEBPS/document_2/document_2.html
[fetch] document_2 not found — stopping. Fetched 1 document(s).
[fetch] combined 1 document(s), 853,363 source bytes → 850,201 combined bytes
[citation] Interactive Gambling Act 2001 (Cth)
[parse] starting
[parser-diag] total <p> elements found: 3245
[parser-diag] processed 3245 <p> elements
[parser-diag] last section was added at element index: 2529
[parser-diag] state phase at end: ENDNOTES
[parser-diag] hierarchy stack depth at end: 2
[parser-diag] insideSchedule at end: false
[parse] sections: 206
[parse] compilation: date=2024-10-14 no=24
[parse] by level:
         part         12
         section      170
         division     24
[db] inserted new legislation row: 19fbebd0-cb35-433b-b6c6-c46e9e05dcaf
[db] inserting 206 sections (pass 1)
[db] inserted 206 sections
[db] linking parent FKs (pass 2)
[db] linked 194 parent references

[done] ingested Interactive Gambling Act 2001
       legislation_id: 19fbebd0-cb35-433b-b6c6-c46e9e05dcaf
       sections: 206
       compilation: 2024-10-14
