[fetch] document_1: https://www.legislation.gov.au/C2004A01905/1978-08-30/1978-08-30/text/original/epub/OEBPS/document_1/document_1.html
[fetch] document_1: 6,237 bytes
[fetch] document_2: https://www.legislation.gov.au/C2004A01905/1978-08-30/1978-08-30/text/original/epub/OEBPS/document_2/document_2.html
[fetch] document_2 not found — stopping. Fetched 1 document(s).
[fetch] combined 1 document(s), 6,237 source bytes → 5,251 combined bytes
[citation] Loan Act 1978 (Cth)
[parse] starting
[parser-diag] total <p> elements found: 16
[parser-diag] processed 16 <p> elements
[parser-diag] last section was added at element index: -1
[parser-diag] state phase at end: PRE_BODY
[parser-diag] hierarchy stack depth at end: 0
[parser-diag] insideSchedule at end: false
[parse] sections: 0
[parse] compilation: date=(none) no=(none)
[parse] by level:
[db] inserted new legislation row: fbdceeb3-fc2e-4876-b317-327a558a4aa2
[db] inserting 0 sections (pass 1)
[db] inserted 0 sections
[db] linking parent FKs (pass 2)
[db] linked 0 parent references

[done] ingested Loan Act 1978
       legislation_id: fbdceeb3-fc2e-4876-b317-327a558a4aa2
       sections: 0
       compilation: 1978-08-30
