[fetch] document_1: https://www.legislation.gov.au/C2004A00571/2018-12-29/2018-12-29/text/original/epub/OEBPS/document_1/document_1.html
[fetch] document_1: 336,580 bytes
[fetch] document_2: https://www.legislation.gov.au/C2004A00571/2018-12-29/2018-12-29/text/original/epub/OEBPS/document_2/document_2.html
[fetch] document_2 not found — stopping. Fetched 1 document(s).
[fetch] combined 1 document(s), 336,580 source bytes → 333,836 combined bytes
[citation] Textile, Clothing and Footwear Investment and Innovation Programs Act 1999 (Cth)
[parse] starting
[parser-diag] total <p> elements found: 1373
[parser-diag] processed 1373 <p> elements
[parser-diag] last section was added at element index: 877
[parser-diag] state phase at end: ENDNOTES
[parser-diag] hierarchy stack depth at end: 2
[parser-diag] insideSchedule at end: false
[parse] sections: 117
[parse] compilation: date=2018-12-29 no=10
[parse] by level:
         part         8
         section      93
         division     16
[db] inserted new legislation row: 48b69bef-238a-45a8-8825-3fbe6c7bb3d5
[db] inserting 117 sections (pass 1)
[db] inserted 117 sections
[db] linking parent FKs (pass 2)
[db] linked 109 parent references

[done] ingested Textile, Clothing and Footwear Investment and Innovation Programs Act 1999
       legislation_id: 48b69bef-238a-45a8-8825-3fbe6c7bb3d5
       sections: 117
       compilation: 2018-12-29
