[fetch] document_1: https://www.legislation.gov.au/C2005A00122/2014-07-01/2014-07-01/text/original/epub/OEBPS/document_1/document_1.html
[fetch] document_1: 79,631 bytes
[fetch] document_2: https://www.legislation.gov.au/C2005A00122/2014-07-01/2014-07-01/text/original/epub/OEBPS/document_2/document_2.html
[fetch] document_2 not found — stopping. Fetched 1 document(s).
[fetch] combined 1 document(s), 79,631 source bytes → 77,937 combined bytes
[citation] Asbestos-related Claims (Management of Commonwealth Liabilities) Act 2005 (Cth)
[parse] starting
[parser-diag] total <p> elements found: 353
[parser-diag] processed 353 <p> elements
[parse] sections: 19
[parse] compilation: date=(none) no=(none)
[parser-diag] last section was added at element index: 237
[parser-diag] state phase at end: ENDNOTES
[parser-diag] hierarchy stack depth at end: 2
[parser-diag] insideSchedule at end: false
[parse] by level:
         part         3
         section      16
[db] inserted new legislation row: af2ca8c7-9c41-4031-b10f-f27d1b503ab0
[db] inserting 19 sections (pass 1)
[db] inserted 19 sections
[db] linking parent FKs (pass 2)
[db] linked 16 parent references

[done] ingested Asbestos-related Claims (Management of Commonwealth Liabilities) Act 2005
       legislation_id: af2ca8c7-9c41-4031-b10f-f27d1b503ab0
       sections: 19
       compilation: 2014-07-01
