[fetch] document_1: https://www.legislation.gov.au/C2004A03872/2026-04-02/2026-04-02/text/original/epub/OEBPS/document_1/document_1.html
[fetch] document_1: 1,908,540 bytes
[fetch] document_2: https://www.legislation.gov.au/C2004A03872/2026-04-02/2026-04-02/text/original/epub/OEBPS/document_2/document_2.html
[fetch] document_2 not found — stopping. Fetched 1 document(s).
[fetch] combined 1 document(s), 1,908,540 source bytes → 1,905,070 combined bytes
[citation] Child Support (Assessment) Act 1989 (Cth)
[parse] starting
[parser-diag] total <p> elements found: 6540
[parser-unknown-class] "BoxStep", text="Step 1. Work out each parent’s child support income for the child for the day (see section 41)."
[parser-unknown-class] "BoxStep", text="Step 2. Work out the parents’ combined child support income for the child for the day (see sectio..."
[parser-unknown-class] "BoxStep", text="Step 3. Work out each parent’s income percentage for the child for the day (see section 55B)."
[parser-unknown-class] "BoxStep", text="Step 4. Work out each parent’s percentage of care for the child for the day (see Subdivision B of..."
[parser-unknown-class] "BoxStep", text="Step 5. Work out each parent’s cost percentage for the child for the day (see section 55C)."
[parser-unknown-class] "BoxStep", text="Step 6. Work out each parent’s child support percentage for the child for the day (see section 55D)."
[parser-unknown-class] "BoxStep", text="Step 7. Work out the costs of the child for the day under sections 55G and 55H."
[parser-unknown-class] "BoxStep", text="Step 8. If a parent has a positive child support percentage under step 6, the annual rate of chil..."
[parser-unknown-class] "BoxStep", text=""
[parser-unknown-class] "BoxStep", text="Step 1. Follow steps 1 to 6 in the method statement in section 35 for each parent."
[parser-unknown-class] "BoxStep", text="Step 1A. Work out the costs of the child for the day under section 55HA."
[parser-unknown-class] "BoxStep", text="Step 1B. If a parent has a positive child support percentage under step 6 of the method statement..."
[parser-unknown-class] "BoxStep", text=""
[parser-unknown-class] "BoxStep", text="Step 2. Work out each parent’s multi‑case cap (if any) for the child for the day (see section 55E)."
[parser-unknown-class] "BoxStep", text="Step 3. If a parent has a positive child support percentage under step 6 of the method statement ..."
[parser-unknown-class] "BoxStep", text="Step 1. Work out the parent’s child support income for the day (see section 41) and double that i..."
[parser-unknown-class] "BoxStep", text="Step 2. Work out the parent’s percentage of care for the child for the day (see Subdivision B of ..."
[parser-unknown-class] "BoxStep", text="Step 3. Work out the parent’s cost percentage for the child for the day (see section 55C)."
[parser-unknown-class] "BoxStep", text="Step 4. If the parent is assessed in respect of the costs of another child who is in another chil..."
[parser-unknown-class] "BoxStep", text="Step 5. Work out the following rate:"
[parser-unknown-class] "BoxStep", text=""
[parser-unknown-class] "BoxStep", text="Step 6. If the parent is not assessed in respect of the costs of another child who is in another ..."
[parser-unknown-class] "BoxStep", text="Step 7. If the parent is assessed in respect of the costs of another child who is in another chil..."
[parser-unknown-class] "BoxStep", text="Step 8. The annual rate of child support payable by the parent for the child for the day is the l..."
[parser-unknown-class] "BoxStep", text="Step 9. If there is only one non‑parent carer who has a percentage of care for the child for the ..."
[parser-unknown-class] "BoxStep", text="Step 1. Work out the parent’s child support income for the day (see section 41)."
[parser-unknown-class] "BoxStep", text="Step 2. Work out the parent’s percentage of care for the child for the day (see Subdivision B of ..."
[parser-unknown-class] "BoxStep", text="Step 3. Work out the parent’s cost percentage for the child for the day (see section 55C)."
[parser-unknown-class] "BoxStep", text="Step 4. If the parent is assessed in respect of the costs of another child who is in another chil..."
[parser-unknown-class] "BoxStep", text="Step 5. Work out the following rate:"
[parser-unknown-class] "BoxStep", text=""
[parser-unknown-class] "BoxStep", text="Step 6. If the parent is not assessed in respect of the costs of another child who is in another ..."
[parser-unknown-class] "BoxStep", text="Step 7. If the parent is assessed in respect of the costs of another child who is in another chil..."
[parser-unknown-class] "BoxStep", text="Step 8. The annual rate of child support payable by the parent for the child for the day is the l..."
[parser-unknown-class] "BoxStep", text="Step 9. If there is only one non‑parent carer who has a percentage of care for the child for the ..."
[parser-unknown-class] "BoxStep", text="Step 1. Work out the difference between the parent’s adjusted taxable income for the child for th..."
[parser-unknown-class] "BoxStep", text="Step 2. Work out the parent’s percentage of care for the child for the day (see Subdivision B of ..."
[parser-unknown-class] "BoxStep", text="Step 3. Work out the parent’s cost percentage for the child for the day (see section 55C)."
[parser-unknown-class] "BoxStep", text="Step 4. Work out the costs of the child for the day under sections 55G and 55H as if:"
[parser-unknown-class] "BoxStep", text="Step 5. Work out the following amount for the child for a day in the child support period:"
[parser-unknown-class] "BoxStep", text=""
[parser-unknown-class] "BoxStep", text="Step 1. Work out the following amount:"
[parser-unknown-class] "BoxStep", text=""
[parser-unknown-class] "BoxStep", text="Step 2. If the parent has a relevant dependent child, take the parent’s relevant dependent child ..."
[parser-unknown-class] "BoxStep", text="Step 3. For each of the children (the multi‑case children) for whom the parent is assessed in res..."
[parser-unknown-class] "BoxStep", text="Step 4. The parent’s multi‑case allowance for the particular child for the day is the sum of the ..."
[parser-unknown-class] "BoxStep", text="Step 1. Estimate each income component amount for the parent for the period (the remaining period):"
[parser-unknown-class] "BoxStep", text="Step 2. Add up those amounts. The result is the partial year income amount."
[parser-unknown-class] "BoxStep", text="Step 3. Divide the partial year income amount by the number of days in the remaining period."
[parser-unknown-class] "BoxStep", text="Step 4. Multiply the quotient by 365."
[parser-unknown-class] "BoxStep", text="Step 1. Estimate each income component amount for the parent for the period (the remaining period):"
[parser-unknown-class] "BoxStep", text="Step 2. Add up those amounts. The result is the partial year income amount."
[parser-unknown-class] "BoxStep", text="Step 3. Divide the partial year income amount by the number of days in the remaining period."
[parser-unknown-class] "BoxStep", text="Step 4. Multiply the quotient by 365."
[parser-unknown-class] "BoxStep", text="Step 1. For each income election relating to the year of income that had an application period th..."
[parser-unknown-class] "BoxStep", text="Step 2. For each of those income elections, multiply the result of step 1 by the number of days i..."
[parser-unknown-class] "BoxStep", text="Step 3. Add up each of the amounts worked out under step 2."
[parser-unknown-class] "BoxStep", text="Step 4. Add the result of step 3 and the partial year income amount worked out under subsection 6..."
[parser-unknown-class] "BoxStep", text="Step 1. Subtract the parent’s estimated ATI amount from the parent’s actual ATI amount."
[parser-unknown-class] "BoxStep", text="Step 2. Divide the result by the total number of days in the application periods for each income ..."
[parser-unknown-class] "BoxStep", text="Step 3. For each of those income elections, multiply the additional daily rate by the number of d..."
[parser-unknown-class] "BoxStep", text="Step 4. For each of those income elections, add the underestimated amount for the income election..."
[parser-unknown-class] "BoxStep", text="Step 5. For each of those income elections:"
[parser-unknown-class] "BoxStep", text="Step 1. For each income election relating to the year of income that had an application period th..."
[parser-unknown-class] "BoxStep", text="Step 2. For each of those income elections, multiply the result of step 1 by the number of days i..."
[parser-unknown-class] "BoxStep", text="Step 3. Add up each of the amounts worked out under step 2."
[parser-unknown-class] "BoxStep", text="Step 4. Add the result of step 3 and the partial year income amount worked out under subsection 6..."
[parser-unknown-class] "BoxStep", text="Step 1. Subtract the parent’s estimated ATI amount from the parent’s determined ATI."
[parser-unknown-class] "BoxStep", text="Step 2. Divide the result by the total number of days in the application periods for each income ..."
[parser-unknown-class] "BoxStep", text="Step 3. For each of those income elections, multiply the additional daily rate by the number of d..."
[parser-unknown-class] "BoxStep", text="Step 4. For each of those income elections, add the underestimated amount for the income election..."
[parser-unknown-class] "BoxStep", text="Step 5. For each of those income elections:"
[parser-diag] processed 6540 <p> elements
[parser-diag] last section was added at element index: 4321
[parse] sections: 392
[parse] compilation: date=2026-04-02 no=70
[parse] by level:
         part         12
         section      307
         division     39
         subdivision  30
         schedule     1
         schedule_clause 3
[parser-diag] state phase at end: ENDNOTES
[parser-diag] hierarchy stack depth at end: 2
[parser-diag] insideSchedule at end: true
[db] inserted new legislation row: d13d2ee1-72a7-4314-9647-fa2581d7c9dd
[db] inserting 392 sections (pass 1)
[db] inserted 392 sections
[db] linking parent FKs (pass 2)
[db] linked 379 parent references

[done] ingested Child Support (Assessment) Act 1989
       legislation_id: d13d2ee1-72a7-4314-9647-fa2581d7c9dd
       sections: 392
       compilation: 2026-04-02
