[fetch] document_1: https://www.legislation.gov.au/C2004A01917/2024-07-01/2024-07-01/text/original/epub/OEBPS/document_1/document_1.html
[fetch] document_1: 60,898 bytes
[fetch] document_2: https://www.legislation.gov.au/C2004A01917/2024-07-01/2024-07-01/text/original/epub/OEBPS/document_2/document_2.html
[fetch] document_2 not found — stopping. Fetched 1 document(s).
[fetch] combined 1 document(s), 60,898 source bytes → 59,096 combined bytes
[citation] Passenger Movement Charge Act 1978 (Cth)
[parse] starting
[parser-diag] total <p> elements found: 273
[parser-diag] processed 273 <p> elements
[parser-diag] last section was added at element index: 76
[parser-diag] state phase at end: ENDNOTES
[parser-diag] hierarchy stack depth at end: 1
[parser-diag] insideSchedule at end: false
[parse] sections: 6
[parse] compilation: date=2024-07-01 no=14
[parse] by level:
         section      6
[db] inserted new legislation row: c552b2ff-5238-4841-8a5e-114c7d72dcb3
[db] inserting 6 sections (pass 1)
[db] inserted 6 sections
[db] linking parent FKs (pass 2)
[db] linked 0 parent references

[done] ingested Passenger Movement Charge Act 1978
       legislation_id: c552b2ff-5238-4841-8a5e-114c7d72dcb3
       sections: 6
       compilation: 2024-07-01
