[fetch] document_1: https://www.legislation.gov.au/C2004A03015/2016-03-05/2016-03-05/text/original/epub/OEBPS/document_1/document_1.html
[fetch] document_1: 51,119 bytes
[fetch] document_2: https://www.legislation.gov.au/C2004A03015/2016-03-05/2016-03-05/text/original/epub/OEBPS/document_2/document_2.html
[fetch] document_2 not found — stopping. Fetched 1 document(s).
[fetch] combined 1 document(s), 51,119 source bytes → 49,359 combined bytes
[citation] Fisheries Levy Act 1984 (Cth)
[parse] starting
[parser-diag] total <p> elements found: 209
[parser-diag] processed 209 <p> elements
[parser-diag] last section was added at element index: 82
[parser-diag] state phase at end: ENDNOTES
[parser-diag] hierarchy stack depth at end: 1
[parser-diag] insideSchedule at end: false
[parse] sections: 8
[parse] compilation: date=2016-03-05 no=7
[parse] by level:
         section      8
[db] inserted new legislation row: 5cf2a9cb-5abd-44a7-896a-d17c6892b45e
[db] inserting 8 sections (pass 1)
[db] inserted 8 sections
[db] linking parent FKs (pass 2)
[db] linked 0 parent references

[done] ingested Fisheries Levy Act 1984
       legislation_id: 5cf2a9cb-5abd-44a7-896a-d17c6892b45e
       sections: 8
       compilation: 2016-03-05
