[fetch] document_1: https://www.legislation.gov.au/C2006A00086/2006-06-13/2006-06-13/text/original/epub/OEBPS/document_1/document_1.html
[fetch] document_1: 140,085 bytes
[fetch] document_2: https://www.legislation.gov.au/C2006A00086/2006-06-13/2006-06-13/text/original/epub/OEBPS/document_2/document_2.html
[fetch] document_2 not found — stopping. Fetched 1 document(s).
[fetch] combined 1 document(s), 140,085 source bytes → 139,129 combined bytes
[citation] Law Enforcement Integrity Commissioner (Consequential Amendments) Act 2006 (Cth)
[parse] starting
[parser-diag] total <p> elements found: 563
[parser-unknown-class] "ActHead6", text="Schedule 1—Consequential amendments"
[parser-unknown-class] "ActHead9", text="Administrative Decisions (Judicial Review) Act 1977"
[parser-unknown-class] "ItemHead", text="1  After paragraph (e) of Schedule 2"
[parser-unknown-class] "ActHead9", text="Archives Act 1983"
[parser-unknown-class] "ItemHead", text="2  After paragraph 33(1A)(b)"
[parser-unknown-class] "ActHead9", text="Australian Crime Commission Act 2002"
[parser-unknown-class] "ItemHead", text="3  Subsection 51(4) (at the end of the definition of relevant Act)"
[parser-unknown-class] "ActHead9", text="Australian Federal Police Act 1979"
[parser-unknown-class] "ItemHead", text="4  Subsection 60A(2)"
[parser-unknown-class] "ItemHead", text="5  Subsection 60A(3) (definition of prescribed information)"
[parser-unknown-class] "ActHead9", text="Australian Security Intelligence Organisation Act 1979"
[parser-unknown-class] "ItemHead", text="6  Paragraph 18(3)(a)"
[parser-unknown-class] "ItemHead", text="7  After subparagraph 18(3)(b)(v)"
[parser-unknown-class] "ItemHead", text="8  Subsection 18(6)"
[parser-unknown-class] "ItemHead", text="9  Subsection 18(6)"
[parser-unknown-class] "ItemHead", text="10  Subsection 18(6)"
[parser-unknown-class] "ActHead9", text="Crimes Act 1914"
[parser-unknown-class] "ItemHead", text="11  Subsection 3(1)"
[parser-unknown-class] "ItemHead", text="12  Subsection 3(1) (after paragraph (a) of the definition of appropriate authorising officer)"
[parser-unknown-class] "ItemHead", text="13  Subsection 3(1)"
[parser-unknown-class] "ItemHead", text="14  Subsection 3(1) (after paragraph (b) of the definition of law enforcement officer)"
[parser-unknown-class] "ItemHead", text="15  Subsection 3(1)"
[parser-unknown-class] "ItemHead", text="16  Subparagraph 15G(1)(b)(i)"
[parser-unknown-class] "ItemHead", text="17  After paragraph 15J(2)(b)"
[parser-unknown-class] "ItemHead", text="18  After subsection 15J(3)"
[parser-unknown-class] "ItemHead", text="19  After paragraph 15N(2A)(a)"
[parser-unknown-class] "ItemHead", text="20  After subsection 15OA(1)"
[parser-unknown-class] "ItemHead", text="21  Subsection 15OA(4)"
[parser-unknown-class] "ItemHead", text="22  Paragraph 15OA(5)(b)"
[parser-unknown-class] "ItemHead", text="23  Paragraph 15Q(1)(a)"
[parser-unknown-class] "ItemHead", text="24  After subsection 15R(1)"
[parser-unknown-class] "ItemHead", text="25  Subsection 15T(4)"
[parser-unknown-class] "ItemHead", text="26  Subsection 15U(2)"
[parser-unknown-class] "ItemHead", text="27  After paragraph 15UA(1)(a)"
[parser-unknown-class] "ItemHead", text="28  Subsection 15UA(2)"
[parser-unknown-class] "ItemHead", text="29  Subsection 15UB(1)"
[parser-unknown-class] "ItemHead", text="30  Subsection 15XA(1) (after paragraph (b) of the definition of Commonwealth participating agency)"
[parser-unknown-class] "ItemHead", text="31  Section 85ZL (after paragraph (ba) of the definition of law enforcement agency)"
[parser-unknown-class] "ActHead9", text="Criminal Code Act 1995"
[parser-unknown-class] "ItemHead", text="32  Section 146.1 of the Criminal Code (after paragraph (a) of the definition of Commonwealth law..."
[parser-unknown-class] "ActHead9", text="Financial Transaction Reports Act 1988"
[parser-unknown-class] "ItemHead", text="33  Subsection 3(1)"
[parser-unknown-class] "ItemHead", text="34  Subsection 3(1)"
[parser-unknown-class] "ItemHead", text="35  Subsection 16(6) (definition of investigating officer)"
[parser-unknown-class] "ItemHead", text="36  Subsection 16(6) (after paragraph (a) of the definition of relevant authority)"
[parser-unknown-class] "ItemHead", text="37  After paragraph 26(1)(b)"
[parser-unknown-class] "ItemHead", text="38  After subsection 27(5)"
[parser-unknown-class] "ItemHead", text="39  After paragraph 27(14)(b)"
[parser-unknown-class] "ItemHead", text="40  After paragraph 27(15)(g)"
[parser-unknown-class] "ActHead9", text="Ombudsman Act 1976"
[parser-unknown-class] "ItemHead", text="41  After subsection 5(3A)"
[parser-unknown-class] "ItemHead", text="42  At the end of section 6"
[parser-unknown-class] "ItemHead", text="43  After section 6A"
[parser-unknown-class] "ItemHead", text="44  After section 8B"
[parser-unknown-class] "ItemHead", text="45  After paragraph 9(3)(e)"
[parser-unknown-class] "ItemHead", text="46  At the end of subsection 35(6A)"
[parser-unknown-class] "ItemHead", text="46A  After section 35"
[parser-unknown-class] "ItemHead", text="46B  Subsection 35A(1)"
[parser-unknown-class] "ItemHead", text="47  After section 35B"
[parser-unknown-class] "ActHead9", text="Privacy Act 1988"
[parser-unknown-class] "ItemHead", text="48  Subsection 6(1) (after paragraph (a) of the definition of enforcement body)"
[parser-unknown-class] "ItemHead", text="49  Subsection 6(1)"
[parser-unknown-class] "ItemHead", text="50  After subparagraph 7(1)(a)(iii)"
[parser-unknown-class] "ItemHead", text="51  After paragraph 7(1)(g)"
[parser-unknown-class] "ItemHead", text="52  Subsection 18K(5) (note)"
[parser-unknown-class] "ItemHead", text="53  After paragraph 70(2)(b)"
[parser-unknown-class] "ActHead9", text="Proceeds of Crime Act 2002"
[parser-unknown-class] "ItemHead", text="54  After paragraph 213(3)(c)"
[parser-unknown-class] "ItemHead", text="55  Section 338 (after paragraph (a) of the definition of authorised officer)"
[parser-unknown-class] "ActHead9", text="Radiocommunications Act 1992"
[parser-unknown-class] "ItemHead", text="56  After paragraph 27(1)(b)"
[parser-unknown-class] "ActHead9", text="Royal Commissions Act 1902"
[parser-unknown-class] "ItemHead", text="57  Subsection 6F(2)"
[parser-unknown-class] "ItemHead", text="58  After subsection 6P(2A)"
[parser-unknown-class] "ItemHead", text="59  Subsection 6P(3)"
[parser-unknown-class] "ActHead9", text="Surveillance Devices Act 2004"
[parser-unknown-class] "ItemHead", text="60  Subsection 6(1) (after paragraph (a) of the definition of appropriate authorising officer)"
[parser-unknown-class] "ItemHead", text="61  Subsection 6(1)"
[parser-unknown-class] "ItemHead", text="62  Subsection 6(1) (after paragraph (a) of the definition of chief officer)"
[parser-unknown-class] "ItemHead", text="63  Subsection 6(1)"
[parser-unknown-class] "ItemHead", text="64  Subsection 6(1) (after paragraph (a) of the definition of law enforcement agency)"
[parser-unknown-class] "ItemHead", text="65  Subsection 6(1) (after paragraph (a) of the definition of law enforcement officer)"
[parser-unknown-class] "ItemHead", text="66  Subsection 6(1)"
[parser-unknown-class] "ItemHead", text="67  At the end of subsection 6(4)"
[parser-unknown-class] "ItemHead", text="68  After paragraph 37(1)(a)"
[parser-unknown-class] "ItemHead", text="69  After paragraph 38(1)(a)"
[parser-unknown-class] "ItemHead", text="70  Paragraph 64(a)"
[parser-unknown-class] "ActHead9", text="Taxation Administration Act 1953"
[parser-unknown-class] "ItemHead", text="71  Subsection 2(1) (after paragraph (c) of the definition of head)"
[parser-unknown-class] "ItemHead", text="72  Subsection 2(1) (after paragraph (c) of the definition of law enforcement agency)"
[parser-unknown-class] "ActHead9", text="Telecommunications Act 1997"
[parser-unknown-class] "ItemHead", text="73  Section 7 (after paragraph (b) of the definition of agency)"
[parser-unknown-class] "ItemHead", text="74  After subsection 280(1)"
[parser-unknown-class] "ItemHead", text="75  Subsection 282(10) (after paragraph (b) of the definition of criminal law‑enforcement agency)"
[parser-unknown-class] "ActHead9", text="Telecommunications (Interception) Act 1979"
[parser-unknown-class] "ItemHead", text="76  Subsection 5(1)"
[parser-unknown-class] "ItemHead", text="77  Subsection 5(1) (after paragraph (a) of the definition of certifying officer)"
[parser-unknown-class] "ItemHead", text="78  Subsection 5(1) (after paragraph (a) of the definition of chief officer)"
[parser-unknown-class] "ItemHead", text="79  Subsection 5(1) (after paragraph (a) of the definition of Commonwealth agency)"
[parser-unknown-class] "ItemHead", text="80  Subsection 5(1)"
[parser-unknown-class] "ItemHead", text="81  Subsection 5(1) (after paragraph (a) of the definition of officer)"
[parser-unknown-class] "ItemHead", text="82  Subsection 5(1) (after paragraph (b) of the definition of permitted purpose)"
[parser-unknown-class] "ItemHead", text="83  Subsection 5(1) (before paragraph (a) of the definition of prescribed investigation)"
[parser-unknown-class] "ItemHead", text="84  Subsection 5(1) (after paragraph (a) of the definition of relevant offence)"
[parser-unknown-class] "ItemHead", text="85  Subsection 5(1)"
[parser-unknown-class] "ItemHead", text="86  At the end of section 5D"
[parser-unknown-class] "ItemHead", text="87  At the end of section 5D"
[parser-unknown-class] "ItemHead", text="88  Before subparagraph 6A(1)(c)(i)"
[parser-unknown-class] "ItemHead", text="89  Paragraph 6L(2)(a)"
[parser-unknown-class] "ItemHead", text="90  After paragraph 39(2)(a)"
[parser-unknown-class] "ItemHead", text="91  After paragraph 68(da)"
[parser-unknown-class] "ItemHead", text="92  After paragraph 71(2)(c)"
[parser-unknown-class] "ItemHead", text="93  After subsection 80(1)"
[parser-unknown-class] "ItemHead", text="94  After subsection 81(1)"
[parser-unknown-class] "ItemHead", text="95  Subsection 81(2A)"
[parser-unknown-class] "ItemHead", text="96  Subsection 140(1)"
[parser-unknown-class] "ActHead9", text="Witness Protection Act 1994"
[parser-unknown-class] "ItemHead", text="97  Section 3 (after paragraph (a) of the definition of approved authority)"
[parser-unknown-class] "2ndRd", text="[Minister’s second reading speech made in—"
[parser-unknown-class] "2ndRd", text="House of Representatives on 29 March 2006"
[parser-unknown-class] "2ndRd", text="Senate on 22 June 2006]"
[parser-diag] processed 563 <p> elements
[parser-diag] last section was added at element index: 335
[parser-diag] state phase at end: BODY
[parser-diag] hierarchy stack depth at end: 1
[parser-diag] insideSchedule at end: false
[parse] sections: 7
[parse] compilation: date=(none) no=(none)
[parse] by level:
         section      7
[db] inserted new legislation row: f514680b-8869-47d4-a29e-55707629e31a
[db] inserting 7 sections (pass 1)
[db] inserted 7 sections
[db] linking parent FKs (pass 2)
[db] linked 0 parent references

[done] ingested Law Enforcement Integrity Commissioner (Consequential Amendments) Act 2006
       legislation_id: f514680b-8869-47d4-a29e-55707629e31a
       sections: 7
       compilation: 2006-06-13
