[fetch] document_1: https://www.legislation.gov.au/C2004A00282/2019-05-03/2019-05-03/text/original/epub/OEBPS/document_1/document_1.html
[fetch] document_1: 107,829 bytes
[fetch] document_2: https://www.legislation.gov.au/C2004A00282/2019-05-03/2019-05-03/text/original/epub/OEBPS/document_2/document_2.html
[fetch] document_2 not found — stopping. Fetched 1 document(s).
[fetch] combined 1 document(s), 107,829 source bytes → 105,886 combined bytes
[citation] Australian Bureau of Statistics Act 1975 (Cth)
[parse] starting
[parser-diag] total <p> elements found: 436
[parser-diag] processed 436 <p> elements
[parser-diag] last section was added at element index: 204
[parser-diag] state phase at end: ENDNOTES
[parser-diag] hierarchy stack depth at end: 2
[parser-diag] insideSchedule at end: false
[parse] sections: 27
[parse] compilation: date=2019-05-03 no=11
[parse] by level:
         part         4
         section      23
[db] inserted new legislation row: c3b0dd78-3342-443b-b3a7-453f98c5de07
[db] inserting 27 sections (pass 1)
[db] inserted 27 sections
[db] linking parent FKs (pass 2)
[db] linked 23 parent references

[done] ingested Australian Bureau of Statistics Act 1975
       legislation_id: c3b0dd78-3342-443b-b3a7-453f98c5de07
       sections: 27
       compilation: 2019-05-03
