[fetch] document_1: https://www.legislation.gov.au/C2004A04394/2024-03-20/2024-03-20/text/original/epub/OEBPS/document_1/document_1.html
[fetch] document_1: 205,031 bytes
[fetch] document_2: https://www.legislation.gov.au/C2004A04394/2024-03-20/2024-03-20/text/original/epub/OEBPS/document_2/document_2.html
[fetch] document_2 not found — stopping. Fetched 1 document(s).
[fetch] combined 1 document(s), 205,031 source bytes → 203,011 combined bytes
[citation] International Air Services Commission Act 1992 (Cth)
[parse] starting
[parser-diag] total <p> elements found: 815
[parser-diag] processed 815 <p> elements
[parser-diag] last section was added at element index: 551
[parser-diag] state phase at end: ENDNOTES
[parser-diag] hierarchy stack depth at end: 2
[parser-diag] insideSchedule at end: false
[parse] sections: 72
[parse] compilation: date=2024-03-20 no=13
[parse] by level:
         part         7
         section      59
         division     6
[db] inserted new legislation row: 42060f02-4c32-43c1-8c87-ce43b52bc02b
[db] inserting 72 sections (pass 1)
[db] inserted 72 sections
[db] linking parent FKs (pass 2)
[db] linked 65 parent references

[done] ingested International Air Services Commission Act 1992
       legislation_id: 42060f02-4c32-43c1-8c87-ce43b52bc02b
       sections: 72
       compilation: 2024-03-20
