[fetch] document_1: https://www.legislation.gov.au/C2004A02489/1981-06-24/1981-06-24/text/original/epub/OEBPS/document_1/document_1.html
[fetch] document_1: 8,523 bytes
[fetch] document_2: https://www.legislation.gov.au/C2004A02489/1981-06-24/1981-06-24/text/original/epub/OEBPS/document_2/document_2.html
[fetch] document_2 not found — stopping. Fetched 1 document(s).
[fetch] combined 1 document(s), 8,523 source bytes → 7,438 combined bytes
[citation] Income Tax (Diverted Income) Act 1981 (Cth)
[parse] starting
[parser-diag] total <p> elements found: 45
[parser-diag] processed 45 <p> elements
[parser-diag] last section was added at element index: -1
[parser-diag] state phase at end: PRE_BODY
[parser-diag] hierarchy stack depth at end: 0
[parser-diag] insideSchedule at end: false
[parse] sections: 0
[parse] compilation: date=(none) no=(none)
[parse] by level:
[db] inserted new legislation row: a7fda546-5953-4a65-a0aa-5dad8e8d3477
[db] inserting 0 sections (pass 1)
[db] inserted 0 sections
[db] linking parent FKs (pass 2)
[db] linked 0 parent references

[done] ingested Income Tax (Diverted Income) Act 1981
       legislation_id: a7fda546-5953-4a65-a0aa-5dad8e8d3477
       sections: 0
       compilation: 1981-06-24
