[fetch] document_1: https://www.legislation.gov.au/C2004A00776/2024-10-14/2024-10-14/text/original/epub/OEBPS/document_1/document_1.html
[fetch] document_1: 397,951 bytes
[fetch] document_2: https://www.legislation.gov.au/C2004A00776/2024-10-14/2024-10-14/text/original/epub/OEBPS/document_2/document_2.html
[fetch] document_2 not found — stopping. Fetched 1 document(s).
[fetch] combined 1 document(s), 397,951 source bytes → 395,909 combined bytes
[citation] Defence Reserve Service (Protection) Act 2001 (Cth)
[parse] starting
[parser-diag] total <p> elements found: 1636
[parser-diag] processed 1636 <p> elements
[parser-diag] last section was added at element index: 1144
[parser-diag] state phase at end: ENDNOTES
[parser-diag] hierarchy stack depth at end: 2
[parser-diag] insideSchedule at end: false
[parse] sections: 142
[parse] compilation: date=2024-10-14 no=14
[parse] by level:
         part         12
         section      104
         division     23
         subdivision  3
[db] inserted new legislation row: 2ef25909-62da-425a-8408-53c2d18d485c
[db] inserting 142 sections (pass 1)
[db] inserted 142 sections
[db] linking parent FKs (pass 2)
[db] linked 130 parent references

[done] ingested Defence Reserve Service (Protection) Act 2001
       legislation_id: 2ef25909-62da-425a-8408-53c2d18d485c
       sections: 142
       compilation: 2024-10-14
