[fetch] document_1: https://www.legislation.gov.au/C2004A01082/2024-10-14/2024-10-14/text/original/epub/OEBPS/document_1/document_1.html
[fetch] document_1: 427,191 bytes
[fetch] document_2: https://www.legislation.gov.au/C2004A01082/2024-10-14/2024-10-14/text/original/epub/OEBPS/document_2/document_2.html
[fetch] document_2 not found — stopping. Fetched 1 document(s).
[fetch] combined 1 document(s), 427,191 source bytes → 425,229 combined bytes
[citation] Research Involving Human Embryos Act 2002 (Cth)
[parse] starting
[parser-diag] total <p> elements found: 1572
[parser-diag] processed 1572 <p> elements
[parser-diag] last section was added at element index: 1192
[parse] sections: 105
[parse] compilation: date=2024-10-14 no=9
[parser-diag] state phase at end: ENDNOTES
[parser-diag] hierarchy stack depth at end: 3
[parser-diag] insideSchedule at end: false
[parse] by level:
         part         5
         section      85
         division     9
         subdivision  6
[db] inserted new legislation row: ad20f8c4-251b-40ed-b173-58c64bc153d1
[db] inserting 105 sections (pass 1)
[db] inserted 105 sections
[db] linking parent FKs (pass 2)
[db] linked 100 parent references

[done] ingested Research Involving Human Embryos Act 2002
       legislation_id: ad20f8c4-251b-40ed-b173-58c64bc153d1
       sections: 105
       compilation: 2024-10-14
