[fetch] document_1: https://www.legislation.gov.au/C2004A00007/1973-06-19/1973-06-19/text/original/epub/OEBPS/document_1/document_1.html
[fetch] document_1: 36,849 bytes
[fetch] document_2: https://www.legislation.gov.au/C2004A00007/1973-06-19/1973-06-19/text/original/epub/OEBPS/document_2/document_2.html
[fetch] document_2 not found — stopping. Fetched 1 document(s).
[fetch] combined 1 document(s), 36,849 source bytes → 35,594 combined bytes
[citation] Defence Forces Retirement Benefits (Pension Increases) Act 1973 (Cth)
[parse] starting
[parser-diag] total <p> elements found: 99
[parser-diag] processed 99 <p> elements
[parser-diag] last section was added at element index: -1
[parser-diag] state phase at end: PRE_BODY
[parser-diag] hierarchy stack depth at end: 0
[parser-diag] insideSchedule at end: false
[parse] sections: 0
[parse] compilation: date=(none) no=(none)
[parse] by level:
[db] inserted new legislation row: 74d983bd-e6e0-44b4-b306-c7410f7812f5
[db] inserting 0 sections (pass 1)
[db] inserted 0 sections
[db] linking parent FKs (pass 2)
[db] linked 0 parent references

[done] ingested Defence Forces Retirement Benefits (Pension Increases) Act 1973
       legislation_id: 74d983bd-e6e0-44b4-b306-c7410f7812f5
       sections: 0
       compilation: 1973-06-19
