[fetch] document_1: https://www.legislation.gov.au/C2004A05119/2022-01-01/2022-01-01/text/original/epub/OEBPS/document_1/document_1.html
[fetch] document_1: 73,478 bytes
[fetch] document_2: https://www.legislation.gov.au/C2004A05119/2022-01-01/2022-01-01/text/original/epub/OEBPS/document_2/document_2.html
[fetch] document_2 not found — stopping. Fetched 1 document(s).
[fetch] combined 1 document(s), 73,478 source bytes → 71,486 combined bytes
[citation] Education Services for Overseas Students (Registration Charges) Act 1997 (Cth)
[parse] starting
[parser-diag] total <p> elements found: 313
[parser-diag] processed 313 <p> elements
[parser-diag] last section was added at element index: 129
[parser-diag] state phase at end: ENDNOTES
[parser-diag] hierarchy stack depth at end: 1
[parser-diag] insideSchedule at end: false
[parse] sections: 10
[parse] compilation: date=2022-01-01 no=12
[parse] by level:
         section      10
[db] inserted new legislation row: 7bc4de8f-9c81-4847-b532-fbc23e7f1254
[db] inserting 10 sections (pass 1)
[db] inserted 10 sections
[db] linking parent FKs (pass 2)
[db] linked 0 parent references

[done] ingested Education Services for Overseas Students (Registration Charges) Act 1997
       legislation_id: 7bc4de8f-9c81-4847-b532-fbc23e7f1254
       sections: 10
       compilation: 2022-01-01
