[fetch] document_1: https://www.legislation.gov.au/C2004A04835/2014-03-12/2014-03-12/text/original/epub/OEBPS/document_1/document_1.html
[fetch] document_1: 92,321 bytes
[fetch] document_2: https://www.legislation.gov.au/C2004A04835/2014-03-12/2014-03-12/text/original/epub/OEBPS/document_2/document_2.html
[fetch] document_2 not found — stopping. Fetched 1 document(s).
[fetch] combined 1 document(s), 92,321 source bytes → 90,720 combined bytes
[citation] Supported Accommodation Assistance Act 1994 (Cth)
[parse] starting
[parser-diag] total <p> elements found: 434
[parser-diag] processed 434 <p> elements
[parser-diag] last section was added at element index: 315
[parser-diag] state phase at end: ENDNOTES
[parser-diag] hierarchy stack depth at end: 2
[parser-diag] insideSchedule at end: false
[parse] sections: 34
[parse] compilation: date=(none) no=(none)
[parse] by level:
         part         5
         section      26
         division     3
[db] inserted new legislation row: a4350bcf-3266-4e8d-9ecb-2240b27e816c
[db] inserting 34 sections (pass 1)
[db] inserted 34 sections
[db] linking parent FKs (pass 2)
[db] linked 29 parent references

[done] ingested Supported Accommodation Assistance Act 1994
       legislation_id: a4350bcf-3266-4e8d-9ecb-2240b27e816c
       sections: 34
       compilation: 2014-03-12
