[fetch] document_1: https://www.legislation.gov.au/C2004A00131/2005-02-22/2005-02-22/text/original/epub/OEBPS/document_1/document_1.html
[fetch] document_1: 47,890 bytes
[fetch] document_2: https://www.legislation.gov.au/C2004A00131/2005-02-22/2005-02-22/text/original/epub/OEBPS/document_2/document_2.html
[fetch] document_2 not found — stopping. Fetched 1 document(s).
[fetch] combined 1 document(s), 47,890 source bytes → 46,924 combined bytes
[citation] Sewerage Agreements Act 1974 (Cth)
[parse] starting
[parser-diag] total <p> elements found: 186
[parser-diag] processed 186 <p> elements
[parser-diag] last section was added at element index: 59
[parser-diag] state phase at end: BODY
[parser-diag] hierarchy stack depth at end: 1
[parser-diag] insideSchedule at end: true
[parse] sections: 10
[parse] compilation: date=(none) no=(none)
[parse] by level:
         section      9
         schedule     1
[db] inserted new legislation row: 8060aade-7bdf-4493-86b6-65f526d9c8c0
[db] inserting 10 sections (pass 1)
[db] inserted 10 sections
[db] linking parent FKs (pass 2)
[db] linked 0 parent references

[done] ingested Sewerage Agreements Act 1974
       legislation_id: 8060aade-7bdf-4493-86b6-65f526d9c8c0
       sections: 10
       compilation: 2005-02-22
