[fetch] document_1: https://www.legislation.gov.au/C2009A00029/2009-05-13/2009-05-13/text/original/epub/OEBPS/document_1/document_1.html
[fetch] document_1: 8,043 bytes
[fetch] document_2: https://www.legislation.gov.au/C2009A00029/2009-05-13/2009-05-13/text/original/epub/OEBPS/document_2/document_2.html
[fetch] document_2 not found — stopping. Fetched 1 document(s).
[fetch] combined 1 document(s), 8,043 source bytes → 7,184 combined bytes
[citation] Customs Tariff Validation Act 2009 (Cth)
[parse] starting
[parser-diag] total <p> elements found: 57
[parser-unknown-class] "2ndRd", text=""
[parser-unknown-class] "2ndRd", text="[Minister’s second reading speech made in—"
[parser-unknown-class] "2ndRd", text="House of Representatives on 12 May 2009"
[parser-unknown-class] "2ndRd", text="Senate on 12 May 2009]"
[parser-diag] processed 57 <p> elements
[parser-diag] last section was added at element index: 45
[parser-diag] state phase at end: BODY
[parser-diag] hierarchy stack depth at end: 1
[parser-diag] insideSchedule at end: false
[parse] sections: 4
[parse] compilation: date=(none) no=(none)
[parse] by level:
         section      4
[db] inserted new legislation row: 6146ca85-8e81-481b-85d3-8b7a60e9bc3a
[db] inserting 4 sections (pass 1)
[db] inserted 4 sections
[db] linking parent FKs (pass 2)
[db] linked 0 parent references

[done] ingested Customs Tariff Validation Act 2009
       legislation_id: 6146ca85-8e81-481b-85d3-8b7a60e9bc3a
       sections: 4
       compilation: 2009-05-13
