[fetch] document_1: https://www.legislation.gov.au/C2004A02275/1980-05-29/1980-05-29/text/original/epub/OEBPS/document_1/document_1.html
[fetch] document_1: 8,089 bytes
[fetch] document_2: https://www.legislation.gov.au/C2004A02275/1980-05-29/1980-05-29/text/original/epub/OEBPS/document_2/document_2.html
[fetch] document_2 not found — stopping. Fetched 1 document(s).
[fetch] combined 1 document(s), 8,089 source bytes → 7,052 combined bytes
[citation] Northern Territory (Commonwealth Lands) Act 1980 (Cth)
[parse] starting
[parser-diag] total <p> elements found: 44
[parser-diag] processed 44 <p> elements
[parser-diag] last section was added at element index: -1
[parser-diag] state phase at end: PRE_BODY
[parser-diag] hierarchy stack depth at end: 0
[parser-diag] insideSchedule at end: false
[parse] sections: 0
[parse] compilation: date=(none) no=(none)
[parse] by level:
[db] inserted new legislation row: ea20691b-f72f-4f14-8c23-24f0eb557afc
[db] inserting 0 sections (pass 1)
[db] inserted 0 sections
[db] linking parent FKs (pass 2)
[db] linked 0 parent references

[done] ingested Northern Territory (Commonwealth Lands) Act 1980
       legislation_id: ea20691b-f72f-4f14-8c23-24f0eb557afc
       sections: 0
       compilation: 1980-05-29
