[fetch] document_1: https://www.legislation.gov.au/C2004A00727/2018-12-01/2018-12-01/text/original/epub/OEBPS/document_1/document_1.html
[fetch] document_1: 35,283 bytes
[fetch] document_2: https://www.legislation.gov.au/C2004A00727/2018-12-01/2018-12-01/text/original/epub/OEBPS/document_2/document_2.html
[fetch] document_2 not found — stopping. Fetched 1 document(s).
[fetch] combined 1 document(s), 35,283 source bytes → 33,196 combined bytes
[citation] Health Insurance (Approved Pathology Specimen Collection Centres) Tax Act 2000 (Cth)
[parse] starting
[parser-diag] total <p> elements found: 163
[parser-diag] processed 163 <p> elements
[parser-diag] last section was added at element index: 52
[parser-diag] state phase at end: ENDNOTES
[parser-diag] hierarchy stack depth at end: 1
[parser-diag] insideSchedule at end: false
[parse] sections: 5
[parse] compilation: date=2018-12-01 no=2
[parse] by level:
         section      5
[db] inserted new legislation row: 64f0392d-134f-424c-af8d-1ef046826b58
[db] inserting 5 sections (pass 1)
[db] inserted 5 sections
[db] linking parent FKs (pass 2)
[db] linked 0 parent references

[done] ingested Health Insurance (Approved Pathology Specimen Collection Centres) Tax Act 2000
       legislation_id: 64f0392d-134f-424c-af8d-1ef046826b58
       sections: 5
       compilation: 2018-12-01
