[fetch] document_1: https://www.legislation.gov.au/C2004A04715/1994-03-15/1994-03-15/text/original/epub/OEBPS/document_1/document_1.html
[fetch] document_1: 8,533 bytes
[fetch] document_2: https://www.legislation.gov.au/C2004A04715/1994-03-15/1994-03-15/text/original/epub/OEBPS/document_2/document_2.html
[fetch] document_2 not found — stopping. Fetched 1 document(s).
[fetch] combined 1 document(s), 8,533 source bytes → 7,475 combined bytes
[citation] Agricultural and Veterinary Chemical Products Levy Imposition (Customs) Act 1994 (Cth)
[parse] starting
[parser-diag] total <p> elements found: 42
[parser-diag] processed 42 <p> elements
[parser-diag] last section was added at element index: -1
[parser-diag] state phase at end: PRE_BODY
[parser-diag] hierarchy stack depth at end: 0
[parser-diag] insideSchedule at end: false
[parse] sections: 0
[parse] compilation: date=(none) no=(none)
[parse] by level:
[db] inserted new legislation row: 89d18f9a-9af6-43d5-a931-d755bc28d3c1
[db] inserting 0 sections (pass 1)
[db] inserted 0 sections
[db] linking parent FKs (pass 2)
[db] linked 0 parent references

[done] ingested Agricultural and Veterinary Chemical Products Levy Imposition (Customs) Act 1994
       legislation_id: 89d18f9a-9af6-43d5-a931-d755bc28d3c1
       sections: 0
       compilation: 1994-03-15
