[fetch] document_1: https://www.legislation.gov.au/C2004A04231/2011-01-04/2011-01-04/text/original/epub/OEBPS/document_1/document_1.html
[fetch] document_1: 18,200 bytes
[fetch] document_2: https://www.legislation.gov.au/C2004A04231/2011-01-04/2011-01-04/text/original/epub/OEBPS/document_2/document_2.html
[fetch] document_2 not found — stopping. Fetched 1 document(s).
[fetch] combined 1 document(s), 18,200 source bytes → 17,200 combined bytes
[citation] Fishing Levy Act 1991 (Cth)
[parse] starting
[parser-diag] total <p> elements found: 70
[parser-diag] processed 70 <p> elements
[parser-diag] last section was added at element index: 42
[parser-diag] state phase at end: BODY
[parser-diag] hierarchy stack depth at end: 1
[parser-diag] insideSchedule at end: false
[parse] sections: 8
[parse] compilation: date=(none) no=(none)
[parse] by level:
         section      8
[db] inserted new legislation row: aa2eb4e5-990c-4cfb-8425-60ec38f5387f
[db] inserting 8 sections (pass 1)
[db] inserted 8 sections
[db] linking parent FKs (pass 2)
[db] linked 0 parent references

[done] ingested Fishing Levy Act 1991
       legislation_id: aa2eb4e5-990c-4cfb-8425-60ec38f5387f
       sections: 8
       compilation: 2011-01-04
