[fetch] document_1: https://www.legislation.gov.au/C2008A00136/2024-07-06/2024-07-06/text/original/epub/OEBPS/document_1/document_1.html
[fetch] document_1: 146,397 bytes
[fetch] document_2: https://www.legislation.gov.au/C2008A00136/2024-07-06/2024-07-06/text/original/epub/OEBPS/document_2/document_2.html
[fetch] document_2 not found — stopping. Fetched 1 document(s).
[fetch] combined 1 document(s), 146,397 source bytes → 144,512 combined bytes
[citation] Australian Curriculum, Assessment and Reporting Authority Act 2008 (Cth)
[parse] starting
[parser-diag] total <p> elements found: 593
[parser-diag] processed 593 <p> elements
[parser-diag] last section was added at element index: 411
[parser-diag] state phase at end: ENDNOTES
[parser-diag] hierarchy stack depth at end: 2
[parser-diag] insideSchedule at end: false
[parse] sections: 57
[parse] compilation: date=2024-07-06 no=4
[parse] by level:
         part         6
         section      46
         division     5
[db] inserted new legislation row: 8caf1c78-54e4-4380-b7af-b885df9a22c9
[db] inserting 57 sections (pass 1)
[db] inserted 57 sections
[db] linking parent FKs (pass 2)
[db] linked 51 parent references

[done] ingested Australian Curriculum, Assessment and Reporting Authority Act 2008
       legislation_id: 8caf1c78-54e4-4380-b7af-b885df9a22c9
       sections: 57
       compilation: 2024-07-06
