[fetch] document_1: https://www.legislation.gov.au/C2004A03225/2026-03-27/2026-03-27/text/original/epub/OEBPS/document_1/document_1.html
[fetch] document_1: 232,768 bytes
[fetch] document_2: https://www.legislation.gov.au/C2004A03225/2026-03-27/2026-03-27/text/original/epub/OEBPS/document_2/document_2.html
[fetch] document_2 not found — stopping. Fetched 1 document(s).
[fetch] combined 1 document(s), 232,768 source bytes → 230,775 combined bytes
[citation] Australian Trade and Investment Commission Act 1985 (Cth)
[parse] starting
[parser-diag] total <p> elements found: 967
[parser-diag] processed 967 <p> elements
[parser-diag] last section was added at element index: 343
[parser-diag] state phase at end: ENDNOTES
[parser-diag] hierarchy stack depth at end: 2
[parser-diag] insideSchedule at end: false
[parse] sections: 41
[parse] compilation: date=2026-03-27 no=20
[parse] by level:
         part         6
         section      33
         division     2
[db] inserted new legislation row: bf28ce6a-8322-4e77-a9e4-449ae2cc40cd
[db] inserting 41 sections (pass 1)
[db] inserted 41 sections
[db] linking parent FKs (pass 2)
[db] linked 35 parent references

[done] ingested Australian Trade and Investment Commission Act 1985
       legislation_id: bf28ce6a-8322-4e77-a9e4-449ae2cc40cd
       sections: 41
       compilation: 2026-03-27
