[fetch] document_1: https://www.legislation.gov.au/C2009A00114/2009-11-16/2009-11-16/text/original/epub/OEBPS/document_1/document_1.html
[fetch] document_1: 132,776 bytes
[fetch] document_2: https://www.legislation.gov.au/C2009A00114/2009-11-16/2009-11-16/text/original/epub/OEBPS/document_2/document_2.html
[fetch] document_2 not found — stopping. Fetched 1 document(s).
[fetch] combined 1 document(s), 132,776 source bytes → 130,978 combined bytes
[citation] Tax Agent Services (Transitional Provisions and Consequential Amendments) Act 2009 (Cth)
[parse] starting
[parser-diag] total <p> elements found: 549
[parser-unknown-class] "ActHead6", text="Schedule 1—Amendments"
[parser-unknown-class] "ActHead7", text="Part 1—Consequential amendments"
[parser-unknown-class] "ActHead9", text="A New Tax System (Goods and Services Tax) Act 1999"
[parser-unknown-class] "ItemHead", text="1  Section 195‑1 (definition of registered tax agent)"
[parser-unknown-class] "ActHead9", text="Corporations Act 2001"
[parser-unknown-class] "ItemHead", text="2  Paragraph 766B(5)(c)"
[parser-unknown-class] "ActHead9", text="Fringe Benefits Tax Assessment Act 1986"
[parser-unknown-class] "ItemHead", text="3  Part IX"
[parser-unknown-class] "ItemHead", text="4  Subsection 136(1) (definition of registered tax agent)"
[parser-unknown-class] "ActHead9", text="Income Tax Assessment Act 1936"
[parser-unknown-class] "ItemHead", text="5  Subsection 6(1) (definition of registered tax agent)"
[parser-unknown-class] "ItemHead", text="6  Paragraph 16(4)(b)"
[parser-unknown-class] "ItemHead", text="7  Part VIIA"
[parser-unknown-class] "ActHead9", text="Income Tax Assessment Act 1997"
[parser-unknown-class] "ItemHead", text="8  Section 214‑185"
[parser-unknown-class] "ItemHead", text="9  Subsection 995‑1(1) (paragraph (a) of the definition of recognised tax adviser)"
[parser-unknown-class] "ItemHead", text="10  Subsection 995‑1(1) (definition of registered tax agent)"
[parser-unknown-class] "ItemHead", text="11  Subsection 995‑1(1)"
[parser-unknown-class] "ItemHead", text="12  Subsection 995‑1(1) (at the end of the definition of taxation law)"
[parser-unknown-class] "ActHead9", text="Income Tax (Transitional Provisions) Act 1997"
[parser-unknown-class] "ItemHead", text="13  Section 214‑130"
[parser-unknown-class] "ActHead9", text="Taxation Administration Act 1953"
[parser-unknown-class] "ItemHead", text="14  Subsection 2(1)"
[parser-unknown-class] "ItemHead", text="15  After subsection 3B(1B)"
[parser-unknown-class] "ItemHead", text="16  At the end of subsection 3C(1AB)"
[parser-unknown-class] "ItemHead", text="17  Paragraph 8AAZLH(2A)(b)"
[parser-unknown-class] "ItemHead", text="18  At the end of Division 1 of Part III"
[parser-unknown-class] "ItemHead", text="19  Subsection 8J(2A)"
[parser-unknown-class] "ItemHead", text="20  After subsection 15(2)"
[parser-unknown-class] "ItemHead", text="21  At the end of section 15A"
[parser-unknown-class] "ItemHead", text="22  Subsection 255‑1(2) in Schedule 1"
[parser-unknown-class] "ItemHead", text="23  After subsection 284‑75(1) in Schedule 1"
[parser-unknown-class] "ItemHead", text="24  After subsection 286‑75(1) in Schedule 1"
[parser-unknown-class] "ItemHead", text="25  Section 298‑80"
[parser-unknown-class] "ItemHead", text="26  Application provision"
[parser-unknown-class] "Subitem", text="(1) The amendment made by item 23 applies in relation to statements given on or after the commenc..."
[parser-unknown-class] "Subitem", text="(2) The amendment made by item 24 applies in relation to a return, notice, statement or other doc..."
[parser-unknown-class] "ActHead7", text="Part 2—Other amendments"
[parser-unknown-class] "ActHead9", text="Tax Agent Services Act 2009"
[parser-unknown-class] "ItemHead", text="27  Paragraph 20‑5(4)(a)"
[parser-unknown-class] "ItemHead", text="28  Subparagraphs 50‑30(1)(c)(iii) and (2)(c)(iii)"
[parser-unknown-class] "ItemHead", text="29  Subsection 70‑40(1)"
[parser-unknown-class] "ItemHead", text="30  After paragraph 70‑40(1)(a)"
[parser-unknown-class] "ActHead6", text="Schedule 2—Transitional provisions"
[parser-unknown-class] "ActHead7", text="Part 1—Preliminary"
[parser-unknown-class] "ItemHead", text="1  Definitions"
[parser-unknown-class] "Subitem", text="(1) In this Schedule:"
[parser-unknown-class] "Subitem", text="(2) An expression used in this Schedule that is also used in the new law has the same meaning in ..."
[parser-unknown-class] "Subitem", text="(3) Subject to subitem (2), an expression used in this Schedule that is also used in the Income T..."
[parser-unknown-class] "ActHead7", text="Part 2—Continuation of existing registrations etc."
[parser-unknown-class] "ItemHead", text="2  Registration of a tax agent continues in force"
[parser-unknown-class] "Subitem", text="(1) If an entity was, immediately before commencement, a registered tax agent within the meaning ..."
[parser-unknown-class] "Subitem", text="(2) If an entity was, immediately before commencement, taken not to be a registered tax agent wit..."
[parser-unknown-class] "Subitem", text="(3) If subitem (2) applies in relation to an entity, immediately after the period of suspension e..."
[parser-unknown-class] "ItemHead", text="3  Special rule relating to the registration of nominees of tax agents"
[parser-unknown-class] "ItemHead", text="4  Special rule relating to the provision of tax agent services by certain entities"
[parser-unknown-class] "Subitem", text="(1) If:"
[parser-unknown-class] "Subitem", text="(2) To avoid doubt, if an entity is taken to be a registered tax agent under subitem (1), the Boa..."
[parser-unknown-class] "ItemHead", text="5  Special rules relating to the provision of BAS services by certain persons and entities"
[parser-unknown-class] "Subitem", text="(1) If:"
[parser-unknown-class] "Subitem", text="(2) If:"
[parser-unknown-class] "Subitem", text="(3) To avoid doubt, if a person is taken to be a registered BAS agent under subitem (1), the Boar..."
[parser-unknown-class] "Subitem", text="(4) To avoid doubt, if an entity is taken to be a registered BAS agent under subitem (2), the Boa..."
[parser-unknown-class] "ActHead7", text="Part 3—Applications for registration or re‑registration"
[parser-unknown-class] "ActHead8", text="Division 1—Pending applications"
[parser-unknown-class] "ItemHead", text="6  Pending applications for registration—tax agents"
[parser-unknown-class] "Subitem", text="(1) If:"
[parser-unknown-class] "Subitem", text="(2) The Board is taken to have rejected the application if it has not made its decision within 6 ..."
[parser-unknown-class] "Subitem", text="(3) To avoid doubt, if the Board decides to grant the application, the Board may, in accordance w..."
[parser-unknown-class] "ItemHead", text="7  Pending applications for re‑registration—tax agents"
[parser-unknown-class] "Subitem", text="(1) If:"
[parser-unknown-class] "Subitem", text="(2) The Board is taken to have rejected the application if it has not made its decision within 6 ..."
[parser-unknown-class] "Subitem", text="(3) To avoid doubt, if the Board decides to grant the application, the Board may, in accordance w..."
[parser-unknown-class] "Subitem", text="(4) The entity is taken to be a registered tax agent for the period:"
[parser-unknown-class] "Subitem", text="(5) If:"
[parser-unknown-class] "ItemHead", text="8  Pending applications for registration—nominees"
[parser-unknown-class] "Subitem", text="(1) If:"
[parser-unknown-class] "Subitem", text="(2) The Board is taken to have rejected the application if it has not made its decision within 6 ..."
[parser-unknown-class] "Subitem", text="(3) To avoid doubt, if the Board decides to grant the application, the Board may, in accordance w..."
[parser-unknown-class] "ItemHead", text="9  Pending applications for re‑registration—nominees"
[parser-unknown-class] "Subitem", text="(1) If:"
[parser-unknown-class] "Subitem", text="(2) The Board is taken to have rejected the application if it has not made its decision within 6 ..."
[parser-unknown-class] "Subitem", text="(3) To avoid doubt, if the Board decides to grant the application, the Board may, in accordance w..."
[parser-unknown-class] "Subitem", text="(4) The nominee is taken to be a registered tax agent for the period:"
[parser-unknown-class] "Subitem", text="(5) If:"
[parser-unknown-class] "ItemHead", text="10  Pending applications for registration—successor tax agents"
[parser-unknown-class] "Subitem", text="(1) If:"
[parser-unknown-class] "Subitem", text="(2) If:"
[parser-unknown-class] "Subitem", text="(3) If:"
[parser-unknown-class] "Subitem", text="(4) To avoid doubt, if the Board decides to grant the application, the Board may, in accordance w..."
[parser-unknown-class] "ItemHead", text="11  Pending applications—refund of lodgment fees"
[parser-unknown-class] "ActHead8", text="Division 2—Applications not made, but time period for making applications not expired"
[parser-unknown-class] "ItemHead", text="12  Applications for registration not made—successor tax agents"
[parser-unknown-class] "Subitem", text="(1) If:"
[parser-unknown-class] "Subitem", text="(2) If the person makes an application mentioned in subitem (1), then despite section 251JD of th..."
[parser-unknown-class] "Subitem", text="(3) If:"
[parser-unknown-class] "Subitem", text="(4) If the new partnership makes an application mentioned in subitem (3), then despite section 25..."
[parser-unknown-class] "ActHead8", text="Division 3—New applications"
[parser-unknown-class] "ItemHead", text="13  Special rule for applications for registration as a registered tax agent"
[parser-unknown-class] "Subitem", text="(1) If:"
[parser-unknown-class] "Subitem", text="(2) The entity is taken to be a registered tax agent within the meaning of the new law for the pe..."
[parser-unknown-class] "ItemHead", text="14  Special rule for applications for registration as a registered BAS agent"
[parser-unknown-class] "Subitem", text="(1) If:"
[parser-unknown-class] "Subitem", text="(2) If:"
[parser-unknown-class] "ActHead7", text="Part 4—References to, and things done by, or in relation to, a Tax Agents’ Board"
[parser-unknown-class] "ItemHead", text="15  Things done by, or in relation to, a Tax Agents’ Board"
[parser-unknown-class] "Subitem", text="(1) If a thing was done by, or in relation to, a Tax Agents’ Board under the old law, then the th..."
[parser-unknown-class] "Subitem", text="(2) The Minister may, by writing, determine that subitem (1) does not apply in relation to a spec..."
[parser-unknown-class] "Subitem", text="(3) To avoid doubt, doing a thing includes making an instrument."
[parser-unknown-class] "Subitem", text="(4) A determination under subitem (2) is not a legislative instrument."
[parser-unknown-class] "ItemHead", text="16  References in instruments"
[parser-unknown-class] "Subitem", text="(1) If:"
[parser-unknown-class] "Subitem", text="(2) The Minister may, by writing, determine that subitem (1) does not apply in relation to a spec..."
[parser-unknown-class] "Subitem", text="(3) A determination made under subitem (2) is not a legislative instrument."
[parser-unknown-class] "ItemHead", text="17  Continuation of inquiries by a Tax Agents’ Board"
[parser-unknown-class] "Subitem", text="(1) If, before commencement, a Tax Agents’ Board had given an entity a show cause notice, then:"
[parser-unknown-class] "Subitem", text="(2) If a decision is not made within 60 days after commencement, the Board is taken to have decid..."
[parser-unknown-class] "Subitem", text="(3) If, as allowed by subparagraph (1)(b)(iii), the Board suspends an entity, the entity is taken..."
[parser-unknown-class] "Subitem", text="(4) If:"
[parser-unknown-class] "Subitem", text="(5) In this item:"
[parser-unknown-class] "ActHead7", text="Part 5—Review of decisions"
[parser-unknown-class] "ItemHead", text="18  Rights of review of certain decisions"
[parser-unknown-class] "Subitem", text="(1) Despite the repeal of section 251QA of the old law by Schedule 1 to this Act, an application ..."
[parser-unknown-class] "Subitem", text="(2) To avoid doubt, an application may be made to the Administrative Appeals Tribunal under secti..."
[parser-unknown-class] "ActHead7", text="Part 6—Legal proceedings"
[parser-unknown-class] "ItemHead", text="19  Substitution of Board as a party to pending proceedings"
[parser-unknown-class] "Subitem", text="If any proceedings to which a Tax Agents’ Board was a party were pending in any court or tribunal..."
[parser-unknown-class] "ItemHead", text="20  Legal proceedings by taxpayers to recover fines etc."
[parser-unknown-class] "Subitem", text="(1) If:"
[parser-unknown-class] "Subitem", text="(2) If:"
[parser-unknown-class] "ItemHead", text="21  Special rule relating to the cancellation of registration"
[parser-unknown-class] "Subitem", text="(1) If an entity was a registered tax agent or a registered nominee within the meaning of the old..."
[parser-unknown-class] "Subitem", text="(2) If:"
[parser-unknown-class] "ActHead7", text="Part 7—Reporting and disclosure obligations"
[parser-unknown-class] "ItemHead", text="22  Modified reporting requirements for first year"
[parser-unknown-class] "Subitem", text="If commencement occurs during the last 3 months of a financial year, then, despite subsection 60‑..."
[parser-unknown-class] "ItemHead", text="23  Obligation to keep register"
[parser-unknown-class] "ItemHead", text="24  Transfer of custody of records of Tax Agents’ Board"
[parser-unknown-class] "Subitem", text="(1) This item applies to any records or documents that:"
[parser-unknown-class] "Subitem", text="(2) The records and documents must be transferred into the custody of the Board as soon as practi..."
[parser-unknown-class] "ActHead7", text="Part 8—Miscellaneous"
[parser-unknown-class] "ItemHead", text="25  Notifications given to the Board"
[parser-unknown-class] "ItemHead", text="26  Transitional regulations"
[parser-unknown-class] "Subitem", text="(1) The Governor‑General may make regulations prescribing matters:"
[parser-unknown-class] "Subitem", text="(2) In particular, regulations may be made prescribing matters of a transitional nature (includin..."
[parser-unknown-class] "Subitem", text="(3) Subitem (2) does not limit subitem (1)."
[parser-unknown-class] "2ndRd", text=""
[parser-unknown-class] "2ndRd", text="[Minister’s second reading speech made in—"
[parser-unknown-class] "2ndRd", text="House of Representatives on 24 June 2009"
[parser-unknown-class] "2ndRd", text="Senate on 29 October 2009]"
[parser-diag] processed 549 <p> elements
[parser-diag] last section was added at element index: 175
[parser-diag] state phase at end: BODY
[parser-diag] hierarchy stack depth at end: 1
[parser-diag] insideSchedule at end: false
[parse] sections: 5
[parse] compilation: date=(none) no=(none)
[parse] by level:
         section      5
[db] inserted new legislation row: b20d2c38-82ef-42dd-a899-340d3e7b7a73
[db] inserting 5 sections (pass 1)
[db] inserted 5 sections
[db] linking parent FKs (pass 2)
[db] linked 0 parent references

[done] ingested Tax Agent Services (Transitional Provisions and Consequential Amendments) Act 2009
       legislation_id: b20d2c38-82ef-42dd-a899-340d3e7b7a73
       sections: 5
       compilation: 2009-11-16
