[fetch] document_1: https://www.legislation.gov.au/C2008A00148/2008-12-11/2008-12-11/text/original/epub/OEBPS/document_1/document_1.html
[fetch] document_1: 25,886 bytes
[fetch] document_2: https://www.legislation.gov.au/C2008A00148/2008-12-11/2008-12-11/text/original/epub/OEBPS/document_2/document_2.html
[fetch] document_2 not found — stopping. Fetched 1 document(s).
[fetch] combined 1 document(s), 25,886 source bytes → 24,974 combined bytes
[citation] Road Charges Legislation Repeal and Amendment Act 2008 (Cth)
[parse] starting
[parser-diag] total <p> elements found: 122
[parser-unknown-class] "ActHead6", text="Schedule 1—Repeal of the Road Transport Charges (Australian Capital Territory) Act 1993"
[parser-unknown-class] "ActHead9", text="Road Transport Charges (Australian Capital Territory) Act 1993"
[parser-unknown-class] "ItemHead", text="1  The whole of the Act"
[parser-unknown-class] "ActHead6", text="Schedule 2—Amendments relating to the repeal of the Road Transport Charges (Australian Capital Te..."
[parser-unknown-class] "ActHead9", text="Road Transport Reform (Heavy Vehicles Registration) Act 1997"
[parser-unknown-class] "ItemHead", text="1  Paragraphs 9(c), 10(1)(g) and 17(2)(f)"
[parser-unknown-class] "ItemHead", text="2  Section 30"
[parser-unknown-class] "ActHead6", text="Schedule 3—Amendment of the Fuel Tax Act 2006"
[parser-unknown-class] "ActHead9", text="Fuel Tax Act 2006"
[parser-unknown-class] "ItemHead", text="1  Subsection 43‑10(3)"
[parser-unknown-class] "ItemHead", text="2  Subsection 43‑10(5)"
[parser-unknown-class] "ItemHead", text="4  At the end of section 43‑10"
[parser-unknown-class] "ItemHead", text="9  Application"
[parser-unknown-class] "2ndRd", text=""
[parser-unknown-class] "2ndRd", text="[Minister’s second reading speech made in—"
[parser-unknown-class] "2ndRd", text="House of Representatives on 25 September 2008"
[parser-unknown-class] "2ndRd", text="Senate on 10 November 2008]"
[parser-diag] processed 122 <p> elements
[parser-diag] last section was added at element index: 66
[parser-diag] state phase at end: BODY
[parser-diag] hierarchy stack depth at end: 1
[parser-diag] insideSchedule at end: false
[parse] sections: 4
[parse] compilation: date=(none) no=(none)
[parse] by level:
         section      4
[db] inserted new legislation row: 3120ad37-0210-4938-9815-5d41b15d5aee
[db] inserting 4 sections (pass 1)
[db] inserted 4 sections
[db] linking parent FKs (pass 2)
[db] linked 0 parent references

[done] ingested Road Charges Legislation Repeal and Amendment Act 2008
       legislation_id: 3120ad37-0210-4938-9815-5d41b15d5aee
       sections: 4
       compilation: 2008-12-11
