[fetch] document_1: https://www.legislation.gov.au/C2009A00112/2022-06-22/2022-06-22/text/original/epub/OEBPS/document_1/document_1.html
[fetch] document_1: 57,708 bytes
[fetch] document_2: https://www.legislation.gov.au/C2009A00112/2022-06-22/2022-06-22/text/original/epub/OEBPS/document_2/document_2.html
[fetch] document_2 not found — stopping. Fetched 1 document(s).
[fetch] combined 1 document(s), 57,708 source bytes → 55,827 combined bytes
[citation] National Consumer Credit Protection (Fees) Act 2009 (Cth)
[parse] starting
[parser-diag] total <p> elements found: 237
[parser-diag] processed 237 <p> elements
[parser-diag] last section was added at element index: 130
[parser-diag] state phase at end: ENDNOTES
[parser-diag] hierarchy stack depth at end: 1
[parser-diag] insideSchedule at end: false
[parse] sections: 11
[parse] compilation: date=2022-06-22 no=2
[parse] by level:
         section      11
[db] inserted new legislation row: 842bacc6-e3b0-4e06-9996-b28f92674d21
[db] inserting 11 sections (pass 1)
[db] inserted 11 sections
[db] linking parent FKs (pass 2)
[db] linked 0 parent references

[done] ingested National Consumer Credit Protection (Fees) Act 2009
       legislation_id: 842bacc6-e3b0-4e06-9996-b28f92674d21
       sections: 11
       compilation: 2022-06-22
