[fetch] document_1: https://www.legislation.gov.au/C2008A00012/2016-03-05/2016-03-05/text/original/epub/OEBPS/document_1/document_1.html
[fetch] document_1: 147,660 bytes
[fetch] document_2: https://www.legislation.gov.au/C2008A00012/2016-03-05/2016-03-05/text/original/epub/OEBPS/document_2/document_2.html
[fetch] document_2 not found — stopping. Fetched 1 document(s).
[fetch] combined 1 document(s), 147,660 source bytes → 145,815 combined bytes
[citation] Screen Australia Act 2008 (Cth)
[parse] starting
[parser-diag] total <p> elements found: 607
[parser-diag] processed 607 <p> elements
[parser-diag] last section was added at element index: 428
[parser-diag] state phase at end: ENDNOTES
[parser-diag] hierarchy stack depth at end: 2
[parser-diag] insideSchedule at end: false
[parse] sections: 55
[parse] compilation: date=2016-03-05 no=4
[parse] by level:
         part         7
         section      44
         division     4
[db] inserted new legislation row: d7eb474b-cbd8-4bce-885b-0271369bf5d6
[db] inserting 55 sections (pass 1)
[db] inserted 55 sections
[db] linking parent FKs (pass 2)
[db] linked 48 parent references

[done] ingested Screen Australia Act 2008
       legislation_id: d7eb474b-cbd8-4bce-885b-0271369bf5d6
       sections: 55
       compilation: 2016-03-05
