[fetch] document_1: https://www.legislation.gov.au/C2004A00981/2002-06-29/2002-06-29/text/original/epub/OEBPS/document_1/document_1.html
[fetch] document_1: 9,331 bytes
[fetch] document_2: https://www.legislation.gov.au/C2004A00981/2002-06-29/2002-06-29/text/original/epub/OEBPS/document_2/document_2.html
[fetch] document_2 not found — stopping. Fetched 1 document(s).
[fetch] combined 1 document(s), 9,331 source bytes → 8,312 combined bytes
[citation] New Business Tax System (Over-franking Tax) Act 2002 (Cth)
[parse] starting
[parser-diag] total <p> elements found: 55
[parser-unknown-class] "2ndRd", text=""
[parser-unknown-class] "2ndRd", text="[Minister’s second reading speech made in—"
[parser-unknown-class] "2ndRd", text="House of Representatives on 30 May 2002"
[parser-unknown-class] "2ndRd", text="Senate on 19 June 2002]"
[parser-diag] processed 55 <p> elements
[parser-diag] last section was added at element index: 44
[parser-diag] state phase at end: BODY
[parser-diag] hierarchy stack depth at end: 1
[parser-diag] insideSchedule at end: false
[parse] sections: 5
[parse] compilation: date=(none) no=(none)
[parse] by level:
         section      5
[db] inserted new legislation row: 0b5eb7da-89dd-4052-b6f0-0e965201e2e7
[db] inserting 5 sections (pass 1)
[db] inserted 5 sections
[db] linking parent FKs (pass 2)
[db] linked 0 parent references

[done] ingested New Business Tax System (Over-franking Tax) Act 2002
       legislation_id: 0b5eb7da-89dd-4052-b6f0-0e965201e2e7
       sections: 5
       compilation: 2002-06-29
