[fetch] document_1: https://www.legislation.gov.au/C2004A00004/2010-04-14/2010-04-14/text/original/epub/OEBPS/document_1/document_1.html
[fetch] document_1: 17,748 bytes
[fetch] document_2: https://www.legislation.gov.au/C2004A00004/2010-04-14/2010-04-14/text/original/epub/OEBPS/document_2/document_2.html
[fetch] document_2 not found — stopping. Fetched 1 document(s).
[fetch] combined 1 document(s), 17,748 source bytes → 16,775 combined bytes
[citation] Death Penalty Abolition Act 1973 (Cth)
[parse] starting
[parser-diag] total <p> elements found: 74
[parser-diag] processed 74 <p> elements
[parser-diag] last section was added at element index: 35
[parser-diag] state phase at end: BODY
[parser-diag] hierarchy stack depth at end: 1
[parser-diag] insideSchedule at end: false
[parse] sections: 6
[parse] compilation: date=(none) no=(none)
[parse] by level:
         section      6
[db] inserted new legislation row: 1117dc41-5ade-46fe-92a3-5977f2118cb4
[db] inserting 6 sections (pass 1)
[db] inserted 6 sections
[db] linking parent FKs (pass 2)
[db] linked 0 parent references

[done] ingested Death Penalty Abolition Act 1973
       legislation_id: 1117dc41-5ade-46fe-92a3-5977f2118cb4
       sections: 6
       compilation: 2010-04-14
