[fetch] document_1: https://www.legislation.gov.au/C2004A03349/2016-05-05/2016-05-05/text/original/epub/OEBPS/document_1/document_1.html
[fetch] document_1: 62,815 bytes
[fetch] document_2: https://www.legislation.gov.au/C2004A03349/2016-05-05/2016-05-05/text/original/epub/OEBPS/document_2/document_2.html
[fetch] document_2 not found — stopping. Fetched 1 document(s).
[fetch] combined 1 document(s), 62,815 source bytes → 60,935 combined bytes
[citation] Income Tax Act 1986 (Cth)
[parse] starting
[parser-diag] total <p> elements found: 266
[parser-diag] processed 266 <p> elements
[parser-diag] last section was added at element index: 72
[parser-diag] state phase at end: ENDNOTES
[parser-diag] hierarchy stack depth at end: 1
[parser-diag] insideSchedule at end: false
[parse] sections: 7
[parse] compilation: date=2016-05-05 no=9
[parse] by level:
         section      7
[db] inserted new legislation row: f6fb7766-1925-478b-a1a7-530abae47dd7
[db] inserting 7 sections (pass 1)
[db] inserted 7 sections
[db] linking parent FKs (pass 2)
[db] linked 0 parent references

[done] ingested Income Tax Act 1986
       legislation_id: f6fb7766-1925-478b-a1a7-530abae47dd7
       sections: 7
       compilation: 2016-05-05
