[fetch] document_1: https://www.legislation.gov.au/C2004A04981/2016-07-01/2016-07-01/text/original/epub/OEBPS/document_1/document_1.html
[fetch] document_1: 70,746 bytes
[fetch] document_2: https://www.legislation.gov.au/C2004A04981/2016-07-01/2016-07-01/text/original/epub/OEBPS/document_2/document_2.html
[fetch] document_2 not found — stopping. Fetched 1 document(s).
[fetch] combined 1 document(s), 70,746 source bytes → 68,798 combined bytes
[citation] Health and Other Services (Compensation) Care Charges Act 1995 (Cth)
[parse] starting
[parser-diag] total <p> elements found: 275
[parser-diag] processed 275 <p> elements
[parser-diag] last section was added at element index: 111
[parser-diag] state phase at end: ENDNOTES
[parser-diag] hierarchy stack depth at end: 1
[parser-diag] insideSchedule at end: false
[parse] sections: 9
[parse] compilation: date=2016-07-01 no=9
[parse] by level:
         section      9
[db] inserted new legislation row: 9b1620b1-d9de-4ae9-86c0-68d04be0a5b1
[db] inserting 9 sections (pass 1)
[db] inserted 9 sections
[db] linking parent FKs (pass 2)
[db] linked 0 parent references

[done] ingested Health and Other Services (Compensation) Care Charges Act 1995
       legislation_id: 9b1620b1-d9de-4ae9-86c0-68d04be0a5b1
       sections: 9
       compilation: 2016-07-01
