[fetch] document_1: https://www.legislation.gov.au/C2004A05008/2016-03-05/2016-03-05/text/original/epub/OEBPS/document_1/document_1.html
[fetch] document_1: 73,036 bytes
[fetch] document_2: https://www.legislation.gov.au/C2004A05008/2016-03-05/2016-03-05/text/original/epub/OEBPS/document_2/document_2.html
[fetch] document_2 not found — stopping. Fetched 1 document(s).
[fetch] combined 1 document(s), 73,036 source bytes → 71,228 combined bytes
[citation] Commonwealth Bank Sale Act 1995 (Cth)
[parse] starting
[parser-diag] total <p> elements found: 306
[parser-diag] processed 306 <p> elements
[parser-diag] last section was added at element index: 143
[parser-diag] state phase at end: ENDNOTES
[parser-diag] hierarchy stack depth at end: 2
[parser-diag] insideSchedule at end: false
[parse] sections: 25
[parse] compilation: date=2016-03-05 no=7
[parse] by level:
         part         3
         section      19
         division     3
[db] inserted new legislation row: 772f00f0-cc8a-4b0d-aaa5-3c9aecea7732
[db] inserting 25 sections (pass 1)
[db] inserted 25 sections
[db] linking parent FKs (pass 2)
[db] linked 22 parent references

[done] ingested Commonwealth Bank Sale Act 1995
       legislation_id: 772f00f0-cc8a-4b0d-aaa5-3c9aecea7732
       sections: 25
       compilation: 2016-03-05
