[fetch] document_1: https://www.legislation.gov.au/C2004A05324/2011-06-27/2011-06-27/text/original/epub/OEBPS/document_1/document_1.html
[fetch] document_1: 13,182 bytes
[fetch] document_2: https://www.legislation.gov.au/C2004A05324/2011-06-27/2011-06-27/text/original/epub/OEBPS/document_2/document_2.html
[fetch] document_2 not found — stopping. Fetched 1 document(s).
[fetch] combined 1 document(s), 13,182 source bytes → 12,180 combined bytes
[citation] Family Trust Distribution Tax (Secondary Liability) Act 1998 (Cth)
[parse] starting
[parser-diag] total <p> elements found: 52
[parser-diag] processed 52 <p> elements
[parser-diag] last section was added at element index: 24
[parser-diag] state phase at end: BODY
[parser-diag] hierarchy stack depth at end: 1
[parser-diag] insideSchedule at end: false
[parse] sections: 4
[parse] compilation: date=(none) no=(none)
[parse] by level:
         section      4
[db] inserted new legislation row: 836fa142-8f2f-4584-86b7-4b81078a64b8
[db] inserting 4 sections (pass 1)
[db] inserted 4 sections
[db] linking parent FKs (pass 2)
[db] linked 0 parent references

[done] ingested Family Trust Distribution Tax (Secondary Liability) Act 1998
       legislation_id: 836fa142-8f2f-4584-86b7-4b81078a64b8
       sections: 4
       compilation: 2011-06-27
