[fetch] document_1: https://www.legislation.gov.au/C2004A04533/2018-06-19/2018-06-19/text/original/epub/OEBPS/document_1/document_1.html
[fetch] document_1: 108,826 bytes
[fetch] document_2: https://www.legislation.gov.au/C2004A04533/2018-06-19/2018-06-19/text/original/epub/OEBPS/document_2/document_2.html
[fetch] document_2 not found — stopping. Fetched 1 document(s).
[fetch] combined 1 document(s), 108,826 source bytes → 106,936 combined bytes
[citation] Natural Resources Management (Financial Assistance) Act 1992 (Cth)
[parse] starting
[parser-diag] total <p> elements found: 454
[parser-diag] processed 454 <p> elements
[parser-diag] last section was added at element index: 213
[parser-diag] state phase at end: ENDNOTES
[parser-diag] hierarchy stack depth at end: 2
[parser-diag] insideSchedule at end: false
[parse] sections: 21
[parse] compilation: date=2018-06-19 no=8
[parse] by level:
         part         4
         section      17
[db] inserted new legislation row: d85790db-eb7b-482a-8113-63a74fd7c132
[db] inserting 21 sections (pass 1)
[db] inserted 21 sections
[db] linking parent FKs (pass 2)
[db] linked 17 parent references

[done] ingested Natural Resources Management (Financial Assistance) Act 1992
       legislation_id: d85790db-eb7b-482a-8113-63a74fd7c132
       sections: 21
       compilation: 2018-06-19
