[fetch] document_1: https://www.legislation.gov.au/C2009A00084/2023-09-21/2023-09-21/text/original/epub/OEBPS/document_1/document_1.html
[fetch] document_1: 234,531 bytes
[fetch] document_2: https://www.legislation.gov.au/C2009A00084/2023-09-21/2023-09-21/text/original/epub/OEBPS/document_2/document_2.html
[fetch] document_2 not found — stopping. Fetched 1 document(s).
[fetch] combined 1 document(s), 234,531 source bytes → 232,615 combined bytes
[citation] Safe Work Australia Act 2008 (Cth)
[parse] starting
[parser-diag] total <p> elements found: 1031
[parser-diag] processed 1031 <p> elements
[parser-diag] last section was added at element index: 748
[parser-diag] state phase at end: ENDNOTES
[parser-diag] hierarchy stack depth at end: 2
[parser-diag] insideSchedule at end: false
[parse] sections: 104
[parse] compilation: date=2023-09-21 no=6
[parse] by level:
         part         9
         section      73
         division     13
         subdivision  9
[db] inserted new legislation row: 26f6c00b-d795-4982-99b7-4d6f4d499b70
[db] inserting 104 sections (pass 1)
[db] inserted 104 sections
[db] linking parent FKs (pass 2)
[db] linked 95 parent references

[done] ingested Safe Work Australia Act 2008
       legislation_id: 26f6c00b-d795-4982-99b7-4d6f4d499b70
       sections: 104
       compilation: 2023-09-21
