[fetch] document_1: https://www.legislation.gov.au/C2004A00101/2025-12-05/2025-12-05/text/original/epub/OEBPS/document_1/document_1.html
[fetch] document_1: 1,655,299 bytes
[fetch] document_2: https://www.legislation.gov.au/C2004A00101/2025-12-05/2025-12-05/text/original/epub/OEBPS/document_2/document_2.html
[fetch] document_2: 1,891,736 bytes
[fetch] document_3: https://www.legislation.gov.au/C2004A00101/2025-12-05/2025-12-05/text/original/epub/OEBPS/document_3/document_3.html
[fetch] document_3 not found — stopping. Fetched 2 document(s).
[fetch] combined 2 document(s), 3,547,035 source bytes → 3,540,804 combined bytes
[citation] Health Insurance Act 1973 (Cth)
[parse] starting
[parser-diag] total <p> elements found: 12202
[parser-diag] processed 12202 <p> elements
[parse] sections: 559
[parse] compilation: date=2025-12-05 no=133
[parser-diag] last section was added at element index: 7507
[parser-diag] state phase at end: ENDNOTES
[parser-diag] hierarchy stack depth at end: 2
[parser-diag] insideSchedule at end: false
[parse] by level:
         part         15
         section      496
         division     28
         subdivision  20
[db] inserted new legislation row: 4df1791f-40b1-4d25-b305-75da4b47d824
[db] inserting 559 sections (pass 1)
[db] inserted 559 sections
[db] linking parent FKs (pass 2)
[db] linked 544 parent references

[done] ingested Health Insurance Act 1973
       legislation_id: 4df1791f-40b1-4d25-b305-75da4b47d824
       sections: 559
       compilation: 2025-12-05
