[fetch] document_1: https://www.legislation.gov.au/C2004A01224/2019-02-24/2019-02-24/text/original/epub/OEBPS/document_1/document_1.html
[fetch] document_1: 504,453 bytes
[fetch] document_2: https://www.legislation.gov.au/C2004A01224/2019-02-24/2019-02-24/text/original/epub/OEBPS/document_2/document_2.html
[fetch] document_2 not found — stopping. Fetched 1 document(s).
[fetch] combined 1 document(s), 504,453 source bytes → 501,650 combined bytes
[citation] Legislation Act 2003 (Cth)
[parse] starting
[parser-diag] total <p> elements found: 1891
[parser-diag] processed 1891 <p> elements
[parser-diag] last section was added at element index: 1192
[parser-diag] state phase at end: ENDNOTES
[parser-diag] hierarchy stack depth at end: 2
[parser-diag] insideSchedule at end: false
[parse] sections: 112
[parse] compilation: date=2019-02-24 no=39
[parse] by level:
         chapter      4
         part         9
         section      84
         division     11
         subdivision  4
[db] inserted new legislation row: dac04df6-1a13-42da-aade-80acf361e448
[db] inserting 112 sections (pass 1)
[db] inserted 112 sections
[db] linking parent FKs (pass 2)
[db] linked 108 parent references

[done] ingested Legislation Act 2003
       legislation_id: dac04df6-1a13-42da-aade-80acf361e448
       sections: 112
       compilation: 2019-02-24
