[fetch] document_1: https://www.legislation.gov.au/C2004A02711/2024-12-11/2024-12-11/text/original/epub/OEBPS/document_1/document_1.html
[fetch] document_1: 1,924,537 bytes
[fetch] document_2: https://www.legislation.gov.au/C2004A02711/2024-12-11/2024-12-11/text/original/epub/OEBPS/document_2/document_2.html
[fetch] document_2 not found — stopping. Fetched 1 document(s).
[fetch] combined 1 document(s), 1,924,537 source bytes → 1,921,767 combined bytes
[citation] Defence Force Discipline Act 1982 (Cth)
[parse] starting
[parser-diag] total <p> elements found: 7254
[parser-diag] processed 7254 <p> elements
[parser-diag] last section was added at element index: 4831
[parser-diag] state phase at end: ENDNOTES
[parser-diag] hierarchy stack depth at end: 1
[parser-diag] insideSchedule at end: true
[parse] sections: 468
[parse] compilation: date=2024-12-11 no=37
[parse] by level:
         part         15
         section      390
         division     49
         subdivision  10
         schedule     4
[db] inserted new legislation row: 0ffe2456-75fa-45d4-a56e-08807d7eaa7e
[db] inserting 468 sections (pass 1)
[db] inserted 468 sections
[db] linking parent FKs (pass 2)
[db] linked 449 parent references

[done] ingested Defence Force Discipline Act 1982
       legislation_id: 0ffe2456-75fa-45d4-a56e-08807d7eaa7e
       sections: 468
       compilation: 2024-12-11
