[fetch] document_1: https://www.legislation.gov.au/C2008A00019/2008-07-01/2008-07-01/text/original/epub/OEBPS/document_1/document_1.html
[fetch] document_1: 242,495 bytes
[fetch] document_2: https://www.legislation.gov.au/C2008A00019/2008-07-01/2008-07-01/text/original/epub/OEBPS/document_2/document_2.html
[fetch] document_2 not found — stopping. Fetched 1 document(s).
[fetch] combined 1 document(s), 242,495 source bytes → 240,056 combined bytes
[citation] Social Security and Veterans' Entitlements Legislation Amendment (One-off Payments and Other Budget Measures) Act 2008 (Cth)
[parse] starting
[parser-diag] total <p> elements found: 864
[parser-unknown-class] "Tabletext0", text=""
[parser-unknown-class] "Tabletext0", text="Commencement information"
[parser-unknown-class] "Tabletext0", text="Column 1"
[parser-unknown-class] "Tabletext0", text="Column 2"
[parser-unknown-class] "Tabletext0", text="Column 3"
[parser-unknown-class] "Tabletext0", text="Provision(s)"
[parser-unknown-class] "Tabletext0", text="Commencement"
[parser-unknown-class] "Tabletext0", text="Date/Details"
[parser-unknown-class] "Tabletext0", text="1.  Sections 1 to 3 and anything in this Act not elsewhere covered by this table"
[parser-unknown-class] "Tabletext0", text="The day on which this Act receives the Royal Assent."
[parser-unknown-class] "Tabletext0", text="26 May 2008"
[parser-unknown-class] "Tabletext0", text="2.  Schedule 1, Part 1"
[parser-unknown-class] "Tabletext0", text="Immediately after the commencement of the provision(s) covered by table item 3."
[parser-unknown-class] "Tabletext0", text="26 May 2008"
[parser-unknown-class] "Tabletext0", text="3.  Schedule 1, Part 2"
[parser-unknown-class] "Tabletext0", text="The day on which this Act receives the Royal Assent."
[parser-unknown-class] "Tabletext0", text="26 May 2008"
[parser-unknown-class] "Tabletext0", text="4.  Schedule 2"
[parser-unknown-class] "Tabletext0", text="The day on which this Act receives the Royal Assent."
[parser-unknown-class] "Tabletext0", text="26 May 2008"
[parser-unknown-class] "Tabletext0", text="5.  Schedule 3, Part 1"
[parser-unknown-class] "Tabletext0", text="Immediately after the commencement of the provision(s) covered by table item 6."
[parser-unknown-class] "Tabletext0", text="26 May 2008"
[parser-unknown-class] "Tabletext0", text="6.  Schedule 3, Part 2"
[parser-unknown-class] "Tabletext0", text="The day on which this Act receives the Royal Assent."
[parser-unknown-class] "Tabletext0", text="26 May 2008"
[parser-unknown-class] "Tabletext0", text="7.  Schedule 4"
[parser-unknown-class] "Tabletext0", text="The day on which this Act receives the Royal Assent."
[parser-unknown-class] "Tabletext0", text="26 May 2008"
[parser-unknown-class] "Tabletext0", text="8.  Schedule 5, Part 1"
[parser-unknown-class] "Tabletext0", text="1 July 2008."
[parser-unknown-class] "Tabletext0", text="1 July 2008"
[parser-unknown-class] "Tabletext0", text="9.  Schedule 5, Part 2, Division 1"
[parser-unknown-class] "Tabletext0", text="Immediately after the commencement of item 38 of Schedule 2 to the Veterans’ Entitlements Legisla..."
[parser-unknown-class] "Tabletext0", text="However, the provision(s) do not commence at all if the Veterans’ Entitlements Legislation Amendm..."
[parser-unknown-class] "Tabletext0", text="Does not commence"
[parser-unknown-class] "Tabletext0", text="10.  Schedule 5, item 23"
[parser-unknown-class] "Tabletext0", text="1 July 2008."
[parser-unknown-class] "Tabletext0", text="However, the provision(s) do not commence at all if the Veterans’ Entitlements Legislation Amendm..."
[parser-unknown-class] "Tabletext0", text="1 July 2008"
[parser-unknown-class] "Tabletext0", text="11.  Schedule 5, item 24"
[parser-unknown-class] "Tabletext0", text="Immediately before the commencement of section 2 of the Veterans’ Entitlements Legislation Amendm..."
[parser-unknown-class] "Tabletext0", text="However, the provision(s) do not commence at all if that Act receives the Royal Assent on or befo..."
[parser-unknown-class] "Tabletext0", text="1 July 2008"
[parser-unknown-class] "Tabletext0", text="12.  Schedule 5, Part 3"
[parser-unknown-class] "Tabletext0", text="1 July 2008."
[parser-unknown-class] "Tabletext0", text="1 July 2008"
[parser-unknown-class] "ActHead6", text="Schedule 1—2008 one‑off payments to older Australians"
[parser-unknown-class] "ActHead7", text="Part 1—Main amendments"
[parser-unknown-class] "ActHead9", text="Social Security Act 1991"
[parser-unknown-class] "ItemHead", text="1  At the end of Part 2.2B"
[parser-unknown-class] "ItemHead", text="2  Certain claims that would otherwise be taken to have been made on or before 13 May 2008"
[parser-unknown-class] "ItemHead", text="3  At the end of subsection 1223ABAA(1)"
[parser-unknown-class] "ItemHead", text="4  Subsection 1223ABAA(2)"
[parser-unknown-class] "ItemHead", text="5  Subsection 1223ABAA(2)"
[parser-unknown-class] "ItemHead", text="6  Subsection 1223ABAA(3)"
[parser-unknown-class] "ItemHead", text="7  Subsection 1223ABAA(4)"
[parser-unknown-class] "ItemHead", text="8  Subsection 1223ABAA(4)"
[parser-unknown-class] "ItemHead", text="9  At the end of subsection 1223ABAA(4A)"
[parser-unknown-class] "ItemHead", text="10  Paragraph 1223ABAA(6)(a)"
[parser-unknown-class] "ActHead9", text="Social Security (Administration) Act 1999"
[parser-unknown-class] "ItemHead", text="11  At the end of section 12AAA"
[parser-unknown-class] "ItemHead", text="12  Subsection 47(1) (after paragraph (gb) of the definition of lump sum benefit)"
[parser-unknown-class] "ItemHead", text="13  Sections 47AA and 47AB"
[parser-unknown-class] "ItemHead", text="14  Application"
[parser-unknown-class] "ActHead9", text="Veterans’ Entitlements Act 1986"
[parser-unknown-class] "ItemHead", text="15  After Part VIIE"
[parser-unknown-class] "ActHead7", text="Part 2—Related amendments"
[parser-unknown-class] "ActHead9", text="Income Tax Assessment Act 1936"
[parser-unknown-class] "ItemHead", text="16  Subsection 159J(6) (after paragraph (adad) of the definition of separate net income)"
[parser-unknown-class] "ActHead9", text="Income Tax Assessment Act 1997"
[parser-unknown-class] "ItemHead", text="17  Section 11‑15 (table item headed “social security or like payments”)"
[parser-unknown-class] "tableIndentText", text="payments under the scheme determined under item 2 of Schedule 2 to the Social Security and Vetera..."
[parser-unknown-class] "tableText", text="52‑65"
[parser-unknown-class] "tableIndentText", text="2008 one‑off payment to older Australians under the Social Security Act 1991"
[parser-unknown-class] "tableText", text="52‑10"
[parser-unknown-class] "tableIndentText", text="payments under a scheme determined under item 1 of Schedule 2 to the Social Security and Veterans..."
[parser-unknown-class] "tableText", text="52‑10"
[parser-unknown-class] "tableIndentText", text="2008 one‑off payment to older Australians under the Veterans’ Entitlements Act 1986"
[parser-unknown-class] "tableText", text="52‑65"
[parser-unknown-class] "tableIndentText", text="payments under the scheme determined under item 2 of Schedule 2 to the Social Security and Vetera..."
[parser-unknown-class] "tableText", text="52‑65"
[parser-unknown-class] "ItemHead", text="18  After paragraph 52‑10(1)(baa)"
[parser-unknown-class] "ItemHead", text="19  Subsection 52‑10(1B)"
[parser-unknown-class] "ItemHead", text="20  Subsections 52‑10(1CA) and (1CAA)"
[parser-unknown-class] "ItemHead", text="21  At the end of subsection 52‑10(1CB)"
[parser-unknown-class] "ItemHead", text="22  After paragraph 52‑65(1)(ba)"
[parser-unknown-class] "ItemHead", text="23  Subsections 52‑65(1B) and (1BA)"
[parser-unknown-class] "ItemHead", text="24  At the end of subsection 52‑65(1C)"
[parser-unknown-class] "ItemHead", text="25  Section 52‑75 (after table item 1B)"
[parser-unknown-class] "Tabletext0", text="1C"
[parser-unknown-class] "Tabletext0", text="2008 one‑off payment to older Australians"
[parser-unknown-class] "Tabletext0", text="Part VIIF"
[parser-unknown-class] "Tabletext0", text="Not applicable"
[parser-unknown-class] "ActHead9", text="Social Security Act 1991"
[parser-unknown-class] "ItemHead", text="26  After paragraph 8(8)(ye)"
[parser-unknown-class] "ItemHead", text="27  Part 2.2B (heading)"
[parser-unknown-class] "ItemHead", text="28  Before section 93X"
[parser-unknown-class] "ItemHead", text="29  Part 2.2C (heading)"
[parser-unknown-class] "ItemHead", text="30  Before section 93Y"
[parser-unknown-class] "ItemHead", text="31  Part 2.2D (heading)"
[parser-unknown-class] "ItemHead", text="32  Before section 93ZA"
[parser-unknown-class] "ItemHead", text="33  Paragraph 1223ABAA(1)(a)"
[parser-unknown-class] "ItemHead", text="34  Paragraph 1223ABAA(1)(b)"
[parser-unknown-class] "ActHead9", text="Social Security and Veterans’ Affairs Legislation Amendment (One‑off Payments and Other 2007 Budg..."
[parser-unknown-class] "ItemHead", text="35  Paragraph 1(2)(a) of Schedule 2"
[parser-unknown-class] "ActHead9", text="Social Security and Veterans’ Entitlements Legislation Amendment (One‑off Payments to Increase As..."
[parser-unknown-class] "ItemHead", text="36  Paragraph 1(2)(a) of Schedule 2"
[parser-unknown-class] "ActHead9", text="Veterans’ Entitlements Act 1986"
[parser-unknown-class] "ItemHead", text="37  After paragraph 5H(8)(zzad)"
[parser-unknown-class] "ActHead6", text="Schedule 2—Administrative schemes for 2008 one‑off payments to older Australians"
[parser-unknown-class] "ItemHead", text="1  Administrative scheme for 2008 one‑off payments to older Australians (social security)"
[parser-unknown-class] "Subitem", text="(1) Subject to this item, a Minister administering provisions of the Social Security Act 1991 may..."
[parser-unknown-class] "Subitem", text="(2) The circumstances in which the scheme provides for payments must be circumstances:"
[parser-unknown-class] "Subitem", text="(3) Without limiting the generality of subitem (1), the scheme may deal with the following:"
[parser-unknown-class] "Subitem", text="(4) Payments under the scheme are to be made out of the Consolidated Revenue Fund, which is appro..."
[parser-unknown-class] "ItemHead", text="2  Administrative scheme for 2008 one‑off payments to older Australians (veterans)"
[parser-unknown-class] "Subitem", text="(1) Subject to this item, the Minister administering the Veterans’ Entitlements Act 1986 may, by ..."
[parser-unknown-class] "Subitem", text="(2) The circumstances in which the scheme provides for payments must be circumstances:"
[parser-unknown-class] "Subitem", text="(3) Without limiting the generality of subitem (1), the scheme may deal with the following:"
[parser-unknown-class] "Subitem", text="(4) Payments under the scheme are to be made out of the Consolidated Revenue Fund, which is appro..."
[parser-unknown-class] "ActHead6", text="Schedule 3—2008 one‑off payments to carers"
[parser-unknown-class] "ActHead7", text="Part 1—Main amendments"
[parser-unknown-class] "ActHead9", text="Social Security Act 1991"
[parser-unknown-class] "ItemHead", text="1  At the end of Part 2.5A"
[parser-unknown-class] "ItemHead", text="2  At the end of Part 2.19A"
[parser-unknown-class] "ItemHead", text="3  Certain claims that would otherwise be taken to have been made on or before 13 May 2008"
[parser-unknown-class] "ItemHead", text="4  At the end of subsection 1223ABA(1)"
[parser-unknown-class] "ItemHead", text="5  After subsection 1223ABA(3CJ)"
[parser-unknown-class] "ItemHead", text="6  At the end of subsection 1223ABA(3D)"
[parser-unknown-class] "ActHead9", text="Social Security (Administration) Act 1999"
[parser-unknown-class] "ItemHead", text="7  Sections 12AA to 12AD"
[parser-unknown-class] "ItemHead", text="8  Subsection 47(1) (after paragraph (hn) of the definition of lump sum benefit)"
[parser-unknown-class] "ItemHead", text="9  Sections 47B to 47E"
[parser-unknown-class] "ItemHead", text="10  Application"
[parser-unknown-class] "ActHead7", text="Part 2—Related amendments"
[parser-unknown-class] "ActHead9", text="Income Tax Assessment Act 1936"
[parser-unknown-class] "ItemHead", text="11  Subsection 159J(6) (subparagraph (ad)(xvi) of the definition of separate net income)"
[parser-unknown-class] "ItemHead", text="12  Subsection 159J(6) (at the end of paragraph (ad) of the definition of separate net income)"
[parser-unknown-class] "ItemHead", text="13  Subsection 159J(6) (after paragraph (add) of the definition of separate net income)"
[parser-unknown-class] "ActHead9", text="Income Tax Assessment Act 1997"
[parser-unknown-class] "ItemHead", text="14  Section 11‑15 (table item headed “social security or like payments”)"
[parser-unknown-class] "tableIndentText", text="payments under the scheme determined under Schedule 4 to the Social Security and Veterans’ Affair..."
[parser-unknown-class] "tableText", text="52‑10"
[parser-unknown-class] "tableIndentText", text="2008 one‑off payment to carers (carer payment related), 2008 one‑off payment to carers (wife pens..."
[parser-unknown-class] "tableText", text="52‑10"
[parser-unknown-class] "tableIndentText", text="payments under the scheme determined under Schedule 4 to the Social Security and Veterans’ Entitl..."
[parser-unknown-class] "tableText", text="52‑10"
[parser-unknown-class] "ItemHead", text="15  Paragraph 52‑10(1)(r)"
[parser-unknown-class] "ItemHead", text="16  Paragraph 52‑10(1D)(a)"
[parser-unknown-class] "ItemHead", text="17  Paragraph 52‑10(1D)(b)"
[parser-unknown-class] "ItemHead", text="18  Paragraph 52‑10(1D)(c)"
[parser-unknown-class] "ItemHead", text="19  Paragraph 52‑10(1D)(d)"
[parser-unknown-class] "ItemHead", text="20  Paragraph 52‑10(1D)(e)"
[parser-unknown-class] "ItemHead", text="21  Paragraph 52‑10(1D)(f)"
[parser-unknown-class] "ItemHead", text="22  Paragraph 52‑10(1D)(g)"
[parser-unknown-class] "ItemHead", text="23  Paragraph 52‑10(1D)(h)"
[parser-unknown-class] "ItemHead", text="24  Paragraph 52‑10(1D)(i)"
[parser-unknown-class] "ItemHead", text="25  Paragraph 52‑10(1D)(j)"
[parser-unknown-class] "ItemHead", text="26  Paragraph 52‑10(1D)(k)"
[parser-unknown-class] "ItemHead", text="27  Paragraph 52‑10(1D)(l)"
[parser-unknown-class] "ItemHead", text="28  Paragraph 52‑10(1D)(m)"
[parser-unknown-class] "ItemHead", text="29  Paragraph 52‑10(1D)(n)"
[parser-unknown-class] "ItemHead", text="30  Paragraph 52‑10(1D)(o)"
[parser-unknown-class] "ItemHead", text="31  At the end of subsection 52‑10(1D)"
[parser-unknown-class] "ItemHead", text="32  At the end of subsection 52‑10(1E)"
[parser-unknown-class] "ActHead9", text="Social Security Act 1991"
[parser-unknown-class] "ItemHead", text="33  After paragraph 8(8)(jae)"
[parser-unknown-class] "ItemHead", text="34  Part 2.5A (heading)"
[parser-unknown-class] "ItemHead", text="35  Before section 247"
[parser-unknown-class] "ItemHead", text="36  Section 247 (note)"
[parser-unknown-class] "ItemHead", text="37  Part 2.5B (heading)"
[parser-unknown-class] "ItemHead", text="38  Before section 249"
[parser-unknown-class] "ItemHead", text="39  Section 249 (note)"
[parser-unknown-class] "ItemHead", text="40  Part 2.5C (heading)"
[parser-unknown-class] "ItemHead", text="41  Before section 251"
[parser-unknown-class] "ItemHead", text="42  Part 2.5D (heading)"
[parser-unknown-class] "ItemHead", text="43  Before section 253"
[parser-unknown-class] "ItemHead", text="44  Part 2.5E (heading)"
[parser-unknown-class] "ItemHead", text="45  Before section 255"
[parser-unknown-class] "ItemHead", text="46  Part 2.5F (heading)"
[parser-unknown-class] "ItemHead", text="47  Before section 257"
[parser-unknown-class] "ItemHead", text="48  Part 2.5G (heading)"
[parser-unknown-class] "ItemHead", text="49  Before section 259"
[parser-unknown-class] "ItemHead", text="50  Part 2.5H (heading)"
[parser-unknown-class] "ItemHead", text="51  Before section 261"
[parser-unknown-class] "ItemHead", text="52  Part 2.5J (heading)"
[parser-unknown-class] "ItemHead", text="53  Before section 263"
[parser-unknown-class] "ItemHead", text="54  Part 2.5K (heading)"
[parser-unknown-class] "ItemHead", text="55  Before section 265"
[parser-unknown-class] "ItemHead", text="56  Part 2.5L (heading)"
[parser-unknown-class] "ItemHead", text="57  Before section 267"
[parser-unknown-class] "ItemHead", text="58  Part 2.19A (heading)"
[parser-unknown-class] "ItemHead", text="59  Before section 992N"
[parser-unknown-class] "ItemHead", text="60  Subsection 992N(2) (note)"
[parser-unknown-class] "ItemHead", text="61  Part 2.19B (heading)"
[parser-unknown-class] "ItemHead", text="62  Before section 992Q"
[parser-unknown-class] "ItemHead", text="63  Subsection 992Q(2) (note)"
[parser-unknown-class] "ItemHead", text="64  Part 2.19C (heading)"
[parser-unknown-class] "ItemHead", text="65  Before section 992T"
[parser-unknown-class] "ItemHead", text="66  Part 2.19D (heading)"
[parser-unknown-class] "ItemHead", text="67  Before section 992WA"
[parser-unknown-class] "ActHead9", text="Social Security and Veterans’ Affairs Legislation Amendment (One‑off Payments and Other 2007 Budg..."
[parser-unknown-class] "ItemHead", text="68  Paragraph 1(2)(a) of Schedule 4"
[parser-unknown-class] "ActHead9", text="Social Security and Veterans’ Entitlements Legislation Amendment (One‑off Payments to Increase As..."
[parser-unknown-class] "ItemHead", text="69  Paragraph 1(2)(a) of Schedule 4"
[parser-unknown-class] "ActHead9", text="Social Security Legislation Amendment (One‑off Payments for Carers) Act 2005"
[parser-unknown-class] "ItemHead", text="70  Paragraph 1(2)(a) of Schedule 2"
[parser-unknown-class] "ActHead9", text="Veterans’ Entitlements Act 1986"
[parser-unknown-class] "ItemHead", text="71  At the end of subsection 5H(8) (before the note)"
[parser-unknown-class] "ActHead6", text="Schedule 4—Administrative scheme for 2008 one‑off payments to carers"
[parser-unknown-class] "ItemHead", text="1  Administrative scheme for 2008 one‑off payments to carers"
[parser-unknown-class] "Subitem", text="(1) Subject to this item, the Minister administering Part 2.5 of the Social Security Act 1991 may..."
[parser-unknown-class] "Subitem", text="(2) The circumstances in which the scheme provides for payments must be circumstances:"
[parser-unknown-class] "Subitem", text="(3) Without limiting the generality of subitem (1), the scheme may deal with the following:"
[parser-unknown-class] "Subitem", text="(4) Payments under the scheme are to be made out of the Consolidated Revenue Fund, which is appro..."
[parser-unknown-class] "ActHead6", text="Schedule 5—Non‑cancellation of concession cards for temporary overseas absences"
[parser-unknown-class] "ActHead7", text="Part 1—Main amendments"
[parser-unknown-class] "ActHead9", text="Social Security Act 1991"
[parser-unknown-class] "ItemHead", text="1  Subsection 6A(1)"
[parser-unknown-class] "ItemHead", text="2  At the end of subsections 1061ZA(3) and (4)"
[parser-unknown-class] "ItemHead", text="3  At the end of subsection 1061ZB(2)"
[parser-unknown-class] "ItemHead", text="4  At the end of subsections 1061ZC(2) and (4)"
[parser-unknown-class] "ItemHead", text="5  At the end of subsections 1061ZD(4) and (6)"
[parser-unknown-class] "ItemHead", text="6  At the end of subsections 1061ZE(4) and (6)"
[parser-unknown-class] "ItemHead", text="7  At the end of subsections 1061ZEA(3) and (5)"
[parser-unknown-class] "ItemHead", text="8  At the end of subsection 1061ZEB(3)"
[parser-unknown-class] "ItemHead", text="9  At the end of subsection 1061ZG(1)"
[parser-unknown-class] "ItemHead", text="10  At the end of subsection 1061ZN(1)"
[parser-unknown-class] "ItemHead", text="11  At the end of subsections 1061ZO(2), (3) and (4)"
[parser-unknown-class] "ItemHead", text="12  At the end of Part 2A.1"
[parser-unknown-class] "ActHead9", text="Social Security (Administration) Act 1999"
[parser-unknown-class] "ItemHead", text="13  Subclause 1(1) of Schedule 1 (definition of concession card)"
[parser-unknown-class] "ActHead9", text="Veterans’ Entitlements Act 1986"
[parser-unknown-class] "ItemHead", text="14  Paragraphs 118PA(1)(a) and (b)"
[parser-unknown-class] "ItemHead", text="15  Paragraph 118V(1)(e)"
[parser-unknown-class] "ItemHead", text="16  At the end of subsection 118V(1)"
[parser-unknown-class] "ItemHead", text="17  Paragraph 118V(1A)(d)"
[parser-unknown-class] "ItemHead", text="18  Paragraph 118V(2)(e)"
[parser-unknown-class] "ItemHead", text="19  At the end of subsection 118V(2)"
[parser-unknown-class] "ItemHead", text="20  Paragraph 118V(3)(e)"
[parser-unknown-class] "ItemHead", text="21  At the end of subsection 118V(3)"
[parser-unknown-class] "ActHead7", text="Part 2—Amendments contingent on the Veterans’ Entitlements Legislation Amendment (2007 Election C..."
[parser-unknown-class] "ActHead8", text="Division 1—Amendments if the Veterans’ Entitlements Legislation Amendment (2007 Election Commitme..."
[parser-unknown-class] "ActHead9", text="Veterans’ Entitlements Act 1986"
[parser-unknown-class] "ItemHead", text="22  At the end of subsection 118V(1A)"
[parser-unknown-class] "ActHead8", text="Division 2—Amendments if the Veterans’ Entitlements Legislation Amendment (2007 Election Commitme..."
[parser-unknown-class] "ActHead9", text="Veterans’ Entitlements Act 1986"
[parser-unknown-class] "ItemHead", text="23  At the end of subsection 118V(1A)"
[parser-unknown-class] "ActHead9", text="Veterans’ Entitlements Legislation Amendment (2007 Election Commitments) Act 2008"
[parser-unknown-class] "ItemHead", text="24  Section 2"
[parser-unknown-class] "Tabletext0", text=""
[parser-unknown-class] "Tabletext0", text="Commencement information"
[parser-unknown-class] "Tabletext0", text="Column 1"
[parser-unknown-class] "Tabletext0", text="Column 2"
[parser-unknown-class] "Tabletext0", text="Column 3"
[parser-unknown-class] "Tabletext0", text="Provision(s)"
[parser-unknown-class] "Tabletext0", text="Commencement"
[parser-unknown-class] "Tabletext0", text="Date/Details"
[parser-unknown-class] "Tabletext0", text="1.  Sections 1 to 3 and anything in this Act not elsewhere covered by this table"
[parser-unknown-class] "Tabletext0", text="The day on which this Act receives the Royal Assent."
[parser-unknown-class] "Tabletext0", text=""
[parser-unknown-class] "Tabletext0", text="2.  Schedule 1"
[parser-unknown-class] "Tabletext0", text="1 July 2008."
[parser-unknown-class] "Tabletext0", text="1 July 2008"
[parser-unknown-class] "Tabletext0", text="3.  Schedule 2, items 1 to 37"
[parser-unknown-class] "Tabletext0", text="1 July 2008."
[parser-unknown-class] "Tabletext0", text="1 July 2008"
[parser-unknown-class] "Tabletext0", text="4.  Schedule 2, item 38"
[parser-unknown-class] "Tabletext0", text="Immediately after the commencement of item 23 of Schedule 5 to the Social Security and Veterans’ ..."
[parser-unknown-class] "Tabletext0", text=""
[parser-unknown-class] "Tabletext0", text="5.  Schedule 2, item 39"
[parser-unknown-class] "Tabletext0", text="1 July 2008."
[parser-unknown-class] "Tabletext0", text="1 July 2008"
[parser-unknown-class] "Tabletext0", text="6.  Schedule 3"
[parser-unknown-class] "Tabletext0", text="1 July 2008."
[parser-unknown-class] "Tabletext0", text="1 July 2008"
[parser-unknown-class] "ActHead7", text="Part 3—Application"
[parser-unknown-class] "ItemHead", text="25  Application"
[parser-diag] processed 864 <p> elements
[parser-diag] last section was added at element index: 829
[parser-diag] state phase at end: BODY
[parser-diag] hierarchy stack depth at end: 3
[parser-diag] insideSchedule at end: false
[parse] sections: 57
[parse] compilation: date=(none) no=(none)
[parse] by level:
         section      28
         division     25
         part         4
[db] inserted new legislation row: f9977cf7-cda0-4acb-9832-6641d7a3ec12
[db] inserting 57 sections (pass 1)
[db] inserted 57 sections
[db] linking parent FKs (pass 2)
[db] linked 49 parent references

[done] ingested Social Security and Veterans' Entitlements Legislation Amendment (One-off Payments and Other Budget Measures) Act 2008
       legislation_id: f9977cf7-cda0-4acb-9832-6641d7a3ec12
       sections: 57
       compilation: 2008-07-01
