[fetch] document_1: https://www.legislation.gov.au/C2004A03042/2014-06-25/2014-06-25/text/original/epub/OEBPS/document_1/document_1.html
[fetch] document_1: 32,363 bytes
[fetch] document_2: https://www.legislation.gov.au/C2004A03042/2014-06-25/2014-06-25/text/original/epub/OEBPS/document_2/document_2.html
[fetch] document_2 not found — stopping. Fetched 1 document(s).
[fetch] combined 1 document(s), 32,363 source bytes → 30,928 combined bytes
[citation] Trust Recoupment Tax Act 1985 (Cth)
[parse] starting
[parser-diag] total <p> elements found: 186
[parser-diag] processed 186 <p> elements
[parser-diag] last section was added at element index: 53
[parser-diag] state phase at end: ENDNOTES
[parser-diag] hierarchy stack depth at end: 1
[parser-diag] insideSchedule at end: false
[parse] sections: 6
[parse] compilation: date=(none) no=(none)
[parse] by level:
         section      6
[db] inserted new legislation row: f5171046-098b-4f8c-945e-43c8374d6005
[db] inserting 6 sections (pass 1)
[db] inserted 6 sections
[db] linking parent FKs (pass 2)
[db] linked 0 parent references

[done] ingested Trust Recoupment Tax Act 1985
       legislation_id: f5171046-098b-4f8c-945e-43c8374d6005
       sections: 6
       compilation: 2014-06-25
