[fetch] document_1: https://www.legislation.gov.au/C2004A02796/2024-12-11/2024-12-11/text/original/epub/OEBPS/document_1/document_1.html
[fetch] document_1: 471,131 bytes
[fetch] document_2: https://www.legislation.gov.au/C2004A02796/2024-12-11/2024-12-11/text/original/epub/OEBPS/document_2/document_2.html
[fetch] document_2 not found — stopping. Fetched 1 document(s).
[fetch] combined 1 document(s), 471,131 source bytes → 468,326 combined bytes
[citation] Archives Act 1983 (Cth)
[parse] starting
[parser-diag] total <p> elements found: 1667
[parser-diag] processed 1667 <p> elements
[parser-diag] last section was added at element index: 1015
[parser-diag] state phase at end: ENDNOTES
[parser-diag] hierarchy stack depth at end: 2
[parser-diag] insideSchedule at end: false
[parse] sections: 88
[parse] compilation: date=2024-12-11 no=50
[parse] by level:
         part         8
         section      75
         division     5
[db] inserted new legislation row: e4cf83bf-b988-436d-a50a-7a0aba04314f
[db] inserting 88 sections (pass 1)
[db] inserted 88 sections
[db] linking parent FKs (pass 2)
[db] linked 80 parent references

[done] ingested Archives Act 1983
       legislation_id: e4cf83bf-b988-436d-a50a-7a0aba04314f
       sections: 88
       compilation: 2024-12-11
