[fetch] document_1: https://www.legislation.gov.au/C2004A00102/1974-08-08/1974-08-08/text/original/epub/OEBPS/document_1/document_1.html
[fetch] document_1: 163,754 bytes
[fetch] document_2: https://www.legislation.gov.au/C2004A00102/1974-08-08/1974-08-08/text/original/epub/OEBPS/document_2/document_2.html
[fetch] document_2 not found — stopping. Fetched 1 document(s).
[fetch] combined 1 document(s), 163,754 source bytes → 162,643 combined bytes
[citation] Petroleum and Minerals Authority Act 1973 (Cth)
[parse] starting
[parser-diag] total <p> elements found: 485
[parser-diag] processed 485 <p> elements
[parser-diag] last section was added at element index: -1
[parser-diag] state phase at end: PRE_BODY
[parser-diag] hierarchy stack depth at end: 0
[parser-diag] insideSchedule at end: false
[parse] sections: 0
[parse] compilation: date=(none) no=(none)
[parse] by level:
[db] inserted new legislation row: 09f293a5-f9f5-426b-9680-ad0c940d1dcc
[db] inserting 0 sections (pass 1)
[db] inserted 0 sections
[db] linking parent FKs (pass 2)
[db] linked 0 parent references

[done] ingested Petroleum and Minerals Authority Act 1973
       legislation_id: 09f293a5-f9f5-426b-9680-ad0c940d1dcc
       sections: 0
       compilation: 1974-08-08
