[fetch] document_1: https://www.legislation.gov.au/C2004A03953/2018-03-06/2018-03-06/text/original/epub/OEBPS/document_1/document_1.html
[fetch] document_1: 51,158 bytes
[fetch] document_2: https://www.legislation.gov.au/C2004A03953/2018-03-06/2018-03-06/text/original/epub/OEBPS/document_2/document_2.html
[fetch] document_2 not found — stopping. Fetched 1 document(s).
[fetch] combined 1 document(s), 51,158 source bytes → 49,317 combined bytes
[citation] Therapeutic Goods (Charges) Act 1989 (Cth)
[parse] starting
[parser-diag] total <p> elements found: 226
[parser-diag] processed 226 <p> elements
[parser-diag] last section was added at element index: 74
[parser-diag] state phase at end: ENDNOTES
[parser-diag] hierarchy stack depth at end: 1
[parser-diag] insideSchedule at end: false
[parse] sections: 5
[parse] compilation: date=2018-03-06 no=9
[parse] by level:
         section      5
[db] inserted new legislation row: f3c3ae24-b178-4a33-bb63-ded4380e759b
[db] inserting 5 sections (pass 1)
[db] inserted 5 sections
[db] linking parent FKs (pass 2)
[db] linked 0 parent references

[done] ingested Therapeutic Goods (Charges) Act 1989
       legislation_id: f3c3ae24-b178-4a33-bb63-ded4380e759b
       sections: 5
       compilation: 2018-03-06
