[fetch] document_1: https://www.legislation.gov.au/C2004A04596/2016-07-01/2016-07-01/text/original/epub/OEBPS/document_1/document_1.html
[fetch] document_1: 341,661 bytes
[fetch] document_2: https://www.legislation.gov.au/C2004A04596/2016-07-01/2016-07-01/text/original/epub/OEBPS/document_2/document_2.html
[fetch] document_2 not found — stopping. Fetched 1 document(s).
[fetch] combined 1 document(s), 341,661 source bytes → 339,328 combined bytes
[citation] Protection of the Sea (Oil Pollution Compensation Funds) Act 1993 (Cth)
[parse] starting
[parser-diag] total <p> elements found: 1331
[parser-unknown-class] "agreementhead", text="RESOLUTION LEG.2(82)"
[parser-unknown-class] "agreementhead", text="adopted on 18 October 2000"
[parser-unknown-class] "agreementhead", text="AMENDMENTS OF THE LIMITS OF COMPENSATION IN THE PROTOCOL OF 1992 TO AMEND THE INTERNATIONAL CONVE..."
[parser-unknown-class] "agreementtext", text="THE LEGAL COMMITTEE at its eighty‑second session:"
[parser-unknown-class] "agreementtext", text="RECALLING Article 33(b) of the Convention on the International Maritime Organization (hereinafter..."
[parser-unknown-class] "agreementtext", text="MINDFUL of Article 36 of the IMO Convention concerning rules governing the procedures to be follo..."
[parser-unknown-class] "agreementtext", text="RECALLING FURTHER article 33 of the Protocol of 1992 to amend the International Convention on the..."
[parser-unknown-class] "agreementtext", text="HAVING CONSIDERED amendments to the limits of the amounts of compensation proposed and circulated..."
[parser-unknown-class] "agreementtext", text="1. ADOPTS, in accordance with article 33(4) of the 1992 Fund Protocol, amendments to the limits o..."
[parser-unknown-class] "agreementtext", text="2. DETERMINES, in accordance with article 33(7) of the 1992 Fund Protocol, that these amendments ..."
[parser-unknown-class] "agreementtext", text="3. FURTHER DETERMINES that, in accordance with article 33(8) of the 1992 Fund Protocol, these ame..."
[parser-unknown-class] "agreementtext", text="4. REQUESTS the Secretary‑General, in accordance with articles 33(7) and 38(2)(vi) of the 1992 Fu..."
[parser-unknown-class] "agreementtext", text="5. FURTHER REQUESTS the Secretary‑General to transmit copies of the present resolution and its An..."
[parser-unknown-class] "agreementhead", text="ANNEX"
[parser-unknown-class] "agreementhead", text="AMENDMENTS OF THE LIMITS OF COMPENSATION IN THE PROTOCOL OF 1992 TO AMEND THE INTERNATIONAL CONVE..."
[parser-unknown-class] "agreementtext", text="Article 6(3) of the 1992 Fund Protocol is amended as follows:"
[parser-unknown-class] "agreementtext", text="the reference in paragraph 4(a) to “135 million units of account” shall               read “203,0..."
[parser-unknown-class] "agreementtext", text="the reference in paragraph 4(b) to “135 million units of account” shall               read “203,0..."
[parser-unknown-class] "agreementtext", text="the reference in paragraph 4(c) to “200 million units of account” shall               read “300,7..."
[parser-diag] processed 1331 <p> elements
[parser-diag] last section was added at element index: 1076
[parser-diag] state phase at end: ENDNOTES
[parser-diag] hierarchy stack depth at end: 1
[parser-diag] insideSchedule at end: true
[parse] sections: 74
[parse] compilation: date=2016-07-01 no=10
[parse] by level:
         chapter      4
         section      49
         part         11
         division     6
         schedule     4
[db] inserted new legislation row: 0e15f565-03f3-49b7-9f1f-e77ffa17d1b4
[db] inserting 74 sections (pass 1)
[db] inserted 74 sections
[db] linking parent FKs (pass 2)
[db] linked 66 parent references

[done] ingested Protection of the Sea (Oil Pollution Compensation Funds) Act 1993
       legislation_id: 0e15f565-03f3-49b7-9f1f-e77ffa17d1b4
       sections: 74
       compilation: 2016-07-01
