[fetch] document_1: https://www.legislation.gov.au/C2004A05219/2026-04-09/2026-04-09/text/original/epub/OEBPS/document_1/document_1.html
[fetch] document_1: 47,836 bytes
[fetch] document_2: https://www.legislation.gov.au/C2004A05219/2026-04-09/2026-04-09/text/original/epub/OEBPS/document_2/document_2.html
[fetch] document_2 not found — stopping. Fetched 1 document(s).
[fetch] combined 1 document(s), 47,836 source bytes → 46,134 combined bytes
[citation] Multilateral Investment Guarantee Agency Act 1997 (Cth)
[parse] starting
[parser-diag] total <p> elements found: 213
[parser-diag] processed 213 <p> elements
[parser-diag] last section was added at element index: 89
[parser-diag] state phase at end: ENDNOTES
[parser-diag] hierarchy stack depth at end: 1
[parser-diag] insideSchedule at end: false
[parse] sections: 7
[parse] compilation: date=2026-04-09 no=2
[parse] by level:
         section      7
[db] inserted new legislation row: ac52d718-45b5-46a6-a88e-a219d04f2180
[db] inserting 7 sections (pass 1)
[db] inserted 7 sections
[db] linking parent FKs (pass 2)
[db] linked 0 parent references

[done] ingested Multilateral Investment Guarantee Agency Act 1997
       legislation_id: ac52d718-45b5-46a6-a88e-a219d04f2180
       sections: 7
       compilation: 2026-04-09
