[fetch] document_1: https://www.legislation.gov.au/C2004A02461/1994-02-25/1994-02-25/text/original/epub/OEBPS/document_1/document_1.html
[fetch] document_1: 25,526 bytes
[fetch] document_2: https://www.legislation.gov.au/C2004A02461/1994-02-25/1994-02-25/text/original/epub/OEBPS/document_2/document_2.html
[fetch] document_2 not found — stopping. Fetched 1 document(s).
[fetch] combined 1 document(s), 25,526 source bytes → 24,354 combined bytes
[citation] Offshore Minerals (Mining Licence Fees) Act 1981 (Cth)
[parse] starting
[parser-diag] total <p> elements found: 88
[parser-diag] processed 88 <p> elements
[parser-diag] last section was added at element index: -1
[parser-diag] state phase at end: PRE_BODY
[parser-diag] hierarchy stack depth at end: 0
[parser-diag] insideSchedule at end: false
[parse] sections: 0
[parse] compilation: date=(none) no=(none)
[parse] by level:
[db] inserted new legislation row: f55ebf4e-e50c-4276-9a70-770b167284db
[db] inserting 0 sections (pass 1)
[db] inserted 0 sections
[db] linking parent FKs (pass 2)
[db] linked 0 parent references

[done] ingested Offshore Minerals (Mining Licence Fees) Act 1981
       legislation_id: f55ebf4e-e50c-4276-9a70-770b167284db
       sections: 0
       compilation: 1994-02-25
