[fetch] document_1: https://www.legislation.gov.au/C2004A05251/2024-05-31/2024-05-31/text/original/epub/OEBPS/document_1/document_1.html
[fetch] document_1: 172,441 bytes
[fetch] document_2: https://www.legislation.gov.au/C2004A05251/2024-05-31/2024-05-31/text/original/epub/OEBPS/document_2/document_2.html
[fetch] document_2 not found — stopping. Fetched 1 document(s).
[fetch] combined 1 document(s), 172,441 source bytes → 170,398 combined bytes
[citation] Financial Framework (Supplementary Powers) Act 1997 (Cth)
[parse] starting
[parser-diag] total <p> elements found: 797
[parser-diag] processed 797 <p> elements
[parser-diag] last section was added at element index: 149
[parser-diag] state phase at end: ENDNOTES
[parser-diag] hierarchy stack depth at end: 2
[parser-diag] insideSchedule at end: false
[parse] sections: 19
[parse] compilation: date=2024-05-31 no=25
[parse] by level:
         part         3
         section      16
[db] inserted new legislation row: f82051ae-5df7-4ea8-8b6b-170b39066dcf
[db] inserting 19 sections (pass 1)
[db] inserted 19 sections
[db] linking parent FKs (pass 2)
[db] linked 16 parent references

[done] ingested Financial Framework (Supplementary Powers) Act 1997
       legislation_id: f82051ae-5df7-4ea8-8b6b-170b39066dcf
       sections: 19
       compilation: 2024-05-31
