[fetch] document_1: https://www.legislation.gov.au/C2004A05284/2026-03-21/2026-03-21/text/original/epub/OEBPS/document_1/document_1.html
[fetch] document_1: 298,802 bytes
[fetch] document_2: https://www.legislation.gov.au/C2004A05284/2026-03-21/2026-03-21/text/original/epub/OEBPS/document_2/document_2.html
[fetch] document_2 not found — stopping. Fetched 1 document(s).
[fetch] combined 1 document(s), 298,802 source bytes → 296,610 combined bytes
[citation] Trans-Tasman Mutual Recognition Act 1997 (Cth)
[parse] starting
[parser-diag] total <p> elements found: 1144
[parser-diag] processed 1144 <p> elements
[parser-diag] last section was added at element index: 871
[parser-diag] state phase at end: ENDNOTES
[parser-diag] hierarchy stack depth at end: 3
[parser-diag] insideSchedule at end: true
[parse] sections: 98
[parse] compilation: date=2026-03-21 no=31
[parse] by level:
         part         5
         section      54
         division     5
         schedule     5
         schedule_part 6
         schedule_clause 23
[db] inserted new legislation row: 538626b0-9f42-4eac-a7c4-9f09196fad4e
[db] inserting 98 sections (pass 1)
[db] inserted 98 sections
[db] linking parent FKs (pass 2)
[db] linked 88 parent references

[done] ingested Trans-Tasman Mutual Recognition Act 1997
       legislation_id: 538626b0-9f42-4eac-a7c4-9f09196fad4e
       sections: 98
       compilation: 2026-03-21
