[fetch] document_1: https://www.legislation.gov.au/C2004A03502/1987-10-28/1987-10-28/text/original/epub/OEBPS/document_1/document_1.html
[fetch] document_1: 19,005 bytes
[fetch] document_2: https://www.legislation.gov.au/C2004A03502/1987-10-28/1987-10-28/text/original/epub/OEBPS/document_2/document_2.html
[fetch] document_2 not found — stopping. Fetched 1 document(s).
[fetch] combined 1 document(s), 19,005 source bytes → 18,036 combined bytes
[citation] Loan Act 1987 (Cth)
[parse] starting
[parser-diag] total <p> elements found: 60
[parser-diag] processed 60 <p> elements
[parser-diag] last section was added at element index: -1
[parser-diag] state phase at end: PRE_BODY
[parser-diag] hierarchy stack depth at end: 0
[parser-diag] insideSchedule at end: false
[parse] sections: 0
[parse] compilation: date=(none) no=(none)
[parse] by level:
[db] inserted new legislation row: b3751fa7-fbe9-4621-be97-8645069c2ece
[db] inserting 0 sections (pass 1)
[db] inserted 0 sections
[db] linking parent FKs (pass 2)
[db] linked 0 parent references

[done] ingested Loan Act 1987
       legislation_id: b3751fa7-fbe9-4621-be97-8645069c2ece
       sections: 0
       compilation: 1987-10-28
