[fetch] document_1: https://www.legislation.gov.au/C2008A00155/2008-12-18/2008-12-18/text/original/epub/OEBPS/document_1/document_1.html
[fetch] document_1: 133,634 bytes
[fetch] document_2: https://www.legislation.gov.au/C2008A00155/2008-12-18/2008-12-18/text/original/epub/OEBPS/document_2/document_2.html
[fetch] document_2 not found — stopping. Fetched 1 document(s).
[fetch] combined 1 document(s), 133,634 source bytes → 132,116 combined bytes
[citation] Nation-building Funds (Consequential Amendments) Act 2008 (Cth)
[parse] starting
[parser-diag] total <p> elements found: 521
[parser-unknown-class] "ActHead6", text="Schedule 1—Repeal"
[parser-unknown-class] "ActHead9", text="Higher Education Endowment Fund Act 2007"
[parser-unknown-class] "ItemHead", text="1  The whole of the Act"
[parser-unknown-class] "ActHead6", text="Schedule 2—Amendments"
[parser-unknown-class] "ActHead9", text="Future Fund Act 2006"
[parser-unknown-class] "ItemHead", text="1  Section 4 (note)"
[parser-unknown-class] "ItemHead", text="2  Section 5"
[parser-unknown-class] "ItemHead", text="3  Section 5"
[parser-unknown-class] "ItemHead", text="4  Section 5"
[parser-unknown-class] "ItemHead", text="5  Section 5"
[parser-unknown-class] "ItemHead", text="6  Section 5"
[parser-unknown-class] "ItemHead", text="7  Section 5"
[parser-unknown-class] "ItemHead", text="8  Section 5 (definition of Education Minister)"
[parser-unknown-class] "ItemHead", text="9  Section 5"
[parser-unknown-class] "ItemHead", text="10  Section 5"
[parser-unknown-class] "ItemHead", text="11  Section 5"
[parser-unknown-class] "ItemHead", text="12  Section 5"
[parser-unknown-class] "ItemHead", text="13  Section 5 (definition of Higher Education Endowment Fund)"
[parser-unknown-class] "ItemHead", text="14  Section 5 (definition of Higher Education Endowment Fund investment function)"
[parser-unknown-class] "ItemHead", text="15  Section 5 (definition of Higher Education Endowment Fund matter)"
[parser-unknown-class] "ItemHead", text="16  Section 5 (definition of Higher Education Endowment Fund Special Account)"
[parser-unknown-class] "ItemHead", text="17  Section 5"
[parser-unknown-class] "ItemHead", text="18  Section 5"
[parser-unknown-class] "ItemHead", text="19  Section 5"
[parser-unknown-class] "ItemHead", text="20  Section 13"
[parser-unknown-class] "ItemHead", text="21  Section 13 (after note 2)"
[parser-unknown-class] "ItemHead", text="22  Subsection 28(5)"
[parser-unknown-class] "ItemHead", text="23  Section 33 (note)"
[parser-unknown-class] "ItemHead", text="24  Paragraph 35(b)"
[parser-unknown-class] "ItemHead", text="25  Subsection 55(3)"
[parser-unknown-class] "ItemHead", text="26  Section 60 (at the end of the penalty)"
[parser-unknown-class] "ItemHead", text="27  Section 61 (at the end of the penalty)"
[parser-unknown-class] "ItemHead", text="28  Section 62 (at the end of the penalty)"
[parser-unknown-class] "ItemHead", text="29  Paragraph 63(1)(b)"
[parser-unknown-class] "ItemHead", text="30  Paragraph 63(2)(aa)"
[parser-unknown-class] "ItemHead", text="31  Subparagraph 65(b)(ii)"
[parser-unknown-class] "ItemHead", text="32  Paragraph 81(1)(h)"
[parser-unknown-class] "ItemHead", text="33  Paragraphs 81(1)(i) to (n)"
[parser-unknown-class] "ItemHead", text="34  After subsection 81(1)"
[parser-unknown-class] "ItemHead", text="35  Subsection 81(2)"
[parser-unknown-class] "ItemHead", text="36  After subsection 81(2)"
[parser-unknown-class] "ItemHead", text="37  Subsection 81(4)"
[parser-unknown-class] "ItemHead", text="38  After section 83"
[parser-unknown-class] "ItemHead", text="39  Paragraph 84(1)(b)"
[parser-unknown-class] "ItemHead", text="40  Subsections 84(2), (3) and (4)"
[parser-unknown-class] "ItemHead", text="41  Subparagraph 2(2)(a)(ii) of Schedule 2"
[parser-unknown-class] "ItemHead", text="42  Subparagraph 2(2)(b)(ii) of Schedule 2"
[parser-unknown-class] "ItemHead", text="43  Subparagraph 2(2)(c)(ii) of Schedule 2"
[parser-unknown-class] "ItemHead", text="44  After Schedule 2"
[parser-unknown-class] "ActHead9", text="Income Tax Assessment Act 1997"
[parser-unknown-class] "ItemHead", text="45  Subsection 30‑25(2) (table item 2.2.35)"
[parser-unknown-class] "ItemHead", text="46  Subsection 30‑25(3)"
[parser-unknown-class] "ItemHead", text="47  Subsection 30‑315(2) (table item 56A)"
[parser-unknown-class] "ActHead9", text="Telecommunications (Consumer Protection and Service Standards) Act 1999"
[parser-unknown-class] "ItemHead", text="48  Part 9C"
[parser-unknown-class] "ItemHead", text="49  Subsection 159B(1)"
[parser-unknown-class] "ItemHead", text="50  Subsection 159B(2)"
[parser-unknown-class] "ActHead9", text="Telstra Corporation Act 1991"
[parser-unknown-class] "ItemHead", text="51  Section 3 (definition of Communications Fund)"
[parser-unknown-class] "ItemHead", text="52  Subsection 3B(3)"
[parser-unknown-class] "ItemHead", text="53  Subsection 8AJ(6D)"
[parser-unknown-class] "ItemHead", text="54  Subsection 8AYB(4)"
[parser-unknown-class] "ItemHead", text="55  Section 8AYD"
[parser-unknown-class] "ItemHead", text="56  Subclause 12(4AA) of the Schedule"
[parser-unknown-class] "ActHead6", text="Schedule 3—Transitional and application provisions etc."
[parser-unknown-class] "ItemHead", text="1  Definition"
[parser-unknown-class] "ItemHead", text="2  Transitional—annual report to deal with Higher Education Endowment Fund matters"
[parser-unknown-class] "SubitemHead", text="Scope"
[parser-unknown-class] "Subitem", text="(1) This item applies to the report under section 81 of the Future Fund Act 2006 for the financia..."
[parser-unknown-class] "SubitemHead", text="Higher Education Endowment Fund Matters"
[parser-unknown-class] "Subitem", text="(2) The report must include a report of:"
[parser-unknown-class] "Subitem", text="(3) The report must include a benchmark in relation to the amounts referred to in paragraphs (2)(..."
[parser-unknown-class] "ItemHead", text="3  Transitional—borrowing"
[parser-unknown-class] "SubitemHead", text="Scope"
[parser-unknown-class] "Subitem", text="(1) This item applies if:"
[parser-unknown-class] "SubitemHead", text="Authorisation etc."
[parser-unknown-class] "Subitem", text="(2) The Nation‑building Funds Act 2008 has effect as if:"
[parser-unknown-class] "ItemHead", text="4  Transitional—securities lending arrangement"
[parser-unknown-class] "SubitemHead", text="Scope"
[parser-unknown-class] "Subitem", text="(1) This item applies if:"
[parser-unknown-class] "SubitemHead", text="Continuity of arrangement"
[parser-unknown-class] "Subitem", text="(2) The Nation‑building Funds Act 2008 has effect as if the arrangement had been entered into by ..."
[parser-unknown-class] "ItemHead", text="5  Transitional—investment manager"
[parser-unknown-class] "SubitemHead", text="Scope"
[parser-unknown-class] "Subitem", text="(1) This item applies if:"
[parser-unknown-class] "SubitemHead", text="Continuity of engagement"
[parser-unknown-class] "Subitem", text="(2) The Nation‑building Funds Act 2008 has effect as if the Future Fund Board had engaged the inv..."
[parser-unknown-class] "ItemHead", text="6  Transitional—refund of franking credits"
[parser-unknown-class] "ItemHead", text="7  Transitional—definition of acquire in section 5 of the Future Fund Act 2006"
[parser-unknown-class] "ItemHead", text="8  Application—gifts to the Higher Education Endowment Fund"
[parser-unknown-class] "ItemHead", text="9  Transitional—advice given by Infrastructure Australia to the Infrastructure Minister"
[parser-unknown-class] "SubitemHead", text="Scope"
[parser-unknown-class] "Subitem", text="(1) This item applies if:"
[parser-unknown-class] "SubitemHead", text="Advice"
[parser-unknown-class] "Subitem", text="(2) The Nation‑building Funds Act 2008 has effect as if:"
[parser-unknown-class] "SubitemHead", text="Definition"
[parser-unknown-class] "Subitem", text="(3) In this item:"
[parser-unknown-class] "ItemHead", text="10  Transitional—advice given by Infrastructure Australia to the Communications Minister"
[parser-unknown-class] "SubitemHead", text="Scope"
[parser-unknown-class] "Subitem", text="(1) This item applies if:"
[parser-unknown-class] "SubitemHead", text="Advice"
[parser-unknown-class] "Subitem", text="(2) The Nation‑building Funds Act 2008 has effect as if:"
[parser-unknown-class] "SubitemHead", text="Definition"
[parser-unknown-class] "Subitem", text="(3) In this item:"
[parser-unknown-class] "ItemHead", text="11  Transitional—advice given by Infrastructure Australia to the Energy Minister"
[parser-unknown-class] "SubitemHead", text="Scope"
[parser-unknown-class] "Subitem", text="(1) This item applies if:"
[parser-unknown-class] "SubitemHead", text="Advice"
[parser-unknown-class] "Subitem", text="(2) The Nation‑building Funds Act 2008 has effect as if:"
[parser-unknown-class] "SubitemHead", text="Definition"
[parser-unknown-class] "Subitem", text="(3) In this item:"
[parser-unknown-class] "ItemHead", text="12  Transitional—advice given by Infrastructure Australia to the Water Minister"
[parser-unknown-class] "SubitemHead", text="Scope"
[parser-unknown-class] "Subitem", text="(1) This item applies if:"
[parser-unknown-class] "SubitemHead", text="Advice"
[parser-unknown-class] "Subitem", text="(2) The Nation‑building Funds Act 2008 has effect as if:"
[parser-unknown-class] "SubitemHead", text="Definition"
[parser-unknown-class] "Subitem", text="(3) In this item:"
[parser-unknown-class] "ItemHead", text="13  Transitional—advice given by the Interim EIF Advisory Board to the Education Minister"
[parser-unknown-class] "SubitemHead", text="Scope"
[parser-unknown-class] "Subitem", text="(1) This item applies if:"
[parser-unknown-class] "SubitemHead", text="Advice"
[parser-unknown-class] "Subitem", text="(2) The Nation‑building Funds Act 2008 has effect as if:"
[parser-unknown-class] "SubitemHead", text="Definitions"
[parser-unknown-class] "Subitem", text="(3) In this item:"
[parser-unknown-class] "ItemHead", text="14  Transitional—advice given by the Interim EIF Advisory Board to the Research Minister"
[parser-unknown-class] "SubitemHead", text="Scope"
[parser-unknown-class] "Subitem", text="(1) This item applies if:"
[parser-unknown-class] "SubitemHead", text="Advice"
[parser-unknown-class] "Subitem", text="(2) The Nation‑building Funds Act 2008 has effect as if:"
[parser-unknown-class] "SubitemHead", text="Definitions"
[parser-unknown-class] "Subitem", text="(3) In this item:"
[parser-unknown-class] "ItemHead", text="15  Transitional—advice given by the Higher Education Endowment Fund Advisory Board"
[parser-unknown-class] "SubitemHead", text="Scope"
[parser-unknown-class] "Subitem", text="(1) This item applies if:"
[parser-unknown-class] "SubitemHead", text="Advice"
[parser-unknown-class] "Subitem", text="(2) The Nation‑building Funds Act 2008 has effect as if:"
[parser-unknown-class] "SubitemHead", text="Definitions"
[parser-unknown-class] "Subitem", text="(3) In this item:"
[parser-unknown-class] "ItemHead", text="16  Transitional—advice given by the Interim HHF Advisory Board to the Health Minister"
[parser-unknown-class] "SubitemHead", text="Scope"
[parser-unknown-class] "Subitem", text="(1) This item applies if:"
[parser-unknown-class] "SubitemHead", text="Advice"
[parser-unknown-class] "Subitem", text="(2) The Nation‑building Funds Act 2008 has effect as if:"
[parser-unknown-class] "SubitemHead", text="Definitions"
[parser-unknown-class] "Subitem", text="(3) In this item:"
[parser-unknown-class] "2ndRd", text="[Minister’s second reading speech made in—"
[parser-unknown-class] "2ndRd", text="House of Representatives on 13 November 2008"
[parser-unknown-class] "2ndRd", text="Senate on 3 December 2008]"
[parser-diag] processed 521 <p> elements
[parser-diag] last section was added at element index: 315
[parser-diag] state phase at end: BODY
[parser-diag] hierarchy stack depth at end: 2
[parser-diag] insideSchedule at end: true
[parse] sections: 10
[parse] compilation: date=(none) no=(none)
[parse] by level:
         section      5
         schedule     1
         schedule_clause 4
[db] inserted new legislation row: 750b77c8-ee2b-489c-bb81-6014957ef046
[db] inserting 10 sections (pass 1)
[db] inserted 10 sections
[db] linking parent FKs (pass 2)
[db] linked 4 parent references

[done] ingested Nation-building Funds (Consequential Amendments) Act 2008
       legislation_id: 750b77c8-ee2b-489c-bb81-6014957ef046
       sections: 10
       compilation: 2008-12-18
