[fetch] document_1: https://www.legislation.gov.au/C2004A00074/1974-04-11/1974-04-11/text/original/epub/OEBPS/document_1/document_1.html
[fetch] document_1: 27,230 bytes
[fetch] document_2: https://www.legislation.gov.au/C2004A00074/1974-04-11/1974-04-11/text/original/epub/OEBPS/document_2/document_2.html
[fetch] document_2 not found — stopping. Fetched 1 document(s).
[fetch] combined 1 document(s), 27,230 source bytes → 26,000 combined bytes
[citation] Superannuation (Distribution of Surplus) Act 1974 (Cth)
[parse] starting
[parser-diag] total <p> elements found: 92
[parser-diag] processed 92 <p> elements
[parser-diag] last section was added at element index: -1
[parser-diag] state phase at end: PRE_BODY
[parser-diag] hierarchy stack depth at end: 0
[parser-diag] insideSchedule at end: false
[parse] sections: 0
[parse] compilation: date=(none) no=(none)
[parse] by level:
[db] inserted new legislation row: 64d4506c-55c1-4c59-81b5-15d4c48a54b9
[db] inserting 0 sections (pass 1)
[db] inserted 0 sections
[db] linking parent FKs (pass 2)
[db] linked 0 parent references

[done] ingested Superannuation (Distribution of Surplus) Act 1974
       legislation_id: 64d4506c-55c1-4c59-81b5-15d4c48a54b9
       sections: 0
       compilation: 1974-04-11
