[fetch] document_1: https://www.legislation.gov.au/C2004A05062/2018-02-21/2018-02-21/text/original/epub/OEBPS/document_1/document_1.html
[fetch] document_1: 386,059 bytes
[fetch] document_2: https://www.legislation.gov.au/C2004A05062/2018-02-21/2018-02-21/text/original/epub/OEBPS/document_2/document_2.html
[fetch] document_2 not found — stopping. Fetched 1 document(s).
[fetch] combined 1 document(s), 386,059 source bytes → 383,134 combined bytes
[citation] Airports (Transitional) Act 1996 (Cth)
[parse] starting
[parser-diag] total <p> elements found: 1400
[parser-unknown-class] "BoxHeadBold", text="Summary of clause"
[parser-unknown-class] "BoxHeadBold", text="Summary of clause"
[parser-unknown-class] "BoxHeadBold", text="Summary of clause"
[parser-diag] processed 1400 <p> elements
[parser-diag] last section was added at element index: 1026
[parser-diag] state phase at end: ENDNOTES
[parser-diag] hierarchy stack depth at end: 2
[parse] sections: 151
[parse] compilation: date=2018-02-21 no=18
[parser-diag] insideSchedule at end: true
[parse] by level:
         part         13
         section      89
         division     16
         schedule     3
         schedule_clause 26
         schedule_part 4
[db] inserted new legislation row: 4f3331cb-d877-4767-8791-3692ae1df811
[db] inserting 151 sections (pass 1)
[db] inserted 151 sections
[db] linking parent FKs (pass 2)
[db] linked 135 parent references

[done] ingested Airports (Transitional) Act 1996
       legislation_id: 4f3331cb-d877-4767-8791-3692ae1df811
       sections: 151
       compilation: 2018-02-21
