[fetch] document_1: https://www.legislation.gov.au/C2004A03281/2018-06-19/2018-06-19/text/original/epub/OEBPS/document_1/document_1.html
[fetch] document_1: 44,442 bytes
[fetch] document_2: https://www.legislation.gov.au/C2004A03281/2018-06-19/2018-06-19/text/original/epub/OEBPS/document_2/document_2.html
[fetch] document_2 not found — stopping. Fetched 1 document(s).
[fetch] combined 1 document(s), 44,442 source bytes → 42,522 combined bytes
[citation] Fringe Benefits Tax Act 1986 (Cth)
[parse] starting
[parser-diag] total <p> elements found: 203
[parser-diag] processed 203 <p> elements
[parser-diag] last section was added at element index: 59
[parse] sections: 8
[parse] compilation: date=2018-06-19 no=9
[parser-diag] state phase at end: ENDNOTES
[parser-diag] hierarchy stack depth at end: 1
[parser-diag] insideSchedule at end: false
[parse] by level:
         section      8
[db] inserted new legislation row: defb0256-ad99-4656-bea0-6ca3b2d68a12
[db] inserting 8 sections (pass 1)
[db] inserted 8 sections
[db] linking parent FKs (pass 2)
[db] linked 0 parent references

[done] ingested Fringe Benefits Tax Act 1986
       legislation_id: defb0256-ad99-4656-bea0-6ca3b2d68a12
       sections: 8
       compilation: 2018-06-19
