[fetch] document_1: https://www.legislation.gov.au/C2004A01409/1975-09-09/1975-09-09/text/original/epub/OEBPS/document_1/document_1.html
[fetch] document_1: 8,403 bytes
[fetch] document_2: https://www.legislation.gov.au/C2004A01409/1975-09-09/1975-09-09/text/original/epub/OEBPS/document_2/document_2.html
[fetch] document_2 not found — stopping. Fetched 1 document(s).
[fetch] combined 1 document(s), 8,403 source bytes → 7,357 combined bytes
[citation] Papua New Guinea Loans Guarantee Act 1975 (Cth)
[parse] starting
[parser-diag] total <p> elements found: 44
[parser-diag] processed 44 <p> elements
[parser-diag] last section was added at element index: -1
[parser-diag] state phase at end: PRE_BODY
[parser-diag] hierarchy stack depth at end: 0
[parser-diag] insideSchedule at end: false
[parse] sections: 0
[parse] compilation: date=(none) no=(none)
[parse] by level:
[db] inserted new legislation row: 658527f5-734d-4493-a643-91d569af40e3
[db] inserting 0 sections (pass 1)
[db] inserted 0 sections
[db] linking parent FKs (pass 2)
[db] linked 0 parent references

[done] ingested Papua New Guinea Loans Guarantee Act 1975
       legislation_id: 658527f5-734d-4493-a643-91d569af40e3
       sections: 0
       compilation: 1975-09-09
