[fetch] document_1: https://www.legislation.gov.au/C2004A03430/2016-10-21/2016-10-21/text/original/epub/OEBPS/document_1/document_1.html
[fetch] document_1: 71,979 bytes
[fetch] document_2: https://www.legislation.gov.au/C2004A03430/2016-10-21/2016-10-21/text/original/epub/OEBPS/document_2/document_2.html
[fetch] document_2 not found — stopping. Fetched 1 document(s).
[fetch] combined 1 document(s), 71,979 source bytes → 70,200 combined bytes
[citation] Parliamentary Privileges Act 1987 (Cth)
[parse] starting
[parser-diag] total <p> elements found: 297
[parser-diag] processed 297 <p> elements
[parser-diag] last section was added at element index: 166
[parser-diag] state phase at end: ENDNOTES
[parser-diag] hierarchy stack depth at end: 1
[parser-diag] insideSchedule at end: false
[parse] sections: 18
[parse] compilation: date=2016-10-21 no=4
[parse] by level:
         section      18
[db] inserted new legislation row: b847178f-5434-4689-a581-613969d1a94a
[db] inserting 18 sections (pass 1)
[db] inserted 18 sections
[db] linking parent FKs (pass 2)
[db] linked 0 parent references

[done] ingested Parliamentary Privileges Act 1987
       legislation_id: b847178f-5434-4689-a581-613969d1a94a
       sections: 18
       compilation: 2016-10-21
