[fetch] document_1: https://www.legislation.gov.au/C2004A02849/2021-06-17/2021-06-17/text/original/epub/OEBPS/document_1/document_1.html
[fetch] document_1: 52,958 bytes
[fetch] document_2: https://www.legislation.gov.au/C2004A02849/2021-06-17/2021-06-17/text/original/epub/OEBPS/document_2/document_2.html
[fetch] document_2 not found — stopping. Fetched 1 document(s).
[fetch] combined 1 document(s), 52,958 source bytes → 51,149 combined bytes
[citation] Radiocommunications (Receiver Licence Tax) Act 1983 (Cth)
[parse] starting
[parser-diag] total <p> elements found: 237
[parser-diag] processed 237 <p> elements
[parser-diag] last section was added at element index: 96
[parser-diag] state phase at end: ENDNOTES
[parser-diag] hierarchy stack depth at end: 1
[parser-diag] insideSchedule at end: false
[parse] sections: 8
[parse] compilation: date=2021-06-17 no=7
[parse] by level:
         section      8
[db] inserted new legislation row: 49597071-c39e-4e6c-83ab-3eeb8dbc4578
[db] inserting 8 sections (pass 1)
[db] inserted 8 sections
[db] linking parent FKs (pass 2)
[db] linked 0 parent references

[done] ingested Radiocommunications (Receiver Licence Tax) Act 1983
       legislation_id: 49597071-c39e-4e6c-83ab-3eeb8dbc4578
       sections: 8
       compilation: 2021-06-17
