[fetch] document_1: https://www.legislation.gov.au/C2004A00464/2008-10-03/2008-10-03/text/original/epub/OEBPS/document_1/document_1.html
[fetch] document_1: 21,755 bytes
[fetch] document_2: https://www.legislation.gov.au/C2004A00464/2008-10-03/2008-10-03/text/original/epub/OEBPS/document_2/document_2.html
[fetch] document_2 not found — stopping. Fetched 1 document(s).
[fetch] combined 1 document(s), 21,755 source bytes → 20,825 combined bytes
[citation] A New Tax System (Luxury Car Tax Imposition—Customs) Act 1999 (Cth)
[parse] starting
[parser-diag] total <p> elements found: 78
[parser-unknown-class] "Subsection", text="This Act may be cited as the A New Tax System (Luxury Car Tax Imposition—Customs) Act 1999."
[parser-unknown-class] "Subsection", text="This Act commences on 1 July 2000."
[parser-unknown-class] "Subsection", text="(1) The tax that is payable under the A New Tax System (Luxury Car Tax) Act 1999 is imposed by th..."
[parser-unknown-class] "Subsection", text="(2) This section imposes luxury car tax only so far as that tax is a duty of customs within the m..."
[parser-unknown-class] "Subsection", text="The rate of luxury car tax payable under the A New Tax System (Luxury Car Tax) Act 1999 is 33%."
[parser-unknown-class] "Subsection", text="(1) This Act does not impose a tax on property of any kind belonging to a State."
[parser-unknown-class] "Subsection", text="(2) Property of any kind belonging to a State has the same meaning as in section 114 of the Const..."
[parser-unknown-class] "ActNotesa", text="(a) Subsection 2(1) (item 2) of the A New Tax System (Luxury Car Tax Imposition—Customs) Amendmen..."
[parser-unknown-class] "ActNotes1", text="(1) Each provision of this Act specified in column 1 of the table commences, or is taken to have ..."
[parser-unknown-class] "ActNotes1", text=""
[parser-unknown-class] "TableA0", text="Table A"
[parser-unknown-class] "TableAHead", text="Application, saving or transitional provisions"
[parser-unknown-class] "TableAHeadItal", text="A New Tax System (Luxury Car Tax Imposition—Customs) Amendment Act 2008 (No. 98, 2008)"
[parser-unknown-class] "ItemHead", text="Schedule 1"
[parser-unknown-class] "ItemHead", text="2  Application"
[parser-diag] processed 78 <p> elements
[parser-diag] last section was added at element index: 29
[parser-diag] state phase at end: BODY
[parser-diag] hierarchy stack depth at end: 1
[parser-diag] insideSchedule at end: false
[parse] sections: 5
[parse] compilation: date=(none) no=(none)
[parse] by level:
         section      5
[db] inserted new legislation row: 83ea693c-297c-47c3-ad7f-ec85b97ce758
[db] inserting 5 sections (pass 1)
[db] inserted 5 sections
[db] linking parent FKs (pass 2)
[db] linked 0 parent references

[done] ingested A New Tax System (Luxury Car Tax Imposition—Customs) Act 1999
       legislation_id: 83ea693c-297c-47c3-ad7f-ec85b97ce758
       sections: 5
       compilation: 2008-10-03
