[fetch] document_1: https://www.legislation.gov.au/C2006A00006/2021-11-04/2021-11-04/text/original/epub/OEBPS/document_1/document_1.html
[fetch] document_1: 498,351 bytes
[fetch] document_2: https://www.legislation.gov.au/C2006A00006/2021-11-04/2021-11-04/text/original/epub/OEBPS/document_2/document_2.html
[fetch] document_2 not found — stopping. Fetched 1 document(s).
[fetch] combined 1 document(s), 498,351 source bytes → 495,371 combined bytes
[citation] Sport Integrity Australia Act 2020 (Cth)
[parse] starting
[parser-diag] total <p> elements found: 2072
[parser-diag] processed 2072 <p> elements
[parser-diag] last section was added at element index: 1207
[parser-diag] state phase at end: ENDNOTES
[parser-diag] hierarchy stack depth at end: 2
[parser-diag] insideSchedule at end: false
[parse] sections: 132
[parse] compilation: date=2021-11-04 no=18
[parse] by level:
         part         12
         section      101
         division     19
[db] inserted new legislation row: 6565565e-8708-476e-9873-df7cf6425da5
[db] inserting 132 sections (pass 1)
[db] inserted 132 sections
[db] linking parent FKs (pass 2)
[db] linked 120 parent references

[done] ingested Sport Integrity Australia Act 2020
       legislation_id: 6565565e-8708-476e-9873-df7cf6425da5
       sections: 132
       compilation: 2021-11-04
