[fetch] document_1: https://www.legislation.gov.au/C2004A03699/2024-12-11/2024-12-11/text/original/epub/OEBPS/document_1/document_1.html
[fetch] document_1: 278,055 bytes
[fetch] document_2: https://www.legislation.gov.au/C2004A03699/2024-12-11/2024-12-11/text/original/epub/OEBPS/document_2/document_2.html
[fetch] document_2 not found — stopping. Fetched 1 document(s).
[fetch] combined 1 document(s), 278,055 source bytes → 275,808 combined bytes
[citation] Australian Capital Territory (Self-Government) Act 1988 (Cth)
[parse] starting
[parser-diag] total <p> elements found: 1125
[parser-diag] processed 1125 <p> elements
[parser-diag] last section was added at element index: 697
[parser-diag] state phase at end: ENDNOTES
[parser-diag] hierarchy stack depth at end: 2
[parser-diag] insideSchedule at end: true
[parse] sections: 88
[parse] compilation: date=2024-12-11 no=26
[parse] by level:
         part         9
         section      70
         division     2
         schedule     4
         schedule_part 3
[db] inserted new legislation row: 5c5a2756-3681-4ae7-a00e-080a867da40e
[db] inserting 88 sections (pass 1)
[db] inserted 88 sections
[db] linking parent FKs (pass 2)
[db] linked 75 parent references

[done] ingested Australian Capital Territory (Self-Government) Act 1988
       legislation_id: 5c5a2756-3681-4ae7-a00e-080a867da40e
       sections: 88
       compilation: 2024-12-11
