[fetch] document_1: https://www.legislation.gov.au/C2004A04237/2024-10-14/2024-10-14/text/original/epub/OEBPS/document_1/document_1.html
[fetch] document_1: 2,138,484 bytes
[fetch] document_2: https://www.legislation.gov.au/C2004A04237/2024-10-14/2024-10-14/text/original/epub/OEBPS/document_2/document_2.html
[fetch] document_2 not found — stopping. Fetched 1 document(s).
[fetch] combined 1 document(s), 2,138,484 source bytes → 2,134,348 combined bytes
[citation] Fisheries Management Act 1991 (Cth)
[parse] starting
[parser-diag] total <p> elements found: 8053
[parser-unknown-class] "TextTables", text=""
[parser-unknown-class] "TextTables", text=""
[parser-unknown-class] "TextTables", text=""
[parser-unknown-class] "TextTables", text="NAME"
[parser-unknown-class] "TextTables", text=""
[parser-unknown-class] "TextTables", text="YYMMDD"
[parser-unknown-class] "TextTables", text="VESSEL NAME___________________________________"
[parser-unknown-class] "TextTables", text="LICENSE/PERMIT NUMBER____________________________"
[parser-unknown-class] "TextTables", text="DEPARTURE FROM PORT"
[parser-unknown-class] "TextTables", text=""
[parser-unknown-class] "TextTables", text="DATE"
[parser-unknown-class] "TextTables", text=""
[parser-unknown-class] "TextTables", text="COUNTRY OF REGISTRATION_______________________"
[parser-unknown-class] "TextTables", text="NAME OF CAPTAIN__________________________________"
[parser-unknown-class] "TextTables", text=""
[parser-unknown-class] "TextTables", text=""
[parser-unknown-class] "TextTables", text=""
[parser-unknown-class] "TextTables", text=""
[parser-unknown-class] "TextTables", text="REGISTRATION NUMBER__________________________"
[parser-unknown-class] "TextTables", text="LICENSE/PERMIT___________________________________"
[parser-unknown-class] "TextTables", text="ARRIVAL AT PORT"
[parser-unknown-class] "TextTables", text=""
[parser-unknown-class] "TextTables", text="DATE"
[parser-unknown-class] "TextTables", text=""
[parser-unknown-class] "TextTables", text="GROSS REGISTERED TONNAGE_____________________"
[parser-unknown-class] "TextTables", text="HOLDER’S SIGNATURE_______________________________"
[parser-unknown-class] "TextTables", text=""
[parser-unknown-class] "TextTables", text=""
[parser-unknown-class] "TextTables", text=""
[parser-unknown-class] "TextTables", text=""
[parser-unknown-class] "TextTables", text="NAMES(S) OF FISH CARRIER(S)_____________________"
[parser-unknown-class] "TextTables", text=""
[parser-unknown-class] "TextTables", text=""
[parser-unknown-class] "TextTables", text=""
[parser-unknown-class] "TextTables", text=""
[parser-unknown-class] "TextTables", text=""
[parser-unknown-class] "TextTables", text="FOR GROUP PURSE‑SEINER_________________"
[parser-unknown-class] "TextTables", text="YEAR__________________"
[parser-unknown-class] "TextTables", text="MONTH_________________"
[parser-unknown-class] "TextTables", text="NUMBER OF CREW"
[parser-unknown-class] "TextTables", text=""
[parser-unknown-class] "TextTables", text=""
[parser-unknown-class] "TextTables", text=""
[parser-unknown-class] "TextTables", text="NOON OR SETPOSITION"
[parser-unknown-class] "TextTables", text=""
[parser-unknown-class] "TextTables", text=""
[parser-unknown-class] "TextTables", text="SKIPJACK"
[parser-unknown-class] "TextTables", text="YELLOWFIN"
[parser-unknown-class] "TextTables", text="OTHER SPECIES"
[parser-unknown-class] "TextTables", text=""
[parser-unknown-class] "TextTables", text="DISCARDS"
[parser-unknown-class] "TextTables", text="DAY"
[parser-unknown-class] "TextTables", text="LAT"
[parser-unknown-class] "TextTables", text="LONG"
[parser-unknown-class] "TextTables", text=""
[parser-unknown-class] "TextTables", text=""
[parser-unknown-class] "TextTables", text=""
[parser-unknown-class] "TextTables", text=""
[parser-unknown-class] "TextTables", text=""
[parser-unknown-class] "TextTables", text=""
[parser-unknown-class] "TextTables", text=""
[parser-unknown-class] "TextTables", text=""
[parser-unknown-class] "TextTables", text=""
[parser-unknown-class] "TextTables", text=""
[parser-unknown-class] "TextTables", text=""
[parser-unknown-class] "TextTables", text=""
[parser-unknown-class] "TextTables", text=""
[parser-unknown-class] "TextTables", text=""
[parser-unknown-class] "TextTables", text="DDMM"
[parser-unknown-class] "TextTables", text="NS"
[parser-unknown-class] "TextTables", text="DDMM"
[parser-unknown-class] "TextTables", text="EW"
[parser-unknown-class] "TextTables", text="SCHOOLTYPE"
[parser-unknown-class] "TextTables", text="TIMESET"
[parser-unknown-class] "TextTables", text="CATCHShortTons"
[parser-unknown-class] "TextTables", text="AV.SIZE(lb)"
[parser-unknown-class] "TextTables", text="CATCHShortTons"
[parser-unknown-class] "TextTables", text="AV.SIZE(lb)"
[parser-unknown-class] "TextTables", text="SPECIESNAME"
[parser-unknown-class] "TextTables", text="CATCHShortTons"
[parser-unknown-class] "TextTables", text="AV.SIZE(lb)"
[parser-unknown-class] "TextTables", text="COM‑MENTS"
[parser-unknown-class] "TextTables", text="TUNAShortTons"
[parser-unknown-class] "TextTables", text="OTHERS(lb)"
[parser-unknown-class] "TextTables", text="REASONFORDISCARD"
[parser-unknown-class] "TextTables", text=""
[parser-unknown-class] "TextTables", text=""
[parser-unknown-class] "TextTables", text=""
[parser-unknown-class] "TextTables", text=""
[parser-unknown-class] "TextTables", text=""
[parser-unknown-class] "TextTables", text="(   )"
[parser-unknown-class] "TextTables", text=""
[parser-unknown-class] "TextTables", text=""
[parser-unknown-class] "TextTables", text=""
[parser-unknown-class] "TextTables", text=""
[parser-unknown-class] "TextTables", text=""
[parser-unknown-class] "TextTables", text=""
[parser-unknown-class] "TextTables", text=""
[parser-unknown-class] "TextTables", text=""
[parser-unknown-class] "TextTables", text="(   )"
[parser-unknown-class] "TextTables", text=""
[parser-unknown-class] "TextTables", text=""
[parser-unknown-class] "TextTables", text="(   )"
[parser-unknown-class] "TextTables", text=""
[parser-unknown-class] "TextTables", text=""
[parser-unknown-class] "TextTables", text=""
[parser-unknown-class] "TextTables", text=""
[parser-unknown-class] "TextTables", text=""
[parser-unknown-class] "TextTables", text="(   )"
[parser-unknown-class] "TextTables", text=""
[parser-unknown-class] "TextTables", text=""
[parser-unknown-class] "TextTables", text=""
[parser-unknown-class] "TextTables", text=""
[parser-unknown-class] "TextTables", text=""
[parser-unknown-class] "TextTables", text=""
[parser-unknown-class] "TextTables", text=""
[parser-unknown-class] "TextTables", text=""
[parser-unknown-class] "TextTables", text="(   )"
[parser-unknown-class] "TextTables", text=""
[parser-unknown-class] "TextTables", text=""
[parser-unknown-class] "TextTables", text="(   )"
[parser-unknown-class] "TextTables", text=""
[parser-unknown-class] "TextTables", text=""
[parser-unknown-class] "TextTables", text=""
[parser-unknown-class] "TextTables", text=""
[parser-unknown-class] "TextTables", text=""
[parser-unknown-class] "TextTables", text="(   )"
[parser-unknown-class] "TextTables", text=""
[parser-unknown-class] "TextTables", text=""
[parser-unknown-class] "TextTables", text=""
[parser-unknown-class] "TextTables", text=""
[parser-unknown-class] "TextTables", text=""
[parser-unknown-class] "TextTables", text=""
[parser-unknown-class] "TextTables", text=""
[parser-unknown-class] "TextTables", text=""
[parser-unknown-class] "TextTables", text="(   )"
[parser-unknown-class] "TextTables", text=""
[parser-unknown-class] "TextTables", text=""
[parser-unknown-class] "TextTables", text="(   )"
[parser-unknown-class] "TextTables", text=""
[parser-unknown-class] "TextTables", text=""
[parser-unknown-class] "TextTables", text=""
[parser-unknown-class] "TextTables", text=""
[parser-unknown-class] "TextTables", text=""
[parser-unknown-class] "TextTables", text="(   )"
[parser-unknown-class] "TextTables", text=""
[parser-unknown-class] "TextTables", text=""
[parser-unknown-class] "TextTables", text=""
[parser-unknown-class] "TextTables", text=""
[parser-unknown-class] "TextTables", text=""
[parser-unknown-class] "TextTables", text=""
[parser-unknown-class] "TextTables", text=""
[parser-unknown-class] "TextTables", text=""
[parser-unknown-class] "TextTables", text="(   )"
[parser-unknown-class] "TextTables", text=""
[parser-unknown-class] "TextTables", text=""
[parser-unknown-class] "TextTables", text="(   )"
[parser-unknown-class] "TextTables", text=""
[parser-unknown-class] "TextTables", text=""
[parser-unknown-class] "TextTables", text=""
[parser-unknown-class] "TextTables", text=""
[parser-unknown-class] "TextTables", text=""
[parser-unknown-class] "TextTables", text="(   )"
[parser-unknown-class] "TextTables", text=""
[parser-unknown-class] "TextTables", text=""
[parser-unknown-class] "TextTables", text=""
[parser-unknown-class] "TextTables", text=""
[parser-unknown-class] "TextTables", text=""
[parser-unknown-class] "TextTables", text=""
[parser-unknown-class] "TextTables", text=""
[parser-unknown-class] "TextTables", text=""
[parser-unknown-class] "TextTables", text="(   )"
[parser-unknown-class] "TextTables", text=""
[parser-unknown-class] "TextTables", text=""
[parser-unknown-class] "TextTables", text="(   )"
[parser-unknown-class] "TextTables", text=""
[parser-unknown-class] "TextTables", text=""
[parser-unknown-class] "TextTables", text=""
[parser-unknown-class] "TextTables", text=""
[parser-unknown-class] "TextTables", text=""
[parser-unknown-class] "TextTables", text="(   )"
[parser-unknown-class] "TextTables", text=""
[parser-unknown-class] "TextTables", text=""
[parser-unknown-class] "TextTables", text=""
[parser-unknown-class] "TextTables", text=""
[parser-unknown-class] "TextTables", text=""
[parser-unknown-class] "TextTables", text=""
[parser-unknown-class] "TextTables", text=""
[parser-unknown-class] "TextTables", text=""
[parser-unknown-class] "TextTables", text="(   )"
[parser-unknown-class] "TextTables", text=""
[parser-unknown-class] "TextTables", text=""
[parser-unknown-class] "TextTables", text="(   )"
[parser-unknown-class] "TextTables", text=""
[parser-unknown-class] "TextTables", text=""
[parser-unknown-class] "TextTables", text=""
[parser-unknown-class] "TextTables", text=""
[parser-unknown-class] "TextTables", text=""
[parser-unknown-class] "TextTables", text="(   )"
[parser-unknown-class] "TextTables", text=""
[parser-unknown-class] "TextTables", text=""
[parser-unknown-class] "TextTables", text=""
[parser-unknown-class] "TextTables", text=""
[parser-unknown-class] "TextTables", text=""
[parser-unknown-class] "TextTables", text=""
[parser-unknown-class] "TextTables", text=""
[parser-unknown-class] "TextTables", text=""
[parser-unknown-class] "TextTables", text="(   )"
[parser-unknown-class] "TextTables", text=""
[parser-unknown-class] "TextTables", text=""
[parser-unknown-class] "TextTables", text="(   )"
[parser-unknown-class] "TextTables", text=""
[parser-unknown-class] "TextTables", text=""
[parser-unknown-class] "TextTables", text=""
[parser-unknown-class] "TextTables", text=""
[parser-unknown-class] "TextTables", text=""
[parser-unknown-class] "TextTables", text="(   )"
[parser-unknown-class] "TextTables", text=""
[parser-unknown-class] "TextTables", text=""
[parser-unknown-class] "TextTables", text=""
[parser-unknown-class] "TextTables", text=""
[parser-unknown-class] "TextTables", text=""
[parser-unknown-class] "TextTables", text=""
[parser-unknown-class] "TextTables", text=""
[parser-unknown-class] "TextTables", text=""
[parser-unknown-class] "TextTables", text="(   )"
[parser-unknown-class] "TextTables", text=""
[parser-unknown-class] "TextTables", text=""
[parser-unknown-class] "TextTables", text="(   )"
[parser-unknown-class] "TextTables", text=""
[parser-unknown-class] "TextTables", text=""
[parser-unknown-class] "TextTables", text=""
[parser-unknown-class] "TextTables", text=""
[parser-unknown-class] "TextTables", text=""
[parser-unknown-class] "TextTables", text="(   )"
[parser-unknown-class] "TextTables", text=""
[parser-unknown-class] "TextTables", text=""
[parser-unknown-class] "TextTables", text=""
[parser-unknown-class] "TextTables", text=""
[parser-unknown-class] "TextTables", text=""
[parser-unknown-class] "TextTables", text=""
[parser-unknown-class] "TextTables", text=""
[parser-unknown-class] "TextTables", text=""
[parser-unknown-class] "TextTables", text="(   )"
[parser-unknown-class] "TextTables", text=""
[parser-unknown-class] "TextTables", text=""
[parser-unknown-class] "TextTables", text="(   )"
[parser-unknown-class] "TextTables", text=""
[parser-unknown-class] "TextTables", text=""
[parser-unknown-class] "TextTables", text=""
[parser-unknown-class] "TextTables", text=""
[parser-unknown-class] "TextTables", text=""
[parser-unknown-class] "TextTables", text="(   )"
[parser-unknown-class] "TextTables", text=""
[parser-unknown-class] "TextTables", text=""
[parser-unknown-class] "TextTables", text=""
[parser-unknown-class] "TextTables", text=""
[parser-unknown-class] "TextTables", text=""
[parser-unknown-class] "TextTables", text=""
[parser-unknown-class] "TextTables", text=""
[parser-unknown-class] "TextTables", text=""
[parser-unknown-class] "TextTables", text="(   )"
[parser-unknown-class] "TextTables", text=""
[parser-unknown-class] "TextTables", text=""
[parser-unknown-class] "TextTables", text="(   )"
[parser-unknown-class] "TextTables", text=""
[parser-unknown-class] "TextTables", text=""
[parser-unknown-class] "TextTables", text=""
[parser-unknown-class] "TextTables", text=""
[parser-unknown-class] "TextTables", text=""
[parser-unknown-class] "TextTables", text="(   )"
[parser-unknown-class] "TextTables", text=""
[parser-unknown-class] "TextTables", text=""
[parser-unknown-class] "TextTables", text=""
[parser-unknown-class] "TextTables", text=""
[parser-unknown-class] "TextTables", text=""
[parser-unknown-class] "TextTables", text=""
[parser-unknown-class] "TextTables", text=""
[parser-unknown-class] "TextTables", text=""
[parser-unknown-class] "TextTables", text="(   )"
[parser-unknown-class] "TextTables", text=""
[parser-unknown-class] "TextTables", text=""
[parser-unknown-class] "TextTables", text="(   )"
[parser-unknown-class] "TextTables", text=""
[parser-unknown-class] "TextTables", text=""
[parser-unknown-class] "TextTables", text=""
[parser-unknown-class] "TextTables", text=""
[parser-unknown-class] "TextTables", text=""
[parser-unknown-class] "TextTables", text="(   )"
[parser-unknown-class] "TextTables", text=""
[parser-unknown-class] "TextTables", text=""
[parser-unknown-class] "TextTables", text=""
[parser-unknown-class] "TextTables", text=""
[parser-unknown-class] "TextTables", text=""
[parser-unknown-class] "TextTables", text=""
[parser-unknown-class] "TextTables", text=""
[parser-unknown-class] "TextTables", text=""
[parser-unknown-class] "TextTables", text="(   )"
[parser-unknown-class] "TextTables", text=""
[parser-unknown-class] "TextTables", text=""
[parser-unknown-class] "TextTables", text="(   )"
[parser-unknown-class] "TextTables", text=""
[parser-unknown-class] "TextTables", text=""
[parser-unknown-class] "TextTables", text=""
[parser-unknown-class] "TextTables", text=""
[parser-unknown-class] "TextTables", text=""
[parser-unknown-class] "TextTables", text="(   )"
[parser-unknown-class] "TextTables", text=""
[parser-unknown-class] "TextTables", text=""
[parser-unknown-class] "TextTables", text=""
[parser-unknown-class] "TextTables", text=""
[parser-unknown-class] "TextTables", text=""
[parser-unknown-class] "TextTables", text=""
[parser-unknown-class] "TextTables", text=""
[parser-unknown-class] "TextTables", text=""
[parser-unknown-class] "TextTables", text="(   )"
[parser-unknown-class] "TextTables", text=""
[parser-unknown-class] "TextTables", text=""
[parser-unknown-class] "TextTables", text="(   )"
[parser-unknown-class] "TextTables", text=""
[parser-unknown-class] "TextTables", text=""
[parser-unknown-class] "TextTables", text=""
[parser-unknown-class] "TextTables", text=""
[parser-unknown-class] "TextTables", text=""
[parser-unknown-class] "TextTables", text="(   )"
[parser-unknown-class] "TextTables", text=""
[parser-unknown-class] "TextTables", text=""
[parser-unknown-class] "TextTables", text=""
[parser-unknown-class] "TextTables", text=""
[parser-unknown-class] "TextTables", text=""
[parser-unknown-class] "TextTables", text=""
[parser-unknown-class] "TextTables", text=""
[parser-unknown-class] "TextTables", text=""
[parser-unknown-class] "TextTables", text="(   )"
[parser-unknown-class] "TextTables", text=""
[parser-unknown-class] "TextTables", text=""
[parser-unknown-class] "TextTables", text="(   )"
[parser-unknown-class] "TextTables", text="TOTAL"
[parser-unknown-class] "TextTables", text=""
[parser-unknown-class] "TextTables", text=""
[parse] sections: 431
[parse] compilation: date=2024-10-14 no=64
[parser-unknown-class] "TextTables", text=""
[parser-unknown-class] "TextTables", text=""
[parser-unknown-class] "TextTables", text=""
[parser-unknown-class] "TextTables", text=""
[parser-unknown-class] "TextTables", text=""
[parser-unknown-class] "TextTables", text=""
[parser-unknown-class] "TextTables", text=""
[parser-unknown-class] "TextTables", text=""
[parser-unknown-class] "TextTables", text=""
[parser-unknown-class] "BodyTextIndent", text="(d) Notwithstanding the provisions of subparagraphs (a) and (b) above, a Party may authorize a fi..."
[parser-diag] processed 8053 <p> elements
[parser-diag] last section was added at element index: 6430
[parser-diag] state phase at end: ENDNOTES
[parser-diag] hierarchy stack depth at end: 1
[parser-diag] insideSchedule at end: true
[parse] by level:
         part         11
         section      281
         division     52
         subdivision  18
         schedule     4
         schedule_part 6
         schedule_clause 59
[db] inserted new legislation row: 5b04195e-dd50-4071-aef7-7308ef16239e
[db] inserting 431 sections (pass 1)
[db] inserted 431 sections
[db] linking parent FKs (pass 2)
[db] linked 416 parent references

[done] ingested Fisheries Management Act 1991
       legislation_id: 5b04195e-dd50-4071-aef7-7308ef16239e
       sections: 431
       compilation: 2024-10-14
