[fetch] document_1: https://www.legislation.gov.au/C2008A00143/2008-12-09/2008-12-09/text/original/epub/OEBPS/document_1/document_1.html
[fetch] document_1: 168,615 bytes
[fetch] document_2: https://www.legislation.gov.au/C2008A00143/2008-12-09/2008-12-09/text/original/epub/OEBPS/document_2/document_2.html
[fetch] document_2 not found — stopping. Fetched 1 document(s).
[fetch] combined 1 document(s), 168,615 source bytes → 167,672 combined bytes
[citation] Families, Housing, Community Services and Indigenous Affairs and Other Legislation Amendment (Further 2008 Budget and Other Measures) Act 2008 (Cth)
[parse] starting
[parser-diag] total <p> elements found: 608
[parser-unknown-class] "ActHead6", text="Schedule 1—Maternity immunisation allowance"
[parser-unknown-class] "ActHead9", text="A New Tax System (Family Assistance) Act 1999"
[parser-unknown-class] "ItemHead", text="1  Subsection 39(1)"
[parser-unknown-class] "ItemHead", text="2  After subsection 39(2)"
[parser-unknown-class] "ItemHead", text="3  Subsection 39(3)"
[parser-unknown-class] "ItemHead", text="4  Subsection 39(4)"
[parser-unknown-class] "ItemHead", text="5  Subsection 39(4)"
[parser-unknown-class] "ItemHead", text="6  At the end of section 39"
[parser-unknown-class] "ItemHead", text="7  Section 67"
[parser-unknown-class] "ItemHead", text="8  At the end of section 67"
[parser-unknown-class] "ItemHead", text="9  Paragraph 68(a)"
[parser-unknown-class] "ActHead9", text="A New Tax System (Family Assistance) (Administration) Act 1999"
[parser-unknown-class] "ItemHead", text="10  Subsection 39(4)"
[parser-unknown-class] "ItemHead", text="11  Subsections 41(5) and (6)"
[parser-unknown-class] "ItemHead", text="12  Application and transitional—eligibility for maternity immunisation allowance"
[parser-unknown-class] "SubitemHead", text="Usual case"
[parser-unknown-class] "Subitem", text="(1) Subsection 39(2A) of the A New Tax System (Family Assistance) Act 1999 applies in relation to:"
[parser-unknown-class] "SubitemHead", text="Child dies within 5 years of birth"
[parser-unknown-class] "Subitem", text="(2) The amendment made by item 5 applies in relation to deaths occurring on or after the commence..."
[parser-unknown-class] "SubitemHead", text="Adoption of children born outside Australia"
[parser-unknown-class] "Subitem", text="(3) Subsections 39(5) and (6) of the A New Tax System (Family Assistance) Act 1999 apply in relat..."
[parser-unknown-class] "Subitem", text="(4) Paragraph 39(5)(e) of the A New Tax System (Family Assistance) Act 1999 applies in relation t..."
[parser-unknown-class] "Subitem", text="(5) Subsection 39(6) of the A New Tax System (Family Assistance) Act 1999, insofar as it relates ..."
[parser-unknown-class] "Subitem", text="(6) Paragraph 39(7)(a) of the A New Tax System (Family Assistance) Act 1999 applies in relation t..."
[parser-unknown-class] "Subitem", text="(7) Subsection 39(8) of the A New Tax System (Family Assistance) Act 1999 applies in relation to ..."
[parser-unknown-class] "Subitem", text="(8) Subsection 39(9) of the A New Tax System (Family Assistance) Act 1999 applies in relation to:"
[parser-unknown-class] "ItemHead", text="13  Application and transitional—amount of maternity immunisation allowance"
[parser-unknown-class] "Subitem", text="(1) Paragraph 67(2)(a) of the A New Tax System (Family Assistance) Act 1999, to the extent it rel..."
[parser-unknown-class] "Subitem", text="(2) If:"
[parser-unknown-class] "Subitem", text="(3) If, before the commencement of this item, the Secretary determined that an amount of maternit..."
[parser-unknown-class] "ItemHead", text="14  Application and transitional—claims for maternity immunisation allowance"
[parser-unknown-class] "Subitem", text="(1) If:"
[parser-unknown-class] "Subitem", text="(2) If:"
[parser-unknown-class] "Subitem", text="(3) The amendment made by item 10 applies in relation to claims for payment of maternity immunisa..."
[parser-unknown-class] "Subitem", text="(4) The amendment made by item 11 applies in relation to:"
[parser-unknown-class] "ActHead6", text="Schedule 2—Partner service pension"
[parser-unknown-class] "ActHead7", text="Part 1—Amendments commencing on Royal Assent"
[parser-unknown-class] "ActHead9", text="Veterans’ Entitlements Act 1986"
[parser-unknown-class] "ItemHead", text="1  Paragraphs 38(1B)(a) and (b)"
[parser-unknown-class] "ItemHead", text="2  After subsection 38(1B)"
[parser-unknown-class] "ItemHead", text="3  Application"
[parser-unknown-class] "ActHead7", text="Part 2—Amendments commencing on 1 July 2009"
[parser-unknown-class] "ActHead9", text="Veterans’ Entitlements Act 1986"
[parser-unknown-class] "ItemHead", text="4  Subsection 38(1)"
[parser-unknown-class] "ItemHead", text="5  After subsection 38(2A)"
[parser-unknown-class] "ItemHead", text="6  Paragraph 38(2B)(c)"
[parser-unknown-class] "ItemHead", text="7  Application"
[parser-unknown-class] "Subitem", text="(1) Subsection 38(2AB) of the Veterans’ Entitlements Act 1986, as inserted by this Act, applies i..."
[parser-unknown-class] "Subitem", text="(2) However, if the period of 12 months referred to in that subsection ended before the commencem..."
[parser-unknown-class] "ActHead6", text="Schedule 3—Child support"
[parser-unknown-class] "ActHead7", text="Part 1—Percentage of care"
[parser-unknown-class] "ActHead9", text="Child Support (Assessment) Act 1989"
[parser-unknown-class] "ItemHead", text="1  Paragraph 48(1)(b)"
[parser-unknown-class] "ItemHead", text="2  At the end of section 52"
[parser-unknown-class] "ItemHead", text="3  Before subparagraph 74A(b)(i)"
[parser-unknown-class] "ItemHead", text="4  Subparagraph 74A(b)(i)"
[parser-unknown-class] "ItemHead", text="5  Subparagraph 74A(b)(iii)"
[parser-unknown-class] "ItemHead", text="6  At the end of paragraph 74A(b)"
[parser-unknown-class] "ItemHead", text="7  Section 74A"
[parser-unknown-class] "ItemHead", text="8  Before paragraph 75(2)(a)"
[parser-unknown-class] "ItemHead", text="9  Paragraph 75(2)(a)"
[parser-unknown-class] "ItemHead", text="10  After paragraph 75(2)(c)"
[parser-unknown-class] "ItemHead", text="11  Application and transitional"
[parser-unknown-class] "Subitem", text="(1) The amendments made by items 1 and 3 to 10 apply in relation to changes in percentages of car..."
[parser-unknown-class] "Subitem", text="(2) Subparagraphs 48(1)(b)(i) and 74A(b)(ia) and paragraph 75(2)(aa) of the Child Support (Assess..."
[parser-unknown-class] "Subitem", text="(3) If:"
[parser-unknown-class] "Subitem", text="(4) The amendment made by item 2 applies in relation to determinations made on or after the comme..."
[parser-unknown-class] "ActHead7", text="Part 2—Publication of reasons for decisions of the Social Security Appeals Tribunal"
[parser-unknown-class] "ActHead9", text="Child Support (Registration and Collection) Act 1988"
[parser-unknown-class] "ItemHead", text="12  After subsection 16(2A)"
[parser-unknown-class] "ItemHead", text="13  Application"
[parser-unknown-class] "ActHead7", text="Part 3—Departure from assessments"
[parser-unknown-class] "ActHead9", text="Child Support (Assessment) Act 1989"
[parser-unknown-class] "ItemHead", text="14  Paragraph 80E(1)(d)"
[parser-unknown-class] "ItemHead", text="15  Paragraph 98C(2)(b)"
[parser-unknown-class] "ItemHead", text="16  After subsection 98U(1)"
[parser-unknown-class] "ItemHead", text="17  Subsection 98U(2)"
[parser-unknown-class] "ItemHead", text="18  Paragraph 117(3A)(a)"
[parser-unknown-class] "ItemHead", text="19  Paragraph 117(3A)(b)"
[parser-unknown-class] "ItemHead", text="20  Paragraph 117(3A)(c)"
[parser-unknown-class] "ItemHead", text="21  Subsection 117(3B)"
[parser-unknown-class] "ItemHead", text="22  Paragraph 117(3B)(a)"
[parser-unknown-class] "ItemHead", text="23  After subsection 117(3B)"
[parser-unknown-class] "ItemHead", text="24  Paragraph 136(1)(a)"
[parser-unknown-class] "ItemHead", text="25  At the end of section 146D"
[parser-unknown-class] "ItemHead", text="26  Application"
[parser-unknown-class] "Subitem", text="(1) The amendment made by item 15 applies in relation to applications to the Registrar made on or..."
[parser-unknown-class] "Subitem", text="(2) The amendments made by items 16 and 17 apply in relation to requests made, after the commence..."
[parser-unknown-class] "Subitem", text="(3) The amendments made by items 18 to 23 apply in relation to applications to a court made on or..."
[parser-unknown-class] "Subitem", text="(4) The amendment made by item 24 applies in relation to agreements accepted before, on or after ..."
[parser-unknown-class] "Subitem", text="(5) The amendment made by item 25 applies in relation to an agreement accepted on or after the co..."
[parser-unknown-class] "ActHead7", text="Part 4—Terminating events"
[parser-unknown-class] "ActHead9", text="Child Support (Assessment) Act 1989"
[parser-unknown-class] "ItemHead", text="27  Subsection 12(2)"
[parser-unknown-class] "ItemHead", text="28  After subsection 12(2)"
[parser-unknown-class] "ItemHead", text="29  Application"
[parser-unknown-class] "ActHead7", text="Part 5—Reducing rate of child support under minimum annual rate assessments"
[parser-unknown-class] "ActHead9", text="Child Support (Assessment) Act 1989"
[parser-unknown-class] "ItemHead", text="30  Subsections 66A(1) to (3)"
[parser-unknown-class] "ItemHead", text="31  Application and saving"
[parser-unknown-class] "Subitem", text="(1) The amendment made by item 30 applies in relation to applications made on or after the day on..."
[parser-unknown-class] "Subitem", text="(2) Subsection 66A(1) of the Child Support (Assessment) Act 1989, as inserted by this Act, does n..."
[parser-unknown-class] "Subitem", text="(3) Regulations in force for the purposes of subsection 66A(1) of the Child Support (Assessment) ..."
[parser-unknown-class] "Subitem", text="(4) Subsection 66A(3B) of the Child Support (Assessment) Act 1989, as inserted by this Act, appli..."
[parser-unknown-class] "ActHead7", text="Part 6—Overseas liabilities"
[parser-unknown-class] "ActHead9", text="Child Support (Assessment) Act 1989"
[parser-unknown-class] "ItemHead", text="32  Section 35D"
[parser-unknown-class] "ItemHead", text="33  At the end of section 35D"
[parser-unknown-class] "ItemHead", text="34  Section 36A"
[parser-unknown-class] "ItemHead", text="35  At the end of section 36A"
[parser-unknown-class] "ItemHead", text="36  Section 39"
[parser-unknown-class] "ItemHead", text="37  At the end of section 39"
[parser-unknown-class] "ItemHead", text="38  Section 40"
[parser-unknown-class] "ItemHead", text="39  At the end of section 40"
[parser-unknown-class] "ItemHead", text="40  Paragraph 40A(1)(b)"
[parser-unknown-class] "ItemHead", text="41  At the end of section 41"
[parser-unknown-class] "ItemHead", text="42  At the end of section 55E"
[parser-unknown-class] "ItemHead", text="43  At the end of section 55G"
[parser-unknown-class] "ItemHead", text="44  At the end of section 55HA"
[parser-unknown-class] "ItemHead", text="45  After subsection 65A(4)"
[parser-unknown-class] "ItemHead", text="46  After subsection 66(6)"
[parser-unknown-class] "ItemHead", text="47  After subsection 66A(2)"
[parser-unknown-class] "ItemHead", text="48  After subsection 76(2)"
[parser-unknown-class] "ItemHead", text="49  Application"
[parser-unknown-class] "ActHead9", text="Child Support (Registration and Collection) Act 1988"
[parser-unknown-class] "ItemHead", text="50  Subparagraph 72D(1)(c)(ii)"
[parser-unknown-class] "ItemHead", text="51  At the end of paragraph 72D(1)(c)"
[parser-unknown-class] "ItemHead", text="52  After paragraph 72D(2)(d)"
[parser-unknown-class] "ItemHead", text="53  Paragraph 72E(a)"
[parser-unknown-class] "ItemHead", text="54  Application"
[parser-unknown-class] "ActHead7", text="Part 7—Crediting prescribed payments"
[parser-unknown-class] "ActHead9", text="Child Support (Registration and Collection) Act 1988"
[parser-unknown-class] "ItemHead", text="55  After paragraph 71C(1)(b)"
[parser-unknown-class] "ItemHead", text="56  After subsection 71C(1)"
[parser-unknown-class] "ItemHead", text="57  Application"
[parser-unknown-class] "Subitem", text="(1) The amendment made by item 55 applies in relation to payments made on or after the commenceme..."
[parser-unknown-class] "Subitem", text="(2) The amendment made by item 56 applies in relation to payments mentioned in paragraph 71C(1)(a..."
[parser-unknown-class] "2ndRd", text="[Minister’s second reading speech made in—"
[parser-unknown-class] "2ndRd", text="House of Representatives on 18 September 2008"
[parser-unknown-class] "2ndRd", text="Senate on 25 September 2008]"
[parser-diag] processed 608 <p> elements
[parser-diag] last section was added at element index: 104
[parser-diag] state phase at end: BODY
[parser-diag] hierarchy stack depth at end: 1
[parser-diag] insideSchedule at end: false
[parse] sections: 3
[parse] compilation: date=(none) no=(none)
[parse] by level:
         section      3
[db] inserted new legislation row: 31f9107a-be87-495c-891e-b68467bc8791
[db] inserting 3 sections (pass 1)
[db] inserted 3 sections
[db] linking parent FKs (pass 2)
[db] linked 0 parent references

[done] ingested Families, Housing, Community Services and Indigenous Affairs and Other Legislation Amendment (Further 2008 Budget and Other Measures) Act 2008
       legislation_id: 31f9107a-be87-495c-891e-b68467bc8791
       sections: 3
       compilation: 2008-12-09
