[fetch] document_1: https://www.legislation.gov.au/C2004A01763/2016-10-21/2016-10-21/text/original/epub/OEBPS/document_1/document_1.html
[fetch] document_1: 67,626 bytes
[fetch] document_2: https://www.legislation.gov.au/C2004A01763/2016-10-21/2016-10-21/text/original/epub/OEBPS/document_2/document_2.html
[fetch] document_2 not found — stopping. Fetched 1 document(s).
[fetch] combined 1 document(s), 67,626 source bytes → 65,860 combined bytes
[citation] Port Statistics Act 1977 (Cth)
[parse] starting
[parser-diag] total <p> elements found: 273
[parser-diag] processed 273 <p> elements
[parser-diag] last section was added at element index: 111
[parser-diag] state phase at end: ENDNOTES
[parser-diag] hierarchy stack depth at end: 1
[parser-diag] insideSchedule at end: false
[parse] sections: 11
[parse] compilation: date=2016-10-21 no=8
[parse] by level:
         section      11
[db] inserted new legislation row: bbf52983-0c90-4736-ae3e-471d8bec0361
[db] inserting 11 sections (pass 1)
[db] inserted 11 sections
[db] linking parent FKs (pass 2)
[db] linked 0 parent references

[done] ingested Port Statistics Act 1977
       legislation_id: bbf52983-0c90-4736-ae3e-471d8bec0361
       sections: 11
       compilation: 2016-10-21
