[fetch] document_1: https://www.legislation.gov.au/C2004A00653/2024-10-14/2024-10-14/text/original/epub/OEBPS/document_1/document_1.html
[fetch] document_1: 233,539 bytes
[fetch] document_2: https://www.legislation.gov.au/C2004A00653/2024-10-14/2024-10-14/text/original/epub/OEBPS/document_2/document_2.html
[fetch] document_2 not found — stopping. Fetched 1 document(s).
[fetch] combined 1 document(s), 233,539 source bytes → 231,353 combined bytes
[citation] Product Grants and Benefits Administration Act 2000 (Cth)
[parse] starting
[parser-diag] total <p> elements found: 936
[parser-diag] processed 936 <p> elements
[parser-diag] last section was added at element index: 504
[parser-diag] state phase at end: ENDNOTES
[parser-diag] hierarchy stack depth at end: 2
[parser-diag] insideSchedule at end: false
[parse] sections: 58
[parse] compilation: date=2024-10-14 no=36
[parse] by level:
         part         11
         section      47
[db] inserted new legislation row: 293f6bb5-1fb1-4220-8812-1787e06152b2
[db] inserting 58 sections (pass 1)
[db] inserted 58 sections
[db] linking parent FKs (pass 2)
[db] linked 47 parent references

[done] ingested Product Grants and Benefits Administration Act 2000
       legislation_id: 293f6bb5-1fb1-4220-8812-1787e06152b2
       sections: 58
       compilation: 2024-10-14
