[fetch] document_1: https://www.legislation.gov.au/C2004A02100/2021-09-01/2021-09-01/text/original/epub/OEBPS/document_1/document_1.html
[fetch] document_1: 54,739 bytes
[fetch] document_2: https://www.legislation.gov.au/C2004A02100/2021-09-01/2021-09-01/text/original/epub/OEBPS/document_2/document_2.html
[fetch] document_2 not found — stopping. Fetched 1 document(s).
[fetch] combined 1 document(s), 54,739 source bytes → 52,778 combined bytes
[citation] Judges (Long Leave Payments) Act 1979 (Cth)
[parse] starting
[parser-diag] total <p> elements found: 233
[parser-diag] processed 233 <p> elements
[parser-diag] last section was added at element index: 96
[parser-diag] state phase at end: ENDNOTES
[parser-diag] hierarchy stack depth at end: 1
[parser-diag] insideSchedule at end: false
[parse] sections: 9
[parse] compilation: date=2021-09-01 no=6
[parse] by level:
         section      9
[db] inserted new legislation row: 808d31c5-35f8-44ee-80fd-6addc19bbde9
[db] inserting 9 sections (pass 1)
[db] inserted 9 sections
[db] linking parent FKs (pass 2)
[db] linked 0 parent references

[done] ingested Judges (Long Leave Payments) Act 1979
       legislation_id: 808d31c5-35f8-44ee-80fd-6addc19bbde9
       sections: 9
       compilation: 2021-09-01
