[fetch] document_1: https://www.legislation.gov.au/C2004A04290/2018-06-19/2018-06-19/text/original/epub/OEBPS/document_1/document_1.html
[fetch] document_1: 32,386 bytes
[fetch] document_2: https://www.legislation.gov.au/C2004A04290/2018-06-19/2018-06-19/text/original/epub/OEBPS/document_2/document_2.html
[fetch] document_2 not found — stopping. Fetched 1 document(s).
[fetch] combined 1 document(s), 32,386 source bytes → 30,475 combined bytes
[citation] Income Tax (Deferred Interest Securities) (Tax File Number Withholding Tax) Act 1991 (Cth)
[parse] starting
[parser-diag] total <p> elements found: 152
[parser-diag] processed 152 <p> elements
[parser-diag] last section was added at element index: 43
[parser-diag] state phase at end: ENDNOTES
[parser-diag] hierarchy stack depth at end: 1
[parser-diag] insideSchedule at end: false
[parse] sections: 4
[parse] compilation: date=2018-06-19 no=3
[parse] by level:
         section      4
[db] inserted new legislation row: f0249e6b-9829-4eaa-b762-ed5887b03882
[db] inserting 4 sections (pass 1)
[db] inserted 4 sections
[db] linking parent FKs (pass 2)
[db] linked 0 parent references

[done] ingested Income Tax (Deferred Interest Securities) (Tax File Number Withholding Tax) Act 1991
       legislation_id: f0249e6b-9829-4eaa-b762-ed5887b03882
       sections: 4
       compilation: 2018-06-19
