[fetch] document_1: https://www.legislation.gov.au/C2004A03181/1985-12-04/1985-12-04/text/original/epub/OEBPS/document_1/document_1.html
[fetch] document_1: 46,349 bytes
[fetch] document_2: https://www.legislation.gov.au/C2004A03181/1985-12-04/1985-12-04/text/original/epub/OEBPS/document_2/document_2.html
[fetch] document_2 not found — stopping. Fetched 1 document(s).
[fetch] combined 1 document(s), 46,349 source bytes → 45,244 combined bytes
[citation] Australia Act 1986 (Cth)
[parse] starting
[parser-diag] total <p> elements found: 141
[parser-diag] processed 141 <p> elements
[parse] sections: 0
[parse] compilation: date=(none) no=(none)
[parse] by level:
[parser-diag] last section was added at element index: -1
[parser-diag] state phase at end: PRE_BODY
[parser-diag] hierarchy stack depth at end: 0
[parser-diag] insideSchedule at end: false
[db] inserted new legislation row: 2902e06b-69d9-48b1-89e5-2df8b786e5cc
[db] inserting 0 sections (pass 1)
[db] inserted 0 sections
[db] linking parent FKs (pass 2)
[db] linked 0 parent references

[done] ingested Australia Act 1986
       legislation_id: 2902e06b-69d9-48b1-89e5-2df8b786e5cc
       sections: 0
       compilation: 1985-12-04
