[fetch] document_1: https://www.legislation.gov.au/C2006A00160/2023-10-20/2023-10-20/text/original/epub/OEBPS/document_1/document_1.html
[fetch] document_1: 290,535 bytes
[fetch] document_2: https://www.legislation.gov.au/C2006A00160/2023-10-20/2023-10-20/text/original/epub/OEBPS/document_2/document_2.html
[fetch] document_2 not found — stopping. Fetched 1 document(s).
[fetch] combined 1 document(s), 290,535 source bytes → 288,370 combined bytes
[citation] Medibank Private Sale Act 2006 (Cth)
[parse] starting
[parser-diag] total <p> elements found: 1172
[parser-unknown-class] "ActHead6", text="Schedule 1—Amendments commencing on the day after Royal Assent"
[parser-unknown-class] "ActHead7", text="Part 1—Sale of the Commonwealth’s equity in Medibank Private Limited"
[parser-unknown-class] "ActHead9", text="Health Insurance Commission (Reform and Separation of Functions) Act 1997"
[parser-unknown-class] "ItemHead", text="1  Section 3"
[parser-unknown-class] "ItemHead", text="2  At the end of section 34"
[parser-unknown-class] "ItemHead", text="3  Section 35"
[parser-unknown-class] "ActHead7", text="Part 2—Other amendments"
[parser-unknown-class] "ActHead9", text="National Health Act 1953"
[parser-unknown-class] "ItemHead", text="4  Subsection 68(3)"
[parser-unknown-class] "ItemHead", text="5  Paragraph 73AAD(2)(d)"
[parser-unknown-class] "ItemHead", text="6  At the end of section 73AAD"
[parser-unknown-class] "ItemHead", text="7  After section 73AAD"
[parser-unknown-class] "ActHead6", text="Schedule 2—Facilitation of the sale of the Commonwealth’s equity in Medibank Private Limited etc."
[parser-unknown-class] "ActHead7", text="Part 1—Introduction"
[parser-unknown-class] "ItemHead", text="1  Definitions"
[parser-unknown-class] "ItemHead", text="2  Designated company"
[parser-unknown-class] "Subitem", text="(1) For the purposes of this Schedule, a designated company is:"
[parser-unknown-class] "Subitem", text="(2) A declaration under paragraph (1)(b) is not a legislative instrument."
[parser-unknown-class] "ItemHead", text="3  External Territories"
[parser-unknown-class] "ItemHead", text="4  Crown to be bound"
[parser-unknown-class] "ActHead7", text="Part 2—Medibank Private sale scheme"
[parser-unknown-class] "ItemHead", text="5  Medibank Private sale scheme"
[parser-unknown-class] "SubitemHead", text="Object"
[parser-unknown-class] "Subitem", text="(1) The object of this item is to define the expressions Medibank Private sale scheme, holding co..."
[parser-unknown-class] "SubitemHead", text="Medibank Private sale scheme"
[parser-unknown-class] "Subitem", text="(2) For the purposes of this Schedule, a Medibank Private sale scheme is:"
[parser-unknown-class] "Subitem", text="(3) A Medibank Private sale scheme must comply with any rules set out in a determination in force..."
[parser-unknown-class] "Subitem", text="(4) The Minister for Finance may make a written determination setting out rules that are to be co..."
[parser-unknown-class] "Subitem", text="(5) A determination under subitem (4) is a legislative instrument for the purposes of the Legisla..."
[parser-unknown-class] "Subitem", text="(6) A Medibank Private sale scheme may involve any or all of the following:"
[parser-unknown-class] "Subitem", text="(7) In determining whether a scheme is a Medibank Private sale scheme, regard must be had to the ..."
[parser-unknown-class] "Subitem", text="(8) Subitems (6) and (7) do not, by implication, limit subitem (2)."
[parser-unknown-class] "SubitemHead", text="Definition"
[parser-unknown-class] "Subitem", text="(9) In this item:"
[parser-unknown-class] "ItemHead", text="6  Sale‑scheme hybrid securities"
[parser-unknown-class] "Subitem", text="(1) For the purposes of this Schedule, a sale‑scheme hybrid security is:"
[parser-unknown-class] "Subitem", text="(2) A security or financial product covered by a paragraph of subitem (1) may (but need not) incl..."
[parser-unknown-class] "Subitem", text="(3) A security covered by paragraph (1)(a), (e) or (g) may be issued in or outside Australia, and..."
[parser-unknown-class] "Subitem", text="(4) A share covered by paragraph (1)(b) may be issued in or outside Australia, and any rights or ..."
[parser-unknown-class] "Subitem", text="(5) A security or financial product covered by paragraph (1)(c), (f), (h) or (i) may be issued in..."
[parser-unknown-class] "Subitem", text="(6) An option covered by paragraph (1)(d) may be issued in or outside Australia, and the exercise..."
[parser-unknown-class] "Subitem", text="(7) A declaration under subparagraph (1)(i)(i) is a legislative instrument for the purposes of th..."
[parser-unknown-class] "Subitem", text="(8) In this item:"
[parser-unknown-class] "ItemHead", text="7  Authorisation of borrowing—issue of sale‑scheme hybrid securities"
[parser-unknown-class] "ItemHead", text="8  Appropriation—costs incurred in connection with a Medibank Private sale scheme"
[parser-unknown-class] "Subitem", text="(1) The Consolidated Revenue Fund is appropriated to the extent necessary for the purposes of the..."
[parser-unknown-class] "Subitem", text="(2) The costs, expenses and obligations covered by subitem (1) include (but are not limited to) t..."
[parser-unknown-class] "ItemHead", text="9  Assistance given by a Medibank Private company or a Medibank Private Board in connection with ..."
[parser-unknown-class] "SubitemHead", text="Giving assistance on own initiative"
[parser-unknown-class] "Subitem", text="(1) A Medibank Private company may, on its own initiative, assist the Commonwealth in connection ..."
[parser-unknown-class] "Subitem", text="(2) A member of a Medibank Private Board may, on the member’s own initiative, assist the Commonwe..."
[parser-unknown-class] "Subitem", text="(3) The Minister for Finance may, by written notice given to a Medibank Private company, give dir..."
[parser-unknown-class] "Subitem", text="(4) The Minister for Finance may, by written notice given to a member of a Medibank Private Board..."
[parser-unknown-class] "SubitemHead", text="Giving assistance when requested by the Minister for Finance"
[parser-unknown-class] "Subitem", text="(5) A Medibank Private company must, when requested in writing by the Minister for Finance to do ..."
[parser-unknown-class] "Subitem", text="(6) A Medibank Private Board must, when requested in writing by the Minister for Finance to do so..."
[parser-unknown-class] "SubitemHead", text="Immunity"
[parser-unknown-class] "Subitem", text="(7) To avoid doubt, the giving of assistance as mentioned in subitem (1), (2), (5) or (6), the ma..."
[parser-unknown-class] "SubitemHead", text="Consequences of a contravention"
[parser-unknown-class] "Subitem", text="(8) A contravention of subitem (3), (4), (5) or (6) is not an offence. However, it is a ground fo..."
[parser-unknown-class] "ItemHead", text="10  Giving of assistance—ancillary provisions"
[parser-unknown-class] "Subitem", text="(1) The assistance mentioned in subitem 9(1), (2), (5) or (6) may take the form of:"
[parser-unknown-class] "Subitem", text="(2) Subitem (1) does not, by implication, limit the forms in which assistance may be given."
[parser-unknown-class] "Subitem", text="(3) Item 9 does not, by implication, limit any rights that are conferred on shareholders by other..."
[parser-unknown-class] "Subitem", text="(4) Item 9 does not authorise the imposition of taxation (within the meaning of section 55 of the..."
[parser-unknown-class] "Subitem", text="(5) Item 9 does not, by implication, limit:"
[parser-unknown-class] "Subitem", text="(6) Item 9 extends to the giving of assistance outside Australia, whether or not in a foreign cou..."
[parser-unknown-class] "Subitem", text="(7) Medibank Private may make a payment from the Medibank Private fund for the purpose of:"
[parser-unknown-class] "Subitem", text="(8) A payment, or a decision to make a payment, under subitem (7) does not contravene section 28 ..."
[parser-unknown-class] "ItemHead", text="11  Reimbursement of expenses incurred in giving assistance"
[parser-unknown-class] "Subitem", text="(1) This item applies if:"
[parser-unknown-class] "Subitem", text="(2) The Minister for Finance may authorise the payment by the Commonwealth to the company, or to ..."
[parser-unknown-class] "Subitem", text="(3) This item does not, by implication, limit the executive power of the Commonwealth to make a p..."
[parser-unknown-class] "ItemHead", text="12  Use by the Commonwealth of information obtained from a Medibank Private company or a Medibank..."
[parser-unknown-class] "Subitem", text="(1) This item applies to information obtained under item 9."
[parser-unknown-class] "Subitem", text="(2) The Commonwealth, or an associated person, may use the information for a purpose in connectio..."
[parser-unknown-class] "Subitem", text="(3) The Commonwealth, or an associated person, may disclose the information for a purpose in conn..."
[parser-unknown-class] "Subitem", text="(4) If subitem (2) or (3) does not apply, the Commonwealth, or an associated person, may use or d..."
[parser-unknown-class] "Subitem", text="(5) To avoid doubt, the use or disclosure of information as mentioned in subitem (2), (3) or (4) ..."
[parser-unknown-class] "ItemHead", text="13  Agreements relating to the protection of information obtained from a Medibank Private company..."
[parser-unknown-class] "Subitem", text="(1) The Minister for Finance may, on behalf of the Commonwealth, enter into an agreement with a M..."
[parser-unknown-class] "Subitem", text="(2) The agreement may be enforced as if it were a contract."
[parser-unknown-class] "Subitem", text="(3) This item does not, by implication, limit the executive power of the Commonwealth to enter in..."
[parser-unknown-class] "ItemHead", text="14  Medibank Private company’s obligations to disclose information"
[parser-unknown-class] "Subitem", text="(1) To avoid doubt, the mere fact that particular information was requested, required or given un..."
[parser-unknown-class] "Subitem", text="(2) To avoid doubt, the mere fact that particular information was requested, required or given un..."
[parser-unknown-class] "ItemHead", text="15  Information statements"
[parser-unknown-class] "Subitem", text="(1) The Minister for Finance may:"
[parser-unknown-class] "Subitem", text="(2) Medibank Private must comply with a direction under subitem (1)."
[parser-unknown-class] "SubitemHead", text="Immunity"
[parser-unknown-class] "Subitem", text="(3) To avoid doubt, giving or complying with a direction under subitem (1) does not result in a c..."
[parser-unknown-class] "SubitemHead", text="Consequences of a contravention"
[parser-unknown-class] "Subitem", text="(4) A contravention of subitem (2) is not an offence. However, it is a ground for obtaining an in..."
[parser-unknown-class] "SubitemHead", text="Other powers not limited"
[parser-unknown-class] "Subitem", text="(5) This item does not, by implication, limit item 9."
[parser-unknown-class] "ItemHead", text="16  Payment and reimbursement of expenses incurred in complying with a direction about informatio..."
[parser-unknown-class] "SubitemHead", text="Payment of expenses"
[parser-unknown-class] "Subitem", text="(1) Medibank Private may make a payment from the Medibank Private fund for the purpose of paying ..."
[parser-unknown-class] "Subitem", text="(2) A payment, or decision to make a payment, under subitem (1) does not contravene section 28 of..."
[parser-unknown-class] "SubitemHead", text="Reimbursement of expenses"
[parser-unknown-class] "Subitem", text="(3) If:"
[parser-unknown-class] "Subitem", text="(4) This item does not, by implication, limit the executive power of the Commonwealth to make a p..."
[parser-unknown-class] "ItemHead", text="17  Commonwealth to be bound by Chapters 6CA, 6D and 7 of the Corporations Act etc."
[parser-unknown-class] "Subitem", text="(1) Despite subsection 5A(4) of the Corporations Act 2001 (but subject to subsection 5A(5) of tha..."
[parser-unknown-class] "Subitem", text="(2) Subitem (1) has effect despite anything in the Corporations Act 2001."
[parser-unknown-class] "SubitemHead", text="Chinese wall arrangements"
[parser-unknown-class] "Subitem", text="(3) The Commonwealth does not contravene subsection 1043A(1) of the Corporations Act 2001 by ente..."
[parser-unknown-class] "Subitem", text="(4) A reference in subitem (3) to an officer of the Commonwealth includes a reference to the hold..."
[parser-unknown-class] "ItemHead", text="18  Reduction of a Medibank Private company’s share capital"
[parser-unknown-class] "Subitem", text="(1) This item applies to a reduction of a Medibank Private company’s share capital if:"
[parser-unknown-class] "Subitem", text="(2) Notice of the reduction does not have to be given to the creditors of a Medibank Private comp..."
[parser-unknown-class] "Subitem", text="(3) The creditors of a Medibank Private company are not entitled to object to the reduction."
[parser-unknown-class] "Subitem", text="(4) The reduction does not have to be confirmed by a court."
[parser-unknown-class] "Subitem", text="(5) Subitems (2), (3) and (4) have effect despite anything in Part 2J.1 of the Corporations Act 2..."
[parser-unknown-class] "ItemHead", text="19  Rights of certain persons to be subject to this Schedule"
[parser-unknown-class] "ActHead7", text="Part 3—Profit status of Medibank Private"
[parser-unknown-class] "ItemHead", text="20  Change of profit status—modifying Medibank Private’s constitution and rules"
[parser-unknown-class] "SubitemHead", text="Modification of constitution"
[parser-unknown-class] "Subitem", text="(1) If all the shares in Medibank Private are held by the Commonwealth or the holding company, Me..."
[parser-unknown-class] "Subitem", text="(2) Subitem (1) has effect despite any provision of Medibank Private’s constitution."
[parser-unknown-class] "SubitemHead", text="Modification of rules"
[parser-unknown-class] "Subitem", text="(3) If all the shares in Medibank Private are held by the Commonwealth or the holding company, Me..."
[parser-unknown-class] "Subitem", text="(4) Subitem (3) has effect despite:"
[parser-unknown-class] "Subitem", text="(5) The Minister for Finance may, by written notice given to Medibank Private, give directions to..."
[parser-unknown-class] "Subitem", text="(6) Medibank Private must comply with a direction under subitem (5)."
[parser-unknown-class] "SubitemHead", text="Notice to contributors"
[parser-unknown-class] "Subitem", text="(7) At least 60 days before a modification of a kind referred to in subitem (1) or (3) takes effe..."
[parser-unknown-class] "Subitem", text="(8) The Minister for Finance may, by written notice given to Medibank Private, give directions to..."
[parser-unknown-class] "Subitem", text="(9) Medibank Private must comply with a direction under subitem (8)."
[parser-unknown-class] "SubitemHead", text="Immunity etc."
[parser-unknown-class] "Subitem", text="(10) Section 169‑10 of the Private Health Insurance Act 2007 does not apply to a modification of ..."
[parser-unknown-class] "Subitem", text="(11) A modification of a kind referred to in subitem (1) or (3), or giving or complying with a di..."
[parser-unknown-class] "Subitem", text="(12) If, at any time before a modification of a kind referred to in subitem (1) or (3) took effec..."
[parser-unknown-class] "SubitemHead", text="Consequences of a contravention"
[parser-unknown-class] "Subitem", text="(13) A contravention of subitem (6) or (9) is not an offence. However, it is a ground for obtaini..."
[parser-unknown-class] "ItemHead", text="21  Payment and reimbursement of expenses incurred in modifying Medibank Private’s constitution a..."
[parser-unknown-class] "SubitemHead", text="Payment of expenses"
[parser-unknown-class] "Subitem", text="(1) Medibank Private may make a payment from the Medibank Private fund for the purpose of paying ..."
[parser-unknown-class] "Subitem", text="(2) A payment, or a decision to make a payment, under subitem (1) does not contravene section 28 ..."
[parser-unknown-class] "SubitemHead", text="Reimbursement of expenses"
[parser-unknown-class] "Subitem", text="(3) If:"
[parser-unknown-class] "Subitem", text="(4) This item does not, by implication, limit the executive power of the Commonwealth to make a p..."
[parser-unknown-class] "ItemHead", text="22  Information statements"
[parser-unknown-class] "Subitem", text="(1) The Minister for Finance may:"
[parser-unknown-class] "Subitem", text="(2) Medibank Private must comply with a direction under subitem (1)."
[parser-unknown-class] "SubitemHead", text="Immunity"
[parser-unknown-class] "Subitem", text="(3) To avoid doubt, giving or complying with a direction under subitem (1) does not result in a c..."
[parser-unknown-class] "SubitemHead", text="Consequences of a contravention"
[parser-unknown-class] "Subitem", text="(4) A contravention of subitem (2) is not an offence. However, it is a ground for obtaining an in..."
[parser-unknown-class] "SubitemHead", text="Other powers not limited"
[parser-unknown-class] "Subitem", text="(5) This item does not, by implication, limit item 9."
[parser-unknown-class] "ItemHead", text="23  Payment and reimbursement of expenses incurred in complying with a direction about informatio..."
[parser-unknown-class] "SubitemHead", text="Payment of expenses"
[parser-unknown-class] "Subitem", text="(1) Medibank Private may make a payment from the Medibank Private fund for the purpose of paying ..."
[parser-unknown-class] "Subitem", text="(2) A payment, or a decision to make a payment, under subitem (1) does not contravene section 28 ..."
[parser-unknown-class] "SubitemHead", text="Reimbursement of expenses"
[parser-unknown-class] "Subitem", text="(3) If:"
[parser-unknown-class] "Subitem", text="(4) This item does not, by implication, limit the executive power of the Commonwealth to make a p..."
[parser-unknown-class] "ActHead7", text="Part 4—Restrictions on ownership of Medibank Private companies"
[parser-unknown-class] "ActHead8", text="Division 1—Introduction"
[parser-unknown-class] "ItemHead", text="24  Sunset provision"
[parser-unknown-class] "ItemHead", text="25  Extra‑territorial operation"
[parser-unknown-class] "ActHead8", text="Division 2—Limits on ownership"
[parser-unknown-class] "ItemHead", text="26  Application to the holding company"
[parser-unknown-class] "ItemHead", text="27  Meaning of unacceptable ownership situation"
[parser-unknown-class] "SubitemHead", text="Medibank Private"
[parser-unknown-class] "Subitem", text="(1) For the purposes of this Part, an unacceptable ownership situation exists in relation to Medi..."
[parser-unknown-class] "Subitem", text="(2) However, an unacceptable ownership situation does not exist in relation to Medibank Private u..."
[parser-unknown-class] "SubitemHead", text="Holding company"
[parser-unknown-class] "Subitem", text="(3) For the purposes of this Part, an unacceptable ownership situation exists in relation to the ..."
[parser-unknown-class] "ItemHead", text="28  Prohibition of transactions that result in an unacceptable ownership situation"
[parser-unknown-class] "Subitem", text="(1) A person must not enter into a transaction if the transaction has the result, in relation to ..."
[parser-unknown-class] "Subitem", text="(2) If an unacceptable ownership situation exists in relation to a Medibank Private company becau..."
[parser-unknown-class] "Subitem", text="(3) A contravention of subitem (1) or (2) is not an offence. However, it is a ground for obtainin..."
[parser-unknown-class] "ItemHead", text="29  Compliance by Medibank Private company"
[parser-unknown-class] "Subitem", text="(1) A Medibank Private company must take all reasonable steps to ensure that an unacceptable owne..."
[parser-unknown-class] "Subitem", text="(2) A contravention of subitem (1) is not an offence. However, it is a ground for obtaining an in..."
[parser-unknown-class] "ItemHead", text="30  Remedial orders"
[parser-unknown-class] "Subitem", text="(1) If an unacceptable ownership situation exists in relation to a Medibank Private company, the ..."
[parser-unknown-class] "Subitem", text="(2) The Federal Court’s orders include:"
[parser-unknown-class] "Subitem", text="(3) Subitem (2) does not, by implication, limit subitem (1)."
[parser-unknown-class] "Subitem", text="(4) In addition to the Federal Court’s powers under subitems (1) and (2), the court:"
[parser-unknown-class] "Subitem", text="(5) The Federal Court may, before making an order under this item, direct that notice of the appl..."
[parser-unknown-class] "Subitem", text="(6) The Federal Court may, by order, rescind, vary or discharge an order made by it under this it..."
[parser-unknown-class] "Subitem", text="(7) The Federal Court must not make an order under this item if:"
[parser-unknown-class] "Subitem", text="(8) In subitem (7):"
[parser-unknown-class] "ItemHead", text="31  Anti‑avoidance"
[parser-unknown-class] "Subitem", text="(1) If:"
[parser-unknown-class] "Subitem", text="(2) A person must comply with a direction under subitem (1)."
[parser-unknown-class] "Subitem", text="(3) A contravention of subitem (2) is not an offence. However, it is a ground for obtaining an in..."
[parser-unknown-class] "Subitem", text="(4) Applications may be made to the Administrative Appeals Tribunal for review of decisions made ..."
[parser-unknown-class] "Subitem", text="(5) In subitem (4):"
[parser-unknown-class] "ItemHead", text="32  Giving of information"
[parser-unknown-class] "Subitem", text="(1) The regulations may make provision for and in relation to requiring a person:"
[parser-unknown-class] "SubitemHead", text="Statutory declarations"
[parser-unknown-class] "Subitem", text="(2) The regulations may provide that information given in accordance with a requirement covered b..."
[parser-unknown-class] "SubitemHead", text="No self‑incrimination"
[parser-unknown-class] "Subitem", text="(3) An individual is not required to give information in accordance with a requirement covered by..."
[parser-unknown-class] "SubitemHead", text="Compliance"
[parser-unknown-class] "Subitem", text="(4) A person must comply with regulations made for the purposes of this item."
[parser-unknown-class] "Subitem", text="(5) A contravention of subitem (4) is not an offence. However, it is a ground for obtaining an in..."
[parser-unknown-class] "SubitemHead", text="Regulations may confer discretionary powers on the Minister for Finance"
[parser-unknown-class] "Subitem", text="(6) Regulations made for the purposes of this item may make provision for or in relation to a mat..."
[parser-unknown-class] "SubitemHead", text="Definition"
[parser-unknown-class] "Subitem", text="(7) For the purposes of this item, each of the following matters is an ownership matter:"
[parser-unknown-class] "ActHead8", text="Division 3—Interpretation"
[parser-unknown-class] "ItemHead", text="33  Definitions"
[parser-unknown-class] "Subitem", text="(1) In this Part:"
[parser-unknown-class] "Subitem", text="(2) For the purposes of paragraphs (c), (d) and (e) of the definition of relative in subclause (1..."
[parser-unknown-class] "ItemHead", text="34  Entering into an agreement or arrangement"
[parser-unknown-class] "Subitem", text="(1) For the purposes of this Part, a person is taken to have proposed to enter into an agreement ..."
[parser-unknown-class] "Subitem", text="(2) A reference in this Part to entering into an agreement or arrangement includes a reference to..."
[parser-unknown-class] "Subitem", text="(3) A reference in this Part to entering into an arrangement is a reference to entering into any ..."
[parser-unknown-class] "Subitem", text="(4) A reference in this Part to an arrangement does not include a reference to a moneylending agr..."
[parser-unknown-class] "ItemHead", text="35  Associates"
[parser-unknown-class] "Subitem", text="(1) For the purposes of this Part, the following persons are associates of a person:"
[parser-unknown-class] "Subitem", text="(2) If a person (the first person) enters, or proposes to enter, into an arrangement with another..."
[parser-unknown-class] "ItemHead", text="36  Power to appoint director"
[parser-unknown-class] "Subitem", text="(1) A reference in this Part to a power to appoint a director includes a reference to such a powe..."
[parser-unknown-class] "Subitem", text="(2) For the purposes of this Part, a person is taken to have the power to appoint a director if:"
[parser-unknown-class] "ItemHead", text="37  Meaning of entitled to acquire"
[parser-unknown-class] "Subitem", text="For the purposes of this Part, a person is entitled to acquire any thing if the person is absolut..."
[parser-unknown-class] "ItemHead", text="38  Meaning of interest in a share"
[parser-unknown-class] "Subitem", text="(1) Subject to this item, for the purposes of this Part, a person holds an interest in a share if..."
[parser-unknown-class] "Subitem", text="(2) For the purposes of this Part, a person is taken to hold an interest in a share if:"
[parser-unknown-class] "Subitem", text="(3) Subitem (2) does not, by implication, limit subitem (1)."
[parser-unknown-class] "Subitem", text="(4) A person is taken to hold an interest in a share even if the person holds the interest in the..."
[parser-unknown-class] "Subitem", text="(5) For the purpose of determining whether a person holds an interest in a share, it is immateria..."
[parser-unknown-class] "Subitem", text="(6) An interest in a share is not to be disregarded only because of:"
[parser-unknown-class] "ItemHead", text="39  Certain interests in shares to be disregarded"
[parser-unknown-class] "Subitem", text="(1) For the purposes of this Part, the following interests must be disregarded:"
[parser-unknown-class] "Subitem", text="(2) For the purposes of this Part, if:"
[parser-unknown-class] "Subitem", text="(3) For the purposes of this Part, if:"
[parser-unknown-class] "Subitem", text="(4) Applications may be made to the Administrative Appeals Tribunal for review of decisions made ..."
[parser-unknown-class] "Subitem", text="(5) In subitem (4):"
[parser-unknown-class] "ItemHead", text="40  Voting power"
[parser-unknown-class] "Subitem", text="(1) A reference in this Part to the voting power in a company is a reference to the total rights ..."
[parser-unknown-class] "Subitem", text="(2) A reference in this Part to control of the voting power in a company is a reference to contro..."
[parser-unknown-class] "Subitem", text="(3) If the percentage of total rights to vote or participate in decision‑making differs as betwee..."
[parser-unknown-class] "Subitem", text="(4) If a company:"
[parser-unknown-class] "ItemHead", text="41  Stake in a company"
[parser-unknown-class] "Subitem", text="(1) For the purposes of this Part, a particular type of stake that a person holds in a company at..."
[parser-unknown-class] "Subitem", text="(2) In calculating the stake that a person holds in a company, a direct control interest held bec..."
[parser-unknown-class] "ItemHead", text="42  Direct control interests in a company"
[parser-unknown-class] "Subitem", text="(1) For the purposes of this Part, a person holds a direct control interest in a company at a par..."
[parser-unknown-class] "Subitem", text="(2) For the purposes of this Part, a person also holds a direct control interest in a company at ..."
[parser-unknown-class] "Subitem", text="(3) For the purposes of this Part, a person also holds a direct control interest in a company at ..."
[parser-unknown-class] "Subitem", text="(4) For the purposes of this Part, a person also holds a direct control interest in a company at ..."
[parser-unknown-class] "Subitem", text="(5) In determining the direct control interest of a particular type that a person holds in a Medi..."
[parser-unknown-class] "Subitem", text="(6) For the purposes of this Part, if:"
[parser-unknown-class] "ActHead7", text="Part 5—Australian identity of Medibank Private companies"
[parser-unknown-class] "ItemHead", text="43  Sunset provision"
[parser-unknown-class] "ItemHead", text="44  Head office to be in Australia"
[parser-unknown-class] "Subitem", text="(1) A Medibank Private company must ensure that the central management and control of the company..."
[parser-unknown-class] "Subitem", text="(2) A contravention of subitem (1) is not an offence. However, it is a ground for obtaining an in..."
[parser-unknown-class] "Subitem", text="(3) A contravention of subitem (1) does not affect the validity of any transaction."
[parser-unknown-class] "ItemHead", text="45  Base of operations to be in Australia"
[parser-unknown-class] "Subitem", text="(1) A Medibank Private company must ensure that the company maintains a substantial business and ..."
[parser-unknown-class] "Subitem", text="(2) This item does not limit a Medibank Private company’s capacity to engage in activities outsid..."
[parser-unknown-class] "Subitem", text="(3) A contravention of subitem (1) is not an offence. However, it is a ground for obtaining an in..."
[parser-unknown-class] "Subitem", text="(4) A contravention of subitem (1) does not affect the validity of any transaction."
[parser-unknown-class] "ItemHead", text="46  Medibank Private company to remain incorporated in Australia"
[parser-unknown-class] "Subitem", text="(1) A Medibank Private company must ensure that it is incorporated under the Corporations Act 2001."
[parser-unknown-class] "Subitem", text="(2) A contravention of subitem (1) is not an offence. However, it is a ground for obtaining an in..."
[parser-unknown-class] "Subitem", text="(3) A contravention of subitem (1) does not affect the validity of any transaction."
[parser-unknown-class] "ItemHead", text="47  Majority of directors must be Australian citizens"
[parser-unknown-class] "Subitem", text="(1) A Medibank Private company must ensure that a majority of its directors are Australian citizens."
[parser-unknown-class] "Subitem", text="(2) A contravention of subitem (1) is not an offence. However, it is a ground for obtaining an in..."
[parser-unknown-class] "Subitem", text="(3) A contravention of subitem (1) does not affect the validity of any transaction."
[parser-unknown-class] "ItemHead", text="48  Application to the holding company"
[parser-unknown-class] "ItemHead", text="49  Winding‑up of Medibank Private company not prevented by this Part"
[parser-unknown-class] "ActHead7", text="Part 6—Restrictions on transfer of assets and liabilities of the Medibank Private fund"
[parser-unknown-class] "ItemHead", text="50  Sunset provision"
[parser-unknown-class] "ItemHead", text="51  Restrictions on transfer of assets and liabilities of the Medibank Private fund"
[parser-unknown-class] "Subitem", text="(1) The regulations may provide that Medibank Private must not transfer specified assets, or spec..."
[parser-unknown-class] "Subitem", text="(2) Medibank Private must comply with regulations made for the purposes of subitem (1)."
[parser-unknown-class] "Subitem", text="(3) A contravention of subitem (2) is not an offence. However, it is a ground for obtaining an in..."
[parser-unknown-class] "ActHead7", text="Part 7—Injunctions"
[parser-unknown-class] "ItemHead", text="52  Injunctions"
[parser-unknown-class] "SubitemHead", text="Restraining injunctions"
[parser-unknown-class] "Subitem", text="(1) If a person has engaged, is engaging or is proposing to engage in any conduct in contraventio..."
[parser-unknown-class] "SubitemHead", text="Performance injunctions"
[parser-unknown-class] "Subitem", text="(2) If:"
[parser-unknown-class] "ItemHead", text="53  Interim injunctions"
[parser-unknown-class] "SubitemHead", text="Grant of interim injunction"
[parser-unknown-class] "Subitem", text="(1) If an application is made to the Federal Court for an injunction under item 52, the court may..."
[parser-unknown-class] "SubitemHead", text="No undertakings as to damages"
[parser-unknown-class] "Subitem", text="(2) The Federal Court is not to require an applicant for an injunction under item 52, as a condit..."
[parser-unknown-class] "ItemHead", text="54  Discharge etc. of injunctions"
[parser-unknown-class] "ItemHead", text="55  Certain limits on granting injunctions not to apply"
[parser-unknown-class] "SubitemHead", text="Restraining injunctions"
[parser-unknown-class] "Subitem", text="(1) The power of the Federal Court under this Part to grant an injunction restraining a person fr..."
[parser-unknown-class] "SubitemHead", text="Performance injunctions"
[parser-unknown-class] "Subitem", text="(2) The power of the Federal Court under this Part to grant an injunction requiring a person to d..."
[parser-unknown-class] "ItemHead", text="56  Other powers of the Federal Court unaffected"
[parser-unknown-class] "ActHead7", text="Part 8—Miscellaneous"
[parser-unknown-class] "ItemHead", text="58  Compensation for acquisition of property"
[parser-unknown-class] "SubitemHead", text="Part 2"
[parser-unknown-class] "Subitem", text="(1) If the operation of Part 2 would result in an acquisition of property from a person otherwise..."
[parser-unknown-class] "Subitem", text="(2) If the Commonwealth and the person do not agree on the amount of the compensation, the person..."
[parser-unknown-class] "SubitemHead", text="Payment of dividend, or return of capital, to the Commonwealth etc."
[parser-unknown-class] "Subitem", text="(3) If:"
[parser-unknown-class] "Subitem", text="(4) If the Commonwealth and the person do not agree on the amount of the compensation, the person..."
[parser-unknown-class] "SubitemHead", text="Item 20 or 57"
[parser-unknown-class] "Subitem", text="(5) If:"
[parser-unknown-class] "Subitem", text="(6) If Medibank Private and the person do not agree on the amount of the compensation, the person..."
[parser-unknown-class] "Subitem", text="(7) Medibank Private may make a payment from the Medibank Private fund for the purpose of paying ..."
[parser-unknown-class] "Subitem", text="(8) A payment, or a decision to make a payment, under subitem (7) does not contravene section 28 ..."
[parser-unknown-class] "SubitemHead", text="Definitions"
[parser-unknown-class] "Subitem", text="(9) In this item:"
[parser-unknown-class] "ItemHead", text="59  Delegation"
[parser-unknown-class] "ItemHead", text="60  Provision to attract the insurance power and the corporations power"
[parser-unknown-class] "ItemHead", text="61  Appropriation"
[parser-unknown-class] "ItemHead", text="62  Regulations"
[parser-unknown-class] "Subitem", text="(1) The Governor‑General may make regulations prescribing matters:"
[parser-unknown-class] "Subitem", text="(2) The regulations may make further provision in relation to the formulation, entering into, or ..."
[parser-unknown-class] "Subitem", text="(3) The regulations may prescribe matters of a transitional nature relating to the consequences o..."
[parser-unknown-class] "Subitem", text="(4) Subitems (2) and (3) do not, by implication, limit subitem (1)."
[parser-diag] processed 1172 <p> elements
[parser-diag] last section was added at element index: 118
[parser-diag] state phase at end: ENDNOTES
[parser-diag] hierarchy stack depth at end: 1
[parser-diag] insideSchedule at end: false
[parse] sections: 5
[parse] compilation: date=2023-10-20 no=13
[parse] by level:
         section      5
[db] inserted new legislation row: cb62ab3f-28b2-4e16-8bda-15ca0e95ef50
[db] inserting 5 sections (pass 1)
[db] inserted 5 sections
[db] linking parent FKs (pass 2)
[db] linked 0 parent references

[done] ingested Medibank Private Sale Act 2006
       legislation_id: cb62ab3f-28b2-4e16-8bda-15ca0e95ef50
       sections: 5
       compilation: 2023-10-20
