[fetch] document_1: https://www.legislation.gov.au/C2004A04028/2018-05-11/2018-05-11/text/original/epub/OEBPS/document_1/document_1.html
[fetch] document_1: 447,377 bytes
[fetch] document_2: https://www.legislation.gov.au/C2004A04028/2018-05-11/2018-05-11/text/original/epub/OEBPS/document_2/document_2.html
[fetch] document_2 not found — stopping. Fetched 1 document(s).
[fetch] combined 1 document(s), 447,377 source bytes → 444,731 combined bytes
[citation] Crimes (Traffic in Narcotic Drugs and Psychotropic Substances) Act 1990 (Cth)
[parse] starting
[parser-diag] total <p> elements found: 1634
[parser-diag] processed 1634 <p> elements
[parser-diag] last section was added at element index: 1369
[parser-diag] state phase at end: ENDNOTES
[parser-diag] hierarchy stack depth at end: 2
[parser-diag] insideSchedule at end: true
[parse] sections: 35
[parse] compilation: date=2018-05-11 no=8
[parse] by level:
         part         3
         section      27
         schedule     3
         schedule_part 2
[db] inserted new legislation row: 3694f6fd-51f2-403a-9718-cba991bf8152
[db] inserting 35 sections (pass 1)
[db] inserted 35 sections
[db] linking parent FKs (pass 2)
[db] linked 29 parent references

[done] ingested Crimes (Traffic in Narcotic Drugs and Psychotropic Substances) Act 1990
       legislation_id: 3694f6fd-51f2-403a-9718-cba991bf8152
       sections: 35
       compilation: 2018-05-11
