[fetch] document_1: https://www.legislation.gov.au/C2006A00146/2008-07-01/2008-07-01/text/original/epub/OEBPS/document_1/document_1.html
[fetch] document_1: 1,588,858 bytes
[fetch] document_2: https://www.legislation.gov.au/C2006A00146/2008-07-01/2008-07-01/text/original/epub/OEBPS/document_2/document_2.html
[fetch] document_2 not found — stopping. Fetched 1 document(s).
[fetch] combined 1 document(s), 1,588,858 source bytes → 1,586,535 combined bytes
[citation] Child Support Legislation Amendment (Reform of the Child Support Scheme—New Formula and Other Measures) Act 2006 (Cth)
[parse] starting
[parser-diag] total <p> elements found: 5177
[parser-unknown-class] "ActHead6", text="Schedule 1—The formulas (commencing on 1 July 2008)"
[parser-unknown-class] "ActHead9", text="Child Support (Assessment) Act 1989"
[parser-unknown-class] "ItemHead", text="1  Part 5"
[parser-unknown-class] "BoxStep", text="Step 1. Work out each parent’s child support income for the child for the day (see section 41)."
[parser-unknown-class] "BoxStep", text="Step 2. Work out the parents’ combined child support income for the child for the day (see sectio..."
[parser-unknown-class] "BoxStep", text="Step 3. Work out each parent’s income percentage for the child for the day (see section 55B)."
[parser-unknown-class] "BoxStep", text="Step 4. Work out each parent’s percentage of care for the child for the day (see section 48)."
[parser-unknown-class] "BoxStep", text="Step 5. Work out each parent’s cost percentage for the child for the day (see section 55C)."
[parser-unknown-class] "BoxStep", text="Step 6. Work out each parent’s child support percentage for the child for the day (see section 55D)."
[parser-unknown-class] "BoxStep", text="Step 7. Work out the costs of the child for the day (see sections 55G and 55H)."
[parser-unknown-class] "BoxStep", text="Step 8. If a parent has a positive child support percentage under step 6, the annual rate of chil..."
[parser-unknown-class] "BoxStep", text=""
[parser-unknown-class] "BoxStep", text="Step 1. Follow steps 1 to 8 in the method statement in section 35 for each parent."
[parser-unknown-class] "BoxStep", text="Step 2. Work out each parent’s multi‑case cap (if any) for the child for the day (see section 55E)."
[parser-unknown-class] "BoxStep", text="Step 3. If a parent has a positive child support percentage under step 6 of the method statement ..."
[parser-unknown-class] "BoxStep", text="Step 1. Work out the parent’s child support income for the day (see section 41) and double that i..."
[parser-unknown-class] "BoxStep", text="Step 2. Work out the parent’s percentage of care for the child for the day (see section 48)."
[parser-unknown-class] "BoxStep", text="Step 3. Work out the parent’s cost percentage for the child for the day (see section 55C)."
[parser-unknown-class] "BoxStep", text="Step 4. Work out the costs of the child for the day (see sections 55G and 55H), assuming, in appl..."
[parser-unknown-class] "BoxStep", text="Step 5. Work out the following rate:"
[parser-unknown-class] "BoxStep", text=""
[parser-unknown-class] "BoxStep", text="Step 6. If the parent is not assessed in respect of the costs of another child who is in another ..."
[parser-unknown-class] "BoxStep", text="Step 7. If the parent is assessed in respect of the costs of another child who is in another chil..."
[parser-unknown-class] "BoxStep", text="Step 8. The annual rate of child support payable by the parent for the child for the day is the l..."
[parser-unknown-class] "BoxStep", text="Step 9. If there is only one non‑parent carer who has a percentage of care for the child for the ..."
[parser-unknown-class] "BoxStep", text="Step 1. Work out the parent’s child support income for the day (see section 41)."
[parser-unknown-class] "BoxStep", text="Step 2. Work out the parent’s percentage of care for the child for the day (see section 48)."
[parser-unknown-class] "BoxStep", text="Step 3. Work out the parent’s cost percentage for the child for the day (see section 55C)."
[parser-unknown-class] "BoxStep", text="Step 4. Work out the costs of the child for the day (see sections 55G and 55H)."
[parser-unknown-class] "BoxStep", text="Step 5. Work out the following rate:"
[parser-unknown-class] "BoxStep", text=""
[parser-unknown-class] "BoxStep", text="Step 6. If the parent is not assessed in respect of the costs of another child who is in another ..."
[parser-unknown-class] "BoxStep", text="Step 7. If the parent is assessed in respect of the costs of another child who is in another chil..."
[parser-unknown-class] "BoxStep", text="Step 8. The annual rate of child support payable by the parent for the child for the day is the l..."
[parser-unknown-class] "BoxStep", text="Step 9. If there is only one non‑parent carer who has a percentage of care for the child for the ..."
[parser-unknown-class] "BoxStep", text="Step 1. Work out the difference between the parent’s adjusted taxable income for the child for th..."
[parser-unknown-class] "BoxStep", text="Step 2. Work out the parent’s percentage of care for the child for the day (see section 48)."
[parser-unknown-class] "BoxStep", text="Step 3. Work out the parent’s cost percentage for the child for the day (see section 55C)."
[parser-unknown-class] "BoxStep", text="Step 4. Work out the costs of the child for the day (see sections 55G and 55H) as if:"
[parser-unknown-class] "BoxStep", text="Step 5. Work out the following amount for the child for a day in the child support period:"
[parser-unknown-class] "BoxStep", text=""
[parser-unknown-class] "BoxStep", text="Step 1. Work out the following amount:"
[parser-unknown-class] "BoxStep", text=""
[parser-unknown-class] "BoxStep", text="Step 2. If the parent has a relevant dependent child, take the parent’s relevant dependent child ..."
[parser-unknown-class] "BoxStep", text="Step 3. Work out the costs of the children for the day for all children (the multi‑case children)..."
[parser-unknown-class] "BoxStep", text="Step 4. Work out the parent’s multi‑case child costs for the particular child for the day using t..."
[parser-unknown-class] "BoxStep", text=""
[parser-unknown-class] "BoxStep", text="Step 5. The parent’s multi‑case allowance for the particular child for the day is the following a..."
[parser-unknown-class] "BoxStep", text=""
[parser-unknown-class] "BoxStep", text="Step 1. Work out the length of the period (the remaining period):"
[parser-unknown-class] "BoxStep", text="Step 2. Estimate the amount that would be the parent’s adjusted taxable income for the remaining ..."
[parser-unknown-class] "BoxStep", text="Step 3. If the remaining period is shorter or longer than 12 months:"
[parser-unknown-class] "ItemHead", text="2  At the end of the Act"
[parser-unknown-class] "ActHead6", text="Schedule 2—Consequential amendments and application and saving provisions relating to the formulas"
[parser-unknown-class] "ActHead7", text="Part 1—Consequential amendments"
[parser-unknown-class] "ActHead9", text="A New Tax System (Family Assistance) Act 1999"
[parser-unknown-class] "ItemHead", text="1  Paragraph 2(1)(b) of Schedule 3"
[parser-unknown-class] "ItemHead", text="2  Clauses 4 and 5 of Schedule 3"
[parser-unknown-class] "ActHead9", text="Child Support (Assessment) Act 1989"
[parser-unknown-class] "ItemHead", text="3  Paragraph 4(2)(b)"
[parser-unknown-class] "ItemHead", text="4  Section 5"
[parser-unknown-class] "ItemHead", text="5  Section 5 (definition of adjusted income amount)"
[parser-unknown-class] "ItemHead", text="6  Section 5"
[parser-unknown-class] "ItemHead", text="7  Section 5"
[parser-unknown-class] "ItemHead", text="8  Section 5"
[parser-unknown-class] "ItemHead", text="9  Section 5 (definition of carer application)"
[parser-unknown-class] "ItemHead", text="10  Section 5 (definition of carer entitled to child support)"
[parser-unknown-class] "ItemHead", text="11  Section 5"
[parser-unknown-class] "ItemHead", text="12  Section 5"
[parser-unknown-class] "ItemHead", text="13  Section 5 (definition of child support income amount)"
[parser-unknown-class] "ItemHead", text="14  Section 5 (definition of child support percentage)"
[parser-unknown-class] "ItemHead", text="15  Section 5"
[parser-unknown-class] "ItemHead", text="16  Section 5"
[parser-unknown-class] "ItemHead", text="17  Section 5"
[parser-unknown-class] "ItemHead", text="18  Section 5"
[parser-unknown-class] "ItemHead", text="19  Section 5"
[parser-unknown-class] "ItemHead", text="20  Section 5 (definition of disregarded income amount)"
[parser-unknown-class] "ItemHead", text="21  Section 5 (definition of EAWE amount)"
[parser-unknown-class] "ItemHead", text="22  Section 5 (definition of exempted income amount)"
[parser-unknown-class] "ItemHead", text="23  Section 5"
[parser-unknown-class] "ItemHead", text="24  Section 5"
[parser-unknown-class] "ItemHead", text="25  Section 5"
[parser-unknown-class] "ItemHead", text="26  Section 5"
[parser-unknown-class] "ItemHead", text="27  Section 5 (definition of index number)"
[parser-unknown-class] "ItemHead", text="28  Section 5 (definition of last day)"
[parser-unknown-class] "ItemHead", text="29  Section 5 (definition of last relevant year of income)"
[parser-unknown-class] "ItemHead", text="30  Section 5 (definition of liable parent)"
[parser-unknown-class] "ItemHead", text="31  Section 5 (definition of liable parent application)"
[parser-unknown-class] "ItemHead", text="32  Section 5 (definition of major care)"
[parser-unknown-class] "ItemHead", text="33  Section 5 (definition of minimum annual rate of child support)"
[parser-unknown-class] "ItemHead", text="34  Section 5"
[parser-unknown-class] "ItemHead", text="35  Section 5"
[parser-unknown-class] "ItemHead", text="36  Section 5"
[parser-unknown-class] "ItemHead", text="37  Section 5"
[parser-unknown-class] "ItemHead", text="38  Section 5"
[parser-unknown-class] "ItemHead", text="39  Section 5"
[parser-unknown-class] "ItemHead", text="40  Section 5"
[parser-unknown-class] "ItemHead", text="41  Section 5"
[parser-unknown-class] "ItemHead", text="42  Section 5"
[parser-unknown-class] "ItemHead", text="43  Section 5 (definition of relevant dependent child)"
[parser-unknown-class] "ItemHead", text="44  Section 5"
[parser-unknown-class] "ItemHead", text="45  Section 5 (definition of relevant partnered rate of Social Security pension)"
[parser-unknown-class] "ItemHead", text="46  Section 5"
[parser-unknown-class] "ItemHead", text="47  Section 5 (definition of relevant unpartnered rate of Social Security pension)"
[parser-unknown-class] "ItemHead", text="48  Section 5"
[parser-unknown-class] "ItemHead", text="49  Section 5"
[parser-unknown-class] "ItemHead", text="50  Section 5"
[parser-unknown-class] "ItemHead", text="51  Section 5 (definition of shared care child)"
[parser-unknown-class] "ItemHead", text="52  Section 5 (definition of shared ongoing daily care)"
[parser-unknown-class] "ItemHead", text="53  Section 5 (definition of substantial care)"
[parser-unknown-class] "ItemHead", text="54  Section 5 (definition of supplementary amount)"
[parser-unknown-class] "ItemHead", text="55  Section 5"
[parser-unknown-class] "ItemHead", text="56  Section 5"
[parser-unknown-class] "ItemHead", text="57  Section 5"
[parser-unknown-class] "ItemHead", text="58  Section 5 (definition of yearly equivalent of the EAWE amount)"
[parser-unknown-class] "ItemHead", text="59  At the end of section 5"
[parser-unknown-class] "ItemHead", text="60  After section 5"
[parser-unknown-class] "ItemHead", text="61  Subsections 7A(2) and (3)"
[parser-unknown-class] "ItemHead", text="62  Subsection 7B(1)"
[parser-unknown-class] "ItemHead", text="63  Sections 8 and 8A"
[parser-unknown-class] "ItemHead", text="64  Paragraph 23(b)"
[parser-unknown-class] "ItemHead", text="65  Paragraph 23(c)"
[parser-unknown-class] "ItemHead", text="66  Sections 25 to 26A"
[parser-unknown-class] "ItemHead", text="67  Subsection 28(1)"
[parser-unknown-class] "ItemHead", text="68  At the end of subsection 28(1)"
[parser-unknown-class] "ItemHead", text="69  Subsection 28(2)"
[parser-unknown-class] "ItemHead", text="70  Subsection 29(2)"
[parser-unknown-class] "ItemHead", text="71  After section 29"
[parser-unknown-class] "ItemHead", text="72  Section 31"
[parser-unknown-class] "ItemHead", text="73  Subsections 33(2) and (3)"
[parser-unknown-class] "ItemHead", text="74  Section 34"
[parser-unknown-class] "ItemHead", text="75  Section 34A"
[parser-unknown-class] "ItemHead", text="76  Section 34C"
[parser-unknown-class] "ItemHead", text="77  Paragraphs 83(1)(a) and (b)"
[parser-unknown-class] "ItemHead", text="78  Subsection 98S(1)"
[parser-unknown-class] "ItemHead", text="79  Section 98SA"
[parser-unknown-class] "ItemHead", text="80  Section 106A"
[parser-unknown-class] "ItemHead", text="81  Subsection 107(1)"
[parser-unknown-class] "ItemHead", text="82  Subsection 107(3)"
[parser-unknown-class] "ItemHead", text="83  Subsection 107(4)"
[parser-unknown-class] "ItemHead", text="84  Paragraph 117(3B)(a)"
[parser-unknown-class] "ItemHead", text="85  Subsection 118(1)"
[parser-unknown-class] "ItemHead", text="86  Subsection 139(1)"
[parser-unknown-class] "ItemHead", text="87  Subparagraph 139(2A)(d)(ii)"
[parser-unknown-class] "ItemHead", text="88  Paragraph 139(2A)(d)"
[parser-unknown-class] "ItemHead", text="89  Subsection 139(3)"
[parser-unknown-class] "ItemHead", text="90  Paragraphs 150B(1)(b) and (c)"
[parser-unknown-class] "ItemHead", text="91  Subsection 150C(1) (note)"
[parser-unknown-class] "ItemHead", text="92  After subsection 151B(1)"
[parser-unknown-class] "ItemHead", text="93  Paragraph 151B(2)(b)"
[parser-unknown-class] "ItemHead", text="94  Paragraph 151C(2)(b)"
[parser-unknown-class] "ItemHead", text="95  Subsections 151D(1) and (3)"
[parser-unknown-class] "ItemHead", text="96  After section 151D"
[parser-unknown-class] "ItemHead", text="97  After section 153"
[parser-unknown-class] "ItemHead", text="98  Sections 154 and 155"
[parser-unknown-class] "ActHead9", text="Child Support (Registration and Collection) Act 1988"
[parser-unknown-class] "ItemHead", text="99  Subsection 4(1)"
[parser-unknown-class] "ItemHead", text="100  Subparagraphs 17(1)(a)(i) and (ii)"
[parser-unknown-class] "ItemHead", text="101  Paragraph 24A(2)(c)"
[parser-unknown-class] "ItemHead", text="102  Subparagraph 79B(1)(a)(iii)"
[parser-unknown-class] "ItemHead", text="103  Subsection 80(5)"
[parser-unknown-class] "Specialih", text="104  Subsection 85(1) (table item 4)"
[parser-unknown-class] "ItemHead", text="105  Paragraph 101(3)(b)"
[parser-unknown-class] "ItemHead", text="106  Paragraph 102(2)(b)"
[parser-unknown-class] "ItemHead", text="107  Paragraph 103H(b)"
[parser-unknown-class] "ItemHead", text="108  After section 103V"
[parser-unknown-class] "ItemHead", text="109  At the end of paragraph 103X(1)(a)"
[parser-unknown-class] "ItemHead", text="110  Subsection 103X(2)"
[parser-unknown-class] "ActHead9", text="Family Law Act 1975"
[parser-unknown-class] "ItemHead", text="111  Subsection 63G(5)"
[parser-unknown-class] "ItemHead", text="112  Subsection 66E(1)"
[parser-unknown-class] "ItemHead", text="113  Subsection 66SA(1)"
[parser-unknown-class] "Specialih", text="114  Paragraph 86(3B)(c)"
[parser-unknown-class] "Specialih", text="114A  Paragraph 87(4D)(c)"
[parser-unknown-class] "ActHead7", text="Part 2—Application and saving provisions"
[parser-unknown-class] "ItemHead", text="115  Application"
[parser-unknown-class] "Subitem", text="(1) The amendments made by Schedule 1 to this Act, and this Schedule (other than items 1 and 2 an..."
[parser-unknown-class] "Subitem", text="(2) The amounts referred to in subsections 65A(2) and 66(5) of the Assessment Act (as inserted by..."
[parser-unknown-class] "ItemHead", text="116  Application"
[parser-unknown-class] "Specialih", text="116A  Application"
[parser-unknown-class] "ItemHead", text="117  Saving assessments etc."
[parser-unknown-class] "Subitem", text="(1) The amendments made by Schedule 1 do not affect the continuity of:"
[parser-unknown-class] "Subitem", text="(2) For the purposes of the Assessment Act, if an election made by a person under section 60 of t..."
[parser-unknown-class] "Subitem", text="(3) For the purposes of the Assessment Act, if the Registrar has acted on the basis of a determin..."
[parser-unknown-class] "ItemHead", text="118  Requirement to publish annualised MTAWE figure"
[parser-unknown-class] "Subitem", text="(1) Before 1 July 2008, the Registrar must publish in the Gazette the annual rate of child suppor..."
[parser-unknown-class] "Subitem", text="(2) Before 1 July 2008, the Secretary must publish in the Gazette for all child support periods t..."
[parser-unknown-class] "Subitem", text="(3) The instruments published under subitems (1) and (2) are not legislative instruments."
[parser-unknown-class] "ActHead6", text="Schedule 3—SSAT review of child support decisions (commencing on 1 January 2007)"
[parser-unknown-class] "ActHead7", text="Part 1—Amendments"
[parser-unknown-class] "ActHead9", text="Child Support (Assessment) Act 1989"
[parser-unknown-class] "ItemHead", text="1  Section 5"
[parser-unknown-class] "ItemHead", text="2  Section 5"
[parser-unknown-class] "ItemHead", text="3  Section 33"
[parser-unknown-class] "ItemHead", text="4  Subsection 34(2)"
[parser-unknown-class] "ItemHead", text="5  Subsection 60A(3)"
[parser-unknown-class] "ItemHead", text="6  Subsection 60B(2)"
[parser-unknown-class] "ItemHead", text="7  Subsection 64A(6)"
[parser-unknown-class] "ItemHead", text="8  Subsection 66C(2)"
[parser-unknown-class] "ItemHead", text="9  Subsection 70(1)"
[parser-unknown-class] "ItemHead", text="10  Section 72"
[parser-unknown-class] "ItemHead", text="11  Subparagraph 76(3)(a)(i)"
[parser-unknown-class] "ItemHead", text="12  Subparagraph 76(3)(a)(ii)"
[parser-unknown-class] "ItemHead", text="13  Subsection 96(2)"
[parser-unknown-class] "ItemHead", text="14  Section 98JA"
[parser-unknown-class] "ItemHead", text="15  At the end of Division 3 of Part 6A"
[parser-unknown-class] "ItemHead", text="16  Part 6B"
[parser-unknown-class] "ItemHead", text="17  Part 7 (heading)"
[parser-unknown-class] "ItemHead", text="18  Before Division 1 of Part 7"
[parser-unknown-class] "ItemHead", text="19  Division 1 of Part 7 (heading)"
[parser-unknown-class] "ItemHead", text="20  Before section 99"
[parser-unknown-class] "ItemHead", text="21  Division 2 of Part 7 (heading)"
[parser-unknown-class] "ItemHead", text="22  Sections 106 and 106A"
[parser-unknown-class] "ItemHead", text="23  At the end of subsection 107(1)"
[parser-unknown-class] "ItemHead", text="24  Subsections 107(1A) and (1B)"
[parser-unknown-class] "ItemHead", text="25  Subsection 107(4)"
[parser-unknown-class] "ItemHead", text="26  Paragraph 109(2)(b)"
[parser-unknown-class] "ItemHead", text="27  Division 6 of Part 7 (heading)"
[parser-unknown-class] "ItemHead", text="28  Subdivision A of Division 6 of Part 7"
[parser-unknown-class] "ItemHead", text="29  Subdivision B of Division 6 of Part 7 (heading)"
[parser-unknown-class] "ItemHead", text="30  Before section 136"
[parser-unknown-class] "ItemHead", text="31  Section 138"
[parser-unknown-class] "ItemHead", text="32  Before section 139"
[parser-unknown-class] "ItemHead", text="33  Paragraph 139(2A)(d)"
[parser-unknown-class] "ItemHead", text="34  Subsection 139(2B)"
[parser-unknown-class] "ItemHead", text="35  Before section 141"
[parser-unknown-class] "ItemHead", text="36  Before section 144"
[parser-unknown-class] "ItemHead", text="37  Subsection 151C(5)"
[parser-unknown-class] "ActHead9", text="Child Support (Registration and Collection) Act 1988"
[parser-unknown-class] "ItemHead", text="38  Title"
[parser-unknown-class] "ItemHead", text="39  Subsection 4(1)"
[parser-unknown-class] "ItemHead", text="40  Subsection 4(1)"
[parser-unknown-class] "ItemHead", text="41  Subsection 4(1)"
[parser-unknown-class] "ItemHead", text="42  Subsection 4(1) (at the end of paragraphs (a) to (bb) of the definition of appealable refusal..."
[parser-unknown-class] "ItemHead", text="43  Subsection 4(1) (paragraph (c) of the definition of appealable refusal decision)"
[parser-unknown-class] "ItemHead", text="44  Subsection 4(1) (at the end of paragraph (c) of the definition of appealable refusal decision)"
[parser-unknown-class] "ItemHead", text="45  Subsection 4(1) (paragraphs (d) and (e) of the definition of appealable refusal decision)"
[parser-unknown-class] "ItemHead", text="46  Subsection 4(1)"
[parser-unknown-class] "ItemHead", text="47  Subsection 4(1) (paragraph (a) of the definition of court order)"
[parser-unknown-class] "ItemHead", text="48  Subsection 4(1)"
[parser-unknown-class] "ItemHead", text="49  Subsection 4(1)"
[parser-unknown-class] "ItemHead", text="50  Subsection 4(1)"
[parser-unknown-class] "ItemHead", text="51  Subsection 4(1)"
[parser-unknown-class] "ItemHead", text="52  Subsection 4(1)"
[parser-unknown-class] "ItemHead", text="53  Subsection 4(1)"
[parser-unknown-class] "ItemHead", text="54  Subsection 4(1) (definition of Tribunal)"
[parser-unknown-class] "ItemHead", text="55  Paragraph 4(4)(a)"
[parser-unknown-class] "ItemHead", text="56  Subsection 7(3)"
[parser-unknown-class] "ItemHead", text="57  Subsection 7(3)"
[parser-unknown-class] "ItemHead", text="58  Paragraphs 23(1)(a), 33(1)(a), 37(a)"
[parser-unknown-class] "ItemHead", text="59  At the end of Part III"
[parser-unknown-class] "ItemHead", text="60  Subsection 54(3)"
[parser-unknown-class] "ItemHead", text="61  Section 68"
[parser-unknown-class] "ItemHead", text="62  At the end of paragraph 68(a)"
[parser-unknown-class] "ItemHead", text="63  At the end of subparagraph 68(b)(i)"
[parser-unknown-class] "ItemHead", text="64  At the end of section 68"
[parser-unknown-class] "ItemHead", text="65  After section 71D"
[parser-unknown-class] "ItemHead", text="66  Subsection 76(1)"
[parser-unknown-class] "ItemHead", text="67  Before section 79A"
[parser-unknown-class] "ItemHead", text="68  Section 79A"
[parser-unknown-class] "ItemHead", text="69  Part VII"
[parser-unknown-class] "ItemHead", text="70  Part VIII (heading)"
[parser-unknown-class] "ItemHead", text="71  Before section 104"
[parser-unknown-class] "ItemHead", text="72  At the end of Part VIII"
[parser-unknown-class] "ItemHead", text="73  After Part VIII"
[parser-unknown-class] "ItemHead", text="74  Subsection 116(1)"
[parser-unknown-class] "ActHead9", text="Family Law Act 1975"
[parser-unknown-class] "ItemHead", text="75  At the end of subsection 69B(2)"
[parser-unknown-class] "ActHead9", text="Social Security (Administration) Act 1999"
[parser-unknown-class] "ItemHead", text="76  Clause 20 of Schedule 3"
[parser-unknown-class] "ActHead7", text="Part 2—Application provisions"
[parser-unknown-class] "ItemHead", text="77  Application—review of decisions"
[parser-unknown-class] "SubitemHead", text="Decisions of the Registrar—internal review pending or not yet started at commencement"
[parser-unknown-class] "Subitem", text="(1) Subject to subitem (3), Part VII (internal review) of the Registration and Collection Act (as..."
[parser-unknown-class] "Subitem", text="(2) Part VIIA (SSAT review) of the Registration and Collection Act (as inserted by this Schedule)..."
[parser-unknown-class] "SubitemHead", text="Decisions of the Registrar—internal review completed before commencement"
[parser-unknown-class] "Subitem", text="(3) If, before the commencement of this item:"
[parser-unknown-class] "SubitemHead", text="Pending proceedings—internal reviews"
[parser-unknown-class] "Subitem", text="(4) A proceeding before the Registrar that, immediately before the commencement of this item, was..."
[parser-unknown-class] "Subitem", text="(5) The Assessment Act and the Registration and Collection Act, as in force immediately before th..."
[parser-unknown-class] "SubitemHead", text="Pending proceedings—court and AAT reviews"
[parser-unknown-class] "Subitem", text="(6) The amendments of the Assessment Act and the Registration and Collection Act made by this Sch..."
[parser-unknown-class] "Subitem", text="(7) The amendments of the Assessment Act made by items 5, 9 and 10 of this Schedule do not apply ..."
[parser-unknown-class] "ItemHead", text="78  Application and saving—notices"
[parser-unknown-class] "Subitem", text="(1) The amendments of the Assessment Act made by items 3, 4, 6, 7, 8, 11, 12, 13, 14 and 37 of th..."
[parser-unknown-class] "Subitem", text="(2) The amendments of the Registration and Collection Act made by items 59, 60, 64 and 65 of this..."
[parser-unknown-class] "Subitem", text="(3) The amendments of the Assessment Act and the Registration and Collection Act made by this Sch..."
[parser-unknown-class] "ItemHead", text="79  Application—section 110X of the Registration and Collection Act"
[parser-unknown-class] "ItemHead", text="80  Application of amendments in relation to Western Australian exnuptial children"
[parser-unknown-class] "ActHead6", text="Schedule 4—Other amendments commencing on 1 January 2007"
[parser-unknown-class] "ActHead7", text="Part 1—Amendments"
[parser-unknown-class] "ActHead9", text="Child Support (Assessment) Act 1989"
[parser-unknown-class] "ItemHead", text="1  Paragraph 76(3)(aa)"
[parser-unknown-class] "ItemHead", text="2  Paragraph 76(3)(b)"
[parser-unknown-class] "ItemHead", text="3   Part 6A (heading)"
[parser-unknown-class] "ItemHead", text="4  Division 1 of Part 6A"
[parser-unknown-class] "ItemHead", text="5  Subsection 98B(1) (note)"
[parser-unknown-class] "ItemHead", text="6  At the end of subsection 98B(1)"
[parser-unknown-class] "ItemHead", text="7  Subsection 98K(1) (note)"
[parser-unknown-class] "ItemHead", text="8  At the end of subsection 98K(1)"
[parser-unknown-class] "ItemHead", text="9  Subsection 98S(1)"
[parser-unknown-class] "ItemHead", text="10  At the end of subsection 98S(1)"
[parser-unknown-class] "ItemHead", text="11  After subsection 98S(3A)"
[parser-unknown-class] "ItemHead", text="12  At the end of Division 4 of Part 6A"
[parser-unknown-class] "ItemHead", text="13  At the end of section 107"
[parser-unknown-class] "ItemHead", text="14  Division 3 of Part 7"
[parser-unknown-class] "ItemHead", text="15  Division 4 of Part 7 (heading)"
[parser-unknown-class] "ItemHead", text="16  Before section 114"
[parser-unknown-class] "ItemHead", text="17  Section 115"
[parser-unknown-class] "ItemHead", text="18  Subsections 116(1), (1A) and (1B)"
[parser-unknown-class] "ItemHead", text="19  After subsection 118(2A)"
[parser-unknown-class] "ItemHead", text="20  Subsection 123(3)"
[parser-unknown-class] "ItemHead", text="21  After paragraph 124(2)(a)"
[parser-unknown-class] "ItemHead", text="22  Paragraph 124(2)(b)"
[parser-unknown-class] "ItemHead", text="23  After subsection 143(3)"
[parser-unknown-class] "ActHead9", text="Child Support (Registration and Collection) Act 1988"
[parser-unknown-class] "ItemHead", text="24  Subsection 4(1) (definition of registrable maintenance liability)"
[parser-unknown-class] "ItemHead", text="25  After section 17"
[parser-unknown-class] "ItemHead", text="26  Paragraph 19(2)(a)"
[parser-unknown-class] "ItemHead", text="27  Subsection 30(3)"
[parser-unknown-class] "ItemHead", text="28  After subsection 37B(7)"
[parser-unknown-class] "ItemHead", text="29  Section 70"
[parser-unknown-class] "ItemHead", text="30  At the end of section 70"
[parser-unknown-class] "ItemHead", text="31  Paragraph 71AA(1)(a)"
[parser-unknown-class] "ItemHead", text="32  Paragraphs 71AA(1)(b) and (c)"
[parser-unknown-class] "ItemHead", text="33  Paragraph 72D(1)(c)"
[parser-unknown-class] "ItemHead", text="34  Subsection 72D(2)"
[parser-unknown-class] "ItemHead", text="35  Paragraph 72E(a)"
[parser-unknown-class] "ItemHead", text="36  Before Part IX"
[parser-unknown-class] "ItemHead", text="37  Subsection 113(1)"
[parser-unknown-class] "ItemHead", text="38  Subsection 113(2)"
[parser-unknown-class] "ItemHead", text="39  After section 113"
[parser-unknown-class] "ItemHead", text="40  After subsection 120(1)"
[parser-unknown-class] "ItemHead", text="41  Subsection 120(3)"
[parser-unknown-class] "ActHead7", text="Part 2—Application provisions"
[parser-unknown-class] "ItemHead", text="42  Application"
[parser-unknown-class] "ItemHead", text="43  Application"
[parser-unknown-class] "ItemHead", text="44  Application"
[parser-unknown-class] "ItemHead", text="45  Application"
[parser-unknown-class] "ItemHead", text="46  Application of amendments in relation to Western Australian exnuptial children"
[parser-unknown-class] "ActHead6", text="Schedule 5—Amendments relating to child support agreements and court orders (commencing on 1 July..."
[parser-unknown-class] "ActHead7", text="Part 1—Main amendments"
[parser-unknown-class] "ActHead8", text="Division 1—Binding and limited child support agreements"
[parser-unknown-class] "ActHead9", text="Child Support (Assessment) Act 1989"
[parser-unknown-class] "ItemHead", text="1  Section 5"
[parser-unknown-class] "ItemHead", text="2  Section 5"
[parser-unknown-class] "ItemHead", text="3  Section 5"
[parser-unknown-class] "ItemHead", text="4  Section 34B"
[parser-unknown-class] "ItemHead", text="5  Division 1 of Part 6"
[parser-unknown-class] "ItemHead", text="6  Section 81"
[parser-unknown-class] "ItemHead", text="7  Section 85"
[parser-unknown-class] "ItemHead", text="8  Paragraph 88(a)"
[parser-unknown-class] "ItemHead", text="9  Subsection 89(1)"
[parser-unknown-class] "ItemHead", text="10  Subsection 89(4)"
[parser-unknown-class] "ItemHead", text="11  Section 91"
[parser-unknown-class] "ItemHead", text="12  Section 91A"
[parser-unknown-class] "ItemHead", text="13  Subsections 92(3) and (4)"
[parser-unknown-class] "ItemHead", text="14  Paragraph 93(1)(g)"
[parser-unknown-class] "ItemHead", text="15  Subsection 93(2)"
[parser-unknown-class] "ItemHead", text="16  Subsection 93(2) (note)"
[parser-unknown-class] "ItemHead", text="17  Section 94"
[parser-unknown-class] "ItemHead", text="18  Division 6 of Part 6"
[parser-unknown-class] "ItemHead", text="19  Paragraph 98U(4)(a)"
[parser-unknown-class] "ItemHead", text="20  Section 98W"
[parser-unknown-class] "ItemHead", text="21  At the end of subsection 116(1)"
[parser-unknown-class] "ItemHead", text="22  Paragraph 124(2)(c)"
[parser-unknown-class] "ItemHead", text="23  Paragraph 124(2)(d)"
[parser-unknown-class] "ItemHead", text="24  Section 128"
[parser-unknown-class] "ItemHead", text="25  Paragraph 129(3)(b)"
[parser-unknown-class] "ItemHead", text="26  Subsection 129(8)"
[parser-unknown-class] "ItemHead", text="27  Section 135"
[parser-unknown-class] "ItemHead", text="28  Section 136"
[parser-unknown-class] "ItemHead", text="29  Subsection 137(1)"
[parser-unknown-class] "ActHead8", text="Division 2—Lump sum payments"
[parser-unknown-class] "ActHead9", text="A New Tax System (Family Assistance) Act 1999"
[parser-unknown-class] "ItemHead", text="30  Subparagraphs 8(5)(b)(i) and (ii) of Schedule 3"
[parser-unknown-class] "ActHead9", text="Child Support (Assessment) Act 1989"
[parser-unknown-class] "ItemHead", text="31  Subsection 5(1)"
[parser-unknown-class] "ItemHead", text="32  Subsection 5(1)"
[parser-unknown-class] "ItemHead", text="33  Subsection 5(1)"
[parser-unknown-class] "ItemHead", text="34  After paragraph 76(2)(g)"
[parser-unknown-class] "ItemHead", text="35  After paragraph 76(3)(c)"
[parser-unknown-class] "ItemHead", text="36  Section 78"
[parser-unknown-class] "ItemHead", text="37  At the end of section 78"
[parser-unknown-class] "ItemHead", text="38  Section 84"
[parser-unknown-class] "ItemHead", text="39  Subsections 95(3) and (4)"
[parser-unknown-class] "ItemHead", text="40  At the end of section 96"
[parser-unknown-class] "ItemHead", text="41  Subsection 123(1)"
[parser-unknown-class] "ItemHead", text="42  Subsection 123(2)"
[parser-unknown-class] "ItemHead", text="43  After section 123"
[parser-unknown-class] "ItemHead", text="44  Paragraph 124(1)(a)"
[parser-unknown-class] "ItemHead", text="45  Subsections 125(1), (2) and (3)"
[parser-unknown-class] "ItemHead", text="46  Subsection 126(1)"
[parser-unknown-class] "ItemHead", text="47  Subparagraph 126(1)(a)(ii)"
[parser-unknown-class] "ItemHead", text="48  Subsection 127(1)"
[parser-unknown-class] "ItemHead", text="49  Subsection 129(1)"
[parser-unknown-class] "ItemHead", text="50  Paragraph 129(1)(f)"
[parser-unknown-class] "ItemHead", text="51  Subsection 129(2)"
[parser-unknown-class] "ItemHead", text="52  Subsection 129(4)"
[parser-unknown-class] "ItemHead", text="53  Subparagraph 130(1)(a)(ii)"
[parser-unknown-class] "ItemHead", text="54  Subsection 131(1)"
[parser-unknown-class] "ActHead9", text="Child Support (Registration and Collection) Act 1988"
[parser-unknown-class] "ItemHead", text="55  Subsection 4(1)"
[parser-unknown-class] "ItemHead", text="56  Subsection 4(1)"
[parser-unknown-class] "ItemHead", text="57  At the end of section 66"
[parser-unknown-class] "ItemHead", text="58  After section 69"
[parser-unknown-class] "ActHead8", text="Division 3—Notional assessments"
[parser-unknown-class] "ActHead9", text="A New Tax System (Family Assistance) Act 1999"
[parser-unknown-class] "ItemHead", text="59  Subsection 3(1) (definition of capitalised maintenance income)"
[parser-unknown-class] "ItemHead", text="60  Subsection 3(1)"
[parser-unknown-class] "ItemHead", text="61  Subsection 3(1) (paragraph (a) of the definition of maintenance income)"
[parser-unknown-class] "ItemHead", text="62  Subsection 3(1)"
[parser-unknown-class] "ItemHead", text="63  After clause 20A of Schedule 1"
[parser-unknown-class] "ActHead9", text="Child Support (Assessment) Act 1989"
[parser-unknown-class] "ItemHead", text="64  Subsection 5(1)"
[parser-unknown-class] "ItemHead", text="65  Subsection 5(1)"
[parser-unknown-class] "ItemHead", text="66  Subsection 34B(1) (note)"
[parser-unknown-class] "ItemHead", text="67  At the end of subsection 34B(1)"
[parser-unknown-class] "ItemHead", text="68  Subsection 93(2) (note)"
[parser-unknown-class] "ItemHead", text="69  At the end of subsection 93(2)"
[parser-unknown-class] "ItemHead", text="70  At the end of subsection 125(1)"
[parser-unknown-class] "ItemHead", text="71  After Part 7"
[parser-unknown-class] "ActHead9", text="Child Support (Registration and Collection) Act 1988"
[parser-unknown-class] "ItemHead", text="72  Subsection 80(1) (after table item 14)"
[parser-unknown-class] "ActHead7", text="Part 2—Application and transitional provisions"
[parser-unknown-class] "Specialih", text="73  Application of amendments in relation to child support agreements"
[parser-unknown-class] "Subitem", text="(1) The amendments made by this Schedule (other than item 58) apply (subject to subitems (2) and ..."
[parser-unknown-class] "SubitemHead", text="Child support agreements that span 1 July 2008"
[parser-unknown-class] "Subitem", text="(2) If the agreement period for a child support agreement covered by subitem (1) begins before 1 ..."
[parser-unknown-class] "Subitem", text="(3) If a child support agreement is taken to be 2 separate agreements under subitem (2), then the..."
[parser-unknown-class] "Subitem", text="(4) The Registrar or a court may make different decisions, or take different actions, in relation..."
[parser-unknown-class] "SubitemHead", text="Effect of old law continues in certain cases"
[parser-unknown-class] "Subitem", text="(5) To avoid doubt, if:"
[parser-unknown-class] "SubitemHead", text="Definition of agreement period"
[parser-unknown-class] "Subitem", text="(6) In this item:"
[parser-unknown-class] "Specialih", text="73A  Application of amendments in relation to court orders"
[parser-unknown-class] "Subitem", text="(1) The amendments made by this Schedule (other than item 58) apply (subject to subitem (2)) in r..."
[parser-unknown-class] "SubitemHead", text="Applications that span 1 July 2008"
[parser-unknown-class] "Subitem", text="(2) If the application relates to a period that begins on a day (the first day) before 1 July 200..."
[parser-unknown-class] "Subitem", text="(3) A court may, in response to an application, make different orders for:"
[parser-unknown-class] "Subitem", text="(4) The Registrar may make different decisions, and take different actions, in relation to differ..."
[parser-unknown-class] "SubitemHead", text="Effect of old law continues in certain cases"
[parser-unknown-class] "Subitem", text="(5) To avoid doubt, if:"
[parser-unknown-class] "ItemHead", text="74  Registrar to review all agreements"
[parser-unknown-class] "Subitem", text="(1) Before 1 July 2008, the Registrar must:"
[parser-unknown-class] "Subitem", text="(2) If, in accordance with subitem 73(5), the Registrar accepts a child support agreement on or a..."
[parser-unknown-class] "Subitem", text="(3) After the Registrar makes a determination under subitem (1) or (2), the Registrar must serve ..."
[parser-unknown-class] "Subitem", text="(4) The notice must include, or be accompanied by, a statement to the effect:"
[parser-unknown-class] "Subitem", text="(5) A contravention of subitem (4) in relation to a decision does not affect the validity of the ..."
[parser-unknown-class] "Subitem", text="(6) The Registration and Collection Act (as amended by Schedule 3 of this Act) applies as if the ..."
[parser-unknown-class] "ItemHead", text="75  Effect of determinations"
[parser-unknown-class] "SubitemHead", text="Effect of determinations"
[parser-unknown-class] "Subitem", text="(1) If the Registrar makes a determination under subparagraph 74(1)(b)(i) or (2)(b)(i), then, for..."
[parser-unknown-class] "Subitem", text="(2) If the Registrar makes a determination under subparagraph 74(1)(b)(ii) or (2)(b)(ii), then, f..."
[parser-unknown-class] "Subitem", text="(3) Subitems (1) and (2) do not affect the operation of provisions in an agreement that do not ha..."
[parser-unknown-class] "SubitemHead", text="When determinations take effect"
[parser-unknown-class] "Subitem", text="(4) For the purposes of subitems (1) and (2), the following time is specified:"
[parser-unknown-class] "Subitem", text="(5) For the purposes of subparagraph (4)(b)(i), a decision of the Registrar becomes final at the ..."
[parser-unknown-class] "SubitemHead", text="Terminating deemed binding child support agreements"
[parser-unknown-class] "Subitem", text="(6) In addition to section 80D of the Assessment Act (as inserted by this Schedule), an agreement..."
[parser-unknown-class] "ItemHead", text="76  Delegation"
[parser-unknown-class] "Subitem", text="(1) The Registrar may, by writing, delegate all or any of his or her powers and functions under i..."
[parser-unknown-class] "Subitem", text="(2) In exercising powers or functions under a delegation, the delegate must comply with any direc..."
[parser-unknown-class] "ItemHead", text="77  Application"
[parser-unknown-class] "ActHead7", text="Part 3—Consequential amendments"
[parser-unknown-class] "ActHead9", text="A New Tax System (Family Assistance) (Administration) Act 1999"
[parser-unknown-class] "ItemHead", text="78  Subsection 104(1)"
[parser-unknown-class] "ItemHead", text="79  Subsection 104(2)"
[parser-unknown-class] "ItemHead", text="80  Subsection 106(3)"
[parser-unknown-class] "ItemHead", text="81  Subsection 108(1)"
[parser-unknown-class] "ItemHead", text="82  Section 109"
[parser-unknown-class] "ItemHead", text="83  Subsection 109B(3)"
[parser-unknown-class] "ItemHead", text="84  Subsection 111(1B)"
[parser-unknown-class] "ItemHead", text="85  Subsection 118(2A)"
[parser-unknown-class] "ItemHead", text="86  Subsection 122(4)"
[parser-unknown-class] "ItemHead", text="87  Paragraph 139(1)(a)"
[parser-unknown-class] "ItemHead", text="88  Paragraph 139(5)(aa)"
[parser-unknown-class] "ItemHead", text="89  Subsection 142(5)"
[parser-unknown-class] "ActHead9", text="Social Security Act 1991"
[parser-unknown-class] "ItemHead", text="90  Subsection 23(1) (definition of officer)"
[parser-unknown-class] "ActHead6", text="Schedule 6—Amendments relating to departure orders (commencing on 1 July 2008)"
[parser-unknown-class] "ActHead7", text="Part 1—Amendments"
[parser-unknown-class] "ActHead9", text="Child Support (Assessment) Act 1989"
[parser-unknown-class] "ItemHead", text="3  Subsection 98S(3A)"
[parser-unknown-class] "ItemHead", text="5  After paragraph 117(2)(a)"
[parser-unknown-class] "ItemHead", text="6  Subparagraph 117(2)(c)(ii)"
[parser-unknown-class] "ItemHead", text="7  Subparagraphs 117(2)(c)(iii) and (iv)"
[parser-unknown-class] "ItemHead", text="8  Subsection 117(2) (note)"
[parser-unknown-class] "ItemHead", text="9  Subsection 117(3)"
[parser-unknown-class] "ItemHead", text="10  Section 117A"
[parser-unknown-class] "ItemHead", text="11  Subsection 118(2A)"
[parser-unknown-class] "ActHead7", text="Part 2—Application provision"
[parser-unknown-class] "ItemHead", text="12  Application"
[parser-unknown-class] "ActHead6", text="Schedule 7—Other amendments commencing on 1 July 2008"
[parser-unknown-class] "ActHead7", text="Part 1—Amendments"
[parser-unknown-class] "ActHead9", text="Child Support (Assessment) Act 1989"
[parser-unknown-class] "ItemHead", text="1  At the end of section 12"
[parser-unknown-class] "ItemHead", text="2  Before section 151"
[parser-unknown-class] "ActHead9", text="Child Support (Registration and Collection) Act 1988"
[parser-unknown-class] "ItemHead", text="3  Subsection 39(5)"
[parser-unknown-class] "ItemHead", text="4  Section 71A"
[parser-unknown-class] "ItemHead", text="5  Section 71A"
[parser-unknown-class] "ItemHead", text="6  At the end of section 71A"
[parser-unknown-class] "ItemHead", text="7  Subsections 71C(1) and (2)"
[parser-unknown-class] "ItemHead", text="8  After section 72AB"
[parser-unknown-class] "ActHead9", text="Veterans’ Entitlements Act 1986"
[parser-unknown-class] "ItemHead", text="9  At the end of section 58J"
[parser-unknown-class] "ItemHead", text="10  After section 122D"
[parser-unknown-class] "ActHead7", text="Part 2—Application provisions"
[parser-unknown-class] "ItemHead", text="11  Application"
[parser-unknown-class] "ItemHead", text="12  Application"
[parser-unknown-class] "ItemHead", text="13  Application"
[parser-unknown-class] "ItemHead", text="14  Application"
[parser-unknown-class] "ItemHead", text="15  Application"
[parser-unknown-class] "Subitem", text="(1) The amendment made by item 7 of this Schedule applies in relation to payments, made after the..."
[parser-unknown-class] "Subitem", text="(2) To avoid doubt, the amendment does not apply to payments made before the commencement of this..."
[parser-unknown-class] "ActHead6", text="Schedule 8—Amendments relating to family tax benefit (commencing on 1 July 2008)"
[parser-unknown-class] "ActHead7", text="Part 1—Regular care children"
[parser-unknown-class] "ActHead8", text="Division 1—Amendments"
[parser-unknown-class] "ActHead9", text="A New Tax System (Family Assistance) Act 1999"
[parser-unknown-class] "ItemHead", text="1  Subsection 3(1)"
[parser-unknown-class] "ItemHead", text="2  Subsection 3(1)"
[parser-unknown-class] "ItemHead", text="3  Subsection 3(1) (subparagraph (b)(i) of the definition of FTB child)"
[parser-unknown-class] "ItemHead", text="4  Subsection 3(1) (subparagraph (b)(ii) of the definition of FTB child)"
[parser-unknown-class] "ItemHead", text="5  Subsection 3(1) (paragraph (c) of the definition of FTB child)"
[parser-unknown-class] "ItemHead", text="6  Subsection 3(1)"
[parser-unknown-class] "ItemHead", text="7  Subsection 3(1) (paragraph (b) of the definition of receiving)"
[parser-unknown-class] "ItemHead", text="8  Subsection 3(1)"
[parser-unknown-class] "ItemHead", text="9  Subsection 3(1) (definition of relevant shared carer)"
[parser-unknown-class] "ItemHead", text="10  Subsection 3(1) (definition of rent assistance child)"
[parser-unknown-class] "ItemHead", text="11  Subsection 3(1)"
[parser-unknown-class] "ItemHead", text="12  Paragraph 6(4)(a)"
[parser-unknown-class] "ItemHead", text="13  Paragraph 21(1)(a)"
[parser-unknown-class] "ItemHead", text="14  Paragraph 22(3)(b)"
[parser-unknown-class] "ItemHead", text="15  After subsection 22(6)"
[parser-unknown-class] "ItemHead", text="16  Subsection 22(7)"
[parser-unknown-class] "ItemHead", text="17  Paragraph 23(1)(a)"
[parser-unknown-class] "ItemHead", text="18  Subsection 23(2)"
[parser-unknown-class] "ItemHead", text="19  After subsection 23(2)"
[parser-unknown-class] "ItemHead", text="20  Subsection 23(5) (subparagraph (c)(ii) of the definition of qualifying period)"
[parser-unknown-class] "ItemHead", text="21  Subsection 24(1)"
[parser-unknown-class] "ItemHead", text="22  Paragraph 24(2)(a)"
[parser-unknown-class] "ItemHead", text="23  Subsection 24(3)"
[parser-unknown-class] "ItemHead", text="24  Section 25"
[parser-unknown-class] "ItemHead", text="25  Subsection 26(1)"
[parser-unknown-class] "ItemHead", text="26  Section 27"
[parser-unknown-class] "ItemHead", text="27  Paragraph 31(1)(a)"
[parser-unknown-class] "ItemHead", text="28  Paragraph 31(1)(b)"
[parser-unknown-class] "ItemHead", text="29  Paragraph 31(1)(c)"
[parser-unknown-class] "ItemHead", text="30  Subsection 31(4)"
[parser-unknown-class] "ItemHead", text="31  Paragraph 33(1)(a)"
[parser-unknown-class] "ItemHead", text="32  Subparagraphs 33(2)(b)(i) and (ii)"
[parser-unknown-class] "ItemHead", text="33  After paragraph 36(2)(a)"
[parser-unknown-class] "ItemHead", text="34  Subparagraph 36(2)(b)(i)"
[parser-unknown-class] "ItemHead", text="35  After paragraph 36(3)(c)"
[parser-unknown-class] "ItemHead", text="36  Subparagraph 36(3)(d)(i)"
[parser-unknown-class] "ItemHead", text="37  After paragraph 36(4)(a)"
[parser-unknown-class] "ItemHead", text="38  Subparagraph 36(4)(b)(i)"
[parser-unknown-class] "ItemHead", text="39  After paragraph 36(5)(ba)"
[parser-unknown-class] "ItemHead", text="40  Subparagraph 36(5)(c)(i)"
[parser-unknown-class] "ItemHead", text="41  After paragraph 39(2)(a)"
[parser-unknown-class] "ItemHead", text="42  Subparagraph 39(2)(b)(iii)"
[parser-unknown-class] "ItemHead", text="43  Subsection 39(4)"
[parser-unknown-class] "ItemHead", text="44  Paragraph 42(1)(a)"
[parser-unknown-class] "ItemHead", text="45  Paragraph 42(1)(c)"
[parser-unknown-class] "ItemHead", text="46  Subsection 42(2)"
[parser-unknown-class] "ItemHead", text="47  Paragraph 44(1)(a)"
[parser-unknown-class] "ItemHead", text="48  Subsection 44(3)"
[parser-unknown-class] "ItemHead", text="49  Paragraph 45(1)(a)"
[parser-unknown-class] "ItemHead", text="50  Paragraph 45(1)(c)"
[parser-unknown-class] "ItemHead", text="51  Subsection 45(3)"
[parser-unknown-class] "ItemHead", text="52  Paragraph 54(4)(a)"
[parser-unknown-class] "ItemHead", text="53  Subparagraph 54(5)(b)(i)"
[parser-unknown-class] "ItemHead", text="54  Paragraphs 54(6)(a) and (7)(b)"
[parser-unknown-class] "ItemHead", text="55  Section 59"
[parser-unknown-class] "ItemHead", text="56  Subsections 63(2) and (3)"
[parser-unknown-class] "ItemHead", text="57  After section 63"
[parser-unknown-class] "ItemHead", text="58  Subsection 63A(1)"
[parser-unknown-class] "ItemHead", text="59  Subsection 63A(3)"
[parser-unknown-class] "ItemHead", text="60  Subsection 63A(3)"
[parser-unknown-class] "ItemHead", text="61  Paragraph 64(a)"
[parser-unknown-class] "ItemHead", text="62  Paragraph 64(b)"
[parser-unknown-class] "ItemHead", text="63  Subsection 65(1) (method statement, step 1, paragraph (a))"
[parser-unknown-class] "ItemHead", text="64  Subsection 65(1) (method statement, step 1, paragraph (b))"
[parser-unknown-class] "ItemHead", text="65  Subsection 65(1) (method statement, step 2, paragraph (a))"
[parser-unknown-class] "ItemHead", text="66  Section 68"
[parser-unknown-class] "ItemHead", text="67  Paragraph 1(1)(a) of Schedule 1"
[parser-unknown-class] "ItemHead", text="68  Paragraphs 1(2)(a) and (b) of Schedule 1"
[parser-unknown-class] "ItemHead", text="69  After paragraph 1(2)(b) of Schedule 1"
[parser-unknown-class] "ItemHead", text="70  Clause 3 of Schedule 1"
[parser-unknown-class] "ItemHead", text="71  Clause 3 of Schedule 1 (method statement, step 1, paragraph (d))"
[parser-unknown-class] "ItemHead", text="72  Clause 3 of Schedule 1 (method statement, step 2)"
[parser-unknown-class] "ItemHead", text="73  Clauses 4A and 4B of Schedule 1"
[parser-unknown-class] "ItemHead", text="74  Subclause 5(1) of Schedule 1"
[parser-unknown-class] "ItemHead", text="75  Clause 11 of Schedule 1"
[parser-unknown-class] "ItemHead", text="76  Divisions 3 and 4 of Part 2 of Schedule 1"
[parser-unknown-class] "ItemHead", text="77  Clause 27 of Schedule 1"
[parser-unknown-class] "ItemHead", text="78  After Part 3 of Schedule 1"
[parser-unknown-class] "BoxStep", text="Step 1. Work out the individual’s rent assistance (if any) under Subdivision A of Division 2B of ..."
[parser-unknown-class] "BoxStep", text="Step 2. Apply the income test in Division 2C of Part 5 (clauses 38L to 38N) to work out any reduc..."
[parser-unknown-class] "BoxStep", text="Step 3. The individual’s Part A rate is the individual’s income tested rate."
[parser-unknown-class] "ItemHead", text="79  Paragraph 29B(4)(a) of Schedule 1"
[parser-unknown-class] "ItemHead", text="80  Clause 31 of Schedule 1"
[parser-unknown-class] "ItemHead", text="81  Subclause 31A(1) of Schedule 1"
[parser-unknown-class] "ItemHead", text="82  Clause 38 of Schedule 1"
[parser-unknown-class] "ItemHead", text="83  Paragraph 38A(2)(a) of Schedule 1"
[parser-unknown-class] "ItemHead", text="84  After Division 2A of Part 5 of Schedule 1"
[parser-unknown-class] "BoxStep", text="Step 1. Work out the rate (if any) of social security payment (the actual payment) that was payab..."
[parser-unknown-class] "BoxStep", text="Step 2. Work out the rate (if any) of social security payment (the notional payment) that would h..."
[parser-unknown-class] "BoxStep", text="Step 3. Subtract the notional payment from the actual payment. The difference is the individual’s..."
[parser-unknown-class] "BoxStep", text="Step 4. Multiply the individual’s daily social security RA amount for that day by 365. The result..."
[parser-unknown-class] "BoxStep", text="Step 1. Work out the rate (if any) of social security payment (the actual payment) that was payab..."
[parser-unknown-class] "BoxStep", text="Step 2. Work out the rate (if any) of social security payment (the notional payment) that would h..."
[parser-unknown-class] "BoxStep", text="Step 3. Subtract the notional payment from the actual payment. The difference is the eligible par..."
[parser-unknown-class] "BoxStep", text="Step 4. Multiply the eligible partner’s daily social security RA amount for that day by 365. The ..."
[parser-unknown-class] "BoxStep", text="Step 1. Work out the rate (if any) of service pension or income support supplement (the actual pa..."
[parser-unknown-class] "BoxStep", text="Step 2. Work out the rate (if any) of service pension or income support supplement (the notional ..."
[parser-unknown-class] "BoxStep", text="Step 3. Subtract the notional payment from the actual payment. The difference is the individual’s..."
[parser-unknown-class] "BoxStep", text="Step 4. Divide the individual’s provisional veterans’ entitlements RA amount for that day by 364,..."
[parser-unknown-class] "BoxStep", text="Step 1. Work out the rate (if any) of service pension or income support supplement (the actual pa..."
[parser-unknown-class] "BoxStep", text="Step 2. Work out the rate (if any) of service pension or income support supplement (the notional ..."
[parser-unknown-class] "BoxStep", text="Step 3. Subtract the notional payment from the actual payment. The difference is the eligible par..."
[parser-unknown-class] "BoxStep", text="Step 4. Divide the eligible partner’s provisional veterans’ entitlements RA amount for that day b..."
[parser-unknown-class] "BoxStep", text="Step 1. Work out the individual’s income free area using clause 38N."
[parser-unknown-class] "BoxStep", text="Step 2. Work out whether the individual’s adjusted taxable income exceeds the individual’s income..."
[parser-unknown-class] "BoxStep", text="Step 3. If the individual’s adjusted taxable income does not exceed the individual’s income free ..."
[parser-unknown-class] "BoxStep", text="Step 4. If the individual’s adjusted taxable income exceeds the individual’s income free area, th..."
[parser-unknown-class] "BoxStep", text="Step 5. The individual’s reduction for adjusted taxable income is 20% of the income excess."
[parser-unknown-class] "ItemHead", text="85  Paragraph 39(2)(e) of Schedule 1"
[parser-unknown-class] "ItemHead", text="86  After paragraph 39(2)(e) of Schedule 1"
[parser-unknown-class] "ItemHead", text="87  Paragraph 39(2)(f) of Schedule 1"
[parser-unknown-class] "ItemHead", text="88  Paragraph 39(7)(a) of Schedule 1"
[parser-unknown-class] "ItemHead", text="89  Clause 2 of Schedule 4 (table items 4 and 5)"
[parser-unknown-class] "ItemHead", text="90  Clause 2 of Schedule 4 (table item 13)"
[parser-unknown-class] "ItemHead", text="91  Subclause 3(1) of Schedule 4 (table items 4, 5 and 13)"
[parser-unknown-class] "ActHead9", text="A New Tax System (Family Assistance) (Administration) Act 1999"
[parser-unknown-class] "ItemHead", text="92  Paragraph 28B(1)(b)"
[parser-unknown-class] "ItemHead", text="93  Paragraph 28B(2)(b)"
[parser-unknown-class] "ItemHead", text="94  Paragraph 28B(3)(a)"
[parser-unknown-class] "ItemHead", text="95  Paragraph 28B(3)(b)"
[parser-unknown-class] "ItemHead", text="96  Paragraph 30B(1)(b)"
[parser-unknown-class] "ItemHead", text="97  Paragraphs 30B(1)(b) and (c)"
[parser-unknown-class] "ItemHead", text="98  Paragraphs 30B(2)(a) and (b)"
[parser-unknown-class] "ItemHead", text="99  Paragraph 30B(3)(b)"
[parser-unknown-class] "ItemHead", text="100  Paragraph 32D(1)(c)"
[parser-unknown-class] "ItemHead", text="101  Paragraph 32J(1)(b)"
[parser-unknown-class] "ItemHead", text="102  Paragraph 32K(1)(d)"
[parser-unknown-class] "ItemHead", text="103  Paragraph 32P(1)(b)"
[parser-unknown-class] "ItemHead", text="104  Paragraph 32P(1)(d)"
[parser-unknown-class] "ItemHead", text="105  After paragraph 33(1)(aa)"
[parser-unknown-class] "ItemHead", text="106  Subparagraphs 71E(1)(a)(i) and (2)(a)(i)"
[parser-unknown-class] "ItemHead", text="107  Subsection 228(3)"
[parser-unknown-class] "ItemHead", text="108  Paragraph 228(3)(b)"
[parser-unknown-class] "ItemHead", text="109  Paragraph 228(4)(a)"
[parser-unknown-class] "ActHead9", text="Child Support (Registration and Collection) Act 1988"
[parser-unknown-class] "ItemHead", text="110  Paragraph 72AB(1)(b)"
[parser-unknown-class] "ItemHead", text="111  Subsection 72AB(2)"
[parser-unknown-class] "ItemHead", text="112  Subsection 72AB(5)"
[parser-unknown-class] "ItemHead", text="113  Subsection 72AB(5)"
[parser-unknown-class] "ActHead9", text="Social Security Act 1991"
[parser-unknown-class] "ItemHead", text="114  Subsection 6A(1) (after paragraph (b) of the second and third definitions of dependant)"
[parser-unknown-class] "ItemHead", text="115  Subsection 6A(2)"
[parser-unknown-class] "ItemHead", text="116  Paragraph 6A(2)(a)"
[parser-unknown-class] "ItemHead", text="117  Subsection 6A(3)"
[parser-unknown-class] "ItemHead", text="118  Subsection 23(1) (definition of maximum Part A rate of family tax benefit)"
[parser-unknown-class] "ItemHead", text="119  Subsection 23(1)"
[parser-unknown-class] "ItemHead", text="120  Subsection 23(1)"
[parser-unknown-class] "ItemHead", text="121  Paragraphs 992J(1)(c) and 992K(1)(c)"
[parser-unknown-class] "ItemHead", text="122  Subsection 1010(1)"
[parser-unknown-class] "ItemHead", text="123  After subsection 1010(1)"
[parser-unknown-class] "ItemHead", text="124  Subsections 1010(2) and (3)"
[parser-unknown-class] "ItemHead", text="125  Paragraph 1061ZK(4)(b)"
[parser-unknown-class] "ItemHead", text="126  Paragraph 1061ZK(4)(c)"
[parser-unknown-class] "ItemHead", text="127  After subsection 1061ZK(4)"
[parser-unknown-class] "ItemHead", text="128  Paragraph 1061ZO(2)(c)"
[parser-unknown-class] "ItemHead", text="129  Paragraphs 1061ZO(3)(c) and (4)(c)"
[parser-unknown-class] "ItemHead", text="130  Subparagraph 1070D(3)(a)(ii)"
[parser-unknown-class] "ItemHead", text="131  Subparagraph 1070D(3)(b)(ii)"
[parser-unknown-class] "ItemHead", text="132  Paragraph 1070E(d)"
[parser-unknown-class] "ItemHead", text="133  Subparagraph 1070F(2)(c)(iv)"
[parser-unknown-class] "ItemHead", text="134  Subparagraph 1070F(2)(d)(iv)"
[parser-unknown-class] "ItemHead", text="135  Subparagraph 1070F(3)(c)(iv)"
[parser-unknown-class] "ItemHead", text="136  Subparagraph 1070F(3)(d)(iv)"
[parser-unknown-class] "ItemHead", text="137  Subparagraph 1070G(1)(c)(iv)"
[parser-unknown-class] "ItemHead", text="138  Subparagraph 1070G(1)(d)(iv)"
[parser-unknown-class] "ItemHead", text="139  Subparagraph 1070H(2)(c)(iv)"
[parser-unknown-class] "ItemHead", text="140  Subparagraph 1070H(2)(d)(iv)"
[parser-unknown-class] "ItemHead", text="141  Subparagraph 1070J(b)(iv)"
[parser-unknown-class] "ItemHead", text="142  Subparagraph 1070J(c)(iv)"
[parser-unknown-class] "ActHead9", text="Veterans’ Entitlements Act 1986"
[parser-unknown-class] "ItemHead", text="143  Subparagraph (b)(ii) of point SCH6‑C3A of Schedule 6"
[parser-unknown-class] "ItemHead", text="144  Subparagraph (b)(ii) of point SCH6‑C3B of Schedule 6"
[parser-unknown-class] "ActHead8", text="Division 2—Application and saving provisions"
[parser-unknown-class] "ItemHead", text="145  Application"
[parser-unknown-class] "Subitem", text="(1) The amendments to the A New Tax System (Family Assistance) Act 1999 and the A New Tax System ..."
[parser-unknown-class] "Subitem", text="(2) The amounts referred to in clauses 38C, 38D and 38E of Schedule 1 to the A New Tax System (Fa..."
[parser-unknown-class] "Subitem", text="(3) The amount referred to in clause 38N of Schedule 1 to the A New Tax System (Family Assistance..."
[parser-unknown-class] "ItemHead", text="146  Saving determinations"
[parser-unknown-class] "ItemHead", text="147  Saving qualification and rates for double orphan pension"
[parser-unknown-class] "Subitem", text="(1) This item applies if:"
[parser-unknown-class] "SubitemHead", text="Continuation of qualification"
[parser-unknown-class] "Subitem", text="(2) If subparagraph (1)(b)(i) applies, then, on and after 1 July 2008, the person continues to qu..."
[parser-unknown-class] "Subitem", text="(3) However, the person ceases to qualify under subitem (2) for a double orphan pension for the y..."
[parser-unknown-class] "SubitemHead", text="Continuation of rate"
[parser-unknown-class] "Subitem", text="(4) On and after 1 July 2008, while the person continues to qualify for a double orphan pension f..."
[parser-unknown-class] "Subitem", text="(5) However, the double orphan pension ceases to be payable to the person for the young person at..."
[parser-unknown-class] "ActHead7", text="Part 2—Maintenance income test"
[parser-unknown-class] "ActHead8", text="Division 1—Amendments"
[parser-unknown-class] "ActHead9", text="A New Tax System (Family Assistance) Act 1999"
[parser-unknown-class] "ItemHead", text="148  Subsection 3(1) (at the end of the definition of capitalised maintenance income)"
[parser-unknown-class] "ItemHead", text="149  Subsection 3(1) (at the end of the definition of maintenance income)"
[parser-unknown-class] "ItemHead", text="150  Clause 7 of Schedule 1 (table heading)"
[parser-unknown-class] "ItemHead", text="151  Clause 7 of Schedule 1 (table, heading to column 2)"
[parser-unknown-class] "ItemHead", text="152  After clause 19A of Schedule 1"
[parser-unknown-class] "ItemHead", text="153  Subclause 20(1) of Schedule 1 (method statement, at the end of step 1)"
[parser-unknown-class] "ItemHead", text="154  Clause 22 of Schedule 1"
[parser-unknown-class] "ItemHead", text="155  At the end of Division 5 of Part 2 of Schedule 1"
[parser-unknown-class] "BoxStep", text="Step 1. Work out the individual’s above base standard amount for the maintenance income using cla..."
[parser-unknown-class] "BoxStep", text="Step 2. Work out the individual’s RA amount for the maintenance income using clause 24J."
[parser-unknown-class] "BoxStep", text="Step 3. Work out the individual’s MIFA amount for the maintenance income using clause 24K."
[parser-unknown-class] "BoxStep", text="Step 4. Work out the individual’s maintenance income ceiling for the maintenance income using cla..."
[parser-unknown-class] "BoxStep", text="Step 1. Work out the individual’s rent assistance (if any) under Subdivision A of Division 2B of ..."
[parser-unknown-class] "BoxStep", text="Step 2. Work out the amount that would be the individual’s rent assistance (if any) under that Su..."
[parser-unknown-class] "BoxStep", text="Step 3. If the individual, and the individual’s partner, between them are entitled to apply for m..."
[parser-unknown-class] "BoxStep", text="Step 4. If the individual, and the individual’s partner, between them are entitled to apply for m..."
[parser-unknown-class] "BoxStep", text="Step 1. Work out the individual’s standard amount for the maintenance income using clause 24P."
[parser-unknown-class] "BoxStep", text="Step 2. Work out the individual’s LFS amount for the maintenance income using clause 24Q."
[parser-unknown-class] "BoxStep", text="Step 3. Work out the individual’s multiple birth allowance (if any) under Division 2 of Part 5 (c..."
[parser-unknown-class] "BoxStep", text="Step 4. Work out the individual’s supplement amount for the maintenance income using clause 24R."
[parser-unknown-class] "BoxStep", text="Step 5. Work out the individual’s RA amount for the maintenance income using clause 24J."
[parser-unknown-class] "BoxStep", text="Step 6. Work out the individual’s MIFA amount for the maintenance income using clause 24K."
[parser-unknown-class] "BoxStep", text="Step 7. Work out the individual’s maintenance income ceiling for the maintenance income using cla..."
[parser-unknown-class] "BoxStep", text="Step 1. Work out the individual’s large family supplement (if any) under Division 1 of Part 5."
[parser-unknown-class] "BoxStep", text="Step 2. Work out the amount that would be the individual’s large family supplement (if any) under..."
[parser-unknown-class] "BoxStep", text="Step 3. If the individual, and the individual’s partner, between them are entitled to apply for m..."
[parser-unknown-class] "BoxStep", text="Step 4. If the individual, and the individual’s partner, between them are entitled to apply for m..."
[parser-unknown-class] "ItemHead", text="156  Clause 25 of Schedule 1 (method statement, step 3, paragraph (a))"
[parser-unknown-class] "ActHead8", text="Division 2—Application provision"
[parser-unknown-class] "ItemHead", text="157  Application"
[parser-unknown-class] "ActHead6", text="Schedule 9—Transitional provision relating to court orders made before 1 July 2008"
[parser-unknown-class] "Specialih", text="1  Assessments in relation to court orders made before 1 July 2008"
[parser-unknown-class] "Subitem", text="(1) The Registrar is not required, after 1 July 2008:"
[parser-unknown-class] "Subitem", text="(2) If such an order will be in force immediately before 1 July 2008, the Registrar must:"
[parser-unknown-class] "Subitem", text="(3) For the purposes of this item, the regulations may specify how rights and obligations arising..."
[parser-unknown-class] "Subitem", text="(4) The notice given under section 76 of the Assessment Act in relation to the assessment must (i..."
[parser-unknown-class] "Subitem", text="(5) A contravention of subitem (4) in relation to a decision does not affect the validity of the ..."
[parser-unknown-class] "Subitem", text="(6) The Assessment Act (as amended by this Act) applies as if subsection 116(1) of that Act inclu..."
[parser-unknown-class] "Subitem", text="(7) To the extent that a person who applies to court under section 116 of the Assessment Act by v..."
[parser-diag] processed 5177 <p> elements
[parser-diag] last section was added at element index: 5176
[parser-diag] state phase at end: BODY
[parser-diag] hierarchy stack depth at end: 3
[parser-diag] insideSchedule at end: true
[parse] sections: 391
[parse] compilation: date=(none) no=(none)
[parse] by level:
         section      88
         part         1
         division     45
         subdivision  48
         schedule     1
         schedule_clause 199
         schedule_part 9
[db] inserted new legislation row: 6f6f3dfa-b613-47e1-a19d-53663666db4d
[db] inserting 391 sections (pass 1)
[db] inserted 391 sections
[db] linking parent FKs (pass 2)
[db] linked 383 parent references

[done] ingested Child Support Legislation Amendment (Reform of the Child Support Scheme—New Formula and Other Measures) Act 2006
       legislation_id: 6f6f3dfa-b613-47e1-a19d-53663666db4d
       sections: 391
       compilation: 2008-07-01
