[fetch] document_1: https://www.legislation.gov.au/C2004A04553/2024-10-14/2024-10-14/text/original/epub/OEBPS/document_1/document_1.html
[fetch] document_1: 754,708 bytes
[fetch] document_2: https://www.legislation.gov.au/C2004A04553/2024-10-14/2024-10-14/text/original/epub/OEBPS/document_2/document_2.html
[fetch] document_2 not found — stopping. Fetched 1 document(s).
[fetch] combined 1 document(s), 754,708 source bytes → 752,580 combined bytes
[citation] Agricultural and Veterinary Chemicals (Administration) Act 1992 (Cth)
[parse] starting
[parser-diag] total <p> elements found: 3025
[parser-diag] processed 3025 <p> elements
[parser-diag] last section was added at element index: 1853
[parser-diag] state phase at end: ENDNOTES
[parser-diag] hierarchy stack depth at end: 2
[parser-diag] insideSchedule at end: false
[parse] sections: 218
[parse] compilation: date=2024-10-14 no=42
[parse] by level:
         part         11
         section      165
         division     23
         subdivision  19
[db] inserted new legislation row: 19465928-907d-4b9e-831a-1b4328434c51
[db] inserting 218 sections (pass 1)
[db] inserted 218 sections
[db] linking parent FKs (pass 2)
[db] linked 207 parent references

[done] ingested Agricultural and Veterinary Chemicals (Administration) Act 1992
       legislation_id: 19465928-907d-4b9e-831a-1b4328434c51
       sections: 218
       compilation: 2024-10-14
