[fetch] document_1: https://www.legislation.gov.au/C2004A00502/2009-07-01/2009-07-01/text/original/epub/OEBPS/document_1/document_1.html
[fetch] document_1: 77,058 bytes
[fetch] document_2: https://www.legislation.gov.au/C2004A00502/2009-07-01/2009-07-01/text/original/epub/OEBPS/document_2/document_2.html
[fetch] document_2 not found — stopping. Fetched 1 document(s).
[fetch] combined 1 document(s), 77,058 source bytes → 75,934 combined bytes
[citation] A New Tax System (Managing the GST Rate and Base) Act 1999 (Cth)
[parse] starting
[parser-diag] total <p> elements found: 283
[parser-unknown-class] "ActNotesa", text="(a) The A New Tax System (Managing the GST Rate and Base) Act 1999 was amended by Schedule 1 (ite..."
[parser-unknown-class] "ActNotes1", text="(1) In this Act, commencing time means the time when the Public Service Act 1999 commences."
[parser-unknown-class] "ActNotes1", text="(2) Subject to this section, this Act commences at the commencing time."
[parser-unknown-class] "ActNotesa", text="(aa) The Public Employment (Consequential and Transitional) Amendment Act 1999 was amended by Sch..."
[parser-unknown-class] "ActNotes1", text="(1) Each provision of this Act specified in column 1 of the table commences, or is taken to have ..."
[parser-unknown-class] "Tabletext0", text="Commencement information"
[parser-unknown-class] "Tabletext0", text="Column 1"
[parser-unknown-class] "Tabletext0", text="Column 2"
[parser-unknown-class] "Tabletext0", text="Column 3"
[parser-unknown-class] "Tabletext0", text="Provision(s)"
[parser-unknown-class] "Tabletext0", text="Commencement"
[parser-unknown-class] "Tabletext0", text="Date/Details"
[parser-unknown-class] "Tabletext0", text="46.  Schedule 2, item 17"
[parser-unknown-class] "Tabletext0", text="Immediately after the time specified in the Public Employment (Consequential and Transitional) Am..."
[parser-unknown-class] "Tabletext0", text="5 December 1999"
[parser-unknown-class] "ActNotesa", text="(b) The A New Tax System (Managing the GST Rate and Base) Act 1999 was amended by Schedule 3 only..."
[parser-unknown-class] "ActNotes1", text="Schedule 3—Commonwealth‑State financial arrangements"
[parser-unknown-class] "ActNotes1", text="(6) Schedule 3 is taken to have commenced immediately after the commencement of the A New Tax Sys..."
[parser-unknown-class] "ActNotesa", text="The A New Tax System (Managing the GST Rate and Base) Act 1999 commenced on 10 September 1999."
[parser-unknown-class] "TableA0", text="Table A"
[parser-unknown-class] "TableAHead", text="Application, saving or transitional provisions"
[parser-unknown-class] "TableAHeadItal", text="A New Tax System (Commonwealth‑State Financial Arrangements) Amendment Act 2004 (No. 21, 2004)"
[parser-unknown-class] "ItemHead", text="Schedule 1"
[parser-unknown-class] "ItemHead", text="3  Application of amendments"
[parser-unknown-class] "Subitem", text="(1) If this Part commences before 1 June in a GST year, the amendments made by this Part apply in..."
[parser-unknown-class] "Subitem", text="(2) If this Part commences on or after 1 June in a GST year, the amendments made by this Part app..."
[parser-unknown-class] "Subitem", text="(3) However, the amendments do not apply for the purpose of making a determination that relates t..."
[parser-unknown-class] "Subitem", text="(4) In this item:"
[parser-unknown-class] "ItemHead", text="10  Application of amendments"
[parser-unknown-class] "Subitem", text="(1) If this Part commences before 1 June in a GST year, the amendments made by this Part apply in..."
[parser-unknown-class] "Subitem", text="(2) If this Part commences on or after 1 June in a GST year, the amendments made by this Part app..."
[parser-unknown-class] "Subitem", text="(3) In this item:"
[parser-unknown-class] "TableAHeadItal", text="Tax Laws Amendment (Repeal of Inoperative Provisions) Act 2006 (No. 101, 2006)"
[parser-unknown-class] "ItemHead", text="Schedule 6"
[parser-unknown-class] "ItemHead", text="1  Application of Schedule 1 and 2 amendments"
[parser-unknown-class] "ItemHead", text="6  Object"
[parser-unknown-class] "ItemHead", text="7  Making and amending assessments, and doing other things, in relation to past matters"
[parser-unknown-class] "ItemHead", text="8  Saving of provisions about effect of assessments"
[parser-unknown-class] "ItemHead", text="9  Saving of provisions about general interest charge, failure to notify penalty or late reconcil..."
[parser-unknown-class] "ItemHead", text="10  Repeals disregarded for the purposes of dependent provisions"
[parser-unknown-class] "ItemHead", text="11  Schedule does not limit operation of section 8 of the Acts Interpretation Act 1901"
[parser-unknown-class] "TableAHeadItal", text="Federal Financial Relations (Consequential Amendments and Transitional Provisions) Act 2009 (No. ..."
[parser-unknown-class] "ItemHead", text="Schedule 4"
[parser-unknown-class] "ItemHead", text="1  Payments for the 2008‑09 GST year"
[parser-unknown-class] "ItemHead", text="2  Overpayments and underpayments for the 2008‑09 GST year"
[parser-unknown-class] "Subitem", text="(1) If a State has been paid an amount in excess of the amount that, under a provision of the Fin..."
[parser-unknown-class] "Subitem", text="(2) If a State has been paid less than the amount that, under a provision of the Financial Arrang..."
[parser-unknown-class] "Subitem", text="(3) Payments made under subitem (2) are to be made out of the Consolidated Revenue Fund, which is..."
[parser-unknown-class] "Subitem", text="(4) In this item:"
[parser-diag] processed 283 <p> elements
[parser-diag] last section was added at element index: 60
[parser-diag] state phase at end: BODY
[parser-diag] hierarchy stack depth at end: 2
[parser-diag] insideSchedule at end: false
[parse] sections: 8
[parse] compilation: date=(none) no=(none)
[parse] by level:
         part         2
         section      6
[db] inserted new legislation row: 998232cc-15d5-4ebe-b34f-643149429b16
[db] inserting 8 sections (pass 1)
[db] inserted 8 sections
[db] linking parent FKs (pass 2)
[db] linked 6 parent references

[done] ingested A New Tax System (Managing the GST Rate and Base) Act 1999
       legislation_id: 998232cc-15d5-4ebe-b34f-643149429b16
       sections: 8
       compilation: 2009-07-01
