[fetch] document_1: https://www.legislation.gov.au/C2004A03333/2016-10-21/2016-10-21/text/original/epub/OEBPS/document_1/document_1.html
[fetch] document_1: 43,240 bytes
[fetch] document_2: https://www.legislation.gov.au/C2004A03333/2016-10-21/2016-10-21/text/original/epub/OEBPS/document_2/document_2.html
[fetch] document_2 not found — stopping. Fetched 1 document(s).
[fetch] combined 1 document(s), 43,240 source bytes → 41,395 combined bytes
[citation] Parliamentary Commission of Inquiry (Repeal) Act 1986 (Cth)
[parse] starting
[parser-diag] total <p> elements found: 195
[parser-diag] processed 195 <p> elements
[parser-diag] last section was added at element index: 91
[parser-diag] state phase at end: ENDNOTES
[parser-diag] hierarchy stack depth at end: 1
[parser-diag] insideSchedule at end: false
[parse] sections: 11
[parse] compilation: date=2016-10-21 no=2
[parse] by level:
         section      11
[db] inserted new legislation row: c9cda73c-75db-4fd6-b2dd-aab5848767b0
[db] inserting 11 sections (pass 1)
[db] inserted 11 sections
[db] linking parent FKs (pass 2)
[db] linked 0 parent references

[done] ingested Parliamentary Commission of Inquiry (Repeal) Act 1986
       legislation_id: c9cda73c-75db-4fd6-b2dd-aab5848767b0
       sections: 11
       compilation: 2016-10-21
