[fetch] document_1: https://www.legislation.gov.au/C2004A04352/2024-10-14/2024-10-14/text/original/epub/OEBPS/document_1/document_1.html
[fetch] document_1: 137,112 bytes
[fetch] document_2: https://www.legislation.gov.au/C2004A04352/2024-10-14/2024-10-14/text/original/epub/OEBPS/document_2/document_2.html
[fetch] document_2 not found — stopping. Fetched 1 document(s).
[fetch] combined 1 document(s), 137,112 source bytes → 135,165 combined bytes
[citation] Coal Mining Industry (Long Service Leave) Payroll Levy Collection Act 1992 (Cth)
[parse] starting
[parser-diag] total <p> elements found: 528
[parser-diag] processed 528 <p> elements
[parser-diag] last section was added at element index: 306
[parser-diag] state phase at end: ENDNOTES
[parser-diag] hierarchy stack depth at end: 1
[parser-diag] insideSchedule at end: false
[parse] sections: 22
[parse] compilation: date=2024-10-14 no=10
[parse] by level:
         section      22
[db] inserted new legislation row: 5064b016-fcbf-4e06-bf83-50ce8aea666d
[db] inserting 22 sections (pass 1)
[db] inserted 22 sections
[db] linking parent FKs (pass 2)
[db] linked 0 parent references

[done] ingested Coal Mining Industry (Long Service Leave) Payroll Levy Collection Act 1992
       legislation_id: 5064b016-fcbf-4e06-bf83-50ce8aea666d
       sections: 22
       compilation: 2024-10-14
