[fetch] document_1: https://www.legislation.gov.au/C2004A01837/1978-06-12/1978-06-12/text/original/epub/OEBPS/document_1/document_1.html
[fetch] document_1: 7,902 bytes
[fetch] document_2: https://www.legislation.gov.au/C2004A01837/1978-06-12/1978-06-12/text/original/epub/OEBPS/document_2/document_2.html
[fetch] document_2 not found — stopping. Fetched 1 document(s).
[fetch] combined 1 document(s), 7,902 source bytes → 6,915 combined bytes
[citation] Ordinances and Regulations (Notification) Act 1978 (Cth)
[parse] starting
[parser-diag] total <p> elements found: 22
[parser-diag] processed 22 <p> elements
[parser-diag] last section was added at element index: -1
[parser-diag] state phase at end: PRE_BODY
[parser-diag] hierarchy stack depth at end: 0
[parser-diag] insideSchedule at end: false
[parse] sections: 0
[parse] compilation: date=(none) no=(none)
[parse] by level:
[db] inserted new legislation row: 4cf11393-f1b1-4539-8fc2-9345d247507f
[db] inserting 0 sections (pass 1)
[db] inserted 0 sections
[db] linking parent FKs (pass 2)
[db] linked 0 parent references

[done] ingested Ordinances and Regulations (Notification) Act 1978
       legislation_id: 4cf11393-f1b1-4539-8fc2-9345d247507f
       sections: 0
       compilation: 1978-06-12
