[fetch] document_1: https://www.legislation.gov.au/C2004A02352/2024-07-10/2024-07-10/text/original/epub/OEBPS/document_1/document_1.html
[fetch] document_1: 28,438 bytes
[fetch] document_2: https://www.legislation.gov.au/C2004A02352/2024-07-10/2024-07-10/text/original/epub/OEBPS/document_2/document_2.html
[fetch] document_2 not found — stopping. Fetched 1 document(s).
[fetch] combined 1 document(s), 28,438 source bytes → 26,509 combined bytes
[citation] International Monetary Agreements (Quota Increase) Act 1980 (Cth)
[parse] starting
[parser-diag] total <p> elements found: 138
[parser-diag] processed 138 <p> elements
[parser-diag] last section was added at element index: 42
[parser-diag] state phase at end: ENDNOTES
[parser-diag] hierarchy stack depth at end: 1
[parser-diag] insideSchedule at end: false
[parse] sections: 4
[parse] compilation: date=2024-07-10 no=1
[parse] by level:
         section      4
[db] inserted new legislation row: da728f51-3598-4fff-a08b-1996d7d81e3d
[db] inserting 4 sections (pass 1)
[db] inserted 4 sections
[db] linking parent FKs (pass 2)
[db] linked 0 parent references

[done] ingested International Monetary Agreements (Quota Increase) Act 1980
       legislation_id: da728f51-3598-4fff-a08b-1996d7d81e3d
       sections: 4
       compilation: 2024-07-10
