[fetch] document_1: https://www.legislation.gov.au/C2004A01094/2019-08-30/2019-08-30/text/original/epub/OEBPS/document_1/document_1.html
[fetch] document_1: 58,695 bytes
[fetch] document_2: https://www.legislation.gov.au/C2004A01094/2019-08-30/2019-08-30/text/original/epub/OEBPS/document_2/document_2.html
[fetch] document_2 not found — stopping. Fetched 1 document(s).
[fetch] combined 1 document(s), 58,695 source bytes → 56,771 combined bytes
[citation] Petroleum (Timor Sea Treaty) Act 2003 (Cth)
[parse] starting
[parser-diag] total <p> elements found: 265
[parser-diag] processed 265 <p> elements
[parser-diag] last section was added at element index: 110
[parser-diag] state phase at end: ENDNOTES
[parser-diag] hierarchy stack depth at end: 2
[parser-diag] insideSchedule at end: false
[parse] sections: 11
[parse] compilation: date=2019-08-30 no=2
[parse] by level:
         part         3
         section      8
[db] inserted new legislation row: c84ba6a1-34b9-4615-9f60-da702447afe8
[db] inserting 11 sections (pass 1)
[db] inserted 11 sections
[db] linking parent FKs (pass 2)
[db] linked 8 parent references

[done] ingested Petroleum (Timor Sea Treaty) Act 2003
       legislation_id: c84ba6a1-34b9-4615-9f60-da702447afe8
       sections: 11
       compilation: 2019-08-30
