[fetch] document_1: https://www.legislation.gov.au/C2004A03811/2014-10-17/2014-10-17/text/original/epub/OEBPS/document_1/document_1.html
[fetch] document_1: 89,255 bytes
[fetch] document_2: https://www.legislation.gov.au/C2004A03811/2014-10-17/2014-10-17/text/original/epub/OEBPS/document_2/document_2.html
[fetch] document_2 not found — stopping. Fetched 1 document(s).
[fetch] combined 1 document(s), 89,255 source bytes → 87,564 combined bytes
[citation] Telecommunications and Postal Services (Transitional Provisions and Consequential Amendments) Act 1989 (Cth)
[parse] starting
[parser-diag] total <p> elements found: 414
[parser-diag] processed 414 <p> elements
[parser-diag] last section was added at element index: 136
[parser-diag] state phase at end: ENDNOTES
[parser-diag] hierarchy stack depth at end: 3
[parser-diag] insideSchedule at end: false
[parse] sections: 26
[parse] compilation: date=(none) no=(none)
[parse] by level:
         part         3
         section      18
         division     5
[db] inserted new legislation row: 8cf6c190-4fbc-4a1a-85a6-2ac208e9021c
[db] inserting 26 sections (pass 1)
[db] inserted 26 sections
[db] linking parent FKs (pass 2)
[db] linked 23 parent references

[done] ingested Telecommunications and Postal Services (Transitional Provisions and Consequential Amendments) Act 1989
       legislation_id: 8cf6c190-4fbc-4a1a-85a6-2ac208e9021c
       sections: 26
       compilation: 2014-10-17
