[fetch] document_1: https://www.legislation.gov.au/C2004A05337/1997-10-06/1997-10-06/text/original/epub/OEBPS/document_1/document_1.html
[fetch] document_1: 10,615 bytes
[fetch] document_2: https://www.legislation.gov.au/C2004A05337/1997-10-06/1997-10-06/text/original/epub/OEBPS/document_2/document_2.html
[fetch] document_2 not found — stopping. Fetched 1 document(s).
[fetch] combined 1 document(s), 10,615 source bytes → 9,600 combined bytes
[citation] Commonwealth Places Windfall Tax (Imposition) Act 1998 (Cth)
[parse] starting
[parser-diag] total <p> elements found: 67
[parser-unknown-class] "Subsection", text="This Act may be cited as the Commonwealth Places Windfall Tax (Imposition) Act 1998."
[parser-unknown-class] "Subsection", text="This Act is taken to have commenced at the same time as the Commonwealth Places Windfall Tax (Col..."
[parser-unknown-class] "Subsection", text="This Act binds the Crown in each of its capacities."
[parser-unknown-class] "Subsection", text="(1) Commonwealth places windfall tax is hereby imposed at the rate of 100%."
[parser-unknown-class] "Subsection", text="(2) In this section:"
[parser-diag] processed 67 <p> elements
[parser-diag] last section was added at element index: 53
[parser-diag] state phase at end: BODY
[parser-diag] hierarchy stack depth at end: 1
[parser-diag] insideSchedule at end: false
[parse] sections: 4
[parse] compilation: date=(none) no=(none)
[parse] by level:
         section      4
[db] inserted new legislation row: b3163bfb-0100-451b-a5ae-96b6e9bbd954
[db] inserting 4 sections (pass 1)
[db] inserted 4 sections
[db] linking parent FKs (pass 2)
[db] linked 0 parent references

[done] ingested Commonwealth Places Windfall Tax (Imposition) Act 1998
       legislation_id: b3163bfb-0100-451b-a5ae-96b6e9bbd954
       sections: 4
       compilation: 1997-10-06
