[fetch] document_1: https://www.legislation.gov.au/C2004A05142/1999-07-16/1999-07-16/text/original/epub/OEBPS/document_1/document_1.html
[fetch] document_1: 68,333 bytes
[fetch] document_2: https://www.legislation.gov.au/C2004A05142/1999-07-16/1999-07-16/text/original/epub/OEBPS/document_2/document_2.html
[fetch] document_2 not found — stopping. Fetched 1 document(s).
[fetch] combined 1 document(s), 68,333 source bytes → 67,138 combined bytes
[citation] Export Market Development Grants (Repeal and Consequential Provisions) Act 1997 (Cth)
[parse] starting
[parser-diag] total <p> elements found: 166
[parser-diag] processed 166 <p> elements
[parser-diag] last section was added at element index: -1
[parser-diag] state phase at end: PRE_BODY
[parser-diag] hierarchy stack depth at end: 0
[parser-diag] insideSchedule at end: false
[parse] sections: 0
[parse] compilation: date=(none) no=(none)
[parse] by level:
[db] inserted new legislation row: f3518ef2-9784-47a8-9526-4803217f8aaf
[db] inserting 0 sections (pass 1)
[db] inserted 0 sections
[db] linking parent FKs (pass 2)
[db] linked 0 parent references

[done] ingested Export Market Development Grants (Repeal and Consequential Provisions) Act 1997
       legislation_id: f3518ef2-9784-47a8-9526-4803217f8aaf
       sections: 0
       compilation: 1999-07-16
