[fetch] document_1: https://www.legislation.gov.au/C2004A00637/2000-07-01/2000-07-01/text/original/epub/OEBPS/document_1/document_1.html
[fetch] document_1: 1,404,574 bytes
[fetch] document_2: https://www.legislation.gov.au/C2004A00637/2000-07-01/2000-07-01/text/original/epub/OEBPS/document_2/document_2.html
[fetch] document_2 not found — stopping. Fetched 1 document(s).
[fetch] combined 1 document(s), 1,404,574 source bytes → 1,403,154 combined bytes
[citation] A New Tax System (Family Assistance and Related Measures) Act 2000 (Cth)
[parse] starting
[parser-diag] total <p> elements found: 4641
[parser-unknown-class] "ActHead6", text="Schedule 1—Amendment of the A New Tax System (Family Assistance) Act 1999"
[parser-unknown-class] "ActHead7", text="Part 1—Amendments relating to family tax benefit and maternity immunisation allowance"
[parser-unknown-class] "ItemHead", text="1  Paragraph 21(1)(b)"
[parser-unknown-class] "ItemHead", text="2  Subsection 22(3) (second sentence)"
[parser-unknown-class] "ItemHead", text="3  Subsections 22(7) and (8)"
[parser-unknown-class] "ItemHead", text="4  After section 22"
[parser-unknown-class] "Table", text=""
[parser-unknown-class] "Table", text="When the individual is not an FTB child of the adult at a particular time"
[parser-unknown-class] "Table", text=""
[parser-unknown-class] "Table", text="If the individual is aged:"
[parser-unknown-class] "Table", text="then the individual cannot be an FTB child of the adult if:"
[parser-unknown-class] "Table", text="1"
[parser-unknown-class] "Table", text="5 or more and less than 16"
[parser-unknown-class] "Table", text="2"
[parser-unknown-class] "Table", text="16 or more"
[parser-unknown-class] "Table", text="3"
[parser-unknown-class] "Table", text="any age"
[parser-unknown-class] "Table", text="the individual, or someone on behalf of the individual, is, at the particular time, receiving:"
[parser-unknown-class] "ItemHead", text="5  Subsections 23(1) and (2)"
[parser-unknown-class] "ItemHead", text="6  Subsection 23(3)"
[parser-unknown-class] "ItemHead", text="7  Subsection 23(4)"
[parser-unknown-class] "ItemHead", text="8  Section 25"
[parser-unknown-class] "ItemHead", text="9  Paragraph 28(1)(e)"
[parser-unknown-class] "ItemHead", text="10  Paragraph 29(e)"
[parser-unknown-class] "ItemHead", text="11  Section 30"
[parser-unknown-class] "ItemHead", text="12  Paragraph 33(2)(c)"
[parser-unknown-class] "ItemHead", text="13  Paragraph 33(2)(d)"
[parser-unknown-class] "ItemHead", text="14  Subsection 33(2)"
[parser-unknown-class] "ItemHead", text="15  Subsection 35(1) (table items 2 and 3)"
[parser-unknown-class] "Table", text="2"
[parser-unknown-class] "Table", text="16 or more"
[parser-unknown-class] "Table", text="3"
[parser-unknown-class] "Table", text="any age"
[parser-unknown-class] "ItemHead", text="16  Subparagraph 39(2)(b)(v)"
[parser-unknown-class] "ItemHead", text="17  Paragraph 39(4)(c)"
[parser-unknown-class] "ItemHead", text="18  Paragraphs 59(1)(b) and (c)"
[parser-unknown-class] "ItemHead", text="19  Subsection 59(1) (second sentence)"
[parser-unknown-class] "ItemHead", text="20  Section 68"
[parser-unknown-class] "ItemHead", text="21  Clause 3 of Schedule 1"
[parser-unknown-class] "ItemHead", text="22  Clause 5 of Schedule 1"
[parser-unknown-class] "ItemHead", text="23  At the end of clause 5 of Schedule 1"
[parser-unknown-class] "ItemHead", text="24  Clause 6 of Schedule 1"
[parser-unknown-class] "ItemHead", text="25  Paragraph 13(1)(b) of Schedule 1"
[parser-unknown-class] "ItemHead", text="26  Paragraph 13(1)(f) of Schedule 1"
[parser-unknown-class] "ItemHead", text="27  Subclauses 13(2), (3) and (4) of Schedule 1"
[parser-unknown-class] "ItemHead", text="28  Clause 14 of Schedule 1"
[parser-unknown-class] "ItemHead", text="29  Clause 14 of Schedule 1 (table)"
[parser-unknown-class] "Table", text=""
[parser-unknown-class] "Table", text="Rent assistance payable to individual who is not a relevant shared carer"
[parser-unknown-class] "Table", text="(Part A—Method 1)"
[parser-unknown-class] "Table", text=""
[parser-unknown-class] "Table", text="Column 1"
[parser-unknown-class] "Table", text="Family situation"
[parser-unknown-class] "Table", text="Column 2"
[parser-unknown-class] "Table", text="Rate A"
[parser-unknown-class] "Table", text="Column 3"
[parser-unknown-class] "Table", text="Rate B"
[parser-unknown-class] "Table", text=""
[parser-unknown-class] "Table", text=""
[parser-unknown-class] "Table", text=""
[parser-unknown-class] "Table", text="Column 3A"
[parser-unknown-class] "Table", text="Column 3B"
[parser-unknown-class] "Table", text=""
[parser-unknown-class] "Table", text=""
[parser-unknown-class] "Table", text=""
[parser-unknown-class] "Table", text="1 or 2 rent assistance children"
[parser-unknown-class] "Table", text="3 or more rent assistance children"
[parser-unknown-class] "Table", text="1"
[parser-unknown-class] "Table", text="Not member of a couple"
[parser-unknown-class] "Table", text="$2,310.45"
[parser-unknown-class] "Table", text="$2,606.10"
[parser-unknown-class] "Table", text="2"
[parser-unknown-class] "Table", text="Member of a couple other than a person who is partnered (partner in gaol) or a member of an illne..."
[parser-unknown-class] "Table", text="$2,310.45"
[parser-unknown-class] "Table", text="$2,606.10"
[parser-unknown-class] "Table", text="3"
[parser-unknown-class] "Table", text="Person who is partnered (partner in gaol) or a member of an illness separated couple or a respite..."
[parser-unknown-class] "Table", text="$2,310.45"
[parser-unknown-class] "Table", text="$2,606.10"
[parser-unknown-class] "Table", text="4"
[parser-unknown-class] "Table", text="Member of a temporarily separated couple"
[parser-unknown-class] "Table", text="$2,310.45"
[parser-unknown-class] "Table", text="$2,606.10"
[parser-unknown-class] "ItemHead", text="30  After clause 14 of Schedule 1"
[parser-unknown-class] "Table", text=""
[parser-unknown-class] "Table", text="Rent assistance payable to individual who is a relevant shared carer"
[parser-unknown-class] "Table", text="(Part A—Method 1)"
[parser-unknown-class] "Table", text=""
[parser-unknown-class] "Table", text="Column 1"
[parser-unknown-class] "Table", text="Family situation"
[parser-unknown-class] "Table", text="Column 2"
[parser-unknown-class] "Table", text="Rate A"
[parser-unknown-class] "Table", text="Column 3"
[parser-unknown-class] "Table", text="Rate B"
[parser-unknown-class] "Table", text="1"
[parser-unknown-class] "Table", text="Not member of a couple"
[parser-unknown-class] "Table", text="$1,981.95"
[parser-unknown-class] "Table", text="2"
[parser-unknown-class] "Table", text="Member of a couple other than a person who is partnered (partner in gaol) or a member of an illne..."
[parser-unknown-class] "Table", text="$1,865.15"
[parser-unknown-class] "Table", text="3"
[parser-unknown-class] "Table", text="Person who is partnered (partner in gaol) or a member of an illness separated couple or a respite..."
[parser-unknown-class] "Table", text="$1,981.95"
[parser-unknown-class] "Table", text="4"
[parser-unknown-class] "Table", text="Member of a temporarily separated couple"
[parser-unknown-class] "Table", text="$1,865.15"
[parser-unknown-class] "ItemHead", text="31  After clause 16 of Schedule 1"
[parser-unknown-class] "ItemHead", text="32  Clause 17 of Schedule 1"
[parser-unknown-class] "ItemHead", text="33  Before clause 20 of Schedule 1"
[parser-unknown-class] "ItemHead", text="34  Clause 20 of Schedule 1"
[parser-unknown-class] "ItemHead", text="35  Clause 20 of Schedule 1 (method statement, step 1)"
[parser-unknown-class] "ItemHead", text="36  After clause 20 of Schedule 1"
[parser-unknown-class] "ItemHead", text="37  Clause 21 of Schedule 1"
[parser-unknown-class] "ItemHead", text="38  After subclause 24(2) of Schedule 1"
[parser-unknown-class] "ItemHead", text="39  Clause 25 of Schedule 1"
[parser-unknown-class] "ItemHead", text="40  Clause 25 of Schedule 1 (method statement, step 2)"
[parser-unknown-class] "BoxStep", text="Step 2. Apply the income test in Division 3 of this Part (clause 28) to work out any reduction fo..."
[parser-unknown-class] "BoxStep", text="Step 3. The individual’s Part A rate is:"
[parser-unknown-class] "ItemHead", text="41  After clause 25 of Schedule 1"
[parser-unknown-class] "ActHead7", text="Part 2—Amendments relating to child care benefit"
[parser-unknown-class] "ItemHead", text="42  Subsection 3(1)"
[parser-unknown-class] "ItemHead", text="43  Subsection 3(1)"
[parser-unknown-class] "ItemHead", text="44  Subsection 3(1)"
[parser-unknown-class] "ItemHead", text="45  Subsection 3(1) (definition of absence)"
[parser-unknown-class] "ItemHead", text="46  Subsection 3(1)"
[parser-unknown-class] "ItemHead", text="47  Subsection 3(1)"
[parser-unknown-class] "ItemHead", text="48  At the end of section 3"
[parser-unknown-class] "ItemHead", text="49  Subsection 8(1)"
[parser-unknown-class] "ItemHead", text="50  At the end of paragraphs 8(2)(a) and (b)"
[parser-unknown-class] "ItemHead", text="51  Subsection 8(4)"
[parser-unknown-class] "ItemHead", text="52  Section 10"
[parser-unknown-class] "ItemHead", text="53  Subsection 11(1)"
[parser-unknown-class] "ItemHead", text="54  Division 4 of Part 3"
[parser-unknown-class] "ItemHead", text="55  Divisions 4 and 5 of Part 4"
[parser-unknown-class] "ItemHead", text="56  Subclause 2(2) of Schedule 2 (definition of part‑time %)"
[parser-unknown-class] "ItemHead", text="57  At the end of subparagraph 7(a)(ii) of Schedule 2"
[parser-unknown-class] "ItemHead", text="58  Clause 8 of Schedule 2"
[parser-unknown-class] "ItemHead", text="59  Clause 8 of Schedule 2 (method statement, step 8)"
[parser-unknown-class] "BoxStep", text="Step 8. The individual’s taxable income % is:"
[parser-unknown-class] "ItemHead", text="60  The subclause of clause 11 in Schedule 2 preceding subclause (2)"
[parser-unknown-class] "ItemHead", text="61  Clause 11 of Schedule 2 (table item 4, column 4)"
[parser-unknown-class] "ItemHead", text="62  Clause 11 of Schedule 2 (table item 6, column 4)"
[parser-unknown-class] "ItemHead", text="63  Clause 11 of Schedule 2 (table item 7 of the table relating to maximum weekly benefit (MWB))"
[parser-unknown-class] "Table", text="7"
[parser-unknown-class] "Table", text="4 or more"
[parser-unknown-class] "Table", text="no"
[parser-unknown-class] "ItemHead", text="64  Clause 11 of Schedule 2 (table item 8, column 4)"
[parser-unknown-class] "ItemHead", text="65  Subclause 11(2) of Schedule 2"
[parser-unknown-class] "ItemHead", text="66  Subclause 11(2) of Schedule 2"
[parser-unknown-class] "ItemHead", text="67  Subclause 11(2) of Schedule 2"
[parser-unknown-class] "ItemHead", text="68  Subclause 11(2) of Schedule 2 (definition of weekly taper amount)"
[parser-unknown-class] "ItemHead", text="69  Clause 12 of Schedule 2"
[parser-unknown-class] "ActHead7", text="Part 3—Common provisions relating to family assistance"
[parser-unknown-class] "ItemHead", text="70  Subsection 3(1) (definition of CPC rate)"
[parser-unknown-class] "ItemHead", text="71  Subsection 3(1) (definition of FTB advance rate)"
[parser-unknown-class] "ItemHead", text="72  Subsection 3(1) (definition of FTB child)"
[parser-unknown-class] "ItemHead", text="73  Subsection 3(1)"
[parser-unknown-class] "ItemHead", text="74  Subsection 3(1)"
[parser-unknown-class] "ItemHead", text="75  After section 3"
[parser-unknown-class] "ItemHead", text="76  Clause 2 of Schedule 3"
[parser-unknown-class] "ItemHead", text="77  At the end of clause 2 of Schedule 3"
[parser-unknown-class] "ItemHead", text="78  After clause 3 of Schedule 3"
[parser-unknown-class] "ItemHead", text="79  Clause 2 of Schedule 4 (table items 4 and 5)"
[parser-unknown-class] "Table", text=""
[parser-unknown-class] "Table", text="4"
[parser-unknown-class] "Table", text="Maximum rent assistance for family tax benefit (Part A—Method 1)"
[parser-unknown-class] "Table", text="FTB RA maximum (A1)"
[parser-unknown-class] "Table", text="[Schedule 1—clause 14—table—column 3—all amounts]"
[parser-unknown-class] "Table", text="Schedule 1—clause 14A—table—column 3—all amounts]"
[parser-unknown-class] "Table", text="5"
[parser-unknown-class] "Table", text="Rent threshold rate for rent assistance for family tax benefit (Part A—Method 1)"
[parser-unknown-class] "Table", text="FTB RA rent threshold (A1)"
[parser-unknown-class] "Table", text="[Schedule 1—subparagraphs 13(1)(f)(i), (ii), (iii) and (iv)]"
[parser-unknown-class] "Table", text="[Schedule 1—subparagraphs 13(1)(fa)(i), (ii), (iii) and (iv)]"
[parser-unknown-class] "Table", text="[Schedule 1—clause 14—table—column 2—all amounts]"
[parser-unknown-class] "Table", text="[Schedule 1—clause 14A—table—column 2—all amounts]"
[parser-unknown-class] "ItemHead", text="80  Clause 3 of Schedule 4 (table items 4 and 5)"
[parser-unknown-class] "ItemHead", text="81  Clause 8 of Schedule 4 (table item 3)"
[parser-unknown-class] "Table", text=""
[parser-unknown-class] "Table", text="3"
[parser-unknown-class] "Table", text="Schedule 1 (clause 13)"
[parser-unknown-class] "Table", text="subparagraph (1)(f)(i), (ii), (iii) or (iv)"
[parser-unknown-class] "Table", text="3A"
[parser-unknown-class] "Table", text="Schedule 1 (clause 13)"
[parser-unknown-class] "Table", text="subparagraph (1)(fa)(i), (ii), (iii) or (iv)"
[parser-unknown-class] "ItemHead", text="82  Clause 8 of Schedule 4 (after table item 4)"
[parser-unknown-class] "Table", text="4A"
[parser-unknown-class] "Table", text="Schedule 1 (clause 14A)"
[parser-unknown-class] "Table", text="table"
[parser-unknown-class] "ItemHead", text="83  Subclause 9(1) of Schedule 4"
[parser-unknown-class] "ActHead6", text="Schedule 2—Amendment of the A New Tax System (Family Assistance) (Administration) Act 1999"
[parser-unknown-class] "ActHead7", text="Part 1—Amendments relating to family tax benefit, maternity allowance and maternity immunisation ..."
[parser-unknown-class] "ItemHead", text="1  Subsection 3(1) (definition of instalment period)"
[parser-unknown-class] "ItemHead", text="2  After paragraph 7(2)(a)"
[parser-unknown-class] "ItemHead", text="3  At the end of subsection 7(2)"
[parser-unknown-class] "ItemHead", text="4  After section 7"
[parser-unknown-class] "ItemHead", text="5  Paragraph 8(7)(a)"
[parser-unknown-class] "ItemHead", text="6  After section 8"
[parser-unknown-class] "ItemHead", text="7  Subparagraph 9(c)(i)"
[parser-unknown-class] "ItemHead", text="8  Subparagraph 10(1)(c)(i)"
[parser-unknown-class] "ItemHead", text="9  Subsection 13(1)"
[parser-unknown-class] "ItemHead", text="10  Subsection 13(2)"
[parser-unknown-class] "ItemHead", text="11  Section 14"
[parser-unknown-class] "ItemHead", text="12  Section 15"
[parser-unknown-class] "ItemHead", text="13  Subsections 16(2) and (3)"
[parser-unknown-class] "ItemHead", text="14  Paragraph 16(4)(a)"
[parser-unknown-class] "ItemHead", text="15  Paragraph 20(1)(b)"
[parser-unknown-class] "ItemHead", text="16  Paragraph 20(1)(c)"
[parser-unknown-class] "ItemHead", text="17  At the end of section 20"
[parser-unknown-class] "ItemHead", text="18  Subsection 22(2)"
[parser-unknown-class] "ItemHead", text="19  Subsection 23(1)"
[parser-unknown-class] "ItemHead", text="20  At the end of subsection 23(4)"
[parser-unknown-class] "ItemHead", text="21  Subsection 23(5)"
[parser-unknown-class] "ItemHead", text="22  Before subsection 23(6)"
[parser-unknown-class] "ItemHead", text="23  Subsection 23(6)"
[parser-unknown-class] "ItemHead", text="24  At the end of subsection 24(2)"
[parser-unknown-class] "ItemHead", text="25  Subsection 24(3)"
[parser-unknown-class] "ItemHead", text="26  Subsection 24(4)"
[parser-unknown-class] "ItemHead", text="27  Section 25"
[parser-unknown-class] "ItemHead", text="28  After section 25"
[parser-unknown-class] "ItemHead", text="29  After section 26"
[parser-unknown-class] "ItemHead", text="30  Paragraph 27(3)(b)"
[parser-unknown-class] "ItemHead", text="31  Paragraph 27(4)(b)"
[parser-unknown-class] "ItemHead", text="32  After subsection 27(4)"
[parser-unknown-class] "ItemHead", text="33  Subsection 27(5)"
[parser-unknown-class] "ItemHead", text="34  Paragraph 27(6)(b)"
[parser-unknown-class] "ItemHead", text="35  After section 27"
[parser-unknown-class] "ItemHead", text="36  After section 28"
[parser-unknown-class] "ItemHead", text="37  Subsection 31(1)"
[parser-unknown-class] "ItemHead", text="38  Paragraph 31(2)(a)"
[parser-unknown-class] "ItemHead", text="39  Paragraph 31(2)(a)"
[parser-unknown-class] "ItemHead", text="40  Paragraph 31(2)(b)"
[parser-unknown-class] "ItemHead", text="41  Subsection 31(2)"
[parser-unknown-class] "ItemHead", text="42  Paragraph 31(3)(a)"
[parser-unknown-class] "ItemHead", text="43  After section 31"
[parser-unknown-class] "ItemHead", text="44  Subsection 32(2)"
[parser-unknown-class] "ItemHead", text="45  Subparagraph 33(1)(a)(ii)"
[parser-unknown-class] "ItemHead", text="46  At the end of subsection 33(1)"
[parser-unknown-class] "ItemHead", text="47  After subsection 33(1)"
[parser-unknown-class] "ItemHead", text="48  Section 35"
[parser-unknown-class] "ItemHead", text="49  Subsection 46(2)"
[parser-unknown-class] "ItemHead", text="50  At the end of subsection 47(2)"
[parser-unknown-class] "ItemHead", text="51  Subsection 47(3)"
[parser-unknown-class] "ItemHead", text="52  Subsection 47(4)"
[parser-unknown-class] "ActHead7", text="Part 2—Amendments relating to child care benefit"
[parser-unknown-class] "ItemHead", text="53  Subsection 3(1)"
[parser-unknown-class] "ItemHead", text="54  Subsection 3(1)"
[parser-unknown-class] "ItemHead", text="55  Subsection 3(1)"
[parser-unknown-class] "ItemHead", text="56  Subsection 3(1)"
[parser-unknown-class] "ItemHead", text="57  Subsection 3(1)"
[parser-unknown-class] "ItemHead", text="58  Subsection 3(1)"
[parser-unknown-class] "ItemHead", text="59  At the end of section 3"
[parser-unknown-class] "ItemHead", text="60  Division 4 of Part 3"
[parser-unknown-class] "ItemHead", text="61  After Part 8"
[parser-unknown-class] "Table", text=""
[parser-unknown-class] "Table", text="Obligation to act on notices received and certificates given"
[parser-unknown-class] "Table", text=""
[parser-unknown-class] "Table", text="Column 1"
[parser-unknown-class] "Table", text="Notice or certificate"
[parser-unknown-class] "Table", text="Column 2"
[parser-unknown-class] "Table", text="Action required to be done by service"
[parser-unknown-class] "Table", text="1"
[parser-unknown-class] "Table", text="Notice under section 50M that the individual has been determined to be conditionally eligible"
[parser-unknown-class] "Table", text="The service must take the following action:"
[parser-unknown-class] "Table", text="2"
[parser-unknown-class] "Table", text="Service certifies a rate applicable to the individual and the child under subsection 76(1) of the..."
[parser-unknown-class] "Table", text="The service must take the following action:"
[parser-unknown-class] "Table", text="3"
[parser-unknown-class] "Table", text="Notice that the Secretary has determined a rate applicable to the individual and the child under ..."
[parser-unknown-class] "Table", text="If the service provides a session of care to the child on any day:"
[parser-unknown-class] "Table", text="the service must take the following action in respect of the session:"
[parser-unknown-class] "Table", text="4"
[parser-unknown-class] "Table", text="Notice of a variation of the determination of conditional eligibility made under section 58A, 58B..."
[parser-unknown-class] "Table", text=""
[parser-unknown-class] "Table", text="The service must cease to reduce fees, for a reason to do with child care benefit, for sessions o..."
[parser-unknown-class] "Table", text="5"
[parser-unknown-class] "Table", text="Notice under subsection 50L(8) that the determination of conditional eligibility in respect of th..."
[parser-unknown-class] "Table", text="The service must cease to reduce fees, for a reason to do with child care benefit, for sessions o..."
[parser-unknown-class] "Table", text="6"
[parser-unknown-class] "Table", text="Notice of a variation of the determination of the weekly limit of hours applicable to the individ..."
[parser-unknown-class] "Table", text="If the service provides a session of care to the child on any day:"
[parser-unknown-class] "Table", text="the service must take the following action in respect of the session:"
[parser-unknown-class] "Table", text="7"
[parser-unknown-class] "Table", text="Service gives a certificate relating to a weekly limit of hours applicable to the individual and ..."
[parser-unknown-class] "Table", text="The service must take the following action:"
[parser-unknown-class] "Table", text="8"
[parser-unknown-class] "Table", text="Notice of a variation of the determination of CCB % applicable to the individual and the child ma..."
[parser-unknown-class] "Table", text="If the service provides a session of care provided to the child on any day:"
[parser-unknown-class] "Table", text="the service must take the following action in respect of the session:"
[parser-unknown-class] "Table", text="9"
[parser-unknown-class] "Table", text="Notice of a variation of the determination of schooling % applicable to the individual and the ch..."
[parser-unknown-class] "Table", text="If the service provides a session of care to the child on any day:"
[parser-unknown-class] "Table", text="the service must take the following action in respect of the session:"
[parser-unknown-class] "Table", text="10"
[parser-unknown-class] "Table", text="Notice under subsection 106(1) or (2), subsection 109B(2) or under section 141A of a review decis..."
[parser-unknown-class] "Table", text="If the service provides a session of care to the child on any day:"
[parser-unknown-class] "Table", text="the service must take the following action in respect of the session:"
[parser-unknown-class] "ActHead7", text="Part 3—Common provisions relating to family assistance"
[parser-unknown-class] "ItemHead", text="62  Subsection 3(1)"
[parser-unknown-class] "ItemHead", text="63  Subsection 3(1)"
[parser-unknown-class] "ItemHead", text="64  Subsection 3(1) (paragraph (c) of the definition of family assistance law)"
[parser-unknown-class] "ItemHead", text="65  Subsection 3(1) (definition of TFN claim person)"
[parser-unknown-class] "ItemHead", text="66  Subsection 3(1) (definition of TFN determination person)"
[parser-unknown-class] "ItemHead", text="67  Subsection 3(1)"
[parser-unknown-class] "ItemHead", text="68  Paragraph 66(1)(f)"
[parser-unknown-class] "ItemHead", text="69  Paragraph 66(2)(a)"
[parser-unknown-class] "ItemHead", text="70  Paragraph 66(2)(b)"
[parser-unknown-class] "ItemHead", text="71  After paragraph 66(2)(b)"
[parser-unknown-class] "ItemHead", text="72  Paragraph 66(2)(c)"
[parser-unknown-class] "ItemHead", text="73  After paragraph 66(2)(c)"
[parser-unknown-class] "ItemHead", text="74  Paragraph 66(2)(e)"
[parser-unknown-class] "ItemHead", text="75  Paragraphs 66(2)(f) and (g)"
[parser-unknown-class] "ItemHead", text="76  Subsection 68(1)"
[parser-unknown-class] "ItemHead", text="77  Section 69"
[parser-unknown-class] "ItemHead", text="78  Section 71"
[parser-unknown-class] "ItemHead", text="79  Paragraph 74(a)"
[parser-unknown-class] "ItemHead", text="80  Paragraphs 77(1)(b) and 78(1)(b)"
[parser-unknown-class] "ItemHead", text="81  Sections 82 and 83"
[parser-unknown-class] "ItemHead", text="82  Section 84"
[parser-unknown-class] "ItemHead", text="83  Section 85"
[parser-unknown-class] "ItemHead", text="84  Subsection 86(1)"
[parser-unknown-class] "ItemHead", text="85  Subsection 86(2)"
[parser-unknown-class] "ItemHead", text="86  Paragraph 86(3)(a)"
[parser-unknown-class] "ItemHead", text="87  Paragraph 86(4)(a)"
[parser-unknown-class] "ItemHead", text="88  Subsection 86(5)"
[parser-unknown-class] "ItemHead", text="89  Subparagraph 86(5)(b)(i)"
[parser-unknown-class] "ItemHead", text="90  Subsection 86(5)"
[parser-unknown-class] "ItemHead", text="91  After section 87"
[parser-unknown-class] "ItemHead", text="92  Subsection 88(6)"
[parser-unknown-class] "ItemHead", text="93  Subparagraph 88(6)(b)(i)"
[parser-unknown-class] "ItemHead", text="94  Subsection 88(6)"
[parser-unknown-class] "ItemHead", text="95  Subparagraph 90(5)(b)(i)"
[parser-unknown-class] "ItemHead", text="96  Subsection 91(1)"
[parser-unknown-class] "ItemHead", text="97  Section 92"
[parser-unknown-class] "ItemHead", text="98  Paragraph 93(1)(a)"
[parser-unknown-class] "ItemHead", text="99  Subparagraph 95(3)(a)(i)"
[parser-unknown-class] "ItemHead", text="100  After subparagraph 95(3)(a)(ii)"
[parser-unknown-class] "ItemHead", text="101  Subsection 95(4)"
[parser-unknown-class] "ItemHead", text="102  Subsection 99(2)"
[parser-unknown-class] "ItemHead", text="103  Division 1 of Part 5"
[parser-unknown-class] "ItemHead", text="104  After subsection 111(1)"
[parser-unknown-class] "ItemHead", text="105  Paragraph 111(2)(a)"
[parser-unknown-class] "ItemHead", text="106  Paragraph 111(2)(b)"
[parser-unknown-class] "ItemHead", text="107  Paragraph 111(2)(c)"
[parser-unknown-class] "ItemHead", text="108  At the end of section 111"
[parser-unknown-class] "ItemHead", text="109  After section 111"
[parser-unknown-class] "ItemHead", text="110  Paragraph 112(1)(a)"
[parser-unknown-class] "ItemHead", text="111  After subsection 112(1)"
[parser-unknown-class] "ItemHead", text="112  Subsection 112(4)"
[parser-unknown-class] "ItemHead", text="113  Subsection 113(2)"
[parser-unknown-class] "ItemHead", text="114  Section 115"
[parser-unknown-class] "ItemHead", text="115  Subsection 118(2)"
[parser-unknown-class] "ItemHead", text="116  After subsection 118(2)"
[parser-unknown-class] "ItemHead", text="117  At the end of section 122"
[parser-unknown-class] "ItemHead", text="118  Section 132"
[parser-unknown-class] "ItemHead", text="119  Paragraph 139(1)(a)"
[parser-unknown-class] "ItemHead", text="120  After paragraph 139(5)(a)"
[parser-unknown-class] "ItemHead", text="121  After section 141"
[parser-unknown-class] "ItemHead", text="122  At the end of section 142"
[parser-unknown-class] "ItemHead", text="123  At the end of paragraph 144(1)(a)"
[parser-unknown-class] "ItemHead", text="124  At the end of paragraph 144(1)(d)"
[parser-unknown-class] "ItemHead", text="125  At the end of section 154"
[parser-unknown-class] "ItemHead", text="126  After section 154"
[parser-unknown-class] "ItemHead", text="127  Paragraph 157(1)(b)"
[parser-unknown-class] "ItemHead", text="128  Subsection 157(3)"
[parser-unknown-class] "ItemHead", text="129  Subsection 161(1)"
[parser-unknown-class] "ItemHead", text="130  At the end of section 171"
[parser-unknown-class] "ItemHead", text="131  Paragraph 173(a)"
[parser-unknown-class] "ItemHead", text="132  At the end of section 173"
[parser-unknown-class] "ItemHead", text="133  Paragraph 174(a)"
[parser-unknown-class] "ItemHead", text="134  Paragraph 174(b)"
[parser-unknown-class] "ItemHead", text="135  Section 175"
[parser-unknown-class] "ItemHead", text="136  After section 175"
[parser-unknown-class] "ItemHead", text="137  Section 176"
[parser-unknown-class] "ItemHead", text="138  Paragraph 178(1)(b)"
[parser-unknown-class] "ItemHead", text="139  Subsection 195(3)"
[parser-unknown-class] "ItemHead", text="140  After subsection 196(2)"
[parser-unknown-class] "ItemHead", text="141  Subsection 221(3)"
[parser-unknown-class] "ItemHead", text="142  Subsections 224(1) and (2)"
[parser-unknown-class] "ItemHead", text="143  Paragraph 226(2)(b)"
[parser-unknown-class] "ItemHead", text="144  Sections 227 and 228"
[parser-unknown-class] "ItemHead", text="145  Subsection 235(5)"
[parser-unknown-class] "ActHead6", text="Schedule 3—Amendment of Social Security Law"
[parser-unknown-class] "ActHead9", text="Social Security Act 1991"
[parser-unknown-class] "ItemHead", text="1  Subsection 17(1) (definition of income cut-out amount)"
[parser-unknown-class] "ItemHead", text="2  At the end of section 17"
[parser-unknown-class] "ItemHead", text="3  Subsection 20(2)"
[parser-unknown-class] "ItemHead", text="4  Subsection 23(1) (paragraph (c) of the definition of family assistance law)"
[parser-unknown-class] "ItemHead", text="5  Subsection 23(1) (paragraph (a) of the definition of payday)"
[parser-unknown-class] "ItemHead", text="6  At the end of subsection 999(1)"
[parser-unknown-class] "ItemHead", text="7  Subsection 1061PZG(1)"
[parser-unknown-class] "ItemHead", text="8  Point 1068B‑A2 (method statement, step 7)"
[parser-unknown-class] "ItemHead", text="9  Point 1068B‑A3 (method statement, step 7)"
[parser-unknown-class] "ItemHead", text="10  Point 1068B‑C2 (first sentence)"
[parser-unknown-class] "ItemHead", text="11  Subsection 1188D(5)"
[parser-unknown-class] "ItemHead", text="12  Subsection 1188F(10)"
[parser-unknown-class] "ItemHead", text="13  Section 1206GA (table item 1, column 2)"
[parser-unknown-class] "ItemHead", text="14  Section 1206GA (table item 1, column 3)"
[parser-unknown-class] "ItemHead", text="15  At the end of Schedule 1A"
[parser-unknown-class] "ActHead9", text="Social Security (Administration) Act 1999"
[parser-unknown-class] "ItemHead", text="16  Subsection 3(5)"
[parser-unknown-class] "ItemHead", text="17  Subsection 10(5)"
[parser-unknown-class] "ItemHead", text="18  Paragraphs 15(5)(e), (f), (g) and (h)"
[parser-unknown-class] "ItemHead", text="19  Sections 19 and 27"
[parser-unknown-class] "ItemHead", text="20  Paragraphs 31(1)(b), (c), (d) and (e)"
[parser-unknown-class] "ItemHead", text="21  Subsection 39(1)"
[parser-unknown-class] "ItemHead", text="22  Subsection 39(2)"
[parser-unknown-class] "ItemHead", text="23  Paragraphs 47(1)(g) and (h)"
[parser-unknown-class] "ItemHead", text="24  Section 71"
[parser-unknown-class] "ItemHead", text="25  Paragraph 72(3)(e)"
[parser-unknown-class] "ItemHead", text="26  Subsection 72(4)"
[parser-unknown-class] "ItemHead", text="27  Subsection 72(5)"
[parser-unknown-class] "ItemHead", text="28  Subsection 72(7)"
[parser-unknown-class] "ItemHead", text="29  Subsections 81(3), (4), (5) and (6)"
[parser-unknown-class] "ItemHead", text="30  Subsections 110(6), (7), (8) and (12)"
[parser-unknown-class] "ItemHead", text="31  Section 113"
[parser-unknown-class] "ItemHead", text="32  Subsection 114(1)"
[parser-unknown-class] "ItemHead", text="33  Paragraph 118(1)(a)"
[parser-unknown-class] "ItemHead", text="34  Section 119"
[parser-unknown-class] "ItemHead", text="35  Paragraph 126(1)(b)"
[parser-unknown-class] "ItemHead", text="36  Paragraph 129(1)(b)"
[parser-unknown-class] "ItemHead", text="37  Subsection 129(2)"
[parser-unknown-class] "ItemHead", text="38  Section 136"
[parser-unknown-class] "ItemHead", text="39  Paragraph 140(1)(e)"
[parser-unknown-class] "ItemHead", text="40  Subsection 142(3)"
[parser-unknown-class] "ItemHead", text="41  Paragraph 144(r)"
[parser-unknown-class] "ItemHead", text="42  Subsection 156(5)"
[parser-unknown-class] "ItemHead", text="43  Subsection 160(4)"
[parser-unknown-class] "ItemHead", text="44  Paragraph 175(1)(a)"
[parser-unknown-class] "ItemHead", text="45  Paragraph 175(5)(c)"
[parser-unknown-class] "ItemHead", text="46  Paragraph 178(1)(a)"
[parser-unknown-class] "ItemHead", text="47  Subsection 179(5)"
[parser-unknown-class] "ItemHead", text="48  Sections 202 and 207"
[parser-unknown-class] "ItemHead", text="49  Paragraph 208(1)(a)"
[parser-unknown-class] "ItemHead", text="50  Clause 1 of Schedule 1 (paragraphs (d), (e) and (h) of the definition of social security peri..."
[parser-unknown-class] "ItemHead", text="51  Paragraph 4(2)(b) of Schedule 2"
[parser-unknown-class] "ItemHead", text="52  Clauses 20 to 27 (inclusive) of Schedule 2"
[parser-unknown-class] "ItemHead", text="53  Clause 36 of Schedule 2"
[parser-unknown-class] "ItemHead", text="54  Subclauses 19(2), (3), (5) and (7) of Schedule 3"
[parser-unknown-class] "ItemHead", text="55  Clause 20 of Schedule 3"
[parser-unknown-class] "ActHead9", text="Social Security (International Agreements) Act 1999"
[parser-unknown-class] "ItemHead", text="56  Paragraphs 13(e), (f) and (g)"
[parser-unknown-class] "ItemHead", text="57  After section 14"
[parser-unknown-class] "Table", text=""
[parser-unknown-class] "Table", text="Additional child amounts"
[parser-unknown-class] "Table", text="Item"
[parser-unknown-class] "Table", text="Family situation"
[parser-unknown-class] "Table", text="Additional child amount"
[parser-unknown-class] "Table", text="1"
[parser-unknown-class] "Table", text="For each dependent child under 13 years of age"
[parser-unknown-class] "Table", text="$1,957.80"
[parser-unknown-class] "Table", text="2"
[parser-unknown-class] "Table", text="For each dependent child who has reached 13, but is under 15, years of age"
[parser-unknown-class] "Table", text="$2,732.60"
[parser-unknown-class] "Table", text="3"
[parser-unknown-class] "Table", text="For a person without a partner"
[parser-unknown-class] "Table", text="$962.00"
[parser-unknown-class] "ActHead6", text="Schedule 4—Amendment of other Acts"
[parser-unknown-class] "ActHead9", text="A New Tax System (Bonuses for Older Australians) Act 1999"
[parser-unknown-class] "ItemHead", text="1  Section 19"
[parser-unknown-class] "ActHead9", text="Child Support (Assessment) Act 1989"
[parser-unknown-class] "ItemHead", text="2  Paragraph 39(2)(b) (definition of base FTB rate)"
[parser-unknown-class] "ItemHead", text="3  Paragraph 39(2)(b) (definition of standard FTB rate)"
[parser-unknown-class] "ItemHead", text="4  Paragraph 89(4)(b)"
[parser-unknown-class] "ItemHead", text="5  Paragraph 91A(1)(b)"
[parser-unknown-class] "ItemHead", text="6  Subsection 91A(3)"
[parser-unknown-class] "ItemHead", text="7  Paragraph 92(4)(a)"
[parser-unknown-class] "ItemHead", text="8  Subsection 151(4)"
[parser-unknown-class] "ItemHead", text="9  Subsections 151A(2), (3) and (4)"
[parser-unknown-class] "ActHead9", text="Health Insurance Act 1973"
[parser-unknown-class] "ItemHead", text="10  Paragraph 5EAA(b)"
[parser-unknown-class] "ActHead9", text="Income Tax Assessment Act 1936"
[parser-unknown-class] "ItemHead", text="11  Sub‑subparagraph 23AB(7)(a)(ii)(AA)"
[parser-unknown-class] "ItemHead", text="12  Sub‑subparagraph 23AB(7)(a)(ii)(BA)"
[parser-unknown-class] "ItemHead", text="13  Sub‑subparagraph 23AB(7)(a)(ii)(D)"
[parser-unknown-class] "ItemHead", text="14  Subsection 23AB(7) (note 1)"
[parser-unknown-class] "ItemHead", text="15  Subsection 79A(4) (paragraph (aa) of the definition of relevant rebate amount)"
[parser-unknown-class] "ItemHead", text="16  Subsection 79A(4) (paragraph (ba) of the definition of relevant rebate amount)"
[parser-unknown-class] "ItemHead", text="17  Subsection 79A(4) (paragraph (d) of the definition of relevant rebate amount)"
[parser-unknown-class] "ItemHead", text="18  Subsection 79A(4) (definition of relevant rebate amount, note 1)"
[parser-unknown-class] "ItemHead", text="19  Subsection 79B(6) (paragraph (aa) of the definition of concessional rebate amount)"
[parser-unknown-class] "ItemHead", text="20  Subsection 79B(6) (paragraph (ba) of the definition of concessional rebate amount)"
[parser-unknown-class] "ItemHead", text="21  Subsection 79B(6) (paragraph (d) of the definition of concessional rebate amount)"
[parser-unknown-class] "ItemHead", text="22  Subsection 79B(6) (definition of concessional rebate amount, note 1)"
[parser-unknown-class] "ItemHead", text="23  Subsection 159J(1AA)"
[parser-unknown-class] "ItemHead", text="24  Paragraphs 159J(3)(e) and (f)"
[parser-unknown-class] "ItemHead", text="25  After subsection 159J(3)"
[parser-unknown-class] "ItemHead", text="26  Subsection 159L(3A)"
[parser-unknown-class] "ItemHead", text="27  After subsection 159L(5)"
[parser-unknown-class] "ItemHead", text="28  Subsection 251R(5)"
[parser-unknown-class] "ItemHead", text="29  Application"
[parser-unknown-class] "ActHead9", text="Medicare Levy Act 1986"
[parser-unknown-class] "ActHead6", text="Schedule 5—Transitional and saving provisions associated with the establishment of a scheme for t..."
[parser-unknown-class] "ItemHead", text="1  Definitions"
[parser-unknown-class] "Subitem", text="(1) In this Schedule, unless the contrary intention appears:"
[parser-unknown-class] "Subitem", text="(2) Any organisation that, immediately before 1 July 2000, was an approved care organisation for ..."
[parser-unknown-class] "Subitem", text="(3) For the purposes of this Part, an individual or an approved care organisation is taken to be ..."
[parser-unknown-class] "ItemHead", text="2  Individuals receiving family benefit treated as having lodged effective claim for family tax b..."
[parser-unknown-class] "Subitem", text="(1) If, immediately before 1 July 2000, an individual was receiving family benefit, then, with ef..."
[parser-unknown-class] "Subitem", text="(2) If, before 1 July 2000, an individual receiving family benefit had provided bank account deta..."
[parser-unknown-class] "ItemHead", text="3  Approved care organisations receiving family allowance treated as having lodged effective clai..."
[parser-unknown-class] "Subitem", text="(1) If, immediately before 1 July 2000, an approved care organisation was receiving family allowa..."
[parser-unknown-class] "Subitem", text="(2) If, before 1 July 2000, the organisation had provided bank account details for the purposes o..."
[parser-unknown-class] "ItemHead", text="4  Special rules relating to outstanding TFN requirements"
[parser-unknown-class] "Subitem", text="If:"
[parser-unknown-class] "ItemHead", text="5  Special rules relating to outstanding bank account requirements"
[parser-unknown-class] "Subitem", text="If:"
[parser-unknown-class] "ItemHead", text="6  The making of determinations"
[parser-unknown-class] "Subitem", text="(1) On, or as soon as practicable after, 1 July 2000, the Secretary will assess the eligibility f..."
[parser-unknown-class] "Subitem", text="(2) If, for the purposes of making a determination under section 16 of the Family Assistance Admi..."
[parser-unknown-class] "Subitem", text="(3) For the avoidance of doubt, such a determination does not prevent an individual or organisati..."
[parser-unknown-class] "ItemHead", text="7  Directions concerning payments to third parties"
[parser-unknown-class] "ItemHead", text="8  Instalment periods"
[parser-unknown-class] "Subitem", text="(1) If:"
[parser-unknown-class] "Subitem", text="(2) If:"
[parser-unknown-class] "ItemHead", text="9  Claims for family benefit that are undetermined as at 1 July 2000"
[parser-unknown-class] "Subitem", text="(1) If:"
[parser-unknown-class] "Subitem", text="(2) If:"
[parser-unknown-class] "Subitem", text="(3) If:"
[parser-unknown-class] "Subitem", text="(4) If:"
[parser-unknown-class] "ItemHead", text="10  Certain claims for family benefit will be admitted on or after 1 July 2000"
[parser-unknown-class] "Subitem", text="(1) In this item:"
[parser-unknown-class] "Subitem", text="(2) If:"
[parser-unknown-class] "ItemHead", text="11  Transfer of claims for maternity allowance or maternity immunisation allowance from social se..."
[parser-unknown-class] "Subitem", text="(1) If:"
[parser-unknown-class] "Subitem", text="(2) If a person purports to claim maternity allowance or maternity immunisation allowance under t..."
[parser-unknown-class] "Subitem", text="(3) A person who has been paid maternity allowance or maternity immunisation allowance under the ..."
[parser-unknown-class] "ItemHead", text="12  Applications for family benefit, maternity allowance or maternity immunisation allowance made..."
[parser-unknown-class] "Subitem", text="(1) If:"
[parser-unknown-class] "Subitem", text="(2) If:"
[parser-unknown-class] "Subitem", text="(3) If the Secretary pays an amount under subitem (1) in respect of family benefit of a particula..."
[parser-unknown-class] "Subitem", text="(4) If the Secretary pays an amount under subitem (2) in respect of a particular child, the Commo..."
[parser-unknown-class] "Subitem", text="(5) For the purpose of Part 5 of the Family Assistance Administration Act, a decision of the Secr..."
[parser-unknown-class] "ItemHead", text="13  Claims for advance payment under Social Security Law"
[parser-unknown-class] "Subitem", text="(1) If:"
[parser-unknown-class] "Subitem", text="(2) For the avoidance of doubt, an individual who is treated, by virtue of the operation of subit..."
[parser-unknown-class] "ItemHead", text="14  Saving provision relating to information collection"
[parser-unknown-class] "ItemHead", text="15  Portability"
[parser-unknown-class] "Subitem", text="(1) If:"
[parser-unknown-class] "Subitem", text="(2) In determining whether the period of absence of the child extends for 3 years beginning on th..."
[parser-unknown-class] "Subitem", text="(3) If:"
[parser-unknown-class] "Subitem", text="(4) If:"
[parser-unknown-class] "ItemHead", text="16  Lump sum bereavement payments for certain persons receiving non‑benefit PP (partnered) at dea..."
[parser-unknown-class] "Subitem", text="(1) If:"
[parser-unknown-class] "Subitem", text="(2) For the purposes of Part 4 of the Social Security (Administration) Act 1999, a decision made ..."
[parser-unknown-class] "ItemHead", text="17  Lump sum bereavement payments for certain persons receiving family tax payment at death of child"
[parser-unknown-class] "Subitem", text="(1) If:"
[parser-unknown-class] "Subitem", text="(2) For the purposes of Part 4 of the Social Security (Administration) Act 1999, a decision made ..."
[parser-unknown-class] "ItemHead", text="18  Lump sum bereavement payments for certain persons receiving family allowance at death of child"
[parser-unknown-class] "Subitem", text="(1) If:"
[parser-unknown-class] "Subitem", text="(2) For the purposes of Part 4 of the Social Security (Administration) Act 1999, a decision under..."
[parser-unknown-class] "ItemHead", text="19  Set‑offs"
[parser-unknown-class] "Subitem", text="(1) If:"
[parser-unknown-class] "Subitem", text="(2) If the person continued to receive non‑benefit PP (partnered) after 30 June 2000 in respect o..."
[parser-unknown-class] "Subitem", text="(3) If the person continued to receive family tax payment after 30 June 2000 and the rate of the ..."
[parser-unknown-class] "Subitem", text="(4) If the person continued to receive family allowance after 30 June 2000 and the rate of the al..."
[parser-unknown-class] "ItemHead", text="20  Bereavement payments in relation to the death of a recipient"
[parser-unknown-class] "Subitem", text="(1) Despite the repeal of section 513A of the Social Security Act 1991 as in force before 1 July ..."
[parser-unknown-class] "Subitem", text="(2) For the purposes of subitem (1), section 513A of the Social Security Act 1991 as so continued..."
[parser-unknown-class] "Subitem", text="(3) Despite the repeal of section 900 of the Social Security Act 1991 as in force before 1 July 2..."
[parser-unknown-class] "Subitem", text="(4) For the purposes of subitem (3), section 900 of the Social Security Act 1991 as so continued ..."
[parser-unknown-class] "Subitem", text="(5) For the purposes of Part 4 of the Social Security (Administration) Act 1999, a decision made ..."
[parser-unknown-class] "ItemHead", text="21  Provision of TFNs in certain circumstances under Social Security Act 1991 taken to be provisi..."
[parser-unknown-class] "Subitem", text="If the tax file number of an individual has been provided to the Secretary:"
[parser-unknown-class] "ItemHead", text="22  Saving provision—Part A rate of family tax benefit for families with children not subject to ..."
[parser-unknown-class] "Subitem", text="(1) This item applies to an individual who, immediately before 1 July 2000:"
[parser-unknown-class] "Subitem", text="(2) If, on or after 1 July 2000, an individual to whom this item applies has at least one FTB chi..."
[parser-unknown-class] "Subitem", text="(3) If, at any time, an individual begins to receive a Part A rate of family tax benefit calculat..."
[parser-unknown-class] "ActHead6", text="Schedule 6—Transitional provisions associated with the establishment of a scheme for the payment ..."
[parser-unknown-class] "ItemHead", text="1  Definitions"
[parser-unknown-class] "ItemHead", text="2  Special rules relating to individual entitled to childcare assistance before 1 July 2000"
[parser-unknown-class] "Subitem", text="(1) If, before 1 July 2000:"
[parser-unknown-class] "Subitem", text="(2) If:"
[parser-unknown-class] "Subitem", text="(3) If:"
[parser-unknown-class] "Subitem", text="(4) If, immediately before 1 July 2000, the child is meeting the immunisation requirements set ou..."
[parser-unknown-class] "ItemHead", text="3  Special rules if individual claiming child care rebate and receiving family allowance returns ..."
[parser-unknown-class] "Subitem", text="(1) If:"
[parser-unknown-class] "Subitem", text="(2) If, immediately before 1 July 2000, the child is meeting the immunisation requirements set ou..."
[parser-unknown-class] "ItemHead", text="4  Individuals may make a claim for child care benefit by fee reduction before 1 July 2000"
[parser-unknown-class] "ItemHead", text="5  Minimum CCB % if individual objects to use of tax file number given previously"
[parser-unknown-class] "Subitem", text="(1) This item applies to an individual referred to in subitems 2(1) and 3(1)."
[parser-unknown-class] "Subitem", text="(2) If:"
[parser-unknown-class] "ItemHead", text="6  Special rules relating to status of a child"
[parser-unknown-class] "Subitem", text="(1) If:"
[parser-unknown-class] "Subitem", text="(2) The determination referred to in paragraph (1)(d) is taken to have been made on:"
[parser-unknown-class] "ItemHead", text="7  Special rules relating to residence"
[parser-unknown-class] "Subitem", text="(1) If:"
[parser-unknown-class] "Subitem", text="(2) The determination is taken to have been made on:"
[parser-unknown-class] "ItemHead", text="8  Special rules relating to tax file numbers provided for another purpose"
[parser-unknown-class] "ItemHead", text="9  Special rules relating to TFN requirements"
[parser-unknown-class] "Subitem", text="(1) If:"
[parser-unknown-class] "Subitem", text="(2) If, under a decision made under the childcare assistance scheme, an individual has been exemp..."
[parser-unknown-class] "ItemHead", text="10  Special rules relating to a childcare assistance agreement in force immediately before 1 July..."
[parser-unknown-class] "SubitemHead", text="Agreement to which this item relates"
[parser-unknown-class] "Subitem", text="(1) This item applies to a childcare assistance agreement that was in force immediately before 1 ..."
[parser-unknown-class] "SubitemHead", text="Agreement ceases to operate for grants for fee reductions after 1 July 2000 except in certain cir..."
[parser-unknown-class] "Subitem", text="(2) Except in the limited circumstances set out in subitem (3) or (4), on and after 1 July 2000, ..."
[parser-unknown-class] "SubitemHead", text="Matters in respect of which agreement continues to operate"
[parser-unknown-class] "Subitem", text="(3) An agreement to which this item applies does operate, in respect of a grant to reimburse the ..."
[parser-unknown-class] "Subitem", text="(4) An agreement to which this item applies does operate, in respect of a grant to reimburse the ..."
[parser-unknown-class] "Subitem", text="(5) On and after 1 July 2000, an agreement to which this item applies does operate, in respect of..."
[parser-unknown-class] "Subitem", text="(6) On and after 1 July 2000, an agreement to which this item applies operates for the purposes o..."
[parser-unknown-class] "SubitemHead", text="Commonwealth under no obligation to make further grants under agreement"
[parser-unknown-class] "Subitem", text="(7) The operation of an agreement to which this item applies is limited in that the Commonwealth ..."
[parser-unknown-class] "SubitemHead", text="Child Care Act, guidelines etc. to be treated as in force"
[parser-unknown-class] "Subitem", text="(8) For the purposes of an agreement to which this item applies in so far as it relates to a gran..."
[parser-unknown-class] "ItemHead", text="11  Childcare assistance agreement services to become approved child care services under section ..."
[parser-unknown-class] "SubitemHead", text="Long day care services"
[parser-unknown-class] "Subitem", text="(1) If:"
[parser-unknown-class] "SubitemHead", text="Family day care services"
[parser-unknown-class] "Subitem", text="(2) If a childcare assistance agreement is in force in respect of a family day care service immed..."
[parser-unknown-class] "SubitemHead", text="Occasional care services"
[parser-unknown-class] "Subitem", text="(3) If a childcare assistance agreement is in force in respect of an occasional care service imme..."
[parser-unknown-class] "SubitemHead", text="Outside school hours care services"
[parser-unknown-class] "Subitem", text="(4) If a childcare assistance agreement is in force in respect of an outside school hours care se..."
[parser-unknown-class] "SubitemHead", text="Requirement of subsection 195(3) of the Family Assistance Administration Act need not be complied..."
[parser-unknown-class] "Subitem", text="(5) For an approved child care service referred to in subitems (1) to (4) (inclusive), the Secret..."
[parser-unknown-class] "SubitemHead", text="If long day care services subject to a sanction (other than suspension) on 30 June 2000, sanction..."
[parser-unknown-class] "Subitem", text="(6) If a long day care service is, immediately before 1 July 2000, subject to a sanction, other t..."
[parser-unknown-class] "ItemHead", text="12  Special condition of continuing approval of approved child care services referred to in item 11"
[parser-unknown-class] "ItemHead", text="13  Debts under childcare assistance agreements to be recoverable under the Family Assistance Adm..."
[parser-unknown-class] "Subitem", text="(1) If:"
[parser-unknown-class] "Subitem", text="(2) If the debt has been partially recovered under the childcare assistance scheme before 1 July ..."
[parser-unknown-class] "ItemHead", text="14  Minister may terminate childcare assistance agreements"
[parser-unknown-class] "Subitem", text="(1) If:"
[parser-unknown-class] "Subitem", text="(2) The determination has effect accordingly."
[parser-unknown-class] "ItemHead", text="15  Old sanctions to be taken into account by Secretary when considering applications under secti..."
[parser-unknown-class] "ItemHead", text="16  Special rules relating to claims for childcare assistance"
[parser-unknown-class] "SubitemHead", text="Claims for childcare assistance that are undetermined as at 1 July 2000"
[parser-unknown-class] "Subitem", text="(1) If:"
[parser-unknown-class] "SubitemHead", text="Claims lodged after 1 July 2000"
[parser-unknown-class] "Subitem", text="(2) Despite the termination of the childcare assistance scheme on 1 July 2000, a person may lodge..."
[parser-unknown-class] "ItemHead", text="17  Special rules relating to sessions of care"
[parser-unknown-class] "ItemHead", text="18  Special rules relating to vacation care"
[parser-unknown-class] "ItemHead", text="19  Special rules relating to registered carers under section 49 of the Childcare Rebate Act"
[parser-unknown-class] "SubitemHead", text="Most registered carers to be treated as registered carers under the child care benefits scheme"
[parser-unknown-class] "Subitem", text="(1) If:"
[parser-unknown-class] "SubitemHead", text="Applications for registration as a carer under section 49 of the Childcare Rebate Act that are un..."
[parser-unknown-class] "Subitem", text="(2) If:"
[parser-unknown-class] "SubitemHead", text="Applications for registration as a carer under section 49 of the Childcare Rebate Act lodged afte..."
[parser-unknown-class] "Subitem", text="(3) Despite the repeal of the Childcare Rebate Act 1993 on 1 July 2000, a person or body may appl..."
[parser-unknown-class] "ItemHead", text="20  Special rules relating to claims for child care rebate"
[parser-unknown-class] "SubitemHead", text="Claims for child care rebate that are undetermined as at 1 July 2000"
[parser-unknown-class] "Subitem", text="(1) If:"
[parser-unknown-class] "SubitemHead", text="Claims for child care rebate made after 1 July 2000 for care provided before 1 July 2000"
[parser-unknown-class] "Subitem", text="(2) Despite the repeal of the Childcare Rebate Act 1993 on 1 July 2000, a person may lodge a clai..."
[parser-unknown-class] "Subitem", text="(3) If a session of care provided by a child care service starts before 1 July 2000 and continues..."
[parser-unknown-class] "Subitem", text="(4) If a period of vacation care provided by an outside school hours care service starts before 1..."
[parser-unknown-class] "ItemHead", text="21  Special rules relating to registration of families"
[parser-unknown-class] "SubitemHead", text="Applications for registration of a family under section 19 of the Childcare Rebate Act that are u..."
[parser-unknown-class] "Subitem", text="(1) If:"
[parser-unknown-class] "SubitemHead", text="Applications for registration of a family under section 19 of the Childcare Rebate Act lodged aft..."
[parser-unknown-class] "Subitem", text="(2) Despite the repeal of the Childcare Rebate Act 1993 on 1 July 2000, an individual may apply, ..."
[parser-unknown-class] "ItemHead", text="22  Health Insurance Commission’s functions and powers in relation to child care rebate to contin..."
[parser-unknown-class] "Subitem", text="(1) The Health Insurance Commission must deal with the following matters:"
[parser-unknown-class] "Subitem", text="(2) In respect of the Commission’s powers under subitem (1), the Commission may, under subsection..."
[parser-unknown-class] "ItemHead", text="23  Other transitional matters may be provided for in regulations"
[parser-diag] processed 4641 <p> elements
[parser-diag] last section was added at element index: 4019
[parse] sections: 279
[parse] compilation: date=(none) no=(none)
[parse] by level:
         section      238
[parser-diag] state phase at end: BODY
[parser-diag] hierarchy stack depth at end: 4
[parser-diag] insideSchedule at end: false
         division     7
         subdivision  33
         part         1
[db] inserted new legislation row: cc79be24-b9e9-4f44-9b8b-c19232100f86
[db] inserting 279 sections (pass 1)
[db] inserted 279 sections
[db] linking parent FKs (pass 2)
[db] linked 259 parent references

[done] ingested A New Tax System (Family Assistance and Related Measures) Act 2000
       legislation_id: cc79be24-b9e9-4f44-9b8b-c19232100f86
       sections: 279
       compilation: 2000-07-01
