[fetch] document_1: https://www.legislation.gov.au/C2004A04969/2024-10-14/2024-10-14/text/original/epub/OEBPS/document_1/document_1.html
[fetch] document_1: 1,173,273 bytes
[fetch] document_2: https://www.legislation.gov.au/C2004A04969/2024-10-14/2024-10-14/text/original/epub/OEBPS/document_2/document_2.html
[fetch] document_2 not found — stopping. Fetched 1 document(s).
[fetch] combined 1 document(s), 1,173,273 source bytes → 1,170,539 combined bytes
[citation] Trade (Cth)
[parse] starting
[parser-diag] total <p> elements found: 4383
[parser-diag] processed 4383 <p> elements
[parse] sections: 364
[parse] compilation: date=2024-10-14 no=47
[parser-diag] last section was added at element index: 3427
[parser-diag] state phase at end: ENDNOTES
[parser-diag] hierarchy stack depth at end: 3
[parser-diag] insideSchedule at end: false
[parse] by level:
         part         23
         section      315
         division     23
         subdivision  3
[db] inserted new legislation row: a3f12b97-221f-4ad2-b4bb-336122131388
[db] inserting 364 sections (pass 1)
[db] inserted 364 sections
[db] linking parent FKs (pass 2)
[db] linked 341 parent references

[done] ingested Trade
       legislation_id: a3f12b97-221f-4ad2-b4bb-336122131388
       sections: 364
       compilation: 2024-10-14
