[fetch] document_1: https://www.legislation.gov.au/C2004A00454/1999-07-08/1999-07-08/text/original/epub/OEBPS/document_1/document_1.html
[fetch] document_1: 12,550 bytes
[fetch] document_2: https://www.legislation.gov.au/C2004A00454/1999-07-08/1999-07-08/text/original/epub/OEBPS/document_2/document_2.html
[fetch] document_2 not found — stopping. Fetched 1 document(s).
[fetch] combined 1 document(s), 12,550 source bytes → 11,612 combined bytes
[citation] A New Tax System (Wine Equalisation Tax Imposition—Customs) Act 1999 (Cth)
[parse] starting
[parser-diag] total <p> elements found: 59
[parser-unknown-class] "Subsection", text="This Act may be cited as the A New Tax System (Wine Equalisation Tax Imposition—Customs) Act 1999."
[parser-unknown-class] "Subsection", text="This Act commences on 1 July 2000."
[parser-unknown-class] "Subsection", text="(1) The tax that is payable under the wine tax law (within the meaning of the A New Tax System (W..."
[parser-unknown-class] "Subsection", text="(2) This section imposes wine tax only so far as that tax is a duty of customs within the meaning..."
[parser-unknown-class] "Subsection", text="The rate of wine tax payable under the A New Tax System (Wine Equalisation Tax) Act 1999 is 29%."
[parser-unknown-class] "Subsection", text="(1) This Act does not impose a tax on property of any kind belonging to a State."
[parser-unknown-class] "Subsection", text="(2) Property of any kind belonging to a State has the same meaning as in section 114 of the Const..."
[parser-unknown-class] "Subsection", text=""
[parser-diag] processed 59 <p> elements
[parser-diag] last section was added at element index: 48
[parser-diag] state phase at end: BODY
[parser-diag] hierarchy stack depth at end: 1
[parser-diag] insideSchedule at end: false
[parse] sections: 5
[parse] compilation: date=(none) no=(none)
[parse] by level:
         section      5
[db] inserted new legislation row: 035af892-67d5-4da1-8bb6-f2a5306fdd5e
[db] inserting 5 sections (pass 1)
[db] inserted 5 sections
[db] linking parent FKs (pass 2)
[db] linked 0 parent references

[done] ingested A New Tax System (Wine Equalisation Tax Imposition—Customs) Act 1999
       legislation_id: 035af892-67d5-4da1-8bb6-f2a5306fdd5e
       sections: 5
       compilation: 1999-07-08
