[fetch] document_1: https://www.legislation.gov.au/C2005A00006/2005-02-18/2005-02-18/text/original/epub/OEBPS/document_1/document_1.html
[fetch] document_1: 22,088 bytes
[fetch] document_2: https://www.legislation.gov.au/C2005A00006/2005-02-18/2005-02-18/text/original/epub/OEBPS/document_2/document_2.html
[fetch] document_2 not found — stopping. Fetched 1 document(s).
[fetch] combined 1 document(s), 22,088 source bytes → 21,136 combined bytes
[citation] Australian Passports (Application Fees) Act 2005 (Cth)
[parse] starting
[parser-diag] total <p> elements found: 93
[parser-diag] processed 93 <p> elements
[parse] sections: 0
[parse] compilation: date=(none) no=(none)
[parse] by level:
[parser-diag] last section was added at element index: -1
[parser-diag] state phase at end: PRE_BODY
[parser-diag] hierarchy stack depth at end: 0
[parser-diag] insideSchedule at end: false
[db] inserted new legislation row: 3576aea9-6949-4ae1-9d29-ac3de405f3f3
[db] inserting 0 sections (pass 1)
[db] inserted 0 sections
[db] linking parent FKs (pass 2)
[db] linked 0 parent references

[done] ingested Australian Passports (Application Fees) Act 2005
       legislation_id: 3576aea9-6949-4ae1-9d29-ac3de405f3f3
       sections: 0
       compilation: 2005-02-18
