[fetch] document_1: https://www.legislation.gov.au/C2004A04501/1992-12-24/1992-12-24/text/original/epub/OEBPS/document_1/document_1.html
[fetch] document_1: 1,784,289 bytes
[fetch] document_2: https://www.legislation.gov.au/C2004A04501/1992-12-24/1992-12-24/text/original/epub/OEBPS/document_2/document_2.html
[fetch] document_2 not found — stopping. Fetched 1 document(s).
[fetch] combined 1 document(s), 1,784,289 source bytes → 1,783,501 combined bytes
[citation] Corporate Law Reform Act 1992 (Cth)
[parse] starting
[parser-diag] total <p> elements found: 6127
[parser-diag] processed 6127 <p> elements
[parser-diag] last section was added at element index: -1
[parser-diag] state phase at end: PRE_BODY
[parser-diag] hierarchy stack depth at end: 0
[parser-diag] insideSchedule at end: false
[parse] sections: 0
[parse] compilation: date=(none) no=(none)
[parse] by level:
[db] inserted new legislation row: bcfbcb75-5ae1-4a98-a7d5-6b1832291172
[db] inserting 0 sections (pass 1)
[db] inserted 0 sections
[db] linking parent FKs (pass 2)
[db] linked 0 parent references

[done] ingested Corporate Law Reform Act 1992
       legislation_id: bcfbcb75-5ae1-4a98-a7d5-6b1832291172
       sections: 0
       compilation: 1992-12-24
