[fetch] document_1: https://www.legislation.gov.au/C2006A00065/2007-03-15/2007-03-15/text/original/epub/OEBPS/document_1/document_1.html
[fetch] document_1: 281,258 bytes
[fetch] document_2: https://www.legislation.gov.au/C2006A00065/2007-03-15/2007-03-15/text/original/epub/OEBPS/document_2/document_2.html
[fetch] document_2 not found — stopping. Fetched 1 document(s).
[fetch] combined 1 document(s), 281,258 source bytes → 279,905 combined bytes
[citation] Electoral and Referendum Amendment (Electoral Integrity and Other Measures) Act 2006 (Cth)
[parse] starting
[parser-diag] total <p> elements found: 1065
[parser-unknown-class] "ActHead6", text="Schedule 1—Main amendments"
[parser-unknown-class] "ActHead9", text="Commonwealth Electoral Act 1918"
[parser-unknown-class] "ItemHead", text="1  Subsection 4(1)"
[parser-unknown-class] "ItemHead", text="2  Subsection 4(1)"
[parser-unknown-class] "ItemHead", text="3  Subsection 4(1)"
[parser-unknown-class] "ItemHead", text="4  After subsection 4(1)"
[parser-unknown-class] "ItemHead", text="5  Subsection 17(2A)"
[parser-unknown-class] "ItemHead", text="6  Section 38"
[parser-unknown-class] "ItemHead", text="7  Application of item 6"
[parser-unknown-class] "ItemHead", text="8  Subsection 90B(4) (at the end of the table)"
[parser-unknown-class] "ItemHead", text="9  Paragraph 90B(9)(b)"
[parser-unknown-class] "ItemHead", text="10  After subsection 91A(2B)"
[parser-unknown-class] "ItemHead", text="11  At the end of subsection 91B(3)"
[parser-unknown-class] "ItemHead", text="12  Subsection 92(1)"
[parser-unknown-class] "ItemHead", text="13  Subsection 93(2)"
[parser-unknown-class] "ItemHead", text="14  Paragraph 93(8)(b)"
[parser-unknown-class] "ItemHead", text="15  Subsection 93(8AA)"
[parser-unknown-class] "ItemHead", text="16  Application of items 14 and 15"
[parser-unknown-class] "ItemHead", text="17  Paragraph 94A(2)(c)"
[parser-unknown-class] "ItemHead", text="18  At the end of subsection 94A(2)"
[parser-unknown-class] "ItemHead", text="19  After subsection 94A(2)"
[parser-unknown-class] "ItemHead", text="20  Paragraph 94A(4)(a)"
[parser-unknown-class] "ItemHead", text="21  Paragraph 95(2)(c)"
[parser-unknown-class] "ItemHead", text="22  At the end of subsection 95(2)"
[parser-unknown-class] "ItemHead", text="23  After subsection 95(2)"
[parser-unknown-class] "ItemHead", text="24  Subsection 95(4)"
[parser-unknown-class] "ItemHead", text="25  At the end of paragraph 96(2)(c)"
[parser-unknown-class] "ItemHead", text="26  At the end of subsection 96(2)"
[parser-unknown-class] "ItemHead", text="27  After subsection 96(2)"
[parser-unknown-class] "ItemHead", text="28  Subsection 96(4)"
[parser-unknown-class] "ItemHead", text="29  Before section 98"
[parser-unknown-class] "ItemHead", text="30  At the end of paragraph 98(2)(c)"
[parser-unknown-class] "ItemHead", text="31  At the end of subsection 98(2)"
[parser-unknown-class] "ItemHead", text="32  After subsection 98(2)"
[parser-unknown-class] "ItemHead", text="33  Paragraph 99A(4)(c)"
[parser-unknown-class] "ItemHead", text="34  At the end of subsection 99A(4)"
[parser-unknown-class] "ItemHead", text="35  After subsection 99A(4)"
[parser-unknown-class] "ItemHead", text="36  After section 99A"
[parser-unknown-class] "ItemHead", text="37  Paragraph 99B(1)(b)"
[parser-unknown-class] "ItemHead", text="38  Subsection 99B(6)"
[parser-unknown-class] "ItemHead", text="39  Subsection 102(1)"
[parser-unknown-class] "ItemHead", text="40  Subsection 102(2A)"
[parser-unknown-class] "ItemHead", text="41  Subsection 102(4)"
[parser-unknown-class] "ItemHead", text="42  Paragraph 102(4A)(a)"
[parser-unknown-class] "ItemHead", text="43  Subparagraph 102(4A)(b)(ii)"
[parser-unknown-class] "ItemHead", text="44  Subsection 102(4B)"
[parser-unknown-class] "ItemHead", text="45  Paragraphs 102(4B)(a) and (b)"
[parser-unknown-class] "ItemHead", text="46  Paragraphs 105(1)(b) and (ba)"
[parser-unknown-class] "ItemHead", text="47  Subsection 105(1A)"
[parser-unknown-class] "ItemHead", text="48  Subsection 105(3A)"
[parser-unknown-class] "ItemHead", text="49  Subsection 105(4)"
[parser-unknown-class] "ItemHead", text="50  Section 109"
[parser-unknown-class] "ItemHead", text="51  Subsection 118(5)"
[parser-unknown-class] "ItemHead", text="52  Section 155"
[parser-unknown-class] "ItemHead", text="53  Paragraph 170(3)(a)"
[parser-unknown-class] "ItemHead", text="54  Paragraph 170(3)(b)"
[parser-unknown-class] "ItemHead", text="55  Section 182"
[parser-unknown-class] "ItemHead", text="56  At the end of section 182"
[parser-unknown-class] "ItemHead", text="57  Section 183"
[parser-unknown-class] "ItemHead", text="58  At the end of section 183"
[parser-unknown-class] "ItemHead", text="59  Section 200A"
[parser-unknown-class] "ItemHead", text="60  At the end of section 200A"
[parser-unknown-class] "ItemHead", text="61  At the end of subsection 208(2)"
[parser-unknown-class] "ItemHead", text="62  Subsection 221(3)"
[parser-unknown-class] "ItemHead", text="63  After subsection 222(1)"
[parser-unknown-class] "ItemHead", text="64  Subsection 222(2)"
[parser-unknown-class] "ItemHead", text="65  Subsection 222(3)"
[parser-unknown-class] "ItemHead", text="66  Subsection 226A(1) (note)"
[parser-unknown-class] "ItemHead", text="67  Subsection 232(2)"
[parser-unknown-class] "ItemHead", text="68  Subsection 233(2)"
[parser-unknown-class] "ItemHead", text="69  Paragraphs 234(4)(a) and 234A(8)(a)"
[parser-unknown-class] "ItemHead", text="70  At the end of subsection 235(1)"
[parser-unknown-class] "ItemHead", text="71  After subsection 235(1)"
[parser-unknown-class] "ItemHead", text="72  At the end of section 235"
[parser-unknown-class] "ItemHead", text="73  At the end of paragraph 268(1)(e)"
[parser-unknown-class] "ItemHead", text="74  Subsection 287(1) (definition of associated entity)"
[parser-unknown-class] "ItemHead", text="75  Subsection 287(1) (definition of broadcaster)"
[parser-unknown-class] "ItemHead", text="76  Subsection 287(1) (paragraph (f) of the definition of disclosure period)"
[parser-unknown-class] "ItemHead", text="77  Subsection 287(1)"
[parser-unknown-class] "ItemHead", text="78  Section 305"
[parser-unknown-class] "ItemHead", text="79  Subsections 305A(1), (2) and (3)"
[parser-unknown-class] "ItemHead", text="80  Paragraph 308(1)(e)"
[parser-unknown-class] "ItemHead", text="81  Subsections 309(4) and (5)"
[parser-unknown-class] "ItemHead", text="82  Sections 310 and 311"
[parser-unknown-class] "ItemHead", text="83  Division 5A of Part XX (heading)"
[parser-unknown-class] "ItemHead", text="84  After section 314AEA"
[parser-unknown-class] "ItemHead", text="85  Application of item 84"
[parser-unknown-class] "ItemHead", text="86  Section 318A"
[parser-unknown-class] "ItemHead", text="87  After section 328"
[parser-unknown-class] "ItemHead", text="88  Subsection 351(5)"
[parser-unknown-class] "ItemHead", text="89  After paragraph 385A(1)(a)"
[parser-unknown-class] "ItemHead", text="90  At the end of subparagraphs 6(a), (b) and (c) of Schedule 3"
[parser-unknown-class] "ItemHead", text="91  After subparagraph 6(c) of Schedule 3"
[parser-unknown-class] "ItemHead", text="92  Subparagraph 6(cb) of Schedule 3"
[parser-unknown-class] "ItemHead", text="93  Subparagraph 10(b) of Schedule 3"
[parser-unknown-class] "ItemHead", text="94  Subparagraph 10(ba) of Schedule 3"
[parser-unknown-class] "ItemHead", text="95  Subparagraph 11(b) of Schedule 3"
[parser-unknown-class] "ItemHead", text="96  At the end of paragraph 12 of Schedule 3"
[parser-unknown-class] "ItemHead", text="97  Paragraphs 13A to 13D of Schedule 3"
[parser-unknown-class] "ItemHead", text="98  Paragraph 14 of Schedule 3"
[parser-unknown-class] "ItemHead", text="99  Paragraph 19 of Schedule 3"
[parser-unknown-class] "ActHead9", text="Electoral and Referendum Amendment (Enrolment Integrity and Other Measures) Act 2004"
[parser-unknown-class] "ItemHead", text="100  Subsection 2(1) (table items 3, 5, 8, 11, 14, 18, 24 and 30)"
[parser-unknown-class] "ItemHead", text="101  Items 5, 18A, 19, 42, 132A and 132B of Schedule 1"
[parser-unknown-class] "ActHead9", text="Referendum (Machinery Provisions) Act 1984"
[parser-unknown-class] "ItemHead", text="102  Subsection 3(1)"
[parser-unknown-class] "ItemHead", text="103  After subsection 3(1)"
[parser-unknown-class] "ItemHead", text="104  Paragraph 4(2)(a)"
[parser-unknown-class] "ItemHead", text="105  Paragraph 4(2)(b)"
[parser-unknown-class] "ItemHead", text="106  At the end of section 4"
[parser-unknown-class] "ItemHead", text="107  Subsection 9(1)"
[parser-unknown-class] "ItemHead", text="108  At the end of section 9"
[parser-unknown-class] "ItemHead", text="109  Subsection 34(2)"
[parser-unknown-class] "ItemHead", text="110  Paragraphs 36(4)(a) and 36A(8)(a)"
[parser-unknown-class] "ItemHead", text="111  At the end of subsection 37(1)"
[parser-unknown-class] "ItemHead", text="112  After subsection 37(1)"
[parser-unknown-class] "ItemHead", text="113  At the end of section 37"
[parser-unknown-class] "ItemHead", text="114  After section 37"
[parser-unknown-class] "ItemHead", text="115  Paragraph 38(1)(c)"
[parser-unknown-class] "ItemHead", text="116  Subsection 38(6)"
[parser-unknown-class] "ItemHead", text="117  After subsection 46(1)"
[parser-unknown-class] "ItemHead", text="118  Subsection 46(2)"
[parser-unknown-class] "ItemHead", text="119  Subsection 46(3)"
[parser-unknown-class] "ItemHead", text="120  Paragraph 46(9)(a)"
[parser-unknown-class] "ItemHead", text="121  Paragraph 46(9)(a)"
[parser-unknown-class] "ItemHead", text="122  Section 53"
[parser-unknown-class] "ItemHead", text="123  At the end of section 53"
[parser-unknown-class] "ItemHead", text="124  Section 54"
[parser-unknown-class] "ItemHead", text="125  At the end of section 54"
[parser-unknown-class] "ItemHead", text="126  Section 72"
[parser-unknown-class] "ItemHead", text="127  At the end of section 72"
[parser-unknown-class] "ItemHead", text="128  Part IX"
[parser-unknown-class] "ItemHead", text="129  After section 121"
[parser-unknown-class] "ItemHead", text="130  Section 136"
[parser-unknown-class] "ItemHead", text="131  At the end of subparagraphs 6(a), (b) and (c) of Schedule 4"
[parser-unknown-class] "ItemHead", text="132  After subparagraph 6(c) of Schedule 4"
[parser-unknown-class] "ItemHead", text="133  Subparagraph 6(cb) of Schedule 4"
[parser-unknown-class] "ItemHead", text="134  Subparagraph 10(b) of Schedule 4"
[parser-unknown-class] "ItemHead", text="135  Subparagraph 10(ba) of Schedule 4"
[parser-unknown-class] "ItemHead", text="136  At the end of paragraph 11 of Schedule 4"
[parser-unknown-class] "ItemHead", text="137  Paragraphs 12A to 12D of Schedule 4"
[parser-unknown-class] "ItemHead", text="138  Paragraph 13 of Schedule 4"
[parser-unknown-class] "ItemHead", text="139  Paragraph 17 of Schedule 4"
[parser-unknown-class] "ActHead6", text="Schedule 2—Amendments to thresholds"
[parser-unknown-class] "ActHead9", text="Commonwealth Electoral Act 1918"
[parser-unknown-class] "ItemHead", text="1  Subparagraph 304(5)(b)(ii)"
[parser-unknown-class] "ItemHead", text="2  Paragraph 304(5)(c)"
[parser-unknown-class] "ItemHead", text="3  At the end of subsection 304(5)"
[parser-unknown-class] "ItemHead", text="4  Paragraph 304(6)(b)"
[parser-unknown-class] "ItemHead", text="5  Paragraph 304(6)(c)"
[parser-unknown-class] "ItemHead", text="6  At the end of subsection 304(6)"
[parser-unknown-class] "ItemHead", text="7  Subsection 305B(1)"
[parser-unknown-class] "ItemHead", text="8  At the end of subsection 305B(1)"
[parser-unknown-class] "ItemHead", text="9  Subsection 305B(3A)"
[parser-unknown-class] "ItemHead", text="10  Subsection 305B(3A)"
[parser-unknown-class] "ItemHead", text="11  At the end of subsection 305B(3A)"
[parser-unknown-class] "ItemHead", text="12  Subsections 306(1) and (2)"
[parser-unknown-class] "ItemHead", text="13  Subsection 306A(1)"
[parser-unknown-class] "ItemHead", text="14  At the end of subsection 306A(1)"
[parser-unknown-class] "ItemHead", text="15  Subsection 306A(2)"
[parser-unknown-class] "ItemHead", text="16  At the end of subsection 306A(2)"
[parser-unknown-class] "ItemHead", text="17  Paragraph 306B(a)"
[parser-unknown-class] "ItemHead", text="18  At the end of section 306B"
[parser-unknown-class] "ItemHead", text="19  Subsection 311A(2)"
[parser-unknown-class] "ItemHead", text="20  At the end of subsection 311A(2)"
[parser-unknown-class] "ItemHead", text="21  Subsection 314AC(1)"
[parser-unknown-class] "ItemHead", text="22  At the end of subsection 314AC(1)"
[parser-unknown-class] "ItemHead", text="23  Subsection 314AC(2)"
[parser-unknown-class] "ItemHead", text="24  At the end of subsection 314AC(2)"
[parser-unknown-class] "ItemHead", text="25  Subsection 314AE(1)"
[parser-unknown-class] "ItemHead", text="26  At the end of subsection 314AE(1)"
[parser-unknown-class] "ItemHead", text="27  At the end of Part XX"
[parser-unknown-class] "ItemHead", text="28  At the end of subsection 321A(1)"
[parser-unknown-class] "ItemHead", text="29  Application of this Schedule"
[parser-unknown-class] "Subitem", text="(1) The amendments made by this Schedule (other than item 28) apply to:"
[parser-unknown-class] "Subitem", text="(2) The amendment made by item 28 applies to the 2006‑07 financial year and later financial years."
[parser-unknown-class] "ActHead6", text="Schedule 3—Deregistration of certain political parties"
[parser-unknown-class] "ItemHead", text="1  Definitions"
[parser-unknown-class] "ItemHead", text="2  Deregistration of certain political parties"
[parser-unknown-class] "Subitem", text="(1) A political party that is registered under Part XI of the Commonwealth Electoral Act 1918 at ..."
[parser-unknown-class] "Subitem", text="(2) The Electoral Commission must notify a political party in writing if the party is deregistere..."
[parser-unknown-class] "ItemHead", text="3  Political parties that are not deregistered"
[parser-unknown-class] "Subitem", text="(1) A political party is not deregistered by force of item 2 if, during the 41st Commonwealth Par..."
[parser-unknown-class] "Subitem", text="(2) A political party is not deregistered by force of item 2 if, during the 41st Commonwealth Par..."
[parser-unknown-class] "Subitem", text="(3) A political party is not deregistered by force of item 2 if:"
[parser-unknown-class] "Subitem", text="(4) A claim under this item must:"
[parser-unknown-class] "Subitem", text="(5) A person who was elected as a member of the Commonwealth Parliament must not be relied on by ..."
[parser-unknown-class] "Subitem", text="(6) If more than one political party relies on the same person for its claim in contravention of ..."
[parser-unknown-class] "Subitem", text="(7) Before determining a claim made under this item, the Electoral Commission may make any inquir..."
[parser-unknown-class] "Subitem", text="(8) A determination or decision by the Electoral Commission in respect of a claim made under this..."
[parser-unknown-class] "ItemHead", text="4  Waiver of fee for re‑registration"
[parser-unknown-class] "ItemHead", text="5  Freezing the Register of Political Parties"
[parser-unknown-class] "ItemHead", text="6  Election called during the year"
[parser-unknown-class] "ActHead6", text="Schedule 4—Donations to political parties and independent candidates and members"
[parser-unknown-class] "ActHead7", text="Part 1—Insertion of new Subdivision 30‑DA in the Income Tax Assessment Act 1997"
[parser-unknown-class] "ItemHead", text="1  After Subdivision 30‑D"
[parser-unknown-class] "ActHead7", text="Part 2—Further amendment of the Income Tax Assessment Act 1997"
[parser-unknown-class] "ItemHead", text="2  Subsection 30‑5(1)"
[parser-unknown-class] "ItemHead", text="3  Subsection 30‑5(1) (note)"
[parser-unknown-class] "ItemHead", text="4  Subsection 30‑15(2) (note)"
[parser-unknown-class] "ItemHead", text="5  Subsection 30‑15(2) (after note 1)"
[parser-unknown-class] "ItemHead", text="6  Subsection 30‑15(2) (table item 3)"
[parser-unknown-class] "ItemHead", text="7  Subsection 30‑315(2) (table item 87)"
[parser-unknown-class] "ItemHead", text="8  Subsection 30‑315(2) (table item 87)"
[parser-unknown-class] "ItemHead", text="9  Subsection 995‑1(1)"
[parser-unknown-class] "ItemHead", text="10  Subsection 995‑1(1)"
[parser-unknown-class] "ActHead7", text="Part 3—Amendment of the Income Tax Assessment Act 1936"
[parser-unknown-class] "ItemHead", text="11  Subsections 78A(2), (3) and (4)"
[parser-unknown-class] "ActHead7", text="Part 4—Application of amendments"
[parser-unknown-class] "ItemHead", text="12  Application"
[parser-unknown-class] "2ndRd", text=""
[parser-unknown-class] "2ndRd", text="[Minister’s second reading speech made in—"
[parser-unknown-class] "2ndRd", text="House of Representatives on 8 December 2005"
[parser-unknown-class] "2ndRd", text="Senate on 13 June 2006]"
[parser-diag] processed 1065 <p> elements
[parser-diag] last section was added at element index: 1019
[parser-diag] state phase at end: BODY
[parser-diag] hierarchy stack depth at end: 3
[parser-diag] insideSchedule at end: false
[parse] sections: 23
[parse] compilation: date=(none) no=(none)
[parse] by level:
         section      19
         division     1
         subdivision  3
[db] inserted new legislation row: 4bf23099-1367-41a8-85d0-3d92fce242cc
[db] inserting 23 sections (pass 1)
[db] inserted 23 sections
[db] linking parent FKs (pass 2)
[db] linked 14 parent references

[done] ingested Electoral and Referendum Amendment (Electoral Integrity and Other Measures) Act 2006
       legislation_id: 4bf23099-1367-41a8-85d0-3d92fce242cc
       sections: 23
       compilation: 2007-03-15
