[fetch] document_1: https://www.legislation.gov.au/C2009A00013/2025-02-21/2025-02-21/text/original/epub/OEBPS/document_1/document_1.html
[fetch] document_1: 566,684 bytes
[fetch] document_2: https://www.legislation.gov.au/C2009A00013/2025-02-21/2025-02-21/text/original/epub/OEBPS/document_2/document_2.html
[fetch] document_2 not found — stopping. Fetched 1 document(s).
[fetch] combined 1 document(s), 566,684 source bytes → 559,973 combined bytes
[citation] Tax Agent Services Act 2009 (Cth)
[parse] starting
[parser-diag] total <p> elements found: 2058
[parser-diag] processed 2058 <p> elements
[parser-diag] last section was added at element index: 1634
[parser-diag] state phase at end: ENDNOTES
[parser-diag] hierarchy stack depth at end: 3
[parser-diag] insideSchedule at end: false
[parse] sections: 161
[parse] compilation: date=2025-02-21 no=26
[parse] by level:
         part         9
         division     12
         section      106
         subdivision  34
[db] inserted new legislation row: b819dce4-bda6-429a-9446-b1b966a3739a
[db] inserting 161 sections (pass 1)
[db] inserted 161 sections
[db] linking parent FKs (pass 2)
[db] linked 152 parent references

[done] ingested Tax Agent Services Act 2009
       legislation_id: b819dce4-bda6-429a-9446-b1b966a3739a
       sections: 161
       compilation: 2025-02-21
