[fetch] document_1: https://www.legislation.gov.au/C2004A00086/2007-09-24/2007-09-24/text/original/epub/OEBPS/document_1/document_1.html
[fetch] document_1: 19,938 bytes
[fetch] document_2: https://www.legislation.gov.au/C2004A00086/2007-09-24/2007-09-24/text/original/epub/OEBPS/document_2/document_2.html
[fetch] document_2 not found — stopping. Fetched 1 document(s).
[fetch] combined 1 document(s), 19,938 source bytes → 18,977 combined bytes
[citation] Income Tax (Dividends, Interest and Royalties Withholding Tax) Act 1974 (Cth)
[parse] starting
[parser-diag] total <p> elements found: 78
[parser-diag] processed 78 <p> elements
[parser-diag] last section was added at element index: 30
[parser-diag] state phase at end: BODY
[parser-diag] hierarchy stack depth at end: 1
[parser-diag] insideSchedule at end: false
[parse] sections: 6
[parse] compilation: date=(none) no=(none)
[parse] by level:
         section      6
[db] inserted new legislation row: f3fa6b61-d4a3-491e-8a31-cfa4fd26ef48
[db] inserting 6 sections (pass 1)
[db] inserted 6 sections
[db] linking parent FKs (pass 2)
[db] linked 0 parent references

[done] ingested Income Tax (Dividends, Interest and Royalties Withholding Tax) Act 1974
       legislation_id: f3fa6b61-d4a3-491e-8a31-cfa4fd26ef48
       sections: 6
       compilation: 2007-09-24
