[fetch] document_1: https://www.legislation.gov.au/C2004A01402/2025-12-05/2025-12-05/text/original/epub/OEBPS/document_1/document_1.html
[fetch] document_1: 1,637,322 bytes
[fetch] document_2: https://www.legislation.gov.au/C2004A01402/2025-12-05/2025-12-05/text/original/epub/OEBPS/document_2/document_2.html
[fetch] document_2 not found — stopping. Fetched 1 document(s).
[fetch] combined 1 document(s), 1,637,322 source bytes → 1,635,034 combined bytes
[citation] Foreign (Cth)
[parse] starting
[parser-diag] total <p> elements found: 6250
[parser-diag] processed 6250 <p> elements
[parse] sections: 343
[parse] compilation: date=2025-12-05 no=35
[parser-diag] last section was added at element index: 4760
[parser-diag] state phase at end: ENDNOTES
[parser-diag] hierarchy stack depth at end: 2
[parser-diag] insideSchedule at end: false
[parse] by level:
         part         10
         division     33
         section      259
         subdivision  41
[db] inserted new legislation row: 1510fcd2-d889-4f6f-872b-8e379acbc3e8
[db] inserting 343 sections (pass 1)
[db] inserted 343 sections
[db] linking parent FKs (pass 2)
[db] linked 333 parent references

[done] ingested Foreign
       legislation_id: 1510fcd2-d889-4f6f-872b-8e379acbc3e8
       sections: 343
       compilation: 2025-12-05
