[fetch] document_1: https://www.legislation.gov.au/C2004A04891/2018-11-06/2018-11-06/text/original/epub/OEBPS/document_1/document_1.html
[fetch] document_1: 103,930 bytes
[fetch] document_2: https://www.legislation.gov.au/C2004A04891/2018-11-06/2018-11-06/text/original/epub/OEBPS/document_2/document_2.html
[fetch] document_2 not found — stopping. Fetched 1 document(s).
[fetch] combined 1 document(s), 103,930 source bytes → 101,769 combined bytes
[citation] Weapons of Mass Destruction (Prevention of Proliferation) Act 1995 (Cth)
[parse] starting
[parser-diag] total <p> elements found: 408
[parser-diag] processed 408 <p> elements
[parser-diag] last section was added at element index: 242
[parser-diag] state phase at end: ENDNOTES
[parser-diag] hierarchy stack depth at end: 1
[parser-diag] insideSchedule at end: false
[parse] sections: 22
[parse] compilation: date=2018-11-06 no=8
[parse] by level:
         section      22
[db] inserted new legislation row: 6422cf21-0797-4958-afe0-e9c11c1cbda9
[db] inserting 22 sections (pass 1)
[db] inserted 22 sections
[db] linking parent FKs (pass 2)
[db] linked 0 parent references

[done] ingested Weapons of Mass Destruction (Prevention of Proliferation) Act 1995
       legislation_id: 6422cf21-0797-4958-afe0-e9c11c1cbda9
       sections: 22
       compilation: 2018-11-06
