[fetch] document_1: https://www.legislation.gov.au/C2004A02305/2016-10-21/2016-10-21/text/original/epub/OEBPS/document_1/document_1.html
[fetch] document_1: 164,458 bytes
[fetch] document_2: https://www.legislation.gov.au/C2004A02305/2016-10-21/2016-10-21/text/original/epub/OEBPS/document_2/document_2.html
[fetch] document_2 not found — stopping. Fetched 1 document(s).
[fetch] combined 1 document(s), 164,458 source bytes → 162,465 combined bytes
[citation] Australian War Memorial Act 1980 (Cth)
[parse] starting
[parser-diag] total <p> elements found: 660
[parser-diag] processed 660 <p> elements
[parser-diag] last section was added at element index: 367
[parser-diag] state phase at end: ENDNOTES
[parser-diag] hierarchy stack depth at end: 2
[parser-diag] insideSchedule at end: false
[parse] sections: 52
[parse] compilation: date=2016-10-21 no=12
[parse] by level:
         part         8
         section      44
[db] inserted new legislation row: ff00b95b-8f99-44c5-9e73-420f065d9983
[db] inserting 52 sections (pass 1)
[db] inserted 52 sections
[db] linking parent FKs (pass 2)
[db] linked 44 parent references

[done] ingested Australian War Memorial Act 1980
       legislation_id: ff00b95b-8f99-44c5-9e73-420f065d9983
       sections: 52
       compilation: 2016-10-21
