[fetch] document_1: https://www.legislation.gov.au/C2004A04154/2024-10-14/2024-10-14/text/original/epub/OEBPS/document_1/document_1.html
[fetch] document_1: 623,856 bytes
[fetch] document_2: https://www.legislation.gov.au/C2004A04154/2024-10-14/2024-10-14/text/original/epub/OEBPS/document_2/document_2.html
[fetch] document_2 not found — stopping. Fetched 1 document(s).
[fetch] combined 1 document(s), 623,856 source bytes → 621,000 combined bytes
[citation] Telstra Corporation Act 1991 (Cth)
[parse] starting
[parser-diag] total <p> elements found: 2448
[parser-diag] processed 2448 <p> elements
[parser-diag] last section was added at element index: 1431
[parser-diag] state phase at end: ENDNOTES
[parser-diag] hierarchy stack depth at end: 2
[parser-diag] insideSchedule at end: true
[parse] sections: 154
[parse] compilation: date=2024-10-14 no=37
[parse] by level:
         part         11
         section      108
         division     21
         schedule     1
         schedule_clause 13
[db] inserted new legislation row: b11da11a-fcce-4c60-b176-13cc6e9c8d7b
[db] inserting 154 sections (pass 1)
[db] inserted 154 sections
[db] linking parent FKs (pass 2)
[db] linked 142 parent references

[done] ingested Telstra Corporation Act 1991
       legislation_id: b11da11a-fcce-4c60-b176-13cc6e9c8d7b
       sections: 154
       compilation: 2024-10-14
