[fetch] document_1: https://www.legislation.gov.au/C2004A01158/2016-07-01/2016-07-01/text/original/epub/OEBPS/document_1/document_1.html
[fetch] document_1: 49,560 bytes
[fetch] document_2: https://www.legislation.gov.au/C2004A01158/2016-07-01/2016-07-01/text/original/epub/OEBPS/document_2/document_2.html
[fetch] document_2 not found — stopping. Fetched 1 document(s).
[fetch] combined 1 document(s), 49,560 source bytes → 47,611 combined bytes
[citation] Private Health Insurance (Risk Equalisation Levy) Act 2003 (Cth)
[parse] starting
[parser-diag] total <p> elements found: 231
[parser-diag] processed 231 <p> elements
[parser-diag] last section was added at element index: 100
[parser-diag] state phase at end: ENDNOTES
[parser-diag] hierarchy stack depth at end: 1
[parser-diag] insideSchedule at end: false
[parse] sections: 10
[parse] compilation: date=2016-07-01 no=3
[parse] by level:
         section      10
[db] inserted new legislation row: 4984c1fc-edce-4adb-9f68-d41a47c0d96f
[db] inserting 10 sections (pass 1)
[db] inserted 10 sections
[db] linking parent FKs (pass 2)
[db] linked 0 parent references

[done] ingested Private Health Insurance (Risk Equalisation Levy) Act 2003
       legislation_id: 4984c1fc-edce-4adb-9f68-d41a47c0d96f
       sections: 10
       compilation: 2016-07-01
