[fetch] document_1: https://www.legislation.gov.au/C2004A05327/1998-04-16/1998-04-16/text/original/epub/OEBPS/document_1/document_1.html
[fetch] document_1: 25,585 bytes
[fetch] document_2: https://www.legislation.gov.au/C2004A05327/1998-04-16/1998-04-16/text/original/epub/OEBPS/document_2/document_2.html
[fetch] document_2 not found — stopping. Fetched 1 document(s).
[fetch] combined 1 document(s), 25,585 source bytes → 24,407 combined bytes
[citation] Productivity Commission (Repeals, Transitional and Consequential Amendments) Act 1998 (Cth)
[parse] starting
[parser-diag] total <p> elements found: 120
[parser-diag] processed 120 <p> elements
[parser-diag] last section was added at element index: -1
[parser-diag] state phase at end: PRE_BODY
[parser-diag] hierarchy stack depth at end: 0
[parser-diag] insideSchedule at end: false
[parse] sections: 0
[parse] compilation: date=(none) no=(none)
[parse] by level:
[db] inserted new legislation row: 904200e2-df34-42d8-b9f0-0e9b3a469752
[db] inserting 0 sections (pass 1)
[db] inserted 0 sections
[db] linking parent FKs (pass 2)
[db] linked 0 parent references

[done] ingested Productivity Commission (Repeals, Transitional and Consequential Amendments) Act 1998
       legislation_id: 904200e2-df34-42d8-b9f0-0e9b3a469752
       sections: 0
       compilation: 1998-04-16
