[fetch] document_1: https://www.legislation.gov.au/C2004A03510/2025-08-29/2025-08-29/text/original/epub/OEBPS/document_1/document_1.html
[fetch] document_1: 258,491 bytes
[fetch] document_2: https://www.legislation.gov.au/C2004A03510/2025-08-29/2025-08-29/text/original/epub/OEBPS/document_2/document_2.html
[fetch] document_2 not found — stopping. Fetched 1 document(s).
[fetch] combined 1 document(s), 258,491 source bytes → 256,470 combined bytes
[citation] Defence Housing Australia Act 1987 (Cth)
[parse] starting
[parser-diag] total <p> elements found: 1008
[parser-diag] processed 1008 <p> elements
[parser-diag] last section was added at element index: 561
[parser-diag] state phase at end: ENDNOTES
[parser-diag] hierarchy stack depth at end: 2
[parser-diag] insideSchedule at end: false
[parse] sections: 69
[parse] compilation: date=2025-08-29 no=18
[parse] by level:
         part         8
         section      59
         division     2
[db] inserted new legislation row: 556173d4-7880-4e45-b98d-bb76d65b9f89
[db] inserting 69 sections (pass 1)
[db] inserted 69 sections
[db] linking parent FKs (pass 2)
[db] linked 61 parent references

[done] ingested Defence Housing Australia Act 1987
       legislation_id: 556173d4-7880-4e45-b98d-bb76d65b9f89
       sections: 69
       compilation: 2025-08-29
