[fetch] document_1: https://www.legislation.gov.au/C2007A00033/2023-07-01/2023-07-01/text/original/epub/OEBPS/document_1/document_1.html
[fetch] document_1: 39,099 bytes
[fetch] document_2: https://www.legislation.gov.au/C2007A00033/2023-07-01/2023-07-01/text/original/epub/OEBPS/document_2/document_2.html
[fetch] document_2 not found — stopping. Fetched 1 document(s).
[fetch] combined 1 document(s), 39,099 source bytes → 37,141 combined bytes
[citation] Private Health Insurance (Medical Devices and Human Tissue Products Levy) Act 2007 (Cth)
[parse] starting
[parser-diag] total <p> elements found: 181
[parser-diag] processed 181 <p> elements
[parser-diag] last section was added at element index: 66
[parser-diag] state phase at end: ENDNOTES
[parser-diag] hierarchy stack depth at end: 1
[parser-diag] insideSchedule at end: false
[parse] sections: 7
[parse] compilation: date=2023-07-01 no=1
[parse] by level:
         section      7
[db] inserted new legislation row: 1cb1cf3c-468f-4928-a8b7-18e339b3b073
[db] inserting 7 sections (pass 1)
[db] inserted 7 sections
[db] linking parent FKs (pass 2)
[db] linked 0 parent references

[done] ingested Private Health Insurance (Medical Devices and Human Tissue Products Levy) Act 2007
       legislation_id: 1cb1cf3c-468f-4928-a8b7-18e339b3b073
       sections: 7
       compilation: 2023-07-01
