[fetch] document_1: https://www.legislation.gov.au/C2004A03668/2025-02-21/2025-02-21/text/original/epub/OEBPS/document_1/document_1.html
[fetch] document_1: 1,476,053 bytes
[fetch] document_2: https://www.legislation.gov.au/C2004A03668/2025-02-21/2025-02-21/text/original/epub/OEBPS/document_2/document_2.html
[fetch] document_2 not found — stopping. Fetched 1 document(s).
[fetch] combined 1 document(s), 1,476,053 source bytes → 1,472,789 combined bytes
[citation] Safety, Rehabilitation and Compensation Act 1988 (Cth)
[parse] starting
[parser-diag] total <p> elements found: 5160
[parser-diag] processed 5160 <p> elements
[parser-diag] last section was added at element index: 3492
[parser-diag] state phase at end: ENDNOTES
[parser-diag] hierarchy stack depth at end: 3
[parser-diag] insideSchedule at end: false
[parse] sections: 282
[parse] compilation: date=2025-02-21 no=81
[parse] by level:
         part         10
         section      249
         division     23
[db] inserted new legislation row: 68bcfd41-b6a5-4c17-ac82-7e106d98cf98
[db] inserting 282 sections (pass 1)
[db] inserted 282 sections
[db] linking parent FKs (pass 2)
[db] linked 272 parent references

[done] ingested Safety, Rehabilitation and Compensation Act 1988
       legislation_id: 68bcfd41-b6a5-4c17-ac82-7e106d98cf98
       sections: 282
       compilation: 2025-02-21
