[fetch] document_1: https://www.legislation.gov.au/C2004A01857/2024-12-11/2024-12-11/text/original/epub/OEBPS/document_1/document_1.html
[fetch] document_1: 246,535 bytes
[fetch] document_2: https://www.legislation.gov.au/C2004A01857/2024-12-11/2024-12-11/text/original/epub/OEBPS/document_2/document_2.html
[fetch] document_2 not found — stopping. Fetched 1 document(s).
[fetch] combined 1 document(s), 246,535 source bytes → 244,430 combined bytes
[citation] Northern Territory (Self-Government) Act 1978 (Cth)
[parse] starting
[parser-diag] total <p> elements found: 916
[parser-diag] processed 916 <p> elements
[parser-diag] last section was added at element index: 530
[parser-diag] state phase at end: ENDNOTES
[parser-diag] hierarchy stack depth at end: 1
[parser-diag] insideSchedule at end: true
[parse] sections: 86
[parse] compilation: date=2024-12-11 no=15
[parse] by level:
         part         7
         section      70
         division     3
         schedule     6
[db] inserted new legislation row: 2cfe0776-85df-4a8d-8fff-07185ca1a005
[db] inserting 86 sections (pass 1)
[db] inserted 86 sections
[db] linking parent FKs (pass 2)
[db] linked 73 parent references

[done] ingested Northern Territory (Self-Government) Act 1978
       legislation_id: 2cfe0776-85df-4a8d-8fff-07185ca1a005
       sections: 86
       compilation: 2024-12-11
