[fetch] document_1: https://www.legislation.gov.au/C2004A02276/2008-07-01/2008-07-01/text/original/epub/OEBPS/document_1/document_1.html
[fetch] document_1: 22,907 bytes
[fetch] document_2: https://www.legislation.gov.au/C2004A02276/2008-07-01/2008-07-01/text/original/epub/OEBPS/document_2/document_2.html
[fetch] document_2 not found — stopping. Fetched 1 document(s).
[fetch] combined 1 document(s), 22,907 source bytes → 21,920 combined bytes
[citation] Coastal Waters (State Powers) Act 1980 (Cth)
[parse] starting
[parser-diag] total <p> elements found: 78
[parser-diag] processed 78 <p> elements
[parser-diag] last section was added at element index: 47
[parser-diag] state phase at end: BODY
[parser-diag] hierarchy stack depth at end: 1
[parser-diag] insideSchedule at end: false
[parse] sections: 7
[parse] compilation: date=(none) no=(none)
[parse] by level:
         section      7
[db] inserted new legislation row: 1801f7f5-27a8-4550-ad36-f4b832a6089c
[db] inserting 7 sections (pass 1)
[db] inserted 7 sections
[db] linking parent FKs (pass 2)
[db] linked 0 parent references

[done] ingested Coastal Waters (State Powers) Act 1980
       legislation_id: 1801f7f5-27a8-4550-ad36-f4b832a6089c
       sections: 7
       compilation: 2008-07-01
