[fetch] document_1: https://www.legislation.gov.au/C2004A00391/2024-10-14/2024-10-14/text/original/epub/OEBPS/document_1/document_1.html
[fetch] document_1: 504,490 bytes
[fetch] document_2: https://www.legislation.gov.au/C2004A00391/2024-10-14/2024-10-14/text/original/epub/OEBPS/document_2/document_2.html
[fetch] document_2 not found — stopping. Fetched 1 document(s).
[fetch] combined 1 document(s), 504,490 source bytes → 502,551 combined bytes
[citation] Space (Launches and Returns) Act 2018 (Cth)
[parse] starting
[parser-diag] total <p> elements found: 2031
[parser-diag] processed 2031 <p> elements
[parser-diag] last section was added at element index: 1379
[parser-diag] state phase at end: ENDNOTES
[parser-diag] hierarchy stack depth at end: 2
[parser-diag] insideSchedule at end: false
[parse] sections: 175
[parse] compilation: date=2024-10-14 no=12
[parse] by level:
         part         8
         division     26
         section      139
         subdivision  2
[db] inserted new legislation row: 616b2847-c1b1-452b-ae33-adeeed5dac86
[db] inserting 175 sections (pass 1)
[db] inserted 175 sections
[db] linking parent FKs (pass 2)
[db] linked 167 parent references

[done] ingested Space (Launches and Returns) Act 2018
       legislation_id: 616b2847-c1b1-452b-ae33-adeeed5dac86
       sections: 175
       compilation: 2024-10-14
