[fetch] document_1: https://www.legislation.gov.au/C2004A03342/2026-03-28/2026-03-28/text/original/epub/OEBPS/document_1/document_1.html
[fetch] document_1: 455,316 bytes
[fetch] document_2: https://www.legislation.gov.au/C2004A03342/2026-03-28/2026-03-28/text/original/epub/OEBPS/document_2/document_2.html
[fetch] document_2 not found — stopping. Fetched 1 document(s).
[fetch] combined 1 document(s), 455,316 source bytes → 449,733 combined bytes
[citation] Inspector-General of Intelligence and Security Act 1986 (Cth)
[parse] starting
[parser-diag] total <p> elements found: 1604
[parser-diag] processed 1604 <p> elements
[parse] sections: 80
[parse] compilation: date=2026-03-28 no=45
[parser-diag] last section was added at element index: 964
[parser-diag] state phase at end: ENDNOTES
[parser-diag] hierarchy stack depth at end: 2
[parser-diag] insideSchedule at end: false
[parse] by level:
         part         5
         section      64
         division     8
         subdivision  3
[db] inserted new legislation row: 7be34041-c2d1-49ec-ad72-3e789b50bf14
[db] inserting 80 sections (pass 1)
[db] inserted 80 sections
[db] linking parent FKs (pass 2)
[db] linked 75 parent references

[done] ingested Inspector-General of Intelligence and Security Act 1986
       legislation_id: 7be34041-c2d1-49ec-ad72-3e789b50bf14
       sections: 80
       compilation: 2026-03-28
