[fetch] document_1: https://www.legislation.gov.au/C2004A00448/2017-01-01/2017-01-01/text/original/epub/OEBPS/document_1/document_1.html
[fetch] document_1: 211,567 bytes
[fetch] document_2: https://www.legislation.gov.au/C2004A00448/2017-01-01/2017-01-01/text/original/epub/OEBPS/document_2/document_2.html
[fetch] document_2 not found — stopping. Fetched 1 document(s).
[fetch] combined 1 document(s), 211,567 source bytes → 209,247 combined bytes
[citation] A New Tax System (Goods and Services Tax Transition) Act 1999 (Cth)
[parse] starting
[parser-diag] total <p> elements found: 816
[parser-diag] processed 816 <p> elements
[parser-diag] last section was added at element index: 505
[parser-diag] state phase at end: ENDNOTES
[parser-diag] hierarchy stack depth at end: 2
[parser-diag] insideSchedule at end: false
[parse] sections: 51
[parse] compilation: date=2017-01-01 no=14
[parse] by level:
         part         6
         section      40
         division     2
         subdivision  3
[db] inserted new legislation row: 96040bbb-4b77-4828-8206-b53a4914f3fb
[db] inserting 51 sections (pass 1)
[db] inserted 51 sections
[db] linking parent FKs (pass 2)
[db] linked 45 parent references

[done] ingested A New Tax System (Goods and Services Tax Transition) Act 1999
       legislation_id: 96040bbb-4b77-4828-8206-b53a4914f3fb
       sections: 51
       compilation: 2017-01-01
