[fetch] document_1: https://www.legislation.gov.au/C2004A00518/2022-09-28/2022-09-28/text/original/epub/OEBPS/document_1/document_1.html
[fetch] document_1: 787,842 bytes
[fetch] document_2: https://www.legislation.gov.au/C2004A00518/2022-09-28/2022-09-28/text/original/epub/OEBPS/document_2/document_2.html
[fetch] document_2 not found — stopping. Fetched 1 document(s).
[fetch] combined 1 document(s), 787,842 source bytes → 784,590 combined bytes
[citation] Superannuation (Unclaimed Money and Lost Members) Act 1999 (Cth)
[parse] starting
[parser-diag] total <p> elements found: 2758
[parser-diag] processed 2758 <p> elements
[parser-diag] last section was added at element index: 2008
[parser-diag] state phase at end: ENDNOTES
[parser-diag] hierarchy stack depth at end: 2
[parser-diag] insideSchedule at end: false
[parse] sections: 149
[parse] compilation: date=2022-09-28 no=42
[parse] by level:
         part         14
         section      108
         division     27
[db] inserted new legislation row: 708fc5b9-b891-494c-9193-66902730baf3
[db] inserting 149 sections (pass 1)
[db] inserted 149 sections
[db] linking parent FKs (pass 2)
[db] linked 135 parent references

[done] ingested Superannuation (Unclaimed Money and Lost Members) Act 1999
       legislation_id: 708fc5b9-b891-494c-9193-66902730baf3
       sections: 149
       compilation: 2022-09-28
