[fetch] document_1: https://www.legislation.gov.au/C2004A00992/2021-07-24/2021-07-24/text/original/epub/OEBPS/document_1/document_1.html
[fetch] document_1: 1,030,410 bytes
[fetch] document_2: https://www.legislation.gov.au/C2004A00992/2021-07-24/2021-07-24/text/original/epub/OEBPS/document_2/document_2.html
[fetch] document_2 not found — stopping. Fetched 1 document(s).
[fetch] combined 1 document(s), 1,030,410 source bytes → 1,025,245 combined bytes
[citation] International Criminal Court Act 2002 (Cth)
[parse] starting
[parser-diag] total <p> elements found: 4166
[parser-unknown-class] "ICCPara", text="The States Parties to this Statute,"
[parser-unknown-class] "ICCPara", text="Conscious that all peoples are united by common bonds, their cultures pieced together in a shared..."
[parser-unknown-class] "ICCPara", text="Mindful that during this century millions of children, women and men have been victims of unimagi..."
[parser-unknown-class] "ICCPara", text="Recognizing that such grave crimes threaten the peace, security and well‑being of the world,"
[parser-unknown-class] "ICCPara", text="Affirming that the most serious crimes of concern to the international community as a whole must ..."
[parser-unknown-class] "ICCPara", text="Determined to put an end to impunity for the perpetrators of these crimes and thus to contribute ..."
[parser-unknown-class] "ICCPara", text="Recalling that it is the duty of every State to exercise its criminal jurisdiction over those res..."
[parser-unknown-class] "ICCPara", text="Reaffirming the Purposes and Principles of the Charter of the United Nations, and in particular t..."
[parser-unknown-class] "ICCPara", text="Emphasizing in this connection that nothing in this Statute shall be taken as authorizing any Sta..."
[parser-unknown-class] "ICCPara", text="Determined to these ends and for the sake of present and future generations, to establish an inde..."
[parser-unknown-class] "ICCPara", text="Emphasizing that the International Criminal Court established under this Statute shall be complem..."
[parser-unknown-class] "ICCPara", text="Resolved to guarantee lasting respect for and the enforcement of international justice,"
[parser-unknown-class] "ICCPara", text="Have agreed as follows"
[parser-unknown-class] "ICCPara", text=""
[parser-unknown-class] "ICCPara", text="(a) The crime of genocide;"
[parser-unknown-class] "ICCPara", text="(b) Crimes against humanity;"
[parser-unknown-class] "ICCPara", text="(c) War crimes;"
[parser-unknown-class] "ICCPara", text="(d) The crime of aggression."
[parser-unknown-class] "ICCPara", text="(a) Killing members of the group;"
[parser-unknown-class] "ICCPara", text="(b) Causing serious bodily or mental harm to members of the group;"
[parser-unknown-class] "ICCPara", text="(c) Deliberately inflicting on the group conditions of life calculated to bring about its physica..."
[parser-unknown-class] "ICCPara", text="(d) Imposing measures intended to prevent births within the group;"
[parser-unknown-class] "ICCPara", text="(e) Forcibly transferring children of the group to another group."
[parser-unknown-class] "ICCPara", text=""
[parser-unknown-class] "ICCPara", text="(a) Murder;"
[parser-unknown-class] "ICCPara", text="(b) Extermination;"
[parser-unknown-class] "ICCPara", text="(c) Enslavement;"
[parser-unknown-class] "ICCPara", text="(d) Deportation or forcible transfer of population;"
[parser-unknown-class] "ICCPara", text="(e) Imprisonment or other severe deprivation of physical liberty in violation of fundamental rule..."
[parser-unknown-class] "ICCPara", text="(f) Torture;"
[parser-unknown-class] "ICCPara", text="(g) Rape, sexual slavery, enforced prostitution, forced pregnancy, enforced sterilization, or any..."
[parser-unknown-class] "ICCPara", text="(h) Persecution against any identifiable group or collectivity on political, racial, national, et..."
[parser-unknown-class] "ICCPara", text="(i) Enforced disappearance of persons;"
[parser-unknown-class] "ICCPara", text="(j) The crime of apartheid;"
[parser-unknown-class] "ICCPara", text="(k) Other inhumane acts of a similar character intentionally causing great suffering, or serious ..."
[parser-unknown-class] "ICCPara", text=""
[parser-unknown-class] "ICCPara", text="(a) “Attack directed against any civilian population” means a course of conduct involving the mul..."
[parser-unknown-class] "ICCPara", text="(b) “Extermination” includes the intentional infliction of conditions of life, inter alia the dep..."
[parser-unknown-class] "ICCPara", text="(c) “Enslavement” means the exercise of any or all of the powers attaching to the right of owners..."
[parser-unknown-class] "ICCPara", text="(d) “Deportation or forcible transfer of population” means forced displacement of the persons con..."
[parser-unknown-class] "ICCPara", text="(e) “Torture” means the intentional infliction of severe pain or suffering, whether physical or m..."
[parser-unknown-class] "ICCPara", text="(f) “Forced pregnancy” means the unlawful confinement of a woman forcibly made pregnant, with the..."
[parser-unknown-class] "ICCPara", text="(g) “Persecution” means the intentional and severe deprivation of fundamental rights contrary to ..."
[parser-unknown-class] "ICCPara", text="(h) “The crime of apartheid” means inhumane acts of a character similar to those referred to in p..."
[parser-unknown-class] "ICCPara", text="(i) “Enforced disappearance of persons” means the arrest, detention or abduction of persons by, o..."
[parser-unknown-class] "ICCPara", text=""
[parser-unknown-class] "ICCPara", text="(a) Grave breaches of the Geneva Conventions of 12 August 1949, namely, any of the following acts..."
[parser-unknown-class] "ICCSubPara", text="(i) Wilful killing;"
[parser-unknown-class] "ICCSubPara", text="(ii) Torture or inhuman treatment, including biological experiments;"
[parser-unknown-class] "ICCSubPara", text="(iii) Wilfully causing great suffering, or serious injury to body or health;"
[parser-unknown-class] "ICCSubPara", text="(iv) Extensive destruction and appropriation of property, not justified by military necessity and..."
[parser-unknown-class] "ICCSubPara", text="(v) Compelling a prisoner of war or other protected person to serve in the forces of a hostile Po..."
[parser-unknown-class] "ICCSubPara", text="(vi) Wilfully depriving a prisoner of war or other protected person of the rights of fair and reg..."
[parser-unknown-class] "ICCSubPara", text="(vii) Unlawful deportation or transfer or unlawful confinement;"
[parser-unknown-class] "ICCSubPara", text="(viii) Taking of hostages."
[parser-unknown-class] "ICCSubPara", text=""
[parser-unknown-class] "ICCPara", text="(b) Other serious violations of the laws and customs applicable in international armed conflict, ..."
[parser-unknown-class] "ICCSubPara", text="(i) Intentionally directing attacks against the civilian population as such or against individual..."
[parser-unknown-class] "ICCSubPara", text="(ii) Intentionally directing attacks against civilian objects, that is, objects which are not mil..."
[parser-unknown-class] "ICCSubPara", text="(iii) Intentionally directing attacks against personnel, installations, material, units or vehicl..."
[parser-unknown-class] "ICCSubPara", text="(iv) Intentionally launching an attack in the knowledge that such attack will cause incidental lo..."
[parser-unknown-class] "ICCSubPara", text="(v) Attacking or bombarding, by whatever means, towns, villages, dwellings or buildings which are..."
[parser-unknown-class] "ICCSubPara", text="(vi) Killing or wounding a combatant who, having laid down his arms or having no longer means of ..."
[parser-unknown-class] "ICCSubPara", text="(vii) Making improper use of a flag of truce, of the flag or of the military insignia and uniform..."
[parser-unknown-class] "ICCSubPara", text="(viii) The transfer, directly or indirectly, by the Occupying Power of parts of its own civilian ..."
[parser-unknown-class] "ICCSubPara", text="(ix) Intentionally directing attacks against buildings dedicated to religion, education, art, sci..."
[parser-unknown-class] "ICCSubPara", text="(x) Subjecting persons who are in the power of an adverse party to physical mutilation or to medi..."
[parser-unknown-class] "ICCSubPara", text="(xi) Killing or wounding treacherously individuals belonging to the hostile nation or army;"
[parser-unknown-class] "ICCSubPara", text="(xii) Declaring that no quarter will be given;"
[parser-unknown-class] "ICCSubPara", text="(xiii) Destroying or seizing the enemy’s property unless such destruction or seizure be imperativ..."
[parser-unknown-class] "ICCSubPara", text="(xiv) Declaring abolished, suspended or inadmissible in a court of law the rights and actions of ..."
[parser-unknown-class] "ICCSubPara", text="(xv) Compelling the nationals of the hostile party to take part in the operations of war directed..."
[parser-unknown-class] "ICCSubPara", text="(xvi) Pillaging a town or place, even when taken by assault;"
[parser-unknown-class] "ICCSubPara", text="(xvii) Employing poison or poisoned weapons;"
[parser-unknown-class] "ICCSubPara", text="(xviii) Employing asphyxiating, poisonous or other gases, and all analogous liquids, materials or..."
[parser-unknown-class] "ICCSubPara", text="(xix) Employing bullets which expand or flatten easily in the human body, such as bullets with a ..."
[parser-unknown-class] "ICCSubPara", text="(xx) Employing weapons, projectiles and material and methods of warfare which are of a nature to ..."
[parser-unknown-class] "ICCSubPara", text="(xxi) Committing outrages upon personal dignity, in particular humiliating and degrading treatment;"
[parser-unknown-class] "ICCSubPara", text="(xxii) Committing rape, sexual slavery, enforced prostitution, forced pregnancy, as defined in ar..."
[parser-unknown-class] "ICCSubPara", text="(xxiii) Utilizing the presence of a civilian or other protected person to render certain points, ..."
[parser-unknown-class] "ICCSubPara", text="(xxiv) Intentionally directing attacks against buildings, material, medical units and transport, ..."
[parser-unknown-class] "ICCSubPara", text="(xxv) Intentionally using starvation of civilians as a method of warfare by depriving them of obj..."
[parser-unknown-class] "ICCSubPara", text="(xxvi) Conscripting or enlisting children under the age of fifteen years into the national armed ..."
[parser-unknown-class] "ICCPara", text="(c) In the case of an armed conflict not of an international character, serious violations of art..."
[parser-unknown-class] "ICCSubPara", text="(i) Violence to life and person, in particular murder of all kinds, mutilation, cruel treatment a..."
[parser-unknown-class] "ICCSubPara", text="(ii) Committing outrages upon personal dignity, in particular humiliating and degrading treatment;"
[parser-unknown-class] "ICCSubPara", text="(iii) Taking of hostages;"
[parser-unknown-class] "ICCSubPara", text="(iv) The passing of sentences and the carrying out of executions without previous judgement prono..."
[parser-unknown-class] "ICCPara", text="(d) Paragraph 2 (c) applies to armed conflicts not of an international character and thus does no..."
[parser-unknown-class] "ICCPara", text="(e) Other serious violations of the laws and customs applicable in armed conflicts not of an inte..."
[parser-unknown-class] "ICCSubPara", text="(i) Intentionally directing attacks against the civilian population as such or against individual..."
[parser-unknown-class] "ICCSubPara", text="(ii) Intentionally directing attacks against buildings, material, medical units and transport, an..."
[parser-unknown-class] "ICCSubPara", text="(iii) Intentionally directing attacks against personnel, installations, material, units or vehicl..."
[parser-unknown-class] "ICCSubPara", text="(iv) Intentionally directing attacks against buildings dedicated to religion, education, art, sci..."
[parser-unknown-class] "ICCSubPara", text="(v) Pillaging a town or place, even when taken by assault;"
[parser-unknown-class] "ICCSubPara", text="(vi) Committing rape, sexual slavery, enforced prostitution, forced pregnancy, as defined in arti..."
[parser-unknown-class] "ICCSubPara", text="(vii) Conscripting or enlisting children under the age of fifteen years into armed forces or grou..."
[parser-unknown-class] "ICCSubPara", text="(viii) Ordering the displacement of the civilian population for reasons related to the conflict, ..."
[parser-unknown-class] "ICCSubPara", text="(ix) Killing or wounding treacherously a combatant adversary;"
[parser-unknown-class] "ICCSubPara", text="(x) Declaring that no quarter will be given;"
[parser-unknown-class] "ICCSubPara", text="(xi) Subjecting persons who are in the power of another party to the conflict to physical mutilat..."
[parser-unknown-class] "ICCSubPara", text="(xii) Destroying or seizing the property of an adversary unless such destruction or seizure be im..."
[parser-unknown-class] "ICCPara", text="(f) Paragraph 2 (e) applies to armed conflicts not of an international character and thus does no..."
[parser-unknown-class] "ICCPara", text=""
[parser-unknown-class] "ICCSubPara", text="(a) Any State Party;"
[parser-unknown-class] "ICCSubPara", text="(b) The judges acting by an absolute majority;"
[parser-unknown-class] "ICCSubPara", text="(c) The Prosecutor."
[parser-unknown-class] "ICCSubPara", text=""
[parser-unknown-class] "ICCPara", text="(a) The State on the territory of which the conduct in question occurred or, if the crime was com..."
[parser-unknown-class] "ICCPara", text="(b) The State of which the person accused of the crime is a national."
[parser-unknown-class] "ICCPara", text=""
[parser-unknown-class] "ICCPara", text="(a) A situation in which one or more of such crimes appears to have been committed is referred to..."
[parser-unknown-class] "ICCPara", text="(b) A situation in which one or more of such crimes appears to have been committed is referred to..."
[parser-unknown-class] "ICCPara", text="(c) The Prosecutor has initiated an investigation in respect of such a crime in accordance with a..."
[parser-unknown-class] "ICCPara", text="(a) The case is being investigated or prosecuted by a State which has jurisdiction over it, unles..."
[parser-unknown-class] "ICCPara", text="(b) The case has been investigated by a State which has jurisdiction over it and the State has de..."
[parser-unknown-class] "ICCPara", text="(c) The person concerned has already been tried for conduct which is the subject of the complaint..."
[parser-unknown-class] "ICCPara", text="(d) The case is not of sufficient gravity to justify further action by the Court."
[parser-unknown-class] "ICCPara", text=""
[parser-unknown-class] "ICCPara", text="(a) The proceedings were or are being undertaken or the national decision was made for the purpos..."
[parser-unknown-class] "ICCPara", text="(b) There has been an unjustified delay in the proceedings which in the circumstances is inconsis..."
[parser-unknown-class] "ICCPara", text="(c) The proceedings were not or are not being conducted independently or impartially, and they we..."
[parser-unknown-class] "ICCPara", text=""
[parser-unknown-class] "ICCPara", text="(a) An accused or a person for whom a warrant of arrest or a summons to appear has been issued un..."
[parser-unknown-class] "ICCPara", text="(b) A State which has jurisdiction over a case, on the ground that it is investigating or prosecu..."
[parser-unknown-class] "ICCPara", text="(c) A State from which acceptance of jurisdiction is required under article 12."
[parser-unknown-class] "ICCPara", text=""
[parser-unknown-class] "ICCPara", text="(a) To pursue necessary investigative steps of the kind referred to in article 18, paragraph 6;"
[parser-unknown-class] "ICCPara", text="(b) To take a statement or testimony from a witness or complete the collection and examination of..."
[parser-unknown-class] "ICCPara", text="(c) In cooperation with the relevant States, to prevent the absconding of persons in respect of w..."
[parser-unknown-class] "ICCPara", text=""
[parser-unknown-class] "ICCPara", text="(a) Were for the purpose of shielding the person concerned from criminal responsibility for crime..."
[parser-unknown-class] "ICCPara", text="(b) Otherwise were not conducted independently or impartially in accordance with the norms of due..."
[parser-unknown-class] "ICCPara", text="(a) In the first place, this Statute, Elements of Crimes and its Rules of Procedure and Evidence;"
[parser-unknown-class] "ICCPara", text="(b) In the second place, where appropriate, applicable treaties and the principles and rules of i..."
[parser-unknown-class] "ICCPara", text="(c) Failing that, general principles of law derived by the Court from national laws of legal syst..."
[parser-unknown-class] "ICCPara", text=""
[parser-unknown-class] "ICCPara", text="(a) Commits such a crime, whether as an individual, jointly with another or through another perso..."
[parse] sections: 250
[parse] compilation: date=2021-07-24 no=10
[parser-unknown-class] "ICCPara", text="(b) Orders, solicits or induces the commission of such a crime which in fact occurs or is attempted;"
[parser-unknown-class] "ICCPara", text="(c) For the purpose of facilitating the commission of such a crime, aids, abets or otherwise assi..."
[parser-unknown-class] "ICCPara", text="(d) In any other way contributes to the commission or attempted commission of such a crime by a g..."
[parser-unknown-class] "ICCSubPara", text="(i) Be made with the aim of furthering the criminal activity or criminal purpose of the group, wh..."
[parser-unknown-class] "ICCSubPara", text="(ii) Be made in the knowledge of the intention of the group to commit the crime;"
[parser-unknown-class] "ICCPara", text="(e) In respect of the crime of genocide, directly and publicly incites others to commit genocide;"
[parser-unknown-class] "ICCPara", text="(f) Attempts to commit such a crime by taking action that commences its execution by means of a s..."
[parser-unknown-class] "ICCPara", text="(a) A military commander or person effectively acting as a military commander shall be criminally..."
[parser-unknown-class] "ICCSubPara", text="(i) That military commander or person either knew or, owing to the circumstances at the time, sho..."
[parser-unknown-class] "ICCSubPara", text="(ii) That military commander or person failed to take all necessary and reasonable measures withi..."
[parser-unknown-class] "ICCPara", text="(b) With respect to superior and subordinate relationships not described in paragraph (a), a supe..."
[parser-unknown-class] "ICCSubPara", text="(i) The superior either knew, or consciously disregarded information which clearly indicated, tha..."
[parser-unknown-class] "ICCSubPara", text="(ii) The crimes concerned activities that were within the effective responsibility and control of..."
[parser-unknown-class] "ICCSubPara", text="(iii) The superior failed to take all necessary and reasonable measures within his or her power t..."
[parser-unknown-class] "ICCPara", text="(a) In relation to conduct, that person means to engage in the conduct;"
[parser-unknown-class] "ICCPara", text="(b) In relation to a consequence, that person means to cause that consequence or is aware that it..."
[parser-unknown-class] "ICCPara", text=""
[parser-unknown-class] "ICCPara", text="(a) The person suffers from a mental disease or defect that destroys that person’s capacity to ap..."
[parser-unknown-class] "ICCPara", text="(b) The person is in a state of intoxication that destroys that person’s capacity to appreciate t..."
[parser-unknown-class] "ICCPara", text="(c) The person acts reasonably to defend himself or herself or another person or, in the case of ..."
[parser-unknown-class] "ICCPara", text="(d) The conduct which is alleged to constitute a crime within the jurisdiction of the Court has b..."
[parser-unknown-class] "ICCSubPara", text="(i) Made by other persons; or"
[parser-unknown-class] "ICCSubPara", text="(ii) Constituted by other circumstances beyond that person’s control."
[parser-unknown-class] "ICCSubPara", text=""
[parser-unknown-class] "ICCPara", text="(a) The person was under a legal obligation to obey orders of the Government or the superior in q..."
[parser-unknown-class] "ICCPara", text="(b) The person did not know that the order was unlawful; and"
[parser-unknown-class] "ICCPara", text="(c) The order was not manifestly unlawful."
[parser-unknown-class] "ICCPara", text=""
[parser-unknown-class] "ICCPara", text="(a) The Presidency;"
[parser-unknown-class] "ICCPara", text="(b) An Appeals Division, a Trial Division and a Pre‑Trial Division;"
[parser-unknown-class] "ICCPara", text="(c) The Office of the Prosecutor;"
[parser-unknown-class] "ICCPara", text="(d) The Registry."
[parser-unknown-class] "ICCSubPara", text="(i) By the procedure for the nomination of candidates for appointment to the highest judicial off..."
[parser-unknown-class] "ICCSubPara", text="(ii) By the procedure provided for the nomination of candidates for the International Court of Ju..."
[parser-unknown-class] "ICCSubPara", text=""
[parser-unknown-class] "ICCSubPara", text="(i) The representation of the principal legal systems of the world;"
[parser-unknown-class] "ICCSubPara", text="(ii) Equitable geographical representation; and"
[parser-unknown-class] "ICCSubPara", text="(iii) A fair representation of female and male judges."
[parser-unknown-class] "ICCSubPara", text=""
[parser-unknown-class] "ICCPara", text="(a) The proper administration of the Court, with the exception of the Office of the Prosecutor; and"
[parser-unknown-class] "ICCPara", text="(b) The other functions conferred upon it in accordance with this Statute."
[parser-unknown-class] "ICCPara", text="(a) The person being investigated or prosecuted may at any time request the disqualification of t..."
[parser-unknown-class] "ICCPara", text="(b) The Prosecutor or the Deputy Prosecutor, as appropriate, shall be entitled to present his or ..."
[parser-unknown-class] "ICCPara", text=""
[parser-unknown-class] "ICCPara", text="(a) Is found to have committed serious misconduct or a serious breach of his or her duties under ..."
[parser-unknown-class] "ICCPara", text="(b) Is unable to exercise the functions required by this Statute."
[parser-unknown-class] "ICCPara", text=""
[parser-unknown-class] "ICCPara", text="( a) In the case of a judge, by a two‑thirds majority of the States Parties upon a recommendation..."
[parser-unknown-class] "ICCPara", text="(b) In the case of the Prosecutor, by an absolute majority of the States Parties;"
[parser-unknown-class] "ICCPara", text="(c) In the case of a Deputy Prosecutor, by an absolute majority of the States Parties upon the re..."
[parser-unknown-class] "ICCPara", text=""
[parser-unknown-class] "ICCPara", text="(a) A judge or the Prosecutor may be waived by an absolute majority of the judges;"
[parser-unknown-class] "ICCPara", text="(b) The Registrar may be waived by the Presidency;"
[parser-unknown-class] "ICCPara", text="(c) The Deputy Prosecutors and staff of the Office of the Prosecutor may be waived by the Prosecu..."
[parser-unknown-class] "ICCPara", text="(d) The Deputy Registrar and staff of the Registry may be waived by the Registrar."
[parser-unknown-class] "ICCPara", text=""
[parser-unknown-class] "ICCPara", text="(a) Any State Party;"
[parser-unknown-class] "ICCPara", text="(b) The judges acting by an absolute majority; or"
[parser-unknown-class] "ICCPara", text="(c) The Prosecutor."
[parser-unknown-class] "ICCPara", text="(a) The information available to the Prosecutor provides a reasonable basis to believe that a cri..."
[parser-unknown-class] "ICCPara", text="(b) The case is or would be admissible under article 17; and"
[parser-unknown-class] "ICCPara", text="(c) Taking into account the gravity of the crime and the interests of victims, there are nonethel..."
[parser-unknown-class] "ICCPara", text=""
[parser-unknown-class] "ICCPara", text="(a) There is not a sufficient legal or factual basis to seek a warrant or summons under article 58;"
[parser-unknown-class] "ICCPara", text="(b) The case is inadmissible under article 17; or"
[parser-unknown-class] "ICCPara", text="(c) A prosecution is not in the interests of justice, taking into account all the circumstances, ..."
[parser-unknown-class] "ICCPara", text=""
[parser-unknown-class] "ICCPara", text="(a) In order to establish the truth, extend the investigation to cover all facts and evidence rel..."
[parser-unknown-class] "ICCPara", text="(b) Take appropriate measures to ensure the effective investigation and prosecution of crimes wit..."
[parser-unknown-class] "ICCPara", text="(c) Fully respect the rights of persons arising under this Statute."
[parser-unknown-class] "ICCPara", text=""
[parser-unknown-class] "ICCPara", text="(a) In accordance with the provisions of Part 9; or"
[parser-unknown-class] "ICCPara", text="(b) As authorized by the Pre‑Trial Chamber under article 57, paragraph 3 (d)."
[parser-unknown-class] "ICCPara", text=""
[parser-unknown-class] "ICCPara", text="(a) Collect and examine evidence;"
[parser-unknown-class] "ICCPara", text="(b) Request the presence of and question persons being investigated, victims and witnesses;"
[parser-unknown-class] "ICCPara", text="(c) Seek the cooperation of any State or intergovernmental organization or arrangement in accorda..."
[parser-unknown-class] "ICCPara", text="(d) Enter into such arrangements or agreements, not inconsistent with this Statute, as may be nec..."
[parser-unknown-class] "ICCPara", text="(e) Agree not to disclose, at any stage of the proceedings, documents or information that the Pro..."
[parser-unknown-class] "ICCPara", text="(f) Take necessary measures, or request that necessary measures be taken, to ensure the confident..."
[parser-unknown-class] "ICCPara", text="(a) Shall not be compelled to incriminate himself or herself or to confess guilt;"
[parser-unknown-class] "ICCPara", text="(b) Shall not be subjected to any form of coercion, duress or threat, to torture or to any other ..."
[parser-unknown-class] "ICCPara", text="(c) Shall, if questioned in a language other than a language the person fully understands and spe..."
[parser-unknown-class] "ICCPara", text="(d) Shall not be subjected to arbitrary arrest or detention, and shall not be deprived of his or ..."
[parser-unknown-class] "ICCPara", text=""
[parser-unknown-class] "ICCPara", text="(a) To be informed, prior to being questioned, that there are grounds to believe that he or she h..."
[parser-unknown-class] "ICCPara", text="(b) To remain silent, without such silence being a consideration in the determination of guilt or..."
[parser-unknown-class] "ICCPara", text="(c) To have legal assistance of the person’s choosing, or, if the person does not have legal assi..."
[parser-unknown-class] "ICCPara", text="(d) To be questioned in the presence of counsel unless the person has voluntarily waived his or h..."
[parser-unknown-class] "ICCPara", text="(a) Making recommendations or orders regarding procedures to be followed;"
[parser-unknown-class] "ICCPara", text="(b) Directing that a record be made of the proceedings;"
[parser-unknown-class] "ICCPara", text="(c) Appointing an expert to assist;"
[parser-unknown-class] "ICCPara", text="(d) Authorizing counsel for a person who has been arrested, or appeared before the Court in respo..."
[parser-unknown-class] "ICCPara", text="(e) Naming one of its members or, if necessary, another available judge of the Pre‑Trial or Trial..."
[parser-unknown-class] "ICCPara", text="(f) Taking such other action as may be necessary to collect or preserve evidence."
[parser-unknown-class] "ICCPara", text=""
[parser-unknown-class] "ICCPara", text="(a) At the request of the Prosecutor, issue such orders and warrants as may be required for the p..."
[parser-unknown-class] "ICCPara", text="(b) Upon the request of a person who has been arrested or has appeared pursuant to a summons unde..."
[parser-unknown-class] "ICCPara", text="(c) Where necessary, provide for the protection and privacy of victims and witnesses, the preserv..."
[parser-unknown-class] "ICCPara", text="(d) Authorize the Prosecutor to take specific investigative steps within the territory of a State..."
[parser-unknown-class] "ICCPara", text="(e) Where a warrant of arrest or a summons has been issued under article 58, and having due regar..."
[parser-unknown-class] "ICCPara", text=""
[parser-unknown-class] "ICCPara", text="(a) There are reasonable grounds to believe that the person has committed a crime within the juri..."
[parser-unknown-class] "ICCPara", text="(b) The arrest of the person appears necessary:"
[parser-unknown-class] "ICCSubPara", text="(i) To ensure the person’s appearance at trial,"
[parser-unknown-class] "ICCSubPara", text="(ii) To ensure that the person does not obstruct or endanger the investigation or the court proce..."
[parser-unknown-class] "ICCSubPara", text="(iii) Where applicable, to prevent the person from continuing with the commission of that crime o..."
[parser-unknown-class] "ICCSubPara", text=""
[parser-unknown-class] "ICCPara", text="(a) The name of the person and any other relevant identifying information;"
[parser-unknown-class] "ICCPara", text="(b) A specific reference to the crimes within the jurisdiction of the Court which the person is a..."
[parser-unknown-class] "ICCPara", text="(c) A concise statement of the facts which are alleged to constitute those crimes;"
[parser-unknown-class] "ICCPara", text="(d) A summary of the evidence and any other information which establish reasonable grounds to bel..."
[parser-unknown-class] "ICCPara", text="(e) The reason why the Prosecutor believes that the arrest of the person is necessary."
[parser-unknown-class] "ICCPara", text=""
[parser-unknown-class] "ICCPara", text="(a) The name of the person and any other relevant identifying information;"
[parser-unknown-class] "ICCPara", text="(b) A specific reference to the crimes within the jurisdiction of the Court for which the person’..."
[parser-unknown-class] "ICCPara", text="(c) A concise statement of the facts which are alleged to constitute those crimes."
[parser-unknown-class] "ICCPara", text=""
[parser-unknown-class] "ICCPara", text="(a) The name of the person and any other relevant identifying information;"
[parser-unknown-class] "ICCPara", text="(b) The specified date on which the person is to appear;"
[parser-unknown-class] "ICCPara", text="(c) A specific reference to the crimes within the jurisdiction of the Court which the person is a..."
[parser-unknown-class] "ICCPara", text="(d) A concise statement of the facts which are alleged to constitute the crime."
[parser-unknown-class] "ICCPara", text=""
[parser-unknown-class] "ICCPara", text="(a) The warrant applies to that person;"
[parser-unknown-class] "ICCPara", text="(b) The person has been arrested in accordance with the proper process; and"
[parser-unknown-class] "ICCPara", text="(c) The person’s rights have been respected."
[parser-unknown-class] "ICCPara", text=""
[parser-unknown-class] "ICCPara", text="(a) Waived his or her right to be present; or"
[parser-unknown-class] "ICCPara", text="(b) Fled or cannot be found and all reasonable steps have been taken to secure his or her appeara..."
[parser-unknown-class] "ICCPara", text=""
[parser-unknown-class] "ICCPara", text="(a) Be provided with a copy of the document containing the charges on which the Prosecutor intend..."
[parser-unknown-class] "ICCPara", text="(b) Be informed of the evidence on which the Prosecutor intends to rely at the hearing."
[parser-unknown-class] "ICCPara", text=""
[parser-unknown-class] "ICCPara", text="(a) Object to the charges;"
[parser-unknown-class] "ICCPara", text="(b) Challenge the evidence presented by the Prosecutor; and"
[parser-unknown-class] "ICCPara", text="(c) Present evidence."
[parser-unknown-class] "ICCPara", text=""
[parser-unknown-class] "ICCPara", text="(a) Confirm those charges in relation to which it has determined that there is sufficient evidenc..."
[parser-unknown-class] "ICCPara", text="(b) Decline to confirm those charges in relation to which it has determined that there is insuffi..."
[parser-unknown-class] "ICCPara", text="(c) Adjourn the hearing and request the Prosecutor to consider:"
[parser-unknown-class] "ICCSubPara", text="(i) Providing further evidence or conducting further investigation with respect to a particular c..."
[parser-unknown-class] "ICCSubPara", text="(ii) Amending a charge because the evidence submitted appears to establish a different crime with..."
[parser-unknown-class] "ICCSubPara", text=""
[parser-unknown-class] "ICCPara", text="(a) Confer with the parties and adopt such procedures as are necessary to facilitate the fair and..."
[parser-unknown-class] "ICCPara", text="(b) Determine the language or languages to be used at trial; and"
[parser-unknown-class] "ICCPara", text="(c) Subject to any other relevant provisions of this Statute, provide for disclosure of documents..."
[parser-unknown-class] "ICCPara", text=""
[parser-unknown-class] "ICCPara", text="(a) Exercise any functions of the Pre‑Trial Chamber referred to in article 61, paragraph 11;"
[parser-unknown-class] "ICCPara", text="(b) Require the attendance and testimony of witnesses and production of documents and other evide..."
[parser-unknown-class] "ICCPara", text="(c) Provide for the protection of confidential information;"
[parser-unknown-class] "ICCPara", text="(d) Order the production of evidence in addition to that already collected prior to the trial or ..."
[parser-unknown-class] "ICCPara", text="(e) Provide for the protection of the accused, witnesses and victims; and"
[parser-unknown-class] "ICCPara", text="(f) Rule on any other relevant matters."
[parser-unknown-class] "ICCPara", text=""
[parse] by level:
[parser-unknown-class] "ICCPara", text="(a) Rule on the admissibility or relevance of evidence; and"
[parser-unknown-class] "ICCPara", text="(b) Take all necessary steps to maintain order in the course of a hearing."
[parser-unknown-class] "ICCPara", text=""
[parser-unknown-class] "ICCPara", text="(a) The accused understands the nature and consequences of the admission of guilt;"
[parser-unknown-class] "ICCPara", text="(b) The admission is voluntarily made by the accused after sufficient consultation with defence c..."
[parser-unknown-class] "ICCPara", text="(c) The admission of guilt is supported by the facts of the case that are contained in:"
[parser-unknown-class] "ICCSubPara", text="(i) The charges brought by the Prosecutor and admitted by the accused;"
[parser-unknown-class] "ICCSubPara", text="(ii) Any materials presented by the Prosecutor which supplement the charges and which the accused..."
[parser-unknown-class] "ICCSubPara", text="(iii) Any other evidence, such as the testimony of witnesses, presented by the Prosecutor or the ..."
[parser-unknown-class] "ICCSubPara", text=""
[parser-unknown-class] "ICCPara", text="(a) Request the Prosecutor to present additional evidence, including the testimony of witnesses; or"
[parser-unknown-class] "ICCPara", text="(b) Order that the trial be continued under the ordinary trial procedures provided by this Statut..."
[parser-unknown-class] "ICCPara", text=""
[parser-unknown-class] "ICCPara", text="(a) To be informed promptly and in detail of the nature, cause and content of the charge, in a la..."
[parser-unknown-class] "ICCPara", text="(b) To have adequate time and facilities for the preparation of the defence and to communicate fr..."
[parser-unknown-class] "ICCPara", text="(c) To be tried without undue delay;"
[parser-unknown-class] "ICCPara", text="(d) Subject to article 63, paragraph 2, to be present at the trial, to conduct the defence in per..."
[parser-unknown-class] "ICCPara", text="(e) To examine, or have examined, the witnesses against him or her and to obtain the attendance a..."
[parser-unknown-class] "ICCPara", text="(f) To have, free of any cost, the assistance of a competent interpreter and such translations as..."
[parser-unknown-class] "ICCPara", text="(g) Not to be compelled to testify or to confess guilt and to remain silent, without such silence..."
[parser-unknown-class] "ICCPara", text="(h) To make an unsworn oral or written statement in his or her defence; and"
[parser-unknown-class] "ICCPara", text="(i) Not to have imposed on him or her any reversal of the burden of proof or any onus of rebuttal."
[parser-unknown-class] "ICCPara", text=""
[parser-unknown-class] "ICCPara", text="(a) The violation casts substantial doubt on the reliability of the evidence; or"
[parser-unknown-class] "ICCPara", text="(b) The admission of the evidence would be antithetical to and would seriously damage the integri..."
[parser-unknown-class] "ICCPara", text=""
[parser-unknown-class] "ICCPara", text="(a) Giving false testimony when under an obligation pursuant to article 69, paragraph 1, to tell ..."
[parser-unknown-class] "ICCPara", text="(b) Presenting evidence that the party knows is false or forged;"
[parser-unknown-class] "ICCPara", text="(c) Corruptly influencing a witness, obstructing or interfering with the attendance or testimony ..."
[parser-unknown-class] "ICCPara", text="(d) Impeding, intimidating or corruptly influencing an official of the Court for the purpose of f..."
[parser-unknown-class] "ICCPara", text="(e) Retaliating against an official of the Court on account of duties performed by that or anothe..."
[parser-unknown-class] "ICCPara", text="(f) Soliciting or accepting a bribe as an official of the Court in connection with his or her off..."
[parser-unknown-class] "ICCPara", text=""
[parser-unknown-class] "ICCPara", text="(a) Modification or clarification of the request;"
[parser-unknown-class] "ICCPara", text="(b) A determination by the Court regarding the relevance of the information or evidence sought, o..."
[parser-unknown-class] "ICCPara", text="(c) Obtaining the information or evidence from a different source or in a different form; or"
[parser-unknown-class] "ICCPara", text="(d) Agreement on conditions under which the assistance could be provided including, among other t..."
[parser-unknown-class] "ICCPara", text=""
[parser-unknown-class] "ICCPara", text="(a) Where disclosure of the information or document is sought pursuant to a request for cooperati..."
[parser-unknown-class] "ICCSubPara", text="(i) The Court may, before making any conclusion referred to in subparagraph 7 (a) (ii), request f..."
[parser-unknown-class] "ICCSubPara", text="(ii) If the Court concludes that, by invoking the ground for refusal under article 93, paragraph ..."
[parser-unknown-class] "ICCSubPara", text="(iii) The Court may make such inference in the trial of the accused as to the existence or non‑ex..."
[parser-unknown-class] "ICCPara", text="(b) In all other circumstances:"
[parser-unknown-class] "ICCSubPara", text="(i) Order disclosure; or"
[parser-unknown-class] "ICCSubPara", text="(ii) To the extent it does not order disclosure, make such inference in the trial of the accused ..."
[parser-unknown-class] "ICCSubPara", text=""
[parser-unknown-class] "ICCPara", text="(a) Imprisonment for a specified number of years, which may not exceed a maximum of 30 years; or"
[parser-unknown-class] "ICCPara", text="(b) A term of life imprisonment when justified by the extreme gravity of the crime and the indivi..."
[parser-unknown-class] "ICCPara", text=""
[parser-unknown-class] "ICCPara", text="(a) A fine under the criteria provided for in the Rules of Procedure and Evidence;"
[parser-unknown-class] "ICCPara", text="(b) A forfeiture of proceeds, property and assets derived directly or indirectly from that crime,..."
[parser-unknown-class] "ICCPara", text="(a) The Prosecutor may make an appeal on any of the following grounds:"
[parser-unknown-class] "ICCSubPara", text="(i) Procedural error,"
[parser-unknown-class] "ICCSubPara", text="(ii) Error of fact, or"
[parser-unknown-class] "ICCSubPara", text="(iii) Error of law;"
[parser-unknown-class] "ICCPara", text="(b) The convicted person, or the Prosecutor on that person’s behalf, may make an appeal on any of..."
[parser-unknown-class] "ICCSubPara", text="(i) Procedural error,"
[parser-unknown-class] "ICCSubPara", text="(ii) Error of fact,"
[parser-unknown-class] "ICCSubPara", text="(iii) Error of law, or"
[parser-unknown-class] "ICCSubPara", text="(iv) Any other ground that affects the fairness or reliability of the proceedings or decision."
[parser-unknown-class] "ICCSubPara", text=""
[parser-unknown-class] "ICCSubPara", text="(i) Under exceptional circumstances, and having regard, inter alia, to the concrete risk of fligh..."
[parser-unknown-class] "ICCSubPara", text="(ii) A decision by the Trial Chamber under subparagraph (c) (i) may be appealed in accordance wit..."
[parser-unknown-class] "ICCSubPara", text=""
[parser-unknown-class] "ICCPara", text="(a) A decision with respect to jurisdiction or admissibility;"
[parser-unknown-class] "ICCPara", text="(b) A decision granting or denying release of the person being investigated or prosecuted;"
[parser-unknown-class] "ICCPara", text="(c) A decision of the Pre‑Trial Chamber to act on its own initiative under article 56, paragraph 3;"
[parser-unknown-class] "ICCPara", text="(d) A decision that involves an issue that would significantly affect the fair and expeditious co..."
[parser-unknown-class] "ICCPara", text=""
[parser-unknown-class] "ICCPara", text="(a) Reverse or amend the decision or sentence; or"
[parser-unknown-class] "ICCPara", text="(b) Order a new trial before a different Trial Chamber."
[parser-unknown-class] "ICCPara", text=""
[parser-unknown-class] "ICCPara", text="(a) New evidence has been discovered that:"
[parser-unknown-class] "ICCSubPara", text="(i) Was not available at the time of trial, and such unavailability was not wholly or partially a..."
[parser-unknown-class] "ICCSubPara", text="(ii) Is sufficiently important that had it been proved at trial it would have been likely to have..."
[parser-unknown-class] "ICCPara", text="(b) It has been newly discovered that decisive evidence, taken into account at trial and upon whi..."
[parser-unknown-class] "ICCPara", text="(c) One or more of the judges who participated in conviction or confirmation of the charges has c..."
[parser-unknown-class] "ICCPara", text=""
[parser-unknown-class] "ICCPara", text="(a) Reconvene the original Trial Chamber;"
[parser-unknown-class] "ICCPara", text="(b) Constitute a new Trial Chamber; or"
[parser-unknown-class] "ICCPara", text="(c) Retain jurisdiction over the matter,"
[parser-unknown-class] "ICCSubPara", text="(i) A description of the person being transported;"
[parser-unknown-class] "ICCSubPara", text="(ii) A brief statement of the facts of the case and their legal characterization; and"
[parser-unknown-class] "ICCSubPara", text="(iii) The warrant for arrest and surrender;"
[parser-unknown-class] "ICCSubPara", text=""
[parser-unknown-class] "ICCPara", text="(a) The Court has, pursuant to article 18 or 19, made a determination that the case in respect of..."
[parser-unknown-class] "ICCPara", text="(b) The Court makes the determination described in subparagraph (a) pursuant to the requested Sta..."
[parser-unknown-class] "ICCPara", text=""
[parser-unknown-class] "ICCPara", text="(a) The respective dates of the requests;"
[parser-unknown-class] "ICCPara", text="(b) The interests of the requesting State including, where relevant, whether the crime was commit..."
[parser-unknown-class] "ICCPara", text="(c) The possibility of subsequent surrender between the Court and the requesting State."
[parser-unknown-class] "ICCPara", text=""
[parser-unknown-class] "ICCPara", text="(a) The requested State shall, if it is not under an existing international obligation to extradi..."
[parser-unknown-class] "ICCPara", text="(b) The requested State shall, if it is under an existing international obligation to extradite t..."
[parser-unknown-class] "ICCPara", text=""
[parser-unknown-class] "ICCPara", text="(a) Information describing the person sought, sufficient to identify the person, and information ..."
[parser-unknown-class] "ICCPara", text="(b) A copy of the warrant of arrest; and"
[parser-unknown-class] "ICCPara", text="(c) Such documents, statements or information as may be necessary to meet the requirements for th..."
[parser-unknown-class] "ICCPara", text=""
[parser-unknown-class] "ICCPara", text="(a) A copy of any warrant of arrest for that person;"
[parser-unknown-class] "ICCPara", text="(b) A copy of the judgement of conviction;"
[parser-unknown-class] "ICCPara", text="(c) Information to demonstrate that the person sought is the one referred to in the judgement of ..."
[parser-unknown-class] "ICCPara", text="(d) If the person sought has been sentenced, a copy of the sentence imposed and, in the case of a..."
[parser-unknown-class] "ICCPara", text=""
[parser-unknown-class] "ICCPara", text="(a) Information describing the person sought, sufficient to identify the person, and information ..."
[parser-unknown-class] "ICCPara", text="(b) A concise statement of the crimes for which the person’s arrest is sought and of the facts wh..."
[parser-unknown-class] "ICCPara", text="(c) A statement of the existence of a warrant of arrest or a judgement of conviction against the ..."
[parser-unknown-class] "ICCPara", text="(d) A statement that a request for surrender of the person sought will follow."
[parser-unknown-class] "ICCPara", text=""
[parser-unknown-class] "ICCPara", text="(a) The identification and whereabouts of persons or the location of items;"
[parser-unknown-class] "ICCPara", text="(b) The taking of evidence, including testimony under oath, and the production of evidence, inclu..."
[parser-unknown-class] "ICCPara", text="(c) The questioning of any person being investigated or prosecuted;"
[parser-unknown-class] "ICCPara", text="(d) The service of documents, including judicial documents;"
[parser-unknown-class] "ICCPara", text="(e) Facilitating the voluntary appearance of persons as witnesses or experts before the Court;"
[parser-unknown-class] "ICCPara", text="(f) The temporary transfer of persons as provided in paragraph 7;"
[parser-unknown-class] "ICCPara", text="(g) The examination of places or sites, including the exhumation and examination of grave sites;"
[parser-unknown-class] "ICCPara", text="(h) The execution of searches and seizures;"
[parser-unknown-class] "ICCPara", text="(i) The provision of records and documents, including official records and documents;"
[parser-unknown-class] "ICCPara", text="(j) The protection of victims and witnesses and the preservation of evidence;"
[parser-unknown-class] "ICCPara", text="(k) The identification, tracing and freezing or seizure of proceeds, property and assets and inst..."
[parser-unknown-class] "ICCPara", text="(l) Any other type of assistance which is not prohibited by the law of the requested State, with ..."
[parser-unknown-class] "ICCPara", text=""
[parser-unknown-class] "ICCSubPara", text="(i) The person freely gives his or her informed consent to the transfer; and"
[parser-unknown-class] "ICCSubPara", text="(ii) The requested State agrees to the transfer, subject to such conditions as that State and the..."
[parser-unknown-class] "ICCSubPara", text=""
[parser-unknown-class] "ICCPara", text="(a) A concise statement of the purpose of the request and the assistance sought, including the le..."
[parser-unknown-class] "ICCPara", text="(b) As much detailed information as possible about the location or identification of any person o..."
[parser-unknown-class] "ICCPara", text="(c) A concise statement of the essential facts underlying the request;"
[parser-unknown-class] "ICCPara", text="(d) The reasons for and details of any procedure or requirement to be followed;"
[parser-unknown-class] "ICCPara", text="(e) Such information as may be required under the law of the requested State in order to execute ..."
[parser-unknown-class] "ICCPara", text="(f) Any other information relevant in order for the assistance sought to be provided."
[parser-unknown-class] "ICCPara", text=""
[parser-unknown-class] "ICCPara", text="(a) Insufficient information to execute the request;"
[parser-unknown-class] "ICCPara", text="(b) In the case of a request for surrender, the fact that despite best efforts, the person sought..."
[parser-unknown-class] "ICCPara", text="(c) The fact that execution of the request in its current form would require the requested State ..."
[parser-unknown-class] "ICCPara", text="(a) When the State Party requested is a State on the territory of which the crime is alleged to h..."
[parser-unknown-class] "ICCPara", text="(b) In other cases, the Prosecutor may execute such request following consultations with the requ..."
[parser-unknown-class] "ICCPara", text=""
[parser-unknown-class] "ICCPara", text="(a) Costs associated with the travel and security of witnesses and experts or the transfer under ..."
[parser-unknown-class] "ICCPara", text="(b) Costs of translation, interpretation and transcription;"
[parser-unknown-class] "ICCPara", text="(c) Travel and subsistence costs of the judges, the Prosecutor, the Deputy Prosecutors, the Regis..."
[parser-unknown-class] "ICCPara", text="(d) Costs of any expert opinion or report requested by the Court;"
[parser-unknown-class] "ICCPara", text="(e) Costs associated with the transport of a person being surrendered to the Court by a custodial..."
[parser-unknown-class] "ICCPara", text="(f) Following consultations, any extraordinary costs that may result from the execution of a requ..."
[parser-unknown-class] "ICCPara", text=""
[parser-unknown-class] "ICCPara", text="(a) The early and continuing willingness of the person to cooperate with the Court in its investi..."
[parser-unknown-class] "ICCPara", text="(b) The voluntary assistance of the person in enabling the enforcement of the judgements and orde..."
[parser-unknown-class] "ICCPara", text="(c) Other factors establishing a clear and significant change of circumstances sufficient to just..."
[parser-unknown-class] "ICCPara", text=""
[parser-unknown-class] "ICCPara", text="(a) Consider and adopt, as appropriate, recommendations of the Preparatory Commission;"
[parser-unknown-class] "ICCPara", text="(b) Provide management oversight to the Presidency, the Prosecutor and the Registrar regarding th..."
[parser-unknown-class] "ICCPara", text="(c) Consider the reports and activities of the Bureau established under paragraph 3 and take appr..."
[parser-unknown-class] "ICCPara", text="(d) Consider and decide the budget for the Court;"
[parser-unknown-class] "ICCPara", text="(e) Decide whether to alter, in accordance with article 36, the number of judges;"
[parser-unknown-class] "ICCPara", text="(f) Consider pursuant to article 87, paragraphs 5 and 7, any question relating to non‑cooperation;"
[parser-unknown-class] "ICCPara", text="(g) Perform any other function consistent with this Statute or the Rules of Procedure and Evidence."
[parser-unknown-class] "ICCPara", text=""
[parser-unknown-class] "ICCPara", text="(a) Decisions on matters of substance must be approved by a two‑thirds majority of those present ..."
[parser-unknown-class] "ICCPara", text="(b) Decisions on matters of procedure shall be taken by a simple majority of States Parties prese..."
[parser-unknown-class] "ICCPara", text=""
[parser-unknown-class] "ICCPara", text="(a) Assessed contributions made by States Parties;"
[parser-unknown-class] "ICCPara", text="(b) Funds provided by the United Nations, subject to the approval of the General Assembly, in par..."
[parser-unknown-class] "ICCPara", text=""
[parser-diag] processed 4166 <p> elements
[parser-diag] last section was added at element index: 2086
[parser-diag] state phase at end: ENDNOTES
[parser-diag] hierarchy stack depth at end: 1
[parser-diag] insideSchedule at end: true
         part         14
         section      195
         division     34
         subdivision  6
         schedule     1
[db] inserted new legislation row: 75243a3f-4fef-4446-93f7-5006d5bcc0f7
[db] inserting 250 sections (pass 1)
[db] inserted 250 sections
[db] linking parent FKs (pass 2)
[db] linked 235 parent references

[done] ingested International Criminal Court Act 2002
       legislation_id: 75243a3f-4fef-4446-93f7-5006d5bcc0f7
       sections: 250
       compilation: 2021-07-24
