[fetch] document_1: https://www.legislation.gov.au/C2004A01202/2022-03-02/2022-03-02/text/original/epub/OEBPS/document_1/document_1.html
[fetch] document_1: 246,366 bytes
[fetch] document_2: https://www.legislation.gov.au/C2004A01202/2022-03-02/2022-03-02/text/original/epub/OEBPS/document_2/document_2.html
[fetch] document_2 not found — stopping. Fetched 1 document(s).
[fetch] combined 1 document(s), 246,366 source bytes → 244,137 combined bytes
[citation] Offshore Petroleum and Greenhouse Gas Storage (Regulatory Levies) Act 2003 (Cth)
[parse] starting
[parser-diag] total <p> elements found: 938
[parser-diag] processed 938 <p> elements
[parser-diag] last section was added at element index: 660
[parser-diag] state phase at end: ENDNOTES
[parser-diag] hierarchy stack depth at end: 2
[parser-diag] insideSchedule at end: false
[parse] sections: 31
[parse] compilation: date=2022-03-02 no=20
[parse] by level:
         part         9
         section      22
[db] inserted new legislation row: 5a089760-777f-4594-9044-169092947a21
[db] inserting 31 sections (pass 1)
[db] inserted 31 sections
[db] linking parent FKs (pass 2)
[db] linked 22 parent references

[done] ingested Offshore Petroleum and Greenhouse Gas Storage (Regulatory Levies) Act 2003
       legislation_id: 5a089760-777f-4594-9044-169092947a21
       sections: 31
       compilation: 2022-03-02
