[fetch] document_1: https://www.legislation.gov.au/C2004A05237/2013-06-29/2013-06-29/text/original/epub/OEBPS/document_1/document_1.html
[fetch] document_1: 25,911 bytes
[fetch] document_2: https://www.legislation.gov.au/C2004A05237/2013-06-29/2013-06-29/text/original/epub/OEBPS/document_2/document_2.html
[fetch] document_2 not found — stopping. Fetched 1 document(s).
[fetch] combined 1 document(s), 25,911 source bytes → 24,401 combined bytes
[citation] Radiocommunications (Spectrum Licence Tax) Act 1997 (Cth)
[parse] starting
[parser-diag] total <p> elements found: 120
[parser-diag] processed 120 <p> elements
[parser-diag] last section was added at element index: 68
[parser-diag] state phase at end: ENDNOTES
[parser-diag] hierarchy stack depth at end: 1
[parser-diag] insideSchedule at end: false
[parse] sections: 8
[parse] compilation: date=(none) no=(none)
[parse] by level:
         section      8
[db] inserted new legislation row: 10862f20-a80c-4e68-9e7d-6a1b8227c5f5
[db] inserting 8 sections (pass 1)
[db] inserted 8 sections
[db] linking parent FKs (pass 2)
[db] linked 0 parent references

[done] ingested Radiocommunications (Spectrum Licence Tax) Act 1997
       legislation_id: 10862f20-a80c-4e68-9e7d-6a1b8227c5f5
       sections: 8
       compilation: 2013-06-29
