[fetch] document_1: https://www.legislation.gov.au/C2004A03450/2018-11-27/2018-11-27/text/original/epub/OEBPS/document_1/document_1.html
[fetch] document_1: 221,678 bytes
[fetch] document_2: https://www.legislation.gov.au/C2004A03450/2018-11-27/2018-11-27/text/original/epub/OEBPS/document_2/document_2.html
[fetch] document_2 not found — stopping. Fetched 1 document(s).
[fetch] combined 1 document(s), 221,678 source bytes → 219,546 combined bytes
[citation] Australian Institute of Health and Welfare Act 1987 (Cth)
[parse] starting
[parser-diag] total <p> elements found: 918
[parser-diag] processed 918 <p> elements
[parser-diag] last section was added at element index: 543
[parser-diag] state phase at end: ENDNOTES
[parser-diag] hierarchy stack depth at end: 2
[parser-diag] insideSchedule at end: false
[parse] sections: 68
[parse] compilation: date=2018-11-27 no=13
[parse] by level:
         part         4
         section      55
         division     5
         subdivision  4
[db] inserted new legislation row: 508c06b7-91c0-4e48-a378-de40622249fc
[db] inserting 68 sections (pass 1)
[db] inserted 68 sections
[db] linking parent FKs (pass 2)
[db] linked 64 parent references

[done] ingested Australian Institute of Health and Welfare Act 1987
       legislation_id: 508c06b7-91c0-4e48-a378-de40622249fc
       sections: 68
       compilation: 2018-11-27
