[fetch] document_1: https://www.legislation.gov.au/C2004A02854/2021-06-17/2021-06-17/text/original/epub/OEBPS/document_1/document_1.html
[fetch] document_1: 83,682 bytes
[fetch] document_2: https://www.legislation.gov.au/C2004A02854/2021-06-17/2021-06-17/text/original/epub/OEBPS/document_2/document_2.html
[fetch] document_2 not found — stopping. Fetched 1 document(s).
[fetch] combined 1 document(s), 83,682 source bytes → 81,858 combined bytes
[citation] Radiocommunications (Transmitter Licence Tax) Act 1983 (Cth)
[parse] starting
[parser-diag] total <p> elements found: 346
[parser-diag] processed 346 <p> elements
[parser-diag] last section was added at element index: 162
[parser-diag] state phase at end: ENDNOTES
[parser-diag] hierarchy stack depth at end: 1
[parser-diag] insideSchedule at end: false
[parse] sections: 9
[parse] compilation: date=2021-06-17 no=10
[parse] by level:
         section      9
[db] inserted new legislation row: c79d3e2d-328d-42ad-abc1-4aa507843e80
[db] inserting 9 sections (pass 1)
[db] inserted 9 sections
[db] linking parent FKs (pass 2)
[db] linked 0 parent references

[done] ingested Radiocommunications (Transmitter Licence Tax) Act 1983
       legislation_id: c79d3e2d-328d-42ad-abc1-4aa507843e80
       sections: 9
       compilation: 2021-06-17
