[fetch] document_1: https://www.legislation.gov.au/C2004A04487/2018-03-30/2018-03-30/text/original/epub/OEBPS/document_1/document_1.html
[fetch] document_1: 233,371 bytes
[fetch] document_2: https://www.legislation.gov.au/C2004A04487/2018-03-30/2018-03-30/text/original/epub/OEBPS/document_2/document_2.html
[fetch] document_2 not found — stopping. Fetched 1 document(s).
[fetch] combined 1 document(s), 233,371 source bytes → 231,506 combined bytes
[citation] Qantas Sale Act 1992 (Cth)
[parse] starting
[parser-diag] total <p> elements found: 816
[parser-diag] processed 816 <p> elements
[parser-diag] last section was added at element index: 523
[parser-diag] state phase at end: ENDNOTES
[parser-diag] hierarchy stack depth at end: 2
[parser-diag] insideSchedule at end: false
[parse] sections: 46
[parse] compilation: date=2018-03-30 no=19
[parse] by level:
         part         6
         section      37
         division     3
[db] inserted new legislation row: 937410ca-5f17-49b3-a838-2258f894ff0b
[db] inserting 46 sections (pass 1)
[db] inserted 46 sections
[db] linking parent FKs (pass 2)
[db] linked 40 parent references

[done] ingested Qantas Sale Act 1992
       legislation_id: 937410ca-5f17-49b3-a838-2258f894ff0b
       sections: 46
       compilation: 2018-03-30
