[fetch] document_1: https://www.legislation.gov.au/C2004A01959/1978-11-28/1978-11-28/text/original/epub/OEBPS/document_1/document_1.html
[fetch] document_1: 15,269 bytes
[fetch] document_2: https://www.legislation.gov.au/C2004A01959/1978-11-28/1978-11-28/text/original/epub/OEBPS/document_2/document_2.html
[fetch] document_2 not found — stopping. Fetched 1 document(s).
[fetch] combined 1 document(s), 15,269 source bytes → 14,359 combined bytes
[citation] Loans (Taxation Exemption) Act 1978 (Cth)
[parse] starting
[parser-diag] total <p> elements found: 56
[parser-diag] processed 56 <p> elements
[parser-diag] last section was added at element index: 52
[parser-diag] state phase at end: BODY
[parser-diag] hierarchy stack depth at end: 1
[parser-diag] insideSchedule at end: false
[parse] sections: 5
[parse] compilation: date=(none) no=(none)
[parse] by level:
         section      5
[db] inserted new legislation row: c9994162-7467-4b56-9adc-eafe1fb18826
[db] inserting 5 sections (pass 1)
[db] inserted 5 sections
[db] linking parent FKs (pass 2)
[db] linked 0 parent references

[done] ingested Loans (Taxation Exemption) Act 1978
       legislation_id: c9994162-7467-4b56-9adc-eafe1fb18826
       sections: 5
       compilation: 1978-11-28
