[fetch] document_1: https://www.legislation.gov.au/C2004A04125/2016-07-01/2016-07-01/text/original/epub/OEBPS/document_1/document_1.html
[fetch] document_1: 62,740 bytes
[fetch] document_2: https://www.legislation.gov.au/C2004A04125/2016-07-01/2016-07-01/text/original/epub/OEBPS/document_2/document_2.html
[fetch] document_2 not found — stopping. Fetched 1 document(s).
[fetch] combined 1 document(s), 62,740 source bytes → 60,947 combined bytes
[citation] Trusts (Hague Convention) Act 1991 (Cth)
[parse] starting
[parser-diag] total <p> elements found: 300
[parser-diag] processed 300 <p> elements
[parser-diag] last section was added at element index: 59
[parser-diag] state phase at end: ENDNOTES
[parser-diag] hierarchy stack depth at end: 1
[parser-diag] insideSchedule at end: true
[parse] sections: 8
[parse] compilation: date=2016-07-01 no=1
[parse] by level:
         section      7
         schedule     1
[db] inserted new legislation row: f904cb78-6db6-4b5c-ae57-a7603ec9e149
[db] inserting 8 sections (pass 1)
[db] inserted 8 sections
[db] linking parent FKs (pass 2)
[db] linked 0 parent references

[done] ingested Trusts (Hague Convention) Act 1991
       legislation_id: f904cb78-6db6-4b5c-ae57-a7603ec9e149
       sections: 8
       compilation: 2016-07-01
