[fetch] document_1: https://www.legislation.gov.au/C2004A03790/1989-06-02/1989-06-02/text/original/epub/OEBPS/document_1/document_1.html
[fetch] document_1: 5,914 bytes
[fetch] document_2: https://www.legislation.gov.au/C2004A03790/1989-06-02/1989-06-02/text/original/epub/OEBPS/document_2/document_2.html
[fetch] document_2 not found — stopping. Fetched 1 document(s).
[fetch] combined 1 document(s), 5,914 source bytes → 4,832 combined bytes
[citation] House of Representatives (Quorum) Act 1989 (Cth)
[parse] starting
[parser-diag] total <p> elements found: 44
[parser-diag] processed 44 <p> elements
[parser-diag] last section was added at element index: 41
[parser-diag] state phase at end: BODY
[parser-diag] hierarchy stack depth at end: 1
[parser-diag] insideSchedule at end: false
[parse] sections: 3
[parse] compilation: date=(none) no=(none)
[parse] by level:
         section      3
[db] inserted new legislation row: 98e62eee-dcaa-477b-abc6-88f8cab04c81
[db] inserting 3 sections (pass 1)
[db] inserted 3 sections
[db] linking parent FKs (pass 2)
[db] linked 0 parent references

[done] ingested House of Representatives (Quorum) Act 1989
       legislation_id: 98e62eee-dcaa-477b-abc6-88f8cab04c81
       sections: 3
       compilation: 1989-06-02
