[fetch] document_1: https://www.legislation.gov.au/C2004A01108/2026-03-14/2026-03-14/text/original/epub/OEBPS/document_1/document_1.html
[fetch] document_1: 54,494 bytes
[fetch] document_2: https://www.legislation.gov.au/C2004A01108/2026-03-14/2026-03-14/text/original/epub/OEBPS/document_2/document_2.html
[fetch] document_2 not found — stopping. Fetched 1 document(s).
[fetch] combined 1 document(s), 54,494 source bytes → 52,705 combined bytes
[citation] Corporations (Review Fees) Act 2003 (Cth)
[parse] starting
[parser-diag] total <p> elements found: 237
[parser-diag] processed 237 <p> elements
[parser-diag] last section was added at element index: 108
[parse] sections: 9
[parser-diag] state phase at end: ENDNOTES
[parser-diag] hierarchy stack depth at end: 1
[parser-diag] insideSchedule at end: false
[parse] compilation: date=2026-03-14 no=6
[parse] by level:
         section      9
[db] inserted new legislation row: 61c8416d-4482-46a7-b3cb-7fec0fc7eb11
[db] inserting 9 sections (pass 1)
[db] inserted 9 sections
[db] linking parent FKs (pass 2)
[db] linked 0 parent references

[done] ingested Corporations (Review Fees) Act 2003
       legislation_id: 61c8416d-4482-46a7-b3cb-7fec0fc7eb11
       sections: 9
       compilation: 2026-03-14
