[fetch] document_1: https://www.legislation.gov.au/C2004A03494/2026-03-28/2026-03-28/text/original/epub/OEBPS/document_1/document_1.html
[fetch] document_1: 686,239 bytes
[fetch] document_2: https://www.legislation.gov.au/C2004A03494/2026-03-28/2026-03-28/text/original/epub/OEBPS/document_2/document_2.html
[fetch] document_2 not found — stopping. Fetched 1 document(s).
[fetch] combined 1 document(s), 686,239 source bytes → 683,157 combined bytes
[citation] Mutual Assistance in Criminal Matters Act 1987 (Cth)
[parse] starting
[parser-diag] total <p> elements found: 2553
[parser-diag] processed 2553 <p> elements
[parser-diag] last section was added at element index: 1763
[parser-diag] state phase at end: ENDNOTES
[parser-diag] hierarchy stack depth at end: 2
[parse] sections: 166
[parse] compilation: date=2026-03-28 no=42
[parser-diag] insideSchedule at end: false
[parse] by level:
         part         13
         section      132
         division     14
         subdivision  7
[db] inserted new legislation row: ee1cbd47-4b89-44ad-ab2d-f8852132036b
[db] inserting 166 sections (pass 1)
[db] inserted 166 sections
[db] linking parent FKs (pass 2)
[db] linked 153 parent references

[done] ingested Mutual Assistance in Criminal Matters Act 1987
       legislation_id: ee1cbd47-4b89-44ad-ab2d-f8852132036b
       sections: 166
       compilation: 2026-03-28
