[fetch] document_1: https://www.legislation.gov.au/C2004A02850/2019-03-02/2019-03-02/text/original/epub/OEBPS/document_1/document_1.html
[fetch] document_1: 88,032 bytes
[fetch] document_2: https://www.legislation.gov.au/C2004A02850/2019-03-02/2019-03-02/text/original/epub/OEBPS/document_2/document_2.html
[fetch] document_2 not found — stopping. Fetched 1 document(s).
[fetch] combined 1 document(s), 88,032 source bytes → 86,063 combined bytes
[citation] Radiocommunications Taxes Collection Act 1983 (Cth)
[parse] starting
[parser-diag] total <p> elements found: 379
[parser-diag] processed 379 <p> elements
[parser-diag] last section was added at element index: 176
[parser-diag] state phase at end: ENDNOTES
[parser-diag] hierarchy stack depth at end: 1
[parser-diag] insideSchedule at end: false
[parse] sections: 18
[parse] compilation: date=2019-03-02 no=11
[parse] by level:
         section      18
[db] inserted new legislation row: b38009a1-9d2f-4f24-9e32-14463531ff57
[db] inserting 18 sections (pass 1)
[db] inserted 18 sections
[db] linking parent FKs (pass 2)
[db] linked 0 parent references

[done] ingested Radiocommunications Taxes Collection Act 1983
       legislation_id: b38009a1-9d2f-4f24-9e32-14463531ff57
       sections: 18
       compilation: 2019-03-02
