[fetch] document_1: https://www.legislation.gov.au/C2006A00053/2011-09-16/2011-09-16/text/original/epub/OEBPS/document_1/document_1.html
[fetch] document_1: 127,550 bytes
[fetch] document_2: https://www.legislation.gov.au/C2006A00053/2011-09-16/2011-09-16/text/original/epub/OEBPS/document_2/document_2.html
[fetch] document_2 not found — stopping. Fetched 1 document(s).
[fetch] combined 1 document(s), 127,550 source bytes → 126,492 combined bytes
[citation] Child Support Legislation Amendment (Reform of the Child Support Scheme—Initial Measures) Act 2006 (Cth)
[parse] starting
[parser-diag] total <p> elements found: 486
[parser-unknown-class] "ActHead6", text="Schedule 1—Minimum annual rate of child support"
[parser-unknown-class] "ActHead9", text="Child Support (Assessment) Act 1989"
[parser-unknown-class] "ItemHead", text="1  Section 5"
[parser-unknown-class] "ItemHead", text="2  Section 5"
[parser-unknown-class] "ItemHead", text="3  Subsection 66(1)"
[parser-unknown-class] "ItemHead", text="4  Subsection 66(1)"
[parser-unknown-class] "ItemHead", text="5  Subsection 66(2)"
[parser-unknown-class] "ItemHead", text="6  Subsection 66(3)"
[parser-unknown-class] "ItemHead", text="7  At the end of section 66"
[parser-unknown-class] "ItemHead", text="8  Subsection 66A(2)"
[parser-unknown-class] "ItemHead", text="9  Subsections 98A(4) and (5)"
[parser-unknown-class] "ItemHead", text="10  After paragraph 155(d)"
[parser-unknown-class] "ItemHead", text="11  Application"
[parser-unknown-class] "ActHead6", text="Schedule 2—Lower cap on child support"
[parser-unknown-class] "ActHead7", text="Part 1—Main amendments"
[parser-unknown-class] "ActHead9", text="Child Support (Assessment) Act 1989"
[parser-unknown-class] "ItemHead", text="1  Section 5 (definition of relevant AWE amount)"
[parser-unknown-class] "ItemHead", text="2  Section 5 (definition of yearly equivalent of the relevant AWE amount)"
[parser-unknown-class] "ItemHead", text="3  Section 42"
[parser-unknown-class] "ItemHead", text="4  Section 42 (formula)"
[parser-unknown-class] "ItemHead", text="5  Subsection 52(2) (paragraph (b) of the definition of maximum possible child support liability)"
[parser-unknown-class] "ItemHead", text="6  Subsection 58(1)"
[parser-unknown-class] "ItemHead", text="7  Subparagraphs 98S(1)(f)(i) and 118(1)(f)(ii)"
[parser-unknown-class] "ItemHead", text="8  Section 154"
[parser-unknown-class] "ItemHead", text="9  Paragraph 155(a)"
[parser-unknown-class] "ActHead7", text="Part 2—Amendments contingent on the Child Support Legislation Amendment Act 2006"
[parser-unknown-class] "ActHead8", text="Division 1—Amendments that might not commence"
[parser-unknown-class] "ActHead9", text="Child Support (Assessment) Act 1989"
[parser-unknown-class] "ItemHead", text="10  Section 5"
[parser-unknown-class] "ActHead9", text="Child Support Legislation Amendment Act 2006"
[parser-unknown-class] "ItemHead", text="11  Item 4 of Schedule 3"
[parser-unknown-class] "ActHead8", text="Division 2—Amendment that commences after the Child Support Legislation Amendment Act 2006 commences"
[parser-unknown-class] "ActHead9", text="Child Support (Assessment) Act 1989"
[parser-unknown-class] "ItemHead", text="12  Subsection 58C(2)"
[parser-unknown-class] "ActHead7", text="Part 3—Application"
[parser-unknown-class] "ItemHead", text="13  Application"
[parser-unknown-class] "Subitem", text="(1) The amendments made by this Schedule (other than item 12) apply in relation to a day in a chi..."
[parser-unknown-class] "Subitem", text="(2) The amendment made by item 12 of this Schedule applies in relation to a day in a child suppor..."
[parser-unknown-class] "ActHead6", text="Schedule 3—Earning capacity of a parent of a child"
[parser-unknown-class] "ActHead9", text="Child Support (Assessment) Act 1989"
[parser-unknown-class] "ItemHead", text="1  Subparagraph 117(2)(c)(i)"
[parser-unknown-class] "ItemHead", text="2  After subparagraph 117(2)(c)(i)"
[parser-unknown-class] "ItemHead", text="4  Paragraph 117(4)(d)"
[parser-unknown-class] "ItemHead", text="5  After paragraph 117(4)(d)"
[parser-unknown-class] "ItemHead", text="6  Subsection 117(7)"
[parser-unknown-class] "ItemHead", text="7  Paragraph 117(7)(a)"
[parser-unknown-class] "ItemHead", text="8  After subsection 117(7)"
[parser-unknown-class] "ItemHead", text="9  Subsection 124(3)"
[parser-unknown-class] "ItemHead", text="10  After subsection 124(3)"
[parser-unknown-class] "ItemHead", text="11  Subsection 124(5)"
[parser-unknown-class] "ItemHead", text="12  Subsection 125(5)"
[parser-unknown-class] "ItemHead", text="13  After subsection 125(5)"
[parser-unknown-class] "ItemHead", text="14  Subsection 125(7)"
[parser-unknown-class] "ItemHead", text="15  Subsection 129(5)"
[parser-unknown-class] "ItemHead", text="16  After subsection 129(5)"
[parser-unknown-class] "ItemHead", text="17  Subsection 129(7)"
[parser-unknown-class] "ItemHead", text="18  Application"
[parser-unknown-class] "ActHead6", text="Schedule 4—Prescribed non‑agency payments"
[parser-unknown-class] "ActHead9", text="Child Support (Registration and Collection) Act 1988"
[parser-unknown-class] "ItemHead", text="1  Subsection 71C(1)"
[parser-unknown-class] "ItemHead", text="2  Application"
[parser-unknown-class] "ActHead6", text="Schedule 5—Exnuptial children and Western Australia"
[parser-unknown-class] "ActHead7", text="Part 1—Amendment of the Child Support (Assessment) Act 1989"
[parser-unknown-class] "ActHead9", text="Child Support (Assessment) Act 1989"
[parser-unknown-class] "ItemHead", text="1  Subsection 13(1)"
[parser-unknown-class] "ItemHead", text="2  Subsection 13(2)"
[parser-unknown-class] "ItemHead", text="3  Subsection 13(3)"
[parser-unknown-class] "ItemHead", text="4  Subparagraph 13(4)(a)(i)"
[parser-unknown-class] "ItemHead", text="5  Subparagraph 13(4)(a)(ii)"
[parser-unknown-class] "ItemHead", text="6  Paragraph 13(4)(b)"
[parser-unknown-class] "ItemHead", text="7  At the end of subsection 13(4)"
[parser-unknown-class] "ItemHead", text="8  At the end of section 13"
[parser-unknown-class] "ActHead7", text="Part 2—Amendment of the Child Support (Registration and Collection) Act 1988"
[parser-unknown-class] "ActHead9", text="Child Support (Registration and Collection) Act 1988"
[parser-unknown-class] "ItemHead", text="9  Subsection 5(1)"
[parser-unknown-class] "ItemHead", text="10  Subsection 5(1)"
[parser-unknown-class] "ItemHead", text="11  Subsection 5(2)"
[parser-unknown-class] "ItemHead", text="12  Subsection 5(3)"
[parser-unknown-class] "ItemHead", text="13  Subparagraph 5(4)(a)(i)"
[parser-unknown-class] "ItemHead", text="14  Subparagraph 5(4)(a)(ii)"
[parser-unknown-class] "ItemHead", text="15  Paragraph 5(4)(b)"
[parser-unknown-class] "ItemHead", text="16  At the end of subsection 5(4)"
[parser-unknown-class] "ItemHead", text="17  At the end of section 5"
[parser-unknown-class] "ActHead7", text="Part 3—Extension of amended Child Support Acts to Western Australia in relation to exnuptial chil..."
[parser-unknown-class] "ItemHead", text="18  Definition of Child Support Act"
[parser-unknown-class] "ItemHead", text="19  Extension of amended Child Support Acts to Western Australia in relation to exnuptial children"
[parser-unknown-class] "Subitem", text="(1) The Parliament of the Commonwealth intends, and is taken always to have intended, that a Chil..."
[parser-unknown-class] "Subitem", text="(2) The Parliament of the Commonwealth intends, and is taken always to have intended, that:"
[parser-unknown-class] "Subitem", text="(3) The following Acts amended one or both Child Support Acts:"
[parser-unknown-class] "ItemHead", text="20  Payments and amounts referred to in section 75 of the Child Support (Registration and Collect..."
[parser-unknown-class] "Subitem", text="(1) If:"
[parser-unknown-class] "Subitem", text="(2) A person to whom a payment referred to in subitem (1) was made is entitled, on the commenceme..."
[parser-unknown-class] "Subitem", text="(4) The Commonwealth may set‑off the amount of a debt due to it by a person under subitem (1) aga..."
[parser-unknown-class] "Subitem", text="(5) Despite subitems (1) and (2), in applying section 79 of the Child Support (Registration and C..."
[parser-unknown-class] "Subitem", text="(6) This item does not, by implication, affect the recovery or set‑off of other overpayments purp..."
[parser-unknown-class] "Subitem", text="(7) To avoid doubt, this item applies to a payment that, because of section 71AA of the Child Sup..."
[parser-unknown-class] "ItemHead", text="21  Validation of past rights and liabilities"
[parser-unknown-class] "Subitem", text="(1) This item applies if, and during the period when, the rights and liabilities of a person unde..."
[parser-unknown-class] "Subitem", text="(2) During that period, the rights and liabilities of the person are, by force of this item, decl..."
[parser-unknown-class] "ActNotesa", text="(a) Subsection 2(1) (item 30) of the Statute Law Revision Act 2007 provides as follows:"
[parser-unknown-class] "ActNotes1", text="(1) Each provision of this Act specified in column 1 of the table commences, or is taken to have ..."
[parser-diag] processed 486 <p> elements
[parser-diag] last section was added at element index: 101
[parser-diag] state phase at end: BODY
[parser-diag] hierarchy stack depth at end: 1
[parser-diag] insideSchedule at end: false
[parse] sections: 4
[parse] compilation: date=(none) no=(none)
[parse] by level:
         section      4
[db] inserted new legislation row: d98ff0f6-87bc-4700-903c-e00f08e8e8f5
[db] inserting 4 sections (pass 1)
[db] inserted 4 sections
[db] linking parent FKs (pass 2)
[db] linked 0 parent references

[done] ingested Child Support Legislation Amendment (Reform of the Child Support Scheme—Initial Measures) Act 2006
       legislation_id: d98ff0f6-87bc-4700-903c-e00f08e8e8f5
       sections: 4
       compilation: 2011-09-16
