[fetch] document_1: https://www.legislation.gov.au/C2004A02724/2014-10-17/2014-10-17/text/original/epub/OEBPS/document_1/document_1.html
[fetch] document_1: 65,469 bytes
[fetch] document_2: https://www.legislation.gov.au/C2004A02724/2014-10-17/2014-10-17/text/original/epub/OEBPS/document_2/document_2.html
[fetch] document_2 not found — stopping. Fetched 1 document(s).
[fetch] combined 1 document(s), 65,469 source bytes → 63,759 combined bytes
[citation] Australian Broadcasting Corporation (Transitional Provisions and Consequential Amendments) Act 1983 (Cth)
[parse] starting
[parser-diag] total <p> elements found: 322
[parser-diag] processed 322 <p> elements
[parser-diag] last section was added at element index: 78
[parser-diag] state phase at end: ENDNOTES
[parser-diag] hierarchy stack depth at end: 2
[parser-diag] insideSchedule at end: false
[parse] sections: 15
[parse] compilation: date=(none) no=(none)
[parse] by level:
         part         3
         section      12
[db] inserted new legislation row: a5c6dc9b-fa65-440e-96ac-3217b61751a0
[db] inserting 15 sections (pass 1)
[db] inserted 15 sections
[db] linking parent FKs (pass 2)
[db] linked 12 parent references

[done] ingested Australian Broadcasting Corporation (Transitional Provisions and Consequential Amendments) Act 1983
       legislation_id: a5c6dc9b-fa65-440e-96ac-3217b61751a0
       sections: 15
       compilation: 2014-10-17
