[fetch] document_1: https://www.legislation.gov.au/C2004A02099/2008-12-10/2008-12-10/text/original/epub/OEBPS/document_1/document_1.html
[fetch] document_1: 29,452 bytes
[fetch] document_2: https://www.legislation.gov.au/C2004A02099/2008-12-10/2008-12-10/text/original/epub/OEBPS/document_2/document_2.html
[fetch] document_2 not found — stopping. Fetched 1 document(s).
[fetch] combined 1 document(s), 29,452 source bytes → 28,403 combined bytes
[citation] High Court Justices (Long Leave Payments) Act 1979 (Cth)
[parse] starting
[parser-diag] total <p> elements found: 109
[parser-unknown-class] "Subsection", text="This Act may be cited as the High Court Justices (Long Leave Payments) Act 1979."
[parser-unknown-class] "Subsection", text="This Act shall come into operation on the day on which it receives the Royal Assent."
[parser-unknown-class] "Subsection", text="In this Act, unless the contrary intention appears:"
[parser-unknown-class] "Subsection", text="(1) On:"
[parser-unknown-class] "Subsection", text="(2) The amount payable under subsection (1) in respect of a Justice is an amount equal to the jud..."
[parser-unknown-class] "Subsection", text="(2A) Where:"
[parser-unknown-class] "Subsection", text="(2B) Where:"
[parser-unknown-class] "Subsection", text="(2C) The amount payable under subsection (2A) or (2B) in respect of a Justice is an amount equal ..."
[parser-unknown-class] "Subsection", text="(3) In this section:"
[parser-unknown-class] "Subsection", text="(1) An amount payable under section 4 on the retirement of a Justice is payable to the Justice."
[parser-unknown-class] "Subsection", text="(2) An amount payable under section 4 on the death of a Justice is payable to:"
[parser-unknown-class] "Subsection", text="(2A) If an amount is payable under paragraph (2)(a) and the Justice leaves more than one survivin..."
[parser-unknown-class] "Subsection", text="(3) Where an amount is payable under paragraph (2)(b) to the dependants of a Justice, the Attorne..."
[parser-unknown-class] "Subsection", text="(4) Where an amount is payable under this section to a person who is under a legal disability, th..."
[parser-unknown-class] "Subsection", text="(5) In this section:"
[parser-unknown-class] "Subsection", text="Payments under this Act shall be made out of the Consolidated Revenue Fund, which is appropriated..."
[parser-unknown-class] "Subsection", text="Unless the Governor‑General otherwise directs, an amount is not payable under this Act by reason ..."
[parser-unknown-class] "TableA0", text="Table A"
[parser-unknown-class] "TableAHead", text="Application, saving or transitional provisions"
[parser-unknown-class] "TableAHeadItal", text="Same‑Sex Relationships (Equal Treatment in Commonwealth Laws—General Law Reform) Act 2008 (No. 14..."
[parser-unknown-class] "ItemHead", text="Schedule 2"
[parser-unknown-class] "ItemHead", text="56  Application"
[parser-diag] processed 109 <p> elements
[parser-diag] last section was added at element index: 65
[parser-diag] state phase at end: BODY
[parser-diag] hierarchy stack depth at end: 1
[parser-diag] insideSchedule at end: false
[parse] sections: 7
[parse] compilation: date=(none) no=(none)
[parse] by level:
         section      7
[db] inserted new legislation row: 809efc32-19b7-4326-834d-6f7fb1f2af1e
[db] inserting 7 sections (pass 1)
[db] inserted 7 sections
[db] linking parent FKs (pass 2)
[db] linked 0 parent references

[done] ingested High Court Justices (Long Leave Payments) Act 1979
       legislation_id: 809efc32-19b7-4326-834d-6f7fb1f2af1e
       sections: 7
       compilation: 2008-12-10
