[fetch] document_1: https://www.legislation.gov.au/C2004A01773/2014-06-24/2014-06-24/text/original/epub/OEBPS/document_1/document_1.html
[fetch] document_1: 65,177 bytes
[fetch] document_2: https://www.legislation.gov.au/C2004A01773/2014-06-24/2014-06-24/text/original/epub/OEBPS/document_2/document_2.html
[fetch] document_2 not found — stopping. Fetched 1 document(s).
[fetch] combined 1 document(s), 65,177 source bytes → 63,725 combined bytes
[citation] Coal Research Assistance Act 1977 (Cth)
[parse] starting
[parser-diag] total <p> elements found: 295
[parser-diag] processed 295 <p> elements
[parser-diag] last section was added at element index: 126
[parser-diag] state phase at end: ENDNOTES
[parser-diag] hierarchy stack depth at end: 1
[parser-diag] insideSchedule at end: false
[parse] sections: 16
[parse] compilation: date=(none) no=(none)
[parse] by level:
         section      16
[db] inserted new legislation row: b24a02d6-1d02-4f0f-8cd2-e46f6e251987
[db] inserting 16 sections (pass 1)
[db] inserted 16 sections
[db] linking parent FKs (pass 2)
[db] linked 0 parent references

[done] ingested Coal Research Assistance Act 1977
       legislation_id: b24a02d6-1d02-4f0f-8cd2-e46f6e251987
       sections: 16
       compilation: 2014-06-24
