[fetch] document_1: https://www.legislation.gov.au/C2004A03443/2016-10-21/2016-10-21/text/original/epub/OEBPS/document_1/document_1.html
[fetch] document_1: 201,557 bytes
[fetch] document_2: https://www.legislation.gov.au/C2004A03443/2016-10-21/2016-10-21/text/original/epub/OEBPS/document_2/document_2.html
[fetch] document_2 not found — stopping. Fetched 1 document(s).
[fetch] combined 1 document(s), 201,557 source bytes → 199,114 combined bytes
[citation] Aboriginal Land (Lake Condah and Framlingham Forest) Act 1987 (Cth)
[parse] starting
[parser-diag] total <p> elements found: 735
[parser-diag] processed 735 <p> elements
[parser-diag] last section was added at element index: 470
[parser-diag] state phase at end: ENDNOTES
[parser-diag] hierarchy stack depth at end: 1
[parser-diag] insideSchedule at end: true
[parse] sections: 54
[parse] compilation: date=2016-10-21 no=17
[parse] by level:
         part         7
         section      43
         schedule     2
         schedule_part 2
[db] inserted new legislation row: a1a1d79d-83a5-44ed-8ceb-6d95fbdd1013
[db] inserting 54 sections (pass 1)
[db] inserted 54 sections
[db] linking parent FKs (pass 2)
[db] linked 45 parent references

[done] ingested Aboriginal Land (Lake Condah and Framlingham Forest) Act 1987
       legislation_id: a1a1d79d-83a5-44ed-8ceb-6d95fbdd1013
       sections: 54
       compilation: 2016-10-21
