[fetch] document_1: https://www.legislation.gov.au/C2004A00310/2024-03-15/2024-03-15/text/original/epub/OEBPS/document_1/document_1.html
[fetch] document_1: 437,910 bytes
[fetch] document_2: https://www.legislation.gov.au/C2004A00310/2024-03-15/2024-03-15/text/original/epub/OEBPS/document_2/document_2.html
[fetch] document_2 not found — stopping. Fetched 1 document(s).
[fetch] combined 1 document(s), 437,910 source bytes → 435,707 combined bytes
[citation] Australian Prudential Regulation Authority Act 1998 (Cth)
[parse] starting
[parser-diag] total <p> elements found: 1652
[parser-diag] processed 1652 <p> elements
[parser-diag] last section was added at element index: 949
[parser-diag] state phase at end: ENDNOTES
[parser-diag] hierarchy stack depth at end: 2
[parser-diag] insideSchedule at end: false
[parse] sections: 93
[parse] compilation: date=2024-03-15 no=51
[parse] by level:
         part         9
         section      72
         division     10
         subdivision  2
[db] inserted new legislation row: ba407b02-326e-469b-84a4-191e3fc311d2
[db] inserting 93 sections (pass 1)
[db] inserted 93 sections
[db] linking parent FKs (pass 2)
[db] linked 84 parent references

[done] ingested Australian Prudential Regulation Authority Act 1998
       legislation_id: ba407b02-326e-469b-84a4-191e3fc311d2
       sections: 93
       compilation: 2024-03-15
