[fetch] document_1: https://www.legislation.gov.au/C2004A00284/1975-06-19/1975-06-19/text/original/epub/OEBPS/document_1/document_1.html
[fetch] document_1: 5,508 bytes
[fetch] document_2: https://www.legislation.gov.au/C2004A00284/1975-06-19/1975-06-19/text/original/epub/OEBPS/document_2/document_2.html
[fetch] document_2 not found — stopping. Fetched 1 document(s).
[fetch] combined 1 document(s), 5,508 source bytes → 4,548 combined bytes
[citation] Loan (War Service Land Settlement) Act 1975 (Cth)
[parse] starting
[parser-diag] total <p> elements found: 14
[parser-diag] processed 14 <p> elements
[parser-diag] last section was added at element index: -1
[parser-diag] state phase at end: PRE_BODY
[parser-diag] hierarchy stack depth at end: 0
[parser-diag] insideSchedule at end: false
[parse] sections: 0
[parse] compilation: date=(none) no=(none)
[parse] by level:
[db] inserted new legislation row: d6812d43-df66-41ab-a7dd-3bd74047405a
[db] inserting 0 sections (pass 1)
[db] inserted 0 sections
[db] linking parent FKs (pass 2)
[db] linked 0 parent references

[done] ingested Loan (War Service Land Settlement) Act 1975
       legislation_id: d6812d43-df66-41ab-a7dd-3bd74047405a
       sections: 0
       compilation: 1975-06-19
