[fetch] document_1: https://www.legislation.gov.au/C2006A00007/2006-03-07/2006-03-07/text/original/epub/OEBPS/document_1/document_1.html
[fetch] document_1: 114,270 bytes
[fetch] document_2: https://www.legislation.gov.au/C2006A00007/2006-03-07/2006-03-07/text/original/epub/OEBPS/document_2/document_2.html
[fetch] document_2 not found — stopping. Fetched 1 document(s).
[fetch] combined 1 document(s), 114,270 source bytes → 113,150 combined bytes
[citation] Australian Sports Anti-Doping Authority (Consequential and Transitional Provisions) Act 2006 (Cth)
[parse] starting
[parser-diag] total <p> elements found: 419
[parser-unknown-class] "ActHead6", text="Schedule 1—Consequential amendments"
[parser-unknown-class] "ActHead9", text="Administrative Decisions (Judicial Review) Act 1977"
[parser-unknown-class] "ItemHead", text="1  Paragraph 2(b) of Schedule 3"
[parser-unknown-class] "ActHead9", text="Age Discrimination Act 2004"
[parser-unknown-class] "ItemHead", text="2  Schedule 1 (table item 14)"
[parser-unknown-class] "ItemHead", text="3  Schedule 1 (after table item 32)"
[parser-unknown-class] "ActHead9", text="Australian Sports Commission Act 1989"
[parser-unknown-class] "ItemHead", text="4  After subsection 7(4)"
[parser-unknown-class] "ItemHead", text="5  Part VIIA"
[parser-unknown-class] "ItemHead", text="6  After section 57"
[parser-unknown-class] "ActHead9", text="Australian Sports Drug Agency Act 1990"
[parser-unknown-class] "ItemHead", text="7  The whole of the Act"
[parser-unknown-class] "ActHead9", text="Financial Management and Accountability Regulations 1997"
[parser-unknown-class] "ItemHead", text="8  Part 1 of Schedule 1 (after table item 116)"
[parser-unknown-class] "ActHead9", text="Olympic Insignia Protection Act 1987"
[parser-unknown-class] "ItemHead", text="9  Section 23 (definition of national sporting organisation)"
[parser-unknown-class] "ActHead6", text="Schedule 2—Transitional provisions"
[parser-unknown-class] "ActHead7", text="Part 1—Introduction"
[parser-unknown-class] "ItemHead", text="1  Definitions"
[parser-unknown-class] "Subitem", text="(1) In this Schedule:"
[parser-unknown-class] "Subitem", text="(2) Subject to subitem (1), an expression used in this Schedule that is also used in the ASADA Ac..."
[parser-unknown-class] "ActHead7", text="Part 2—Assets, liabilities and legal proceedings"
[parser-unknown-class] "ItemHead", text="2  Vesting of assets of ASDA"
[parser-unknown-class] "Subitem", text="(1) This item applies to the assets of the ASDA immediately before the transition time."
[parser-unknown-class] "Subitem", text="(2) At the transition time, the assets cease to be assets of the ASDA and become assets of the Co..."
[parser-unknown-class] "ItemHead", text="3  Vesting of liabilities of ASDA"
[parser-unknown-class] "Subitem", text="(1) This item applies to the liabilities of the ASDA immediately before the transition time."
[parser-unknown-class] "Subitem", text="(2) At the transition time, the liabilities cease to be liabilities of the ASDA and become liabil..."
[parser-unknown-class] "ItemHead", text="4  Certificates relating to vesting of assets other than land"
[parser-unknown-class] "Subitem", text="(1) This item applies if:"
[parser-unknown-class] "Subitem", text="(2) The assets official may:"
[parser-unknown-class] "Subitem", text="(3) A certificate under paragraph (1)(b) is not a legislative instrument."
[parser-unknown-class] "ItemHead", text="5  Substitution of Commonwealth as a party to certain pending proceedings"
[parser-unknown-class] "Subitem", text="(1) If:"
[parser-unknown-class] "Subitem", text="(2) To avoid doubt, if:"
[parser-unknown-class] "Subitem", text="(3) The regulations may determine that one of subitems (1) and (2), rather than the other of thos..."
[parser-unknown-class] "ActHead7", text="Part 3—References to ASDA etc."
[parser-unknown-class] "ItemHead", text="6  References in certain instruments to ASDA"
[parser-unknown-class] "Subitem", text="(1) If:"
[parser-unknown-class] "Subitem", text="(2) To avoid doubt, if:"
[parser-unknown-class] "Subitem", text="(3) The regulations may determine that one of subitems (1) and (2), rather than the other of thos..."
[parser-unknown-class] "ItemHead", text="7  Provision of services by the ASADA under contract"
[parser-unknown-class] "Subitem", text="(1) This item applies if:"
[parser-unknown-class] "Subitem", text="(2) The functions of the ASADA include the provision of those services under the contract on beha..."
[parser-unknown-class] "Subitem", text="(3) The ASADA Act has effect as if the services provided by the ASADA were provided under paragra..."
[parser-unknown-class] "Subitem", text="(4) Subitems (2) and (3) do not apply to a service if the contract specified that the service was..."
[parser-unknown-class] "ItemHead", text="8  Provision of services by the ASDMAC under contract"
[parser-unknown-class] "Subitem", text="(1) This item applies if:"
[parser-unknown-class] "Subitem", text="(2) The functions of the ASDMAC include the provision of the paragraph (1)(c) services under the ..."
[parser-unknown-class] "Subitem", text="(3) The ASADA Act has effect as if the services provided by the ASDMAC were provided under paragr..."
[parser-unknown-class] "ItemHead", text="9  Transfer of appropriated money"
[parser-unknown-class] "Subitem", text="(1) For the purposes of the operation of an Appropriation Act after the transition time, referenc..."
[parser-unknown-class] "Subitem", text="(2) In this item:"
[parser-unknown-class] "ActHead7", text="Part 4—Appointments of office‑holders"
[parser-unknown-class] "ItemHead", text="10  Termination of ASDA appointments"
[parser-unknown-class] "Subitem", text="(1) This item applies to a person who, immediately before the transition time, held office as a m..."
[parser-unknown-class] "Subitem", text="(2) Despite section 20 of the ASADA Act, the person ceases to hold that office at the transition ..."
[parser-unknown-class] "Subitem", text="(3) Neither this Act nor the ASADA Act prevents the person from being appointed as an ASADA member."
[parser-unknown-class] "ItemHead", text="11  Automatic re‑appointment of ASDMAC members other than the ASDMAC Chair"
[parser-unknown-class] "Subitem", text="(1) This item applies to each person who:"
[parser-unknown-class] "Subitem", text="(2) Despite section 51 of the ASADA Act, the person ceases to hold that office at the transition ..."
[parser-unknown-class] "Subitem", text="(3) The person is taken to have been appointed as an ASDMAC member (other than the Chair) at the ..."
[parser-unknown-class] "Subitem", text="(4) For the purposes of section 55 of the ASADA Act, the person’s notional instrument is taken to..."
[parser-unknown-class] "ItemHead", text="12  Automatic re‑appointment of the ASDMAC Chair"
[parser-unknown-class] "Subitem", text="(1) This item applies to the person who:"
[parser-unknown-class] "Subitem", text="(2) Despite section 51 of the ASADA Act, the person ceases to hold that office at the transition ..."
[parser-unknown-class] "Subitem", text="(3) The person is taken to have been appointed as the ASDMAC Chair at the transition time by inst..."
[parser-unknown-class] "Subitem", text="(4) For the purposes of section 55 of the ASADA Act, the person’s notional instrument is taken to..."
[parser-unknown-class] "ActHead7", text="Part 5—Continued application of ASDA Act etc."
[parser-unknown-class] "ItemHead", text="13  Continued application of ASDA Act etc."
[parser-unknown-class] "Subitem", text="(1) For the purposes of this item, the following provisions are the core operative provisions:"
[parser-unknown-class] "Subitem", text="(2) Despite the repeal of the core operative provisions by this Act:"
[parser-unknown-class] "ItemHead", text="14  Modifications of provisions of the ASDA Act"
[parser-unknown-class] "ItemHead", text="15  Modifications of the ASDA regulations"
[parser-unknown-class] "ItemHead", text="16  Modifications of the ASDA drug testing orders"
[parser-unknown-class] "ItemHead", text="17  ASADA’s transitional functions"
[parser-unknown-class] "ItemHead", text="18  ASDMAC’s transitional functions"
[parser-unknown-class] "ItemHead", text="19  Disclosure of NAD scheme personal information"
[parser-unknown-class] "Subitem", text="(1) A disclosure of NAD scheme personal information for the purposes of any of the following:"
[parser-unknown-class] "Subitem", text="(2) If a disclosure of NAD scheme personal information is covered by subitem (1), the disclosure ..."
[parser-unknown-class] "ActHead7", text="Part 6—Continued application of ASC non‑disclosure provisions etc."
[parser-unknown-class] "ItemHead", text="20  Continued application of non‑disclosure provisions—ASC officials"
[parser-unknown-class] "Subitem", text="(1) This item applies in relation to any protected information (within the meaning of Part VIIA o..."
[parser-unknown-class] "Subitem", text="(2) Despite the repeal of that Part by this Act, Part VIIA of that Act continues to have effect a..."
[parser-unknown-class] "ItemHead", text="21  Disclosure of ASC information to the ASADA"
[parser-unknown-class] "Subitem", text="(1) This item applies to information held by the ASC if the information was obtained before the t..."
[parser-unknown-class] "Subitem", text="(2) The ASADA may, by writing, request the ASC to disclose to the ASADA specified information."
[parser-unknown-class] "Subitem", text="(3) The ASC must comply with a request under subitem (2)."
[parser-unknown-class] "Subitem", text="(4) Repealed Part VIIA of the Australian Sports Commission Act 1989 (as that Part continues to ha..."
[parser-unknown-class] "Subitem", text="(5) A request under subitem (2) is not a legislative instrument."
[parser-unknown-class] "Subitem", text="(6) If information disclosed in compliance with a request under subitem (2) is personal informati..."
[parser-unknown-class] "ActHead7", text="Part 7—Reporting obligations"
[parser-unknown-class] "ItemHead", text="22  First annual report for ASADA"
[parser-unknown-class] "Subitem", text="(1) This item applies if the transition time is in April, May or June of a financial year (the fi..."
[parser-unknown-class] "Subitem", text="(2) Section 74 of the ASADA Act does not apply in relation to the first year."
[parser-unknown-class] "Subitem", text="(3) Section 74 of the ASADA Act applies in relation to the next financial year (the next year) as..."
[parser-unknown-class] "ItemHead", text="23  Final annual report for ASDA"
[parser-unknown-class] "SubitemHead", text="ASADA must prepare final annual report for ASDA"
[parser-unknown-class] "Subitem", text="(1) For the transitional reporting period (see whichever of subitems (4) and (5) applies), the AS..."
[parser-unknown-class] "Subitem", text="(2) A report for the ASDA must include the matters described in section 63 of the ASDA Act as in ..."
[parser-unknown-class] "Subitem", text="(3) The obligation under section 9 of the Commonwealth Authorities and Companies Act 1997 imposed..."
[parser-unknown-class] "SubitemHead", text="Transitional reporting periods"
[parser-unknown-class] "Subitem", text="(4) If the transition time is in the financial year that started on 1 July 2005, the period that:"
[parser-unknown-class] "Subitem", text="(5) If the transition time is on 1 July 2006, the financial year that started on 1 July 2005 is t..."
[parser-unknown-class] "SubitemHead", text="Miscellaneous"
[parser-unknown-class] "Subitem", text="(6) For the purposes of this item, references to a financial year in:"
[parser-unknown-class] "Subitem", text="(7) In this item:"
[parser-unknown-class] "ActHead7", text="Part 8—Miscellaneous"
[parser-unknown-class] "ItemHead", text="24  Exemption from stamp duty and other State or Territory taxes"
[parser-unknown-class] "Subitem", text="(1) No stamp duty or other tax is payable under a law of a State or a Territory in respect of an ..."
[parser-unknown-class] "Subitem", text="(2) For the purposes of this item, an exempt matter is:"
[parser-unknown-class] "Subitem", text="(3) The Minister may certify in writing:"
[parser-unknown-class] "Subitem", text="(4) In all courts, and for all purposes (other than for the purposes of criminal proceedings), a ..."
[parser-unknown-class] "ItemHead", text="25  Constitutional safety net"
[parser-unknown-class] "Subitem", text="(1) If the operation of this Schedule would result in an acquisition of property from a person ot..."
[parser-unknown-class] "Subitem", text="(2) If the Commonwealth and the person do not agree on the amount of the compensation, the person..."
[parser-unknown-class] "Subitem", text="(3) In this item:"
[parser-unknown-class] "ItemHead", text="26  Certificates taken to be authentic"
[parser-unknown-class] "ItemHead", text="27  Delegation by Minister"
[parser-unknown-class] "Subitem", text="(1) The Minister may, by writing, delegate all or any of his or her powers and functions under th..."
[parser-unknown-class] "Subitem", text="(2) In exercising powers or functions under a delegation, the delegate must comply with any direc..."
[parser-unknown-class] "ItemHead", text="28  Regulations"
[parser-unknown-class] "Subitem", text="(1) The Governor‑General may make regulations prescribing matters:"
[parser-unknown-class] "Subitem", text="(2) In particular, regulations may be made prescribing matters of a transitional nature (includin..."
[parser-unknown-class] "2ndRd", text="[Minister’s second reading speech made in—"
[parser-unknown-class] "2ndRd", text="House of Representatives on 7 December 2005"
[parser-unknown-class] "2ndRd", text="Senate on 9 February 2006]"
[parser-diag] processed 419 <p> elements
[parser-diag] last section was added at element index: 96
[parser-diag] state phase at end: BODY
[parser-diag] hierarchy stack depth at end: 1
[parser-diag] insideSchedule at end: false
[parse] sections: 4
[parse] compilation: date=(none) no=(none)
[parse] by level:
         section      4
[db] inserted new legislation row: 4a4ce0ba-eede-4723-9c9f-757c40c7cc49
[db] inserting 4 sections (pass 1)
[db] inserted 4 sections
[db] linking parent FKs (pass 2)
[db] linked 0 parent references

[done] ingested Australian Sports Anti-Doping Authority (Consequential and Transitional Provisions) Act 2006
       legislation_id: 4a4ce0ba-eede-4723-9c9f-757c40c7cc49
       sections: 4
       compilation: 2006-03-07
