[fetch] document_1: https://www.legislation.gov.au/C2004A02463/2001-07-15/2001-07-15/text/original/epub/OEBPS/document_1/document_1.html
[fetch] document_1: 31,364 bytes
[fetch] document_2: https://www.legislation.gov.au/C2004A02463/2001-07-15/2001-07-15/text/original/epub/OEBPS/document_2/document_2.html
[fetch] document_2 not found — stopping. Fetched 1 document(s).
[fetch] combined 1 document(s), 31,364 source bytes → 30,194 combined bytes
[citation] Offshore Minerals (Registration Fees) Act 1981 (Cth)
[parse] starting
[parser-diag] total <p> elements found: 103
[parser-diag] processed 103 <p> elements
[parser-diag] last section was added at element index: -1
[parser-diag] state phase at end: PRE_BODY
[parser-diag] hierarchy stack depth at end: 0
[parser-diag] insideSchedule at end: false
[parse] sections: 0
[parse] compilation: date=(none) no=(none)
[parse] by level:
[db] inserted new legislation row: 3bb33a03-2777-4524-8e54-da78a9985dea
[db] inserting 0 sections (pass 1)
[db] inserted 0 sections
[db] linking parent FKs (pass 2)
[db] linked 0 parent references

[done] ingested Offshore Minerals (Registration Fees) Act 1981
       legislation_id: 3bb33a03-2777-4524-8e54-da78a9985dea
       sections: 0
       compilation: 2001-07-15
