[fetch] document_1: https://www.legislation.gov.au/C2004A00319/2020-06-20/2020-06-20/text/original/epub/OEBPS/document_1/document_1.html
[fetch] document_1: 54,130 bytes
[fetch] document_2: https://www.legislation.gov.au/C2004A00319/2020-06-20/2020-06-20/text/original/epub/OEBPS/document_2/document_2.html
[fetch] document_2 not found — stopping. Fetched 1 document(s).
[fetch] combined 1 document(s), 54,130 source bytes → 52,140 combined bytes
[citation] Retirement Savings Account Providers Supervisory Levy Imposition Act 1998 (Cth)
[parse] starting
[parser-diag] total <p> elements found: 225
[parser-diag] processed 225 <p> elements
[parser-diag] last section was added at element index: 99
[parser-diag] state phase at end: ENDNOTES
[parser-diag] hierarchy stack depth at end: 1
[parser-diag] insideSchedule at end: false
[parse] sections: 9
[parse] compilation: date=2020-06-20 no=6
[parse] by level:
         section      9
[db] inserted new legislation row: 54dda058-83fa-464a-afd0-4d5bb4c87d60
[db] inserting 9 sections (pass 1)
[db] inserted 9 sections
[db] linking parent FKs (pass 2)
[db] linked 0 parent references

[done] ingested Retirement Savings Account Providers Supervisory Levy Imposition Act 1998
       legislation_id: 54dda058-83fa-464a-afd0-4d5bb4c87d60
       sections: 9
       compilation: 2020-06-20
