[fetch] document_1: https://www.legislation.gov.au/C2006A00018/2016-03-05/2016-03-05/text/original/epub/OEBPS/document_1/document_1.html
[fetch] document_1: 107,954 bytes
[fetch] document_2: https://www.legislation.gov.au/C2006A00018/2016-03-05/2016-03-05/text/original/epub/OEBPS/document_2/document_2.html
[fetch] document_2 not found — stopping. Fetched 1 document(s).
[fetch] combined 1 document(s), 107,954 source bytes → 106,124 combined bytes
[citation] Offshore Petroleum (Royalty) Act 2006 (Cth)
[parse] starting
[parser-diag] total <p> elements found: 438
[parser-diag] processed 438 <p> elements
[parser-diag] last section was added at element index: 282
[parser-diag] state phase at end: ENDNOTES
[parser-diag] hierarchy stack depth at end: 2
[parser-diag] insideSchedule at end: true
[parse] sections: 25
[parse] compilation: date=2016-03-05 no=6
[parse] by level:
         section      18
         schedule     1
         schedule_clause 6
[db] inserted new legislation row: 52655c69-658a-422a-af14-0c860d8e1ec1
[db] inserting 25 sections (pass 1)
[db] inserted 25 sections
[db] linking parent FKs (pass 2)
[db] linked 6 parent references

[done] ingested Offshore Petroleum (Royalty) Act 2006
       legislation_id: 52655c69-658a-422a-af14-0c860d8e1ec1
       sections: 25
       compilation: 2016-03-05
