[fetch] document_1: https://www.legislation.gov.au/C2004A03763/2024-10-14/2024-10-14/text/original/epub/OEBPS/document_1/document_1.html
[fetch] document_1: 502,466 bytes
[fetch] document_2: https://www.legislation.gov.au/C2004A03763/2024-10-14/2024-10-14/text/original/epub/OEBPS/document_2/document_2.html
[fetch] document_2 not found — stopping. Fetched 1 document(s).
[fetch] combined 1 document(s), 502,466 source bytes → 499,974 combined bytes
[citation] Lands Acquisition Act 1989 (Cth)
[parse] starting
[parser-diag] total <p> elements found: 1773
[parser-diag] processed 1773 <p> elements
[parser-diag] last section was added at element index: 1387
[parser-diag] state phase at end: ENDNOTES
[parser-diag] hierarchy stack depth at end: 2
[parser-diag] insideSchedule at end: false
[parse] sections: 168
[parse] compilation: date=2024-10-14 no=20
[parse] by level:
         part         12
         section      142
         division     14
[db] inserted new legislation row: d8fb6d64-94fa-457a-8a3b-8128fbe1ee64
[db] inserting 168 sections (pass 1)
[db] inserted 168 sections
[db] linking parent FKs (pass 2)
[db] linked 156 parent references

[done] ingested Lands Acquisition Act 1989
       legislation_id: d8fb6d64-94fa-457a-8a3b-8128fbe1ee64
       sections: 168
       compilation: 2024-10-14
