[fetch] document_1: https://www.legislation.gov.au/C2007A00144/2014-06-25/2014-06-25/text/original/epub/OEBPS/document_1/document_1.html
[fetch] document_1: 34,693 bytes
[fetch] document_2: https://www.legislation.gov.au/C2007A00144/2014-06-25/2014-06-25/text/original/epub/OEBPS/document_2/document_2.html
[fetch] document_2 not found — stopping. Fetched 1 document(s).
[fetch] combined 1 document(s), 34,693 source bytes → 33,059 combined bytes
[citation] Taxation (Trustee Beneficiary Non-disclosure Tax) Act (No. 1) 2007 (Cth)
[parse] starting
[parser-diag] total <p> elements found: 185
[parser-diag] processed 185 <p> elements
[parser-diag] last section was added at element index: 63
[parser-diag] state phase at end: ENDNOTES
[parser-diag] hierarchy stack depth at end: 1
[parser-diag] insideSchedule at end: false
[parse] sections: 5
[parse] compilation: date=(none) no=(none)
[parse] by level:
         section      5
[db] inserted new legislation row: bafbcf11-0b25-48e5-be46-15f469343256
[db] inserting 5 sections (pass 1)
[db] inserted 5 sections
[db] linking parent FKs (pass 2)
[db] linked 0 parent references

[done] ingested Taxation (Trustee Beneficiary Non-disclosure Tax) Act (No. 1) 2007
       legislation_id: bafbcf11-0b25-48e5-be46-15f469343256
       sections: 5
       compilation: 2014-06-25
