[fetch] document_1: https://www.legislation.gov.au/C2004A04745/1994-06-09/1994-06-09/text/original/epub/OEBPS/document_1/document_1.html
[fetch] document_1: 229,628 bytes
[fetch] document_2: https://www.legislation.gov.au/C2004A04745/1994-06-09/1994-06-09/text/original/epub/OEBPS/document_2/document_2.html
[fetch] document_2 not found — stopping. Fetched 1 document(s).
[fetch] combined 1 document(s), 229,628 source bytes → 228,572 combined bytes
[citation] Banking (State Bank of South Australia and Other Matters) Act 1994 (Cth)
[parse] starting
[parser-diag] total <p> elements found: 775
[parser-diag] processed 775 <p> elements
[parser-diag] last section was added at element index: -1
[parser-diag] state phase at end: PRE_BODY
[parser-diag] hierarchy stack depth at end: 0
[parser-diag] insideSchedule at end: false
[parse] sections: 0
[parse] compilation: date=(none) no=(none)
[parse] by level:
[db] inserted new legislation row: e872c563-95d9-454e-9933-3aa9a953f38d
[db] inserting 0 sections (pass 1)
[db] inserted 0 sections
[db] linking parent FKs (pass 2)
[db] linked 0 parent references

[done] ingested Banking (State Bank of South Australia and Other Matters) Act 1994
       legislation_id: e872c563-95d9-454e-9933-3aa9a953f38d
       sections: 0
       compilation: 1994-06-09
