[fetch] document_1: https://www.legislation.gov.au/C2004A03346/1986-07-01/1986-07-01/text/original/epub/OEBPS/document_1/document_1.html
[fetch] document_1: 72,277 bytes
[fetch] document_2: https://www.legislation.gov.au/C2004A03346/1986-07-01/1986-07-01/text/original/epub/OEBPS/document_2/document_2.html
[fetch] document_2 not found — stopping. Fetched 1 document(s).
[fetch] combined 1 document(s), 72,277 source bytes → 71,924 combined bytes
[citation] Remuneration and Allowances Alteration Act 1986 (Cth)
[parse] starting
[parser-diag] total <p> elements found: 306
[parser-diag] processed 306 <p> elements
[parser-diag] last section was added at element index: -1
[parser-diag] state phase at end: PRE_BODY
[parser-diag] hierarchy stack depth at end: 0
[parser-diag] insideSchedule at end: false
[parse] sections: 0
[parse] compilation: date=(none) no=(none)
[parse] by level:
[db] inserted new legislation row: 4272c4f2-185d-4f6d-9855-100d86629f32
[db] inserting 0 sections (pass 1)
[db] inserted 0 sections
[db] linking parent FKs (pass 2)
[db] linked 0 parent references

[done] ingested Remuneration and Allowances Alteration Act 1986
       legislation_id: 4272c4f2-185d-4f6d-9855-100d86629f32
       sections: 0
       compilation: 1986-07-01
