[fetch] document_1: https://www.legislation.gov.au/C2004A00754/2000-12-21/2000-12-21/text/original/epub/OEBPS/document_1/document_1.html
[fetch] document_1: 39,574 bytes
[fetch] document_2: https://www.legislation.gov.au/C2004A00754/2000-12-21/2000-12-21/text/original/epub/OEBPS/document_2/document_2.html
[fetch] document_2 not found — stopping. Fetched 1 document(s).
[fetch] combined 1 document(s), 39,574 source bytes → 38,584 combined bytes
[citation] Jurisdiction of Courts (Miscellaneous Amendments) Act 2000 (Cth)
[parse] starting
[parser-diag] total <p> elements found: 158
[parser-unknown-class] "ActHead6", text="Schedule 1—Jurisdiction of courts"
[parser-unknown-class] "ActHead7", text="Part 1—Amendments"
[parser-unknown-class] "ActHead9", text="Administrative Decisions (Judicial Review) Act 1977"
[parser-unknown-class] "ItemHead", text="1  At the end of section 3"
[parser-unknown-class] "indenta", text="(a) has come, or that came, before the Federal Magistrates Court by way of a transfer from the Fe..."
[parser-unknown-class] "indenta", text="(b) could have been made directly to the Federal Magistrates Court."
[parser-unknown-class] "ItemHead", text="2  At the end of section 8"
[parser-unknown-class] "ActHead9", text="Family Law Act 1975"
[parser-unknown-class] "ItemHead", text="3  After subsection 39(5)"
[parser-unknown-class] "ActHead9", text="Trade Practices Act 1974"
[parser-unknown-class] "ItemHead", text="4  Section 86AA"
[parser-unknown-class] "ItemHead", text="5  Section 86AA (note)"
[parser-unknown-class] "ActHead7", text="Part 2—Safety‑net provisions"
[parser-unknown-class] "ItemHead", text="6  Interpretation"
[parser-unknown-class] "Subitem", text="(1) In this Part:"
[parser-unknown-class] "Subitem", text="(2) Unless the contrary intention appears, an expression used in this Part has the same meaning a..."
[parser-unknown-class] "Subitem", text="(3) Sections 6 and 7 of the Federal Magistrates Act 1999 apply to this Part in a corresponding wa..."
[parser-unknown-class] "ItemHead", text="7  Designated judgment"
[parser-unknown-class] "Subitem", text="(1) For the purposes of this Part, if:"
[parser-unknown-class] "indenta", text="(a) before the commencement of this item:"
[parser-unknown-class] "indentii", text="(i) a proceeding arising under the Administrative Decisions (Judicial Review) Act 1977 was transf..."
[parser-unknown-class] "indentii", text="(ii) the Federal Magistrates Court did not have jurisdiction to hear and determine the proceeding..."
[parser-unknown-class] "indentii", text="(iii) the Federal Magistrates Court purported to give judgment in the proceeding; and"
[parser-unknown-class] "indenta", text="(b) the Federal Magistrates Court would have had jurisdiction to hear and determine the proceedin..."
[parser-unknown-class] "Subitem", text="(2) If:"
[parser-unknown-class] "indenta", text="(a) before the commencement of this item:"
[parser-unknown-class] "indentii", text="(i) a proceeding arising under the Family Law Act 1975 was transferred to the Federal Magistrates..."
[parser-unknown-class] "indentii", text="(ii) the Federal Magistrates Court did not have jurisdiction to hear and determine the proceeding..."
[parser-unknown-class] "indentii", text="(iii) the Federal Magistrates Court purported to give judgment in the proceeding; and"
[parser-unknown-class] "indenta", text="(b) the Federal Magistrates Court would have had jurisdiction to hear and determine the proceedin..."
[parser-unknown-class] "Subitem", text="(3) If a court has purported to affirm, revoke, set aside, reverse, vary, revive or suspend a des..."
[parser-unknown-class] "ItemHead", text="8  Rights and liabilities declared in certain cases"
[parser-unknown-class] "ItemHead", text="9  Effect of declared rights and liabilities"
[parser-unknown-class] "Subitem", text="(1) A right or liability conferred, imposed or affected by item 8:"
[parser-unknown-class] "indenta", text="(a) is exercisable or enforceable; and"
[parser-unknown-class] "indenta", text="(b) is to be regarded as always having been exercisable or enforceable;"
[parser-unknown-class] "Subitem", text="(2) The rights and liabilities conferred, imposed or affected by item 8 include (but are not limi..."
[parser-unknown-class] "Subitem", text="(3) In this item:"
[parser-unknown-class] "ItemHead", text="10  Effect of things done or omitted to be done under or in relation to rights and liabilities"
[parser-unknown-class] "Subitem", text="(1) Any act or thing done or omitted to be done (whether before, at or after the commencement of ..."
[parser-unknown-class] "indenta", text="(a) has the same effect, and gives rise to the same consequences, for the purposes of any written..."
[parser-unknown-class] "indenta", text="(b) is to be regarded as always having had the same effect, and always given rise to the same con..."
[parser-unknown-class] "Subitem", text="(2) For the purposes of an enforcement law, any act or thing done or omitted to be done (whether ..."
[parser-unknown-class] "Subitem", text="(3) In this item:"
[parser-unknown-class] "indenta", text="(a) contravenes; or"
[parser-unknown-class] "indenta", text="(b) acts in a specified way while there is in force;"
[parser-unknown-class] "ItemHead", text="11  Powers of courts in relation to declared rights and liabilities"
[parser-unknown-class] "Subitem", text="(1) The Federal Magistrates Court may vary, revoke, set aside, revive or suspend a right or liabi..."
[parser-unknown-class] "Subitem", text="(2) In the case of a designated judgment in a proceeding arising under the Administrative Decisio..."
[parser-unknown-class] "Subitem", text="(3) In the case of a designated judgment in a proceeding arising under the Family Law Act 1975, t..."
[parser-unknown-class] "Subitem", text="(4) In addition to its powers under subitem (1), (2) or (3), a court also has power to give a jud..."
[parser-unknown-class] "indenta", text="(a) the designated judgment had been a valid judgment of the Federal Magistrates Court given in o..."
[parser-unknown-class] "indenta", text="(b) the first‑mentioned court had been considering whether:"
[parser-unknown-class] "indentii", text="(i) to vary, revoke, set aside, revive or suspend that judgment; or"
[parser-unknown-class] "indentii", text="(ii) to extend the time for the doing of anything; or"
[parser-unknown-class] "indentii", text="(iii) to grant a stay of proceedings."
[parser-unknown-class] "Subitem", text="(5) Jurisdiction is conferred on the Federal Magistrates Court, the Federal Court and the Family ..."
[parser-unknown-class] "ItemHead", text="12  Proceedings for contempt"
[parser-unknown-class] "indenta", text="(a) interfered with a right conferred or affected by item 8; or"
[parser-unknown-class] "indenta", text="(b) failed to satisfy or comply with a liability imposed or affected by item 8;"
[parser-unknown-class] "ItemHead", text="13  Evidence"
[parser-unknown-class] "ItemHead", text="14  This Part does not apply to certain judgments"
[parser-unknown-class] "ItemHead", text="15  Regulations"
[parser-unknown-class] "ActHead7", text="Part 3—Transitional"
[parser-unknown-class] "ItemHead", text="16  Pre‑commencement jurisdiction of the Federal Magistrates Court"
[parser-unknown-class] "indenta", text="(a) a proceeding arising under the Administrative Decisions (Judicial Review) Act 1977 that was t..."
[parser-unknown-class] "indenta", text="(b) a proceeding arising under the Family Law Act 1975 that was transferred to the Federal Magist..."
[parser-unknown-class] "ItemHead", text="17  Pre‑commencement jurisdiction of the Federal Court"
[parser-unknown-class] "ItemHead", text=""
[parser-diag] processed 158 <p> elements
[parser-diag] last section was added at element index: 48
[parser-diag] state phase at end: BODY
[parser-diag] hierarchy stack depth at end: 1
[parser-diag] insideSchedule at end: false
[parse] sections: 3
[parse] compilation: date=(none) no=(none)
[parse] by level:
         section      3
[db] inserted new legislation row: b7e1ecb6-01eb-47a1-9ba0-c8b2551b4a47
[db] inserting 3 sections (pass 1)
[db] inserted 3 sections
[db] linking parent FKs (pass 2)
[db] linked 0 parent references

[done] ingested Jurisdiction of Courts (Miscellaneous Amendments) Act 2000
       legislation_id: b7e1ecb6-01eb-47a1-9ba0-c8b2551b4a47
       sections: 3
       compilation: 2000-12-21
