[fetch] document_1: https://www.legislation.gov.au/C2004A03814/1989-06-19/1989-06-19/text/original/epub/OEBPS/document_1/document_1.html
[fetch] document_1: 157,956 bytes
[fetch] document_2: https://www.legislation.gov.au/C2004A03814/1989-06-19/1989-06-19/text/original/epub/OEBPS/document_2/document_2.html
[fetch] document_2 not found — stopping. Fetched 1 document(s).
[fetch] combined 1 document(s), 157,956 source bytes → 156,947 combined bytes
[citation] Snowy Mountains Engineering Corporation (Conversion into Public Company) Act 1989 (Cth)
[parse] starting
[parser-diag] total <p> elements found: 428
[parser-diag] processed 428 <p> elements
[parser-diag] last section was added at element index: -1
[parser-diag] state phase at end: PRE_BODY
[parser-diag] hierarchy stack depth at end: 0
[parser-diag] insideSchedule at end: false
[parse] sections: 0
[parse] compilation: date=(none) no=(none)
[parse] by level:
[db] inserted new legislation row: 8af524fb-10ef-4898-b244-e6f9a7d05ded
[db] inserting 0 sections (pass 1)
[db] inserted 0 sections
[db] linking parent FKs (pass 2)
[db] linked 0 parent references

[done] ingested Snowy Mountains Engineering Corporation (Conversion into Public Company) Act 1989
       legislation_id: 8af524fb-10ef-4898-b244-e6f9a7d05ded
       sections: 0
       compilation: 1989-06-19
