[fetch] document_1: https://www.legislation.gov.au/C2006A00082/2002-07-01/2002-07-01/text/original/epub/OEBPS/document_1/document_1.html
[fetch] document_1: 405,901 bytes
[fetch] document_2: https://www.legislation.gov.au/C2006A00082/2002-07-01/2002-07-01/text/original/epub/OEBPS/document_2/document_2.html
[fetch] document_2 not found — stopping. Fetched 1 document(s).
[fetch] combined 1 document(s), 405,901 source bytes → 404,750 combined bytes
[citation] Families, Community Services and Indigenous Affairs and Other Legislation (2006 Budget and Other Measures) Act 2006 (Cth)
[parse] starting
[parser-diag] total <p> elements found: 1426
[parser-unknown-class] "ActHead6", text="Schedule 1—FTB Part A income free area"
[parser-unknown-class] "ActHead9", text="A New Tax System (Family Assistance) Act 1999"
[parser-unknown-class] "ItemHead", text="1  Clause 19 of Schedule 1"
[parser-unknown-class] "ItemHead", text="2  Subclause 3(1) of Schedule 4 (table item 13)"
[parser-unknown-class] "ItemHead", text="3  Application"
[parser-unknown-class] "Subitem", text="(1) The amendment made by item 1 applies in relation to family tax benefit for the 2006‑2007 inco..."
[parser-unknown-class] "Subitem", text="(2) The amendment made by item 2 applies in relation to family tax benefit for the 2007‑2008 inco..."
[parser-unknown-class] "ItemHead", text="4  Transitional"
[parser-unknown-class] "ActHead9", text="Family Assistance, Social Security and Veterans’ Affairs Legislation Amendment (2005 Budget and O..."
[parser-unknown-class] "ItemHead", text="5  Schedule 1"
[parser-unknown-class] "ActHead6", text="Schedule 2—Large family supplement"
[parser-unknown-class] "ActHead9", text="A New Tax System (Family Assistance) Act 1999"
[parser-unknown-class] "ItemHead", text="1  Clause 34 of Schedule 1"
[parser-unknown-class] "ItemHead", text="2  Clause 35 of Schedule 1 (formula)"
[parser-unknown-class] "ActHead6", text="Schedule 3—Extension of eligibility for utilities allowance"
[parser-unknown-class] "ActHead9", text="Social Security Act 1991"
[parser-unknown-class] "ItemHead", text="1  Paragraphs 1061T(a) and (b)"
[parser-unknown-class] "ActHead6", text="Schedule 4—Australian Government Disaster Recovery Payment"
[parser-unknown-class] "ActHead7", text="Part 1—Main amendments"
[parser-unknown-class] "ActHead9", text="Social Security Act 1991"
[parser-unknown-class] "ItemHead", text="1  Subsection 23(1)"
[parser-unknown-class] "ItemHead", text="2  Subsection 23(1)"
[parser-unknown-class] "ItemHead", text="3  Subsection 23(1)"
[parser-unknown-class] "ItemHead", text="4  Section 36"
[parser-unknown-class] "ItemHead", text="5  Part 2.24 of Chapter 2"
[parser-unknown-class] "ActHead7", text="Part 2—Other amendments"
[parser-unknown-class] "ActHead9", text="Income Tax Assessment Act 1997"
[parser-unknown-class] "ItemHead", text="6  Section 52‑10 (after table item 2.1)"
[parser-unknown-class] "ItemHead", text="7  Section 52‑10 (table item 8.1)"
[parser-unknown-class] "ItemHead", text="8  Section 52‑40 (after table item 2)"
[parser-unknown-class] "ItemHead", text="9  Section 52‑40 (table item 8)"
[parser-unknown-class] "ActHead9", text="Social Security Act 1991"
[parser-unknown-class] "ItemHead", text="10  Subsection 14A(1) (after paragraph (d) of the definition of liquid assets)"
[parser-unknown-class] "ItemHead", text="11  Subsection 19B(1) (definition of liquid assets)"
[parser-unknown-class] "ItemHead", text="12  Subsection 746(2)"
[parser-unknown-class] "ItemHead", text="13  Subsection 746(2) (note)"
[parser-unknown-class] "ItemHead", text="14  Subsection 771KE(2)"
[parser-unknown-class] "ItemHead", text="15  Subsection 771KE(2) (note)"
[parser-unknown-class] "ItemHead", text="16  Section 1061JJ"
[parser-unknown-class] "ItemHead", text="17  Section 1061JJ"
[parser-unknown-class] "ItemHead", text="18  At the end of section 1061JJ"
[parser-unknown-class] "ActHead9", text="Social Security (Administration) Act 1999"
[parser-unknown-class] "ItemHead", text="19  Subsection 16(6)"
[parser-unknown-class] "ItemHead", text="20  After Subdivision F of Division 1 of Part 3"
[parser-unknown-class] "ItemHead", text="21  Before subsection 31(2)"
[parser-unknown-class] "ItemHead", text="22  After section 46"
[parser-unknown-class] "ItemHead", text="23  Subsection 47(1) (after paragraph (a) of the definition of lump sum benefit)"
[parser-unknown-class] "ItemHead", text="24  Subsection 47(1) (paragraph (c) of the definition of lump sum benefit)"
[parser-unknown-class] "ItemHead", text="25  Paragraph 13(a) of Schedule 2"
[parser-unknown-class] "ItemHead", text="26  After paragraph 13(b) of Schedule 2"
[parser-unknown-class] "ItemHead", text="27  Clause 13 of Schedule 2"
[parser-unknown-class] "ActHead6", text="Schedule 5—Maintenance income credit balances"
[parser-unknown-class] "ActHead7", text="Part 1—Amendments"
[parser-unknown-class] "ActHead9", text="A New Tax System (Family Assistance) Act 1999"
[parser-unknown-class] "ItemHead", text="1  Subsection 3(1)"
[parser-unknown-class] "ItemHead", text="2  Subsection 3(1)"
[parser-unknown-class] "ItemHead", text="3  Before clause 19A of Schedule 1"
[parser-unknown-class] "ItemHead", text="4  Clause 20 of Schedule 1"
[parser-unknown-class] "ItemHead", text="5  Clause 20 of Schedule 1 (method statement, paragraph (b) of step 1)"
[parser-unknown-class] "ItemHead", text="6  Clause 20 of Schedule 1 (method statement, at the end of step 1)"
[parser-unknown-class] "ItemHead", text="7  At the end of clause 20 of Schedule 1"
[parser-unknown-class] "ItemHead", text="8  At the end of Division 5 of Part 2 of Schedule 1"
[parser-unknown-class] "BoxStep", text="Step 1. Work out the global maintenance entitlement of the eligible person for the day using clau..."
[parser-unknown-class] "BoxStep", text="Step 2. Identify the lower of:"
[parser-unknown-class] "BoxStep", text="Step 3. Subtract from the lower amount identified in step 2 the annualised amount of the maintena..."
[parser-unknown-class] "BoxStep", text="Step 4. Divide the result of step 3 by 365."
[parser-unknown-class] "BoxStep", text="Step 5. Unless subclause (2) applies to the individual, the amount that accrues to the maintenanc..."
[parser-unknown-class] "BoxStep", text="If subclause (2) applies to the individual, take the amount worked out under step 4 and apply the..."
[parser-unknown-class] "BoxStep", text="Step 1. Work out the daily cap for each relevant balance. The daily cap for a relevant balance is..."
[parser-unknown-class] "BoxStep", text="Step 2. Distribute the amount worked out under step 4 of the method statement in subclause (1) eq..."
[parser-unknown-class] "BoxStep", text="Step 3. Distribute any remaining amount equally among each relevant balance for which the daily c..."
[parser-unknown-class] "BoxStep", text="Step 4. Reapply step 3 to any remaining amount until:"
[parser-unknown-class] "BoxStep", text="Step 5. The amount that accrues to each of the relevant balances for the day is the sum of the am..."
[parser-unknown-class] "ActHead7", text="Part 2—Application and transitional provisions"
[parser-unknown-class] "ItemHead", text="9  Application"
[parser-unknown-class] "Subitem", text="(1) Paragraph (c) of step 1 of the method statement in subclause 20(1) of Schedule 1 to the A New..."
[parser-unknown-class] "Subitem", text="(2) Subdivision B of Division 5 of Part 2 of Schedule 1 to the A New Tax System (Family Assistanc..."
[parser-unknown-class] "ItemHead", text="10  Transitional"
[parser-unknown-class] "Subitem", text="(1) In working out whether there is an accrual to a maintenance income credit balance for a day i..."
[parser-unknown-class] "Subitem", text="(2) For the purposes of subitem (1), an eligible person has a non‑lodger debt in relation to an i..."
[parser-unknown-class] "ActHead6", text="Schedule 6—Extension of carer payment for carers of severely disabled children"
[parser-unknown-class] "ActHead9", text="Social Security Act 1991"
[parser-unknown-class] "ItemHead", text="1  Subsection 197(1) (definition of profoundly disabled child)"
[parser-unknown-class] "ItemHead", text="2  After subsection 197(2)"
[parser-unknown-class] "ItemHead", text="3  Subsection 198(8)"
[parser-unknown-class] "ItemHead", text="4  At the end of section 198"
[parser-unknown-class] "ActHead6", text="Schedule 7—Special disability trusts"
[parser-unknown-class] "ActHead7", text="Part 1—Amendment of the Social Security Act 1991"
[parser-unknown-class] "ItemHead", text="1  Subsection 23(1)"
[parser-unknown-class] "ItemHead", text="2  Subsection 23(1)"
[parser-unknown-class] "ItemHead", text="3  Subsection 23(1)"
[parser-unknown-class] "ItemHead", text="4  Subsection 23(1)"
[parser-unknown-class] "ItemHead", text="5  Subsection 1123(1) (note)"
[parser-unknown-class] "ItemHead", text="6  At the end of section 1124"
[parser-unknown-class] "ItemHead", text="7  Section 1190 (after table item 34)"
[parser-unknown-class] "ItemHead", text="8  Subsection 1191(1) (after table item 24)"
[parser-unknown-class] "ItemHead", text="9  After subsection 1192(5)"
[parser-unknown-class] "ItemHead", text="10  After subsection 1207X(2)"
[parser-unknown-class] "ItemHead", text="11  At the end of subsection 1207Y(1)"
[parser-unknown-class] "ItemHead", text="12  At the end of subsection 1208E(1)"
[parser-unknown-class] "ItemHead", text="13  After Part 3.18"
[parser-unknown-class] "ItemHead", text="14  Transitional—trusts created before 20 September 2006"
[parser-unknown-class] "Subitem", text="(1) For a trust created before 20 September 2006, a failure to comply with a requirement of Divis..."
[parser-unknown-class] "Subitem", text="(2) A period stated in an exemption notice for the purpose of paragraph (1)(b) must end at or bef..."
[parser-unknown-class] "Subitem", text="(3) An exemption notice has effect, subject to any conditions mentioned in paragraph (1)(b):"
[parser-unknown-class] "Subitem", text="(4) If guidelines are made under subitem (5), a decision in relation to giving an exemption notic..."
[parser-unknown-class] "Subitem", text="(5) The Secretary may, by legislative instrument, make guidelines for deciding any or all of the ..."
[parser-unknown-class] "ActHead7", text="Part 2—Amendment of the Veterans’ Entitlements Act 1986"
[parser-unknown-class] "ItemHead", text="15  Section 5 (index of definitions)"
[parser-unknown-class] "ItemHead", text="16  Section 5 (index of definitions)"
[parser-unknown-class] "ItemHead", text="17  Section 5 (index of definitions)"
[parser-unknown-class] "ItemHead", text="18  Section 5 (index of definitions)"
[parser-unknown-class] "ItemHead", text="19  Subsection 5Q(1)"
[parser-unknown-class] "ItemHead", text="20  Subsection 5Q(1)"
[parser-unknown-class] "ItemHead", text="21  Subsection 5Q(1)"
[parser-unknown-class] "ItemHead", text="22  Subsection 5Q(1)"
[parser-unknown-class] "ItemHead", text="23  Subsection 52E(1)"
[parser-unknown-class] "ItemHead", text="24  Subsection 52E(1) (note)"
[parser-unknown-class] "ItemHead", text="25  At the end of section 52F"
[parser-unknown-class] "ItemHead", text="26  After subsection 52ZZJ(2)"
[parser-unknown-class] "ItemHead", text="27  At the end of subsection 52ZZK(1)"
[parser-unknown-class] "ItemHead", text="28  At the end of subsection 52ZZR(1)"
[parser-unknown-class] "ItemHead", text="29  After Division 11A of Part IIIB"
[parser-unknown-class] "ItemHead", text="30  Section 59A (after table item 13)"
[parser-unknown-class] "ItemHead", text="31  Subsection 59B(1) (after table item 8)"
[parser-unknown-class] "ItemHead", text="32  After subsection 59C(2)"
[parser-unknown-class] "ItemHead", text="33  Transitional—trusts created before 20 September 2006"
[parser-unknown-class] "Subitem", text="(1) For a trust created before 20 September 2006, a failure to comply with a requirement of Subdi..."
[parser-unknown-class] "Subitem", text="(2) A period stated in an exemption notice for the purpose of paragraph (1)(b) must end at or bef..."
[parser-unknown-class] "Subitem", text="(3) An exemption notice has effect, subject to any conditions mentioned in paragraph (1)(b):"
[parser-unknown-class] "Subitem", text="(4) If guidelines are made under subitem (5), a decision in relation to giving an exemption notic..."
[parser-unknown-class] "Subitem", text="(5) The Commission may, by legislative instrument, make guidelines for deciding any or all of the..."
[parser-unknown-class] "ActHead6", text="Schedule 8—Australian Institute of Family Studies"
[parser-unknown-class] "ActHead7", text="Part 1—Amendments"
[parser-unknown-class] "ActHead9", text="Family Law Act 1975"
[parser-unknown-class] "ItemHead", text="1  Section 114A (definition of Board)"
[parser-unknown-class] "ItemHead", text="2  Section 114A (definition of member)"
[parser-unknown-class] "ItemHead", text="3  After subsection 114B(1)"
[parser-unknown-class] "ItemHead", text="4  Subsection 114B(2)"
[parser-unknown-class] "ItemHead", text="5  After subsection 114B(2)"
[parser-unknown-class] "ItemHead", text="6  Paragraph 114B(3)(a)"
[parser-unknown-class] "ItemHead", text="7  Paragraph 114B(3)(b)"
[parser-unknown-class] "ItemHead", text="8  Subsection 114B(4)"
[parser-unknown-class] "ItemHead", text="9  Sections 114BA, 114BB, 114C, 114D, 114E, 114F, 114G, 114H, 114J, 114K and 114L"
[parser-unknown-class] "ItemHead", text="10  Subsection 114M(3)"
[parser-unknown-class] "ItemHead", text="11  Sections 114MA, 114MC, 114MD, and 114MF"
[parser-unknown-class] "ActHead7", text="Part 2—Transitional provisions"
[parser-unknown-class] "ActHead8", text="Division 1—Preliminary"
[parser-unknown-class] "ItemHead", text="12  Definitions"
[parser-unknown-class] "Subitem", text="(1) In this Part:"
[parser-unknown-class] "Subitem", text="(2) Subject to subitem (1), an expression used in this Part that is also used in the new law has ..."
[parser-unknown-class] "ActHead8", text="Division 2—Assets, liabilities and legal proceedings"
[parser-unknown-class] "ItemHead", text="13  Vesting of assets of old Institute"
[parser-unknown-class] "Subitem", text="(1) This item applies to the assets of the old Institute immediately before the commencement time."
[parser-unknown-class] "Subitem", text="(2) At the commencement time, the assets to which this item applies cease to be assets of the old..."
[parser-unknown-class] "ItemHead", text="14  Vesting of liabilities of old Institute"
[parser-unknown-class] "Subitem", text="(1) This item applies to the liabilities of the old Institute immediately before the commencement..."
[parser-unknown-class] "Subitem", text="(2) At the commencement time, the liabilities to which this item applies cease to be liabilities ..."
[parser-unknown-class] "ItemHead", text="15  Certificates relating to vesting of land"
[parser-unknown-class] "Subitem", text="(1) This item applies if:"
[parser-unknown-class] "Subitem", text="(2) The land registration official may:"
[parser-unknown-class] "ItemHead", text="16  Certificates relating to vesting of assets other than land"
[parser-unknown-class] "Subitem", text="(1) This item applies if:"
[parser-unknown-class] "Subitem", text="(2) The assets official may:"
[parser-unknown-class] "ItemHead", text="17  Substitution of Commonwealth as a party to pending proceedings"
[parser-unknown-class] "ItemHead", text="18  Transfer of custody of old Institute records"
[parser-unknown-class] "Subitem", text="(1) This item applies to any records or documents that, immediately before the commencement time,..."
[parser-unknown-class] "Subitem", text="(2) The records and documents are to be transferred into the custody of the Director at or after ..."
[parser-unknown-class] "ItemHead", text="19  Access by Board members to records"
[parser-unknown-class] "ActHead8", text="Division 3—Reference to, and things done by or in relation to, old Institute"
[parser-unknown-class] "ItemHead", text="20  References in instruments"
[parser-unknown-class] "SubitemHead", text="References to old Institute taken to be references to Director or Commonwealth"
[parser-unknown-class] "Subitem", text="(1) If:"
[parser-unknown-class] "Subitem", text="(2) However, if:"
[parser-unknown-class] "SubitemHead", text="References to staff of old Institute taken to be references to staff of new Institute"
[parser-unknown-class] "Subitem", text="(3) If:"
[parser-unknown-class] "SubitemHead", text="Minister and regulations may provide otherwise"
[parser-unknown-class] "Subitem", text="(4) The Minister may, by legislative instrument, determine that subitem (1), (2) or (3):"
[parser-unknown-class] "Subitem", text="(5) The regulations may provide that an instrument containing a reference specified in a determin..."
[parser-unknown-class] "ItemHead", text="21  Operation of laws"
[parser-unknown-class] "SubitemHead", text="Things done by old Institute taken to be done by Director"
[parser-unknown-class] "Subitem", text="(1) If, before the commencement time, a thing was done by, or in relation to, the old Institute (..."
[parser-unknown-class] "Subitem", text="(2) For the purposes of subitem (1), a thing done before the commencement time under a provision ..."
[parser-unknown-class] "SubitemHead", text="Minister and regulations may provide otherwise"
[parser-unknown-class] "Subitem", text="(3) The Minister may, by legislative instrument, determine that subitem (1):"
[parser-unknown-class] "Subitem", text="(4) The regulations may provide for a thing specified in a determination under paragraph (3)(a) t..."
[parser-unknown-class] "SubitemHead", text="Meaning of doing"
[parser-unknown-class] "Subitem", text="(5) To avoid doubt, for the purposes of this item, doing a thing includes making an instrument."
[parser-unknown-class] "ItemHead", text="22  Financial statements and other reporting requirements"
[parser-unknown-class] "SubitemHead", text="Reporting requirements"
[parser-unknown-class] "Subitem", text="(1) If:"
[parser-unknown-class] "Subitem", text="(2) If:"
[parser-unknown-class] "SubitemHead", text="Outstanding reporting requirements"
[parser-unknown-class] "Subitem", text="(3) If:"
[parser-unknown-class] "ItemHead", text="23  Director"
[parser-unknown-class] "Subitem", text="(1) The person holding office as Director under subsection 114C(4) of the old law immediately bef..."
[parser-unknown-class] "Subitem", text="(2) The person referred to in subitem (1):"
[parser-unknown-class] "ActHead8", text="Division 4—Miscellaneous"
[parser-unknown-class] "ItemHead", text="24  Appropriation of money"
[parser-unknown-class] "Subitem", text="(1) For the purposes of the operation of an Appropriation Act after the commencement time, refere..."
[parser-unknown-class] "Subitem", text="(2) If an amount of money (the original amount) becomes an asset of the Commonwealth under item 1..."
[parser-unknown-class] "Subitem", text="(3) In this item:"
[parser-unknown-class] "ItemHead", text="25  Exemption from stamp duty and other State or Territory taxes"
[parser-unknown-class] "ItemHead", text="26  Constitutional safety net—acquisition of property"
[parser-unknown-class] "Subitem", text="(1) If the operation of this Part would result in an acquisition of property from a person otherw..."
[parser-unknown-class] "Subitem", text="(2) If the Commonwealth and the person do not agree on the amount of the compensation, the person..."
[parser-unknown-class] "ItemHead", text="27  Certificates taken to be authentic"
[parser-unknown-class] "ItemHead", text="28  Delegation by Minister"
[parser-unknown-class] "Subitem", text="(1) The Minister may delegate all or any of his or her powers and functions under this Part to th..."
[parser-unknown-class] "Subitem", text="(2) In exercising or performing powers or functions under a delegation, the delegate must comply ..."
[parser-unknown-class] "Subitem", text="(3) A power or function delegated to the Director under subitem (1) must not be sub‑delegated und..."
[parser-unknown-class] "ItemHead", text="29  Regulations"
[parser-unknown-class] "Subitem", text="(1) The Governor‑General may make regulations prescribing matters:"
[parser-unknown-class] "Subitem", text="(2) In particular, regulations may be made prescribing matters of a transitional nature (includin..."
[parser-unknown-class] "ActHead6", text="Schedule 9—FTB Part B quarantining"
[parser-unknown-class] "ActHead9", text="A New Tax System (Family Assistance) Act 1999"
[parser-unknown-class] "ItemHead", text="1  Paragraph 3B(3)(c)"
[parser-unknown-class] "ItemHead", text="2  Subsection 3B(4)"
[parser-unknown-class] "ItemHead", text="3  At the end of section 3B"
[parser-unknown-class] "ItemHead", text="4  Paragraph 29A(1)(b) of Schedule 1"
[parser-unknown-class] "ItemHead", text="5  After subclause 29A(4) of Schedule 1"
[parser-unknown-class] "ItemHead", text="6  Subclause 29A(7) of Schedule 1"
[parser-unknown-class] "ItemHead", text="7  At the end of clause 29A of Schedule 1"
[parser-unknown-class] "ItemHead", text="8  Application of amendments"
[parser-unknown-class] "Subitem", text="(1) Subject to subitem (2), the amendments made by this Schedule apply in respect of the 2005‑200..."
[parser-unknown-class] "Subitem", text="(2) Subclause 29A(4A) of Schedule 1 to the A New Tax System (Family Assistance) Act 1999 (as inse..."
[parser-unknown-class] "ActHead6", text="Schedule 10—Technical amendments relating to income estimates"
[parser-unknown-class] "ActHead9", text="A New Tax System (Family Assistance) (Administration) Act 1999"
[parser-unknown-class] "ItemHead", text="1  Subsection 20C(3)"
[parser-unknown-class] "ItemHead", text="2  At the end of paragraph 20C(5)(b)"
[parser-unknown-class] "ItemHead", text="3  Subsection 55AC(3)"
[parser-unknown-class] "ActHead6", text="Schedule 11—Definition"
[parser-unknown-class] "ActHead9", text="A New Tax System (Family Assistance) (Administration) Act 1999"
[parser-unknown-class] "ItemHead", text="1  Subsection 3(1) (definition of income tax refund)"
[parser-unknown-class] "ItemHead", text="2  Application of amendment"
[parser-unknown-class] "Subitem", text="(1) The amendment made by this Schedule applies in relation to a debt owed in respect of family t..."
[parser-unknown-class] "Subitem", text="(2) The amendment made by this Schedule applies in relation to a debt owed in respect of child ca..."
[parser-unknown-class] "ActHead6", text="Schedule 12—Shared parental responsibility"
[parser-unknown-class] "ActHead9", text="A New Tax System (Family Assistance) Act 1999"
[parser-unknown-class] "ItemHead", text="1  Subsection 3(1) (paragraph (b) of the definition of family law order)"
[parser-unknown-class] "ItemHead", text="2  Paragraph 22(3)(c)"
[parser-unknown-class] "ActHead9", text="Child Support (Assessment) Act 1989"
[parser-unknown-class] "ItemHead", text="3  Subsection 8A(7) (paragraph (b) of the definition of court order)"
[parser-unknown-class] "ActHead6", text="Schedule 13—Other amendments"
[parser-unknown-class] "ActHead9", text="Social Security Act 1991"
[parser-unknown-class] "ItemHead", text="1  Subsection 19B(1)"
[parser-unknown-class] "ActHead9", text="Social Security (Administration) Act 1999"
[parser-unknown-class] "ItemHead", text="2  Subparagraph 212(1)(d)(iii)"
[parser-unknown-class] "ItemHead", text="3  Subparagraph 212(1)(d)(iv)"
[parser-unknown-class] "ItemHead", text="4  Paragraph 212(2)(d)"
[parser-unknown-class] "2ndRd", text=""
[parser-unknown-class] "2ndRd", text="[Minister’s second reading speech made in—"
[parser-unknown-class] "2ndRd", text="House of Representatives on 25 May 2006"
[parser-unknown-class] "2ndRd", text="Senate on 13 June 2006]"
[parser-diag] processed 1426 <p> elements
[parser-diag] last section was added at element index: 1168
[parser-diag] state phase at end: BODY
[parser-diag] hierarchy stack depth at end: 4
[parser-diag] insideSchedule at end: false
[parse] sections: 81
[parse] compilation: date=(none) no=(none)
[parse] by level:
         section      65
         part         2
         division     7
         subdivision  7
[db] inserted new legislation row: fed5c1f1-1a6c-49ff-8d90-f235999b5ae2
[db] inserting 81 sections (pass 1)
[db] inserted 81 sections
[db] linking parent FKs (pass 2)
[db] linked 75 parent references

[done] ingested Families, Community Services and Indigenous Affairs and Other Legislation (2006 Budget and Other Measures) Act 2006
       legislation_id: fed5c1f1-1a6c-49ff-8d90-f235999b5ae2
       sections: 81
       compilation: 2002-07-01
