[fetch] document_1: https://www.legislation.gov.au/C2004A04799/2021-07-01/2021-07-01/text/original/epub/OEBPS/document_1/document_1.html
[fetch] document_1: 317,960 bytes
[fetch] document_2: https://www.legislation.gov.au/C2004A04799/2021-07-01/2021-07-01/text/original/epub/OEBPS/document_2/document_2.html
[fetch] document_2 not found — stopping. Fetched 1 document(s).
[fetch] combined 1 document(s), 317,960 source bytes → 315,838 combined bytes
[citation] National Environment Protection Council Act 1994 (Cth)
[parse] starting
[parser-diag] total <p> elements found: 1119
[parser-diag] processed 1119 <p> elements
[parser-diag] last section was added at element index: 837
[parser-diag] state phase at end: ENDNOTES
[parser-diag] hierarchy stack depth at end: 2
[parser-diag] insideSchedule at end: true
[parse] sections: 79
[parse] compilation: date=2021-07-01 no=12
[parse] by level:
         part         7
         section      55
         division     6
         schedule     1
         schedule_part 10
[db] inserted new legislation row: 4e126249-3ac0-46be-8c4e-9c901ef900b4
[db] inserting 79 sections (pass 1)
[db] inserted 79 sections
[db] linking parent FKs (pass 2)
[db] linked 71 parent references

[done] ingested National Environment Protection Council Act 1994
       legislation_id: 4e126249-3ac0-46be-8c4e-9c901ef900b4
       sections: 79
       compilation: 2021-07-01
