[fetch] document_1: https://www.legislation.gov.au/C2004A00320/2020-06-20/2020-06-20/text/original/epub/OEBPS/document_1/document_1.html
[fetch] document_1: 60,335 bytes
[fetch] document_2: https://www.legislation.gov.au/C2004A00320/2020-06-20/2020-06-20/text/original/epub/OEBPS/document_2/document_2.html
[fetch] document_2 not found — stopping. Fetched 1 document(s).
[fetch] combined 1 document(s), 60,335 source bytes → 58,411 combined bytes
[citation] Superannuation Supervisory Levy Imposition Act 1998 (Cth)
[parse] starting
[parser-diag] total <p> elements found: 249
[parser-diag] processed 249 <p> elements
[parser-diag] last section was added at element index: 106
[parser-diag] state phase at end: ENDNOTES
[parser-diag] hierarchy stack depth at end: 1
[parser-diag] insideSchedule at end: false
[parse] sections: 9
[parse] compilation: date=2020-06-20 no=9
[parse] by level:
         section      9
[db] inserted new legislation row: 962c2e0d-3505-4a96-b3a6-e32b2c76ee20
[db] inserting 9 sections (pass 1)
[db] inserted 9 sections
[db] linking parent FKs (pass 2)
[db] linked 0 parent references

[done] ingested Superannuation Supervisory Levy Imposition Act 1998
       legislation_id: 962c2e0d-3505-4a96-b3a6-e32b2c76ee20
       sections: 9
       compilation: 2020-06-20
