[fetch] document_1: https://www.legislation.gov.au/C2004A00756/2025-01-01/2025-01-01/text/original/epub/OEBPS/document_1/document_1.html
[fetch] document_1: 165,461 bytes
[fetch] document_2: https://www.legislation.gov.au/C2004A00756/2025-01-01/2025-01-01/text/original/epub/OEBPS/document_2/document_2.html
[fetch] document_2 not found — stopping. Fetched 1 document(s).
[fetch] combined 1 document(s), 165,461 source bytes → 163,424 combined bytes
[citation] Horticulture Marketing and Research and Development Services (Repeals and Consequential Provisions) Act 2000 (Cth)
[parse] starting
[parser-diag] total <p> elements found: 620
[parser-diag] processed 620 <p> elements
[parser-diag] last section was added at element index: 452
[parser-diag] state phase at end: ENDNOTES
[parser-diag] hierarchy stack depth at end: 3
[parser-diag] insideSchedule at end: false
[parse] sections: 65
[parse] compilation: date=2025-01-01 no=6
[parse] by level:
         part         2
         section      50
         division     6
         subdivision  7
[db] inserted new legislation row: 5b279590-efff-4a57-bb9a-773fbc51db65
[db] inserting 65 sections (pass 1)
[db] inserted 65 sections
[db] linking parent FKs (pass 2)
[db] linked 63 parent references

[done] ingested Horticulture Marketing and Research and Development Services (Repeals and Consequential Provisions) Act 2000
       legislation_id: 5b279590-efff-4a57-bb9a-773fbc51db65
       sections: 65
       compilation: 2025-01-01
