[fetch] document_1: https://www.legislation.gov.au/C2004A05335/2020-10-01/2020-10-01/text/original/epub/OEBPS/document_1/document_1.html
[fetch] document_1: 109,051 bytes
[fetch] document_2: https://www.legislation.gov.au/C2004A05335/2020-10-01/2020-10-01/text/original/epub/OEBPS/document_2/document_2.html
[fetch] document_2 not found — stopping. Fetched 1 document(s).
[fetch] combined 1 document(s), 109,051 source bytes → 107,101 combined bytes
[citation] Commonwealth Places (Mirror Taxes) Act 1998 (Cth)
[parse] starting
[parser-diag] total <p> elements found: 447
[parser-diag] processed 447 <p> elements
[parser-diag] last section was added at element index: 281
[parse] sections: 35
[parse] compilation: date=2020-10-01 no=7
[parser-diag] state phase at end: ENDNOTES
[parser-diag] hierarchy stack depth at end: 2
[parser-diag] insideSchedule at end: true
[parse] by level:
         part         3
         section      25
         schedule     1
         schedule_clause 6
[db] inserted new legislation row: a2b278dc-e273-43fe-b796-6e100a626ce8
[db] inserting 35 sections (pass 1)
[db] inserted 35 sections
[db] linking parent FKs (pass 2)
[db] linked 31 parent references

[done] ingested Commonwealth Places (Mirror Taxes) Act 1998
       legislation_id: a2b278dc-e273-43fe-b796-6e100a626ce8
       sections: 35
       compilation: 2020-10-01
