[fetch] document_1: https://www.legislation.gov.au/C2004A00720/2000-10-26/2000-10-26/text/original/epub/OEBPS/document_1/document_1.html
[fetch] document_1: 13,597 bytes
[fetch] document_2: https://www.legislation.gov.au/C2004A00720/2000-10-26/2000-10-26/text/original/epub/OEBPS/document_2/document_2.html
[fetch] document_2 not found — stopping. Fetched 1 document(s).
[fetch] combined 1 document(s), 13,597 source bytes → 12,659 combined bytes
[citation] Commonwealth Electoral Legislation (Provision of Information) Act 2000 (Cth)
[parse] starting
[parser-diag] total <p> elements found: 75
[parser-unknown-class] "indenta", text="(a) the Electoral Commission has provided the information on a tape or disk to a person who, at t..."
[parser-unknown-class] "indenta", text="(b) the information was provided under an agreement entered into, on or before 9 May 2000, betwee..."
[parser-unknown-class] "indenta", text="(c) the information was provided by the Electoral Commission on or before 8 June 2000."
[parser-unknown-class] "indenta", text="(a) the information is taken to have been provided under paragraph 91(4A)(e) of the Commonwealth ..."
[parser-unknown-class] "indenta", text="(b) any use of the information by the person (or the relevant Agency or authority) on or before 3..."
[parser-unknown-class] "indenta", text="(c) any purposes prescribed, after 30 June 2000, for the purposes of paragraph 91A(2A)(c) of the ..."
[parser-unknown-class] "indenta", text="(a) the information can no longer be identified as having been supplied by the Electoral Commissi..."
[parser-unknown-class] "indenta", text="(b) the information cannot be removed without rendering the other information unusable;"
[parser-diag] processed 75 <p> elements
[parser-diag] last section was added at element index: 43
[parser-diag] state phase at end: BODY
[parser-diag] hierarchy stack depth at end: 1
[parser-diag] insideSchedule at end: false
[parse] sections: 3
[parse] compilation: date=(none) no=(none)
[parse] by level:
         section      3
[db] inserted new legislation row: a1f3b1f9-eaca-40ae-85a7-cc0215d1367a
[db] inserting 3 sections (pass 1)
[db] inserted 3 sections
[db] linking parent FKs (pass 2)
[db] linked 0 parent references

[done] ingested Commonwealth Electoral Legislation (Provision of Information) Act 2000
       legislation_id: a1f3b1f9-eaca-40ae-85a7-cc0215d1367a
       sections: 3
       compilation: 2000-10-26
