[fetch] document_1: https://www.legislation.gov.au/C2004A00435/2001-01-18/2001-01-18/text/original/epub/OEBPS/document_1/document_1.html
[fetch] document_1: 955,754 bytes
[fetch] document_2: https://www.legislation.gov.au/C2004A00435/2001-01-18/2001-01-18/text/original/epub/OEBPS/document_2/document_2.html
[fetch] document_2 not found — stopping. Fetched 1 document(s).
[fetch] combined 1 document(s), 955,754 source bytes → 953,971 combined bytes
[citation] Financial Sector Reform (Amendments and Transitional Provisions) Act (No. 1) 1999 (Cth)
[parse] starting
[parser-diag] total <p> elements found: 3685
[parser-diag] processed 3685 <p> elements
[parser-diag] last section was added at element index: -1
[parser-diag] state phase at end: PRE_BODY
[parser-diag] hierarchy stack depth at end: 0
[parser-diag] insideSchedule at end: false
[parse] sections: 0
[parse] compilation: date=(none) no=(none)
[parse] by level:
[db] inserted new legislation row: fb2768fc-49fa-46e3-b74d-38bc24fad766
[db] inserting 0 sections (pass 1)
[db] inserted 0 sections
[db] linking parent FKs (pass 2)
[db] linked 0 parent references

[done] ingested Financial Sector Reform (Amendments and Transitional Provisions) Act (No. 1) 1999
       legislation_id: fb2768fc-49fa-46e3-b74d-38bc24fad766
       sections: 0
       compilation: 2001-01-18
