[fetch] document_1: https://www.legislation.gov.au/C2004A04634/2003-06-26/2003-06-26/text/original/epub/OEBPS/document_1/document_1.html
[fetch] document_1: 41,162 bytes
[fetch] document_2: https://www.legislation.gov.au/C2004A04634/2003-06-26/2003-06-26/text/original/epub/OEBPS/document_2/document_2.html
[fetch] document_2 not found — stopping. Fetched 1 document(s).
[fetch] combined 1 document(s), 41,162 source bytes → 39,913 combined bytes
[citation] Superannuation (Financial Assistance Funding) Levy Act 1993 (Cth)
[parse] starting
[parser-diag] total <p> elements found: 142
[parser-diag] processed 142 <p> elements
[parser-diag] last section was added at element index: -1
[parser-diag] state phase at end: PRE_BODY
[parser-diag] hierarchy stack depth at end: 0
[parser-diag] insideSchedule at end: false
[parse] sections: 0
[parse] compilation: date=(none) no=(none)
[parse] by level:
[db] inserted new legislation row: 8db07596-e011-40a1-bf98-d529ba762791
[db] inserting 0 sections (pass 1)
[db] inserted 0 sections
[db] linking parent FKs (pass 2)
[db] linked 0 parent references

[done] ingested Superannuation (Financial Assistance Funding) Levy Act 1993
       legislation_id: 8db07596-e011-40a1-bf98-d529ba762791
       sections: 0
       compilation: 2003-06-26
