[fetch] document_1: https://www.legislation.gov.au/C2004A04055/1990-12-28/1990-12-28/text/original/epub/OEBPS/document_1/document_1.html
[fetch] document_1: 6,381 bytes
[fetch] document_2: https://www.legislation.gov.au/C2004A04055/1990-12-28/1990-12-28/text/original/epub/OEBPS/document_2/document_2.html
[fetch] document_2 not found — stopping. Fetched 1 document(s).
[fetch] combined 1 document(s), 6,381 source bytes → 5,327 combined bytes
[citation] Taxation (Interest on Non-resident Trust Distributions) Act 1990 (Cth)
[parse] starting
[parser-diag] total <p> elements found: 42
[parser-diag] processed 42 <p> elements
[parser-diag] last section was added at element index: -1
[parser-diag] state phase at end: PRE_BODY
[parser-diag] hierarchy stack depth at end: 0
[parser-diag] insideSchedule at end: false
[parse] sections: 0
[parse] compilation: date=(none) no=(none)
[parse] by level:
[db] inserted new legislation row: f1f08173-e3bd-4876-9706-bd49b03a7fbd
[db] inserting 0 sections (pass 1)
[db] inserted 0 sections
[db] linking parent FKs (pass 2)
[db] linked 0 parent references

[done] ingested Taxation (Interest on Non-resident Trust Distributions) Act 1990
       legislation_id: f1f08173-e3bd-4876-9706-bd49b03a7fbd
       sections: 0
       compilation: 1990-12-28
