[fetch] document_1: https://www.legislation.gov.au/C2004A00452/2026-04-01/2026-04-01/text/original/epub/OEBPS/document_1/document_1.html
[fetch] document_1: 523,468 bytes
[fetch] document_2: https://www.legislation.gov.au/C2004A00452/2026-04-01/2026-04-01/text/original/epub/OEBPS/document_2/document_2.html
[fetch] document_2 not found — stopping. Fetched 1 document(s).
[fetch] combined 1 document(s), 523,468 source bytes → 518,109 combined bytes
[citation] A New Tax System (Wine Equalisation Tax) Act 1999 (Cth)
[parse] starting
[parser-diag] total <p> elements found: 1842
[parser-diag] processed 1842 <p> elements
[parser-diag] last section was added at element index: 1130
[parser-diag] state phase at end: ENDNOTES
[parser-diag] hierarchy stack depth at end: 3
[parser-diag] insideSchedule at end: false
[parse] sections: 141
[parse] compilation: date=2026-04-01 no=32
[parse] by level:
         part         7
         division     17
         section      108
         subdivision  9
[db] inserted new legislation row: 2d58089c-79ba-4a93-8fe8-70d11fe1e4f7
[db] inserting 141 sections (pass 1)
[db] inserted 141 sections
[db] linking parent FKs (pass 2)
[db] linked 134 parent references

[done] ingested A New Tax System (Wine Equalisation Tax) Act 1999
       legislation_id: 2d58089c-79ba-4a93-8fe8-70d11fe1e4f7
       sections: 141
       compilation: 2026-04-01
