[fetch] document_1: https://www.legislation.gov.au/C2004A04525/2025-02-21/2025-02-21/text/original/epub/OEBPS/document_1/document_1.html
[fetch] document_1: 691,726 bytes
[fetch] document_2: https://www.legislation.gov.au/C2004A04525/2025-02-21/2025-02-21/text/original/epub/OEBPS/document_2/document_2.html
[fetch] document_2 not found — stopping. Fetched 1 document(s).
[fetch] combined 1 document(s), 691,726 source bytes → 689,162 combined bytes
[citation] Seafarers Rehabilitation and Compensation Act 1992 (Cth)
[parse] starting
[parser-diag] total <p> elements found: 2436
[parser-diag] processed 2436 <p> elements
[parser-diag] last section was added at element index: 1834
[parser-diag] state phase at end: ENDNOTES
[parser-diag] hierarchy stack depth at end: 2
[parser-diag] insideSchedule at end: false
[parse] sections: 171
[parse] compilation: date=2025-02-21 no=34
[parse] by level:
         part         9
         division     18
         section      144
[db] inserted new legislation row: 0f6f6a12-0c52-498c-a13f-bfa0952d68f8
[db] inserting 171 sections (pass 1)
[db] inserted 171 sections
[db] linking parent FKs (pass 2)
[db] linked 162 parent references

[done] ingested Seafarers Rehabilitation and Compensation Act 1992
       legislation_id: 0f6f6a12-0c52-498c-a13f-bfa0952d68f8
       sections: 171
       compilation: 2025-02-21
