[fetch] document_1: https://www.legislation.gov.au/C2004A04148/1991-06-25/1991-06-25/text/original/epub/OEBPS/document_1/document_1.html
[fetch] document_1: 744,819 bytes
[fetch] document_2: https://www.legislation.gov.au/C2004A04148/1991-06-25/1991-06-25/text/original/epub/OEBPS/document_2/document_2.html
[fetch] document_2 not found — stopping. Fetched 1 document(s).
[fetch] combined 1 document(s), 744,819 source bytes → 744,229 combined bytes
[citation] Veterans' Entitlements (Rewrite) Transition Act 1991 (Cth)
[parse] starting
[parser-diag] total <p> elements found: 2781
[parser-diag] processed 2781 <p> elements
[parser-diag] last section was added at element index: -1
[parser-diag] state phase at end: PRE_BODY
[parser-diag] hierarchy stack depth at end: 0
[parser-diag] insideSchedule at end: false
[parse] sections: 0
[parse] compilation: date=(none) no=(none)
[parse] by level:
[db] inserted new legislation row: fd756f38-5551-45f3-b7bd-ac8a9a684dcf
[db] inserting 0 sections (pass 1)
[db] inserted 0 sections
[db] linking parent FKs (pass 2)
[db] linked 0 parent references

[done] ingested Veterans' Entitlements (Rewrite) Transition Act 1991
       legislation_id: fd756f38-5551-45f3-b7bd-ac8a9a684dcf
       sections: 0
       compilation: 1991-06-25
