[fetch] document_1: https://www.legislation.gov.au/C2004A02723/2022-02-18/2022-02-18/text/original/epub/OEBPS/document_1/document_1.html
[fetch] document_1: 421,303 bytes
[fetch] document_2: https://www.legislation.gov.au/C2004A02723/2022-02-18/2022-02-18/text/original/epub/OEBPS/document_2/document_2.html
[fetch] document_2 not found — stopping. Fetched 1 document(s).
[fetch] combined 1 document(s), 421,303 source bytes → 418,638 combined bytes
[citation] Australian Broadcasting Corporation Act 1983 (Cth)
[parse] starting
[parser-diag] total <p> elements found: 1607
[parser-diag] processed 1607 <p> elements
[parser-diag] last section was added at element index: 926
[parser-diag] state phase at end: ENDNOTES
[parse] sections: 95
[parse] compilation: date=2022-02-18 no=30
[parse] by level:
         part         9
         section      82
         division     4
[parser-diag] hierarchy stack depth at end: 2
[parser-diag] insideSchedule at end: false
[db] inserted new legislation row: e9420faf-1b15-4370-9aba-fdc37dab900d
[db] inserting 95 sections (pass 1)
[db] inserted 95 sections
[db] linking parent FKs (pass 2)
[db] linked 86 parent references

[done] ingested Australian Broadcasting Corporation Act 1983
       legislation_id: e9420faf-1b15-4370-9aba-fdc37dab900d
       sections: 95
       compilation: 2022-02-18
