[fetch] document_1: https://www.legislation.gov.au/C2004A00574/2024-10-14/2024-10-14/text/original/epub/OEBPS/document_1/document_1.html
[fetch] document_1: 232,726 bytes
[fetch] document_2: https://www.legislation.gov.au/C2004A00574/2024-10-14/2024-10-14/text/original/epub/OEBPS/document_2/document_2.html
[fetch] document_2 not found — stopping. Fetched 1 document(s).
[fetch] combined 1 document(s), 232,726 source bytes → 230,820 combined bytes
[citation] Tradex Scheme Act 1999 (Cth)
[parse] starting
[parser-diag] total <p> elements found: 894
[parser-diag] processed 894 <p> elements
[parser-diag] last section was added at element index: 675
[parser-diag] state phase at end: ENDNOTES
[parser-diag] hierarchy stack depth at end: 2
[parser-diag] insideSchedule at end: false
[parse] sections: 65
[parse] compilation: date=2024-10-14 no=13
[parse] by level:
         part         11
         section      54
[db] inserted new legislation row: b5abc1d2-5050-43ea-a3d3-f032c3dcdd28
[db] inserting 65 sections (pass 1)
[db] inserted 65 sections
[db] linking parent FKs (pass 2)
[db] linked 54 parent references

[done] ingested Tradex Scheme Act 1999
       legislation_id: b5abc1d2-5050-43ea-a3d3-f032c3dcdd28
       sections: 65
       compilation: 2024-10-14
