[fetch] document_1: https://www.legislation.gov.au/C2004A04779/2014-07-01/2014-07-01/text/original/epub/OEBPS/document_1/document_1.html
[fetch] document_1: 110,714 bytes
[fetch] document_2: https://www.legislation.gov.au/C2004A04779/2014-07-01/2014-07-01/text/original/epub/OEBPS/document_2/document_2.html
[fetch] document_2 not found — stopping. Fetched 1 document(s).
[fetch] combined 1 document(s), 110,714 source bytes → 109,127 combined bytes
[citation] Financial Agreement Act 1994 (Cth)
[parse] starting
[parser-diag] total <p> elements found: 404
[parser-unknown-class] "ENotesText", text="(5) There shall be paid by the Commonwealth into the accounts in the Debt Retirement Reserve Trus..."
[parser-diag] processed 404 <p> elements
[parser-diag] last section was added at element index: 69
[parser-diag] state phase at end: ENDNOTES
[parser-diag] hierarchy stack depth at end: 1
[parser-diag] insideSchedule at end: true
[parse] sections: 9
[parse] compilation: date=(none) no=(none)
[parse] by level:
         section      8
         schedule     1
[db] inserted new legislation row: d1ce4a1a-2041-4ad4-a734-e60719d387cc
[db] inserting 9 sections (pass 1)
[db] inserted 9 sections
[db] linking parent FKs (pass 2)
[db] linked 0 parent references

[done] ingested Financial Agreement Act 1994
       legislation_id: d1ce4a1a-2041-4ad4-a734-e60719d387cc
       sections: 9
       compilation: 2014-07-01
