[fetch] document_1: https://www.legislation.gov.au/C2004A00412/2025-03-28/2025-03-28/text/original/epub/OEBPS/document_1/document_1.html
[fetch] document_1: 152,983 bytes
[fetch] document_2: https://www.legislation.gov.au/C2004A00412/2025-03-28/2025-03-28/text/original/epub/OEBPS/document_2/document_2.html
[fetch] document_2 not found — stopping. Fetched 1 document(s).
[fetch] combined 1 document(s), 152,983 source bytes → 150,980 combined bytes
[citation] A New Tax System (Medicare Levy Surcharge—Fringe Benefits) Act 1999 (Cth)
[parse] starting
[parser-diag] total <p> elements found: 597
[parser-diag] processed 597 <p> elements
[parser-diag] last section was added at element index: 189
[parser-diag] state phase at end: ENDNOTES
[parser-diag] hierarchy stack depth at end: 3
[parser-diag] insideSchedule at end: false
[parse] sections: 23
[parse] compilation: date=2025-03-28 no=41
[parse] by level:
         part         3
         section      16
         division     4
[db] inserted new legislation row: 6e560161-513c-49ec-89c7-502aa4409657
[db] inserting 23 sections (pass 1)
[db] inserted 23 sections
[db] linking parent FKs (pass 2)
[db] linked 20 parent references

[done] ingested A New Tax System (Medicare Levy Surcharge—Fringe Benefits) Act 1999
       legislation_id: 6e560161-513c-49ec-89c7-502aa4409657
       sections: 23
       compilation: 2025-03-28
