[fetch] document_1: https://www.legislation.gov.au/C2004A00557/2013-06-28/2013-06-28/text/original/epub/OEBPS/document_1/document_1.html
[fetch] document_1: 19,534 bytes
[fetch] document_2: https://www.legislation.gov.au/C2004A00557/2013-06-28/2013-06-28/text/original/epub/OEBPS/document_2/document_2.html
[fetch] document_2 not found — stopping. Fetched 1 document(s).
[fetch] combined 1 document(s), 19,534 source bytes → 17,795 combined bytes
[citation] New Business Tax System (Former Subsidiary Tax Imposition) Act 1999 (Cth)
[parse] starting
[parser-diag] total <p> elements found: 85
[parser-diag] processed 85 <p> elements
[parser-diag] last section was added at element index: 40
[parser-diag] state phase at end: ENDNOTES
[parser-diag] hierarchy stack depth at end: 1
[parser-diag] insideSchedule at end: false
[parse] sections: 4
[parse] compilation: date=(none) no=(none)
[parse] by level:
         section      4
[db] inserted new legislation row: 936b02eb-e966-44b3-9cea-54a489bba64c
[db] inserting 4 sections (pass 1)
[db] inserted 4 sections
[db] linking parent FKs (pass 2)
[db] linked 0 parent references

[done] ingested New Business Tax System (Former Subsidiary Tax Imposition) Act 1999
       legislation_id: 936b02eb-e966-44b3-9cea-54a489bba64c
       sections: 4
       compilation: 2013-06-28
