[fetch] document_1: https://www.legislation.gov.au/C2004A04984/2024-10-14/2024-10-14/text/original/epub/OEBPS/document_1/document_1.html
[fetch] document_1: 140,990 bytes
[fetch] document_2: https://www.legislation.gov.au/C2004A04984/2024-10-14/2024-10-14/text/original/epub/OEBPS/document_2/document_2.html
[fetch] document_2 not found — stopping. Fetched 1 document(s).
[fetch] combined 1 document(s), 140,990 source bytes → 138,724 combined bytes
[citation] Sydney Airport Curfew Act 1995 (Cth)
[parse] starting
[parser-diag] total <p> elements found: 555
[parser-diag] processed 555 <p> elements
[parser-diag] last section was added at element index: 372
[parser-diag] state phase at end: ENDNOTES
[parser-diag] hierarchy stack depth at end: 2
[parser-diag] insideSchedule at end: true
[parse] sections: 45
[parse] compilation: date=2024-10-14 no=9
[parse] by level:
         part         6
         section      27
         division     4
         schedule     1
         schedule_clause 7
[db] inserted new legislation row: 96936a8f-64ae-413e-a381-582b20eef042
[db] inserting 45 sections (pass 1)
[db] inserted 45 sections
[db] linking parent FKs (pass 2)
[db] linked 38 parent references

[done] ingested Sydney Airport Curfew Act 1995
       legislation_id: 96936a8f-64ae-413e-a381-582b20eef042
       sections: 45
       compilation: 2024-10-14
