[fetch] document_1: https://www.legislation.gov.au/C2004A03280/2025-04-01/2025-04-01/text/original/epub/OEBPS/document_1/document_1.html
[fetch] document_1: 993,559 bytes
[fetch] document_2: https://www.legislation.gov.au/C2004A03280/2025-04-01/2025-04-01/text/original/epub/OEBPS/document_2/document_2.html
[fetch] document_2: 1,244,736 bytes
[fetch] document_3: https://www.legislation.gov.au/C2004A03280/2025-04-01/2025-04-01/text/original/epub/OEBPS/document_3/document_3.html
[fetch] document_3 not found — stopping. Fetched 2 document(s).
[fetch] combined 2 document(s), 2,238,295 source bytes → 2,229,390 combined bytes
[citation] Fringe Benefits Tax Assessment Act 1986 (Cth)
[parse] starting
[parser-diag] total <p> elements found: 7779
[parser-unknown-class] "BoxStep", text="Step 1. For each employee, add:"
[parser-unknown-class] "BoxStep", text="The result is the individual grossed‑up non‑exempt amount for the employee."
[parser-unknown-class] "BoxStep", text="Step 2. If:"
[parser-unknown-class] "BoxStep", text="subtract $17,000 from the individual grossed‑up non‑exempt amount for each employee of the employ..."
[parser-unknown-class] "BoxStep", text="Step 3. If step 2 does not apply in respect of one or more employees of the employer, reduce the ..."
[parser-unknown-class] "BoxStep", text="Step 4. If the amount calculated under step 2 or 3 in respect of an employee is positive, reduce ..."
[parser-unknown-class] "BoxStep", text="Step 5. Add together the amounts calculated under step 4 in relation to the employees of the empl..."
[parser-unknown-class] "BoxStep", text="Step 1. Work out under subsection 135Q(3) for each of the employer’s employees the amount that wo..."
[parser-unknown-class] "BoxStep", text="Step 2. Identify the benefits taken into account in step 1 that are GST‑creditable benefits (see ..."
[parser-unknown-class] "BoxStep", text="Step 3. So much of the amount worked out under step 1 that relates to the benefits identified und..."
[parser-unknown-class] "BoxStep", text="Step 4. The remainder of the amount is the step 4 of subsection (1K) amount for the individual."
[parser-unknown-class] "BoxStep", text="Step 1. Work out for each employee his or her share (if any) of the amounts that, if section 57A ..."
[parser-unknown-class] "BoxStep", text="Step 2. Identify the benefits taken into account in step 1 that are GST‑creditable benefits (see ..."
[parser-unknown-class] "BoxStep", text="Step 3. So much of the amount worked out under step 1 that relates to the benefits identified und..."
[parser-unknown-class] "BoxStep", text="Step 4. The remainder of the amount is the step 4 of subsection (1L) amount for the individual."
[parser-unknown-class] "BoxStep", text="Step 1. Work out under Division 3 for each of the employer’s employees the individual fringe bene..."
[parser-unknown-class] "BoxStep", text="Step 2. Add up all the individual fringe benefits amounts worked out under Step 1."
[parser-unknown-class] "BoxStep", text="Step 3. Add up the taxable value of every excluded fringe benefit (other than an amortised fringe..."
[parser-unknown-class] "BoxNote", text="Note: Subsection 5E(3) explains what is an excluded fringe benefit."
[parser-unknown-class] "BoxStep", text="Step 4. Add the total from Step 2 to the total from Step 3."
[parser-unknown-class] "BoxNote", text="Note: The result of Step 4 is the employer’s aggregate fringe benefits amount if there are no amo..."
[parser-unknown-class] "BoxStep", text="Step 5. Add to the total from Step 4 the amortised amount for the year of tax of each amortised f..."
[parser-unknown-class] "BoxStep", text="Step 6. Subtract from the total from Step 5 the reduction amount for the year of tax of each redu..."
[parser-unknown-class] "BoxStep", text="Step 1. Identify the fringe benefits in respect of each of the employer’s employees that are GST‑..."
[parser-unknown-class] "BoxStep", text="Step 2. Add up all the individual fringe benefits amounts worked out under step 1."
[parser-unknown-class] "BoxStep", text="Step 3. Identify the excluded fringe benefits (other than an amortised fringe benefit) for the ye..."
[parser-unknown-class] "BoxNote", text="Note 1: Subsection 5E(3) explains what is an excluded fringe benefit."
[parser-unknown-class] "BoxNote", text="Note 2: Section 149A explains what is a GST‑creditable benefit."
[parser-unknown-class] "BoxStep", text="Step 4. Add the total from step 2 to the total from step 3."
[parser-unknown-class] "BoxNote", text="Note: The result of step 4 is the employer’s type 1 aggregate fringe benefits amount if there are..."
[parser-unknown-class] "BoxStep", text="Step 5. Add to the total from step 4 the amortised amount for the year of tax of each amortised f..."
[parser-unknown-class] "BoxNote", text="Note: Section 65CA explains what is an amortised fringe benefit."
[parser-unknown-class] "BoxStep", text="Step 1. Identify, in respect of each of the employer’s employees, the fringe benefits that are no..."
[parser-unknown-class] "BoxStep", text="Step 2. Add up all the individual fringe benefits amounts worked out under step 1."
[parser-unknown-class] "BoxStep", text="Step 3. Identify, in respect of each of the employer’s employees, the excluded fringe benefits (o..."
[parser-unknown-class] "BoxNote", text="Note: Subsection 5E(3) explains what is an excluded fringe benefit."
[parser-unknown-class] "BoxStep", text="Step 4. Add the total from step 2 to the total from step 3."
[parser-unknown-class] "BoxNote", text="Note: The result of step 4 is the employer’s type 2 aggregate fringe benefits amount if there are..."
[parser-unknown-class] "BoxStep", text="Step 5. Add to the total from step 4 the amortised amount for the year of tax of each amortised f..."
[parser-unknown-class] "BoxNote", text="Note 1: The result of step 5 is the employer’s type 2 aggregate fringe benefits amount if there a..."
[parser-unknown-class] "BoxNote", text="Note 2: Section 65CA explains what is an amortised fringe benefit."
[parser-unknown-class] "BoxStep", text="Step 6. Subtract from the total from step 5 the reduction amount for the year of tax of each redu..."
[parser-unknown-class] "BoxStep", text="Step 1. For each employee, add:"
[parser-unknown-class] "BoxStep", text="The result is the individual grossed‑up non‑rebatable amount for the employee."
[parser-unknown-class] "BoxStep", text="Step 2. Reduce the individual grossed‑up non‑rebatable amount for each employee of the employer b..."
[parser-unknown-class] "BoxStep", text="Step 2A. If the amount calculated under step 2 in relation to an employee is positive, reduce tha..."
[parser-unknown-class] "BoxStep", text="Step 3. Add up the results of step 2A for all the employer’s employees."
[parser-unknown-class] "BoxStep", text="Step 4. Multiply the sum from step 3 by the FBT rate. The result is the employer’s aggregate non‑..."
[parser-unknown-class] "BoxStep", text="Step 1. Work out under section 5E for each of the employer’s employees the employee’s individual ..."
[parser-unknown-class] "BoxStep", text="Step 2. Identify the benefits taken into account in step 1 that are GST‑creditable benefits (see ..."
[parser-unknown-class] "BoxStep", text="Step 3. So much of the amount worked out under step 1 that relates to the benefits identified und..."
[parser-unknown-class] "BoxStep", text="Step 4. The remainder of the amount is the step 4 of subsection (2G) amount for the individual."
[parser-unknown-class] "BoxStep", text="Step 1. Work out for each employee his or her share (if any) of the taxable values of the exclude..."
[parser-unknown-class] "BoxStep", text="Step 2. Identify the benefits taken into account in step 1 that are GST‑creditable benefits (see ..."
[parser-unknown-class] "BoxStep", text="Step 3. So much of the amount worked out under step 1 that relates to the benefits identified und..."
[parser-unknown-class] "BoxStep", text="Step 4. The remainder of the amount is the step 4 of subsection (2H) amount for the individual."
[parser-diag] processed 7779 <p> elements
[parser-diag] last section was added at element index: 5633
[parser-diag] state phase at end: ENDNOTES
[parse] sections: 369
[parse] compilation: date=2025-04-01 no=96
[parser-diag] hierarchy stack depth at end: 1
[parser-diag] insideSchedule at end: true
[parse] by level:
         part         16
         section      294
         division     28
         subdivision  30
         schedule     1
[db] inserted new legislation row: 1283ab52-e17c-419f-a80c-d139a73a1089
[db] inserting 369 sections (pass 1)
[db] inserted 369 sections
[db] linking parent FKs (pass 2)
[db] linked 352 parent references

[done] ingested Fringe Benefits Tax Assessment Act 1986
       legislation_id: 1283ab52-e17c-419f-a80c-d139a73a1089
       sections: 369
       compilation: 2025-04-01
