[fetch] document_1: https://www.legislation.gov.au/C2004A00722/2018-06-19/2018-06-19/text/original/epub/OEBPS/document_1/document_1.html
[fetch] document_1: 37,460 bytes
[fetch] document_2: https://www.legislation.gov.au/C2004A00722/2018-06-19/2018-06-19/text/original/epub/OEBPS/document_2/document_2.html
[fetch] document_2 not found — stopping. Fetched 1 document(s).
[fetch] combined 1 document(s), 37,460 source bytes → 35,470 combined bytes
[citation] Renewable Energy (Electricity) (Large-scale Generation Shortfall Charge) Act 2000 (Cth)
[parse] starting
[parser-diag] total <p> elements found: 176
[parser-diag] processed 176 <p> elements
[parser-diag] last section was added at element index: 52
[parser-diag] state phase at end: ENDNOTES
[parser-diag] hierarchy stack depth at end: 1
[parser-diag] insideSchedule at end: false
[parse] sections: 7
[parse] compilation: date=2018-06-19 no=5
[parse] by level:
         section      7
[db] inserted new legislation row: 8f09b64a-bed1-4a5d-90a0-e678727eb63a
[db] inserting 7 sections (pass 1)
[db] inserted 7 sections
[db] linking parent FKs (pass 2)
[db] linked 0 parent references

[done] ingested Renewable Energy (Electricity) (Large-scale Generation Shortfall Charge) Act 2000
       legislation_id: 8f09b64a-bed1-4a5d-90a0-e678727eb63a
       sections: 7
       compilation: 2018-06-19
