[fetch] document_1: https://www.legislation.gov.au/C2008A00041/2025-12-05/2025-12-05/text/original/epub/OEBPS/document_1/document_1.html
[fetch] document_1: 419,755 bytes
[fetch] document_2: https://www.legislation.gov.au/C2008A00041/2025-12-05/2025-12-05/text/original/epub/OEBPS/document_2/document_2.html
[fetch] document_2 not found — stopping. Fetched 1 document(s).
[fetch] combined 1 document(s), 419,755 source bytes → 417,864 combined bytes
[citation] Dental Benefits Act 2008 (Cth)
[parse] starting
[parser-diag] total <p> elements found: 1609
[parser-diag] processed 1609 <p> elements
[parser-diag] last section was added at element index: 1242
[parser-diag] state phase at end: ENDNOTES
[parser-diag] hierarchy stack depth at end: 2
[parser-diag] insideSchedule at end: false
[parse] sections: 119
[parse] compilation: date=2025-12-05 no=15
[parse] by level:
         part         9
         section      96
         division     14
[db] inserted new legislation row: e9233971-a216-417a-b013-12523448cbdd
[db] inserting 119 sections (pass 1)
[db] inserted 119 sections
[db] linking parent FKs (pass 2)
[db] linked 110 parent references

[done] ingested Dental Benefits Act 2008
       legislation_id: e9233971-a216-417a-b013-12523448cbdd
       sections: 119
       compilation: 2025-12-05
