[fetch] document_1: https://www.legislation.gov.au/C2004A00738/2025-01-01/2025-01-01/text/original/epub/OEBPS/document_1/document_1.html
[fetch] document_1: 127,102 bytes
[fetch] document_2: https://www.legislation.gov.au/C2004A00738/2025-01-01/2025-01-01/text/original/epub/OEBPS/document_2/document_2.html
[fetch] document_2 not found — stopping. Fetched 1 document(s).
[fetch] combined 1 document(s), 127,102 source bytes → 125,142 combined bytes
[citation] Wool Services Privatisation Act 2000 (Cth)
[parse] starting
[parser-diag] total <p> elements found: 522
[parser-unknown-class] "ActHead6", text="Schedule 1—Transitional and savings"
[parser-unknown-class] "ActHead7", text="Part 2—Transitional and savings"
[parser-unknown-class] "ItemHead", text="9  Continuation of agreements etc."
[parser-unknown-class] "Subitem", text="(1) The repeal of the Australian Wool Research and Promotion Organisation Act 1993 at the convers..."
[parser-unknown-class] "Subitem", text="(2) This item is enacted for the avoidance of doubt."
[parser-unknown-class] "ItemHead", text="10  Final annual report for the Organisation"
[parser-unknown-class] "Subitem", text="(1) For the final reporting period, the directors of HoldCo must, in relation to the Organisation..."
[parser-unknown-class] "Subitem", text="(2) For the purposes of this item, the final reporting period is to be treated as a financial year."
[parser-unknown-class] "Subitem", text="(3) In this item:"
[parser-diag] processed 522 <p> elements
[parser-diag] last section was added at element index: 326
[parser-diag] state phase at end: ENDNOTES
[parser-diag] hierarchy stack depth at end: 3
[parser-diag] insideSchedule at end: false
[parse] sections: 45
[parse] compilation: date=2025-01-01 no=9
[parse] by level:
         part         2
         section      36
         division     7
[db] inserted new legislation row: 24c05faa-9a32-4a93-9a14-988a9441de92
[db] inserting 45 sections (pass 1)
[db] inserted 45 sections
[db] linking parent FKs (pass 2)
[db] linked 43 parent references

[done] ingested Wool Services Privatisation Act 2000
       legislation_id: 24c05faa-9a32-4a93-9a14-988a9441de92
       sections: 45
       compilation: 2025-01-01
