[fetch] document_1: https://www.legislation.gov.au/C2004A02654/1982-10-06/1982-10-06/text/original/epub/OEBPS/document_1/document_1.html
[fetch] document_1: 9,841 bytes
[fetch] document_2: https://www.legislation.gov.au/C2004A02654/1982-10-06/1982-10-06/text/original/epub/OEBPS/document_2/document_2.html
[fetch] document_2 not found — stopping. Fetched 1 document(s).
[fetch] combined 1 document(s), 9,841 source bytes → 8,753 combined bytes
[citation] Air Navigation Legislation (Validation and Interpretation) Act 1982 (Cth)
[parse] starting
[parser-diag] total <p> elements found: 42
[parser-diag] processed 42 <p> elements
[parser-diag] last section was added at element index: -1
[parser-diag] state phase at end: PRE_BODY
[parser-diag] hierarchy stack depth at end: 0
[parser-diag] insideSchedule at end: false
[parse] sections: 0
[parse] compilation: date=(none) no=(none)
[parse] by level:
[db] inserted new legislation row: ad43a181-c846-40c3-95d1-769393c73ccf
[db] inserting 0 sections (pass 1)
[db] inserted 0 sections
[db] linking parent FKs (pass 2)
[db] linked 0 parent references

[done] ingested Air Navigation Legislation (Validation and Interpretation) Act 1982
       legislation_id: ad43a181-c846-40c3-95d1-769393c73ccf
       sections: 0
       compilation: 1982-10-06
