[fetch] document_1: https://www.legislation.gov.au/C2005A00080/2022-09-28/2022-09-28/text/original/epub/OEBPS/document_1/document_1.html
[fetch] document_1: 233,684 bytes
[fetch] document_2: https://www.legislation.gov.au/C2005A00080/2022-09-28/2022-09-28/text/original/epub/OEBPS/document_2/document_2.html
[fetch] document_2 not found — stopping. Fetched 1 document(s).
[fetch] combined 1 document(s), 233,684 source bytes → 231,522 combined bytes
[citation] Superannuation Act 2005 (Cth)
[parse] starting
[parser-diag] total <p> elements found: 886
[parser-diag] processed 886 <p> elements
[parser-diag] last section was added at element index: 590
[parser-diag] state phase at end: ENDNOTES
[parser-diag] hierarchy stack depth at end: 2
[parser-diag] insideSchedule at end: false
[parse] sections: 44
[parse] compilation: date=2022-09-28 no=17
[parse] by level:
         part         6
         section      34
         division     4
[db] inserted new legislation row: 7ba5faea-ecd7-4a1c-9a07-495b00273095
[db] inserting 44 sections (pass 1)
[db] inserted 44 sections
[db] linking parent FKs (pass 2)
[db] linked 38 parent references

[done] ingested Superannuation Act 2005
       legislation_id: 7ba5faea-ecd7-4a1c-9a07-495b00273095
       sections: 44
       compilation: 2022-09-28
