[fetch] document_1: https://www.legislation.gov.au/C2004A02012/2007-03-15/2007-03-15/text/original/epub/OEBPS/document_1/document_1.html
[fetch] document_1: 20,043 bytes
[fetch] document_2: https://www.legislation.gov.au/C2004A02012/2007-03-15/2007-03-15/text/original/epub/OEBPS/document_2/document_2.html
[fetch] document_2 not found — stopping. Fetched 1 document(s).
[fetch] combined 1 document(s), 20,043 source bytes → 18,946 combined bytes
[citation] Commonwealth Authorities (Northern Territory Pay-roll Tax) Act 1979 (Cth)
[parse] starting
[parser-diag] total <p> elements found: 69
[parser-diag] processed 69 <p> elements
[parser-diag] last section was added at element index: 31
[parser-diag] state phase at end: BODY
[parser-diag] hierarchy stack depth at end: 1
[parser-diag] insideSchedule at end: false
[parse] sections: 4
[parse] compilation: date=(none) no=(none)
[parse] by level:
         section      4
[db] inserted new legislation row: 77dfbf98-0a0c-423f-8392-3da5e0f1006a
[db] inserting 4 sections (pass 1)
[db] inserted 4 sections
[db] linking parent FKs (pass 2)
[db] linked 0 parent references

[done] ingested Commonwealth Authorities (Northern Territory Pay-roll Tax) Act 1979
       legislation_id: 77dfbf98-0a0c-423f-8392-3da5e0f1006a
       sections: 4
       compilation: 2007-03-15
