[fetch] document_1: https://www.legislation.gov.au/C2004A04206/2014-07-01/2014-07-01/text/original/epub/OEBPS/document_1/document_1.html
[fetch] document_1: 229,569 bytes
[fetch] document_2: https://www.legislation.gov.au/C2004A04206/2014-07-01/2014-07-01/text/original/epub/OEBPS/document_2/document_2.html
[fetch] document_2 not found — stopping. Fetched 1 document(s).
[fetch] combined 1 document(s), 229,569 source bytes → 227,581 combined bytes
[citation] Australian National University Act 1991 (Cth)
[parse] starting
[parser-diag] total <p> elements found: 897
[parser-diag] processed 897 <p> elements
[parser-diag] last section was added at element index: 562
[parse] sections: 67
[parse] compilation: date=(none) no=(none)
[parse] by level:
         part         5
         section      51
         division     11
[parser-diag] state phase at end: ENDNOTES
[parser-diag] hierarchy stack depth at end: 3
[parser-diag] insideSchedule at end: false
[db] inserted new legislation row: 367f7f53-3d4c-4577-941c-c1cba5873153
[db] inserting 67 sections (pass 1)
[db] inserted 67 sections
[db] linking parent FKs (pass 2)
[db] linked 62 parent references

[done] ingested Australian National University Act 1991
       legislation_id: 367f7f53-3d4c-4577-941c-c1cba5873153
       sections: 67
       compilation: 2014-07-01
