[fetch] document_1: https://www.legislation.gov.au/C2004A01166/2024-07-06/2024-07-06/text/original/epub/OEBPS/document_1/document_1.html
[fetch] document_1: 161,778 bytes
[fetch] document_2: https://www.legislation.gov.au/C2004A01166/2024-07-06/2024-07-06/text/original/epub/OEBPS/document_2/document_2.html
[fetch] document_2 not found — stopping. Fetched 1 document(s).
[fetch] combined 1 document(s), 161,778 source bytes → 159,886 combined bytes
[citation] National Transport Commission Act 2003 (Cth)
[parse] starting
[parser-diag] total <p> elements found: 653
[parser-diag] processed 653 <p> elements
[parser-diag] last section was added at element index: 428
[parser-diag] state phase at end: ENDNOTES
[parser-diag] hierarchy stack depth at end: 2
[parser-diag] insideSchedule at end: false
[parse] sections: 63
[parse] compilation: date=2024-07-06 no=8
[parse] by level:
         part         7
         section      50
         division     6
[db] inserted new legislation row: c535ff0f-ae79-4053-b14b-579e000f1542
[db] inserting 63 sections (pass 1)
[db] inserted 63 sections
[db] linking parent FKs (pass 2)
[db] linked 56 parent references

[done] ingested National Transport Commission Act 2003
       legislation_id: c535ff0f-ae79-4053-b14b-579e000f1542
       sections: 63
       compilation: 2024-07-06
