[fetch] document_1: https://www.legislation.gov.au/C2004A00745/2014-10-17/2014-10-17/text/original/epub/OEBPS/document_1/document_1.html
[fetch] document_1: 117,482 bytes
[fetch] document_2: https://www.legislation.gov.au/C2004A00745/2014-10-17/2014-10-17/text/original/epub/OEBPS/document_2/document_2.html
[fetch] document_2 not found — stopping. Fetched 1 document(s).
[fetch] combined 1 document(s), 117,482 source bytes → 115,855 combined bytes
[citation] Indigenous Education (Targeted Assistance) Act 2000 (Cth)
[parse] starting
[parser-diag] total <p> elements found: 535
[parser-diag] processed 535 <p> elements
[parser-diag] last section was added at element index: 251
[parser-diag] state phase at end: ENDNOTES
[parser-diag] hierarchy stack depth at end: 2
[parser-diag] insideSchedule at end: false
[parse] sections: 32
[parse] compilation: date=(none) no=(none)
[parse] by level:
         part         5
         section      21
         division     3
         subdivision  3
[db] inserted new legislation row: 33646e66-e101-47a1-af70-759c5bcac513
[db] inserting 32 sections (pass 1)
[db] inserted 32 sections
[db] linking parent FKs (pass 2)
[db] linked 27 parent references

[done] ingested Indigenous Education (Targeted Assistance) Act 2000
       legislation_id: 33646e66-e101-47a1-af70-759c5bcac513
       sections: 32
       compilation: 2014-10-17
