[fetch] document_1: https://www.legislation.gov.au/C2004A02028/1979-03-28/1979-03-28/text/original/epub/OEBPS/document_1/document_1.html
[fetch] document_1: 291,236 bytes
[fetch] document_2: https://www.legislation.gov.au/C2004A02028/1979-03-28/1979-03-28/text/original/epub/OEBPS/document_2/document_2.html
[fetch] document_2 not found — stopping. Fetched 1 document(s).
[fetch] combined 1 document(s), 291,236 source bytes → 290,153 combined bytes
[citation] Repatriation Acts Amendment Act 1979 (Cth)
[parse] starting
[parser-diag] total <p> elements found: 727
[parser-diag] processed 727 <p> elements
[parser-diag] last section was added at element index: -1
[parser-diag] state phase at end: PRE_BODY
[parser-diag] hierarchy stack depth at end: 0
[parser-diag] insideSchedule at end: false
[parse] sections: 0
[parse] compilation: date=(none) no=(none)
[parse] by level:
[db] inserted new legislation row: 041dd1f1-e98f-473b-a68e-881779674a40
[db] inserting 0 sections (pass 1)
[db] inserted 0 sections
[db] linking parent FKs (pass 2)
[db] linked 0 parent references

[done] ingested Repatriation Acts Amendment Act 1979
       legislation_id: 041dd1f1-e98f-473b-a68e-881779674a40
       sections: 0
       compilation: 1979-03-28
