[fetch] document_1: https://www.legislation.gov.au/C2004A00275/2025-06-10/2025-06-10/text/original/epub/OEBPS/document_1/document_1.html
[fetch] document_1: 1,625,428 bytes
[fetch] document_2: https://www.legislation.gov.au/C2004A00275/2025-06-10/2025-06-10/text/original/epub/OEBPS/document_2/document_2.html
[fetch] document_2: 2,787,597 bytes
[fetch] document_3: https://www.legislation.gov.au/C2004A00275/2025-06-10/2025-06-10/text/original/epub/OEBPS/document_3/document_3.html
[fetch] document_3 not found — stopping. Fetched 2 document(s).
[fetch] combined 2 document(s), 4,413,025 source bytes → 4,405,219 combined bytes
[citation] Family (Cth)
[parse] starting
[parser-diag] total <p> elements found: 16477
[parser-diag] processed 16477 <p> elements
[parser-diag] last section was added at element index: 10275
[parse] sections: 915
[parse] compilation: date=2025-06-10 no=101
[parser-diag] state phase at end: ENDNOTES
[parser-diag] hierarchy stack depth at end: 1
[parser-diag] insideSchedule at end: true
[parse] by level:
         part         31
         section      722
         division     78
         subdivision  83
         schedule     1
[db] inserted new legislation row: 7ee6a159-d8ab-4beb-ba42-005342a2f35f
[db] inserting 915 sections (pass 1)
[db] inserted 915 sections
[db] linking parent FKs (pass 2)
[db] linked 883 parent references

[done] ingested Family
       legislation_id: 7ee6a159-d8ab-4beb-ba42-005342a2f35f
       sections: 915
       compilation: 2025-06-10
