[fetch] document_1: https://www.legislation.gov.au/C2004A04136/2013-07-01/2013-07-01/text/original/epub/OEBPS/document_1/document_1.html
[fetch] document_1: 30,913 bytes
[fetch] document_2: https://www.legislation.gov.au/C2004A04136/2013-07-01/2013-07-01/text/original/epub/OEBPS/document_2/document_2.html
[fetch] document_2 not found — stopping. Fetched 1 document(s).
[fetch] combined 1 document(s), 30,913 source bytes → 29,261 combined bytes
[citation] Superannuation (Self Managed Superannuation Funds) Supervisory Levy Imposition Act 1991 (Cth)
[parse] starting
[parser-diag] total <p> elements found: 138
[parser-diag] processed 138 <p> elements
[parser-diag] last section was added at element index: 48
[parser-diag] state phase at end: ENDNOTES
[parser-diag] hierarchy stack depth at end: 1
[parser-diag] insideSchedule at end: false
[parse] sections: 6
[parse] compilation: date=(none) no=(none)
[parse] by level:
         section      6
[db] inserted new legislation row: 39e64a40-1ff2-4439-b75e-a59d77b2ce7d
[db] inserting 6 sections (pass 1)
[db] inserted 6 sections
[db] linking parent FKs (pass 2)
[db] linked 0 parent references

[done] ingested Superannuation (Self Managed Superannuation Funds) Supervisory Levy Imposition Act 1991
       legislation_id: 39e64a40-1ff2-4439-b75e-a59d77b2ce7d
       sections: 6
       compilation: 2013-07-01
