[fetch] document_1: https://www.legislation.gov.au/C2004A04938/1995-07-20/1995-07-20/text/original/epub/OEBPS/document_1/document_1.html
[fetch] document_1: 805,885 bytes
[fetch] document_2: https://www.legislation.gov.au/C2004A04938/1995-07-20/1995-07-20/text/original/epub/OEBPS/document_2/document_2.html
[fetch] document_2 not found — stopping. Fetched 1 document(s).
[fetch] combined 1 document(s), 805,885 source bytes → 804,659 combined bytes
[citation] Competition Policy Reform Act 1995 (Cth)
[parse] starting
[parser-diag] total <p> elements found: 2382
[parser-diag] processed 2382 <p> elements
[parser-diag] last section was added at element index: -1
[parser-diag] state phase at end: PRE_BODY
[parser-diag] hierarchy stack depth at end: 0
[parser-diag] insideSchedule at end: false
[parse] sections: 0
[parse] compilation: date=(none) no=(none)
[parse] by level:
[db] inserted new legislation row: 55209084-58b8-4039-84a7-ebfa669e656c
[db] inserting 0 sections (pass 1)
[db] inserted 0 sections
[db] linking parent FKs (pass 2)
[db] linked 0 parent references

[done] ingested Competition Policy Reform Act 1995
       legislation_id: 55209084-58b8-4039-84a7-ebfa669e656c
       sections: 0
       compilation: 1995-07-20
