[fetch] document_1: https://www.legislation.gov.au/C2004A02478/2024-11-07/2024-11-07/text/original/epub/OEBPS/document_1/document_1.html
[fetch] document_1: 296,269 bytes
[fetch] document_2: https://www.legislation.gov.au/C2004A02478/2024-11-07/2024-11-07/text/original/epub/OEBPS/document_2/document_2.html
[fetch] document_2 not found — stopping. Fetched 1 document(s).
[fetch] combined 1 document(s), 296,269 source bytes → 294,233 combined bytes
[citation] Environment Protection (Sea Dumping) Act 1981 (Cth)
[parse] starting
[parser-diag] total <p> elements found: 1095
[parser-diag] processed 1095 <p> elements
[parser-diag] last section was added at element index: 640
[parser-diag] state phase at end: ENDNOTES
[parser-diag] hierarchy stack depth at end: 1
[parser-diag] insideSchedule at end: false
[parse] sections: 47
[parse] compilation: date=2024-11-07 no=23
[parse] by level:
         section      47
[db] inserted new legislation row: d3e1b1b2-7225-4f26-b551-9cd4a4e9be90
[db] inserting 47 sections (pass 1)
[db] inserted 47 sections
[db] linking parent FKs (pass 2)
[db] linked 0 parent references

[done] ingested Environment Protection (Sea Dumping) Act 1981
       legislation_id: d3e1b1b2-7225-4f26-b551-9cd4a4e9be90
       sections: 47
       compilation: 2024-11-07
