[fetch] document_1: https://www.legislation.gov.au/C2004A00820/2023-10-20/2023-10-20/text/original/epub/OEBPS/document_1/document_1.html
[fetch] document_1: 81,046 bytes
[fetch] document_2: https://www.legislation.gov.au/C2004A00820/2023-10-20/2023-10-20/text/original/epub/OEBPS/document_2/document_2.html
[fetch] document_2 not found — stopping. Fetched 1 document(s).
[fetch] combined 1 document(s), 81,046 source bytes → 79,294 combined bytes
[citation] Corporations (Fees) Act 2001 (Cth)
[parse] starting
[parser-diag] total <p> elements found: 327
[parser-diag] processed 327 <p> elements
[parser-diag] last section was added at element index: 141
[parser-diag] state phase at end: ENDNOTES
[parser-diag] hierarchy stack depth at end: 1
[parser-diag] insideSchedule at end: false
[parse] sections: 10
[parse] compilation: date=2023-10-20 no=14
[parse] by level:
         section      10
[db] inserted new legislation row: 49fc6c08-0113-4ac3-baa5-c8c978a2f7a2
[db] inserting 10 sections (pass 1)
[db] inserted 10 sections
[db] linking parent FKs (pass 2)
[db] linked 0 parent references

[done] ingested Corporations (Fees) Act 2001
       legislation_id: 49fc6c08-0113-4ac3-baa5-c8c978a2f7a2
       sections: 10
       compilation: 2023-10-20
