[fetch] document_1: https://www.legislation.gov.au/C2004A00485/2026-03-28/2026-03-28/text/original/epub/OEBPS/document_1/document_1.html
[fetch] document_1: 2,070,390 bytes
[fetch] document_2: https://www.legislation.gov.au/C2004A00485/2026-03-28/2026-03-28/text/original/epub/OEBPS/document_2/document_2.html
[fetch] document_2: 1,521,649 bytes
[fetch] document_3: https://www.legislation.gov.au/C2004A00485/2026-03-28/2026-03-28/text/original/epub/OEBPS/document_3/document_3.html
[fetch] document_3: 2,269,830 bytes
[fetch] document_4: https://www.legislation.gov.au/C2004A00485/2026-03-28/2026-03-28/text/original/epub/OEBPS/document_4/document_4.html
[fetch] document_4 not found — stopping. Fetched 3 document(s).
[fetch] combined 3 document(s), 5,861,869 source bytes → 5,851,269 combined bytes
[citation] Environment Protection and Biodiversity Conservation Act 1999 (Cth)
[parse] starting
[parser-diag] total <p> elements found: 21256
[parser-diag] processed 21256 <p> elements
[parser-diag] last section was added at element index: 16807
[parser-diag] state phase at end: ENDNOTES
[parser-diag] hierarchy stack depth at end: 1
[parse] sections: 1518
[parse] compilation: date=2026-03-28 no=68
[parser-diag] insideSchedule at end: true
[parse] by level:
         chapter      10
         part         33
         section      1103
         division     131
         subdivision  174
         schedule     2
         schedule_part 6
         schedule_clause 59
[db] inserted new legislation row: 1bb5c56c-ce9f-4cfb-9644-657e1435dbec
[db] inserting 1518 sections (pass 1)
[db] inserted 1518 sections
[db] linking parent FKs (pass 2)
[db] linked 1506 parent references

[done] ingested Environment Protection and Biodiversity Conservation Act 1999
       legislation_id: 1bb5c56c-ce9f-4cfb-9644-657e1435dbec
       sections: 1518
       compilation: 2026-03-28
