[fetch] document_1: https://www.legislation.gov.au/C2004A03897/2016-03-05/2016-03-05/text/original/epub/OEBPS/document_1/document_1.html
[fetch] document_1: 182,485 bytes
[fetch] document_2: https://www.legislation.gov.au/C2004A03897/2016-03-05/2016-03-05/text/original/epub/OEBPS/document_2/document_2.html
[fetch] document_2 not found — stopping. Fetched 1 document(s).
[fetch] combined 1 document(s), 182,485 source bytes → 180,468 combined bytes
[citation] Australian Institute of Aboriginal and Torres Strait Islander Studies Act 1989 (Cth)
[parse] starting
[parser-diag] total <p> elements found: 763
[parser-diag] processed 763 <p> elements
[parser-diag] last section was added at element index: 392
[parser-diag] state phase at end: ENDNOTES
[parser-diag] hierarchy stack depth at end: 3
[parser-diag] insideSchedule at end: false
[parse] sections: 62
[parse] compilation: date=2016-03-05 no=19
[parse] by level:
         part         10
         section      47
         division     5
[db] inserted new legislation row: 536452a1-0eca-4b74-8e2b-721247a0feaa
[db] inserting 62 sections (pass 1)
[db] inserted 62 sections
[db] linking parent FKs (pass 2)
[db] linked 52 parent references

[done] ingested Australian Institute of Aboriginal and Torres Strait Islander Studies Act 1989
       legislation_id: 536452a1-0eca-4b74-8e2b-721247a0feaa
       sections: 62
       compilation: 2016-03-05
