[fetch] document_1: https://www.legislation.gov.au/C2004A05147/2018-06-19/2018-06-19/text/original/epub/OEBPS/document_1/document_1.html
[fetch] document_1: 60,333 bytes
[fetch] document_2: https://www.legislation.gov.au/C2004A05147/2018-06-19/2018-06-19/text/original/epub/OEBPS/document_2/document_2.html
[fetch] document_2 not found — stopping. Fetched 1 document(s).
[fetch] combined 1 document(s), 60,333 source bytes → 58,397 combined bytes
[citation] Telecommunications (Carrier Licence Charges) Act 1997 (Cth)
[parse] starting
[parser-diag] total <p> elements found: 272
[parser-diag] processed 272 <p> elements
[parser-diag] last section was added at element index: 96
[parser-diag] state phase at end: ENDNOTES
[parser-diag] hierarchy stack depth at end: 2
[parser-diag] insideSchedule at end: false
[parse] sections: 18
[parse] compilation: date=2018-06-19 no=10
[parse] by level:
         part         3
         section      15
[db] inserted new legislation row: a208a134-9a6d-45a2-b117-df5df2f36976
[db] inserting 18 sections (pass 1)
[db] inserted 18 sections
[db] linking parent FKs (pass 2)
[db] linked 15 parent references

[done] ingested Telecommunications (Carrier Licence Charges) Act 1997
       legislation_id: a208a134-9a6d-45a2-b117-df5df2f36976
       sections: 18
       compilation: 2018-06-19
