[fetch] document_1: https://www.legislation.gov.au/C2004A04457/1992-12-11/1992-12-11/text/original/epub/OEBPS/document_1/document_1.html
[fetch] document_1: 20,059 bytes
[fetch] document_2: https://www.legislation.gov.au/C2004A04457/1992-12-11/1992-12-11/text/original/epub/OEBPS/document_2/document_2.html
[fetch] document_2 not found — stopping. Fetched 1 document(s).
[fetch] combined 1 document(s), 20,059 source bytes → 19,069 combined bytes
[citation] Service and Execution of Process (Transitional Provisions and Consequential Amendments) Act 1992 (Cth)
[parse] starting
[parser-diag] total <p> elements found: 52
[parser-diag] processed 52 <p> elements
[parser-diag] last section was added at element index: -1
[parser-diag] state phase at end: PRE_BODY
[parser-diag] hierarchy stack depth at end: 0
[parser-diag] insideSchedule at end: false
[parse] sections: 0
[parse] compilation: date=(none) no=(none)
[parse] by level:
[db] inserted new legislation row: b017723e-eff3-4c3a-9c8c-95068fc2adfb
[db] inserting 0 sections (pass 1)
[db] inserted 0 sections
[db] linking parent FKs (pass 2)
[db] linked 0 parent references

[done] ingested Service and Execution of Process (Transitional Provisions and Consequential Amendments) Act 1992
       legislation_id: b017723e-eff3-4c3a-9c8c-95068fc2adfb
       sections: 0
       compilation: 1992-12-11
