[fetch] document_1: https://www.legislation.gov.au/C2004A03767/1989-04-20/1989-04-20/text/original/epub/OEBPS/document_1/document_1.html
[fetch] document_1: 15,357 bytes
[fetch] document_2: https://www.legislation.gov.au/C2004A03767/1989-04-20/1989-04-20/text/original/epub/OEBPS/document_2/document_2.html
[fetch] document_2 not found — stopping. Fetched 1 document(s).
[fetch] combined 1 document(s), 15,357 source bytes → 14,299 combined bytes
[citation] Qantas Airways Limited (Loan Guarantee) Act 1989 (Cth)
[parse] starting
[parser-diag] total <p> elements found: 68
[parser-diag] processed 68 <p> elements
[parser-diag] last section was added at element index: -1
[parser-diag] state phase at end: PRE_BODY
[parser-diag] hierarchy stack depth at end: 0
[parser-diag] insideSchedule at end: false
[parse] sections: 0
[parse] compilation: date=(none) no=(none)
[parse] by level:
[db] inserted new legislation row: 2611f22c-c054-473a-8d19-625ebfd7c17b
[db] inserting 0 sections (pass 1)
[db] inserted 0 sections
[db] linking parent FKs (pass 2)
[db] linked 0 parent references

[done] ingested Qantas Airways Limited (Loan Guarantee) Act 1989
       legislation_id: 2611f22c-c054-473a-8d19-625ebfd7c17b
       sections: 0
       compilation: 1989-04-20
