[fetch] document_1: https://www.legislation.gov.au/C2006A00035/2014-07-01/2014-07-01/text/original/epub/OEBPS/document_1/document_1.html
[fetch] document_1: 92,311 bytes
[fetch] document_2: https://www.legislation.gov.au/C2006A00035/2014-07-01/2014-07-01/text/original/epub/OEBPS/document_2/document_2.html
[fetch] document_2 not found — stopping. Fetched 1 document(s).
[fetch] combined 1 document(s), 92,311 source bytes → 90,862 combined bytes
[citation] Cancer Australia Act 2006 (Cth)
[parse] starting
[parser-diag] total <p> elements found: 425
[parser-diag] processed 425 <p> elements
[parser-diag] last section was added at element index: 259
[parser-diag] state phase at end: ENDNOTES
[parser-diag] hierarchy stack depth at end: 2
[parser-diag] insideSchedule at end: false
[parse] sections: 49
[parse] compilation: date=(none) no=(none)
[parse] by level:
         part         7
         section      38
         division     4
[db] inserted new legislation row: b83ca384-c52d-4320-939a-3bdce012b0d1
[db] inserting 49 sections (pass 1)
[db] inserted 49 sections
[db] linking parent FKs (pass 2)
[db] linked 42 parent references

[done] ingested Cancer Australia Act 2006
       legislation_id: b83ca384-c52d-4320-939a-3bdce012b0d1
       sections: 49
       compilation: 2014-07-01
