[fetch] document_1: https://www.legislation.gov.au/C2004A00462/2005-07-01/2005-07-01/text/original/epub/OEBPS/document_1/document_1.html
[fetch] document_1: 15,790 bytes
[fetch] document_2: https://www.legislation.gov.au/C2004A00462/2005-07-01/2005-07-01/text/original/epub/OEBPS/document_2/document_2.html
[fetch] document_2 not found — stopping. Fetched 1 document(s).
[fetch] combined 1 document(s), 15,790 source bytes → 14,736 combined bytes
[citation] A New Tax System (Goods and Services Tax Imposition—General) Act 1999 (Cth)
[parse] starting
[parser-diag] total <p> elements found: 61
[parser-diag] processed 61 <p> elements
[parse] sections: 5
[parse] compilation: date=(none) no=(none)
[parse] by level:
         section      5
[parser-diag] last section was added at element index: 30
[parser-diag] state phase at end: BODY
[parser-diag] hierarchy stack depth at end: 1
[parser-diag] insideSchedule at end: false
[db] inserted new legislation row: 6548bc6c-acf6-4f75-92c1-fe5f7db99abd
[db] inserting 5 sections (pass 1)
[db] inserted 5 sections
[db] linking parent FKs (pass 2)
[db] linked 0 parent references

[done] ingested A New Tax System (Goods and Services Tax Imposition—General) Act 1999
       legislation_id: 6548bc6c-acf6-4f75-92c1-fe5f7db99abd
       sections: 5
       compilation: 2005-07-01
