[fetch] document_1: https://www.legislation.gov.au/C2004A04255/2023-10-18/2023-10-18/text/original/epub/OEBPS/document_1/document_1.html
[fetch] document_1: 337,273 bytes
[fetch] document_2: https://www.legislation.gov.au/C2004A04255/2023-10-18/2023-10-18/text/original/epub/OEBPS/document_2/document_2.html
[fetch] document_2 not found — stopping. Fetched 1 document(s).
[fetch] combined 1 document(s), 337,273 source bytes → 334,696 combined bytes
[citation] Special Broadcasting Service Act 1991 (Cth)
[parse] starting
[parser-diag] total <p> elements found: 1306
[parser-diag] processed 1306 <p> elements
[parser-diag] last section was added at element index: 813
[parser-diag] state phase at end: ENDNOTES
[parser-diag] hierarchy stack depth at end: 2
[parser-diag] insideSchedule at end: false
[parse] sections: 99
[parse] compilation: date=2023-10-18 no=29
[parse] by level:
         part         9
         section      87
         division     3
[db] inserted new legislation row: e44f3a4b-ef31-4f63-9c5f-5e2168c48f0e
[db] inserting 99 sections (pass 1)
[db] inserted 99 sections
[db] linking parent FKs (pass 2)
[db] linked 90 parent references

[done] ingested Special Broadcasting Service Act 1991
       legislation_id: e44f3a4b-ef31-4f63-9c5f-5e2168c48f0e
       sections: 99
       compilation: 2023-10-18
