[fetch] document_1: https://www.legislation.gov.au/C2004A04877/1995-03-29/1995-03-29/text/original/epub/OEBPS/document_1/document_1.html
[fetch] document_1: 6,872 bytes
[fetch] document_2: https://www.legislation.gov.au/C2004A04877/1995-03-29/1995-03-29/text/original/epub/OEBPS/document_2/document_2.html
[fetch] document_2 not found — stopping. Fetched 1 document(s).
[fetch] combined 1 document(s), 6,872 source bytes → 5,793 combined bytes
[citation] Anzac Day Act 1995 (Cth)
[parse] starting
[parser-diag] total <p> elements found: 38
[parser-diag] processed 38 <p> elements
[parser-diag] last section was added at element index: -1
[parser-diag] state phase at end: PRE_BODY
[parser-diag] hierarchy stack depth at end: 0
[parser-diag] insideSchedule at end: false
[parse] sections: 0
[parse] compilation: date=(none) no=(none)
[parse] by level:
[db] inserted new legislation row: 6ca3dc94-1544-44c4-bda7-609a012b0751
[db] inserting 0 sections (pass 1)
[db] inserted 0 sections
[db] linking parent FKs (pass 2)
[db] linked 0 parent references

[done] ingested Anzac Day Act 1995
       legislation_id: 6ca3dc94-1544-44c4-bda7-609a012b0751
       sections: 0
       compilation: 1995-03-29
