[fetch] document_1: https://www.legislation.gov.au/C2005A00093/2018-06-19/2018-06-19/text/original/epub/OEBPS/document_1/document_1.html
[fetch] document_1: 311,926 bytes
[fetch] document_2: https://www.legislation.gov.au/C2005A00093/2018-06-19/2018-06-19/text/original/epub/OEBPS/document_2/document_2.html
[fetch] document_2 not found — stopping. Fetched 1 document(s).
[fetch] combined 1 document(s), 311,926 source bytes → 309,745 combined bytes
[citation] National Land Transport Act 2014 (Cth)
[parse] starting
[parser-diag] total <p> elements found: 1218
[parser-diag] processed 1218 <p> elements
[parse] sections: 108
[parse] compilation: date=2018-06-19 no=7
[parser-diag] last section was added at element index: 798
[parser-diag] state phase at end: ENDNOTES
[parser-diag] hierarchy stack depth at end: 2
[parser-diag] insideSchedule at end: false
[parse] by level:
         part         8
         section      82
         division     9
         subdivision  9
[db] inserted new legislation row: 9557c717-62d2-4e9a-b8de-d54dae70996a
[db] inserting 108 sections (pass 1)
[db] inserted 108 sections
[db] linking parent FKs (pass 2)
[db] linked 100 parent references

[done] ingested National Land Transport Act 2014
       legislation_id: 9557c717-62d2-4e9a-b8de-d54dae70996a
       sections: 108
       compilation: 2018-06-19
