[fetch] document_1: https://www.legislation.gov.au/C2004A00383/2024-10-14/2024-10-14/text/original/epub/OEBPS/document_1/document_1.html
[fetch] document_1: 335,167 bytes
[fetch] document_2: https://www.legislation.gov.au/C2004A00383/2024-10-14/2024-10-14/text/original/epub/OEBPS/document_2/document_2.html
[fetch] document_2 not found — stopping. Fetched 1 document(s).
[fetch] combined 1 document(s), 335,167 source bytes → 333,003 combined bytes
[citation] Australian Radiation Protection and Nuclear Safety Act 1998 (Cth)
[parse] starting
[parser-diag] total <p> elements found: 1308
[parser-diag] processed 1308 <p> elements
[parser-diag] last section was added at element index: 951
[parser-diag] state phase at end: ENDNOTES
[parser-diag] hierarchy stack depth at end: 2
[parser-diag] insideSchedule at end: false
[parse] sections: 109
[parse] compilation: date=2024-10-14 no=15
[parse] by level:
         part         8
         section      91
         division     10
[db] inserted new legislation row: d43b86ac-43fb-4853-9282-d1767d2d001b
[db] inserting 109 sections (pass 1)
[db] inserted 109 sections
[db] linking parent FKs (pass 2)
[db] linked 101 parent references

[done] ingested Australian Radiation Protection and Nuclear Safety Act 1998
       legislation_id: d43b86ac-43fb-4853-9282-d1767d2d001b
       sections: 109
       compilation: 2024-10-14
