[fetch] document_1: https://www.legislation.gov.au/C2004A04113/1991-03-27/1991-03-27/text/original/epub/OEBPS/document_1/document_1.html
[fetch] document_1: 17,318 bytes
[fetch] document_2: https://www.legislation.gov.au/C2004A04113/1991-03-27/1991-03-27/text/original/epub/OEBPS/document_2/document_2.html
[fetch] document_2 not found — stopping. Fetched 1 document(s).
[fetch] combined 1 document(s), 17,318 source bytes → 16,323 combined bytes
[citation] Loan Act 1991 (Cth)
[parse] starting
[parser-diag] total <p> elements found: 63
[parser-diag] processed 63 <p> elements
[parser-diag] last section was added at element index: -1
[parser-diag] state phase at end: PRE_BODY
[parser-diag] hierarchy stack depth at end: 0
[parser-diag] insideSchedule at end: false
[parse] sections: 0
[parse] compilation: date=(none) no=(none)
[parse] by level:
[db] inserted new legislation row: 8397a1eb-d99c-4bd8-aab3-97250a3ba9ee
[db] inserting 0 sections (pass 1)
[db] inserted 0 sections
[db] linking parent FKs (pass 2)
[db] linked 0 parent references

[done] ingested Loan Act 1991
       legislation_id: 8397a1eb-d99c-4bd8-aab3-97250a3ba9ee
       sections: 0
       compilation: 1991-03-27
