[fetch] document_1: https://www.legislation.gov.au/C2004A03366/2024-10-02/2024-10-02/text/original/epub/OEBPS/document_1/document_1.html
[fetch] document_1: 816,151 bytes
[fetch] document_2: https://www.legislation.gov.au/C2004A03366/2024-10-02/2024-10-02/text/original/epub/OEBPS/document_2/document_2.html
[fetch] document_2 not found — stopping. Fetched 1 document(s).
[fetch] combined 1 document(s), 816,151 source bytes → 812,925 combined bytes
[citation] Australian Human Rights Commission Act 1986 (Cth)
[parse] starting
[parser-diag] total <p> elements found: 2884
[parser-diag] processed 2884 <p> elements
[parse] sections: 163
[parse] compilation: date=2024-10-02 no=56
[parser-diag] last section was added at element index: 1984
[parser-diag] state phase at end: ENDNOTES
[parser-diag] hierarchy stack depth at end: 1
[parser-diag] insideSchedule at end: true
[parse] by level:
         part         7
         section      134
         division     17
         schedule     5
[db] inserted new legislation row: 6d223ca3-61da-42cd-889f-0affdfec32d5
[db] inserting 163 sections (pass 1)
[db] inserted 163 sections
[db] linking parent FKs (pass 2)
[db] linked 151 parent references

[done] ingested Australian Human Rights Commission Act 1986
       legislation_id: 6d223ca3-61da-42cd-889f-0affdfec32d5
       sections: 163
       compilation: 2024-10-02
