[fetch] document_1: https://www.legislation.gov.au/C2009A00004/2009-01-01/2009-01-01/text/original/epub/OEBPS/document_1/document_1.html
[fetch] document_1: 174,141 bytes
[fetch] document_2: https://www.legislation.gov.au/C2009A00004/2009-01-01/2009-01-01/text/original/epub/OEBPS/document_2/document_2.html
[fetch] document_2 not found — stopping. Fetched 1 document(s).
[fetch] combined 1 document(s), 174,141 source bytes → 173,311 combined bytes
[citation] Household Stimulus Package Act (No. 2) 2009 (Cth)
[parse] starting
[parser-diag] total <p> elements found: 607
[parser-unknown-class] "ActHead6", text="Schedule 1—Training and learning bonus and farmers hardship bonus"
[parser-unknown-class] "ActHead9", text="Social Security Act 1991"
[parser-unknown-class] "ItemHead", text="1  Subsection 23(1)"
[parser-unknown-class] "ItemHead", text="2  Subsection 23(1)"
[parser-unknown-class] "ItemHead", text="3  After Part 2.17"
[parser-unknown-class] "ItemHead", text="4  Paragraph 1231(1AA)(b)"
[parser-unknown-class] "ItemHead", text="5  Paragraph 1231(1AA)(b)"
[parser-unknown-class] "ActHead9", text="Social Security (Administration) Act 1999"
[parser-unknown-class] "ItemHead", text="6  At the end of section 12AB"
[parser-unknown-class] "ItemHead", text="7  After paragraph 47(1)(ht)"
[parser-unknown-class] "ItemHead", text="8  Subsection 47(4)"
[parser-unknown-class] "ItemHead", text="9  Section 47C"
[parser-unknown-class] "ItemHead", text="10  At the end of section 47C"
[parser-unknown-class] "ActHead6", text="Schedule 2—Education entry payment"
[parser-unknown-class] "ActHead7", text="Part 1—Amendments taken to have commenced on 1 January 2009"
[parser-unknown-class] "ActHead9", text="Social Security Act 1991"
[parser-unknown-class] "ItemHead", text="1  At the end of section 665U"
[parser-unknown-class] "ItemHead", text="2  Section 665ZC"
[parser-unknown-class] "ItemHead", text="3  At the end of section 665ZC"
[parser-unknown-class] "ItemHead", text="4  Section 665ZQ"
[parser-unknown-class] "ItemHead", text="5  At the end of section 665ZQ"
[parser-unknown-class] "ItemHead", text="6  Section 665ZU"
[parser-unknown-class] "ItemHead", text="7  At the end of section 665ZU"
[parser-unknown-class] "ItemHead", text="8  After Division 12 of Part 2.13A"
[parser-unknown-class] "ItemHead", text="9  At the end of Part 2.13A"
[parser-unknown-class] "ActHead7", text="Part 2—Amendment commencing on 1 July 2009"
[parser-unknown-class] "ActHead9", text="Social Security Act 1991"
[parser-unknown-class] "ItemHead", text="10  Paragraph 665ZX(2)(b)"
[parser-unknown-class] "ActHead6", text="Schedule 3—Back to school bonus and single income family bonus"
[parser-unknown-class] "ActHead9", text="A New Tax System (Family Assistance) Act 1999"
[parser-unknown-class] "ItemHead", text="1  Subsection 3(1)"
[parser-unknown-class] "ItemHead", text="2  Subsection 3(1)"
[parser-unknown-class] "ItemHead", text="3  After Part 6"
[parser-unknown-class] "ActHead9", text="A New Tax System (Family Assistance) (Administration) Act 1999"
[parser-unknown-class] "ItemHead", text="4  After Division 4B of Part 3"
[parser-unknown-class] "ItemHead", text="5  At the end of subsection 66(1)"
[parser-unknown-class] "ItemHead", text="6  Section 70"
[parser-unknown-class] "ItemHead", text="7  After section 71J"
[parser-unknown-class] "ItemHead", text="8  Paragraph 74(a)"
[parser-unknown-class] "ItemHead", text="9  Subsection 82(3) (paragraph (a) of the definition of debt)"
[parser-unknown-class] "ItemHead", text="10  Subsection 93A(6) (at the end of the definition of family assistance payment)"
[parser-unknown-class] "ItemHead", text="11  Subsection 106(3)"
[parser-unknown-class] "ItemHead", text="12  Subsection 109D(4)"
[parser-unknown-class] "ItemHead", text="13  Paragraph 109D(5)(a)"
[parser-unknown-class] "ItemHead", text="14  Section 219TA (at the end of the definition of relevant benefit)"
[parser-unknown-class] "ActHead6", text="Schedule 4—Administrative scheme for household stimulus payments"
[parser-unknown-class] "ItemHead", text="1  Administrative scheme for household stimulus payments"
[parser-unknown-class] "Subitem", text="(1) Subject to this item, a Minister administering:"
[parser-unknown-class] "Subitem", text="(2) The circumstances in which the scheme provides for payments must be:"
[parser-unknown-class] "Subitem", text="(3) Without limiting the generality of subitem (1), the scheme may deal with the following:"
[parser-unknown-class] "Subitem", text="(4) Without limiting the generality of subparagraph (2)(a)(i), circumstances in which the provisi..."
[parser-unknown-class] "Subitem", text="(5) Payments under the scheme are to be made out of the Consolidated Revenue Fund, which is appro..."
[parser-unknown-class] "ActHead6", text="Schedule 5—Other amendments"
[parser-unknown-class] "ActHead9", text="Farm Household Support Act 1992"
[parser-unknown-class] "ItemHead", text="1  At the end of section 24A"
[parser-unknown-class] "ItemHead", text="2  At the end of section 24AA"
[parser-unknown-class] "ItemHead", text="3  At the end of section 24B"
[parser-unknown-class] "ActHead9", text="Income Tax Assessment Act 1936"
[parser-unknown-class] "ItemHead", text="4  Subsection 159J(6) (paragraph (ac) of the definition of separate net income)"
[parser-unknown-class] "ItemHead", text="5  Subsection 159J(6) (after paragraph (adah) of the definition of separate net income)"
[parser-unknown-class] "ActHead9", text="Income Tax Assessment Act 1997"
[parser-unknown-class] "ItemHead", text="6  Section 11‑15 (at the end of the table item headed “family assistance”)"
[parser-unknown-class] "tableIndentText", text="back to school bonus or single income family bonus...."
[parser-unknown-class] "tableText0", text="52‑150"
[parser-unknown-class] "tableIndentText", text="payments under the scheme determined under Schedule 4 to the Household Stimulus Package Act 2009"
[parser-unknown-class] "tableText0", text="52‑165"
[parser-unknown-class] "ItemHead", text="7  Section 11‑15 (table item headed “social security or like payments”)"
[parser-unknown-class] "tableIndentText", text="economic security strategy payment under the Veterans’ Entitlements Act 1986"
[parser-unknown-class] "tableText0", text="52‑65"
[parser-unknown-class] "tableIndentText", text="education entry payment supplement under the Social Security Act 1991"
[parser-unknown-class] "tableText0", text="52‑10"
[parser-unknown-class] "ItemHead", text="8  Section 11‑15 (table item headed “social security or like payments”)"
[parser-unknown-class] "tableIndentText", text="exceptional circumstances relief, payment for........"
[parser-unknown-class] "tableText0", text="53‑10 and 53‑15"
[parser-unknown-class] "tableIndentText", text="farmers hardship bonus under the Social Security Act 1991"
[parser-unknown-class] "tableText0", text="52‑10"
[parser-unknown-class] "ItemHead", text="9  Section 11‑15 (table item headed “social security or like payments”)"
[parser-unknown-class] "tableIndentText", text="payments under a scheme determined under item 1 of Schedule 2 to the Social Security and Veterans..."
[parser-unknown-class] "tableText0", text="52‑10"
[parser-unknown-class] "tableIndentText", text="payments under the scheme determined under Schedule 4 to the Household Stimulus Package Act 2009"
[parser-unknown-class] "tableText0", text="52‑165"
[parser-unknown-class] "ItemHead", text="10  Section 11‑15 (table item headed “social security or like payments”)"
[parser-unknown-class] "tableIndentText", text="social security payments......................"
[parser-unknown-class] "tableText0", text="Subdivision 52‑A"
[parser-unknown-class] "tableIndentText", text="training and learning bonus under the Social Security Act 1991"
[parser-unknown-class] "tableText0", text="52‑10"
[parser-unknown-class] "ItemHead", text="11  At the end of subsection 52‑10(1) (before the note)"
[parser-unknown-class] "ItemHead", text="12  After subsection 52‑10(1F)"
[parser-unknown-class] "ItemHead", text="13  Subsection 52‑150(1)"
[parser-unknown-class] "ItemHead", text="14  At the end of Subdivision 52‑H"
[parser-unknown-class] "ActHead9", text="Social Security Act 1991"
[parser-unknown-class] "ItemHead", text="15  Paragraph 8(8)(jaa)"
[parser-unknown-class] "ItemHead", text="16  After paragraph 8(8)(yi)"
[parser-unknown-class] "ItemHead", text="17  After section 1223ABAAA"
[parser-unknown-class] "ActHead9", text="Social Security (Administration) Act 1999"
[parser-unknown-class] "ItemHead", text="18  Section 123TC"
[parser-unknown-class] "ItemHead", text="19  Subdivision DB of Division 5 of Part 3B (heading)"
[parser-unknown-class] "ItemHead", text="20  At the end of Subdivision DB of Division 5 of Part 3B"
[parser-unknown-class] "ActHead9", text="Veterans’ Entitlements Act 1986"
[parser-unknown-class] "ItemHead", text="21  Paragraph 5H(8)(paa)"
[parser-unknown-class] "ItemHead", text="22  At the end of subsection 5H(8)"
[parser-unknown-class] "2ndRd", text=""
[parser-unknown-class] "2ndRd", text="[Minister’s second reading speech made in—"
[parser-unknown-class] "2ndRd", text="House of Representatives on 12 February 2009"
[parser-unknown-class] "2ndRd", text="Senate on 13 February 2009]"
[parser-diag] processed 607 <p> elements
[parser-diag] last section was added at element index: 580
[parser-diag] state phase at end: BODY
[parser-diag] hierarchy stack depth at end: 4
[parser-diag] insideSchedule at end: false
[parse] sections: 42
[parse] compilation: date=(none) no=(none)
[parse] by level:
         section      29
         part         2
         division     7
         subdivision  4
[db] inserted new legislation row: 2a4819b4-df19-41e1-b503-adfd44b442ab
[db] inserting 42 sections (pass 1)
[db] inserted 42 sections
[db] linking parent FKs (pass 2)
[db] linked 37 parent references

[done] ingested Household Stimulus Package Act (No. 2) 2009
       legislation_id: 2a4819b4-df19-41e1-b503-adfd44b442ab
       sections: 42
       compilation: 2009-01-01
