[fetch] document_1: https://www.legislation.gov.au/C2004A03367/1986-12-06/1986-12-06/text/original/epub/OEBPS/document_1/document_1.html
[fetch] document_1: 276,083 bytes
[fetch] document_2: https://www.legislation.gov.au/C2004A03367/1986-12-06/1986-12-06/text/original/epub/OEBPS/document_2/document_2.html
[fetch] document_2 not found — stopping. Fetched 1 document(s).
[fetch] combined 1 document(s), 276,083 source bytes → 275,039 combined bytes
[citation] Human Rights and Equal Opportunity Commission (Transitional Provisions and Consequential Amendments) Act 1986 (Cth)
[parse] starting
[parser-diag] total <p> elements found: 724
[parser-diag] processed 724 <p> elements
[parser-diag] last section was added at element index: -1
[parser-diag] state phase at end: PRE_BODY
[parser-diag] hierarchy stack depth at end: 0
[parser-diag] insideSchedule at end: false
[parse] sections: 0
[parse] compilation: date=(none) no=(none)
[parse] by level:
[db] inserted new legislation row: 200fa5fa-bc39-431c-9ebe-a7efcdc54cf1
[db] inserting 0 sections (pass 1)
[db] inserted 0 sections
[db] linking parent FKs (pass 2)
[db] linked 0 parent references

[done] ingested Human Rights and Equal Opportunity Commission (Transitional Provisions and Consequential Amendments) Act 1986
       legislation_id: 200fa5fa-bc39-431c-9ebe-a7efcdc54cf1
       sections: 0
       compilation: 1986-12-06
