[fetch] document_1: https://www.legislation.gov.au/C2004A02357/2024-10-14/2024-10-14/text/original/epub/OEBPS/document_1/document_1.html
[fetch] document_1: 209,734 bytes
[fetch] document_2: https://www.legislation.gov.au/C2004A02357/2024-10-14/2024-10-14/text/original/epub/OEBPS/document_2/document_2.html
[fetch] document_2 not found — stopping. Fetched 1 document(s).
[fetch] combined 1 document(s), 209,734 source bytes → 207,779 combined bytes
[citation] Crimes (Taxation Offences) Act 1980 (Cth)
[parse] starting
[parser-diag] total <p> elements found: 778
[parser-diag] processed 778 <p> elements
[parser-diag] last section was added at element index: 317
[parser-diag] state phase at end: ENDNOTES
[parser-diag] hierarchy stack depth at end: 2
[parser-diag] insideSchedule at end: false
[parse] sections: 27
[parse] compilation: date=2024-10-14 no=26
[parse] by level:
         part         8
         section      19
[db] inserted new legislation row: 80c0fea3-7d06-4056-ad34-9f392702c0ab
[db] inserting 27 sections (pass 1)
[db] inserted 27 sections
[db] linking parent FKs (pass 2)
[db] linked 19 parent references

[done] ingested Crimes (Taxation Offences) Act 1980
       legislation_id: 80c0fea3-7d06-4056-ad34-9f392702c0ab
       sections: 27
       compilation: 2024-10-14
