[fetch] document_1: https://www.legislation.gov.au/C2004A01518/2015-07-01/2015-07-01/text/original/epub/OEBPS/document_1/document_1.html
[fetch] document_1: 199,751 bytes
[fetch] document_2: https://www.legislation.gov.au/C2004A01518/2015-07-01/2015-07-01/text/original/epub/OEBPS/document_2/document_2.html
[fetch] document_2 not found — stopping. Fetched 1 document(s).
[fetch] combined 1 document(s), 199,751 source bytes → 196,601 combined bytes
[citation] Psychotropic Substances Act 1976 (Cth)
[parse] starting
[parser-diag] total <p> elements found: 651
[parser-unknown-class] "Art1", text="ARTICLE 1"
[parser-unknown-class] "ArtItal", text="Use of terms"
[parser-unknown-class] "Arta", text="(a) “Council” means the Economic and Social Council of the United Nations."
[parser-unknown-class] "Artii", text="(i) any solution or mixture, in whatever physical state, containing one or more psychotropic subs..."
[parser-unknown-class] "ArtPara", text="1. If a Party or the World Health Organization has information relating to a substance not yet un..."
[parser-unknown-class] "ArtPara", text="2. The Secretary‑General shall transmit such notification, and any information which he considers..."
[parser-unknown-class] "ArtPara", text="3. If the information transmitted with such a notification indicates that the substance is suitab..."
[parser-unknown-class] "ArtPara", text="4. If the World Health Organization finds:"
[parser-unknown-class] "Arta", text="(b) that there is sufficient evidence that the substance is being or is likely to be abused so as..."
[parser-unknown-class] "ArtPara", text="5. The Commission, taking into account the communication from the World Health Organization, whos..."
[parser-unknown-class] "ArtPara", text="6. If a notification under paragraph 1 relates to a substance already listed in one of the Schedu..."
[parser-unknown-class] "ArtPara", text="7. Any decision of the Commission taken pursuant to this article shall be communicated by the Sec..."
[parser-unknown-class] "Arta", text="(a) A Party having given such notice with respect to a previously uncontrolled substance added to..."
[parser-unknown-class] "Artii", text="(i) require licences for manufacture, trade and distribution as provided in article 8 for substan..."
[parser-unknown-class] "Artii", text="(ii) require medical prescriptions for supply or dispensing as provided in article 9 for substanc..."
[parser-unknown-class] "Artii", text="(iii) comply with the obligations relating to export and import provided in article 12, except in..."
[parser-unknown-class] "Artii", text="(iv) comply with the obligations provided in article 13 for substances in Schedule II in regard t..."
[parser-unknown-class] "Artii", text="(v) furnish statistical reports to the Board in accordance with paragraph 4 (a) of article 16; and"
[parser-unknown-class] "Artii", text="(vi) adopt measures in accordance with article 22 for the repression of acts contrary to laws or ..."
[parser-unknown-class] "Arta", text="(b) A Party having given such notice with regard to a previously uncontrolled substance added to ..."
[parser-unknown-class] "Artii", text="(i) require licences for manufacture, trade and distribution in accordance with article 8;"
[parser-unknown-class] "Artii", text="(ii) require medical prescriptions for supply or dispensing in accordance with article 9;"
[parser-unknown-class] "Artii", text="(iii) comply with the obligations relating to export and import provided in article 12, except in..."
[parser-unknown-class] "Artii", text="(iv) comply with the obligations of article 13 in regard to prohibition of and restrictions on ex..."
[parser-unknown-class] "Artii", text="(v) furnish statistical reports to the Board in accordance with paragraphs 4 (a), (c) and (d) of ..."
[parser-unknown-class] "Artii", text="(vi) adopt measures in accordance with article 22 for the repression of acts contrary to laws or ..."
[parser-unknown-class] "Arta", text="(c) A Party having given such notice with regard to a previously uncontrolled substance added to ..."
[parser-unknown-class] "Artii", text="(i) require licences for manufacture, trade and distribution in accordance with article 8;"
[parser-unknown-class] "Artii", text="(ii) require medical prescriptions for supply or dispensing in accordance with article 9;"
[parser-unknown-class] "Artii", text="(iii) comply with the obligations relating to export provided in article 12, except in respect to..."
[parser-unknown-class] "Artii", text="(iv) comply with the obligations of article 13 in regard to prohibition of and restrictions on ex..."
[parser-unknown-class] "Artii", text="(v) adopt measures in accordance with article 22 for the repression of acts contrary to laws or r..."
[parser-unknown-class] "Arta", text="(d) A Party having given such notice with regard to a previously uncontrolled substance added to ..."
[parser-unknown-class] "Artii", text="(i) require licences for manufacture, trade and distribution in accordance with article 8;"
[parser-unknown-class] "Artii", text="(ii) comply with the obligations of article 13 in regard to prohibition of and restrictions on ex..."
[parser-unknown-class] "Artii", text="(iii) adopt measures in accordance with article 22 for the repression of acts contrary to laws or..."
[parser-unknown-class] "Arta", text="(e) A Party having given such notice with regard to a substance transferred to a Schedule providi..."
[parser-unknown-class] "ArtPara", text="8. (a) The decisions of the Commission taken under this article shall be subject to review by the..."
[parser-unknown-class] "ArtPara", text="(b) The Secretary‑General shall transmit copies of the request for review and the relevant inform..."
[parser-unknown-class] "ArtPara", text="(c) The Council may confirm, alter or reverse the decision of the Commission. Notification of the..."
[parser-unknown-class] "ArtPara", text="(d) During pendency of the review, the original decision of the Commission shall, subject to para..."
[parser-unknown-class] "ArtPara", text="9. The Parties shall use their best endeavours to apply to substances which do not fall under thi..."
[parser-unknown-class] "Art1", text="ARTICLE 3"
[parser-unknown-class] "ArtItal", text="Special provisions regarding the control of preparations"
[parser-unknown-class] "ArtPara", text="1. Except as provided in the following paragraphs of this article, a preparation is subject to th..."
[parser-unknown-class] "ArtPara", text="2. If a preparation containing a psychotropic substance other than a substance in Schedule I is c..."
[parser-unknown-class] "ArtPara", text="3. If a Party makes a finding under the preceding paragraph regarding a preparation, it may decid..."
[parser-unknown-class] "Arta", text="(a) article 8 (licences), as it applies to manufacture;"
[parser-unknown-class] "Arta", text="(b) article 11 (records), as it applies to exempt preparations;"
[parser-unknown-class] "Arta", text="(c) article 13 (prohibition of and restrictions on export and import);"
[parser-unknown-class] "Arta", text="(d) article 15 (inspection), as it applies to manufacture;"
[parser-unknown-class] "Arta", text="(e) article 16 (reports to be furnished by the Parties), as it applies to exempt preparations; and"
[parser-unknown-class] "Arta", text="(f) article 22 (penal provisions), to the extent necessary for the repression of acts contrary to..."
[parser-unknown-class] "ArtPara", text="4. If a Party or the World Health Organization has information regarding a preparation exempted p..."
[parser-unknown-class] "Art1", text="ARTICLE 4"
[parser-unknown-class] "ArtItal", text="Other special provisions regarding the scope of control"
[parser-unknown-class] "ArtPara", text="In respect of psychotropic substances other than those in Schedule I, the Parties may permit:"
[parser-unknown-class] "Arta", text="(a) the carrying by international travellers of small quantities of preparations for personal use..."
[parser-unknown-class] "Arta", text="(b) the use of such substances in industry for the manufacture of non‑psychotropic substances or ..."
[parser-unknown-class] "Arta", text="(c) the use of such substances, subject to the application of the measures of control required by..."
[parser-unknown-class] "Art1", text="ARTICLE 5"
[parser-unknown-class] "ArtItal", text="Limitation for use to medical and scientific purposes"
[parser-unknown-class] "ArtPara", text="1. Each party shall limit the use of substances in Schedule I as provided in article 7."
[parser-unknown-class] "ArtPara", text="2. Each Party shall, except as provided in article 4, limit by such measures as it considers appr..."
[parser-unknown-class] "ArtPara", text="3. It is desirable that the Parties do not permit the possession of substances in Schedule II, II..."
[parser-unknown-class] "Art1", text="ARTICLE 6"
[parser-unknown-class] "ArtItal", text="Special administration"
[parser-unknown-class] "ArtPara", text="It is desirable that for the purpose of applying the provisions of this Convention, each Party es..."
[parser-unknown-class] "Art1", text="ARTICLE 7"
[parser-unknown-class] "ArtItal", text="Special provisions regarding substances in Schedule I"
[parser-unknown-class] "ArtPara", text="In respect of substances in Schedule I, the Parties shall:"
[parser-unknown-class] "Arta", text="(a) prohibit all use except for scientific and very limited medical purposes by duly authorized p..."
[parser-unknown-class] "Arta", text="(b) require that manufacture, trade, distribution and possession be under a special licence or pr..."
[parser-unknown-class] "Arta", text="(c) provide for close supervision of the activities and acts mentioned in paragraphs (a) and (b);"
[parser-unknown-class] "Arta", text="(d) restrict the amount supplied to a duly authorized person to the quantity required for his aut..."
[parser-unknown-class] "Arta", text="(e) require that persons performing medical or scientific functions keep records concerning the a..."
[parser-unknown-class] "Arta", text="(f) prohibit export and import except when both the exporter and importer are the competent autho..."
[parser-unknown-class] "Art1", text="ARTICLE 8"
[parser-unknown-class] "ArtItal", text="Licences"
[parser-unknown-class] "ArtPara", text="1. The Parties shall require that the manufacture of, trade (including export and import trade) i..."
[parser-unknown-class] "ArtPara", text="2. The Parties shall:"
[parser-unknown-class] "Arta", text="(a) control all duly authorized persons and enterprises carrying on or engaged in the manufacture..."
[parser-unknown-class] "Arta", text="(b)  control under licence or other similar control measure the establishments and premises in wh..."
[parser-unknown-class] "Arta", text="(c) provide that security measures be taken with regard to such establishments and premises in or..."
[parser-unknown-class] "ArtPara", text="3. The provisions of paragraphs 1 and 2 of this article relating to licensing or other similar co..."
[parser-unknown-class] "ArtPara", text="4. The Parties shall require that all persons who obtain licences in accordance with this Convent..."
[parser-unknown-class] "Art1", text="ARTICLE 9"
[parser-unknown-class] "ArtItal", text="Prescriptions"
[parser-unknown-class] "ArtPara", text="1. The Parties shall require that substances in Schedules II, III and IV be supplied or dispensed..."
[parser-unknown-class] "ArtPara", text="2. The Parties shall take measures to ensure that prescriptions for substances in Schedules II, I..."
[parser-unknown-class] "ArtPara", text="3. Notwithstanding paragraph 1, a Party may, if in its opinion local circumstances so require and..."
[parser-unknown-class] "Art1", text="ARTICLE 10"
[parser-unknown-class] "ArtItal", text="Warnings on packages, and advertising"
[parser-unknown-class] "ArtPara", text="1. Each Party shall require, taking into account any relevant regulations or recommendations of t..."
[parser-unknown-class] "ArtPara", text="2. Each Party shall, with due regard to its constitutional provisions, prohibit the advertisement..."
[parser-unknown-class] "Art1", text="ARTICLE 11"
[parser-unknown-class] "ArtItal", text="Records"
[parser-unknown-class] "ArtPara", text="1. The Parties shall require that, in respect of substances in Schedule I, manufacturers and all ..."
[parser-unknown-class] "ArtPara", text="2. The Parties shall require that, in respect of substances in Schedules II and III, manufacturer..."
[parser-unknown-class] "ArtPara", text="3. The Parties shall require that, in respect of substances in Schedule II, retail distributors, ..."
[parser-unknown-class] "ArtPara", text="4. The Parties shall ensure, through appropriate methods and taking into account the professional..."
[parser-unknown-class] "ArtPara", text="5. The Parties shall require that, in respect of substances in Schedule IV, manufacturers, export..."
[parser-unknown-class] "ArtPara", text="6. The Parties shall require manufacturers of preparations exempted under paragraph 3 of article ..."
[parser-unknown-class] "ArtPara", text="7. The Parties shall ensure that the records and information referred to in this article which ar..."
[parser-unknown-class] "Art1", text="ARTICLE 12"
[parser-unknown-class] "ArtItal", text="Provisions relating to international trade"
[parser-unknown-class] "ArtPara", text="1. (a) Every Party permitting the export or import of substances in Schedule I or II shall requir..."
[parser-unknown-class] "ArtPara", text="(b) Such authorization shall state the international non‑proprietary name, or, lacking such a nam..."
[parser-unknown-class] "ArtPara", text="(c) Before issuing an export authorization the Parties shall require an import authorization, iss..."
[parser-unknown-class] "ArtPara", text="(d) A copy of the export authorization shall accompany each consignment, and the Government issui..."
[parser-unknown-class] "ArtPara", text="(e) The Government of the importing country or region, when the importation has been effected, sh..."
[parser-unknown-class] "ArtPara", text="2. (a) The Parties shall require that for each export of substances in Schedule III exporters sha..."
[parser-unknown-class] "Arta", text="(i) the name and address of the exporter and importer;"
[parser-unknown-class] "Arta", text="(ii) the international non‑proprietary name, or, failing such a name, the designation of the subs..."
[parser-unknown-class] "Arta", text="(iii) the quantity and pharmaceutical form in which the substance is exported, and, if in the for..."
[parser-unknown-class] "Arta", text="(iv) the date of despatch."
[parser-unknown-class] "ArtPara", text="(b) Exporters shall furnish the competent authorities of their country or region with two copies ..."
[parser-unknown-class] "ArtPara", text="(c) A Party from whose territory a substance in Schedule III has been exported shall, as soon as ..."
[parser-unknown-class] "ArtPara", text="(d) The Parties may require that, on receipt of the consignment, the importer shall transmit the ..."
[parser-unknown-class] "ArtPara", text="3. In respect of substances in Schedules I and II the following additional provisions shall apply:"
[parser-unknown-class] "Arta", text="(a) The Parties shall exercise in free ports and zones the same supervision and control as in oth..."
[parser-unknown-class] "Arta", text="(b) Exports of consignments to a post office box, or to a bank to the account of a person other t..."
[parser-unknown-class] "Arta", text="(c) Exports to bonded warehouses of consignments of substances in Schedule I are prohibited. Expo..."
[parser-unknown-class] "Arta", text="(d) Consignments entering or leaving the territory of a Party not accompanied by an export author..."
[parser-unknown-class] "Arta", text="(e) A Party shall not permit any substances consigned to another country to pass through its terr..."
[parser-unknown-class] "Arta", text="(f) The competent authorities of any country or region through which a consignment of substances ..."
[parser-unknown-class] "Arta", text="(g) No consignment of substances, while in transit or whilst being stored in a bonded warehouse, ..."
[parser-unknown-class] "Arta", text="(h) The provisions of sub‑paragraphs (e) to (g) relating to the passage of substances through the..."
[parser-unknown-class] "Arta", text="(i) The provisions of this paragraph are without prejudice to the provisions of any international..."
[parser-unknown-class] "Art1", text="ARTICLE 13"
[parser-unknown-class] "ArtItal", text="Prohibition of and restrictions on export and import"
[parser-unknown-class] "ArtPara", text="1. A Party may notify all the other Parties through the Secretary‑General that it prohibits the i..."
[parser-unknown-class] "ArtPara", text="2. If a Party has been notified of a prohibition pursuant to paragraph 1, it shall take measures ..."
[parse] sections: 12
[parser-unknown-class] "ArtPara", text="3. Notwithstanding the provisions of the preceding paragraphs, a Party which has given notificati..."
[parser-unknown-class] "Art1", text="ARTICLE 14"
[parser-unknown-class] "ArtItal", text="Special provisions concerning the carriage of psychotropic substances in first‑aid kits of ships,..."
[parser-unknown-class] "ArtPara", text="1. The international carriage by ships, aircraft or other forms of international public transport..."
[parser-unknown-class] "ArtPara", text="2. Appropriate safeguards shall be taken by the country of registry to prevent the improper use o..."
[parser-unknown-class] "ArtPara", text="3. Substances carried by ships, aircraft or other forms of international public transport, such a..."
[parser-unknown-class] "Art1", text="ARTICLE 15"
[parser-unknown-class] "ArtItal", text="Inspection"
[parser-unknown-class] "ArtPara", text="1. The Parties shall maintain a system of inspection of manufacturers, exporters, importers, and ..."
[parser-unknown-class] "ArtPara", text="1. The Parties shall furnish to the Secretary‑General such information as the Commission may requ..."
[parser-unknown-class] "Arta", text="(a) important changes in their laws and regulations concerning psychotropic substances; and"
[parser-unknown-class] "Arta", text="(b) significant developments in the abuse of and the illicit traffic in psychotropic substances w..."
[parser-unknown-class] "ArtPara", text="2. The Parties shall also notify the Secretary‑General of the names and addresses of the governme..."
[parser-unknown-class] "ArtPara", text="3. The Parties shall furnish, as soon as possible after the event, a report to the Secretary‑Gene..."
[parser-unknown-class] "Arta", text="(a) new trends disclosed;"
[parser-unknown-class] "Arta", text="(b) the quantities involved;"
[parser-unknown-class] "Arta", text="(c) the light thrown on the sources from which the substances are obtained; or"
[parser-unknown-class] "Arta", text="(d) the methods employed by illicit traffickers."
[parser-unknown-class] "ArtPara", text="4. The Parties shall furnish to the Board annual statistical reports in accordance with forms pre..."
[parser-unknown-class] "Arta", text="(a) in regard to each substance in Schedules I and II, on quantities manufactured, exported to an..."
[parser-unknown-class] "Arta", text="(c) in regard to each substance in Schedules II and III, on quantities used in the manufacture of..."
[parser-unknown-class] "Arta", text="(d) in regard to each substance other than a substance in Schedule I, on quantities used for indu..."
[parser-unknown-class] "ArtPara", text="5. A Party shall furnish the Board, on its request, with supplementary statistical information re..."
[parser-unknown-class] "ArtPara", text="6. The Parties shall furnish the information referred to in paragraphs 1 and 4 in such a manner a..."
[parser-unknown-class] "Art1", text="ARTICLE 17"
[parser-unknown-class] "ArtItal", text="Functions of the Commission"
[parser-unknown-class] "ArtPara", text="1. The Commission may consider all matters pertaining to the aims of this Convention and to the i..."
[parser-unknown-class] "ArtPara", text="2. The decisions of the Commission provided for in articles 2 and 3 shall be taken by a two‑third..."
[parser-unknown-class] "Art1", text="ARTICLE 18"
[parser-unknown-class] "ArtItal", text="Reports of the Board"
[parser-unknown-class] "ArtPara", text="1. The Board shall prepare annual reports on its work containing an analysis of the statistical i..."
[parser-unknown-class] "ArtPara", text="2. The reports of the Board shall be communicated to the Parties and subsequently published by th..."
[parser-unknown-class] "Art1", text="ARTICLE 19"
[parser-unknown-class] "ArtItal", text="Measures by the Board to ensure the execution of the provisions of the Convention"
[parser-unknown-class] "ArtPara", text="1. (a) If, on the basis of its examination of information submitted by governments to the Board o..."
[parser-unknown-class] "ArtPara", text="(b) After taking action under sub‑paragraph (a), the Board, if satisfied that it is necessary to ..."
[parser-unknown-class] "ArtPara", text="(c) If the Board finds that the Government concerned has failed to give satisfactory explanations..."
[parser-unknown-class] "ArtPara", text="2. The Board, when calling the attention of the Parties, the Council and the Commission to a matt..."
[parser-unknown-class] "ArtPara", text="3. The Board shall have the right to publish a report on any matter dealt with under the provisio..."
[parser-unknown-class] "ArtPara", text="4. If in any case a decision of the Board which is published under this article is not unanimous,..."
[parser-unknown-class] "ArtPara", text="5. Any State shall be invited to be represented at a meeting of the Board at which a question dir..."
[parser-unknown-class] "ArtPara", text="6. Decisions of the Board under this article shall be taken by a two‑thirds majority of the whole..."
[parser-unknown-class] "ArtPara", text="7. The provisions of the above paragraphs shall also apply if the Board has reason to believe tha..."
[parser-unknown-class] "Art1", text="ARTICLE 20"
[parser-unknown-class] "ArtItal", text="Measures against the abuse of psychotropic substances"
[parser-unknown-class] "ArtPara", text="1. The Parties shall take all practicable measures for the prevention of abuse of psychotropic su..."
[parser-unknown-class] "ArtPara", text="2. The Parties shall as far as possible promote the training of personnel in the treatment, after..."
[parser-unknown-class] "ArtPara", text="3. The Parties shall assist persons whose work so requires to gain an understanding of the proble..."
[parser-unknown-class] "Art1", text="ARTICLE 21"
[parser-unknown-class] "ArtItal", text="Action against the illicit traffic"
[parser-unknown-class] "ArtPara", text="Having due regard to their constitutional, legal and administrative systems, the Parties shall:"
[parser-unknown-class] "Arta", text="(a) make arrangements at the national level for the co‑ordination of preventive and repressive ac..."
[parser-unknown-class] "Arta", text="(b) assist each other in the campaign against the illicit traffic in psychotropic substances, and..."
[parser-unknown-class] "Arta", text="(c) co‑operate closely with each other and with the competent international organizations of whic..."
[parser-unknown-class] "Arta", text="(d) ensure that international co‑operation between the appropriate agencies be conducted in an ex..."
[parser-unknown-class] "Arta", text="(e) ensure that, where legal papers are transmitted internationally for the purpose of judicial p..."
[parser-unknown-class] "Art1", text="ARTICLE 22"
[parser-unknown-class] "ArtItal", text="Penal provisions"
[parser-unknown-class] "ArtPara", text="1. (a) Subject to its constitutional limitations, each Party shall treat as a punishable offence,..."
[parser-unknown-class] "ArtPara", text="(b) Notwithstanding the preceding sub‑paragraph, when abusers of psychotropic substances have com..."
[parser-unknown-class] "ArtPara", text="2. Subject to the constitutional limitations of a Party, its legal system and domestic law,"
[parser-unknown-class] "Arta", text="(a) (i) if a series of related actions constituting offences  under paragraph 1 has been committe..."
[parser-unknown-class] "Artii", text="(ii) intentional participation in, conspiracy to commit and attempts to commit, any of such offen..."
[parser-unknown-class] "Artii", text="(iii) foreign convictions for such offences shall be taken into account for the purpose of establ..."
[parser-unknown-class] "Artii", text="(iv) serious offences heretofore referred to committed either by nationals or by foreigners shall..."
[parser-unknown-class] "Arta", text="(b) It is desirable that the offences referred to in paragraph 1 and paragraph 2 (a) (ii) be incl..."
[parser-unknown-class] "ArtPara", text="3. Any psychotropic substance or other substance, as well as any equipment, used in or intended f..."
[parser-unknown-class] "ArtPara", text="4. The provisions of this article shall be subject to the provisions of the domestic law of the P..."
[parser-unknown-class] "ArtPara", text="5. Nothing contained in this article shall affect the principle that the offences to which it ref..."
[parser-unknown-class] "Art1", text="ARTICLE 23"
[parser-unknown-class] "ArtItal", text="Application of stricter control measures than those required by this Convention"
[parser-unknown-class] "ArtPara", text="A Party may adopt more strict or severe measures of control than those provided by this Conventio..."
[parser-unknown-class] "Art1", text="ARTICLE 24"
[parser-unknown-class] "ArtItal", text="Expenses of international organs incurred in administering the provisions of the Convention"
[parser-unknown-class] "ArtPara", text="The expenses of the Commission and the Board in carrying out their respective functions under thi..."
[parser-unknown-class] "Art1", text="ARTICLE 25"
[parser-unknown-class] "ArtItal", text="Procedure for admission, signature, ratification and accession"
[parser-unknown-class] "ArtPara", text="1. Members of the United Nations, States not Members of the United Nations which are members of a..."
[parser-unknown-class] "Arta", text="(a) by signing it; or"
[parser-unknown-class] "Arta", text="(b) by ratifying it after signing it subject to ratification; or"
[parser-unknown-class] "Arta", text="(c) by acceding to it."
[parser-unknown-class] "ArtPara", text="2. The Convention shall be open for signature until 1 January 1972 inclusive. Thereafter it shall..."
[parser-unknown-class] "ArtPara", text="3. Instruments of ratification or accession shall be deposited with the Secretary‑General."
[parser-unknown-class] "Art1", text="ARTICLE 26"
[parser-unknown-class] "ArtItal", text="Entry into force"
[parser-unknown-class] "ArtPara", text="1. The Convention shall come into force on the ninetieth day after forty of the States referred t..."
[parser-unknown-class] "ArtPara", text="2. For any other State signing without reservation of ratification, or depositing an instrument o..."
[parser-unknown-class] "Art1", text="ARTICLE 27"
[parser-unknown-class] "ArtItal", text="Territorial application"
[parser-unknown-class] "ArtPara", text="The Convention shall apply to all non‑metropolitan territories for the international relations of..."
[parser-unknown-class] "Art1", text="ARTICLE 28"
[parser-unknown-class] "ArtItal", text="Regions for the purposes of this Convention"
[parser-unknown-class] "ArtPara", text="1. Any Party may notify the Secretary‑General that, for the purposes of this Convention, its terr..."
[parser-unknown-class] "ArtPara", text="2. Two or more Parties may notify the Secretary‑General that, as the result of the establishment ..."
[parser-unknown-class] "ArtPara", text="3. Any notification under paragraph 1 or 2 shall take effect on 1 January of the year following t..."
[parser-unknown-class] "Art1", text="ARTICLE 29"
[parser-unknown-class] "ArtItal", text="Denunciation"
[parser-unknown-class] "ArtPara", text="1. After the expiry of two years from the date of the coming into force of this Convention any Pa..."
[parser-unknown-class] "ArtPara", text="2. The denunciation, if received by the Secretary‑General on or before the first day of July of a..."
[parser-unknown-class] "ArtPara", text="3. The Convention shall be terminated if, as a result of denunciations made in accordance with pa..."
[parser-unknown-class] "Art1", text="ARTICLE 30"
[parser-unknown-class] "ArtItal", text="Amendments"
[parser-unknown-class] "ArtPara", text="1. Any Party may propose an amendment to this Convention. The text of any such amendment and the ..."
[parser-unknown-class] "Arta", text="(a) that a conference shall be called in accordance with paragraph 4 of Article 62 of the Charter..."
[parser-unknown-class] "Arta", text="(b) that the Parties shall be asked whether they accept the proposed amendment and also asked to ..."
[parser-unknown-class] "ArtPara", text="2. If a proposed amendment circulated under paragraph 1 (b) has not been rejected by any Party wi..."
[parser-unknown-class] "Art1", text="ARTICLE 31"
[parser-unknown-class] "ArtItal", text="Disputes"
[parser-unknown-class] "ArtPara", text="1. If there should arise between two or more Parties a dispute relating to the interpretation or ..."
[parser-unknown-class] "ArtPara", text="2. Any such dispute which cannot be settled in the manner prescribed shall be referred, at the re..."
[parser-unknown-class] "Art1", text="ARTICLE 32"
[parser-unknown-class] "ArtItal", text="Reservations"
[parser-unknown-class] "ArtPara", text="1. No reservation other than those made in accordance with paragraphs 2, 3 and 4 of the present a..."
[parser-unknown-class] "ArtPara", text="2. Any State may at the time of signature, ratification or accession make reservations in respect..."
[parser-unknown-class] "Arta", text="(a) article 19, paragraphs 1 and 2;"
[parser-unknown-class] "Arta", text="(b) article 27; and"
[parser-unknown-class] "Arta", text="(c) article 31."
[parser-unknown-class] "ArtPara", text="3. A State which desires to become a Party but wishes to be authorized to make reservations other..."
[parser-unknown-class] "ArtPara", text="4. A State on whose territory there are plants growing wild which contain psychotropic substances..."
[parser-unknown-class] "ArtPara", text="5. A State which has made reservations may at any time by notification in writing to the Secretar..."
[parser-unknown-class] "Art1", text="ARTICLE 33"
[parser-unknown-class] "ArtItal", text="Notifications"
[parser-unknown-class] "ArtPara", text="The Secretary‑General shall notify to all the States referred to in paragraph 1 of article 25:"
[parser-unknown-class] "Arta", text="(a) signatures, ratifications and accessions in accordance with article 25;"
[parser-unknown-class] "Arta", text="(b) the date upon which this Convention enters into force in accordance with article 26;"
[parser-unknown-class] "Arta", text="(c) denunciations in accordance with article 29; and"
[parser-unknown-class] "Arta", text="(d) declarations and notifications under articles 27, 28, 30 and 32."
[parser-unknown-class] "ArtPara", text="IN WITNESS WHEREOF, the undersigned, duly authorized, have signed this Convention on behalf of th..."
[parser-unknown-class] "ArtPara", text="DONE at Vienna, this twenty‑first day of February one thousand nine hundred and seventy‑one, in a..."
[parser-unknown-class] "ArtPara", text="(Here follow the signatures on behalf of the parties to the Convention, including Australia.)"
[parser-diag] processed 651 <p> elements
[parser-diag] last section was added at element index: 112
[parser-diag] state phase at end: ENDNOTES
[parser-diag] hierarchy stack depth at end: 1
[parser-diag] insideSchedule at end: true
[parse] compilation: date=2015-07-01 no=4
[parse] by level:
         section      11
         schedule     1
[db] inserted new legislation row: b89746a4-fde1-4688-a5f2-303825c12231
[db] inserting 12 sections (pass 1)
[db] inserted 12 sections
[db] linking parent FKs (pass 2)
[db] linked 0 parent references

[done] ingested Psychotropic Substances Act 1976
       legislation_id: b89746a4-fde1-4688-a5f2-303825c12231
       sections: 12
       compilation: 2015-07-01
