[fetch] document_1: https://www.legislation.gov.au/C2004A03182/1985-12-04/1985-12-04/text/original/epub/OEBPS/document_1/document_1.html
[fetch] document_1: 48,833 bytes
[fetch] document_2: https://www.legislation.gov.au/C2004A03182/1985-12-04/1985-12-04/text/original/epub/OEBPS/document_2/document_2.html
[fetch] document_2 not found — stopping. Fetched 1 document(s).
[fetch] combined 1 document(s), 48,833 source bytes → 47,735 combined bytes
[citation] Australia (Request and Consent) Act 1985 (Cth)
[parse] starting
[parser-diag] total <p> elements found: 173
[parser-diag] processed 173 <p> elements
[parser-diag] last section was added at element index: 169
[parser-diag] state phase at end: BODY
[parser-diag] hierarchy stack depth at end: 2
[parser-diag] insideSchedule at end: true
[parse] sections: 22
[parse] compilation: date=(none) no=(none)
[parse] warnings: 1
  - ActHead1 with unexpected leading word: "". Captured as 'schedule' as fallback.
[parse] by level:
         section      3
         schedule     2
         schedule_clause 17
[db] inserted new legislation row: 55513e33-e0fc-414c-89a3-2a29f2a6713b
[db] inserting 22 sections (pass 1)
[db] inserted 22 sections
[db] linking parent FKs (pass 2)
[db] linked 17 parent references

[done] ingested Australia (Request and Consent) Act 1985
       legislation_id: 55513e33-e0fc-414c-89a3-2a29f2a6713b
       sections: 22
       compilation: 1985-12-04
