[fetch] document_1: https://www.legislation.gov.au/C2004A01169/2019-07-01/2019-07-01/text/original/epub/OEBPS/document_1/document_1.html
[fetch] document_1: 81,748 bytes
[fetch] document_2: https://www.legislation.gov.au/C2004A01169/2019-07-01/2019-07-01/text/original/epub/OEBPS/document_2/document_2.html
[fetch] document_2 not found — stopping. Fetched 1 document(s).
[fetch] combined 1 document(s), 81,748 source bytes → 79,964 combined bytes
[citation] Australian Heritage Council Act 2003 (Cth)
[parse] starting
[parser-diag] total <p> elements found: 347
[parser-diag] processed 347 <p> elements
[parser-diag] last section was added at element index: 214
[parser-diag] state phase at end: ENDNOTES
[parser-diag] hierarchy stack depth at end: 2
[parser-diag] insideSchedule at end: false
[parse] sections: 30
[parse] compilation: date=2019-07-01 no=4
[parse] by level:
         part         6
         section      24
[db] inserted new legislation row: dbc0cf3a-c819-4362-8bd0-6a41c9be10fb
[db] inserting 30 sections (pass 1)
[db] inserted 30 sections
[db] linking parent FKs (pass 2)
[db] linked 24 parent references

[done] ingested Australian Heritage Council Act 2003
       legislation_id: dbc0cf3a-c819-4362-8bd0-6a41c9be10fb
       sections: 30
       compilation: 2019-07-01
