[fetch] document_1: https://www.legislation.gov.au/C2004A02123/2026-01-22/2026-01-22/text/original/epub/OEBPS/document_1/document_1.html
[fetch] document_1: 1,837,480 bytes
[fetch] document_2: https://www.legislation.gov.au/C2004A02123/2026-01-22/2026-01-22/text/original/epub/OEBPS/document_2/document_2.html
[fetch] document_2 not found — stopping. Fetched 1 document(s).
[fetch] combined 1 document(s), 1,837,480 source bytes → 1,828,966 combined bytes
[citation] Australian Security Intelligence Organisation Act 1979 (Cth)
[parse] starting
[parser-diag] total <p> elements found: 6745
[parser-diag] processed 6745 <p> elements
[parser-diag] last section was added at element index: 4491
[parser-diag] state phase at end: ENDNOTES
[parser-diag] hierarchy stack depth at end: 2
[parser-diag] insideSchedule at end: false
[parse] sections: 276
[parse] compilation: date=2026-01-22 no=83
[parse] by level:
         part         7
         section      236
         division     11
         subdivision  22
[db] inserted new legislation row: b7651f44-6fd6-4454-91f3-c1d242acbe78
[db] inserting 276 sections (pass 1)
[db] inserted 276 sections
[db] linking parent FKs (pass 2)
[db] linked 269 parent references

[done] ingested Australian Security Intelligence Organisation Act 1979
       legislation_id: b7651f44-6fd6-4454-91f3-c1d242acbe78
       sections: 276
       compilation: 2026-01-22
