[fetch] document_1: https://www.legislation.gov.au/C2004A03909/2018-06-19/2018-06-19/text/original/epub/OEBPS/document_1/document_1.html
[fetch] document_1: 38,021 bytes
[fetch] document_2: https://www.legislation.gov.au/C2004A03909/2018-06-19/2018-06-19/text/original/epub/OEBPS/document_2/document_2.html
[fetch] document_2 not found — stopping. Fetched 1 document(s).
[fetch] combined 1 document(s), 38,021 source bytes → 36,026 combined bytes
[citation] Marine Navigation Levy Act 1989 (Cth)
[parse] starting
[parser-diag] total <p> elements found: 175
[parser-diag] processed 175 <p> elements
[parser-diag] last section was added at element index: 69
[parser-diag] state phase at end: ENDNOTES
[parser-diag] hierarchy stack depth at end: 1
[parser-diag] insideSchedule at end: false
[parse] sections: 8
[parse] compilation: date=2018-06-19 no=2
[parse] by level:
         section      8
[db] inserted new legislation row: a3eacbbe-de63-4cea-ba7c-e9077e5ea45b
[db] inserting 8 sections (pass 1)
[db] inserted 8 sections
[db] linking parent FKs (pass 2)
[db] linked 0 parent references

[done] ingested Marine Navigation Levy Act 1989
       legislation_id: a3eacbbe-de63-4cea-ba7c-e9077e5ea45b
       sections: 8
       compilation: 2018-06-19
