[fetch] document_1: https://www.legislation.gov.au/C2004A00100/2025-11-01/2025-11-01/text/original/epub/OEBPS/document_1/document_1.html
[fetch] document_1: 493,603 bytes
[fetch] document_2: https://www.legislation.gov.au/C2004A00100/2025-11-01/2025-11-01/text/original/epub/OEBPS/document_2/document_2.html
[fetch] document_2 not found — stopping. Fetched 1 document(s).
[fetch] combined 1 document(s), 493,603 source bytes → 491,580 combined bytes
[citation] Human Services (Medicare) Act 1973 (Cth)
[parse] starting
[parser-diag] total <p> elements found: 2021
[parser-diag] processed 2021 <p> elements
[parser-diag] last section was added at element index: 794
[parser-diag] state phase at end: ENDNOTES
[parser-diag] hierarchy stack depth at end: 2
[parser-diag] insideSchedule at end: false
[parse] sections: 73
[parse] compilation: date=2025-11-01 no=51
[parse] by level:
         part         4
         section      63
         division     6
[db] inserted new legislation row: 7e17d74a-f9b2-4aec-9b12-71de10b742ac
[db] inserting 73 sections (pass 1)
[db] inserted 73 sections
[db] linking parent FKs (pass 2)
[db] linked 69 parent references

[done] ingested Human Services (Medicare) Act 1973
       legislation_id: 7e17d74a-f9b2-4aec-9b12-71de10b742ac
       sections: 73
       compilation: 2025-11-01
