[fetch] document_1: https://www.legislation.gov.au/C2004A02107/1979-10-17/1979-10-17/text/original/epub/OEBPS/document_1/document_1.html
[fetch] document_1: 7,166 bytes
[fetch] document_2: https://www.legislation.gov.au/C2004A02107/1979-10-17/1979-10-17/text/original/epub/OEBPS/document_2/document_2.html
[fetch] document_2 not found — stopping. Fetched 1 document(s).
[fetch] combined 1 document(s), 7,166 source bytes → 6,177 combined bytes
[citation] Loan Act 1979 (Cth)
[parse] starting
[parser-diag] total <p> elements found: 17
[parser-diag] processed 17 <p> elements
[parser-diag] last section was added at element index: -1
[parser-diag] state phase at end: PRE_BODY
[parser-diag] hierarchy stack depth at end: 0
[parser-diag] insideSchedule at end: false
[parse] sections: 0
[parse] compilation: date=(none) no=(none)
[parse] by level:
[db] inserted new legislation row: 92a4d8ee-3bf0-4880-bfce-8a06b400a3d6
[db] inserting 0 sections (pass 1)
[db] inserted 0 sections
[db] linking parent FKs (pass 2)
[db] linked 0 parent references

[done] ingested Loan Act 1979
       legislation_id: 92a4d8ee-3bf0-4880-bfce-8a06b400a3d6
       sections: 0
       compilation: 1979-10-17
