[fetch] document_1: https://www.legislation.gov.au/C2004A01243/2005-03-10/2005-03-10/text/original/epub/OEBPS/document_1/document_1.html
[fetch] document_1: 33,770 bytes
[fetch] document_2: https://www.legislation.gov.au/C2004A01243/2005-03-10/2005-03-10/text/original/epub/OEBPS/document_2/document_2.html
[fetch] document_2 not found — stopping. Fetched 1 document(s).
[fetch] combined 1 document(s), 33,770 source bytes → 32,812 combined bytes
[citation] Aviation Transport Security (Consequential Amendments and Transitional Provisions) Act 2004 (Cth)
[parse] starting
[parser-diag] total <p> elements found: 170
[parser-unknown-class] "ActHead6", text="Schedule 1—Air Navigation Act 1920"
[parser-unknown-class] "ItemHead", text="1  Subsection 3(1) (definition of airport security committee)"
[parser-unknown-class] "ItemHead", text="2  Subsection 3(1) (definition of aviation industry participant)"
[parser-unknown-class] "ItemHead", text="3  Subsection 3(1) (definition of aviation security)"
[parser-unknown-class] "ItemHead", text="4  Subsection 3(1) (definition of aviation security information)"
[parser-unknown-class] "ItemHead", text="5  Subsection 3(1) (definition of categorised airport)"
[parser-unknown-class] "ItemHead", text="6  Subsection 3(1) (definition of charter aircraft)"
[parser-unknown-class] "ItemHead", text="7  Subsection 3(1) (definition of clear)"
[parser-unknown-class] "ItemHead", text="8  Subsection 3(1) (definition of domestic air service)"
[parser-unknown-class] "ItemHead", text="9  Subsection 3(1) (definition of emergency operations centre)"
[parser-unknown-class] "ItemHead", text="10  Subsection 3(1) (definition of protective service officer)"
[parser-unknown-class] "ItemHead", text="11  Subsection 3(1) (definition of regular public transport aircraft)"
[parser-unknown-class] "ItemHead", text="12  Subsection 3(1) (definition of screen)"
[parser-unknown-class] "ItemHead", text="13  Subsection 3(1) (definition of screening authority)"
[parser-unknown-class] "ItemHead", text="14  Subsection 3(1) (definition of screening officer)"
[parser-unknown-class] "ItemHead", text="15  Subsection 3(1) (definition of screening point)"
[parser-unknown-class] "ItemHead", text="16  Subsection 3(1) (definition of security restricted area)"
[parser-unknown-class] "ItemHead", text="17  Subsection 3(1) (definition of sterile area)"
[parser-unknown-class] "ItemHead", text="18  Subsection 3(1) (definition of terminal facility)"
[parser-unknown-class] "ItemHead", text="19  Subsection 3(1) (definition of terminal operator)"
[parser-unknown-class] "ItemHead", text="20  Subsection 3(1) (definition of transceiver)"
[parser-unknown-class] "ItemHead", text="21  Subsection 3(1) (definition of uniformed security force)"
[parser-unknown-class] "ItemHead", text="22  Subsection 3(1) (definition of unlawful interference with aviation)"
[parser-unknown-class] "ItemHead", text="23  Subsection 3(1) (definition of weapon)"
[parser-unknown-class] "ItemHead", text="24  Section 3AA"
[parser-unknown-class] "ItemHead", text="25  Section 3AD"
[parser-unknown-class] "ItemHead", text="26  Section 3AE"
[parser-unknown-class] "ItemHead", text="27  Section 3AF"
[parser-unknown-class] "ItemHead", text="28  Paragraph 13(a)"
[parser-unknown-class] "ItemHead", text="29  Subparagraph 13(c)(i)"
[parser-unknown-class] "ItemHead", text="30  Part 3"
[parser-unknown-class] "ItemHead", text="31  Part 3A"
[parser-unknown-class] "ItemHead", text="32  Paragraph 23A(1)(e)"
[parser-unknown-class] "ItemHead", text="33  Paragraphs 23A(1)(h) to (u)"
[parser-unknown-class] "ItemHead", text="34  Paragraph 26(2)(a)"
[parser-unknown-class] "ItemHead", text="35  Section 28"
[parser-unknown-class] "ActHead6", text="Schedule 2—Amendment of other Acts"
[parser-unknown-class] "ActHead9", text="Air Services Act 1995"
[parser-unknown-class] "ItemHead", text="1  Paragraph 8(1)(f)"
[parser-unknown-class] "ActHead9", text="Australian Protective Service Act 1987"
[parser-unknown-class] "ItemHead", text="2  After subparagraph 13(2)(a)(v)"
[parser-unknown-class] "ActHead9", text="Crimes (Aviation) Act 1991"
[parser-unknown-class] "ItemHead", text="3  Paragraph 23(2)(b)"
[parser-unknown-class] "ActHead9", text="Sea Installations Act 1987"
[parser-unknown-class] "ItemHead", text="4  The Schedule"
[parser-unknown-class] "ActHead6", text="Schedule 3—Transitional provisions"
[parser-unknown-class] "ItemHead", text="1  Regulations"
[parser-unknown-class] "Subitem", text="(1) The Governor‑General may make regulations prescribing matters:"
[parser-unknown-class] "Subitem", text="(2) In particular, regulations may be made:"
[parser-unknown-class] "Subitem", text="(3) In this item:"
[parser-unknown-class] "ItemHead", text="2  Aviation security program continuation"
[parser-unknown-class] "2ndRd", text=""
[parser-unknown-class] "2ndRd", text=""
[parser-unknown-class] "2ndRd", text=""
[parser-unknown-class] "2ndRd", text=""
[parser-unknown-class] "2ndRd", text=""
[parser-unknown-class] "2ndRd", text=""
[parser-unknown-class] "2ndRd", text="[Minister’s second reading speech made in—"
[parser-unknown-class] "2ndRd", text="House of Representatives on 27 March 2003"
[parser-unknown-class] "2ndRd", text="Senate on 10 February 2004]"
[parser-diag] processed 170 <p> elements
[parser-diag] last section was added at element index: 48
[parser-diag] state phase at end: BODY
[parser-diag] hierarchy stack depth at end: 1
[parser-diag] insideSchedule at end: false
[parse] sections: 3
[parse] compilation: date=(none) no=(none)
[parse] by level:
         section      3
[db] inserted new legislation row: 0139a777-7c53-44b3-99e0-4fd24d6d9479
[db] inserting 3 sections (pass 1)
[db] inserted 3 sections
[db] linking parent FKs (pass 2)
[db] linked 0 parent references

[done] ingested Aviation Transport Security (Consequential Amendments and Transitional Provisions) Act 2004
       legislation_id: 0139a777-7c53-44b3-99e0-4fd24d6d9479
       sections: 3
       compilation: 2005-03-10
