[fetch] document_1: https://www.legislation.gov.au/C2008A00157/2008-12-18/2008-12-18/text/original/epub/OEBPS/document_1/document_1.html
[fetch] document_1: 35,508 bytes
[fetch] document_2: https://www.legislation.gov.au/C2008A00157/2008-12-18/2008-12-18/text/original/epub/OEBPS/document_2/document_2.html
[fetch] document_2 not found — stopping. Fetched 1 document(s).
[fetch] combined 1 document(s), 35,508 source bytes → 34,162 combined bytes
[citation] Safe Work Australia (Consequential and Transitional Provisions) Act 2008 (Cth)
[parse] starting
[parser-diag] total <p> elements found: 157
[parser-unknown-class] "ActHead6", text="Schedule 1—Repeal of the Australian Workplace Safety Standards Act 2005"
[parser-unknown-class] "ActHead9", text="Australian Workplace Safety Standards Act 2005"
[parser-unknown-class] "ItemHead", text="1  The whole of the Act"
[parser-unknown-class] "ActHead6", text="Schedule 2—Consequential amendments"
[parser-unknown-class] "ActHead9", text="Occupational Health and Safety Act 1991"
[parser-unknown-class] "ItemHead", text="1  Subsection 70(9) (definition of advisory standard or code)"
[parser-unknown-class] "ItemHead", text="2  Application of item 1"
[parser-unknown-class] "ActHead9", text="Occupational Health and Safety (Maritime Industry) Act 1993"
[parser-unknown-class] "ItemHead", text="3  Subsection 109(9) (definition of advisory standard or code)"
[parser-unknown-class] "ItemHead", text="4  Application of item 3"
[parser-unknown-class] "ActHead9", text="Safety, Rehabilitation and Compensation Act 1988"
[parser-unknown-class] "ItemHead", text="5  Paragraph 89E(1)(f)"
[parser-unknown-class] "ItemHead", text="6  Subsection 89E(3)"
[parser-unknown-class] "ItemHead", text="7  Subsection 89H(2)"
[parser-unknown-class] "ActHead6", text="Schedule 3—Transitional provisions"
[parser-unknown-class] "ItemHead", text="1  Transfer of national standards and codes of practice"
[parser-unknown-class] "ItemHead", text="2  Function and power to declare national standards and codes of practice"
[parser-unknown-class] "Subitem", text="(1) It is a function of Safe Work Australia to declare national standards and codes of practice r..."
[parser-unknown-class] "Subitem", text="(2) Safe Work Australia may, by written instrument, declare a national standard or code of practi..."
[parser-unknown-class] "Subitem", text="(3) Before declaring a national standard or code of practice, Safe Work Australia must consult in..."
[parser-unknown-class] "Subitem", text="(4) As soon as practicable after Safe Work Australia declares a national standard or code of prac..."
[parser-unknown-class] "Subitem", text="(5) Safe Work Australia must, as soon as practicable after declaring a national standard or code ..."
[parser-unknown-class] "Subitem", text="(6) A national standard or code of practice is an instrument of an advisory character and is not ..."
[parser-unknown-class] "ItemHead", text="3  Steps preparatory to declaring national standards and codes of practice"
[parser-unknown-class] "SubitemHead", text="Gazettal notice"
[parser-unknown-class] "Subitem", text="(1) Before declaring a national standard or code of practice under item 2 of this Schedule, Safe ..."
[parser-unknown-class] "Subitem", text="(2) The notice must:"
[parser-unknown-class] "SubitemHead", text="Other invitations for comment"
[parser-unknown-class] "Subitem", text="(3) In addition to the notice under subitem (1), Safe Work Australia may use other means to invit..."
[parser-unknown-class] "Subitem", text="(4) If Safe Work Australia gives an invitation under subitem (3), Safe Work Australia must:"
[parser-unknown-class] "Subitem", text="(5) However, Safe Work Australia is only required to give one notice to the person in relation to..."
[parser-unknown-class] "SubitemHead", text="Consideration of comments"
[parser-unknown-class] "Subitem", text="(6) Safe Work Australia must consider any comments made to it and, if it thinks fit, may alter th..."
[parser-unknown-class] "ItemHead", text="4  Cessation of function and power to declare national standards and codes of practice"
[parser-unknown-class] "Subitem", text="(1) In this item:"
[parser-unknown-class] "Subitem", text="(2) On and after the cessation date, Safe Work Australia no longer has the functions or powers re..."
[parser-unknown-class] "Subitem", text="(3) However, a national standard or code of practice declared by Safe Work Australia under item 2..."
[parser-unknown-class] "ItemHead", text="5  First plans of Safe Work Australia"
[parser-unknown-class] "Subitem", text="(1) Safe Work Australia must prepare the first draft strategic plan mentioned in section 27 of th..."
[parser-unknown-class] "Subitem", text="(2) Safe Work Australia must prepare the first draft operational plan referred to in section 29 o..."
[parser-unknown-class] "ItemHead", text="6  Requirement for meetings of Safe Work Australia in the first financial year"
[parser-unknown-class] "ItemHead", text="7  Regulations"
[parser-unknown-class] "Subitem", text="(1) The Governor‑General may make regulations prescribing matters:"
[parser-unknown-class] "Subitem", text="(2) In particular, regulations may be made prescribing matters of a transitional nature (includin..."
[parser-unknown-class] "2ndRd", text=""
[parser-unknown-class] "2ndRd", text="[Minister’s second reading speech made in—"
[parser-unknown-class] "2ndRd", text="House of Representatives on 4 September 2008"
[parser-unknown-class] "2ndRd", text="Senate on 23 September 2008]"
[parser-diag] processed 157 <p> elements
[parser-diag] last section was added at element index: 61
[parser-diag] state phase at end: BODY
[parser-diag] hierarchy stack depth at end: 1
[parser-diag] insideSchedule at end: false
[parse] sections: 3
[parse] compilation: date=(none) no=(none)
[parse] by level:
         section      3
[db] inserted new legislation row: d666d156-2b7a-48c3-afd7-c51e3f3f3369
[db] inserting 3 sections (pass 1)
[db] inserted 3 sections
[db] linking parent FKs (pass 2)
[db] linked 0 parent references

[done] ingested Safe Work Australia (Consequential and Transitional Provisions) Act 2008
       legislation_id: d666d156-2b7a-48c3-afd7-c51e3f3f3369
       sections: 3
       compilation: 2008-12-18
