[fetch] document_1: https://www.legislation.gov.au/C2004A01081/2022-10-01/2022-10-01/text/original/epub/OEBPS/document_1/document_1.html
[fetch] document_1: 126,562 bytes
[fetch] document_2: https://www.legislation.gov.au/C2004A01081/2022-10-01/2022-10-01/text/original/epub/OEBPS/document_2/document_2.html
[fetch] document_2 not found — stopping. Fetched 1 document(s).
[fetch] combined 1 document(s), 126,562 source bytes → 124,630 combined bytes
[citation] Prohibition of Human Cloning for Reproduction Act 2002 (Cth)
[parse] starting
[parser-diag] total <p> elements found: 538
[parser-diag] processed 538 <p> elements
[parser-diag] last section was added at element index: 311
[parser-diag] state phase at end: ENDNOTES
[parser-diag] hierarchy stack depth at end: 3
[parser-diag] insideSchedule at end: false
[parse] sections: 35
[parse] compilation: date=2022-10-01 no=7
[parse] by level:
         part         4
         section      29
         division     2
[db] inserted new legislation row: 9949b7d1-7307-4c59-b222-8160a688092f
[db] inserting 35 sections (pass 1)
[db] inserted 35 sections
[db] linking parent FKs (pass 2)
[db] linked 31 parent references

[done] ingested Prohibition of Human Cloning for Reproduction Act 2002
       legislation_id: 9949b7d1-7307-4c59-b222-8160a688092f
       sections: 35
       compilation: 2022-10-01
