[fetch] document_1: https://www.legislation.gov.au/C2006A00149/2024-10-14/2024-10-14/text/original/epub/OEBPS/document_1/document_1.html
[fetch] document_1: 374,995 bytes
[fetch] document_2: https://www.legislation.gov.au/C2006A00149/2024-10-14/2024-10-14/text/original/epub/OEBPS/document_2/document_2.html
[fetch] document_2 not found — stopping. Fetched 1 document(s).
[fetch] combined 1 document(s), 374,995 source bytes → 373,059 combined bytes
[citation] Inspector of Transport Security Act 2006 (Cth)
[parse] starting
[parser-diag] total <p> elements found: 1356
[parser-diag] processed 1356 <p> elements
[parser-diag] last section was added at element index: 1164
[parser-diag] state phase at end: ENDNOTES
[parser-diag] hierarchy stack depth at end: 2
[parser-diag] insideSchedule at end: false
[parse] sections: 115
[parse] compilation: date=2024-10-14 no=8
[parse] by level:
         part         9
         section      93
         division     13
[db] inserted new legislation row: a0eda7c3-6137-43e1-ac1a-0544cca384da
[db] inserting 115 sections (pass 1)
[db] inserted 115 sections
[db] linking parent FKs (pass 2)
[db] linked 106 parent references

[done] ingested Inspector of Transport Security Act 2006
       legislation_id: a0eda7c3-6137-43e1-ac1a-0544cca384da
       sections: 115
       compilation: 2024-10-14
