[fetch] document_1: https://www.legislation.gov.au/C2004A00278/2014-07-01/2014-07-01/text/original/epub/OEBPS/document_1/document_1.html
[fetch] document_1: 194,789 bytes
[fetch] document_2: https://www.legislation.gov.au/C2004A00278/2014-07-01/2014-07-01/text/original/epub/OEBPS/document_2/document_2.html
[fetch] document_2 not found — stopping. Fetched 1 document(s).
[fetch] combined 1 document(s), 194,789 source bytes → 192,378 combined bytes
[citation] Postal and Telecommunications Commissions (Transitional Provisions) Act 1975 (Cth)
[parse] starting
[parser-diag] total <p> elements found: 605
[parser-diag] processed 605 <p> elements
[parser-diag] last section was added at element index: 410
[parser-diag] state phase at end: ENDNOTES
[parser-diag] hierarchy stack depth at end: 2
[parser-diag] insideSchedule at end: false
[parse] sections: 44
[parse] compilation: date=(none) no=(none)
[parse] by level:
         part         6
         section      38
[db] inserted new legislation row: 9d704506-2af1-4368-9338-2b7be031c36e
[db] inserting 44 sections (pass 1)
[db] inserted 44 sections
[db] linking parent FKs (pass 2)
[db] linked 38 parent references

[done] ingested Postal and Telecommunications Commissions (Transitional Provisions) Act 1975
       legislation_id: 9d704506-2af1-4368-9338-2b7be031c36e
       sections: 44
       compilation: 2014-07-01
