[fetch] document_1: https://www.legislation.gov.au/C2004A00075/2026-04-01/2026-04-01/text/original/epub/OEBPS/document_1/document_1.html
[fetch] document_1: 236,894 bytes
[fetch] document_2: https://www.legislation.gov.au/C2004A00075/2026-04-01/2026-04-01/text/original/epub/OEBPS/document_2/document_2.html
[fetch] document_2 not found — stopping. Fetched 1 document(s).
[fetch] combined 1 document(s), 236,894 source bytes → 234,555 combined bytes
[citation] Governor-General Act 1974 (Cth)
[parse] starting
[parser-diag] total <p> elements found: 898
[parser-diag] processed 898 <p> elements
[parser-diag] last section was added at element index: 464
[parser-diag] state phase at end: ENDNOTES
[parser-diag] hierarchy stack depth at end: 1
[parser-diag] insideSchedule at end: false
[parse] sections: 34
[parse] compilation: date=2026-04-01 no=25
[parse] by level:
         section      34
[db] inserted new legislation row: fb848151-2c2c-412b-bfa2-cd58e88c1be2
[db] inserting 34 sections (pass 1)
[db] inserted 34 sections
[db] linking parent FKs (pass 2)
[db] linked 0 parent references

[done] ingested Governor-General Act 1974
       legislation_id: fb848151-2c2c-412b-bfa2-cd58e88c1be2
       sections: 34
       compilation: 2026-04-01
