[fetch] document_1: https://www.legislation.gov.au/C2004A05158/1997-05-22/1997-05-22/text/original/epub/OEBPS/document_1/document_1.html
[fetch] document_1: 16,863 bytes
[fetch] document_2: https://www.legislation.gov.au/C2004A05158/1997-05-22/1997-05-22/text/original/epub/OEBPS/document_2/document_2.html
[fetch] document_2 not found — stopping. Fetched 1 document(s).
[fetch] combined 1 document(s), 16,863 source bytes → 15,785 combined bytes
[citation] Hindmarsh Island Bridge Act 1997 (Cth)
[parse] starting
[parser-diag] total <p> elements found: 96
[parser-unknown-class] "ActHead6", text="Schedule 1—Description of areas"
[parser-diag] processed 96 <p> elements
[parser-diag] last section was added at element index: 63
[parser-diag] state phase at end: BODY
[parser-diag] hierarchy stack depth at end: 1
[parser-diag] insideSchedule at end: false
[parse] sections: 6
[parse] compilation: date=(none) no=(none)
[parse] by level:
         section      6
[db] inserted new legislation row: 13e5e21b-7449-4781-9524-2feea915cf7e
[db] inserting 6 sections (pass 1)
[db] inserted 6 sections
[db] linking parent FKs (pass 2)
[db] linked 0 parent references

[done] ingested Hindmarsh Island Bridge Act 1997
       legislation_id: 13e5e21b-7449-4781-9524-2feea915cf7e
       sections: 6
       compilation: 1997-05-22
