[fetch] document_1: https://www.legislation.gov.au/C2004A05201/1999-12-05/1999-12-05/text/original/epub/OEBPS/document_1/document_1.html
[fetch] document_1: 55,609 bytes
[fetch] document_2: https://www.legislation.gov.au/C2004A05201/1999-12-05/1999-12-05/text/original/epub/OEBPS/document_2/document_2.html
[fetch] document_2 not found — stopping. Fetched 1 document(s).
[fetch] combined 1 document(s), 55,609 source bytes → 54,672 combined bytes
[citation] Commonwealth Vehicles (Registration and Exemption from Taxation) Act 1997 (Cth)
[parse] starting
[parser-diag] total <p> elements found: 196
[parser-unknown-class] "ActNotesa", text="(a) The Commonwealth Vehicles (Registration and Exemption from Taxation) Act 1997 was amended by ..."
[parser-unknown-class] "ActNotes1", text="(1) In this Act, commencing time means the time when the Public Service Act 1999 commences."
[parser-unknown-class] "ActNotes1", text="(2) Subject to this section, this Act commences at the commencing time."
[parser-unknown-class] "ActNotesa", text=""
[parser-diag] processed 196 <p> elements
[parser-diag] last section was added at element index: 157
[parser-diag] state phase at end: BODY
[parser-diag] hierarchy stack depth at end: 2
[parser-diag] insideSchedule at end: false
[parse] sections: 21
[parse] compilation: date=(none) no=(none)
[parse] by level:
         part         4
         section      17
[db] inserted new legislation row: 8e1f73d0-8ce8-4cd3-b6e1-755265ff653a
[db] inserting 21 sections (pass 1)
[db] inserted 21 sections
[db] linking parent FKs (pass 2)
[db] linked 17 parent references

[done] ingested Commonwealth Vehicles (Registration and Exemption from Taxation) Act 1997
       legislation_id: 8e1f73d0-8ce8-4cd3-b6e1-755265ff653a
       sections: 21
       compilation: 1999-12-05
