[fetch] document_1: https://www.legislation.gov.au/C2004A03656/2024-10-14/2024-10-14/text/original/epub/OEBPS/document_1/document_1.html
[fetch] document_1: 1,022,622 bytes
[fetch] document_2: https://www.legislation.gov.au/C2004A03656/2024-10-14/2024-10-14/text/original/epub/OEBPS/document_2/document_2.html
[fetch] document_2 not found — stopping. Fetched 1 document(s).
[fetch] combined 1 document(s), 1,022,622 source bytes → 1,019,650 combined bytes
[citation] Civil Aviation Act 1988 (Cth)
[parse] starting
[parser-diag] total <p> elements found: 4048
[parser-diag] processed 4048 <p> elements
[parser-diag] last section was added at element index: 2337
[parser-diag] state phase at end: ENDNOTES
[parser-diag] hierarchy stack depth at end: 2
[parser-diag] insideSchedule at end: false
[parse] sections: 268
[parse] compilation: date=2024-10-14 no=64
[parse] by level:
         part         11
         section      215
         division     20
         subdivision  22
[db] inserted new legislation row: 2f7053f6-6a77-4acf-b6de-639ddb1ab326
[db] inserting 268 sections (pass 1)
[db] inserted 268 sections
[db] linking parent FKs (pass 2)
[db] linked 257 parent references

[done] ingested Civil Aviation Act 1988
       legislation_id: 2f7053f6-6a77-4acf-b6de-639ddb1ab326
       sections: 268
       compilation: 2024-10-14
