[fetch] document_1: https://www.legislation.gov.au/C2004A04396/2016-07-01/2016-07-01/text/original/epub/OEBPS/document_1/document_1.html
[fetch] document_1: 66,357 bytes
[fetch] document_2: https://www.legislation.gov.au/C2004A04396/2016-07-01/2016-07-01/text/original/epub/OEBPS/document_2/document_2.html
[fetch] document_2 not found — stopping. Fetched 1 document(s).
[fetch] combined 1 document(s), 66,357 source bytes → 64,273 combined bytes
[citation] Broadcasting Services (Transitional Provisions and Consequential Amendments) Act 1992 (Cth)
[parse] starting
[parser-diag] total <p> elements found: 299
[parser-diag] processed 299 <p> elements
[parser-diag] last section was added at element index: 77
[parser-diag] state phase at end: ENDNOTES
[parser-diag] hierarchy stack depth at end: 3
[parser-diag] insideSchedule at end: false
[parse] sections: 12
[parse] compilation: date=2016-07-01 no=7
[parse] by level:
         part         2
         section      8
         division     2
[db] inserted new legislation row: e39e7689-04ee-4718-b925-b122cf6dd3f0
[db] inserting 12 sections (pass 1)
[db] inserted 12 sections
[db] linking parent FKs (pass 2)
[db] linked 10 parent references

[done] ingested Broadcasting Services (Transitional Provisions and Consequential Amendments) Act 1992
       legislation_id: e39e7689-04ee-4718-b925-b122cf6dd3f0
       sections: 12
       compilation: 2016-07-01
