[fetch] document_1: https://www.legislation.gov.au/C2004A04613/2015-06-25/2015-06-25/text/original/epub/OEBPS/document_1/document_1.html
[fetch] document_1: 58,195 bytes
[fetch] document_2: https://www.legislation.gov.au/C2004A04613/2015-06-25/2015-06-25/text/original/epub/OEBPS/document_2/document_2.html
[fetch] document_2 not found — stopping. Fetched 1 document(s).
[fetch] combined 1 document(s), 58,195 source bytes → 56,189 combined bytes
[citation] Taxation (Deficit Reduction) Act (No. 3) 1993 (Cth)
[parse] starting
[parser-diag] total <p> elements found: 292
[parser-unknown-class] "Specials", text="159N  Rebate for certain low‑income taxpayers"
[parser-diag] processed 292 <p> elements
[parser-diag] last section was added at element index: 191
[parser-diag] state phase at end: ENDNOTES
[parser-diag] hierarchy stack depth at end: 3
[parser-diag] insideSchedule at end: false
[parse] sections: 21
[parse] compilation: date=2015-06-25 no=1
[parse] by level:
         part         4
         section      12
         division     5
[db] inserted new legislation row: 496acaf3-700b-489c-bf22-92313cd58232
[db] inserting 21 sections (pass 1)
[db] inserted 21 sections
[db] linking parent FKs (pass 2)
[db] linked 17 parent references

[done] ingested Taxation (Deficit Reduction) Act (No. 3) 1993
       legislation_id: 496acaf3-700b-489c-bf22-92313cd58232
       sections: 21
       compilation: 2015-06-25
