[fetch] document_1: https://www.legislation.gov.au/C2006A00169/2026-03-31/2026-03-31/text/original/epub/OEBPS/document_1/document_1.html
[fetch] document_1: 1,935,091 bytes
[fetch] document_2: https://www.legislation.gov.au/C2006A00169/2026-03-31/2026-03-31/text/original/epub/OEBPS/document_2/document_2.html
[fetch] document_2 not found — stopping. Fetched 1 document(s).
[fetch] combined 1 document(s), 1,935,091 source bytes → 1,931,822 combined bytes
[citation] Anti-Money (Cth)
[parse] starting
[parser-diag] total <p> elements found: 7459
[parser-diag] processed 7459 <p> elements
[parser-diag] last section was added at element index: 5918
[parser-diag] state phase at end: ENDNOTES
[parser-diag] hierarchy stack depth at end: 2
[parser-diag] insideSchedule at end: true
[parse] sections: 434
[parse] compilation: date=2026-03-31 no=60
[parse] by level:
         part         22
         section      330
         division     73
         subdivision  7
         schedule     1
         schedule_clause 1
[db] inserted new legislation row: 432a5729-4349-4de6-ae73-b03dca667d71
[db] inserting 434 sections (pass 1)
[db] inserted 434 sections
[db] linking parent FKs (pass 2)
[db] linked 411 parent references

[done] ingested Anti-Money
       legislation_id: 432a5729-4349-4de6-ae73-b03dca667d71
       sections: 434
       compilation: 2026-03-31
