[fetch] document_1: https://www.legislation.gov.au/C2004A04384/2003-07-01/2003-07-01/text/original/epub/OEBPS/document_1/document_1.html
[fetch] document_1: 17,428 bytes
[fetch] document_2: https://www.legislation.gov.au/C2004A04384/2003-07-01/2003-07-01/text/original/epub/OEBPS/document_2/document_2.html
[fetch] document_2 not found — stopping. Fetched 1 document(s).
[fetch] combined 1 document(s), 17,428 source bytes → 16,253 combined bytes
[citation] Superannuation Guarantee Charge Act 1992 (Cth)
[parse] starting
[parser-diag] total <p> elements found: 70
[parser-diag] processed 70 <p> elements
[parser-diag] last section was added at element index: -1
[parser-diag] state phase at end: PRE_BODY
[parser-diag] hierarchy stack depth at end: 0
[parser-diag] insideSchedule at end: false
[parse] sections: 0
[parse] compilation: date=(none) no=(none)
[parse] by level:
[db] inserted new legislation row: cbb528d2-3f43-4ed8-b869-994fa401e125
[db] inserting 0 sections (pass 1)
[db] inserted 0 sections
[db] linking parent FKs (pass 2)
[db] linked 0 parent references

[done] ingested Superannuation Guarantee Charge Act 1992
       legislation_id: cbb528d2-3f43-4ed8-b869-994fa401e125
       sections: 0
       compilation: 2003-07-01
