[fetch] document_1: https://www.legislation.gov.au/C2004A04316/2019-07-01/2019-07-01/text/original/epub/OEBPS/document_1/document_1.html
[fetch] document_1: 97,963 bytes
[fetch] document_2: https://www.legislation.gov.au/C2004A04316/2019-07-01/2019-07-01/text/original/epub/OEBPS/document_2/document_2.html
[fetch] document_2 not found — stopping. Fetched 1 document(s).
[fetch] combined 1 document(s), 97,963 source bytes → 96,077 combined bytes
[citation] Mutual Assistance in Business Regulation Act 1992 (Cth)
[parse] starting
[parser-diag] total <p> elements found: 384
[parser-diag] processed 384 <p> elements
[parser-diag] last section was added at element index: 228
[parser-diag] state phase at end: ENDNOTES
[parser-diag] hierarchy stack depth at end: 2
[parser-diag] insideSchedule at end: false
[parse] sections: 27
[parse] compilation: date=2019-07-01 no=8
[parse] by level:
         part         3
         section      24
[db] inserted new legislation row: 38ea9bbd-c8a2-4356-8c68-6696f0f03a49
[db] inserting 27 sections (pass 1)
[db] inserted 27 sections
[db] linking parent FKs (pass 2)
[db] linked 24 parent references

[done] ingested Mutual Assistance in Business Regulation Act 1992
       legislation_id: 38ea9bbd-c8a2-4356-8c68-6696f0f03a49
       sections: 27
       compilation: 2019-07-01
