[fetch] document_1: https://www.legislation.gov.au/C2004A01260/2005-08-24/2005-08-24/text/original/epub/OEBPS/document_1/document_1.html
[fetch] document_1: 221,746 bytes
[fetch] document_2: https://www.legislation.gov.au/C2004A01260/2005-08-24/2005-08-24/text/original/epub/OEBPS/document_2/document_2.html
[fetch] document_2 not found — stopping. Fetched 1 document(s).
[fetch] combined 1 document(s), 221,746 source bytes → 220,187 combined bytes
[citation] Customs Legislation Amendment (Application of International Trade Modernisation and Other Measures) Act 2004 (Cth)
[parse] starting
[parser-diag] total <p> elements found: 719
[parser-unknown-class] "ActHead6", text="Schedule 1—ITM import amendments"
[parser-unknown-class] "ActHead9", text="Customs Act 1901"
[parser-unknown-class] "ItemHead", text="1  Subsection 4(1) (at the end of the definition of Authority to deal)"
[parser-unknown-class] "ItemHead", text="2  Subsection 4(1) (definition of self‑assessed clearance declaration)"
[parser-unknown-class] "ItemHead", text="3  Subsection 4(1)"
[parser-unknown-class] "ItemHead", text="4  Subsection 64AAA(2)"
[parser-unknown-class] "ItemHead", text="5  Subsection 64ABAB(2)"
[parser-unknown-class] "ItemHead", text="6  Section 71"
[parser-unknown-class] "ItemHead", text="7  Subsection 71AAA(1)"
[parser-unknown-class] "ItemHead", text="8  At the end of subsection 71AAA(3)"
[parser-unknown-class] "ItemHead", text="9  Subparagraph 71C(7)(b)(i)"
[parser-unknown-class] "ItemHead", text="10  Subparagraph 71C(7)(b)(ii)"
[parser-unknown-class] "ItemHead", text="11  Subparagraph 71C(7)(b)(iii)"
[parser-unknown-class] "ItemHead", text="12  Subsection 71E(2A)"
[parser-unknown-class] "ItemHead", text="13  After subsection 71E(2B)"
[parser-unknown-class] "ItemHead", text="14  Subsection 71L(3)"
[parser-unknown-class] "ItemHead", text="15  Subsection 71L(3)"
[parser-unknown-class] "ItemHead", text="16  Subsection 71L(3)"
[parser-unknown-class] "ItemHead", text="17  Paragraph 163(1AE)(a)"
[parser-unknown-class] "ItemHead", text="18  Paragraph 163(1AE)(a)"
[parser-unknown-class] "ItemHead", text="19  Paragraph 163(1AE)(b)"
[parser-unknown-class] "ItemHead", text="20  Subsection 163(1AE)"
[parser-unknown-class] "ItemHead", text="21  Subsection 163(1AE)"
[parser-unknown-class] "ItemHead", text="22  Section 243SB"
[parser-unknown-class] "ItemHead", text="23  Subsection 243X(1)"
[parser-unknown-class] "ItemHead", text="24  At the end of subsection 243X(2)"
[parser-unknown-class] "ItemHead", text="25  Paragraph 273GA(1)(aafa)"
[parser-unknown-class] "ActHead6", text="Schedule 2—Other amendments"
[parser-unknown-class] "ActHead9", text="Customs Act 1901"
[parser-unknown-class] "ItemHead", text="1  Subsection 4(1) (paragraph (a) of the definition of arrival)"
[parser-unknown-class] "ItemHead", text="2  Subsection 9(4)"
[parser-unknown-class] "ItemHead", text="3  Subsection 63(1)"
[parser-unknown-class] "ItemHead", text="4  At the end of section 64ABB"
[parser-unknown-class] "ItemHead", text="5  At the end of Part IV"
[parser-unknown-class] "ItemHead", text="6  Subparagraph 114E(1)(a)(i)"
[parser-unknown-class] "ItemHead", text="7  Subparagraph 114E(1)(a)(i)"
[parser-unknown-class] "ItemHead", text="8  Subparagraph 114E(1)(a)(ii)"
[parser-unknown-class] "ItemHead", text="9  Paragraph 114E(1)(b)"
[parser-unknown-class] "ItemHead", text="10  Subsection 114E(2)"
[parser-unknown-class] "ItemHead", text="11  At the end of section 114E"
[parser-unknown-class] "ItemHead", text="12  Subsection 114F(1A)"
[parser-unknown-class] "ItemHead", text="13  Paragraph 114F(1B)(b)"
[parser-unknown-class] "ItemHead", text="14  At the end of section 114F"
[parser-unknown-class] "ItemHead", text="15  Subsection 119(1)"
[parser-unknown-class] "ItemHead", text="16  Sections 146 and 147"
[parser-unknown-class] "ItemHead", text="17  After Division 1 of Part VIII"
[parser-unknown-class] "ItemHead", text="18  Subsection 184A(13) (the subsection (13) inserted by item 1 of Schedule 1 to the Border Prote..."
[parser-unknown-class] "ItemHead", text="19  At the end of section 184A"
[parser-unknown-class] "ItemHead", text="20  After subsection 185(3)"
[parser-unknown-class] "ItemHead", text="21  Subsections 209(2), (3), (3A) and (3B)"
[parser-unknown-class] "ItemHead", text="22  Paragraph 209(5)(a)"
[parser-unknown-class] "ItemHead", text="23  At the end of paragraphs 209(5)(b) and (c)"
[parser-unknown-class] "ItemHead", text="24  Paragraph 209(6)(a)"
[parser-unknown-class] "ItemHead", text="25  Paragraph 209(6)(b)"
[parser-unknown-class] "ItemHead", text="26  After subsection 240AB(1)"
[parser-unknown-class] "ActHead9", text="Customs Legislation Amendment Act (No. 1) 2002"
[parser-unknown-class] "ItemHead", text="27  Subsection 2(1) (column 2 of table item 23)"
[parser-unknown-class] "ActHead9", text="Customs Legislation Amendment and Repeal (International Trade Modernisation) Act 2001"
[parser-unknown-class] "ItemHead", text="28  Subsection 2(3)"
[parser-unknown-class] "ItemHead", text="29  After subsection 2(3)"
[parser-unknown-class] "ItemHead", text="30  Subsection 2(7)"
[parser-unknown-class] "ItemHead", text="31  Item 82 of Schedule 3"
[parser-unknown-class] "ActHead9", text="Import Processing Charges (Amendment and Repeal) Act 2002"
[parser-unknown-class] "ItemHead", text="32  Subsection 2(1) (paragraph (a) in column 2 of table item 6)"
[parser-unknown-class] "ActHead9", text="Migration Act 1958"
[parser-unknown-class] "ItemHead", text="33  Subsection 245B(11) (the subsection (11) inserted by item 6 of Schedule 2 to the Border Prote..."
[parser-unknown-class] "ItemHead", text="34  Subsection 245B(12)"
[parser-unknown-class] "ItemHead", text="35  At the end of section 245B"
[parser-unknown-class] "ItemHead", text="36  After subsection 245F(8)"
[parser-unknown-class] "2ndRd", text="[Minister’s second reading speech made in—"
[parser-unknown-class] "2ndRd", text="House of Representatives on 4 December 2003"
[parser-unknown-class] "2ndRd", text="Senate on 11 March 2004]"
[parser-diag] processed 719 <p> elements
[parser-diag] last section was added at element index: 639
[parser-diag] state phase at end: BODY
[parser-diag] hierarchy stack depth at end: 3
[parser-diag] insideSchedule at end: false
[parse] sections: 60
[parse] compilation: date=(none) no=(none)
[parse] by level:
         part         2
         section      50
         division     6
         subdivision  2
[db] inserted new legislation row: 5d68fabb-8981-492b-be8a-16bdc77e3899
[db] inserting 60 sections (pass 1)
[db] inserted 60 sections
[db] linking parent FKs (pass 2)
[db] linked 58 parent references

[done] ingested Customs Legislation Amendment (Application of International Trade Modernisation and Other Measures) Act 2004
       legislation_id: 5d68fabb-8981-492b-be8a-16bdc77e3899
       sections: 60
       compilation: 2005-08-24
