[fetch] document_1: https://www.legislation.gov.au/C2007A00053/2026-01-22/2026-01-22/text/original/epub/OEBPS/document_1/document_1.html
[fetch] document_1: 192,767 bytes
[fetch] document_2: https://www.legislation.gov.au/C2007A00053/2026-01-22/2026-01-22/text/original/epub/OEBPS/document_2/document_2.html
[fetch] document_2 not found — stopping. Fetched 1 document(s).
[fetch] combined 1 document(s), 192,767 source bytes → 190,818 combined bytes
[citation] AusCheck Act 2007 (Cth)
[parse] starting
[parser-diag] total <p> elements found: 701
[parser-diag] processed 701 <p> elements
[parser-diag] last section was added at element index: 460
[parser-diag] state phase at end: ENDNOTES
[parser-diag] hierarchy stack depth at end: 2
[parser-diag] insideSchedule at end: false
[parse] sections: 31
[parse] compilation: date=2026-01-22 no=18
[parse] by level:
         part         5
         section      24
         division     2
[db] inserted new legislation row: 93a99b2d-cf6e-4670-88f9-489c43fe4e0a
[db] inserting 31 sections (pass 1)
[db] inserted 31 sections
[db] linking parent FKs (pass 2)
[db] linked 26 parent references

[done] ingested AusCheck Act 2007
       legislation_id: 93a99b2d-cf6e-4670-88f9-489c43fe4e0a
       sections: 31
       compilation: 2026-01-22
