[fetch] document_1: https://www.legislation.gov.au/C2004A01649/2018-05-11/2018-05-11/text/original/epub/OEBPS/document_1/document_1.html
[fetch] document_1: 84,674 bytes
[fetch] document_2: https://www.legislation.gov.au/C2004A01649/2018-05-11/2018-05-11/text/original/epub/OEBPS/document_2/document_2.html
[fetch] document_2 not found — stopping. Fetched 1 document(s).
[fetch] combined 1 document(s), 84,674 source bytes → 82,711 combined bytes
[citation] Crimes (Biological Weapons) Act 1976 (Cth)
[parse] starting
[parser-diag] total <p> elements found: 324
[parser-unknown-class] "SchdlHeadingArticle", text="ARTICLE I"
[parser-unknown-class] "SchdlHeadingArticle", text="ARTICLE II"
[parser-unknown-class] "SchdlHeadingArticle", text="ARTICLE III"
[parser-unknown-class] "SchdlHeadingArticle", text="ARTICLE IV"
[parser-unknown-class] "SchdlHeadingArticle", text="ARTICLE V"
[parser-unknown-class] "SchdlHeadingArticle", text="ARTICLE VI"
[parser-unknown-class] "SchdlHeadingArticle", text="ARTICLE VII"
[parser-unknown-class] "SchdlHeadingArticle", text="ARTICLE VIII"
[parser-unknown-class] "SchdlHeadingArticle", text="ARTICLE IX"
[parser-unknown-class] "SchdlHeadingArticle", text="ARTICLE X"
[parser-unknown-class] "SchdlHeadingArticle", text="ARTICLE XI"
[parser-unknown-class] "SchdlHeadingArticle", text="ARTICLE XII"
[parser-unknown-class] "SchdlHeadingArticle", text="ARTICLE XIII"
[parser-unknown-class] "SchdlHeadingArticle", text="ARTICLE XIV"
[parser-unknown-class] "SchdlHeadingArticle", text="ARTICLE XV"
[parser-diag] processed 324 <p> elements
[parser-diag] last section was added at element index: 118
[parser-diag] state phase at end: ENDNOTES
[parser-diag] hierarchy stack depth at end: 1
[parser-diag] insideSchedule at end: true
[parse] sections: 15
[parse] compilation: date=2018-05-11 no=9
[parse] by level:
         section      14
         schedule     1
[db] inserted new legislation row: 368897b1-c115-4689-b8b8-7bca94435de3
[db] inserting 15 sections (pass 1)
[db] inserted 15 sections
[db] linking parent FKs (pass 2)
[db] linked 0 parent references

[done] ingested Crimes (Biological Weapons) Act 1976
       legislation_id: 368897b1-c115-4689-b8b8-7bca94435de3
       sections: 15
       compilation: 2018-05-11
