[fetch] document_1: https://www.legislation.gov.au/C2004A01156/2016-07-01/2016-07-01/text/original/epub/OEBPS/document_1/document_1.html
[fetch] document_1: 52,901 bytes
[fetch] document_2: https://www.legislation.gov.au/C2004A01156/2016-07-01/2016-07-01/text/original/epub/OEBPS/document_2/document_2.html
[fetch] document_2 not found — stopping. Fetched 1 document(s).
[fetch] combined 1 document(s), 52,901 source bytes → 50,949 combined bytes
[citation] Private Health Insurance (Collapsed Insurer Levy) Act 2003 (Cth)
[parse] starting
[parser-diag] total <p> elements found: 232
[parser-diag] processed 232 <p> elements
[parser-diag] last section was added at element index: 102
[parser-diag] state phase at end: ENDNOTES
[parser-diag] hierarchy stack depth at end: 1
[parser-diag] insideSchedule at end: false
[parse] sections: 11
[parse] compilation: date=2016-07-01 no=3
[parse] by level:
         section      11
[db] inserted new legislation row: 138a0643-b3fe-4bc8-8c68-be999242f5cc
[db] inserting 11 sections (pass 1)
[db] inserted 11 sections
[db] linking parent FKs (pass 2)
[db] linked 0 parent references

[done] ingested Private Health Insurance (Collapsed Insurer Levy) Act 2003
       legislation_id: 138a0643-b3fe-4bc8-8c68-be999242f5cc
       sections: 11
       compilation: 2016-07-01
