[fetch] document_1: https://www.legislation.gov.au/C2004A04014/2024-10-14/2024-10-14/text/original/epub/OEBPS/document_1/document_1.html
[fetch] document_1: 1,131,860 bytes
[fetch] document_2: https://www.legislation.gov.au/C2004A04014/2024-10-14/2024-10-14/text/original/epub/OEBPS/document_2/document_2.html
[fetch] document_2 not found — stopping. Fetched 1 document(s).
[fetch] combined 1 document(s), 1,131,860 source bytes → 1,128,677 combined bytes
[citation] Patents (Cth)
[parse] starting
[parser-diag] total <p> elements found: 4379
[parser-diag] processed 4379 <p> elements
[parser-diag] last section was added at element index: 3025
[parser-diag] state phase at end: ENDNOTES
[parser-diag] hierarchy stack depth at end: 1
[parser-diag] insideSchedule at end: true
[parse] sections: 348
[parse] compilation: date=2024-10-14 no=52
[parse] by level:
         chapter      24
         section      280
         part         29
         division     14
         schedule     1
[db] inserted new legislation row: 1ce8bdee-394c-4dbb-89f6-2d5a3095adb2
[db] inserting 348 sections (pass 1)
[db] inserted 348 sections
[db] linking parent FKs (pass 2)
[db] linked 323 parent references

[done] ingested Patents
       legislation_id: 1ce8bdee-394c-4dbb-89f6-2d5a3095adb2
       sections: 348
       compilation: 2024-10-14
