[fetch] document_1: https://www.legislation.gov.au/C2004A02411/2019-07-01/2019-07-01/text/original/epub/OEBPS/document_1/document_1.html
[fetch] document_1: 332,051 bytes
[fetch] document_2: https://www.legislation.gov.au/C2004A02411/2019-07-01/2019-07-01/text/original/epub/OEBPS/document_2/document_2.html
[fetch] document_2 not found — stopping. Fetched 1 document(s).
[fetch] combined 1 document(s), 332,051 source bytes → 328,275 combined bytes
[citation] Protection of the Sea (Powers of Intervention) Act 1981 (Cth)
[parse] starting
[parser-diag] total <p> elements found: 2017
[parser-diag] processed 2017 <p> elements
[parser-diag] last section was added at element index: 1228
[parser-diag] state phase at end: ENDNOTES
[parser-diag] hierarchy stack depth at end: 1
[parser-diag] insideSchedule at end: true
[parse] sections: 29
[parse] compilation: date=2019-07-01 no=13
[parse] by level:
         section      25
         schedule     4
[db] inserted new legislation row: d35abc22-7fe4-4e82-8509-324a8cdb5ce4
[db] inserting 29 sections (pass 1)
[db] inserted 29 sections
[db] linking parent FKs (pass 2)
[db] linked 0 parent references

[done] ingested Protection of the Sea (Powers of Intervention) Act 1981
       legislation_id: d35abc22-7fe4-4e82-8509-324a8cdb5ce4
       sections: 29
       compilation: 2019-07-01
