[fetch] document_1: https://www.legislation.gov.au/C2004A00822/2023-10-20/2023-10-20/text/original/epub/OEBPS/document_1/document_1.html
[fetch] document_1: 42,016 bytes
[fetch] document_2: https://www.legislation.gov.au/C2004A00822/2023-10-20/2023-10-20/text/original/epub/OEBPS/document_2/document_2.html
[fetch] document_2 not found — stopping. Fetched 1 document(s).
[fetch] combined 1 document(s), 42,016 source bytes → 40,219 combined bytes
[citation] Corporations (National Guarantee Fund Levies) Act 2001 (Cth)
[parse] starting
[parser-diag] total <p> elements found: 181
[parser-diag] processed 181 <p> elements
[parser-diag] last section was added at element index: 60
[parser-diag] state phase at end: ENDNOTES
[parser-diag] hierarchy stack depth at end: 1
[parser-diag] insideSchedule at end: false
[parse] sections: 7
[parse] compilation: date=2023-10-20 no=3
[parse] by level:
         section      7
[db] inserted new legislation row: ecab470b-ce65-407a-83c6-9b68c3e2d338
[db] inserting 7 sections (pass 1)
[db] inserted 7 sections
[db] linking parent FKs (pass 2)
[db] linked 0 parent references

[done] ingested Corporations (National Guarantee Fund Levies) Act 2001
       legislation_id: ecab470b-ce65-407a-83c6-9b68c3e2d338
       sections: 7
       compilation: 2023-10-20
