[fetch] document_1: https://www.legislation.gov.au/C2004A04652/2016-05-06/2016-05-06/text/original/epub/OEBPS/document_1/document_1.html
[fetch] document_1: 233,379 bytes
[fetch] document_2: https://www.legislation.gov.au/C2004A04652/2016-05-06/2016-05-06/text/original/epub/OEBPS/document_2/document_2.html
[fetch] document_2 not found — stopping. Fetched 1 document(s).
[fetch] combined 1 document(s), 233,379 source bytes → 230,656 combined bytes
[citation] Financial Corporations (Transfer of Assets and Liabilities) Act 1993 (Cth)
[parse] starting
[parser-diag] total <p> elements found: 888
[parser-diag] processed 888 <p> elements
[parser-diag] last section was added at element index: 389
[parser-diag] state phase at end: ENDNOTES
[parser-diag] hierarchy stack depth at end: 3
[parser-diag] insideSchedule at end: false
[parse] sections: 39
[parse] compilation: date=2016-05-06 no=17
[parse] by level:
         part         3
         section      26
         division     9
         subdivision  1
[db] inserted new legislation row: cd897522-1cee-468a-a1e7-058cea55a635
[db] inserting 39 sections (pass 1)
[db] inserted 39 sections
[db] linking parent FKs (pass 2)
[db] linked 36 parent references

[done] ingested Financial Corporations (Transfer of Assets and Liabilities) Act 1993
       legislation_id: cd897522-1cee-468a-a1e7-058cea55a635
       sections: 39
       compilation: 2016-05-06
