[fetch] document_1: https://www.legislation.gov.au/C2007A00150/2013-07-01/2013-07-01/text/original/epub/OEBPS/document_1/document_1.html
[fetch] document_1: 92,644 bytes
[fetch] document_2: https://www.legislation.gov.au/C2007A00150/2013-07-01/2013-07-01/text/original/epub/OEBPS/document_2/document_2.html
[fetch] document_2 not found — stopping. Fetched 1 document(s).
[fetch] combined 1 document(s), 92,644 source bytes → 91,044 combined bytes
[citation] Maritime Legislation Amendment Act 2007 (Cth)
[parse] starting
[parser-diag] total <p> elements found: 443
[parser-unknown-class] "ActHead6", text="Schedule 1—Integration of the Australian Maritime College with the University of Tasmania"
[parser-unknown-class] "ActHead7", text="Part 1—Preliminary"
[parser-unknown-class] "ItemHead", text="1  Definitions"
[parser-unknown-class] "ActHead7", text="Part 2—Repeal of the Maritime College Act 1978"
[parser-unknown-class] "ActHead9", text="Maritime College Act 1978"
[parser-unknown-class] "ItemHead", text="2  The whole of the Act"
[parser-unknown-class] "ActHead7", text="Part 3—General transitional provisions"
[parser-unknown-class] "ActHead8", text="Division 1—Assets, liabilities and legal proceedings"
[parser-unknown-class] "ItemHead", text="3  Vesting of assets of College"
[parser-unknown-class] "Subitem", text="(1) This item applies to the assets of the College immediately before the integration time."
[parser-unknown-class] "Subitem", text="(2) At the integration time, the assets to which this item applies cease to be assets of the Coll..."
[parser-unknown-class] "ItemHead", text="4  Vesting of liabilities of College"
[parser-unknown-class] "Subitem", text="(1) This item applies to the liabilities of the College immediately before the integration time."
[parser-unknown-class] "Subitem", text="(2) At the integration time, the liabilities to which this item applies cease to be liabilities o..."
[parser-unknown-class] "ItemHead", text="5  Certificates relating to vesting of land"
[parser-unknown-class] "Subitem", text="(1) This item applies if:"
[parser-unknown-class] "Subitem", text="(2) The land registration official may:"
[parser-unknown-class] "ItemHead", text="6  Certificates relating to vesting of assets other than land"
[parser-unknown-class] "Subitem", text="(1) This item applies if:"
[parser-unknown-class] "Subitem", text="(2) The assets official may:"
[parser-unknown-class] "ItemHead", text="7  Substitution of University as a party to pending proceedings"
[parser-unknown-class] "ItemHead", text="8  Transfer of custody of College records"
[parser-unknown-class] "SubitemHead", text="Transfer of custody of College records"
[parser-unknown-class] "Subitem", text="(1) Subitem (2) applies to any records or documents that, immediately before the integration time..."
[parser-unknown-class] "Subitem", text="(2) The records and documents are to be transferred into the custody of the Commonwealth at or af..."
[parser-unknown-class] "SubitemHead", text="Commonwealth Authorities and Companies Act 1997 records"
[parser-unknown-class] "Subitem", text="(3) The Commonwealth must retain the records and documents that are:"
[parser-unknown-class] "Subitem", text="(4) Section 27L of the Commonwealth Authorities and Companies Act 1997 continues to apply in rela..."
[parser-unknown-class] "ActHead8", text="Division 2—Reference to, and things done by or in relation to, the College"
[parser-unknown-class] "ItemHead", text="9  References in instruments"
[parser-unknown-class] "SubitemHead", text="References to College taken to be references to University"
[parser-unknown-class] "Subitem", text="(1) If:"
[parser-unknown-class] "SubitemHead", text="References to staff of College taken to be references to staff of University"
[parser-unknown-class] "Subitem", text="(2) If:"
[parser-unknown-class] "SubitemHead", text="References to students of College taken to be references to students of University"
[parser-unknown-class] "Subitem", text="(3) If:"
[parser-unknown-class] "SubitemHead", text="Minister and regulations may provide otherwise"
[parser-unknown-class] "Subitem", text="(4) The Minister may, by writing, determine that subitem (1), (2) or (3) does not apply in relati..."
[parser-unknown-class] "Subitem", text="(5) The regulations may provide that an instrument containing a reference specified in a determin..."
[parser-unknown-class] "SubitemHead", text="Determinations are not legislative instruments"
[parser-unknown-class] "Subitem", text="(6) A determination under subitem (4) is not a legislative instrument."
[parser-unknown-class] "ItemHead", text="10  Operation of laws"
[parser-unknown-class] "SubitemHead", text="Things done by College taken to be done by University"
[parser-unknown-class] "Subitem", text="(1) If, before the integration time, a thing was done by, or in relation to, the College, then, f..."
[parser-unknown-class] "SubitemHead", text="Minister and regulations may provide otherwise"
[parser-unknown-class] "Subitem", text="(2) The Minister may, by writing, determine that subitem (1) does not apply in relation to a spec..."
[parser-unknown-class] "Subitem", text="(3) The regulations may provide for a thing specified in a determination under subitem (2) to be ..."
[parser-unknown-class] "SubitemHead", text="Meaning of doing"
[parser-unknown-class] "Subitem", text="(4) To avoid doubt, for the purposes of this item, doing a thing includes making an instrument."
[parser-unknown-class] "SubitemHead", text="Determinations are not legislative instruments"
[parser-unknown-class] "Subitem", text="(5) A determination made under subitem (2) is not a legislative instrument."
[parser-unknown-class] "ItemHead", text="11  Financial statements and other reporting requirements"
[parser-unknown-class] "SubitemHead", text="Reporting requirements"
[parser-unknown-class] "Subitem", text="(1) If:"
[parser-unknown-class] "SubitemHead", text="Outstanding reporting requirements"
[parser-unknown-class] "Subitem", text="(2) If:"
[parser-unknown-class] "Subitem", text="(3) To avoid doubt, if, under this item, the Board is required to provide a report under a law, t..."
[parser-unknown-class] "ActHead8", text="Division 3—Miscellaneous"
[parser-unknown-class] "ItemHead", text="12  Exemption from stamp duty and other State or Territory taxes"
[parser-unknown-class] "ItemHead", text="13  Certificates taken to be authentic"
[parser-unknown-class] "ItemHead", text="14  Regulations"
[parser-unknown-class] "Subitem", text="(1) The Governor‑General may make regulations prescribing matters:"
[parser-unknown-class] "Subitem", text="(2) In particular, regulations may be made prescribing matters of a transitional nature (includin..."
[parser-unknown-class] "ActHead7", text="Part 4—Transitional provisions relating to the AMC institute"
[parser-unknown-class] "ItemHead", text="15  AMC institute funding"
[parser-unknown-class] "Subitem", text="(1) The University funding agreement for a post‑integration year must specify, or specify a metho..."
[parser-unknown-class] "Subitem", text="(2) For the purposes of this Schedule, AMC institute funding for the year is the portion so speci..."
[parser-unknown-class] "ItemHead", text="16  Review of integration after 3 months"
[parser-unknown-class] "SubitemHead", text="AMC institute funding for first 5 years after integration"
[parser-unknown-class] "Subitem", text="(1) For the purposes of the Higher Education Support Act 2003, the University receives AMC instit..."
[parser-unknown-class] "SubitemHead", text="Conditions and ministerial certificate"
[parser-unknown-class] "Subitem", text="(2) During the period of 28 days immediately following the initial post‑integration period, the M..."
[parser-unknown-class] "ItemHead", text="17  Annual review of integration during first 5 years"
[parser-unknown-class] "SubitemHead", text="AMC institute funding for first 5 years after integration"
[parser-unknown-class] "Subitem", text="(1) For the purposes of the Higher Education Support Act 2003, the University receives AMC instit..."
[parser-unknown-class] "SubitemHead", text="Conditions and ministerial certificates"
[parser-unknown-class] "Subitem", text="(2) During the period of 60 days immediately following each post‑integration year, the Minister m..."
[parser-unknown-class] "ItemHead", text="18  Review of integration before the end of the first 5 years"
[parser-unknown-class] "SubitemHead", text="Review"
[parser-unknown-class] "Subitem", text="(1) The Minister must cause a review of:"
[parser-unknown-class] "SubitemHead", text="Manner and form of review"
[parser-unknown-class] "Subitem", text="(2) The review must be undertaken in the manner and form determined by the Minister."
[parser-unknown-class] "Subitem", text="(3) Before the Minister makes a determination under subitem (2), the Minister must consult with t..."
[parser-unknown-class] "SubitemHead", text="Report"
[parser-unknown-class] "Subitem", text="(4) The persons who undertake the review must give the Minister a written report of the review."
[parser-unknown-class] "Subitem", text="(5) The Minister must cause a copy of the report to be tabled in each House of the Parliament wit..."
[parser-unknown-class] "ItemHead", text="19  Delegation by Minister"
[parser-unknown-class] "Subitem", text="(1) The Minister may, in writing, delegate all or any of his or her functions or powers under thi..."
[parser-unknown-class] "Subitem", text="(2) In performing a delegated function or exercising a delegated power, a delegate must comply wi..."
[parser-unknown-class] "ActHead7", text="Part 5—Consequential amendments"
[parser-unknown-class] "ActHead9", text="Higher Education Support Act 2003"
[parser-unknown-class] "ItemHead", text="20  Subsection 16‑15(1) (table item dealing with the Australian Maritime College)"
[parser-unknown-class] "ActHead9", text="Legislative Instruments Act 2003"
[parser-unknown-class] "ItemHead", text="21  Subsection 44(2) (table item 25)"
[parser-unknown-class] "ItemHead", text="22  Subsection 54(2) (table item 23)"
[parser-unknown-class] "ActHead9", text="Public Works Committee Act 1969"
[parser-unknown-class] "ItemHead", text="23  At the end of paragraphs 6A(2)(a) and (b)"
[parser-unknown-class] "ItemHead", text="24  Paragraph 6A(2)(ba)"
[parser-unknown-class] "ActHead9", text="Remuneration Tribunal Act 1973"
[parser-unknown-class] "ItemHead", text="25  Subsection 3(1) (definition of executive education office)"
[parser-unknown-class] "ItemHead", text="26  Subsection 5(2)"
[parser-unknown-class] "ActHead6", text="Schedule 2—Information sharing by the Australian Maritime Safety Authority"
[parser-unknown-class] "ActHead9", text="Australian Maritime Safety Authority Act 1990"
[parser-unknown-class] "ItemHead", text="1  After section 10"
[parser-diag] processed 443 <p> elements
[parser-diag] last section was added at element index: 396
[parser-diag] state phase at end: ENDNOTES
[parser-diag] hierarchy stack depth at end: 1
[parser-diag] insideSchedule at end: false
[parse] sections: 4
[parse] compilation: date=(none) no=(none)
[parse] by level:
         section      4
[db] inserted new legislation row: 91c14b1f-ec81-4f15-9ce5-523ad7abe2af
[db] inserting 4 sections (pass 1)
[db] inserted 4 sections
[db] linking parent FKs (pass 2)
[db] linked 0 parent references

[done] ingested Maritime Legislation Amendment Act 2007
       legislation_id: 91c14b1f-ec81-4f15-9ce5-523ad7abe2af
       sections: 4
       compilation: 2013-07-01
