[fetch] document_1: https://www.legislation.gov.au/C2004A03405/2023-08-22/2023-08-22/text/original/epub/OEBPS/document_1/document_1.html
[fetch] document_1: 288,247 bytes
[fetch] document_2: https://www.legislation.gov.au/C2004A03405/2023-08-22/2023-08-22/text/original/epub/OEBPS/document_2/document_2.html
[fetch] document_2 not found — stopping. Fetched 1 document(s).
[fetch] combined 1 document(s), 288,247 source bytes → 285,938 combined bytes
[citation] Aboriginal Land and Waters (Jervis Bay Territory) Act 1986 (Cth)
[parse] starting
[parser-diag] total <p> elements found: 1074
[parser-diag] processed 1074 <p> elements
[parser-diag] last section was added at element index: 742
[parser-diag] state phase at end: ENDNOTES
[parser-diag] hierarchy stack depth at end: 1
[parser-diag] insideSchedule at end: true
[parse] sections: 84
[parse] compilation: date=2023-08-22 no=14
[parse] by level:
         part         6
         section      71
         division     6
         schedule     1
[db] inserted new legislation row: 4e8c4afb-0a79-46d0-b488-b2626ce17a90
[db] inserting 84 sections (pass 1)
[db] inserted 84 sections
[db] linking parent FKs (pass 2)
[db] linked 77 parent references

[done] ingested Aboriginal Land and Waters (Jervis Bay Territory) Act 1986
       legislation_id: 4e8c4afb-0a79-46d0-b488-b2626ce17a90
       sections: 84
       compilation: 2023-08-22
