[fetch] document_1: https://www.legislation.gov.au/C2004A00823/2001-07-15/2001-07-15/text/original/epub/OEBPS/document_1/document_1.html
[fetch] document_1: 466,176 bytes
[fetch] document_2: https://www.legislation.gov.au/C2004A00823/2001-07-15/2001-07-15/text/original/epub/OEBPS/document_2/document_2.html
[fetch] document_2 not found — stopping. Fetched 1 document(s).
[fetch] combined 1 document(s), 466,176 source bytes → 464,832 combined bytes
[citation] Corporations (Repeals, Consequentials and Transitionals) Act 2001 (Cth)
[parse] starting
[parser-diag] total <p> elements found: 2150
[parser-unknown-class] "ActHead6", text="Schedule 1—Repeals"
[parser-unknown-class] "ActHead7", text="Part 1—The applied laws"
[parser-unknown-class] "ActHead9", text="Australian Securities and Investments Commission Act 1989"
[parser-unknown-class] "ItemHead", text="1  The whole of the Act"
[parser-unknown-class] "ActHead9", text="Corporations Act 1989"
[parser-unknown-class] "ItemHead", text="2  The whole of the Act"
[parser-unknown-class] "ActHead7", text="Part 2—The former co‑operative scheme Acts"
[parser-unknown-class] "ActHead9", text="Companies Act 1981"
[parser-unknown-class] "ItemHead", text="3  The whole of the Act"
[parser-unknown-class] "ActHead9", text="Companies (Acquisition of Shares) Act 1980"
[parser-unknown-class] "ItemHead", text="4  The whole of the Act"
[parser-unknown-class] "ActHead9", text="Companies (Acquisition of Shares—Fees: Taxation Component) Act 1989"
[parser-unknown-class] "ItemHead", text="5  The whole of the Act"
[parser-unknown-class] "ActHead9", text="Companies and Securities (Interpretation and Miscellaneous Provisions) Act 1980"
[parser-unknown-class] "ItemHead", text="6  The whole of the Act"
[parser-unknown-class] "ActHead9", text="Companies (Fees: Taxation Component) Act 1989"
[parser-unknown-class] "ItemHead", text="7  The whole of the Act"
[parser-unknown-class] "ActHead9", text="Companies (Transitional Provisions) Act 1981"
[parser-unknown-class] "ItemHead", text="8  The whole of the Act"
[parser-unknown-class] "ActHead9", text="Futures Industry Act 1986"
[parser-unknown-class] "ItemHead", text="9  The whole of the Act"
[parser-unknown-class] "ActHead9", text="Futures Industry (Fees: Taxation Component) Act 1989"
[parser-unknown-class] "ItemHead", text="10  The whole of the Act"
[parser-unknown-class] "ActHead9", text="Securities Industry Act 1980"
[parser-unknown-class] "ItemHead", text="11  The whole of the Act"
[parser-unknown-class] "ActHead9", text="Securities Industry (Fees: Taxation Component) Act 1989"
[parser-unknown-class] "ItemHead", text="12  The whole of the Act"
[parser-unknown-class] "ActHead6", text="Schedule 2—Amendment of the new ASIC and corporations legislation on commencement of that legisla..."
[parser-unknown-class] "ActHead9", text="Australian Securities and Investments Commission Act 2001"
[parser-unknown-class] "ItemHead", text="1  Section 122"
[parser-unknown-class] "ItemHead", text="2  Subsection 254(1)"
[parser-unknown-class] "ItemHead", text="3  Subsection 255(4)"
[parser-unknown-class] "ItemHead", text="4  Subsection 266(1) (after paragraph (c) of the definition of federal ASIC proceeding)"
[parser-unknown-class] "ItemHead", text="5  After section 268"
[parser-unknown-class] "ItemHead", text="6  Subsection 271(4) (after paragraph (a) of the definition of non‑federal proceeding)"
[parser-unknown-class] "ItemHead", text="7  Subsection 271(4) (after subparagraph (b)(i) of the definition of non‑federal proceeding)"
[parser-unknown-class] "ItemHead", text="8  Subsection 271(4) (at the end of paragraph (b) of the definition of non‑federal proceeding)"
[parser-unknown-class] "ItemHead", text="9  Subsection 271(4) (paragraph (c) of the definition of non‑federal proceeding)"
[parser-unknown-class] "ItemHead", text="10  Subsection 272(1)"
[parser-unknown-class] "ItemHead", text="11  Subsection 272(2)"
[parser-unknown-class] "ActHead9", text="Corporations Act 2001"
[parser-unknown-class] "ItemHead", text="12  Subsection 9(1) (definition of person)"
[parser-unknown-class] "ItemHead", text="13  At the end of Part 7.1A"
[parser-unknown-class] "ItemHead", text="14  Subsection 1372(4)"
[parser-unknown-class] "ItemHead", text="15  Subsection 1382(1) (after paragraph (b) of the definition of federal corporations proceeding)"
[parser-unknown-class] "ItemHead", text="16  After section 1384"
[parser-unknown-class] "ActHead6", text="Schedule 3—Consequential amendments of other Acts"
[parser-unknown-class] "ActHead9", text="Aboriginal and Torres Strait Islander Commission Act 1989"
[parser-unknown-class] "ItemHead", text="1  Subsection 4(2)"
[parser-unknown-class] "ActHead9", text="Aboriginal Councils and Associations Act 1976"
[parser-unknown-class] "ItemHead", text="2  Section 3 (paragraph (b) of the definition of unauthorised name)"
[parser-unknown-class] "ItemHead", text="3  Section 62"
[parser-unknown-class] "ItemHead", text="4  Section 67"
[parser-unknown-class] "ItemHead", text="5  Section 81A"
[parser-unknown-class] "ActHead9", text="ACIS Administration Act 1999"
[parser-unknown-class] "ItemHead", text="6  Subsection 21(1)"
[parser-unknown-class] "ItemHead", text="7  Paragraph 29(2)(d)"
[parser-unknown-class] "ItemHead", text="8  Paragraph 29(2)(e)"
[parser-unknown-class] "ActHead9", text="Acts Interpretation Act 1901"
[parser-unknown-class] "ItemHead", text="9  Section 40A"
[parser-unknown-class] "ItemHead", text="10  At the end of the Act"
[parser-unknown-class] "ActHead9", text="Administrative Appeals Tribunal Act 1975"
[parser-unknown-class] "ItemHead", text="11  Paragraph 27A(2)(d)"
[parser-unknown-class] "ItemHead", text="12  Paragraph 27A(2)(e)"
[parser-unknown-class] "ActHead9", text="Administrative Decisions (Judicial Review) Act 1977"
[parser-unknown-class] "ItemHead", text="13  Subsection 3(8A)"
[parser-unknown-class] "ItemHead", text="14  Section 9 (note)"
[parser-unknown-class] "ItemHead", text="15  Paragraph 2(c) of Schedule 3"
[parser-unknown-class] "ActHead9", text="Aerospace Technologies of Australia Limited Sale Act 1994"
[parser-unknown-class] "ItemHead", text="16  Section 3 (definition of voting share)"
[parser-unknown-class] "ItemHead", text="17  Section 4"
[parser-unknown-class] "ActHead9", text="Agricultural and Veterinary Chemicals Code Act 1994"
[parser-unknown-class] "ItemHead", text="18  Subsection 69(5)"
[parser-unknown-class] "ActHead9", text="Air Navigation Act 1920"
[parser-unknown-class] "ItemHead", text="19  Subsection 11A(3)"
[parser-unknown-class] "ItemHead", text="20  Subsection 11A(3)"
[parser-unknown-class] "ItemHead", text="21  Subsection 11A(4) (definition of voting share)"
[parser-unknown-class] "ActHead9", text="Airports Act 1996"
[parser-unknown-class] "ItemHead", text="22  Section 5 (paragraph (b) of the definition of qualified company)"
[parser-unknown-class] "ItemHead", text="23  Subsection 141(7)"
[parser-unknown-class] "ItemHead", text="24  Section 144"
[parser-unknown-class] "ItemHead", text="25  Paragraph 14(1)(e) of the Schedule"
[parser-unknown-class] "ActHead9", text="Airports (Transitional) Act 1996"
[parser-unknown-class] "ItemHead", text="26  Section 4 (definition of voting share)"
[parser-unknown-class] "ActHead9", text="Air Services Act 1995"
[parser-unknown-class] "ItemHead", text="27  Subsection 3(3)"
[parser-unknown-class] "ActHead9", text="A New Tax System (Australian Business Number) Act 1999"
[parser-unknown-class] "ItemHead", text="28  Subsection 8(2)"
[parser-unknown-class] "ItemHead", text="29  Section 41 (definition of Corporations Law Company)"
[parser-unknown-class] "ItemHead", text="30  Section 41"
[parser-unknown-class] "ActHead9", text="A New Tax System (Goods and Services Tax) Act 1999"
[parser-unknown-class] "ItemHead", text="31  Section 195‑1 (paragraph (a) of the definition of futures exchange)"
[parser-unknown-class] "ItemHead", text="32  Section 195‑1 (paragraph (a) of the definition of futures exchange)"
[parser-unknown-class] "ItemHead", text="33  Section 195‑1 (definition of officer)"
[parser-unknown-class] "ItemHead", text="34  Section 195‑1 (paragraph (d) of the definition of representative)"
[parser-unknown-class] "ActHead9", text="A New Tax System (Luxury Car Tax) Act 1999"
[parser-unknown-class] "ItemHead", text="35  Section 27‑1 (definition of officer)"
[parser-unknown-class] "ActHead9", text="Auditor‑General Act 1997"
[parser-unknown-class] "ItemHead", text="36  Section 5 (definition of Auditor‑General function)"
[parser-unknown-class] "ItemHead", text="37  Section 5 (definition of Corporations Law)"
[parser-unknown-class] "ItemHead", text="38  Section 5 (definition of subsidiary)"
[parser-unknown-class] "ItemHead", text="39  Subsection 21(1)"
[parser-unknown-class] "ItemHead", text="40  Paragraph 26(1)(b)"
[parser-unknown-class] "ActHead9", text="Australian Hearing Services Act 1991"
[parser-unknown-class] "ItemHead", text="41  Subsection 4(2)"
[parser-unknown-class] "ActHead9", text="Australian Industry Development Corporation Act 1970"
[parser-unknown-class] "ItemHead", text="42  Section 33B (definition of voting share)"
[parser-unknown-class] "ItemHead", text="43  Subsection 33F(2)"
[parser-unknown-class] "ItemHead", text="44  Subsection 33K(7)"
[parser-unknown-class] "ItemHead", text="45  Paragraph 34C(7)(a)"
[parser-unknown-class] "ItemHead", text="46  Paragraphs 34D(1)(b) and (c)"
[parser-unknown-class] "ItemHead", text="47  Subsections 34D(2) and (3)"
[parser-unknown-class] "ItemHead", text="48  Paragraph 34E(5)(a)"
[parser-unknown-class] "ItemHead", text="49  Paragraph 34G(1)(a)"
[parser-unknown-class] "ItemHead", text="50  Subsection 34G(2) (definition of listing rules)"
[parser-unknown-class] "ItemHead", text="51  Subsection 34G(2) (definition of securities exchange)"
[parser-unknown-class] "ItemHead", text="52  Subsection 34G(3)"
[parser-unknown-class] "ItemHead", text="53  Section 36A"
[parser-unknown-class] "ActHead9", text="Australian Land Transport Development Act 1988"
[parser-unknown-class] "ItemHead", text="54  Subparagraph 15(3)(c)(i)"
[parser-unknown-class] "ItemHead", text="55  Subsection 28A(3)"
[parser-unknown-class] "ItemHead", text="56  Subsection 28A(3)"
[parser-unknown-class] "ActHead9", text="Australian Meat and Live‑stock Industry 1997"
[parser-unknown-class] "ItemHead", text="57  Subsection 8(4)"
[parser-unknown-class] "ItemHead", text="58  Subsection 8(5) (definition of corporation)"
[parser-unknown-class] "ItemHead", text="59  Paragraphs 60(4)(a) and 60(5)(a)"
[parser-unknown-class] "ItemHead", text="60  Paragraph 61(2)(a)"
[parser-unknown-class] "ItemHead", text="61  Section 72"
[parser-unknown-class] "ActHead9", text="Australian Postal Corporation Act 1989"
[parser-unknown-class] "ItemHead", text="62  Section 6"
[parser-unknown-class] "ActHead9", text="Australian Prudential Regulation Authority Act 1998"
[parser-unknown-class] "ItemHead", text="63  Section 3 (definition of ASIC staff member)"
[parser-unknown-class] "ItemHead", text="64  Subsection 56(1) (paragraph (b) of the definition of protected document)"
[parser-unknown-class] "ItemHead", text="65  Subsection 56(1) (paragraph (cb) of the definition of protected document)"
[parser-unknown-class] "ItemHead", text="66  Subsection 56(1) (paragraph (b) of the definition of protected information)"
[parser-unknown-class] "ItemHead", text="67  Subsection 56(1) (paragraph (cb) of the definition of protected information)"
[parser-unknown-class] "ActHead9", text="Australian Sports Drug Agency Act 1990"
[parser-unknown-class] "ItemHead", text="68  Subsections 10A(3), (5) and (6)"
[parser-unknown-class] "ActHead9", text="Banking Act 1959"
[parser-unknown-class] "ItemHead", text="69  Subsection 5(2)"
[parser-unknown-class] "ItemHead", text="70  Subsection 11CA(6)"
[parser-unknown-class] "ItemHead", text="71  Subsection 11CG(3)"
[parser-unknown-class] "ItemHead", text="72  Paragraph 13C(1)(b)"
[parser-unknown-class] "ItemHead", text="73  Subsection 14C(4)"
[parser-unknown-class] "ItemHead", text="74  Subsection 14F(2)"
[parser-unknown-class] "ItemHead", text="75  Subsection 15(4)"
[parser-unknown-class] "ItemHead", text="76  Subsection 15A(5)"
[parser-unknown-class] "ItemHead", text="77  Paragraph 63(5)(aa)"
[parser-unknown-class] "ItemHead", text="78  Section 70B"
[parser-unknown-class] "ActHead9", text="Bank Integration Act 1991"
[parser-unknown-class] "ItemHead", text="79  Subsection 25(2)"
[parser-unknown-class] "ActHead9", text="Bankruptcy Act 1966"
[parser-unknown-class] "ItemHead", text="80  Subsection 5(1) (paragraph (ba) of the definition of company officer)"
[parser-unknown-class] "ItemHead", text="81  Subsection 5(1) (paragraph (bb) of the definition of company officer)"
[parser-unknown-class] "ItemHead", text="82  Subsection 5(1) (paragraph (a) of the definition of private company)"
[parser-unknown-class] "ItemHead", text="83  Subparagraph 5G(c)(ia)"
[parser-unknown-class] "ItemHead", text="84  Paragraph 5G(c)"
[parser-unknown-class] "ItemHead", text="85  Subsection 82(3AA)"
[parser-unknown-class] "ItemHead", text="86  Paragraph 149D(1)(b)"
[parser-unknown-class] "ItemHead", text="87  Subsection 149ZD(1)"
[parser-unknown-class] "ActHead9", text="Broadcasting Services Act 1992"
[parser-unknown-class] "ItemHead", text="88  Section 103B (definition of registered auditor)"
[parser-unknown-class] "ItemHead", text="89  Section 121B (definition of related body corporate)"
[parser-unknown-class] "ItemHead", text="90  Subsection 143(3) (definition of related body corporate)"
[parser-unknown-class] "ItemHead", text="91  Section 146B (definition of related body corporate)"
[parser-unknown-class] "ItemHead", text="92  Subsection 212A(4) (definition of related body corporate)"
[parser-unknown-class] "ItemHead", text="93  Subclause 2(1) of Schedule 6 (definition of related body corporate)"
[parser-unknown-class] "ActHead9", text="CFM Sale Act 1996"
[parser-unknown-class] "ItemHead", text="94  Subsection 3(1) (definition of voting share)"
[parser-unknown-class] "ItemHead", text="95  Subsections 3(2) and (3)"
[parser-unknown-class] "ActHead9", text="Charter of the United Nations Act 1945"
[parser-unknown-class] "ItemHead", text="96  Paragraph 9(e)"
[parser-unknown-class] "ActHead9", text="Cheques Act 1986"
[parser-unknown-class] "ItemHead", text="97  Paragraph 70A(2)(a)"
[parser-unknown-class] "ActHead9", text="Child Support (Registration and Collection) Act 1988"
[parser-unknown-class] "ItemHead", text="98  Subsection 4(1) (paragraph (ea) of the definition of trustee)"
[parser-unknown-class] "ItemHead", text="99  Subsection 4(1) (paragraph (eb) of the definition of trustee)"
[parser-unknown-class] "ActHead9", text="Coal Mining Industry (Long Service Leave Funding) Act 1992"
[parser-unknown-class] "ItemHead", text="100  Paragraph 48B(1)(c)"
[parser-unknown-class] "ActHead9", text="Coal Mining Industry (Long Service Leave) Payroll Levy Collection Act 1992"
[parser-unknown-class] "ItemHead", text="101  Section 3 (definition of financial statements)"
[parser-unknown-class] "ItemHead", text="102  Subsection 10(1)"
[parser-unknown-class] "ActHead9", text="Commonwealth Authorities and Companies Act 1997"
[parser-unknown-class] "ItemHead", text="103  Section 5 (definition of Corporations Law)"
[parser-unknown-class] "ItemHead", text="104  Section 5 (definition of Corporations Law company)"
[parser-unknown-class] "ItemHead", text="105  Section 5"
[parser-unknown-class] "ItemHead", text="106  Section 5 (paragraph (c) of the definition of director)"
[parser-unknown-class] "ItemHead", text="107  Section 5 (definition of subsidiary)"
[parser-unknown-class] "ItemHead", text="108  Paragraph 7(2)(a)"
[parser-unknown-class] "ItemHead", text="109  Subsection 12(2)"
[parser-unknown-class] "ItemHead", text="110  Subsection 12(2)"
[parser-unknown-class] "ItemHead", text="111  Subsection 23(1) (note 2)"
[parser-unknown-class] "ItemHead", text="112  Subsection 26(1) (note)"
[parser-unknown-class] "ItemHead", text="113  Subsection 31(3)"
[parser-unknown-class] "ItemHead", text="114  Subsection 34(1)"
[parser-unknown-class] "ItemHead", text="115  Paragraph 35(1)(a)"
[parser-unknown-class] "ItemHead", text="116  Subsections 36(1), (2) and (3)"
[parser-unknown-class] "ItemHead", text="117  Subsection 37(2)"
[parser-unknown-class] "ItemHead", text="118  Subsection 37(2)"
[parser-unknown-class] "ItemHead", text="119  Paragraph 44(1)(a)"
[parser-unknown-class] "ItemHead", text="120  Subsection 45(3)"
[parser-unknown-class] "ActHead9", text="Commonwealth Banks Act 1959"
[parser-unknown-class] "ItemHead", text="121  Subsection 9(4)"
[parser-unknown-class] "ItemHead", text="122  Section 27G"
[parser-unknown-class] "ItemHead", text="123  Section 27J"
[parser-unknown-class] "ActHead9", text="Commonwealth Borrowing Levy Act 1987"
[parser-unknown-class] "ItemHead", text="124  Subsection 3(1) (paragraph (c) of the definition of body)"
[parser-unknown-class] "ActHead9", text="Commonwealth Electoral Act 1918"
[parser-unknown-class] "ItemHead", text="125  Paragraph 287(6)(b)"
[parser-unknown-class] "ItemHead", text="126  Paragraph 306A(8)(d) (definition of financial institution, note)"
[parser-unknown-class] "ActHead9", text="Commonwealth Funds Management Limited Act 1990"
[parser-unknown-class] "ItemHead", text="127  Subsection 3(2)"
[parser-unknown-class] "ItemHead", text="128  Subsection 7(3)"
[parser-unknown-class] "ItemHead", text="129  Subsection 8(1) (definition of minimum share capital)"
[parser-unknown-class] "ItemHead", text="130  Section 18"
[parser-unknown-class] "ActHead9", text="Commonwealth Serum Laboratories Act 1961"
[parser-unknown-class] "ItemHead", text="131  Section 5"
[parser-unknown-class] "ItemHead", text="132  Subsection 8(5)"
[parser-unknown-class] "ItemHead", text="133  Sections 16, 17 and 18"
[parser-unknown-class] "ItemHead", text="134  Section 19"
[parser-unknown-class] "ItemHead", text="135  Subsection 19B(1) (definition of administering body)"
[parser-unknown-class] "ItemHead", text="136  Subsection 19B(1) (definition of associate)"
[parser-unknown-class] "ItemHead", text="137  Subsection 19B(1) (paragraphs (a) and (b) of the definition of associate)"
[parser-unknown-class] "ItemHead", text="138  Subsection 19B(1) (definition of Corporations Law)"
[parser-unknown-class] "ItemHead", text="139  Subsection 19B(1) (definition of register of members)"
[parser-unknown-class] "ItemHead", text="140  Subsection 19B(1) (definition of voting share)"
[parser-unknown-class] "ItemHead", text="141  Subsection 19B(3)"
[parser-unknown-class] "ItemHead", text="142  Subsection 19B(3)"
[parser-unknown-class] "ItemHead", text="143  Subsection 19D(3) (definition of resolution)"
[parser-unknown-class] "ItemHead", text="144  Subsection 19D(3) (definition of special resolution)"
[parser-unknown-class] "ItemHead", text="145  Section 19Z"
[parser-unknown-class] "ActHead9", text="Commonwealth Superannuation Board Act 2001"
[parser-unknown-class] "ItemHead", text="146  Subsection 10(8)"
[parser-unknown-class] "ActHead9", text="Crimes Act 1914"
[parser-unknown-class] "ItemHead", text="147  Paragraph 4AB(3)(b)"
[parser-unknown-class] "ActHead9", text="Criminal Code Act 1995"
[parser-unknown-class] "ItemHead", text="148  The Dictionary in the Criminal Code (subparagraph (a)(iii) of the definition of Commonwealth..."
[parser-unknown-class] "ItemHead", text="149  The Dictionary in the Criminal Code (subparagraph (n)(iii) of the definition of Commonwealth..."
[parser-unknown-class] "ItemHead", text="150  The Dictionary in the Criminal Code (subparagraph (r)(iii) of the definition of Commonwealth..."
[parser-unknown-class] "ActHead9", text="Crown Debts (Priority) Act 1981"
[parser-unknown-class] "ItemHead", text="151  Section 4"
[parser-unknown-class] "ActHead9", text="Customs Act 1901"
[parser-unknown-class] "ItemHead", text="152  Paragraph 67EB(4)(c)"
[parser-unknown-class] "ItemHead", text="153  Paragraph 67EB(4)(d)"
[parser-unknown-class] "ItemHead", text="154  Paragraph 77K(3)(d)"
[parser-unknown-class] "ItemHead", text="155  Paragraph 77K(3)(e)"
[parser-unknown-class] "ItemHead", text="156  Subparagraph 77N(2)(c)(iii)"
[parser-unknown-class] "ItemHead", text="157  Subparagraph 77N(2)(c)(iv)"
[parser-unknown-class] "ItemHead", text="158  Paragraph 81(3)(ca)"
[parser-unknown-class] "ItemHead", text="159  Paragraph 81(3)(cb)"
[parser-unknown-class] "ItemHead", text="160  Subparagraph 82(1)(ba)(iii)"
[parser-unknown-class] "ItemHead", text="161  Subparagraph 82(1)(ba)(iv)"
[parser-unknown-class] "ItemHead", text="162  Paragraph 183CC(4A)(ca)"
[parser-unknown-class] "ItemHead", text="163  Paragraph 183CC(4A)(cb)"
[parser-unknown-class] "ItemHead", text="164  Subparagraph 183CG(1)(c)(ii)"
[parser-unknown-class] "ItemHead", text="165  Subparagraph 183CG(1)(c)(iii)"
[parser-unknown-class] "ActHead9", text="Dairy Produce Act 1986"
[parser-unknown-class] "ItemHead", text="166  Paragraph 94A(5)(b)"
[parser-unknown-class] "ActHead9", text="Defence Housing Authority Act 1987"
[parser-unknown-class] "ItemHead", text="167  Subsection 3(2)"
[parser-unknown-class] "ActHead9", text="Education Services for Overseas Students Act 2000"
[parser-unknown-class] "ItemHead", text="168  Subsection 6(2)"
[parser-unknown-class] "ItemHead", text="169  Paragraph 9(6)(f)"
[parser-unknown-class] "ItemHead", text="170  Paragraph 80(2)(a)"
[parser-unknown-class] "ItemHead", text="171  Paragraph 80(2)(b)"
[parser-unknown-class] "ActHead9", text="Environment Protection and Biodiversity Conservation Act 1999"
[parser-unknown-class] "ItemHead", text="172  Section 526"
[parser-unknown-class] "ActHead9", text="Equal Opportunity for Women in the Workplace Act 1999"
[parser-unknown-class] "ItemHead", text="173  Paragraph 3(2)(b)"
[parser-unknown-class] "ActHead9", text="Evidence Act 1995"
[parser-unknown-class] "ItemHead", text="174  Subsection 8(3)"
[parser-unknown-class] "ItemHead", text="175  Part 1 of the Dictionary (definition of Commonwealth owned body corporate)"
[parser-unknown-class] "ActHead9", text="Excise Act 1901"
[parser-unknown-class] "ItemHead", text="176  Paragraph 39C(e)"
[parser-unknown-class] "ItemHead", text="177  Subparagraph 39D(1)(f)(iv)"
[parser-unknown-class] "ItemHead", text="178  Subparagraph 39D(1)(f)(v)"
[parser-unknown-class] "ActHead9", text="Export Market Development Grants Act 1997"
[parser-unknown-class] "ItemHead", text="179  Paragraphs 6(1)(b) and 15(1)(a)"
[parser-unknown-class] "ItemHead", text="180  Subsection 16(2) (paragraph (a) of the definition of relevant offence)"
[parser-unknown-class] "ItemHead", text="181  Paragraph 78(1)(a)"
[parser-unknown-class] "ItemHead", text="182  Section 107 (definition of company)"
[parser-unknown-class] "ItemHead", text="183  Section 107 (definition of related company)"
[parser-unknown-class] "ActHead9", text="Federal Airports Corporation Act 1986"
[parser-unknown-class] "ItemHead", text="184  Subsection 3(3)"
[parser-unknown-class] "ActHead9", text="Federal Proceedings (Costs) Act 1981"
[parser-unknown-class] "ItemHead", text="185  Subsection 14(2)"
[parser-unknown-class] "ActHead9", text="Film Licensed Investment Company Act 1998"
[parser-unknown-class] "ItemHead", text="186  Paragraph 15(a)"
[parser-unknown-class] "ActHead9", text="Financial Corporations (Transfer of Assets and Liabilities) Act 1993"
[parser-unknown-class] "ItemHead", text="187  Section 3 (definition of subsidiary)"
[parser-unknown-class] "ItemHead", text="188  Paragraph 6(b)"
[parser-unknown-class] "ItemHead", text="189  Paragraph 7(5)(b)"
[parser-unknown-class] "ActHead9", text="Financial Corporations Act 1974"
[parser-unknown-class] "ItemHead", text="190  Subsection 7(1)"
[parser-unknown-class] "ActHead9", text="Financial Sector (Collection of Data) Act 2001"
[parser-unknown-class] "ItemHead", text="191  Subsection 34(1)"
[parser-unknown-class] "ActHead9", text="Financial Sector (Transfers of Business) Act 1999"
[parser-unknown-class] "ItemHead", text="192  Subsection 4(1) (paragraph (a) of the definition of established)"
[parser-unknown-class] "ItemHead", text="193  Subsection 4(1) (paragraph (b) of the definition of established)"
[parser-unknown-class] "ItemHead", text="194  Subsection 39(2)"
[parser-unknown-class] "ActHead9", text="Financial Transaction Reports Act 1988"
[parser-unknown-class] "ItemHead", text="195  Section 3 (definition of FTR information)"
[parser-unknown-class] "ItemHead", text="196  Subsection 3(1) (definition of futures broker)"
[parser-unknown-class] "ItemHead", text="197  Subsection 3(1) (definition of securities dealer)"
[parser-unknown-class] "ItemHead", text="198  Paragraph 27(9)(b)"
[parser-unknown-class] "ActHead9", text="Fisheries Management Act 1991"
[parser-unknown-class] "ItemHead", text="199  Subsection 31F(9)"
[parser-unknown-class] "ItemHead", text="200  Subsection 46(6)"
[parser-unknown-class] "ActHead9", text="Foreign Evidence Act 1994"
[parser-unknown-class] "ItemHead", text="201  Subsection 3(1) (definition of ASC)"
[parser-unknown-class] "ItemHead", text="202  Subsection 3(1)"
[parser-unknown-class] "ItemHead", text="203  Paragraph 28(b)"
[parser-unknown-class] "ItemHead", text="204  Section 29"
[parser-unknown-class] "ItemHead", text="205  Subsection 35(1)"
[parser-unknown-class] "ActHead9", text="Foreign Proceedings (Excess of Jurisdiction) Act 1984"
[parser-unknown-class] "ItemHead", text="206  Subsection 3(4)"
[parser-unknown-class] "ActHead9", text="Fringe Benefits Tax Assessment Act 1986"
[parser-unknown-class] "ItemHead", text="207  Subsection 136(1) (paragraph (hb) of the definition of fringe benefit)"
[parser-unknown-class] "ItemHead", text="208  Subsection 136(1) (paragraph (ea) of the definition of trustee)"
[parser-unknown-class] "ItemHead", text="209  Subsection 136(1) (paragraph (eb) of the definition of trustee)"
[parser-unknown-class] "ActHead9", text="Health Insurance Commission (Reform and Separation of Functions) Act 1997"
[parser-unknown-class] "ItemHead", text="210  Section 4 (definition of voting shares)"
[parser-unknown-class] "ItemHead", text="211  Subsection 5(2)"
[parser-unknown-class] "ItemHead", text="212  Subsection 17(8)"
[parser-unknown-class] "ItemHead", text="213  Subsection 34(6)"
[parser-unknown-class] "ItemHead", text="214  Section 45"
[parser-unknown-class] "ItemHead", text="215  Subsection 47(4)"
[parser-unknown-class] "ActHead9", text="Hearing Services and AGHS Reform Act 1997"
[parser-unknown-class] "ItemHead", text="216  Paragraph 5(2)(a)"
[parser-unknown-class] "ActHead9", text="Housing Loans Insurance Corporation (Transfer of Assets and Abolition) Act 1996"
[parser-unknown-class] "ItemHead", text="217  Section 3 (definition of Company)"
[parser-unknown-class] "ItemHead", text="218  Subsection 35(1)"
[parser-unknown-class] "ItemHead", text="219  Subsection 35(1)"
[parser-unknown-class] "ActHead9", text="Income Tax Assessment Act 1936"
[parser-unknown-class] "ItemHead", text="220  Subsection 26AAC(18B)"
[parser-unknown-class] "ItemHead", text="221  Paragraph 128AE(2)(e)"
[parser-unknown-class] "ItemHead", text="222  Subsection 128TK(2)"
[parser-unknown-class] "ItemHead", text="223  Paragraph 128TK(4)(a)"
[parser-unknown-class] "ItemHead", text="224  Subsection 159GZZZC(3)"
[parser-unknown-class] "ItemHead", text="225  Subsection 160APHBH(2)"
[parser-unknown-class] "ItemHead", text="226  Subparagraph 160APHBJ(2)(c)(i)"
[parser-unknown-class] "ItemHead", text="227  Subsection 160APHBJ(5)"
[parser-unknown-class] "ItemHead", text="228  Section 160AQTC"
[parser-unknown-class] "ItemHead", text="229  Section 202A (definition of public company)"
[parser-unknown-class] "ItemHead", text="230  Subparagraph 202EC(5)(a)(v)"
[parser-unknown-class] "ItemHead", text="231  Subsection 222AFB(1) (paragraph (a) of the definition of director)"
[parser-unknown-class] "ItemHead", text="232  Subsection 222AFB(1) (definition of statutory demand)"
[parser-unknown-class] "ItemHead", text="233  Subsection 222AFB(1) (definition of statutory minimum)"
[parser-unknown-class] "ItemHead", text="234  Paragraph 222AIB(1)(a)"
[parser-unknown-class] "ItemHead", text="235  Paragraph 222AIB(1)(b)"
[parser-unknown-class] "ItemHead", text="236  Subsection 222AIF(1)"
[parser-unknown-class] "ItemHead", text="237  Section 222AII"
[parser-unknown-class] "ItemHead", text="238  Subsection 222ANA(1)"
[parser-unknown-class] "ItemHead", text="239  Subsection 222AOA(1)"
[parser-unknown-class] "ItemHead", text="240  Paragraph 222AOB(1)(c)"
[parser-unknown-class] "ItemHead", text="241  Paragraph 222AOB(1)(d)"
[parser-unknown-class] "ItemHead", text="242  Paragraph 222AOB(2)(c)"
[parser-unknown-class] "ItemHead", text="243  Paragraph 222AOB(2)(d)"
[parser-unknown-class] "ItemHead", text="244  Paragraph 222AOBA(1)(c)"
[parser-unknown-class] "ItemHead", text="245  Paragraph 222AOBA(1)(d)"
[parser-unknown-class] "ItemHead", text="246  Paragraph 222AOBA(2)(c)"
[parser-unknown-class] "ItemHead", text="247  Paragraph 222AOBA(2)(d)"
[parser-unknown-class] "ItemHead", text="248  Subparagraph 222AOE(b)(iii)"
[parser-unknown-class] "ItemHead", text="249  Subsection 222AOF(2) (paragraphs (a) and (b) of the definition of ASC document)"
[parser-unknown-class] "ItemHead", text="250  Section 222APA"
[parser-unknown-class] "ItemHead", text="251  Paragraph 222APB(1)(c)"
[parser-unknown-class] "ItemHead", text="252  Paragraph 222APB(1)(d)"
[parser-unknown-class] "ItemHead", text="253  Paragraph 222APB(2)(c)"
[parser-unknown-class] "ItemHead", text="254  Paragraph 222APB(2)(d)"
[parser-unknown-class] "ItemHead", text="255  Subparagraphs 222APE(1)(b)(iii) and (d)(iii)"
[parser-unknown-class] "ItemHead", text="256  Subsection 222AQA(1)"
[parser-unknown-class] "ItemHead", text="257  Section 222ARA"
[parser-unknown-class] "ItemHead", text="258  Subparagraph 500(5)(b)(i)"
[parser-unknown-class] "ItemHead", text="259  Sub‑subparagraph 500(5)(b)(ii)(C)"
[parser-unknown-class] "ItemHead", text="260  Subparagraph 507(5)(b)(i)"
[parser-unknown-class] "ItemHead", text="261  Sub‑subparagraph 507(5)(b)(ii)(C)"
[parser-unknown-class] "ItemHead", text="262  Section 568"
[parser-unknown-class] "ItemHead", text="263  Section 272‑140 of Schedule 2F (paragraph (d) of the definition of special company)"
[parser-unknown-class] "ActHead9", text="Income Tax Assessment Act 1997"
[parser-unknown-class] "ItemHead", text="264  Section 4‑5 (note 2)"
[parser-unknown-class] "ItemHead", text="265  Paragraph 86‑65(2)(c)"
[parser-unknown-class] "ItemHead", text="266  Paragraph 118‑510(3)(a)"
[parser-unknown-class] "ItemHead", text="267  Subsection 124‑520(2)"
[parser-unknown-class] "ItemHead", text="268  Subsection 124‑780(1) (example 2)"
[parser-unknown-class] "ItemHead", text="269  Subsection 124‑780(2) (note 2)"
[parser-unknown-class] "ItemHead", text="270  Paragraphs 166‑245(1)(a) and (b)"
[parser-unknown-class] "ItemHead", text="271  Paragraphs 166‑245(2)(a) and (b)"
[parser-unknown-class] "ItemHead", text="272  Subsection 375‑872(3)"
[parser-unknown-class] "ItemHead", text="273  Paragraph 975‑100(3)(a)"
[parser-unknown-class] "ItemHead", text="274  Subsection 995‑1(1) (definition of relevant interest)"
[parser-unknown-class] "ItemHead", text="275  Subsection 995‑1(1) (paragraph (a) of the definition of voting share)"
[parser-unknown-class] "ActHead9", text="Industry Research and Development Act 1986"
[parser-unknown-class] "ItemHead", text="276  Section 39B"
[parser-unknown-class] "ActHead9", text="Insurance Act 1973"
[parser-unknown-class] "ItemHead", text="277  Subsection 3(1) (definition of financial year)"
[parser-unknown-class] "ItemHead", text="278  Subsection 3(1) (paragraph (b) of the definition of securities exchange)"
[parser-unknown-class] "ItemHead", text="279  Section 4"
[parser-unknown-class] "ItemHead", text="280  Section 4"
[parser-unknown-class] "ItemHead", text="281  Subsection 33(7) (definition of securities)"
[parser-unknown-class] "ItemHead", text="282  Subsection 49G(8)"
[parser-unknown-class] "ItemHead", text="283  Subsection 49G(9) (definition of securities)"
[parser-unknown-class] "ItemHead", text="284  Subsection 50(1) (definition of prescribed interest)"
[parser-unknown-class] "ItemHead", text="285  Subsection 50(1) (paragraph (f) of the definition of prescribed person)"
[parser-unknown-class] "ItemHead", text="286  Subsection 50(1) (paragraph (g) of the definition of prescribed person)"
[parser-unknown-class] "ItemHead", text="287  Section 66 (paragraph (b) of the definition of qualified corporation)"
[parser-unknown-class] "ItemHead", text="288  Subsection 75(10) (definition of officer)"
[parser-unknown-class] "ItemHead", text="289  Subsection 92(5) (definition of official liquidator)"
[parser-unknown-class] "ItemHead", text="290  Subsection 128(3)"
[parser-unknown-class] "ActHead9", text="Insurance (Agents and Brokers) Act 1984"
[parser-unknown-class] "ItemHead", text="291  Section 9 (paragraph (c) of the definition of insolvent company under administration)"
[parser-unknown-class] "ItemHead", text="292  Section 9 (paragraph (d) of the definition of insolvent company under administration)"
[parser-unknown-class] "ItemHead", text="293  Subsection 38(3)"
[parser-unknown-class] "ItemHead", text="294  Subsection 38(3)"
[parser-unknown-class] "ItemHead", text="295  Paragraph 47(1)(a)"
[parser-unknown-class] "ActHead9", text="Interactive Gambling Act 2001"
[parser-unknown-class] "ItemHead", text="296  Section 4 (definition of Chapter 8 Agreement)"
[parser-unknown-class] "ItemHead", text="297  Section 4 (definition of futures contract)"
[parser-unknown-class] "ItemHead", text="298  Section 4 (definition of option contract)"
[parser-unknown-class] "ItemHead", text="299  Section 4 (definition of relevant agreement)"
[parser-unknown-class] "ItemHead", text="300  Paragraph 5(3)(b)"
[parser-unknown-class] "ItemHead", text="301  Paragraph 6(3)(a)"
[parser-unknown-class] "ItemHead", text="302  Section 9"
[parser-unknown-class] "ActHead9", text="International Air Services Commission Act 1992"
[parser-unknown-class] "ItemHead", text="303  Subsection 4(1) (definition of wholly‑owned subsidiary)"
[parser-unknown-class] "ActHead9", text="Judiciary Act 1903"
[parser-unknown-class] "ItemHead", text="304  Section 55I (definition of company)"
[parser-unknown-class] "ActHead9", text="Life Insurance Act 1995"
[parser-unknown-class] "ItemHead", text="305  Subparagraph 12B(1)(d)(ii)"
[parser-unknown-class] "ItemHead", text="306  Paragraph 12B(5)(c)"
[parser-unknown-class] "ItemHead", text="307  Section 16"
[parser-unknown-class] "ItemHead", text="308  Paragraph 16C(1)(a)"
[parser-unknown-class] "ItemHead", text="309  Subsection 16C(2)"
[parser-unknown-class] "ItemHead", text="310  Subsection 16L(1)"
[parser-unknown-class] "ItemHead", text="311  Subsection 43(1)"
[parser-unknown-class] "ItemHead", text="312  Paragraph 85(2)(a)"
[parser-unknown-class] "ItemHead", text="313  Paragraph 86(1)(a)"
[parser-unknown-class] "ItemHead", text="314  Subsection 89(3)"
[parser-unknown-class] "ItemHead", text="315  Section 129"
[parser-unknown-class] "ItemHead", text="316  Subsection 174(1)"
[parser-unknown-class] "ItemHead", text="317  Subsection 174(2)"
[parser-unknown-class] "ItemHead", text="318  Paragraph 174(2)(b)"
[parser-unknown-class] "ItemHead", text="319  Subsection 174(3)"
[parser-unknown-class] "ItemHead", text="320  Subsection 180(2)"
[parser-unknown-class] "ItemHead", text="321  Subsection 180(3) (note)"
[parser-unknown-class] "ItemHead", text="322  Section 182"
[parser-unknown-class] "ItemHead", text="323  Subsection 187(1)"
[parser-unknown-class] "ItemHead", text="324  Subsection 187(1)"
[parser-unknown-class] "ItemHead", text="325  Subsection 230F(5)"
[parser-unknown-class] "ItemHead", text="326  Section 233A (note)"
[parser-unknown-class] "ItemHead", text="327  Section 238"
[parser-unknown-class] "ItemHead", text="328  Paragraph 239(1)(a)"
[parser-unknown-class] "ItemHead", text="329  Subparagraph 239(1)(b)(ii)"
[parser-unknown-class] "ItemHead", text="330  Schedule (paragraph (a) of the definition of company)"
[parser-unknown-class] "ItemHead", text="331  Schedule (paragraph (b) of the definition of company)"
[parser-unknown-class] "ItemHead", text="332  Schedule (paragraph (b) of the definition of member of staff)"
[parser-unknown-class] "ItemHead", text="333  Schedule (definition of official liquidator)"
[parser-unknown-class] "ItemHead", text="334  Schedule (definition of securities exchange)"
[parser-unknown-class] "ActHead9", text="Management and Investment Companies Act 1983"
[parser-unknown-class] "ItemHead", text="335  Subsection 33(8)"
[parser-unknown-class] "ItemHead", text="336  Paragraph 42(1)(a)"
[parser-unknown-class] "ItemHead", text="337  Subsection 42(2)"
[parser-unknown-class] "ItemHead", text="338  Subsection 42(2)"
[parser-unknown-class] "ActHead9", text="National Environment Protection Measures (Implementation) Act 1998"
[parser-unknown-class] "ItemHead", text="339  Section 5 (subparagraph (c)(ii) of the definition of Commonwealth authority)"
[parser-unknown-class] "ActHead9", text="National Health Act 1953"
[parser-unknown-class] "ItemHead", text="340  Paragraph 7(1)(a)"
[parser-unknown-class] "ItemHead", text="341  Paragraph 7(1)(b)"
[parser-unknown-class] "ItemHead", text="342  Paragraph 7(1)(b)"
[parser-unknown-class] "ItemHead", text="343  Subsection 7(2)"
[parser-unknown-class] "ItemHead", text="344  Subsection 7(2) (note)"
[parser-unknown-class] "ItemHead", text="345  Subsection 7(3)"
[parser-unknown-class] "ItemHead", text="346  Paragraph 7(3)(a)"
[parser-unknown-class] "ItemHead", text="347  Paragraph 7(3)(b)"
[parser-unknown-class] "ItemHead", text="348  Subsection 7(4)"
[parser-unknown-class] "ItemHead", text="349  Subsection 7(5)"
[parser-unknown-class] "ItemHead", text="350  Subsection 7(5)"
[parser-unknown-class] "ItemHead", text="351  Subsection 7(6)"
[parser-unknown-class] "ItemHead", text="352  Paragraph 73AAB(a)"
[parser-unknown-class] "ItemHead", text="353  Subsection 74A(10) (paragraph (a) of the definition of officer)"
[parser-unknown-class] "ItemHead", text="354  Subsection 82XB(1)"
[parser-unknown-class] "ItemHead", text="355  Paragraph 82XB(2)(b)"
[parser-unknown-class] "ItemHead", text="356  Paragraph 82XB(2)(b)"
[parser-unknown-class] "ItemHead", text="357  Subsection 82XB(3)"
[parser-unknown-class] "ItemHead", text="358  Subsections 82XB(4) and (5)"
[parser-unknown-class] "ItemHead", text="359  Paragraph 82XE(1)(a)"
[parser-unknown-class] "ItemHead", text="360  Subsection 82XE(4)"
[parser-unknown-class] "ItemHead", text="361  Subparagraphs 82XF(1)(b)(i) and (3)(b)(i)"
[parser-unknown-class] "ItemHead", text="362  Subsection 82XQ(1)"
[parser-unknown-class] "ItemHead", text="363  Subsection 82XQ(2)"
[parser-unknown-class] "ItemHead", text="364  Subsections 82XW(1) and (2)"
[parser-unknown-class] "ItemHead", text="365  Subsection 82XX(1)"
[parser-unknown-class] "ItemHead", text="366  Subsection 82XZF(1)"
[parser-unknown-class] "ItemHead", text="367  Subsection 82XZF(2)"
[parser-unknown-class] "ItemHead", text="368  Paragraph 82XZF(3)(a)"
[parser-unknown-class] "ItemHead", text="369  Paragraph 82XZF(3)(b)"
[parser-unknown-class] "ItemHead", text="370  Subsections 82XZG(1) and (2)"
[parser-unknown-class] "ItemHead", text="371  Subsection 82XZG(2) (note)"
[parser-unknown-class] "ItemHead", text="372  Paragraph 82XZH(1)(b)"
[parser-unknown-class] "ItemHead", text="373  Paragraph 82XZH(1)(c)"
[parser-unknown-class] "ItemHead", text="374  Section 82XZI"
[parser-unknown-class] "ItemHead", text="375  Paragraph 82XZL(a)"
[parser-unknown-class] "ItemHead", text="376  Subsections 82XZN(1), (2) and (3)"
[parser-unknown-class] "ItemHead", text="377  Subsection 82YB(3)"
[parser-unknown-class] "ItemHead", text="378  Subsection 82YB(3)"
[parser-unknown-class] "ItemHead", text="379  Subsection 82YB(5)"
[parser-unknown-class] "ItemHead", text="380  Paragraph 82YB(6)(b)"
[parser-unknown-class] "ItemHead", text="381  Subsection 82YF(3)"
[parser-unknown-class] "ItemHead", text="382  Section 82YK"
[parser-unknown-class] "ItemHead", text="383  Paragraph 82YL(9)(a)"
[parser-unknown-class] "ItemHead", text="384  Subsection 82YN(4)"
[parser-unknown-class] "ItemHead", text="385  Subparagraph 82YO(1)(b)(i)"
[parser-unknown-class] "ItemHead", text="386  Subparagraph 82YT(1)(b)(i)"
[parser-unknown-class] "ItemHead", text="387  Subsection 82YZA(1)"
[parser-unknown-class] "ItemHead", text="388  Subsection 82YZB(1)"
[parser-unknown-class] "ItemHead", text="389  Paragraph 82YZB(2)(a)"
[parser-unknown-class] "ActHead9", text="National Rail Corporation Agreement Act 1992"
[parser-unknown-class] "ItemHead", text="390  Paragraph 8(d)"
[parser-unknown-class] "ItemHead", text="391  Subsection 13(2)"
[parser-unknown-class] "ItemHead", text="392  Subsection 13(2)"
[parser-unknown-class] "ItemHead", text="393  Paragraph 13(6)(b)"
[parser-unknown-class] "ItemHead", text="394  Subsection 13(7)"
[parser-unknown-class] "ItemHead", text="395  Subsection 16(1)"
[parser-unknown-class] "ItemHead", text="396  Subsection 16(1)"
[parser-unknown-class] "ActHead9", text="National Residue Survey (Excise) Levy Act 1998"
[parser-unknown-class] "ItemHead", text="397  Subclause 1(3) of Schedule 1"
[parser-unknown-class] "ItemHead", text="398  Subclause 1(2) of Schedule 15"
[parser-unknown-class] "ActHead9", text="Norfolk Island Act 1979"
[parser-unknown-class] "ItemHead", text="399  Paragraph 51A(1)(a)"
[parser-unknown-class] "ActHead9", text="Offshore Minerals (Registration Fees) Act 1981"
[parser-unknown-class] "ItemHead", text="400  Paragraph 4(5)(a)"
[parser-unknown-class] "ActHead9", text="Patents Act 1990"
[parser-unknown-class] "ItemHead", text="401  Subsection 201(11)"
[parser-unknown-class] "ActHead9", text="Payment Systems and Netting Act 1998"
[parser-unknown-class] "ItemHead", text="402  Section 5 (definition of approved futures clearing house)"
[parser-unknown-class] "ItemHead", text="403  Section 5 (definition of approved special stock market)"
[parser-unknown-class] "ItemHead", text="404  Section 5 (paragraphs (a) and (b) of the definition of external administration)"
[parser-unknown-class] "ItemHead", text="405  Section 5 (subparagraph (a)(i) of the definition of netting market)"
[parser-unknown-class] "ItemHead", text="406  Section 5 (paragraph (a) of the definition of provable)"
[parser-unknown-class] "ItemHead", text="407  Section 5 (paragraph (d) of the definition of specified provisions)"
[parser-unknown-class] "ItemHead", text="408  Section 5 (paragraph (a) of the definition of voidable)"
[parser-unknown-class] "ActHead9", text="Pay‑roll Tax (Territories) Assessment Act 1971"
[parser-unknown-class] "ItemHead", text="409  Section 21A (definition of corporation)"
[parser-unknown-class] "ItemHead", text="410  Section 21B"
[parser-unknown-class] "ItemHead", text="411  Subsection 21D(3)"
[parser-unknown-class] "ItemHead", text="412  Subsection 21F(2)"
[parser-unknown-class] "ActHead9", text="Petroleum Resource Rent Tax Assessment Act 1987"
[parser-unknown-class] "ItemHead", text="413  Section 2 (paragraph (ea) of the definition of trustee)"
[parser-unknown-class] "ItemHead", text="414  Section 2 (paragraph (eb) of the definition of trustee)"
[parser-unknown-class] "ItemHead", text="415  Paragraphs 2B(6)(b) and (7)(d)"
[parser-unknown-class] "ActHead9", text="Petroleum (Submerged Lands) Act 1967"
[parser-unknown-class] "ItemHead", text="416  Subsection 81(8)"
[parser-unknown-class] "ItemHead", text="417  Subsection 81(15)"
[parser-unknown-class] "ActHead9", text="Petroleum (Submerged Lands) (Registration Fees) Act 1967"
[parser-unknown-class] "ItemHead", text="418  Subparagraph 4(4)(a)(i)"
[parser-unknown-class] "ItemHead", text="419  Subparagraph 4(6A)(a)(i)"
[parser-unknown-class] "ActHead9", text="Pig Industry Act 1986"
[parser-unknown-class] "ItemHead", text="420  Section 3 (definition of Australian Food Council)"
[parser-unknown-class] "ActHead9", text="Pig Industry Act 2001"
[parser-unknown-class] "ItemHead", text="421  Subsection 9(1)"
[parser-unknown-class] "ItemHead", text="422  Subsection 12(4)"
[parser-unknown-class] "ActHead9", text="Pipeline Authority Act 1973"
[parser-unknown-class] "ItemHead", text="423  Paragraph 33E(2)(a)"
[parser-unknown-class] "ItemHead", text="424  Subsection 33V(2) (definition of tax)"
[parser-unknown-class] "ActHead9", text="Pooled Development Funds Act 1992"
[parser-unknown-class] "ItemHead", text="425  Subsection 4(1) (definition of company)"
[parser-unknown-class] "ItemHead", text="426  Subsection 4(1) (definition of director)"
[parser-unknown-class] "ItemHead", text="427  Paragraph 4(3)(b)"
[parser-unknown-class] "ItemHead", text="428  Subsection 24(4)"
[parser-unknown-class] "ItemHead", text="429  Paragraph 24(8)(a)"
[parser-unknown-class] "ItemHead", text="430  Subsection 30(2)"
[parser-unknown-class] "ItemHead", text="431  Subsection 31(3)"
[parser-unknown-class] "ActHead9", text="Primary Industries (Customs) Charges Act 1999"
[parser-unknown-class] "ItemHead", text="432  Subclause 1(4) of Schedule 4"
[parser-unknown-class] "ActHead9", text="Primary Industries (Excise) Levies Act 1999"
[parser-unknown-class] "ItemHead", text="433  Clause 4 of Schedule 3"
[parser-unknown-class] "ItemHead", text="434  Clause 1 of Schedule 6 (definition of Federation)"
[parser-unknown-class] "ItemHead", text="435  Clause 5 of Schedule 6"
[parser-unknown-class] "ItemHead", text="436  Clause 2 of Schedule 18"
[parser-unknown-class] "ActHead9", text="Privacy Act 1988"
[parser-unknown-class] "ItemHead", text="437  Subsection 6(8)"
[parser-unknown-class] "ItemHead", text="438  Subsection 6(8)"
[parser-unknown-class] "ActHead9", text="Protection of the Sea (Oil Pollution Compensation Fund) Act 1993"
[parser-unknown-class] "ItemHead", text="439  Section 3 (definition of Corporations Law)"
[parser-unknown-class] "ItemHead", text="440  Section 8"
[parser-unknown-class] "ItemHead", text="441  Paragraph 14(4)(b)"
[parser-unknown-class] "ItemHead", text="442  Section 29"
[parser-unknown-class] "ItemHead", text="443  Paragraph 35(3)(b)"
[parser-unknown-class] "ActHead9", text="Qantas Sale Act 1992"
[parser-unknown-class] "ItemHead", text="444  Subsection 3(1) (definition of voting share)"
[parser-unknown-class] "ItemHead", text="445  Subsection 3(2)"
[parser-unknown-class] "ItemHead", text="446  Subsection 7(2)"
[parser-unknown-class] "ItemHead", text="447  Subsection 7(2)"
[parser-unknown-class] "ItemHead", text="448  Subsection 7(7) (definition of company name)"
[parser-unknown-class] "ItemHead", text="449  Subsection 8(3) (definition of resolution)"
[parser-unknown-class] "ItemHead", text="450  Subsection 8(3) (definition of special resolution)"
[parser-unknown-class] "ItemHead", text="451  Subsection 9(3)"
[parser-unknown-class] "ItemHead", text="452  Subsection 9(3)"
[parser-unknown-class] "ItemHead", text="453  Subsection 9(4) (definition of register of members)"
[parser-unknown-class] "ItemHead", text="454  Section 13"
[parser-unknown-class] "ItemHead", text="455  Section 21"
[parser-unknown-class] "ItemHead", text="456  Paragraph 37(1)(b)"
[parser-unknown-class] "ItemHead", text="457  Subsection 40(4) (definition of tax)"
[parser-unknown-class] "ActHead9", text="Reserve Bank Act 1959"
[parser-unknown-class] "ItemHead", text="458  Subsection 79A(1) (paragraph (b) of the definition of protected document)"
[parser-unknown-class] "ActHead9", text="Retirement Savings Accounts Act 1997"
[parser-unknown-class] "ItemHead", text="459  Section 16 (definition of Corporations Law)"
[parser-unknown-class] "ItemHead", text="460  Section 16 (definition of director)"
[parser-unknown-class] "ItemHead", text="461  Section 16 (definition of member of the staff of ASIC)"
[parser-unknown-class] "ItemHead", text="462  Subsection 18(1)"
[parser-unknown-class] "ItemHead", text="463  Subsection 18(2)"
[parser-unknown-class] "ActHead9", text="Safety, Rehabilitation and Compensation Act 1988"
[parser-unknown-class] "ItemHead", text="464  Subsection 108Y(4)"
[parser-unknown-class] "ActHead9", text="Service and Execution of Process Act 1992"
[parser-unknown-class] "ItemHead", text="465  Subsection 3(1) (definition of company)"
[parser-unknown-class] "ItemHead", text="466  Subsection 3(1) (definition of registered body)"
[parser-unknown-class] "ItemHead", text="467  Subsections 9(3), (4), (4A), (6), (8) and (9)"
[parser-unknown-class] "ItemHead", text="468  Subsection 9(10)"
[parser-unknown-class] "ItemHead", text="469  Subsection 9(11) (definition of director)"
[parser-unknown-class] "ItemHead", text="470  Subsection 9(11) (definition of local agent)"
[parser-unknown-class] "ItemHead", text="471  Subsection 9(11) (definition of official manager)"
[parser-unknown-class] "ItemHead", text="472  Subsection 9(11) (definition of registered foreign company)"
[parser-unknown-class] "ItemHead", text="473  Subsection 9(11) (definition of registered office)"
[parser-unknown-class] "ActHead9", text="Snowy Hydro Corporatisation Act 1997"
[parser-unknown-class] "ItemHead", text="474  Subsection 5(1) (definition of Snowy Hydro Company or Company)"
[parser-unknown-class] "ItemHead", text="475  Subsection 5(2)"
[parser-unknown-class] "ItemHead", text="476  Section 50"
[parser-unknown-class] "ItemHead", text="477  Subsection 55(1)"
[parser-unknown-class] "ItemHead", text="478  Subsection 55(1)"
[parser-unknown-class] "ActHead9", text="Snowy Mountains Engineering Corporation Limited Sale Act 1993"
[parser-unknown-class] "ItemHead", text="479  Subsection 3(1) (definition of voting share)"
[parser-unknown-class] "ItemHead", text="480  Subsection 3(2)"
[parser-unknown-class] "ItemHead", text="481  Subsection 38(4) (definition of tax)"
[parser-unknown-class] "ActHead9", text="Social Security Act 1991"
[parser-unknown-class] "ItemHead", text="482  Subsection 10B(2) (definition of insolvent under administration)"
[parser-unknown-class] "ItemHead", text="483  Subsection 14A(1) (paragraph (a) of the definition of liquid assets)"
[parser-unknown-class] "ItemHead", text="484  Subsection 14A(1) (definition of liquid assets, note 1)"
[parser-unknown-class] "ItemHead", text="485  Subsection 17A(1) (definition of proprietary company)"
[parser-unknown-class] "ItemHead", text="486  Section 19B (paragraph (b) of the definition of liquid assets)"
[parser-unknown-class] "ItemHead", text="487  Section 19B (note)"
[parser-unknown-class] "ItemHead", text="488  Section 1207A (definition of subsidiary)"
[parser-unknown-class] "ItemHead", text="489  Subsection 1207N(8) (definition of consolidated gross operating revenue)"
[parser-unknown-class] "ItemHead", text="490  Subsection 1207N(8) (definition of value of consolidated gross assets)"
[parser-unknown-class] "ActHead9", text="States Grants (Petroleum Products) Act 1965"
[parser-unknown-class] "ItemHead", text="491  Subsection 5(4E)"
[parser-unknown-class] "ActHead9", text="States Grants (Primary and Secondary Education Assistance) Act 1996"
[parser-unknown-class] "ItemHead", text="492  Schedule 9 (paragraphs (a) and (b) of the definition of qualified accountant)"
[parser-unknown-class] "ActHead9", text="Stevedoring Levy (Collection) Act 1998"
[parser-unknown-class] "ItemHead", text="493  Subsection 8(3) (definition of body corporate)"
[parser-unknown-class] "ItemHead", text="494  Subsection 8(3) (definition of related body corporate)"
[parser-unknown-class] "ActHead9", text="Superannuation Act 1990"
[parser-unknown-class] "ItemHead", text="495  Subsection 3 (definition of voting share)"
[parser-unknown-class] "ActHead9", text="Superannuation Benefits (Supervisory Mechanisms) Act 1990"
[parser-unknown-class] "ItemHead", text="496  Paragraph 6(5)(b)"
[parser-unknown-class] "ActHead9", text="Superannuation Guarantee (Administration) Act 1992"
[parser-unknown-class] "ItemHead", text="497  Section 52"
[parser-unknown-class] "ActHead9", text="Superannuation Industry (Supervision) Act 1993"
[parser-unknown-class] "ItemHead", text="498  Subsection 10(1) (definition of director)"
[parser-unknown-class] "ItemHead", text="499  Section 10 (paragraph (b) of the definition of member of staff)"
[parser-unknown-class] "ItemHead", text="500  Subsection 12(1)"
[parser-unknown-class] "ItemHead", text="501  Subsection 12(2)"
[parser-unknown-class] "ItemHead", text="502  Section 20"
[parser-unknown-class] "ItemHead", text="503  Subsection 57(4)"
[parser-unknown-class] "ItemHead", text="504  Subsection 66(5) (definition of listed security)"
[parser-unknown-class] "ItemHead", text="505  Section 83A (definition of voting share)"
[parser-unknown-class] "ItemHead", text="506  Subsection 190(1)"
[parser-unknown-class] "ActHead9", text="Sydney Airport Demand Management Act 1997"
[parser-unknown-class] "ItemHead", text="507  Subsection 46(4)"
[parser-unknown-class] "ItemHead", text="508  Subsection 61(1)"
[parser-unknown-class] "ActHead9", text="Taxation Administration Act 1953"
[parser-unknown-class] "ItemHead", text="509  Paragraph 8Y(4)(ba)"
[parser-unknown-class] "ItemHead", text="510  Paragraph 8Y(4)(bb)"
[parser-unknown-class] "ActHead9", text="Telecommunications Act 1997"
[parser-unknown-class] "ItemHead", text="511  Subparagraph 23(1)(c)(ii)"
[parser-unknown-class] "ItemHead", text="512  Subsection 27(5)"
[parser-unknown-class] "ActHead9", text="Telecommunications (Interception) Act 1979"
[parser-unknown-class] "ItemHead", text="513  Subsection 5(1) (definition of secretary)"
[parser-unknown-class] "ItemHead", text="514  Subsection 18(7)"
[parser-unknown-class] "ItemHead", text="515  Subsection 61(7)"
[parser-unknown-class] "ActHead9", text="Telstra Corporation Act 1991"
[parser-unknown-class] "ItemHead", text="516  Section 3 (definition of constitution)"
[parser-unknown-class] "ItemHead", text="517  Section 3 (definition of voting shares)"
[parser-unknown-class] "ItemHead", text="518  Section 5"
[parser-unknown-class] "ItemHead", text="519  Paragraph 8AI(a)"
[parser-unknown-class] "ItemHead", text="520  Subsection 8AJ(7) (paragraph (b) of the definition of securities)"
[parser-unknown-class] "ItemHead", text="521  Subsection 8AK(1) (paragraph (b) of the definition of securities)"
[parser-unknown-class] "ItemHead", text="522  Paragraph 8AQ(5)(a)"
[parser-unknown-class] "ItemHead", text="523  Paragraphs 8AR(1)(b) and (c)"
[parser-unknown-class] "ItemHead", text="524  Subsections 8AR(2) and (3)"
[parser-unknown-class] "ItemHead", text="525  Subsection 8AT(1)"
[parser-unknown-class] "ItemHead", text="526  Subsection 8AT(2)"
[parser-unknown-class] "ItemHead", text="527  Subsection 8AT(4)"
[parser-unknown-class] "ItemHead", text="528  Subsection 8AU(4)"
[parser-unknown-class] "ItemHead", text="529  Subsection 8AU(5)"
[parser-unknown-class] "ItemHead", text="530  Subsection 8AU(6) (definition of debenture)"
[parser-unknown-class] "ItemHead", text="531  Paragraph 8AUA(4)(a)"
[parser-unknown-class] "ItemHead", text="532  Subsection 8AV(5)"
[parser-unknown-class] "ItemHead", text="533  Subsection 8AV(6)"
[parser-unknown-class] "ItemHead", text="534  Paragraph 8AW(5)(a)"
[parser-unknown-class] "ItemHead", text="535  Paragraph 8AY(1)(a)"
[parser-unknown-class] "ItemHead", text="536  Subsection 8AY(2) (definition of listing rules)"
[parser-unknown-class] "ItemHead", text="537  Subsection 8AY(2) (definition of securities exchange)"
[parser-unknown-class] "ItemHead", text="538  Subsection 8AY(3)"
[parser-unknown-class] "ItemHead", text="539  Subsection 8AZ(2) (definition of debenture)"
[parser-unknown-class] "ItemHead", text="540  Subsection 8BS(1)"
[parser-unknown-class] "ItemHead", text="541  Section 8BY"
[parser-unknown-class] "ItemHead", text="542  Subsection 9(6)"
[parser-unknown-class] "ItemHead", text="543  Section 32"
[parser-unknown-class] "ItemHead", text="544  Subsection 36(3)"
[parser-unknown-class] "ItemHead", text="545  Subsection 36(3A)"
[parser-unknown-class] "ItemHead", text="546  Subsection 36(3A)"
[parser-unknown-class] "ItemHead", text="547  Subsections 36(4) and (6)"
[parser-unknown-class] "ItemHead", text="548  Subsection 36(6)"
[parser-unknown-class] "ActHead9", text="Tobacco Advertising Prohibition Act 1992"
[parser-unknown-class] "ItemHead", text="549  Section 11"
[parser-unknown-class] "ActHead9", text="Trade Practices Act 1974"
[parser-unknown-class] "ItemHead", text="550  Section 4 (definition of financial product)"
[parser-unknown-class] "ItemHead", text="551  Section 4 (definition of financial service)"
[parser-unknown-class] "ItemHead", text="552  Subsection 26(1)"
[parser-unknown-class] "ItemHead", text="553  Section 44B (definition of director)"
[parser-unknown-class] "ItemHead", text="554  Section 44B (definition of officer)"
[parser-unknown-class] "ItemHead", text="555  Paragraph 51AF(2)(b)"
[parser-unknown-class] "ItemHead", text="556  Subsections 73(1) and (2)"
[parser-unknown-class] "ItemHead", text="557  Paragraph 75AZA(2)(b)"
[parser-unknown-class] "ActHead9", text="Tradex Scheme Act 1999"
[parser-unknown-class] "ItemHead", text="558  Section 4 (definition of externally‑administered body corporate)"
[parser-unknown-class] "ActHead9", text="Veterans’ Entitlements Act 1986"
[parser-unknown-class] "ItemHead", text="559  Subsection 5P(1) (definition of proprietary company)"
[parser-unknown-class] "ItemHead", text="560  Section 52ZO (definition of subsidiary)"
[parser-unknown-class] "ItemHead", text="561  Subsection 52ZZA(8) (definition of consolidated gross operating revenue)"
[parser-unknown-class] "ItemHead", text="562  Subsection 52ZZA(8) (definition of value of consolidated gross assets)"
[parser-unknown-class] "ActHead9", text="Wool International Act 1993"
[parser-unknown-class] "ItemHead", text="563  Section 22K (note)"
[parser-unknown-class] "ItemHead", text="564  Section 22KA"
[parser-unknown-class] "ItemHead", text="565  Section 22KB"
[parser-unknown-class] "ItemHead", text="566  Section 22MA"
[parser-unknown-class] "ActHead9", text="Wool International Privatisation Act 1999"
[parser-unknown-class] "ItemHead", text="567  Subsection 16(4)"
[parser-unknown-class] "ItemHead", text="568  Section 28"
[parser-unknown-class] "ActHead9", text="Wool Services Privatisation Act 2000"
[parser-unknown-class] "ItemHead", text="569  Section 19"
[parser-unknown-class] "ItemHead", text="570  Subsection 30(2)"
[parser-unknown-class] "ActHead9", text="Workplace Relations Act 1996"
[parser-unknown-class] "ItemHead", text="571  Paragraph 170LB(2)(b)"
[parser-unknown-class] "ItemHead", text="572  Section 234 (definition of debenture)"
[parser-unknown-class] "ItemHead", text="573  Section 234 (paragraph (a) of the definition of interest)"
[parser-unknown-class] "ActHead9", text="Workplace Relations (Registered Organisations) Act 2001"
[parser-unknown-class] "ItemHead", text="574  Section 45 (definition of debenture)"
[parser-unknown-class] "ItemHead", text="575  Section 45 (paragraph (a) of the definition of interest)"
[parser-unknown-class] "ActHead9", text="Year 2001 Information Disclosure Act 1999"
[parser-unknown-class] "ItemHead", text="576  Subsection 11(8)"
[parser-unknown-class] "ActHead6", text="Schedule 4—Amendments dependent on prior commencement of Administrative Review Tribunal legislation"
[parser-unknown-class] "ActHead9", text="Australian Securities and Investments Commission Act 2001"
[parser-unknown-class] "ItemHead", text="1  Subsection 244(1) (definition of decision)"
[parser-unknown-class] "ItemHead", text="2  Subsection 244(2)"
[parser-unknown-class] "ItemHead", text="3  Paragraph 244A(2)(b)"
[parser-unknown-class] "ItemHead", text="4  Subsection 244A(5)"
[parser-unknown-class] "ItemHead", text="5  At the end of section 244A"
[parser-unknown-class] "ActHead9", text="Corporations Act 2001"
[parser-unknown-class] "ItemHead", text="6  Section 9 (definition of Tribunal)"
[parser-unknown-class] "ItemHead", text="7  Subsection 164(3)"
[parser-unknown-class] "ItemHead", text="8  Subsection 164(4)"
[parser-unknown-class] "ItemHead", text="9  Subsection 164(7) (note)"
[parser-unknown-class] "ItemHead", text="10  Subsection 656A(1)"
[parser-unknown-class] "ItemHead", text="11  Subsection 657EA(1)"
[parser-unknown-class] "ItemHead", text="12  Subsection 657C(2) (note)"
[parser-unknown-class] "ItemHead", text="13  Subsection 1297(1)"
[parser-unknown-class] "ItemHead", text="14  Part 9.4A of Chapter 9 (heading)"
[parser-unknown-class] "ItemHead", text="15  Section 1317A (definition of decision)"
[parser-unknown-class] "ItemHead", text="16  Subsection 1317B(2)"
[parser-unknown-class] "ItemHead", text="17  Subsection 1317D(5)"
[parser-unknown-class] "ItemHead", text="18  At the end of section 1317D"
[parser-unknown-class] "ActHead6", text="Schedule 5—Amendments dependent on later commencement of Administrative Review Tribunal legislation"
[parser-unknown-class] "ActHead9", text="Administrative Review Tribunal (Consequential and Transitional Provisions) Act 2001"
[parser-unknown-class] "ItemHead", text="1  Section 5"
[parser-unknown-class] "ItemHead", text="2  Schedule 1 (heading relating to the Australian Securities and Investments Commission Act 1989)"
[parser-unknown-class] "Specialaat", text="Australian Securities and Investments Commission Act 2001"
[parser-unknown-class] "ItemHead", text="3  Schedule 1 (heading relating to the Corporations Act 1989)"
[parser-unknown-class] "ItemHead", text="4  Item 152A"
[parser-unknown-class] "ItemHead", text="5  Schedule 1 (heading relating to the Corporations Law)"
[parser-unknown-class] "Specialaat", text="Corporations Act 2001"
[parser-unknown-class] "ItemHead", text="6  Schedule 2 (heading relating to the Australian Securities and Investments Commission Act 1989)"
[parser-unknown-class] "Specialaat", text="Australian Securities and Investments Commission Act 2001"
[parser-unknown-class] "ItemHead", text="7  Schedule 2 (heading relating to the Corporations Act 1989)"
[parser-unknown-class] "ItemHead", text="8  Item 88A"
[parser-unknown-class] "ItemHead", text="9  Schedule 2 (heading relating to the Corporations Law)"
[parser-unknown-class] "Specialaat", text="Corporations Act 2001"
[parser-unknown-class] "ItemHead", text="10  Schedule 3 (heading relating to the Australian Securities and Investments Commission Act 1989)"
[parser-unknown-class] "Specialaat", text="Australian Securities and Investments Commission Act 2001"
[parser-unknown-class] "ItemHead", text="11  Schedule 3 (heading relating to the Corporations Law)"
[parser-unknown-class] "Specialaat", text="Corporations Act 2001"
[parser-unknown-class] "ActHead6", text="Schedule 6—Criminal Code related amendments"
[parser-unknown-class] "ActHead9", text="Corporations Act 2001"
[parser-unknown-class] "ItemHead", text="1  Paragraph 300A(1)(a)"
[parser-unknown-class] "ItemHead", text="2  Subsection 601ED(2)"
[parser-unknown-class] "ItemHead", text="3  Subsection 601FC(1) (note)"
[parser-unknown-class] "ItemHead", text="5  At the end of section 601FC"
[parser-unknown-class] "ItemHead", text="6  Subsection 601FD(1) (note)"
[parser-unknown-class] "ItemHead", text="8  At the end of section 601FD"
[parser-unknown-class] "ItemHead", text="9  Subsection 601FE(1) (note)"
[parser-unknown-class] "ItemHead", text="11  At the end of section 601FE"
[parser-unknown-class] "ItemHead", text="12  Section 601FG (note 1)"
[parser-unknown-class] "ItemHead", text="13  Section 601FG (note 2)"
[parser-unknown-class] "ItemHead", text="14  At the end of section 601FG"
[parser-unknown-class] "ItemHead", text="15  Subsection 601JD(1) (note)"
[parser-unknown-class] "ItemHead", text="16  At the end of section 601JD"
[parser-unknown-class] "ItemHead", text="17  Paragraphs 1317E(1)(f) to (j) (inclusive)"
[parser-unknown-class] "ItemHead", text="18  Schedule 3 (table item 30)"
[parser-unknown-class] "Table", text="30"
[parser-unknown-class] "Table", text="Section 184"
[parser-unknown-class] "Table", text="2,000 penalty units or imprisonment for 5 years, or both."
[parser-unknown-class] "ItemHead", text="19  Schedule 3 (after table item 163)"
[parser-unknown-class] "Table", text="163A"
[parser-unknown-class] "Table", text="Subsection 601FC(6)"
[parser-unknown-class] "Table", text="2,000 penalty units or imprisonment for 5 years, or both."
[parser-unknown-class] "Table", text="163B"
[parser-unknown-class] "Table", text="Subsection 601FD(4)"
[parser-unknown-class] "Table", text="2,000 penalty units or imprisonment for 5 years, or both"
[parser-unknown-class] "Table", text="163C"
[parser-unknown-class] "Table", text="Subsection 601FE(4)"
[parser-unknown-class] "Table", text="2,000 penalty units or imprisonment for 5 years, or both"
[parser-unknown-class] "ItemHead", text="20  Schedule 3 (after table item 164)"
[parser-unknown-class] "Table", text="164A"
[parser-unknown-class] "Table", text="Subsection 601FG(3)"
[parser-unknown-class] "Table", text="2,000 penalty units or imprisonment for 5 years, or both"
[parser-unknown-class] "Table", text="164B"
[parser-unknown-class] "Table", text="Subsection 601JD(4)"
[parser-unknown-class] "Table", text="2,000 penalty units or imprisonment for 5 years, or both"
[parser-unknown-class] "ItemHead", text="21  Schedule 3 (table item 338)"
[parser-diag] processed 2150 <p> elements
[parser-diag] last section was added at element index: 2002
[parser-diag] state phase at end: BODY
[parser-diag] hierarchy stack depth at end: 2
[parser-diag] insideSchedule at end: false
[parse] sections: 37
[parse] compilation: date=(none) no=(none)
[parse] by level:
         part         6
         section      28
         division     3
[db] inserted new legislation row: b37ec231-202d-493e-a187-7b33f26e79e5
[db] inserting 37 sections (pass 1)
[db] inserted 37 sections
[db] linking parent FKs (pass 2)
[db] linked 31 parent references

[done] ingested Corporations (Repeals, Consequentials and Transitionals) Act 2001
       legislation_id: b37ec231-202d-493e-a187-7b33f26e79e5
       sections: 37
       compilation: 2001-07-15
