[fetch] document_1: https://www.legislation.gov.au/C2004A00317/2020-06-20/2020-06-20/text/original/epub/OEBPS/document_1/document_1.html
[fetch] document_1: 57,854 bytes
[fetch] document_2: https://www.legislation.gov.au/C2004A00317/2020-06-20/2020-06-20/text/original/epub/OEBPS/document_2/document_2.html
[fetch] document_2 not found — stopping. Fetched 1 document(s).
[fetch] combined 1 document(s), 57,854 source bytes → 55,867 combined bytes
[citation] Life Insurance Supervisory Levy Imposition Act 1998 (Cth)
[parse] starting
[parser-diag] total <p> elements found: 235
[parser-diag] processed 235 <p> elements
[parser-diag] last section was added at element index: 97
[parser-diag] state phase at end: ENDNOTES
[parse] sections: 9
[parse] compilation: date=2020-06-20 no=10
[parser-diag] hierarchy stack depth at end: 1
[parser-diag] insideSchedule at end: false
[parse] by level:
         section      9
[db] inserted new legislation row: b207a788-ad45-41cb-8ad9-ba035fe1afa8
[db] inserting 9 sections (pass 1)
[db] inserted 9 sections
[db] linking parent FKs (pass 2)
[db] linked 0 parent references

[done] ingested Life Insurance Supervisory Levy Imposition Act 1998
       legislation_id: b207a788-ad45-41cb-8ad9-ba035fe1afa8
       sections: 9
       compilation: 2020-06-20
