[fetch] document_1: https://www.legislation.gov.au/C2004A02968/2021-09-01/2021-09-01/text/original/epub/OEBPS/document_1/document_1.html
[fetch] document_1: 104,043 bytes
[fetch] document_2: https://www.legislation.gov.au/C2004A02968/2021-09-01/2021-09-01/text/original/epub/OEBPS/document_2/document_2.html
[fetch] document_2 not found — stopping. Fetched 1 document(s).
[fetch] combined 1 document(s), 104,043 source bytes → 102,225 combined bytes
[citation] Judicial and Statutory Officers (Remuneration and Allowances) Act 1984 (Cth)
[parse] starting
[parser-diag] total <p> elements found: 380
[parser-diag] processed 380 <p> elements
[parser-diag] last section was added at element index: 172
[parser-diag] state phase at end: ENDNOTES
[parser-diag] hierarchy stack depth at end: 1
[parser-diag] insideSchedule at end: true
[parse] sections: 12
[parse] compilation: date=2021-09-01 no=5
[parse] by level:
         section      11
         schedule     1
[db] inserted new legislation row: 589ad031-8ee7-4f15-ad61-0f4d3823e225
[db] inserting 12 sections (pass 1)
[db] inserted 12 sections
[db] linking parent FKs (pass 2)
[db] linked 0 parent references

[done] ingested Judicial and Statutory Officers (Remuneration and Allowances) Act 1984
       legislation_id: 589ad031-8ee7-4f15-ad61-0f4d3823e225
       sections: 12
       compilation: 2021-09-01
