[fetch] document_1: https://www.legislation.gov.au/C2004A01335/2021-09-01/2021-09-01/text/original/epub/OEBPS/document_1/document_1.html
[fetch] document_1: 244,768 bytes
[fetch] document_2: https://www.legislation.gov.au/C2004A01335/2021-09-01/2021-09-01/text/original/epub/OEBPS/document_2/document_2.html
[fetch] document_2 not found — stopping. Fetched 1 document(s).
[fetch] combined 1 document(s), 244,768 source bytes → 242,719 combined bytes
[citation] Australian Energy Market Act 2004 (Cth)
[parse] starting
[parser-diag] total <p> elements found: 917
[parser-diag] processed 917 <p> elements
[parser-diag] last section was added at element index: 539
[parser-diag] state phase at end: ENDNOTES
[parser-diag] hierarchy stack depth at end: 2
[parser-diag] insideSchedule at end: false
[parse] sections: 61
[parse] compilation: date=2021-09-01 no=14
[parse] by level:
         part         3
         section      52
         division     4
         subdivision  2
[db] inserted new legislation row: 982c579f-ae91-46b4-9169-75216c10e900
[db] inserting 61 sections (pass 1)
[db] inserted 61 sections
[db] linking parent FKs (pass 2)
[db] linked 58 parent references

[done] ingested Australian Energy Market Act 2004
       legislation_id: 982c579f-ae91-46b4-9169-75216c10e900
       sections: 61
       compilation: 2021-09-01
