[fetch] document_1: https://www.legislation.gov.au/C2004A02758/2024-10-14/2024-10-14/text/original/epub/OEBPS/document_1/document_1.html
[fetch] document_1: 792,198 bytes
[fetch] document_2: https://www.legislation.gov.au/C2004A02758/2024-10-14/2024-10-14/text/original/epub/OEBPS/document_2/document_2.html
[fetch] document_2 not found — stopping. Fetched 1 document(s).
[fetch] combined 1 document(s), 792,198 source bytes → 789,525 combined bytes
[citation] Protection of the Sea (Prevention of Pollution from Ships) Act 1983 (Cth)
[parse] starting
[parser-diag] total <p> elements found: 2733
[parser-diag] processed 2733 <p> elements
[parser-diag] last section was added at element index: 1936
[parser-diag] state phase at end: ENDNOTES
[parser-diag] hierarchy stack depth at end: 2
[parser-diag] insideSchedule at end: false
[parse] sections: 112
[parse] compilation: date=2024-10-14 no=44
[parse] by level:
         part         8
         section      96
         division     8
[db] inserted new legislation row: a4fc5519-5112-47ac-b83b-cc3fab5f9252
[db] inserting 112 sections (pass 1)
[db] inserted 112 sections
[db] linking parent FKs (pass 2)
[db] linked 104 parent references

[done] ingested Protection of the Sea (Prevention of Pollution from Ships) Act 1983
       legislation_id: a4fc5519-5112-47ac-b83b-cc3fab5f9252
       sections: 112
       compilation: 2024-10-14
