[fetch] document_1: https://www.legislation.gov.au/C2006A00072/2026-04-02/2026-04-02/text/original/epub/OEBPS/document_1/document_1.html
[fetch] document_1: 411,564 bytes
[fetch] document_2: https://www.legislation.gov.au/C2006A00072/2026-04-02/2026-04-02/text/original/epub/OEBPS/document_2/document_2.html
[fetch] document_2 not found — stopping. Fetched 1 document(s).
[fetch] combined 1 document(s), 411,564 source bytes → 406,053 combined bytes
[citation] Fuel Tax Act 2006 (Cth)
[parse] starting
[parser-diag] total <p> elements found: 1559
[parser-diag] processed 1559 <p> elements
[parser-diag] last section was added at element index: 938
[parser-diag] state phase at end: ENDNOTES
[parser-diag] hierarchy stack depth at end: 5
[parser-diag] insideSchedule at end: false
[parse] sections: 139
[parse] compilation: date=2026-04-02 no=28
[parse] by level:
         chapter      4
         part         11
         division     19
         subdivision  34
         section      71
[db] inserted new legislation row: 166cf53b-2b60-42db-8522-d1540928b242
[db] inserting 139 sections (pass 1)
[db] inserted 139 sections
[db] linking parent FKs (pass 2)
[db] linked 135 parent references

[done] ingested Fuel Tax Act 2006
       legislation_id: 166cf53b-2b60-42db-8522-d1540928b242
       sections: 139
       compilation: 2026-04-02
