[fetch] document_1: https://www.legislation.gov.au/C2004A01827/2016-10-21/2016-10-21/text/original/epub/OEBPS/document_1/document_1.html
[fetch] document_1: 183,061 bytes
[fetch] document_2: https://www.legislation.gov.au/C2004A01827/2016-10-21/2016-10-21/text/original/epub/OEBPS/document_2/document_2.html
[fetch] document_2 not found — stopping. Fetched 1 document(s).
[fetch] combined 1 document(s), 183,061 source bytes → 181,130 combined bytes
[citation] Environment Protection (Alligator Rivers Region) Act 1978 (Cth)
[parse] starting
[parser-diag] total <p> elements found: 669
[parser-diag] processed 669 <p> elements
[parser-diag] last section was added at element index: 391
[parser-diag] state phase at end: ENDNOTES
[parser-diag] hierarchy stack depth at end: 1
[parser-diag] insideSchedule at end: true
[parse] sections: 48
[parse] compilation: date=2016-10-21 no=9
[parse] by level:
         part         5
         section      40
         division     2
         schedule     1
[db] inserted new legislation row: 3299249b-5373-4ee4-8dc8-151742818158
[db] inserting 48 sections (pass 1)
[db] inserted 48 sections
[db] linking parent FKs (pass 2)
[db] linked 42 parent references

[done] ingested Environment Protection (Alligator Rivers Region) Act 1978
       legislation_id: 3299249b-5373-4ee4-8dc8-151742818158
       sections: 48
       compilation: 2016-10-21
