[fetch] document_1: https://www.legislation.gov.au/C2004A00255/1975-04-30/1975-04-30/text/original/epub/OEBPS/document_1/document_1.html
[fetch] document_1: 7,256 bytes
[fetch] document_2: https://www.legislation.gov.au/C2004A00255/1975-04-30/1975-04-30/text/original/epub/OEBPS/document_2/document_2.html
[fetch] document_2 not found — stopping. Fetched 1 document(s).
[fetch] combined 1 document(s), 7,256 source bytes → 6,210 combined bytes
[citation] Privy Council (Appeals from the High Court) Act 1975 (Cth)
[parse] starting
[parser-diag] total <p> elements found: 43
[parser-diag] processed 43 <p> elements
[parser-diag] last section was added at element index: -1
[parser-diag] state phase at end: PRE_BODY
[parser-diag] hierarchy stack depth at end: 0
[parser-diag] insideSchedule at end: false
[parse] sections: 0
[parse] compilation: date=(none) no=(none)
[parse] by level:
[db] inserted new legislation row: e46386c1-65d8-4d41-a8ad-9ed09ebcea45
[db] inserting 0 sections (pass 1)
[db] inserted 0 sections
[db] linking parent FKs (pass 2)
[db] linked 0 parent references

[done] ingested Privy Council (Appeals from the High Court) Act 1975
       legislation_id: e46386c1-65d8-4d41-a8ad-9ed09ebcea45
       sections: 0
       compilation: 1975-04-30
