[fetch] document_1: https://www.legislation.gov.au/C2009A00051/2025-11-18/2025-11-18/text/original/epub/OEBPS/document_1/document_1.html
[fetch] document_1: 55,553 bytes
[fetch] document_2: https://www.legislation.gov.au/C2009A00051/2025-11-18/2025-11-18/text/original/epub/OEBPS/document_2/document_2.html
[fetch] document_2 not found — stopping. Fetched 1 document(s).
[fetch] combined 1 document(s), 55,553 source bytes → 53,576 combined bytes
[citation] Private Health Insurance (National Joint Replacement Register Levy) Act 2009 (Cth)
[parse] starting
[parser-diag] total <p> elements found: 241
[parser-diag] processed 241 <p> elements
[parser-diag] last section was added at element index: 118
[parser-diag] state phase at end: ENDNOTES
[parser-diag] hierarchy stack depth at end: 1
[parser-diag] insideSchedule at end: false
[parse] sections: 11
[parse] compilation: date=2025-11-18 no=3
[parse] by level:
         section      11
[db] inserted new legislation row: 2a0d79f3-dc62-4501-b2a0-946c682205e8
[db] inserting 11 sections (pass 1)
[db] inserted 11 sections
[db] linking parent FKs (pass 2)
[db] linked 0 parent references

[done] ingested Private Health Insurance (National Joint Replacement Register Levy) Act 2009
       legislation_id: 2a0d79f3-dc62-4501-b2a0-946c682205e8
       sections: 11
       compilation: 2025-11-18
