[fetch] document_1: https://www.legislation.gov.au/C2004A04797/2024-03-13/2024-03-13/text/original/epub/OEBPS/document_1/document_1.html
[fetch] document_1: 279,903 bytes
[fetch] document_2: https://www.legislation.gov.au/C2004A04797/2024-03-13/2024-03-13/text/original/epub/OEBPS/document_2/document_2.html
[fetch] document_2 not found — stopping. Fetched 1 document(s).
[fetch] combined 1 document(s), 279,903 source bytes → 278,077 combined bytes
[citation] Witness Protection Act 1994 (Cth)
[parse] starting
[parser-diag] total <p> elements found: 1021
[parser-diag] processed 1021 <p> elements
[parser-diag] last section was added at element index: 768
[parser-diag] state phase at end: ENDNOTES
[parser-diag] hierarchy stack depth at end: 1
[parser-diag] insideSchedule at end: false
[parse] sections: 44
[parse] compilation: date=2024-03-13 no=12
[parse] by level:
         section      44
[db] inserted new legislation row: 8de2125c-9275-462e-8362-a3ea5c320d3c
[db] inserting 44 sections (pass 1)
[db] inserted 44 sections
[db] linking parent FKs (pass 2)
[db] linked 0 parent references

[done] ingested Witness Protection Act 1994
       legislation_id: 8de2125c-9275-462e-8362-a3ea5c320d3c
       sections: 44
       compilation: 2024-03-13
