[fetch] document_1: https://www.legislation.gov.au/C2004A05323/2014-06-25/2014-06-25/text/original/epub/OEBPS/document_1/document_1.html
[fetch] document_1: 33,047 bytes
[fetch] document_2: https://www.legislation.gov.au/C2004A05323/2014-06-25/2014-06-25/text/original/epub/OEBPS/document_2/document_2.html
[fetch] document_2 not found — stopping. Fetched 1 document(s).
[fetch] combined 1 document(s), 33,047 source bytes → 31,391 combined bytes
[citation] Family Trust Distribution Tax (Primary Liability) Act 1998 (Cth)
[parse] starting
[parser-diag] total <p> elements found: 186
[parser-diag] processed 186 <p> elements
[parser-diag] last section was added at element index: 47
[parser-diag] state phase at end: ENDNOTES
[parser-diag] hierarchy stack depth at end: 1
[parser-diag] insideSchedule at end: false
[parse] sections: 5
[parse] compilation: date=(none) no=(none)
[parse] by level:
         section      5
[db] inserted new legislation row: 0e6e4f2d-c024-4fea-af7d-da493a5bea3c
[db] inserting 5 sections (pass 1)
[db] inserted 5 sections
[db] linking parent FKs (pass 2)
[db] linked 0 parent references

[done] ingested Family Trust Distribution Tax (Primary Liability) Act 1998
       legislation_id: 0e6e4f2d-c024-4fea-af7d-da493a5bea3c
       sections: 5
       compilation: 2014-06-25
