[fetch] document_1: https://www.legislation.gov.au/C2008A00013/2016-03-05/2016-03-05/text/original/epub/OEBPS/document_1/document_1.html
[fetch] document_1: 162,849 bytes
[fetch] document_2: https://www.legislation.gov.au/C2008A00013/2016-03-05/2016-03-05/text/original/epub/OEBPS/document_2/document_2.html
[fetch] document_2 not found — stopping. Fetched 1 document(s).
[fetch] combined 1 document(s), 162,849 source bytes → 160,719 combined bytes
[citation] Screen Australia and the National Film and Sound Archive of Australia (Consequential and Transitional Provisions) Act 2008 (Cth)
[parse] starting
[parser-diag] total <p> elements found: 677
[parser-unknown-class] "ActHead6", text="Schedule 1—Repeal and consequential amendments"
[parser-unknown-class] "ActHead7", text="Part 1—Repeal of the Australian Film Commission Act 1975"
[parser-unknown-class] "ActHead9", text="Australian Film Commission Act 1975"
[parser-unknown-class] "ItemHead", text="1  The whole of the Act"
[parser-unknown-class] "ActHead7", text="Part 2—Consequential amendments"
[parser-unknown-class] "ActHead9", text="Australian Film, Television and Radio School Act 1973"
[parser-unknown-class] "ItemHead", text="2  At the end of Part VI"
[parser-unknown-class] "ActHead9", text="Income Tax Assessment Act 1997"
[parser-unknown-class] "ItemHead", text="3  Subsection 376‑55(3)"
[parser-unknown-class] "ItemHead", text="4  After subparagraph 376‑170(4)(a)(iv)"
[parser-unknown-class] "ActHead6", text="Schedule 2—Transitional provisions"
[parser-unknown-class] "ActHead7", text="Part 1—Introduction"
[parser-unknown-class] "ItemHead", text="1  Definitions"
[parser-unknown-class] "ActHead7", text="Part 2—Assets and liabilities of AFC, FAL and FFC"
[parser-unknown-class] "ItemHead", text="2  Transfer of assets and liabilities of AFC"
[parser-unknown-class] "SubitemHead", text="Application"
[parser-unknown-class] "Subitem", text="(1) This item applies to assets and liabilities of AFC immediately before the transition time."
[parser-unknown-class] "SubitemHead", text="AFC to Screen Australia"
[parser-unknown-class] "Subitem", text="(2) Subject to this item, at the transition time, the assets and liabilities cease to be assets a..."
[parser-unknown-class] "SubitemHead", text="AFC to NFSAA or AFTRS"
[parser-unknown-class] "Subitem", text="(3) Before the transition time, the Minister may determine, in writing, that some of the assets o..."
[parser-unknown-class] "Subitem", text="(4) If the Minister makes a determination that the assets or liabilities are to become the assets..."
[parser-unknown-class] "Subitem", text="(5) If the Minister makes a determination that the assets or liabilities are to become the assets..."
[parser-unknown-class] "Subitem", text="(6) A determination made under subitem (3) is not a legislative instrument."
[parser-unknown-class] "SubitemHead", text="Assets subject to trust"
[parser-unknown-class] "Subitem", text="(7) If an asset that has become an asset of Screen Australia, NFSAA or AFTRS under this item was,..."
[parser-unknown-class] "ItemHead", text="3  Transfer of assets and liabilities of FAL and FFC"
[parser-unknown-class] "Subitem", text="(1) This item applies to assets and liabilities of FAL and FFC immediately before the transition ..."
[parser-unknown-class] "Subitem", text="(2) At the transition time, the assets and liabilities cease to be assets and liabilities of FAL ..."
[parser-unknown-class] "Subitem", text="(3) If an asset that has become an asset of Screen Australia under this item was, immediately bef..."
[parser-unknown-class] "ItemHead", text="4  Certificates relating to vesting of land"
[parser-unknown-class] "Subitem", text="(1) This item applies if:"
[parser-unknown-class] "Subitem", text="(2) The land registration official may:"
[parser-unknown-class] "Subitem", text="(3) A certificate made under subitem (1) is not a legislative instrument."
[parser-unknown-class] "Subitem", text="(4) In this item:"
[parser-unknown-class] "ItemHead", text="5  Certificates for vesting of assets other than land"
[parser-unknown-class] "Subitem", text="(1) This item applies if:"
[parser-unknown-class] "Subitem", text="(2) The assets official may:"
[parser-unknown-class] "Subitem", text="(3) A certificate made under subitem (1) is not a legislative instrument."
[parser-unknown-class] "Subitem", text="(4) In this item:"
[parser-unknown-class] "ItemHead", text="6  Certificates taken to be authentic"
[parser-unknown-class] "ItemHead", text="7  Exemption from stamp duty and other State or Territory taxes"
[parser-unknown-class] "Subitem", text="(1) No stamp duty or other tax is payable under a law of a State or a Territory in respect of an ..."
[parser-unknown-class] "Subitem", text="(2) For the purposes of this item, an exempt matter is:"
[parser-unknown-class] "Subitem", text="(3) The Minister may certify in writing:"
[parser-unknown-class] "Subitem", text="(4) In all courts, and for all purposes (other than for the purposes of criminal proceedings), a ..."
[parser-unknown-class] "Subitem", text="(5) A certificate made under subitem (3) is not a legislative instrument."
[parser-unknown-class] "ActHead7", text="Part 3—Office holders of AFC, FAL and FFC"
[parser-unknown-class] "ItemHead", text="8  Termination of office holders of FAL and FFC"
[parser-unknown-class] "Subitem", text="(1) Before the transition time, the Minister may, in writing:"
[parser-unknown-class] "Subitem", text="(2) An instrument made under subitem (1) has effect accordingly and takes effect immediately befo..."
[parser-unknown-class] "Subitem", text="(3) An instrument made under subitem (1) is not a legislative instrument."
[parser-unknown-class] "ItemHead", text="9  No transfer of appointment, engagement or employment etc. of office holders"
[parser-unknown-class] "Subitem", text="(1) Nothing in this Act produces the result that the appointment, engagement or employment of an ..."
[parser-unknown-class] "Subitem", text="(2) Nothing in this Act produces the result that a contract, agreement or other instrument relati..."
[parser-unknown-class] "Subitem", text="(3) In this item:"
[parser-unknown-class] "ActHead7", text="Part 4—Staff of AFC, FAL and FFC"
[parser-unknown-class] "ActHead8", text="Division 1—Staff of AFC"
[parser-unknown-class] "ItemHead", text="10  Non‑APS employees in AFC transferred to Screen Australia as non‑APS employees"
[parser-unknown-class] "Subitem", text="(1) This item applies to a person who:"
[parser-unknown-class] "Subitem", text="(2) At the transition time, the person ceases to be appointed or engaged by AFC and is taken to h..."
[parser-unknown-class] "Subitem", text="(3) The person is taken to have accrued an entitlement to benefits, in connection with that emplo..."
[parser-unknown-class] "Subitem", text="(4) The service of the person as an employee of Screen Australia is taken, for all purposes, to b..."
[parser-unknown-class] "ItemHead", text="11  Non‑APS employees in AFC transferred to NFSAA as APS employees"
[parser-unknown-class] "Subitem", text="(1) This item applies to a person who:"
[parser-unknown-class] "Subitem", text="(2) The person is taken to have accrued an entitlement to benefits, in connection with becoming a..."
[parser-unknown-class] "Subitem", text="(3) The service of the person as a member of the staff of NFSAA engaged under the Public Service ..."
[parser-unknown-class] "ItemHead", text="12  APS employees in AFC transferred to AFTRS as employees of AFTRS"
[parser-unknown-class] "Subitem", text="(1) This item applies to a person who:"
[parser-unknown-class] "Subitem", text="(2) The person is taken to have accrued an entitlement to benefits, in connection with becoming a..."
[parser-unknown-class] "Subitem", text="(3) The service of the person as an employee of AFTRS is taken, for all purposes, to have been co..."
[parser-unknown-class] "ActHead8", text="Division 2—Staff of FAL and FFC"
[parser-unknown-class] "ItemHead", text="13  Non‑APS employees in FAL or FFC on contract of employment transferred to Screen Australia as ..."
[parser-unknown-class] "Subitem", text="(1) This item applies to a person if:"
[parser-unknown-class] "Subitem", text="(2) At the transition time, the person ceases to be employed by FAL or FFC and is taken to have b..."
[parser-unknown-class] "Subitem", text="(3) The contract of employment continues in force at and after the transition time as if it were ..."
[parser-unknown-class] "Subitem", text="(4) The person is taken to have accrued an entitlement to benefits, in connection with that emplo..."
[parser-unknown-class] "Subitem", text="(5) The service of the person as an employee of Screen Australia is taken, for all purposes, to h..."
[parser-unknown-class] "Subitem", text="(6) This item does not prevent the contract of employment of the person from being varied after t..."
[parser-unknown-class] "Subitem", text="(7) To avoid doubt, this item does not apply to the following:"
[parser-unknown-class] "Subitem", text="(8) In this item:"
[parser-unknown-class] "ItemHead", text="14  Non‑APS employees in FAL not on contract of employment transferred to Screen Australia as non..."
[parser-unknown-class] "Subitem", text="(1) This item applies to a person if:"
[parser-unknown-class] "Subitem", text="(2) At the transition time, the person ceases to be employed by FAL and is taken to have been emp..."
[parser-unknown-class] "Subitem", text="(3) The person is taken to have accrued an entitlement to benefits, in connection with that emplo..."
[parser-unknown-class] "Subitem", text="(4) The service of the person as an employee of Screen Australia is taken, for all purposes, to h..."
[parser-unknown-class] "Subitem", text="(5) To avoid doubt, this item does not apply to the following:"
[parser-unknown-class] "ItemHead", text="15  Non‑APS employees in FAL or FFC, on a contract of employment or otherwise, transferred to Scr..."
[parser-unknown-class] "Subitem", text="(1) This item applies to a person who:"
[parser-unknown-class] "Subitem", text="(2) The person is taken to have accrued an entitlement to benefits, in connection with becoming a..."
[parser-unknown-class] "Subitem", text="(3) The service of the person as a member of the staff of Screen Australia engaged under the Publ..."
[parser-unknown-class] "ActHead8", text="Division 3—Other matters relating to staff"
[parser-unknown-class] "ItemHead", text="16  Limited transfer of appointment, engagement or employment etc. of staff"
[parser-unknown-class] "Subitem", text="(1) Nothing in this Act (except items 10, 13, and 14) produces the result that the appointment, e..."
[parser-unknown-class] "Subitem", text="(2) Nothing in this Act produces the result that an instrument (within the meaning of Part 11 of ..."
[parser-unknown-class] "ItemHead", text="17  No payments as a result of transfer"
[parser-unknown-class] "ItemHead", text="18  Long service leave for staff of Screen Australia and NFSAA"
[parser-unknown-class] "Subitem", text="(1) This item applies to a person if:"
[parser-unknown-class] "Subitem", text="(2) For the purposes of the Long Service Leave (Commonwealth Employees) Act 1976, the person’s se..."
[parser-unknown-class] "ItemHead", text="19  Maternity leave for staff of Screen Australia"
[parser-unknown-class] "Subitem", text="(1) This item applies to a person if:"
[parser-unknown-class] "Subitem", text="(2) For the purposes of the Maternity Leave (Commonwealth Employees) Act 1973, the person’s servi..."
[parser-unknown-class] "ActHead7", text="Part 5—Things done by, references in instruments to, legal proceedings of and records of AFC, FAL..."
[parser-unknown-class] "ActHead8", text="Division 1—AFC"
[parser-unknown-class] "ItemHead", text="20  Things done by, or in relation to, AFC"
[parser-unknown-class] "Subitem", text="(1) This item applies to a thing done by, or in relation to, AFC before the transition time."
[parser-unknown-class] "Subitem", text="(2) The Minister may determine, in writing, that the thing is taken, at and after the transition ..."
[parser-unknown-class] "Subitem", text="(3) A determination made under subitem (2) has effect accordingly."
[parser-unknown-class] "Subitem", text="(4) The Minister may make a determination under subitem (2) before or after the transition time."
[parser-unknown-class] "Subitem", text="(5) A determination made under subitem (2) is not a legislative instrument."
[parser-unknown-class] "Subitem", text="(6) This item does not limit the operation of item 2."
[parser-unknown-class] "ItemHead", text="21  References in instruments to AFC"
[parser-unknown-class] "SubitemHead", text="Application"
[parser-unknown-class] "Subitem", text="(1) This item applies to an instrument that:"
[parser-unknown-class] "SubitemHead", text="AFC to Screen Australia"
[parser-unknown-class] "Subitem", text="(2) If the instrument relates to:"
[parser-unknown-class] "SubitemHead", text="AFC to NFSAA"
[parser-unknown-class] "Subitem", text="(3) If the instrument relates to:"
[parser-unknown-class] "SubitemHead", text="AFC to AFTRS"
[parser-unknown-class] "Subitem", text="(4) If the instrument relates to:"
[parser-unknown-class] "SubitemHead", text="AFC to Screen Australia, NFSAA, AFTRS or Commonwealth"
[parser-unknown-class] "Subitem", text="(5) If subitem (2), (3) or (4) does not apply to the instrument, then the Minister may determine,..."
[parser-unknown-class] "Subitem", text="(6) A determination made under subitem (5) has effect accordingly."
[parser-unknown-class] "Subitem", text="(7) The Minister may make a determination under subitem (5) before or after the transition time."
[parser-unknown-class] "Subitem", text="(8) A determination made under subitem (5) is not a legislative instrument."
[parser-unknown-class] "SubitemHead", text="Instrument"
[parser-unknown-class] "Subitem", text="(9) In this item:"
[parser-unknown-class] "ItemHead", text="22  Legal proceedings of AFC"
[parser-unknown-class] "SubitemHead", text="Application"
[parser-unknown-class] "Subitem", text="(1) This item applies to any proceedings:"
[parser-unknown-class] "SubitemHead", text="AFC to Screen Australia"
[parser-unknown-class] "Subitem", text="(2) If the proceedings related, in whole or part, to an asset or liability that, as a result of t..."
[parser-unknown-class] "SubitemHead", text="AFC to NFSAA"
[parser-unknown-class] "Subitem", text="(3) If the proceedings related, in whole or part, to an asset or liability that, as a result of t..."
[parser-unknown-class] "SubitemHead", text="AFC to AFTRS"
[parser-unknown-class] "Subitem", text="(4) If the proceedings related, in whole or part, to an asset or liability that, as a result of t..."
[parser-unknown-class] "SubitemHead", text="AFC to Screen Australia, NFSAA, AFTRS or Commonwealth"
[parser-unknown-class] "Subitem", text="(5) If subitem (2), (3) or (4) does not apply to the proceedings, then the Minister may determine..."
[parser-unknown-class] "Subitem", text="(6) A determination made under subitem (5) has effect accordingly."
[parser-unknown-class] "Subitem", text="(7) The Minister may make a determination under subitem (5) before or after the transition time."
[parser-unknown-class] "Subitem", text="(8) A determination made under subitem (5) is not a legislative instrument."
[parser-unknown-class] "ItemHead", text="23  Transfer of custody of records of AFC"
[parser-unknown-class] "SubitemHead", text="Application"
[parser-unknown-class] "Subitem", text="(1) This item applies to a record or document that, immediately before the transition time, is in..."
[parser-unknown-class] "SubitemHead", text="AFC to Screen Australia"
[parser-unknown-class] "Subitem", text="(2) If the record or document relates to:"
[parser-unknown-class] "SubitemHead", text="AFC to NFSAA"
[parser-unknown-class] "Subitem", text="(3) If the record or document relates to:"
[parser-unknown-class] "SubitemHead", text="AFC to AFTRS"
[parser-unknown-class] "Subitem", text="(4) If the record or document relates to:"
[parser-unknown-class] "SubitemHead", text="AFC to Screen Australia, NFSAA, AFTRS or Commonwealth"
[parser-unknown-class] "Subitem", text="(5) If subitem (2), (3) or (4) does not apply to the record or document, then the Minister may de..."
[parser-unknown-class] "Subitem", text="(6) A determination made under subitem (5) has effect accordingly."
[parser-unknown-class] "Subitem", text="(7) The Minister may make a determination under subitem (5) before or after the transition time."
[parser-unknown-class] "Subitem", text="(8) A determination made under subitem (5) is not a legislative instrument."
[parser-unknown-class] "SubitemHead", text="Commonwealth Authorities and Companies Act 1997"
[parser-unknown-class] "Subitem", text="(9) Section 20 of the Commonwealth Authorities and Companies Act 1997 applies in relation to acco..."
[parser-unknown-class] "ItemHead", text="24  Variation of the operation of this Division"
[parser-unknown-class] "Subitem", text="(1) The Minister may determine, in writing, that a provision of item 21, 22 or 23 does not apply ..."
[parser-unknown-class] "Subitem", text="(2) A determination under subitem (1) has effect accordingly, and takes effect:"
[parser-unknown-class] "Subitem", text="(3) A determination under subitem (2) is not a legislative instrument."
[parser-unknown-class] "ActHead8", text="Division 2—FAL and FFC"
[parser-unknown-class] "ItemHead", text="25  Things done by, or in relation to, FAL or FFC"
[parser-unknown-class] "Subitem", text="(1) If, before the transition time, a thing was done by, or in relation to, FAL or FFC, then, at ..."
[parser-unknown-class] "Subitem", text="(2) This item does not limit the operation of item 3."
[parser-unknown-class] "ItemHead", text="26  References in instruments to FAL or FFC"
[parser-unknown-class] "Subitem", text="(1) If:"
[parser-unknown-class] "Subitem", text="(2) In this item:"
[parser-unknown-class] "ItemHead", text="27  Legal proceedings of FAL or FFC"
[parser-unknown-class] "ItemHead", text="28  Transfer of custody of records of FAL or FFC"
[parser-unknown-class] "Subitem", text="(1) A record or document that, immediately before the transition time, is in the custody of FAL o..."
[parser-unknown-class] "Subitem", text="(2) Section 20 of the Commonwealth Authorities and Companies Act 1997 applies in relation to acco..."
[parser-unknown-class] "ActHead7", text="Part 6—Annual reports, returns etc. of AFC, FAL and FFC"
[parser-unknown-class] "ItemHead", text="29  Final annual report of AFC"
[parser-unknown-class] "Subitem", text="(1) The members of the Board of Screen Australia must prepare a report in accordance with Schedul..."
[parser-unknown-class] "Subitem", text="(2) However, the report need not cover a period that has already been covered by a report given t..."
[parser-unknown-class] "Subitem", text="(3) The report must include the matters described in subsections 6(4) to (6) of the Australian Fi..."
[parser-unknown-class] "Subitem", text="(4) Schedule 1 to the Commonwealth Authorities and Companies Act 1997, and the Finance Minister’s..."
[parser-unknown-class] "Subitem", text="(5) The members of the Board of Screen Australia must give the report to the Minister by the 15th..."
[parser-unknown-class] "Subitem", text="(6) The Minister must table the report in each House of the Parliament as soon as practicable."
[parser-unknown-class] "Subitem", text="(7) In this item:"
[parser-unknown-class] "ItemHead", text="30  Contravention of final annual reporting requirement"
[parser-unknown-class] "Subitem", text="(1) If a final annual reporting requirement is contravened, each member of the Board of Screen Au..."
[parser-unknown-class] "Subitem", text="(2) Schedule 2 to the Commonwealth Authorities and Companies Act 1997 applies in relation to a co..."
[parser-unknown-class] "Subitem", text="(3) If a contravention of a final annual reporting requirement consists of an omission from the f..."
[parser-unknown-class] "Subitem", text="(4) In this item:"
[parser-unknown-class] "ItemHead", text="31  Other reports, returns etc. of AFC, FAL and FFC"
[parser-unknown-class] "Subitem", text="(1) This item applies to a report, return or other document if, at a time (the relevant time) tha..."
[parser-unknown-class] "Subitem", text="(2) The Minister may determine, in writing, that Screen Australia is instead required, at the rel..."
[parser-unknown-class] "Subitem", text="(3) A determination made under subitem (2) has effect accordingly."
[parser-unknown-class] "Subitem", text="(4) A determination made under subitem (2) is not a legislative instrument."
[parser-unknown-class] "Subitem", text="(5) This item does not limit the operation of item 2 or 3."
[parser-unknown-class] "ActHead7", text="Part 7—Appointment of first CEO of Screen Australia and NFSAA"
[parser-unknown-class] "ItemHead", text="32  Appointment of first CEO of Screen Australia"
[parser-unknown-class] "Subitem", text="(1) Despite subsection 22(1) of the Screen Australia Act 2008, the Minister is to appoint the fir..."
[parser-unknown-class] "Subitem", text="(2) The appointment is to take effect at the later of:"
[parser-unknown-class] "Subitem", text="(3) The Screen Australia Act 2008 (other than subsection 22(1) of that Act) applies in relation t..."
[parser-unknown-class] "ItemHead", text="33  Appointment of first CEO of NFSAA"
[parser-unknown-class] "Subitem", text="(1) Despite subsection 22(1) of the National Film and Sound Archive of Australia Act 2008, the Mi..."
[parser-unknown-class] "Subitem", text="(2) The appointment is to take effect at the later of:"
[parser-unknown-class] "Subitem", text="(3) The National Film and Sound Archive of Australia Act 2008 (other than subsection 22(1) of tha..."
[parser-unknown-class] "ActHead7", text="Part 8—Other transitional matters"
[parser-unknown-class] "ItemHead", text="34  National Film and Sound Archive of Australia"
[parser-unknown-class] "ItemHead", text="35  Directors’ obligations—FAL and FFC"
[parser-unknown-class] "ItemHead", text="36  Transfer of appropriated money"
[parser-unknown-class] "Subitem", text="(1) For the purposes of the operation of an Appropriation Act after the transition time, the Fina..."
[parser-unknown-class] "Subitem", text="(2) A determination made under subitem (1) has effect accordingly."
[parser-unknown-class] "Subitem", text="(4) In this item:"
[parser-unknown-class] "ItemHead", text="37  Compensation for acquisition of property"
[parser-unknown-class] "Subitem", text="(1) If the operation of this Act would result in an acquisition of property from a person otherwi..."
[parser-unknown-class] "Subitem", text="(2) If the Commonwealth and the person do not agree on the amount of the compensation, the person..."
[parser-unknown-class] "Subitem", text="(3) In this item:"
[parser-unknown-class] "ItemHead", text="38  Delegation by Minister"
[parser-unknown-class] "Subitem", text="(1) The Minister may delegate, in writing, all or any of his or her powers and functions under th..."
[parser-unknown-class] "Subitem", text="(2) In exercising powers or functions under a delegation, the delegate must comply with any direc..."
[parser-unknown-class] "ItemHead", text="39  Regulations"
[parser-unknown-class] "Subitem", text="(1) The Governor‑General may make regulations prescribing matters:"
[parser-unknown-class] "Subitem", text="(2) In particular, regulations may be made prescribing matters of a transitional nature (includin..."
[parser-diag] processed 677 <p> elements
[parser-diag] last section was added at element index: 94
[parser-diag] state phase at end: ENDNOTES
[parser-diag] hierarchy stack depth at end: 1
[parser-diag] insideSchedule at end: false
[parse] sections: 5
[parse] compilation: date=2016-03-05 no=3
[parse] by level:
         section      5
[db] inserted new legislation row: c96cd327-66f7-4ebe-88bf-477f6e25f328
[db] inserting 5 sections (pass 1)
[db] inserted 5 sections
[db] linking parent FKs (pass 2)
[db] linked 0 parent references

[done] ingested Screen Australia and the National Film and Sound Archive of Australia (Consequential and Transitional Provisions) Act 2008
       legislation_id: c96cd327-66f7-4ebe-88bf-477f6e25f328
       sections: 5
       compilation: 2016-03-05
