[fetch] document_1: https://www.legislation.gov.au/C2004A03596/2025-12-05/2025-12-05/text/original/epub/OEBPS/document_1/document_1.html
[fetch] document_1: 1,420,953 bytes
[fetch] document_2: https://www.legislation.gov.au/C2004A03596/2025-12-05/2025-12-05/text/original/epub/OEBPS/document_2/document_2.html
[fetch] document_2 not found — stopping. Fetched 1 document(s).
[fetch] combined 1 document(s), 1,420,953 source bytes → 1,418,046 combined bytes
[citation] Child Support (Registration and Collection) Act 1988 (Cth)
[parse] starting
[parser-diag] total <p> elements found: 5243
[parser-diag] processed 5243 <p> elements
[parse] sections: 296
[parse] compilation: date=2025-12-05 no=76
[parser-diag] last section was added at element index: 3298
[parser-diag] state phase at end: ENDNOTES
[parser-diag] hierarchy stack depth at end: 2
[parser-diag] insideSchedule at end: false
[parse] by level:
         part         14
         section      241
         division     39
         subdivision  2
[db] inserted new legislation row: 36663991-c5c7-4569-bfa4-24d01e663cd8
[db] inserting 296 sections (pass 1)
[db] inserted 296 sections
[db] linking parent FKs (pass 2)
[db] linked 282 parent references

[done] ingested Child Support (Registration and Collection) Act 1988
       legislation_id: 36663991-c5c7-4569-bfa4-24d01e663cd8
       sections: 296
       compilation: 2025-12-05
