[fetch] document_1: https://www.legislation.gov.au/C2004A01408/1975-09-09/1975-09-09/text/original/epub/OEBPS/document_1/document_1.html
[fetch] document_1: 18,797 bytes
[fetch] document_2: https://www.legislation.gov.au/C2004A01408/1975-09-09/1975-09-09/text/original/epub/OEBPS/document_2/document_2.html
[fetch] document_2 not found — stopping. Fetched 1 document(s).
[fetch] combined 1 document(s), 18,797 source bytes → 17,713 combined bytes
[citation] Papua New Guinea Independence Act 1975 (Cth)
[parse] starting
[parser-diag] total <p> elements found: 85
[parser-diag] processed 85 <p> elements
[parser-diag] last section was added at element index: -1
[parser-diag] state phase at end: PRE_BODY
[parser-diag] hierarchy stack depth at end: 0
[parse] sections: 0
[parse] compilation: date=(none) no=(none)
[parser-diag] insideSchedule at end: false
[parse] by level:
[db] inserted new legislation row: 72368432-69db-4e5b-9385-c65443f48749
[db] inserting 0 sections (pass 1)
[db] inserted 0 sections
[db] linking parent FKs (pass 2)
[db] linked 0 parent references

[done] ingested Papua New Guinea Independence Act 1975
       legislation_id: 72368432-69db-4e5b-9385-c65443f48749
       sections: 0
       compilation: 1975-09-09
