[fetch] document_1: https://www.legislation.gov.au/C2004A04783/2024-10-14/2024-10-14/text/original/epub/OEBPS/document_1/document_1.html
[fetch] document_1: 535,456 bytes
[fetch] document_2: https://www.legislation.gov.au/C2004A04783/2024-10-14/2024-10-14/text/original/epub/OEBPS/document_2/document_2.html
[fetch] document_2 not found — stopping. Fetched 1 document(s).
[fetch] combined 1 document(s), 535,456 source bytes → 533,122 combined bytes
[citation] Plant Breeder's Rights Act 1994 (Cth)
[parse] starting
[parser-diag] total <p> elements found: 1934
[parser-diag] processed 1934 <p> elements
[parser-diag] last section was added at element index: 1452
[parser-diag] state phase at end: ENDNOTES
[parser-diag] hierarchy stack depth at end: 2
[parser-diag] insideSchedule at end: false
[parse] sections: 114
[parse] compilation: date=2024-10-14 no=23
[parse] by level:
         part         8
         section      100
         division     6
[db] inserted new legislation row: 5b208e8f-809b-4492-88ce-6579c9f19ac2
[db] inserting 114 sections (pass 1)
[db] inserted 114 sections
[db] linking parent FKs (pass 2)
[db] linked 106 parent references

[done] ingested Plant Breeder's Rights Act 1994
       legislation_id: 5b208e8f-809b-4492-88ce-6579c9f19ac2
       sections: 114
       compilation: 2024-10-14
