[fetch] document_1: https://www.legislation.gov.au/C2004A05241/2021-09-01/2021-09-01/text/original/epub/OEBPS/document_1/document_1.html
[fetch] document_1: 60,262 bytes
[fetch] document_2: https://www.legislation.gov.au/C2004A05241/2021-09-01/2021-09-01/text/original/epub/OEBPS/document_2/document_2.html
[fetch] document_2 not found — stopping. Fetched 1 document(s).
[fetch] combined 1 document(s), 60,262 source bytes → 58,430 combined bytes
[citation] Family Court of Western Australia (Orders of Registrars) Act 1997 (Cth)
[parse] starting
[parser-diag] total <p> elements found: 234
[parser-unknown-class] "Subsection", text="This Act may be cited as the Family Court of Western Australia (Orders of Registrars) Act 1997."
[parser-unknown-class] "Subsection", text="This Act commences on the day on which it receives the Royal Assent."
[parser-unknown-class] "Subsection", text="In this Act:"
[parser-unknown-class] "indenta", text="(a) the Family Law Act 1975; or"
[parser-unknown-class] "indenta", text="(b) the Child Support (Registration and Collection) Act 1988; or"
[parser-unknown-class] "indenta", text="(c) the Child Support (Assessment) Act 1989."
[parser-unknown-class] "indenta", text="(a) in relation to an ineffective order of the kind referred to in subsection 4(2)—the proceeding..."
[parser-unknown-class] "indenta", text="(b) in relation to provisions of a parenting plan that are an ineffective order of the kind refer..."
[parser-unknown-class] "Subsection", text="(1) A reference in this Act to an ineffective order is a reference to a purported order described..."
[parser-unknown-class] "Subsection", text="(2) An order that a Registrar has purported to make, before the commencement of the corresponding..."
[parser-unknown-class] "indenta", text="(a) in the exercise or purported exercise of the federal family jurisdiction of the Family Court ..."
[parser-unknown-class] "indenta", text="(b) by way of a judicial determination that was not reviewable (otherwise than on appeal)."
[parser-unknown-class] "Subsection", text="(3) Provisions of a parenting plan that a Registrar has purported to register under section 63E o..."
[parser-unknown-class] "Subsection", text="(4) If a court or Registrar has purported to vary, revoke, set aside, revive or suspend an ineffe..."
[parser-unknown-class] "Subsection", text="(5) If clause 2 of Schedule 2 to the Family Law Reform Act 1995 would have applied to an ineffect..."
[parser-unknown-class] "Subsection", text="(1) The rights and liabilities of all persons are, by force of this Act, declared to be, and alwa..."
[parser-unknown-class] "Subsection", text="(2) Subsection (1) has effect in relation to an ineffective order of the kind referred to in subs..."
[parser-unknown-class] "Subsection", text="(1) A right or liability conferred, imposed or affected by section 5:"
[parser-unknown-class] "indenta", text="(a) is exercisable or enforceable; and"
[parser-unknown-class] "indenta", text="(b) is to be regarded as always having been exercisable or enforceable;"
[parser-unknown-class] "Subsection", text="(2) Subsection (1) has effect in relation to an ineffective order of the kind referred to in subs..."
[parser-unknown-class] "Subsection", text="(3) In this section:"
[parser-unknown-class] "Subsection", text="(1) Any act or thing done or omitted to be done before or after the commencement of this Act unde..."
[parser-unknown-class] "indenta", text="(a) has the same effect, and gives rise to the same consequences, for the purposes of any written..."
[parser-unknown-class] "indenta", text="(b) is to be regarded as always having had the same effect, and given rise to the same consequenc..."
[parser-unknown-class] "indenta", text="(c) an order made by the Family Court of Western Australia, in the exercise of its federal family..."
[parser-unknown-class] "indenta", text="(d) an order made by the Family Court of Western Australia in or in relation to the proceedings r..."
[parser-unknown-class] "Subsection", text="(2) Subject to subsection (3), for the purposes of an enforcement law (see subsection (4)), any a..."
[parser-unknown-class] "Subsection", text="(3) If, before the commencement of this Act, a court purported to convict a person of an offence ..."
[parser-unknown-class] "Subsection", text="(4) In this section:"
[parser-unknown-class] "indenta", text="(a) contravenes; or"
[parser-unknown-class] "indenta", text="(b) acts in a specified way while there is in force;"
[parser-unknown-class] "Subsection", text="(1) If:"
[parser-unknown-class] "indenta", text="(a) before the commencement of this Act, a court, in the exercise of its federal family jurisdict..."
[parser-unknown-class] "indenta", text="(b) the new order replaced the ineffective order (see subsection (2));"
[parser-unknown-class] "Subsection", text="(2) For the purposes of subsection (1), the new order replaced the ineffective order if the new o..."
[parser-unknown-class] "indenta", text="(a) conferred or imposed rights or liabilities similar to or different from those purportedly con..."
[parser-unknown-class] "indenta", text="(b) affected rights or liabilities in the same way as they were purportedly affected by the ineff..."
[parser-unknown-class] "Subsection", text="(3) If:"
[parser-unknown-class] "indenta", text="(a) before the commencement of this Act, a court, in the exercise of its federal family jurisdict..."
[parser-unknown-class] "indenta", text="(b) the new order or decision replaced the ineffective order (see subsection (4));"
[parser-unknown-class] "Subsection", text="(4) For the purposes of subsection (3), the new order or decision replaced the ineffective order if:"
[parser-unknown-class] "indenta", text="(a) it was an order:"
[parser-unknown-class] "indentii", text="(i) conferring or imposing rights or liabilities similar to or different from those purportedly c..."
[parser-unknown-class] "indentii", text="(ii) affecting rights or liabilities in the same way as they were purportedly affected by the ine..."
[parser-unknown-class] "indenta", text="(b) it was a decision to register the same or a different parenting plan under section 63E of the..."
[parser-unknown-class] "Subsection", text="(1) A court may vary, revoke, set aside, revive or suspend a right or liability conferred, impose..."
[parser-unknown-class] "Subsection", text="(2) In addition to its powers under subsection (1), a court also has power to make an order achie..."
[parser-unknown-class] "indenta", text="(a) the ineffective order had been an order made by the Family Court of Western Australia in the ..."
[parser-unknown-class] "indenta", text="(b) the court had been considering whether to vary, revoke, set aside, revive or suspend that order."
[parser-unknown-class] "Subsection", text="(3) This section has effect in relation to an ineffective order of the kind referred to in subsec..."
[parser-unknown-class] "Subsection", text="The court record, or a copy of the court record, of:"
[parser-unknown-class] "indenta", text="(a) an ineffective order of the kind referred to in subsection 4(2); or"
[parser-unknown-class] "indenta", text="(b) the registration decision in relation to an ineffective order of the kind referred to in subs..."
[parser-unknown-class] "Subsection", text="Nothing in this Act applies to an order declared to be invalid by the Full Court of the Family Co..."
[parser-unknown-class] "Subsection", text="(1) Subject to subsection (3), jurisdiction is conferred on the Federal Circuit and Family Court ..."
[parser-unknown-class] "Subsection", text="(2) Subject to subsection (3), each court of summary jurisdiction of each State is invested with ..."
[parser-unknown-class] "Subsection", text="(3) A court only has jurisdiction in respect of a matter arising under this Act if it has jurisdi..."
[parser-diag] processed 234 <p> elements
[parser-diag] last section was added at element index: 134
[parser-diag] state phase at end: ENDNOTES
[parser-diag] hierarchy stack depth at end: 1
[parser-diag] insideSchedule at end: false
[parse] sections: 12
[parse] compilation: date=2021-09-01 no=1
[parse] by level:
         section      12
[db] inserted new legislation row: 037a9103-15a8-40d5-97e7-b0775f6ff879
[db] inserting 12 sections (pass 1)
[db] inserted 12 sections
[db] linking parent FKs (pass 2)
[db] linked 0 parent references

[done] ingested Family Court of Western Australia (Orders of Registrars) Act 1997
       legislation_id: 037a9103-15a8-40d5-97e7-b0775f6ff879
       sections: 12
       compilation: 2021-09-01
