[fetch] document_1: https://www.legislation.gov.au/C2009A00092/2009-09-22/2009-09-22/text/original/epub/OEBPS/document_1/document_1.html
[fetch] document_1: 104,995 bytes
[fetch] document_2: https://www.legislation.gov.au/C2009A00092/2009-09-22/2009-09-22/text/original/epub/OEBPS/document_2/document_2.html
[fetch] document_2 not found — stopping. Fetched 1 document(s).
[fetch] combined 1 document(s), 104,995 source bytes → 103,787 combined bytes
[citation] Military Justice (Interim Measures) Act (No. 2) 2009 (Cth)
[parse] starting
[parser-diag] total <p> elements found: 399
[parser-unknown-class] "ActHead6", text="Schedule 1—Effect of things done by or in relation to the Australian Military Court"
[parser-unknown-class] "ActHead7", text="Part 1—Preliminary"
[parser-unknown-class] "ItemHead", text="1  Definitions"
[parser-unknown-class] "ItemHead", text="2  Object and effect of Schedule etc."
[parser-unknown-class] "Subitem", text="(1) The main object of this Schedule is to maintain the continuity of discipline in the Defence F..."
[parser-unknown-class] "Subitem", text="(2) The provisions of this Schedule that declare people to have particular rights or liabilities ..."
[parser-unknown-class] "Subitem", text="(3) If a provision of this Schedule:"
[parser-unknown-class] "ItemHead", text="3  Reliance on, and enforcement of, declared rights etc."
[parser-unknown-class] "Subitem", text="(1) This item applies if, under an item of this Schedule (the applicable item), the rights and li..."
[parser-unknown-class] "Subitem", text="(2) Without limiting the effect of the applicable item:"
[parser-unknown-class] "Subitem", text="(3) This item has effect subject to subitem 2(2)."
[parser-unknown-class] "ActHead7", text="Part 2—Things done by the AMC, otherwise than on appeal"
[parser-unknown-class] "ItemHead", text="4  Application of Part"
[parser-unknown-class] "ItemHead", text="5  Effect of punishments and Part IV orders"
[parser-unknown-class] "Subitem", text="(1) This item applies if the AMC purported to:"
[parser-unknown-class] "Subitem", text="(2) The rights and liabilities of all persons are, by force of this item, declared to be, and alw..."
[parser-unknown-class] "Subitem", text="(3) If the punishment is dismissal, and the AMC purported, under subsection 171(1B) of the old De..."
[parser-unknown-class] "Subitem", text="(4) The rights and liabilities of persons as declared by this item are subject to the outcome of ..."
[parser-unknown-class] "ItemHead", text="6  Persons not liable to be tried again under the amended Defence Force Discipline Act"
[parser-unknown-class] "Subitem", text="(1) Subject to subitem (2), if the AMC purported to:"
[parser-unknown-class] "Subitem", text="(2) This item does not apply to a purported conviction:"
[parser-unknown-class] "Subitem", text="(3) For the purposes of this item, the purported dismissal of a charge under section 132B or 132D..."
[parser-unknown-class] "Subitem", text="(4) This item does not affect the jurisdiction of a civil court (as defined in the amended Defenc..."
[parser-unknown-class] "ItemHead", text="7  Effect of administrative actions taken in relation to person purportedly convicted by the AMC"
[parser-unknown-class] "Subitem", text="(1) This item applies if (whether before, on or after the High Court decision date) administrativ..."
[parser-unknown-class] "Subitem", text="(2) For the purposes of subitem (1), administrative action includes (but is not limited to) any o..."
[parser-unknown-class] "Subitem", text="(3) If this item applies, the administrative action is, by force of this item, declared to be, an..."
[parser-unknown-class] "Subitem", text="(4) This item does not apply to action purportedly taken for the purpose of executing or enforcin..."
[parser-unknown-class] "ActHead7", text="Part 3—Things done by the AMC on appeal"
[parser-unknown-class] "ItemHead", text="8  Application of Part"
[parser-unknown-class] "ItemHead", text="9  Quashing convictions"
[parser-unknown-class] "ItemHead", text="10  Varying or quashing punishments"
[parser-unknown-class] "Subitem", text="(1) If the AMC purported to vary a punishment imposed by a summary authority, the rights and liab..."
[parser-unknown-class] "Subitem", text="(2) If the AMC purported to:"
[parser-unknown-class] "Subitem", text="(3) The rights and liabilities of persons as declared by this item are subject to the outcome of ..."
[parser-unknown-class] "ItemHead", text="11  Varying or revoking Part IV orders"
[parser-unknown-class] "Subitem", text="(1) If the AMC purported to vary a Part IV order made by a summary authority, the rights and liab..."
[parser-unknown-class] "Subitem", text="(2) If the AMC purported to:"
[parser-unknown-class] "Subitem", text="(3) The rights and liabilities of persons as declared by this item are subject to the outcome of ..."
[parser-unknown-class] "ItemHead", text="12  Dismissal of appeals and confirmation of punishments etc."
[parser-unknown-class] "Subitem", text="(1) If the AMC purported to dismiss an appeal against a conviction by a summary authority of a pe..."
[parser-unknown-class] "Subitem", text="(2) If the AMC purported to confirm a punishment or Part IV order imposed or made by a summary au..."
[parser-unknown-class] "Subitem", text="(3) The rights and liabilities of persons as declared by this item are subject to the outcome of ..."
[parser-unknown-class] "ActHead7", text="Part 4—Things done on appeal from the AMC"
[parser-unknown-class] "ItemHead", text="13  Application of Part"
[parser-unknown-class] "ItemHead", text="14  Effect of things done by the DFDAT on appeal"
[parser-unknown-class] "Subitem", text="(1) If the DFDAT purportedly quashed a conviction, punishment or order purportedly imposed or mad..."
[parser-unknown-class] "Subitem", text="(2) If the DFDAT purportedly varied a punishment or order purportedly imposed or made by the AMC,..."
[parser-unknown-class] "Subitem", text="(3) If the DFDAT purportedly confirmed a punishment or order purportedly imposed or made by the A..."
[parser-unknown-class] "ActHead7", text="Part 5—Decisions of summary authorities made on basis person did not elect to be tried by the AMC"
[parser-unknown-class] "ItemHead", text="15  Effect of punishment or Part IV order imposed or made by summary authority"
[parser-unknown-class] "Subitem", text="(1) Subject to subitem (2), this item applies if:"
[parser-unknown-class] "Subitem", text="(2) If, before the High Court decision date, a reviewing authority purported to:"
[parser-unknown-class] "Subitem", text="(3) If this item applies, the rights and liabilities of all persons are, by force of this item (s..."
[parser-unknown-class] "Subitem", text="(4) If:"
[parser-unknown-class] "Subitem", text="(5) The rights and liabilities of persons as declared by this item are subject to the outcome of ..."
[parser-unknown-class] "ItemHead", text="16  Persons not liable to be tried again under the amended Defence Force Discipline Act"
[parser-unknown-class] "Subitem", text="(1) Subject to subitem (2), this item applies if, before the High Court decision date:"
[parser-unknown-class] "Subitem", text="(2) This item does not apply to a purported conviction:"
[parser-unknown-class] "Subitem", text="(3) If this item applies, the person is not liable to be tried, under the amended Defence Force D..."
[parser-unknown-class] "Subitem", text="(4) For the purposes of this item, the purported dismissal of a charge under section 130 of the o..."
[parser-unknown-class] "Subitem", text="(5) This item does not affect the jurisdiction of a civil court (as defined in the amended Defenc..."
[parser-unknown-class] "ItemHead", text="17  Effect of actions taken in relation to person purportedly convicted by a summary authority"
[parser-unknown-class] "ActHead7", text="Part 6—Other matters"
[parser-unknown-class] "ItemHead", text="18  Protection of members of military juries etc."
[parser-unknown-class] "ItemHead", text="19  Contempt of the AMC etc."
[parser-unknown-class] "Subitem", text="(1) If, because the AMC was not a validly created court, either of the following provisions:"
[parser-unknown-class] "Subitem", text="(2) Without limiting the generality of subitem (1), that subitem applies to conduct engaged in co..."
[parser-unknown-class] "ItemHead", text="20  Effect of Summary Authority Rules"
[parser-unknown-class] "Subitem", text="(1) If the Summary Authority Rules are invalid because the AMC was not a validly created court, t..."
[parser-unknown-class] "Subitem", text="(2) In this item:"
[parser-unknown-class] "ItemHead", text="21  Effect of certificates issued by the AMC under section 128 of the Evidence Act 1995"
[parser-unknown-class] "ItemHead", text="22  Operation of the Privacy Act 1988"
[parser-unknown-class] "ItemHead", text="23  Regulations may deal with other matters"
[parser-unknown-class] "Subitem", text="(1) The Governor‑General may make regulations dealing with the effect and consequences, whether b..."
[parser-unknown-class] "Subitem", text="(2) Without limiting subitem (1), the regulations may deal with the effect of an order, purported..."
[parser-unknown-class] "Subitem", text="(3) For the purpose of this item, election‑system proceedings are a trial (or proceedings related..."
[parser-unknown-class] "ActHead7", text="Part 7—Transitional provisions"
[parser-unknown-class] "ActHead8", text="Division 1—Preliminary"
[parser-unknown-class] "ItemHead", text="24  Meaning of punishment review"
[parser-unknown-class] "Subitem", text="(1) For the purposes of this Part, a punishment review is a review of a punishment or a Part IV o..."
[parser-unknown-class] "Subitem", text="(2) The provisions of Part VIIIA of the amended Act apply in relation to a punishment review in t..."
[parser-unknown-class] "Subitem", text="(3) To avoid doubt, a punishment review may modify or affect a punishment or Part IV order that i..."
[parser-unknown-class] "ActHead8", text="Division 2—Things purportedly done by the AMC or on appeal from the AMC"
[parser-unknown-class] "ItemHead", text="25  Punishment or Part IV order imposed or made by AMC"
[parser-unknown-class] "Subitem", text="(1) This item applies in relation to a charge of a service offence against a person if, on or bef..."
[parser-unknown-class] "Subitem", text="(2) The person may lodge with a competent reviewing authority a petition, for a punishment review..."
[parser-unknown-class] "Subitem", text="(3) The petition must be lodged within the period of 60 days beginning on the commencement day, o..."
[parser-unknown-class] "SubitemHead", text="Automatic review of punishments of detention"
[parser-unknown-class] "Subitem", text="(4) Without limiting the right to lodge a petition for a punishment review as provided for by thi..."
[parser-unknown-class] "ItemHead", text="26  Appeals on punishments and orders purportedly decided by the AMC"
[parser-unknown-class] "Subitem", text="(1) This item applies in relation to an appeal purportedly made to the AMC against a punishment i..."
[parser-unknown-class] "Subitem", text="(2) The person may lodge with a competent reviewing authority a petition, for a punishment review..."
[parser-unknown-class] "Subitem", text="(3) The petition must be lodged within the period of 60 days beginning on the commencement day, o..."
[parser-unknown-class] "SubitemHead", text="Automatic review of punishments of detention"
[parser-unknown-class] "Subitem", text="(4) Without limiting the right to lodge a petition for a punishment review as provided for by thi..."
[parser-unknown-class] "ItemHead", text="27  Appeals to the AMC on convictions—purported order for a new trial"
[parser-unknown-class] "Subitem", text="(1) This item applies in relation to an appeal purportedly made to the AMC against a person’s con..."
[parser-unknown-class] "Subitem", text="(2) The charge is taken to be referred to the Director of Military Prosecutions on the commenceme..."
[parser-unknown-class] "Subitem", text="(3) To avoid doubt, the person is not deemed to have been acquitted of the offence under section ..."
[parser-unknown-class] "ItemHead", text="28  Appeals to the DFDAT from purported AMC decisions—finalised appeals"
[parser-unknown-class] "Subitem", text="(1) This item applies if:"
[parser-unknown-class] "Subitem", text="(2) The person may lodge with a competent reviewing authority a petition, for a punishment review..."
[parser-unknown-class] "Subitem", text="(3) The petition must be lodged within the period of 60 days beginning on the commencement day, o..."
[parser-unknown-class] "SubitemHead", text="Automatic review of punishments of detention"
[parser-unknown-class] "Subitem", text="(4) Without limiting the right to lodge a petition for a punishment review as provided for by thi..."
[parser-unknown-class] "ActHead8", text="Division 3—Things done by summary authorities on basis no election to be tried by the AMC"
[parser-unknown-class] "ItemHead", text="29  Application of Division"
[parser-unknown-class] "ItemHead", text="30  Summary authority proceedings started but not completed before commencement day"
[parser-unknown-class] "Subitem", text="(1) This item applies if:"
[parser-unknown-class] "Subitem", text="(2) If the proceedings of the summary authority had not been completed on or before the commencem..."
[parser-unknown-class] "Subitem", text="(3) If:"
[parser-unknown-class] "ItemHead", text="31  Summary authority proceedings completed before commencement day: review proceedings started b..."
[parser-unknown-class] "Subitem", text="(1) This item applies if, on or before the commencement day:"
[parser-unknown-class] "Subitem", text="(2) A reviewing authority must, as soon as reasonably practicable on or after the commencement da..."
[parser-unknown-class] "ItemHead", text="32  Summary authority proceedings completed before commencement day: punishments or Part IV order..."
[parser-unknown-class] "Subitem", text="(1) This item applies if:"
[parser-unknown-class] "Subitem", text="(2) The person may lodge with a competent reviewing authority a petition, for a punishment review..."
[parser-unknown-class] "Subitem", text="(3) The petition must be lodged within the period of 60 days beginning on the commencement day, o..."
[parser-unknown-class] "SubitemHead", text="Automatic review of punishments of detention"
[parser-unknown-class] "Subitem", text="(4) Without limiting the right to lodge a petition for a punishment review as provided for by thi..."
[parser-unknown-class] "2ndRd", text="[Minister’s second reading speech made in—"
[parser-unknown-class] "2ndRd", text="Senate on 9 September 2009"
[parser-unknown-class] "2ndRd", text="House of Representatives on 14 September 2009]"
[parser-diag] processed 399 <p> elements
[parser-diag] last section was added at element index: 49
[parser-diag] state phase at end: BODY
[parser-diag] hierarchy stack depth at end: 1
[parser-diag] insideSchedule at end: false
[parse] sections: 3
[parse] compilation: date=(none) no=(none)
[parse] by level:
         section      3
[db] inserted new legislation row: ff16d39d-1611-4bb3-9d62-d4fb79cc818b
[db] inserting 3 sections (pass 1)
[db] inserted 3 sections
[db] linking parent FKs (pass 2)
[db] linked 0 parent references

[done] ingested Military Justice (Interim Measures) Act (No. 2) 2009
       legislation_id: ff16d39d-1611-4bb3-9d62-d4fb79cc818b
       sections: 3
       compilation: 2009-09-22
