[fetch] document_1: https://www.legislation.gov.au/C2004A03048/2016-10-21/2016-10-21/text/original/epub/OEBPS/document_1/document_1.html
[fetch] document_1: 179,715 bytes
[fetch] document_2: https://www.legislation.gov.au/C2004A03048/2016-10-21/2016-10-21/text/original/epub/OEBPS/document_2/document_2.html
[fetch] document_2 not found — stopping. Fetched 1 document(s).
[fetch] combined 1 document(s), 179,715 source bytes → 177,933 combined bytes
[citation] Trust Recoupment Tax Assessment Act 1985 (Cth)
[parse] starting
[parser-diag] total <p> elements found: 552
[parser-diag] processed 552 <p> elements
[parser-diag] last section was added at element index: 382
[parser-diag] state phase at end: ENDNOTES
[parser-diag] hierarchy stack depth at end: 1
[parser-diag] insideSchedule at end: false
[parse] sections: 13
[parse] compilation: date=2016-10-21 no=13
[parse] by level:
         section      13
[db] inserted new legislation row: b1359abc-d312-45cd-87b7-1765d259776b
[db] inserting 13 sections (pass 1)
[db] inserted 13 sections
[db] linking parent FKs (pass 2)
[db] linked 0 parent references

[done] ingested Trust Recoupment Tax Assessment Act 1985
       legislation_id: b1359abc-d312-45cd-87b7-1765d259776b
       sections: 13
       compilation: 2016-10-21
