[fetch] document_1: https://www.legislation.gov.au/C2004A04511/2016-11-17/2016-11-17/text/original/epub/OEBPS/document_1/document_1.html
[fetch] document_1: 33,529 bytes
[fetch] document_2: https://www.legislation.gov.au/C2004A04511/2016-11-17/2016-11-17/text/original/epub/OEBPS/document_2/document_2.html
[fetch] document_2 not found — stopping. Fetched 1 document(s).
[fetch] combined 1 document(s), 33,529 source bytes → 31,596 combined bytes
[citation] International Labour Organisation (Compliance with Conventions) Act 1992 (Cth)
[parse] starting
[parser-diag] total <p> elements found: 160
[parser-diag] processed 160 <p> elements
[parser-diag] last section was added at element index: 46
[parser-diag] state phase at end: ENDNOTES
[parser-diag] hierarchy stack depth at end: 2
[parser-diag] insideSchedule at end: false
[parse] sections: 5
[parse] compilation: date=2016-11-17 no=1
[parse] by level:
         part         2
         section      3
[db] inserted new legislation row: 559ef4a4-0f1c-42e3-8c13-a2852910f136
[db] inserting 5 sections (pass 1)
[db] inserted 5 sections
[db] linking parent FKs (pass 2)
[db] linked 3 parent references

[done] ingested International Labour Organisation (Compliance with Conventions) Act 1992
       legislation_id: 559ef4a4-0f1c-42e3-8c13-a2852910f136
       sections: 5
       compilation: 2016-11-17
