[fetch] document_1: https://www.legislation.gov.au/C2004A00498/2013-03-31/2013-03-31/text/original/epub/OEBPS/document_1/document_1.html
[fetch] document_1: 49,923 bytes
[fetch] document_2: https://www.legislation.gov.au/C2004A00498/2013-03-31/2013-03-31/text/original/epub/OEBPS/document_2/document_2.html
[fetch] document_2 not found — stopping. Fetched 1 document(s).
[fetch] combined 1 document(s), 49,923 source bytes → 48,500 combined bytes
[citation] Damage by Aircraft Act 1999 (Cth)
[parse] starting
[parser-diag] total <p> elements found: 194
[parser-diag] processed 194 <p> elements
[parser-diag] last section was added at element index: 125
[parser-diag] state phase at end: ENDNOTES
[parser-diag] hierarchy stack depth at end: 1
[parser-diag] insideSchedule at end: false
[parse] sections: 14
[parse] compilation: date=(none) no=(none)
[parse] by level:
         section      14
[db] inserted new legislation row: 67ca299e-88dc-4605-95f0-dfd4c7bbc1af
[db] inserting 14 sections (pass 1)
[db] inserted 14 sections
[db] linking parent FKs (pass 2)
[db] linked 0 parent references

[done] ingested Damage by Aircraft Act 1999
       legislation_id: 67ca299e-88dc-4605-95f0-dfd4c7bbc1af
       sections: 14
       compilation: 2013-03-31
