[fetch] document_1: https://www.legislation.gov.au/C2004A03351/2025-03-28/2025-03-28/text/original/epub/OEBPS/document_1/document_1.html
[fetch] document_1: 216,078 bytes
[fetch] document_2: https://www.legislation.gov.au/C2004A03351/2025-03-28/2025-03-28/text/original/epub/OEBPS/document_2/document_2.html
[fetch] document_2 not found — stopping. Fetched 1 document(s).
[fetch] combined 1 document(s), 216,078 source bytes → 214,045 combined bytes
[citation] Medicare Levy Act 1986 (Cth)
[parse] starting
[parser-diag] total <p> elements found: 803
[parser-diag] processed 803 <p> elements
[parser-diag] last section was added at element index: 266
[parser-diag] state phase at end: ENDNOTES
[parser-diag] hierarchy stack depth at end: 1
[parser-diag] insideSchedule at end: false
[parse] sections: 19
[parse] compilation: date=2025-03-28 no=52
[parse] by level:
         section      19
[db] inserted new legislation row: 0b0039da-1256-4db9-a411-5304d1e4add9
[db] inserting 19 sections (pass 1)
[db] inserted 19 sections
[db] linking parent FKs (pass 2)
[db] linked 0 parent references

[done] ingested Medicare Levy Act 1986
       legislation_id: 0b0039da-1256-4db9-a411-5304d1e4add9
       sections: 19
       compilation: 2025-03-28
