[fetch] document_1: https://www.legislation.gov.au/C2004A04932/1995-06-30/1995-06-30/text/original/epub/OEBPS/document_1/document_1.html
[fetch] document_1: 327,112 bytes
[fetch] document_2: https://www.legislation.gov.au/C2004A04932/1995-06-30/1995-06-30/text/original/epub/OEBPS/document_2/document_2.html
[fetch] document_2 not found — stopping. Fetched 1 document(s).
[fetch] combined 1 document(s), 327,112 source bytes → 326,017 combined bytes
[citation] Civil Aviation Legislation Amendment Act 1995 (Cth)
[parse] starting
[parser-diag] total <p> elements found: 1032
[parser-diag] processed 1032 <p> elements
[parser-diag] last section was added at element index: -1
[parser-diag] state phase at end: PRE_BODY
[parser-diag] hierarchy stack depth at end: 0
[parse] sections: 0
[parse] compilation: date=(none) no=(none)
[parser-diag] insideSchedule at end: false
[parse] by level:
[db] inserted new legislation row: b03ba04e-1c2d-4058-b69f-f6e5dee7be56
[db] inserting 0 sections (pass 1)
[db] inserted 0 sections
[db] linking parent FKs (pass 2)
[db] linked 0 parent references

[done] ingested Civil Aviation Legislation Amendment Act 1995
       legislation_id: b03ba04e-1c2d-4058-b69f-f6e5dee7be56
       sections: 0
       compilation: 1995-06-30
