[fetch] document_1: https://www.legislation.gov.au/C2004A00682/2000-06-30/2000-06-30/text/original/epub/OEBPS/document_1/document_1.html
[fetch] document_1: 7,983 bytes
[fetch] document_2: https://www.legislation.gov.au/C2004A00682/2000-06-30/2000-06-30/text/original/epub/OEBPS/document_2/document_2.html
[fetch] document_2 not found — stopping. Fetched 1 document(s).
[fetch] combined 1 document(s), 7,983 source bytes → 7,038 combined bytes
[citation] New Business Tax System (Alienated Personal Services Income) Tax Imposition Act (No. 2) 2000 (Cth)
[parse] starting
[parser-diag] total <p> elements found: 55
[parser-diag] processed 55 <p> elements
[parser-diag] last section was added at element index: 42
[parser-diag] state phase at end: BODY
[parser-diag] hierarchy stack depth at end: 1
[parser-diag] insideSchedule at end: false
[parse] sections: 3
[parse] compilation: date=(none) no=(none)
[parse] by level:
         section      3
[db] inserted new legislation row: a6d77c55-3609-4892-b939-a807b7a69df6
[db] inserting 3 sections (pass 1)
[db] inserted 3 sections
[db] linking parent FKs (pass 2)
[db] linked 0 parent references

[done] ingested New Business Tax System (Alienated Personal Services Income) Tax Imposition Act (No. 2) 2000
       legislation_id: a6d77c55-3609-4892-b939-a807b7a69df6
       sections: 3
       compilation: 2000-06-30
