[fetch] document_1: https://www.legislation.gov.au/C2006A00107/2023-01-01/2023-01-01/text/original/epub/OEBPS/document_1/document_1.html
[fetch] document_1: 155,368 bytes
[fetch] document_2: https://www.legislation.gov.au/C2006A00107/2023-01-01/2023-01-01/text/original/epub/OEBPS/document_2/document_2.html
[fetch] document_2 not found — stopping. Fetched 1 document(s).
[fetch] combined 1 document(s), 155,368 source bytes → 152,660 combined bytes
[citation] Protection of the Sea (Harmful Anti-fouling Systems) Act 2006 (Cth)
[parse] starting
[parser-diag] total <p> elements found: 632
[parser-diag] processed 632 <p> elements
[parser-diag] last section was added at element index: 488
[parser-diag] state phase at end: ENDNOTES
[parser-diag] hierarchy stack depth at end: 2
[parser-diag] insideSchedule at end: false
[parse] sections: 30
[parse] compilation: date=2023-01-01 no=8
[parse] by level:
         part         5
         section      25
[db] inserted new legislation row: 1e769362-aaf3-4a53-9cea-de4f126c73cb
[db] inserting 30 sections (pass 1)
[db] inserted 30 sections
[db] linking parent FKs (pass 2)
[db] linked 25 parent references

[done] ingested Protection of the Sea (Harmful Anti-fouling Systems) Act 2006
       legislation_id: 1e769362-aaf3-4a53-9cea-de4f126c73cb
       sections: 30
       compilation: 2023-01-01
