[fetch] document_1: https://www.legislation.gov.au/C2004A00034/1996-07-19/1996-07-19/text/original/epub/OEBPS/document_1/document_1.html
[fetch] document_1: 41,584 bytes
[fetch] document_2: https://www.legislation.gov.au/C2004A00034/1996-07-19/1996-07-19/text/original/epub/OEBPS/document_2/document_2.html
[fetch] document_2 not found — stopping. Fetched 1 document(s).
[fetch] combined 1 document(s), 41,584 source bytes → 40,383 combined bytes
[citation] Papua New Guinea (Transfer of Banking Business) Act 1973 (Cth)
[parse] starting
[parser-diag] total <p> elements found: 135
[parser-diag] processed 135 <p> elements
[parser-diag] last section was added at element index: -1
[parser-diag] state phase at end: PRE_BODY
[parser-diag] hierarchy stack depth at end: 0
[parse] sections: 0
[parse] compilation: date=(none) no=(none)
[parser-diag] insideSchedule at end: false
[parse] by level:
[db] inserted new legislation row: c1d6eb43-8d57-4be4-b782-f4fb4705c6a1
[db] inserting 0 sections (pass 1)
[db] inserted 0 sections
[db] linking parent FKs (pass 2)
[db] linked 0 parent references

[done] ingested Papua New Guinea (Transfer of Banking Business) Act 1973
       legislation_id: c1d6eb43-8d57-4be4-b782-f4fb4705c6a1
       sections: 0
       compilation: 1996-07-19
