[fetch] document_1: https://www.legislation.gov.au/C2004A05105/2025-03-05/2025-03-05/text/original/epub/OEBPS/document_1/document_1.html
[fetch] document_1: 71,712 bytes
[fetch] document_2: https://www.legislation.gov.au/C2004A05105/2025-03-05/2025-03-05/text/original/epub/OEBPS/document_2/document_2.html
[fetch] document_2 not found — stopping. Fetched 1 document(s).
[fetch] combined 1 document(s), 71,712 source bytes → 69,776 combined bytes
[citation] Customs Licensing Charges Act 1997 (Cth)
[parse] starting
[parser-diag] total <p> elements found: 321
[parser-diag] processed 321 <p> elements
[parser-diag] last section was added at element index: 136
[parser-diag] state phase at end: ENDNOTES
[parser-diag] hierarchy stack depth at end: 2
[parser-diag] insideSchedule at end: false
[parse] sections: 21
[parse] compilation: date=2025-03-05 no=9
[parse] by level:
         part         5
         section      16
[db] inserted new legislation row: 7526d166-7b23-49db-9b1f-09e1420285ed
[db] inserting 21 sections (pass 1)
[db] inserted 21 sections
[db] linking parent FKs (pass 2)
[db] linked 16 parent references

[done] ingested Customs Licensing Charges Act 1997
       legislation_id: 7526d166-7b23-49db-9b1f-09e1420285ed
       sections: 21
       compilation: 2025-03-05
