[fetch] document_1: https://www.legislation.gov.au/C2004A05252/2023-10-18/2023-10-18/text/original/epub/OEBPS/document_1/document_1.html
[fetch] document_1: 200,611 bytes
[fetch] document_2: https://www.legislation.gov.au/C2004A05252/2023-10-18/2023-10-18/text/original/epub/OEBPS/document_2/document_2.html
[fetch] document_2 not found — stopping. Fetched 1 document(s).
[fetch] combined 1 document(s), 200,611 source bytes → 198,054 combined bytes
[citation] Health Insurance Commission (Reform and Separation of Functions) Act 1997 (Cth)
[parse] starting
[parser-diag] total <p> elements found: 772
[parser-diag] processed 772 <p> elements
[parser-diag] last section was added at element index: 498
[parser-diag] state phase at end: ENDNOTES
[parser-diag] hierarchy stack depth at end: 3
[parser-diag] insideSchedule at end: false
[parse] sections: 58
[parse] compilation: date=2023-10-18 no=14
[parse] by level:
         part         2
         section      47
         division     6
         subdivision  3
[db] inserted new legislation row: d1a23836-880f-4c2a-9eae-bd3596901de1
[db] inserting 58 sections (pass 1)
[db] inserted 58 sections
[db] linking parent FKs (pass 2)
[db] linked 56 parent references

[done] ingested Health Insurance Commission (Reform and Separation of Functions) Act 1997
       legislation_id: d1a23836-880f-4c2a-9eae-bd3596901de1
       sections: 58
       compilation: 2023-10-18
