[fetch] document_1: https://www.legislation.gov.au/C2004A04936/2016-03-10/2016-03-10/text/original/epub/OEBPS/document_1/document_1.html
[fetch] document_1: 167,240 bytes
[fetch] document_2: https://www.legislation.gov.au/C2004A04936/2016-03-10/2016-03-10/text/original/epub/OEBPS/document_2/document_2.html
[fetch] document_2 not found — stopping. Fetched 1 document(s).
[fetch] combined 1 document(s), 167,240 source bytes → 165,135 combined bytes
[citation] Local Government (Financial Assistance) Act 1995 (Cth)
[parse] starting
[parser-diag] total <p> elements found: 582
[parser-diag] processed 582 <p> elements
[parser-diag] last section was added at element index: 394
[parser-diag] state phase at end: ENDNOTES
[parser-diag] hierarchy stack depth at end: 2
[parser-diag] insideSchedule at end: false
[parse] sections: 37
[parse] compilation: date=2016-03-10 no=8
[parse] by level:
         part         4
         section      33
[db] inserted new legislation row: 731afbc4-26a3-47b6-b93e-d4de3c48ff8c
[db] inserting 37 sections (pass 1)
[db] inserted 37 sections
[db] linking parent FKs (pass 2)
[db] linked 33 parent references

[done] ingested Local Government (Financial Assistance) Act 1995
       legislation_id: 731afbc4-26a3-47b6-b93e-d4de3c48ff8c
       sections: 37
       compilation: 2016-03-10
