[fetch] document_1: https://www.legislation.gov.au/C2004A04717/2024-10-14/2024-10-14/text/original/epub/OEBPS/document_1/document_1.html
[fetch] document_1: 218,350 bytes
[fetch] document_2: https://www.legislation.gov.au/C2004A04717/2024-10-14/2024-10-14/text/original/epub/OEBPS/document_2/document_2.html
[fetch] document_2 not found — stopping. Fetched 1 document(s).
[fetch] combined 1 document(s), 218,350 source bytes → 216,388 combined bytes
[citation] Agricultural and Veterinary Chemical Products (Collection of Levy) Act 1994 (Cth)
[parse] starting
[parser-diag] total <p> elements found: 849
[parser-diag] processed 849 <p> elements
[parser-diag] last section was added at element index: 410
[parser-diag] state phase at end: ENDNOTES
[parser-diag] hierarchy stack depth at end: 2
[parser-diag] insideSchedule at end: false
[parse] sections: 42
[parse] compilation: date=2024-10-14 no=11
[parse] by level:
         part         5
         section      35
         division     2
[db] inserted new legislation row: 957d0b3a-7778-4913-9db1-ff85cd68f9f1
[db] inserting 42 sections (pass 1)
[db] inserted 42 sections
[db] linking parent FKs (pass 2)
[db] linked 37 parent references

[done] ingested Agricultural and Veterinary Chemical Products (Collection of Levy) Act 1994
       legislation_id: 957d0b3a-7778-4913-9db1-ff85cd68f9f1
       sections: 42
       compilation: 2024-10-14
