[fetch] document_1: https://www.legislation.gov.au/C2004A01285/2025-12-05/2025-12-05/text/original/epub/OEBPS/document_1/document_1.html
[fetch] document_1: 2,510,355 bytes
[fetch] document_2: https://www.legislation.gov.au/C2004A01285/2025-12-05/2025-12-05/text/original/epub/OEBPS/document_2/document_2.html
[fetch] document_2 not found — stopping. Fetched 1 document(s).
[fetch] combined 1 document(s), 2,510,355 source bytes → 2,503,138 combined bytes
[citation] Military Rehabilitation and Compensation Act 2004 (Cth)
[parse] starting
[parser-diag] total <p> elements found: 8965
[parser-diag] processed 8965 <p> elements
[parser-diag] last section was added at element index: 6764
[parser-diag] state phase at end: ENDNOTES
[parser-diag] hierarchy stack depth at end: 3
[parser-diag] insideSchedule at end: false
[parse] sections: 712
[parse] compilation: date=2025-12-05 no=75
[parse] by level:
         chapter      13
         section      534
         part         57
         division     74
         subdivision  34
[db] inserted new legislation row: 24f1cb65-9d77-4ec8-ad75-146628555cf0
[db] inserting 712 sections (pass 1)
[db] inserted 712 sections
[db] linking parent FKs (pass 2)
[db] linked 699 parent references

[done] ingested Military Rehabilitation and Compensation Act 2004
       legislation_id: 24f1cb65-9d77-4ec8-ad75-146628555cf0
       sections: 712
       compilation: 2025-12-05
