[fetch] document_1: https://www.legislation.gov.au/C2007A00023/2007-03-15/2007-03-15/text/original/epub/OEBPS/document_1/document_1.html
[fetch] document_1: 10,165 bytes
[fetch] document_2: https://www.legislation.gov.au/C2007A00023/2007-03-15/2007-03-15/text/original/epub/OEBPS/document_2/document_2.html
[fetch] document_2 not found — stopping. Fetched 1 document(s).
[fetch] combined 1 document(s), 10,165 source bytes → 9,120 combined bytes
[citation] Family Law (Divorce Fees Validation) Act 2007 (Cth)
[parse] starting
[parser-diag] total <p> elements found: 58
[parser-unknown-class] "2ndRd", text="[Minister’s second reading speech made in—"
[parser-unknown-class] "2ndRd", text="House of Representatives on 7 February 2007"
[parser-unknown-class] "2ndRd", text="Senate on 26 February 2007]"
[parser-diag] processed 58 <p> elements
[parser-diag] last section was added at element index: 39
[parser-diag] state phase at end: BODY
[parser-diag] hierarchy stack depth at end: 1
[parser-diag] insideSchedule at end: false
[parse] sections: 3
[parse] compilation: date=(none) no=(none)
[parse] by level:
         section      3
[db] inserted new legislation row: 7b72d12a-a0eb-44ec-ab83-a63f2a594c71
[db] inserting 3 sections (pass 1)
[db] inserted 3 sections
[db] linking parent FKs (pass 2)
[db] linked 0 parent references

[done] ingested Family Law (Divorce Fees Validation) Act 2007
       legislation_id: 7b72d12a-a0eb-44ec-ab83-a63f2a594c71
       sections: 3
       compilation: 2007-03-15
