[fetch] document_1: https://www.legislation.gov.au/C2004A01815/2005-02-22/2005-02-22/text/original/epub/OEBPS/document_1/document_1.html
[fetch] document_1: 24,058 bytes
[fetch] document_2: https://www.legislation.gov.au/C2004A01815/2005-02-22/2005-02-22/text/original/epub/OEBPS/document_2/document_2.html
[fetch] document_2 not found — stopping. Fetched 1 document(s).
[fetch] combined 1 document(s), 24,058 source bytes → 22,938 combined bytes
[citation] Co-operative Farmers and Graziers Direct Meat Supply Limited (Loan Guarantee) Act 1978 (Cth)
[parse] starting
[parser-diag] total <p> elements found: 87
[parser-diag] processed 87 <p> elements
[parser-diag] last section was added at element index: -1
[parser-diag] state phase at end: PRE_BODY
[parser-diag] hierarchy stack depth at end: 0
[parser-diag] insideSchedule at end: false
[parse] sections: 0
[parse] compilation: date=(none) no=(none)
[parse] by level:
[db] inserted new legislation row: 99a4fe1d-6c77-461e-9e45-e45b2f83ace7
[db] inserting 0 sections (pass 1)
[db] inserted 0 sections
[db] linking parent FKs (pass 2)
[db] linked 0 parent references

[done] ingested Co-operative Farmers and Graziers Direct Meat Supply Limited (Loan Guarantee) Act 1978
       legislation_id: 99a4fe1d-6c77-461e-9e45-e45b2f83ace7
       sections: 0
       compilation: 2005-02-22
