[fetch] document_1: https://www.legislation.gov.au/C2008A00027/2024-10-14/2024-10-14/text/original/epub/OEBPS/document_1/document_1.html
[fetch] document_1: 400,039 bytes
[fetch] document_2: https://www.legislation.gov.au/C2008A00027/2024-10-14/2024-10-14/text/original/epub/OEBPS/document_2/document_2.html
[fetch] document_2 not found — stopping. Fetched 1 document(s).
[fetch] combined 1 document(s), 400,039 source bytes → 398,085 combined bytes
[citation] Defence Home Ownership Assistance Scheme Act 2008 (Cth)
[parse] starting
[parser-diag] total <p> elements found: 1549
[parser-unknown-class] "BoxStep", text="Step 1. Work out the person’s accrued subsidy period under section 47, in completed months, as at..."
[parser-unknown-class] "BoxStep", text="Step 2. Add together the following:"
[parser-unknown-class] "BoxStep", text="Step 3. If the step 1 result exceeds the step 2 result, the person has a service credit at the su..."
[parser-unknown-class] "BoxStep", text="Step 4. The number of months (if any) by which the step 1 result exceeds the step 2 result is the..."
[parser-diag] processed 1549 <p> elements
[parser-diag] last section was added at element index: 1287
[parser-diag] state phase at end: ENDNOTES
[parser-diag] hierarchy stack depth at end: 2
[parser-diag] insideSchedule at end: false
[parse] sections: 116
[parse] compilation: date=2024-10-14 no=14
[parse] by level:
         part         6
         section      89
         division     12
         subdivision  9
[db] inserted new legislation row: 5e25bdcf-dd2f-42d9-99fe-7c9f40fe19a9
[db] inserting 116 sections (pass 1)
[db] inserted 116 sections
[db] linking parent FKs (pass 2)
[db] linked 110 parent references

[done] ingested Defence Home Ownership Assistance Scheme Act 2008
       legislation_id: 5e25bdcf-dd2f-42d9-99fe-7c9f40fe19a9
       sections: 116
       compilation: 2024-10-14
