[fetch] document_1: https://www.legislation.gov.au/C2004A02943/2016-10-21/2016-10-21/text/original/epub/OEBPS/document_1/document_1.html
[fetch] document_1: 181,974 bytes
[fetch] document_2: https://www.legislation.gov.au/C2004A02943/2016-10-21/2016-10-21/text/original/epub/OEBPS/document_2/document_2.html
[fetch] document_2 not found — stopping. Fetched 1 document(s).
[fetch] combined 1 document(s), 181,974 source bytes → 179,950 combined bytes
[citation] Aboriginal and Torres Strait Islander Heritage Protection Act 1984 (Cth)
[parse] starting
[parser-diag] total <p> elements found: 745
[parser-diag] processed 745 <p> elements
[parser-diag] last section was added at element index: 335
[parser-diag] state phase at end: ENDNOTES
[parser-diag] hierarchy stack depth at end: 2
[parser-diag] insideSchedule at end: false
[parse] sections: 39
[parse] compilation: date=2016-10-21 no=17
[parse] by level:
         part         4
         section      32
         division     3
[db] inserted new legislation row: b8016170-054e-4c2c-bbcf-e8b628798971
[db] inserting 39 sections (pass 1)
[db] inserted 39 sections
[db] linking parent FKs (pass 2)
[db] linked 35 parent references

[done] ingested Aboriginal and Torres Strait Islander Heritage Protection Act 1984
       legislation_id: b8016170-054e-4c2c-bbcf-e8b628798971
       sections: 39
       compilation: 2016-10-21
