[fetch] document_1: https://www.legislation.gov.au/C2004A04121/2026-04-02/2026-04-02/text/original/epub/OEBPS/document_1/document_1.html
[fetch] document_1: 2,269,375 bytes
[fetch] document_2: https://www.legislation.gov.au/C2004A04121/2026-04-02/2026-04-02/text/original/epub/OEBPS/document_2/document_2.html
[fetch] document_2: 2,233,034 bytes
[fetch] document_3: https://www.legislation.gov.au/C2004A04121/2026-04-02/2026-04-02/text/original/epub/OEBPS/document_3/document_3.html
[fetch] document_3: 2,794,547 bytes
[fetch] document_4: https://www.legislation.gov.au/C2004A04121/2026-04-02/2026-04-02/text/original/epub/OEBPS/document_4/document_4.html
[fetch] document_4: 2,141,888 bytes
[fetch] document_5: https://www.legislation.gov.au/C2004A04121/2026-04-02/2026-04-02/text/original/epub/OEBPS/document_5/document_5.html
[fetch] document_5: 3,496,156 bytes
[fetch] document_6: https://www.legislation.gov.au/C2004A04121/2026-04-02/2026-04-02/text/original/epub/OEBPS/document_6/document_6.html
[fetch] document_6: 3,302,451 bytes
[fetch] document_7: https://www.legislation.gov.au/C2004A04121/2026-04-02/2026-04-02/text/original/epub/OEBPS/document_7/document_7.html
[fetch] document_7 not found — stopping. Fetched 6 document(s).
[fetch] combined 6 document(s), 16,237,451 source bytes → 16,189,368 combined bytes
[citation] Social Security Act 1991 (Cth)
[parse] starting
[parser-diag] total <p> elements found: 61591
[parser-unknown-class] "BoxStep", text="Step 1. Identify each period of continuous seasonal work by the person that ended during the 6 mo..."
[parser-unknown-class] "BoxStep", text="Step 2. If a period identified in Step 1 has already been taken into account when working out a s..."
[parser-unknown-class] "BoxStep", text="Step 3. Work out the amount of seasonal work income earned by the person during each of the perso..."
[parser-unknown-class] "BoxStep", text="Step 4. Add together the amounts worked out in Step 3. The result is called the person’s seasonal..."
[parser-unknown-class] "BoxStep", text="Step 5. Divide the person’s seasonal work earnings by the amount of the relevant AWOTE for the ca..."
[parser-unknown-class] "BoxStep", text="Step 6. Work out the number of weeks in the person’s relevant periods of seasonal work by dividin..."
[parser-unknown-class] "BoxStep", text="Step 6A. If there is a period between one relevant period of seasonal work and another, or betwee..."
[parser-unknown-class] "BoxStep", text="Step 6B. If there is more than one intervening period, add together the number of weeks worked ou..."
[parser-unknown-class] "BoxStep", text="Step 6C. Add together the number of seasonal work weeks worked out under Step 6 and the number of..."
[parser-unknown-class] "BoxStep", text="Step 7. Subtract the person’s self‑supported weeks from the person’s AWOTE weeks. The result (rou..."
[parser-unknown-class] "BoxStep", text="Step 1. Identify each period of continuous seasonal work by the person that ended during the 6 mo..."
[parser-unknown-class] "BoxStep", text="Step 2. If a period identified in Step 1 has already been taken into account when working out a s..."
[parser-unknown-class] "BoxStep", text="Step 3. Work out the amount of seasonal work income earned by the person during each of the perso..."
[parser-unknown-class] "BoxStep", text="Step 4. Add together the amounts worked out in Step 3. The result is called the person’s seasonal..."
[parser-unknown-class] "BoxStep", text="Step 5. Work out the total amount of income from personal exertion earned by the person’s partner..."
[parser-unknown-class] "BoxStep", text="Step 6. Divide the couple’s combined earnings by twice the amount of the relevant AWOTE for the c..."
[parser-unknown-class] "BoxStep", text="Step 7. Work out the number of weeks in the person’s relevant periods of seasonal work by dividin..."
[parser-unknown-class] "BoxStep", text="Step 7A. If there is a period between one relevant period of seasonal work and another, or betwee..."
[parser-unknown-class] "BoxStep", text="Step 7B. If there is more than one intervening period, add together the number of weeks worked ou..."
[parser-unknown-class] "BoxStep", text="Step 7C. Add together the number of seasonal work weeks worked out under Step 7 and the number of..."
[parser-unknown-class] "BoxStep", text="Step 8. Subtract the person’s self‑supported weeks from the couple’s AWOTE weeks. The result (rou..."
[parser-unknown-class] "BoxStep", text="Step 1. Identify each period of continuous seasonal work by the partner that ended during the 6 m..."
[parser-unknown-class] "BoxStep", text="Step 2. If a period identified in Step 1 has already been taken into account when working out a s..."
[parser-unknown-class] "BoxStep", text="Step 3. Work out the total amount of income from personal exertion earned by the person during th..."
[parser-unknown-class] "BoxStep", text="Step 4. Work out the amount of seasonal work income earned by the partner during each of the part..."
[parser-unknown-class] "BoxStep", text="Step 5. Add together the amounts worked out in Step 4. The result is called the partner’s seasona..."
[parser-unknown-class] "BoxStep", text="Step 6. Add the partner’s seasonal work earnings and the person’s earnings. The result is called ..."
[parser-unknown-class] "BoxStep", text="Step 7. Divide the couple’s combined earnings by twice the amount of the relevant AWOTE for the c..."
[parser-unknown-class] "BoxStep", text="Step 8. Work out the number of weeks in the partner’s relevant periods of seasonal work by dividi..."
[parser-unknown-class] "BoxStep", text="Step 8A. If there is a period between one relevant period of seasonal work and another, or betwee..."
[parser-unknown-class] "BoxStep", text="Step 8B. If there is more than one intervening period, add together the number of weeks worked ou..."
[parser-unknown-class] "BoxStep", text="Step 8C. Add together the number of seasonal work weeks worked out under Step 8 and the number of..."
[parser-unknown-class] "BoxStep", text="Step 9. Subtract the partner’s self‑supported weeks from the couple’s AWOTE weeks. The result (ro..."
[parser-unknown-class] "BoxStep", text="Step 1. Work out what would be the number of weeks in the person’s seasonal work preclusion perio..."
[parser-unknown-class] "BoxStep", text="Step 2. Work out what would be the number of weeks in the person’s seasonal work preclusion perio..."
[parser-unknown-class] "BoxStep", text="Step 3. Compare the number of weeks in each period. The number of weeks in the person’s seasonal ..."
[parser-unknown-class] "BoxHeadBold", text="LUMP SUM CALCULATOR"
[parser-unknown-class] "BoxStep", text="Step 1. Work out the amount that would have been payable to the person on the person’s payday imm..."
[parser-unknown-class] "BoxStep", text="Step 2. Work out the amount that would have been payable to the person’s partner on the partner’s..."
[parser-unknown-class] "BoxStep", text="Step 3. Add the results of Step 1 and Step 2: the result is called the combined rate."
[parser-unknown-class] "BoxStep", text="Step 4. Work out the amount that, but for section 85, would have been payable to the person on th..."
[parser-unknown-class] "BoxStep", text="Step 5. Take the person’s individual rate away from the combined rate: the result is called the p..."
[parser-unknown-class] "BoxStep", text="Step 6. Work out the number of paydays of the partner in the bereavement lump sum period."
[parser-unknown-class] "BoxStep", text="Step 7. Multiply the partner’s instalment component by the number obtained in Step 6: the result ..."
[parser-unknown-class] "BoxHeadBold", text="LUMP SUM CALCULATOR"
[parser-unknown-class] "BoxStep", text="Step 1. Work out the amount that would have been payable to the person on the person’s payday imm..."
[parser-unknown-class] "BoxStep", text="Step 2. Work out the amount that would have been payable to the partner on the person’s payday or..."
[parser-unknown-class] "BoxStep", text="Step 3. Add the results of Step 1 and Step 2: the result is called the combined rate."
[parser-unknown-class] "BoxStep", text="Step 4. Work out the amount that, but for section 85, would have been payable to the person on th..."
[parser-unknown-class] "BoxStep", text="Step 5. Take the person’s individual rate away from the combined rate: the result is called the p..."
[parser-unknown-class] "BoxStep", text="Step 6. Work out the number of paydays of the partner in the period that commences on the day on ..."
[parser-unknown-class] "BoxStep", text="Step 7. Multiply the partner’s instalment component by the number obtained in Step 6: the result ..."
[parser-unknown-class] "BoxHeadBold", text="LUMP SUM CALCULATOR"
[parser-unknown-class] "BoxStep", text="Step 1. Work out the amount that would have been payable to the person on the partner’s payday im..."
[parser-unknown-class] "BoxStep", text="Step 2. Work out the amount that would have been payable to the person’s partner on the partner’s..."
[parser-unknown-class] "BoxStep", text="Step 3. Add the results of Step 1 and Step 2: the result is called the combined rate."
[parser-unknown-class] "BoxStep", text="Step 4. Work out the amount that, but for section 146J, would have been payable to the person on ..."
[parser-unknown-class] "BoxStep", text="Step 5. Take the person’s individual rate away from the combined rate: the result is called the p..."
[parser-unknown-class] "BoxStep", text="Step 6. Work out the number of paydays of the partner in the bereavement lump sum period."
[parser-unknown-class] "BoxStep", text="Step 7. Multiply the partner’s instalment component by the number obtained in Step 6: the result ..."
[parser-unknown-class] "BoxHeadBold", text="LUMP SUM CALCULATOR"
[parser-unknown-class] "BoxStep", text="Step 1. Work out the amount that would have been payable to the person on the person’s payday imm..."
[parser-unknown-class] "BoxStep", text="Step 2. Work out the amount that would have been payable to the partner on the partner’s payday o..."
[parser-unknown-class] "BoxStep", text="Step 3. Add the results of Step 1 and Step 2: the result is called the combined rate."
[parser-unknown-class] "BoxStep", text="Step 4. Work out the amount that, but for section 97 of the Administration Act, would have been p..."
[parser-unknown-class] "BoxStep", text="Step 5. Take the person’s individual rate away from the combined rate: the result is called the p..."
[parser-unknown-class] "BoxStep", text="Step 6. Work out the number of paydays of the partner in the period that commences on the day on ..."
[parser-unknown-class] "BoxStep", text="Step 7. Multiply the partner’s instalment component by the number obtained in Step 6: the result ..."
[parser-unknown-class] "BoxHeadBold", text="LUMP SUM CALCULATOR"
[parser-unknown-class] "BoxStep", text="Step 1. Work out the amount that would have been payable to the person on the person’s payday imm..."
[parser-unknown-class] "BoxStep", text="Step 2. Work out the amount that would have been payable to the person’s partner on the partner’s..."
[parser-unknown-class] "BoxStep", text="Step 3. Add the results of Step 1 and Step 2: the result is called the combined rate."
[parser-unknown-class] "BoxStep", text="Step 4. Work out the amount that, but for section 240, would have been payable to the person on t..."
[parser-unknown-class] "BoxStep", text="Step 5. Take the person’s individual rate away from the combined rate: the result is called the p..."
[parser-unknown-class] "BoxStep", text="Step 6. Work out the number of the partner’s paydays in the bereavement lump sum period."
[parser-unknown-class] "BoxStep", text="Step 7. Multiply the partner’s instalment component by the number obtained in Step 6: the result ..."
[parser-unknown-class] "BoxHeadBold", text="LUMP SUM CALCULATOR"
[parser-unknown-class] "BoxStep", text="Step 1. Work out the amount that would have been payable to the person on the person’s payday imm..."
[parser-unknown-class] "BoxStep", text="Step 2. Work out the amount that would have been payable to the partner on the partner’s payday o..."
[parser-unknown-class] "BoxStep", text="Step 3. Add the results of Step 1 and Step 2: the result is called the combined rate."
[parser-unknown-class] "BoxStep", text="Step 4. Work out the amount that, but for section 240, would have been payable to the person on t..."
[parser-unknown-class] "BoxStep", text="Step 5. Take the person’s individual rate away from the combined rate: the result is called the p..."
[parser-unknown-class] "BoxStep", text="Step 6. Work out the number of partner’s paydays in the period that commences on the day on which..."
[parser-unknown-class] "BoxStep", text="Step 7. Multiply the partner’s instalment component by the number obtained in Step 6: the result ..."
[parser-unknown-class] "BoxHeadBold", text="Lump Sum Calculator"
[parser-unknown-class] "BoxStep", text="Step 1. Work out the amount that would have been payable to the surviving partner on the survivin..."
[parser-unknown-class] "BoxNote", text="Note: For illness separated couple and respite care couple see subsections 4(7) and (8)."
[parser-unknown-class] "BoxStep", text="Step 2. Work out the amount that would have been payable to the deceased partner on the deceased ..."
[parser-unknown-class] "BoxNote", text="Note: For illness separated couple and respite care couple see subsections 4(7) and (8)."
[parser-unknown-class] "BoxStep", text="Step 3. Add the results of Step 1 and Step 2: the result is called the combined rate."
[parser-unknown-class] "BoxStep", text="Step 4. Work out the amount of pension PP (single) that would, if section 514D did not apply, hav..."
[parser-unknown-class] "BoxStep", text="Step 5. Take the surviving partner’s individual rate away from the combined rate: the result is c..."
[parser-unknown-class] "BoxStep", text="Step 6. Work out the number of the deceased partner’s paydays in the bereavement lump sum period."
[parser-unknown-class] "BoxStep", text="Step 7. Multiply the deceased partner’s instalment component by the number obtained in Step 6: th..."
[parser-unknown-class] "BoxHeadBold", text="Lump Sum Calculator"
[parser-unknown-class] "BoxStep", text="Step 1. Work out the amount that would have been payable to the surviving partner on the survivin..."
[parser-unknown-class] "BoxNote", text="Note: For illness separated couple and respite care couple see subsections 4(7) and (8)."
[parser-unknown-class] "BoxStep", text="Step 2. Work out the amount that would have been payable to the deceased partner on the deceased ..."
[parser-unknown-class] "BoxNote", text="Note: For illness separated couple and respite care couple see subsections 4(7) and (8)."
[parser-unknown-class] "BoxStep", text="Step 3. Add the results of Step 1 and Step 2: the result is called the combined rate."
[parser-unknown-class] "BoxStep", text="Step 4. Work out the amount of pension PP (single) that would, if section 514D did not apply, hav..."
[parser-unknown-class] "BoxStep", text="Step 5. Take the surviving partner’s individual rate away from the combined rate: the result is c..."
[parser-unknown-class] "BoxStep", text="Step 6. Work out the number of the deceased partner’s paydays in the period that commences on the..."
[parser-unknown-class] "BoxStep", text="Step 7. Multiply the deceased partner’s instalment component by the number obtained in Step 6: th..."
[parser-unknown-class] "BoxHeadBold", text="Lump sum calculator"
[parser-unknown-class] "BoxStep", text="Step 1. Add up:"
[parser-unknown-class] "BoxStep", text="the result is the combined rate."
[parser-unknown-class] "BoxStep", text="Step 2. Work out the amount that, apart from section 567C, would have been payable to the person ..."
[parser-unknown-class] "BoxStep", text="Step 3. Take the person’s individual rate away from the combined rate: the result is the partner’..."
[parser-unknown-class] "BoxStep", text="Step 4. Work out the number of the partner’s paydays in the bereavement lump sum period."
[parser-unknown-class] "BoxStep", text="Step 5. Multiply the partner’s instalment component by the number obtained in Step 4: the result ..."
[parser-unknown-class] "BoxHeadBold", text="Lump sum calculator"
[parser-unknown-class] "BoxStep", text="Step 1. Add up:"
[parser-unknown-class] "BoxStep", text="the result is the combined rate."
[parser-unknown-class] "BoxStep", text="Step 2. Work out the amount that, apart from section 567C, would have been payable to the person ..."
[parser-unknown-class] "BoxStep", text="Step 3. Take the person’s individual rate away from the combined rate: the result is the partner’..."
[parser-unknown-class] "BoxStep", text="Step 4. Work out the number of paydays of the partner in the period that begins on the day on whi..."
[parser-unknown-class] "BoxStep", text="Step 5. Multiply the partner’s instalment component by the number obtained in Step 4: the result ..."
[parser-unknown-class] "BoxHeadBold", text="Lump sum calculator"
[parser-unknown-class] "BoxStep", text="Step 1. Add up:"
[parser-unknown-class] "BoxStep", text="the result is the combined rate."
[parser-unknown-class] "BoxStep", text="Step 2. Work out the amount that, apart from section 592C, would have been payable to the person ..."
[parser-unknown-class] "BoxStep", text="Step 3. Take the person’s individual rate away from the combined rate: the result is the partner’..."
[parser-unknown-class] "BoxStep", text="Step 4. Work out the number of the partner’s paydays in the bereavement lump sum period."
[parser-unknown-class] "BoxStep", text="Step 5. Multiply the partner’s instalment component by the number obtained in Step 4: the result ..."
[parser-unknown-class] "BoxHeadBold", text="Lump sum calculator"
[parser-unknown-class] "BoxStep", text="Step 1. Add up:"
[parser-unknown-class] "BoxStep", text="the result is the combined rate."
[parser-unknown-class] "BoxStep", text="Step 2. Work out the amount that, apart from section 592C, would have been payable to the person ..."
[parser-unknown-class] "BoxStep", text="Step 3. Take the person’s individual rate away from the combined rate: the result is the partner’..."
[parser-unknown-class] "BoxStep", text="Step 4. Work out the number of paydays of the partner in the period that begins on the day on whi..."
[parser-unknown-class] "BoxStep", text="Step 5. Multiply the partner’s instalment component by the number obtained in Step 4: the result ..."
[parser-unknown-class] "BoxStep", text="Step 1. Work out the woman’s jobseeker payment rate on the transition day in accordance with sect..."
[parser-unknown-class] "BoxStep", text="Step 2. Work out the woman’s wife pension transition rate on the transition day."
[parser-unknown-class] "BoxNote", text="Note: See subsection (4) for the wife pension transition rate."
[parser-unknown-class] "BoxStep", text="Step 3. If the rate at step 2 exceeds the rate at step 1, the woman’s jobseeker payment rate on t..."
[parser-unknown-class] "BoxStep", text="Step 4. If the rate at step 2 does not exceed the rate at step 1, the woman’s jobseeker payment r..."
[parser-unknown-class] "BoxHeadBold", text="LUMP SUM CALCULATOR"
[parser-unknown-class] "BoxStep", text="Step 1. Add up:"
[parser-unknown-class] "BoxStep", text="the result is called the combined rate."
[parser-unknown-class] "BoxStep", text="Step 2. Work out the amount that, but for section 660LD, would have been payable to the person on..."
[parser-unknown-class] "BoxStep", text="Step 3. Take the person’s individual rate away from the combined rate: the result is called the p..."
[parser-unknown-class] "BoxStep", text="Step 4. Work out the number of the partner’s paydays in the bereavement lump sum period."
[parser-unknown-class] "BoxStep", text="Step 5. Multiply the partner’s instalment component by the number obtained in Step 4: the result ..."
[parser-unknown-class] "BoxHeadBold", text="LUMP SUM CALCULATOR"
[parser-unknown-class] "BoxStep", text="Step 1. Add up:"
[parser-unknown-class] "BoxStep", text="the result is called the combined rate."
[parser-unknown-class] "BoxStep", text="Step 2. Work out the amount that, but for section 660LD, would have been payable to the person on..."
[parser-unknown-class] "BoxStep", text="Step 3. Take the person’s individual rate away from the combined pensioner couple rate: the resul..."
[parser-unknown-class] "BoxStep", text="Step 4. Work out the number of paydays of the partner in the period that commences on the day on ..."
[parser-unknown-class] "BoxStep", text="Step 5. Multiply the partner’s instalment component by the number obtained in Step 4: the result ..."
[parser-unknown-class] "BoxStep", text="Step 1. Work out the amount of education entry payment paid to the credit of the account as menti..."
[parser-unknown-class] "BoxStep", text="Step 2. Subtract from that amount the total amount withdrawn from the account during the 4‑week p..."
[parser-unknown-class] "BoxHeadBold", text="LUMP SUM CALCULATOR"
[parser-unknown-class] "BoxStep", text="Step 1. Add up:"
[parser-unknown-class] "BoxStep", text="the result is called the combined rate."
[parser-unknown-class] "BoxStep", text="Step 2. Work out the amount that, but for section 768D, would have been payable to the person on ..."
[parser-unknown-class] "BoxStep", text="Step 3. Take the person’s individual rate away from the combined rate: the result is called the p..."
[parser-unknown-class] "BoxStep", text="Step 4. Work out the number of the partner’s paydays in the bereavement lump sum period."
[parser-unknown-class] "BoxStep", text="Step 5. Multiply the partner’s instalment component by the number obtained in Step 4: the result ..."
[parser-unknown-class] "BoxHeadBold", text="LUMP SUM CALCULATOR"
[parser-unknown-class] "BoxStep", text="Step 1. Add up:"
[parser-unknown-class] "BoxStep", text="the result is called the combined rate."
[parser-unknown-class] "BoxStep", text="Step 2. Work out the amount that, but for section 768D, would have been payable to the person on ..."
[parser-unknown-class] "BoxStep", text="Step 3. Take the person’s individual rate away from the combined pensioner couple rate: the resul..."
[parser-unknown-class] "BoxStep", text="Step 4. Work out the number of paydays of the partner in the period that commences on the day on ..."
[parser-unknown-class] "BoxStep", text="Step 5. Multiply the partner’s instalment component by the number obtained in Step 4: the result ..."
[parser-unknown-class] "BoxStep", text="Step 1. Work out the period of the person’s Australian working life residence using Module B: the..."
[parser-unknown-class] "BoxStep", text="Step 2. Use the person’s residence period to work out the person’s residence factor using Module ..."
[parser-unknown-class] "BoxStep", text="Step 3. Work out the rate that would be the person’s pension or allowance rate if this Rate Calcu..."
[parser-unknown-class] "BoxStep", text="Step 4. Multiply the person’s notional domestic rate by the person’s residence factor: the result..."
[parser-unknown-class] "BoxHeadBold", text="LUMP SUM CALCULATOR"
[parser-unknown-class] "BoxStep", text="Step 1. Work out the amount that would have been payable to the person on the person’s payday imm..."
[parser-unknown-class] "BoxStep", text="Step 2. Work out the amount that would have been payable to the person’s partner on the partner’s..."
[parser-unknown-class] "BoxStep", text="Step 3. Add the results of Step 1 and Step 2: the result is called the combined rate."
[parser-unknown-class] "BoxStep", text="Step 4. Work out the amount that, but for subsection 825, would have been payable to the person o..."
[parser-unknown-class] "BoxStep", text="Step 5. Take the person’s individual rate away from the combined rate: the result is called the p..."
[parser-unknown-class] "BoxStep", text="Step 6. Work out the number of paydays of the partner in the bereavement lump sum period."
[parser-unknown-class] "BoxStep", text="Step 7. Multiply the partner’s instalment component by the number obtained in Step 6: the result ..."
[parser-unknown-class] "BoxHeadBold", text="LUMP SUM CALCULATOR"
[parser-unknown-class] "BoxStep", text="Step 1. Work out the amount that would have been payable to the person on the person’s payday imm..."
[parser-unknown-class] "BoxStep", text="Step 2. Work out the amount that would have been payable to the partner on the partner’s payday o..."
[parser-unknown-class] "BoxStep", text="Step 3. Add the results of Step 1 and Step 2: the result is called the combined rate."
[parser-unknown-class] "BoxStep", text="Step 4. Work out the amount that, but for section 825, would have been payable to the person on t..."
[parser-unknown-class] "BoxStep", text="Step 5. Take the person’s individual rate away from the combined rate: the result is called the p..."
[parser-unknown-class] "BoxStep", text="Step 6. Work out the number of paydays of the partner in the period that starts on the day on whi..."
[parser-unknown-class] "BoxStep", text="Step 7. Multiply the partner’s instalment component by the number obtained in Step 6: the result ..."
[parser-unknown-class] "BoxStep", text="Step 1. Work out the amount of the person’s adjusted taxable income for the reference tax year."
[parser-unknown-class] "BoxNote", text="Note 1: Section 957B deals with how to work out adjusted taxable income."
[parser-unknown-class] "BoxNote", text="Note 2: For reference tax year see subsections (2) and (3)."
[parser-unknown-class] "BoxStep", text="Step 2. If, on the test day, the person is a member of a couple, work out the amount of the perso..."
[parser-unknown-class] "BoxNote", text="Note 1: Section 957B deals with how to work out adjusted taxable income."
[parser-unknown-class] "BoxNote", text="Note 2: For reference tax year see subsections (2) and (3)."
[parser-unknown-class] "BoxStep", text="Step 3. If, on the test day, the person is not a member of a couple, the person has reached the m..."
[parser-unknown-class] "BoxNote", text="Note: For long‑term financial asset see subsection (5)."
[parser-unknown-class] "BoxStep", text="Step 4. If, on the test day, the person is a member of a couple and the person, or the person’s p..."
[parser-unknown-class] "BoxNote", text="Note: For long‑term financial asset see subsection (5)."
[parser-unknown-class] "BoxStep", text="Step 5. Work out the sum of the amounts at steps 1, 2, 3 and 4 (as applicable)."
[parser-unknown-class] "BoxStep", text="Step 6. The person satisfies the carer allowance income test if the amount at step 5 is less than..."
[parser-unknown-class] "BoxStep", text="Step 1. Work out the total value of all of the person’s long‑term financial assets on the test day."
[parser-unknown-class] "BoxNote", text="Note: For long‑term financial asset see subsection 957A(5)."
[parser-unknown-class] "BoxStep", text="Step 2. Work out under section 1076 the amount of ordinary income the person would be taken to re..."
[parser-unknown-class] "BoxStep", text="Step 3. The result at step 2 is the person’s deemed income amount."
[parser-unknown-class] "BoxStep", text="Step 1. If, on the test day, the person has reached the minimum age mentioned in section 301‑10 o..."
[parser-unknown-class] "BoxNote", text="Note: For long‑term financial asset see subsection 957A(5)."
[parser-unknown-class] "BoxStep", text="Step 2. If, on the test day, the person’s partner has reached the minimum age mentioned in sectio..."
[parser-unknown-class] "BoxStep", text="Step 3. Work out under section 1077 the amount of ordinary income the couple would be taken to re..."
[parser-unknown-class] "BoxStep", text="Step 4. The result at step 3 is the person’s deemed income amount."
[parser-unknown-class] "BoxHeadBold", text="Lump Sum Calculator"
[parser-unknown-class] "BoxStep", text="Step 1. Work out the rate at which carer allowance was payable to the person immediately before t..."
[parser-unknown-class] "BoxStep", text="Step 2. Work out the number of paydays of the person in the bereavement lump sum period."
[parser-unknown-class] "BoxStep", text="Step 3. Multiply the rate obtained in Step 1 by the number obtained in Step 2: the result is the ..."
[parser-unknown-class] "BoxHeadBold", text="Lump Sum Calculator"
[parser-unknown-class] "BoxStep", text="Step 1. Work out the rate at which carer allowance was payable to the person immediately before t..."
[parser-unknown-class] "BoxStep", text="Step 2. Work out the number of paydays of the person in the bereavement lump sum period."
[parser-unknown-class] "BoxStep", text="Step 3. Multiply the rate obtained in step 1 by the number obtained in step 2: the result is the ..."
[parser-unknown-class] "BoxHeadBold", text="LUMP SUM CALCULATOR"
[parser-unknown-class] "BoxStep", text="Step 1. Work out the rate at which double orphan pension was payable immediately before the first..."
[parser-unknown-class] "BoxStep", text="Step 2. Work out the number of the person’s paydays in the bereavement lump sum period."
[parser-unknown-class] "BoxStep", text="Step 3. Multiply the continued rate by the number obtained in Step 2: the result is the amount of..."
[parser-unknown-class] "BoxStep", text="Step 1. Work out the number of days that, at the time of qualification under section 1035A, remai..."
[parser-unknown-class] "BoxStep", text="Step 2. Multiply the result under Step 1 by the amount worked out under the following formula:"
[parser-unknown-class] "BoxStep", text=""
[parser-unknown-class] "BoxStep", text="If the result is not a whole number, round the result down to the next whole number."
[parser-unknown-class] "BoxStep", text="Step 3. Subtract the result under Step 2 from the result under Step 1."
[parser-unknown-class] "BoxStep", text="Step 4. Subtract the result under Step 3 from the number 182. The result is the number of days in..."
[parser-unknown-class] "BoxStep", text="Step 1. Work out 3/52 of the person’s advance payment qualifying amount."
[parser-unknown-class] "BoxStep", text="Step 2. Work out the annual rate at which the social security pension was payable to the person o..."
[parser-unknown-class] "BoxStep", text="Step 3. Work out the smaller of the result of step 1 and 7.5% of the result of step 2."
[parser-unknown-class] "BoxStep", text="Step 4. Subtract the following from the result of step 3:"
[parser-unknown-class] "BoxStep", text="Step 5. The result of step 4 (rounded to the nearest cent (rounding 0.5 cents upwards)) is the ma..."
[parser-unknown-class] "BoxStep", text="Step 1. Take the person’s accumulated SSL debt for the immediately preceding financial year. (Thi..."
[parser-unknown-class] "BoxStep", text="Step 2. Add the sum of all of the SSL debts (if any) that the person incurred during the last 6 m..."
[parser-unknown-class] "BoxStep", text="Step 3. Subtract the sum of the amounts by which the person’s debts referred to in steps 1 and 2 ..."
[parser-unknown-class] "BoxStep", text="Step 4. Subtract the sum of all of the person’s compulsory SSL repayment amounts that:"
[parser-unknown-class] "BoxStep", text="Step 5. Subtract the sum of the amounts by which any compulsory SSL repayment amount of the perso..."
[parser-unknown-class] "BoxStep", text="Step 6. Add the sum of the amounts by which any compulsory SSL repayment amount of the person is ..."
[parser-unknown-class] "BoxStep", text="Step 7. Reduce the amount worked out under step 6 by 20%."
[parser-unknown-class] "BoxStep", text="Step 1. Work out the total amount of youth allowance general rate, austudy payment general rate o..."
[parser-unknown-class] "BoxStep", text="Step 2. Work out the total amount of advance payment deductions (if any) to be made from the pers..."
[parser-unknown-class] "BoxStep", text="Subtract that total amount from the total amount worked out under Step 1."
[parser-unknown-class] "BoxStep", text="Step 3. Work out the total amount of overpayments (if any) for the eligibility period."
[parser-unknown-class] "BoxStep", text="Subtract that total amount from the total amount worked out under Step 2."
[parser-unknown-class] "BoxStep", text="Step 4. Work out the total amount of deductions (if any) that are to be paid to the Commissioner ..."
[parser-unknown-class] "BoxNote", text="Note: Section 1359 provides for the deduction and payment to the Commissioner of Taxation of amou..."
[parser-unknown-class] "BoxStep", text="Subtract that total amount from the total amount worked out under Step 3."
[parser-unknown-class] "BoxStep", text="Step 5. Work out the total amount (if any) of youth allowance general rate, austudy payment gener..."
[parser-unknown-class] "BoxStep", text="Ignore any amount that has already been dealt with under Step 2."
[parser-unknown-class] "BoxStep", text="Ignore any amount that is taken never to have been paid because of section 1061ZZAW."
[parser-unknown-class] "BoxStep", text="Subtract the total amount from the amount worked out under Step 4."
[parser-unknown-class] "BoxStep", text="Step 6. Multiply the amount left by 2."
[parser-unknown-class] "BoxStep", text="Step 7. If the result is not a number of whole dollars, round the result up to the next number of..."
[parser-unknown-class] "BoxStep", text="Step 1. Multiply $7,000 by the number of days in the eligibility period."
[parser-unknown-class] "BoxStep", text="Step 2. Divide the result by the number of days in the year in which the eligibility period is in..."
[parser-unknown-class] "BoxStep", text="If the result is not a number of whole dollars, round the result up to the next number of whole d..."
[parser-unknown-class] "BoxStep", text="Step 1. Multiply $2,000 by the number of days in the eligibility period."
[parser-unknown-class] "BoxStep", text="Step 2. Divide the result by the number of days in the year that includes the eligibility period."
[parser-unknown-class] "BoxStep", text="If the result is not a number of whole dollars, round the result up to the next number of whole d..."
[parser-unknown-class] "BoxStep", text="Step 1. Work out the amount of financial supplement paid to the credit of the account in the 4 we..."
[parser-unknown-class] "BoxStep", text="Step 2. Subtract from that amount the total amount withdrawn from the account in the 4 weeks."
[parser-unknown-class] "BoxStep", text="The amount left is the saved amount."
[parser-unknown-class] "BoxStep", text="Step 1.  Work out the total of the index number for the December quarter in the later reference p..."
[parser-unknown-class] "BoxStep", text="Step 2.  Work out the total of the index number for the December quarter in the earlier reference..."
[parser-unknown-class] "BoxStep", text="Step 3. The CPI indexation factor for the test period is the total under step 1 divided by the to..."
[parser-unknown-class] "BoxStep", text="Step 1.  Work out the total of the index number for the December quarter in the later reference p..."
[parser-unknown-class] "BoxStep", text="Step 2.  Work out the total of the index number for the December quarter in the earlier reference..."
[parser-unknown-class] "BoxStep", text="Step 3. The WPI indexation factor for the test period is the total under step 1 divided by the to..."
[parser-unknown-class] "BoxStep", text="Step 1.  Work out the total of the index number for the December quarter in the relevant year and..."
[parser-unknown-class] "BoxStep", text="Step 2.  Work out the total of the index number for the December quarter immediately before the r..."
[parser-unknown-class] "BoxStep", text="Step 3. The CPI indexation factor for the relevant year is the total under step 1 divided by the ..."
[parser-unknown-class] "BoxStep", text="Step 1.  Work out the total of the WPI index number for the December quarter in the relevant year..."
[parser-unknown-class] "BoxStep", text="Step 2.  Work out the total of the WPI index number for the December quarter immediately before t..."
[parser-unknown-class] "BoxStep", text="Step 3. The WPI indexation factor for the relevant year is the amount under step 1 divided by the..."
[parser-unknown-class] "BoxStep", text="Step 1. Work out the person’s maximum basic rate using MODULE B below."
[parser-unknown-class] "BoxStep", text="Step 1A. Work out the amount of pension supplement using Module BA below."
[parser-unknown-class] "BoxStep", text="Step 1B. Work out the energy supplement (if any) using Module C below."
[parser-unknown-class] "BoxStep", text="Step 3. Work out the amount per year (if any) for rent assistance in accordance with paragraph 10..."
[parser-unknown-class] "BoxStep", text="Step 4. Add up the amounts obtained in Steps 1, 1A, 1B and 3: the result is called the maximum pa..."
[parser-unknown-class] "BoxStep", text="Step 5. Apply the ordinary income test using MODULE E below to work out the income reduction."
[parser-unknown-class] "BoxNote", text="Note: Module F contains provisions that may apply to working out the ordinary income of a person,..."
[parser-unknown-class] "BoxStep", text="Step 8. Take the income reduction away from the maximum payment rate: the result is called the in..."
[parser-unknown-class] "BoxStep", text="Step 9. Apply the assets test using MODULE G below to work out the reduction for assets."
[parser-unknown-class] "BoxStep", text="Step 10. Take the reduction for assets away from the maximum payment rate: the result is called t..."
[parser-unknown-class] "BoxStep", text="Step 11. Compare the income reduced rate and the assets reduced rate: the lower of the 2 rates, o..."
[parser-unknown-class] "BoxStep", text="Step 12. The rate of pension is the amount obtained by:"
[parser-unknown-class] "BoxStep", text="Step 1. Work out the amount of the person’s ordinary income on a yearly basis."
[parser-unknown-class] "BoxNote", text="Note 1: For the treatment of the ordinary income of members of a couple see point 1064‑E2."
[parser-unknown-class] "BoxNote", text="Note 2: Module F contains provisions that may apply to working out the ordinary income of a perso..."
[parser-unknown-class] "BoxStep", text="Step 2. Work out the person’s ordinary income free area (see point 1064‑E4 below)."
[parser-unknown-class] "BoxNote", text="Note: A person’s ordinary income free area is the amount of ordinary income that the person can h..."
[parser-unknown-class] "BoxStep", text="Step 3. Work out whether the person’s ordinary income exceeds the person’s ordinary income free a..."
[parser-unknown-class] "BoxStep", text="Step 4. If the person’s ordinary income does not exceed the person’s ordinary income free area, t..."
[parser-unknown-class] "BoxStep", text="Step 5. If the person’s ordinary income exceeds the person’s ordinary income free area, the perso..."
[parser-unknown-class] "BoxStep", text="Step 6. Use the person’s ordinary income excess to work out the person’s reduction for ordinary i..."
[parser-unknown-class] "BoxStep", text="Step 1. Work out the value of the person’s assets."
[parser-unknown-class] "BoxNote", text="Note 1: For the treatment of the assets of members of a couple see point 1064‑G2."
[parser-unknown-class] "BoxNote", text="Note 2: For the assets that are to be disregarded in valuing a person’s assets see section 1118."
[parser-unknown-class] "BoxNote", text="Note 3: For the valuation of an asset that is subject to a charge or encumbrance see section 1121."
[parser-unknown-class] "BoxStep", text="Step 2. Work out the person’s assets value limit (see point 1064‑G3 below)."
[parser-unknown-class] "BoxNote", text="Note: A person’s assets value limit is the maximum value of assets the person can have without af..."
[parser-unknown-class] "BoxStep", text="Step 3. Work out whether the value of the person’s assets exceeds the person’s assets value limit."
[parser-unknown-class] "BoxStep", text="Step 4. If the value of the person’s assets does not exceed the person’s assets value limit, the ..."
[parser-unknown-class] "BoxStep", text="Step 5. If the value of the person’s assets exceeds the person’s assets value limit, the person’s..."
[parser-unknown-class] "BoxStep", text="Step 6. Use the person’s assets excess to work out the person’s reduction for assets using points..."
[parser-unknown-class] "BoxStep", text="Step 1. Work out what would be the person’s rate of pension if Pension Rate Calculator A applied ..."
[parser-unknown-class] "BoxStep", text="Step 2. Work out the person’s maximum basic rate using MODULE B below."
[parser-unknown-class] "BoxStep", text="Step 2A. Work out the amount of pension supplement using Module BA below."
[parser-unknown-class] "BoxStep", text="Step 3. Work out the energy supplement (if any) using Module C below."
[parser-unknown-class] "BoxStep", text="Step 4. Add up the amounts obtained in Steps 2, 2A and 3: the result is called the maximum paymen..."
[parser-unknown-class] "BoxStep", text="Step 5. Work out the non‑income/assets tested rate by:"
[parser-unknown-class] "BoxStep", text="Step 6. Compare the notional income/assets tested rate and the non‑income/assets tested rate: whi..."
[parser-unknown-class] "BoxStep", text="Step 1. Work out the person’s maximum basic rate using MODULE B below."
[parser-unknown-class] "BoxStep", text="Step 1A. Work out the energy supplement (if any) using Module BA below."
[parser-unknown-class] "BoxStep", text="Step 2. Work out the amount per year for youth disability, Supplement using MODULE C below."
[parser-unknown-class] "BoxStep", text="Step 3. Work out the amount per year (if any) of pharmaceutical allowance using MODULE D below."
[parser-unknown-class] "BoxStep", text="Step 4. Work out the amount per year (if any) for rent assistance in accordance with paragraph 10..."
[parser-unknown-class] "BoxStep", text="Step 5. Add up the amounts obtained in Steps 1, 1A, 2, 3 and 4: the result is called the maximum ..."
[parser-unknown-class] "BoxNote", text="Note: Module G contains provisions that may apply to working out, under this Rate Calculator, the..."
[parser-unknown-class] "BoxStep", text="Step 6. Apply the ordinary income test using MODULE F below to work out the income reduction."
[parser-unknown-class] "BoxStep", text="Step 9. Take the income reduction away from the maximum payment rate: the result is called the in..."
[parser-unknown-class] "BoxStep", text="Step 10. Apply the assets test using MODULE H below to work out the reduction for assets."
[parser-unknown-class] "BoxStep", text="Step 11. Take the reduction for assets away from the maximum payment rate: the result is called t..."
[parser-unknown-class] "BoxStep", text="Step 12. Compare the income reduced rate and the assets reduced rate: the lower of the 2 rates, o..."
[parser-unknown-class] "BoxStep", text="Step 13. The rate of pension is the amount obtained by:"
[parser-unknown-class] "BoxStep", text="Step 1. Work out the amount of the person’s ordinary income on a yearly basis."
[parser-unknown-class] "BoxNote", text="Note 1: For the treatment of the ordinary income of members of a couple see point 1066A‑F2."
[parser-unknown-class] "BoxNote", text="Note 2: Module G contains provisions that may apply to working out, under this Rate Calculator, t..."
[parser-unknown-class] "BoxStep", text="Step 2. Work out the person’s ordinary income free area (see point 1066A‑F3 below)."
[parser-unknown-class] "BoxNote", text="Note: A person’s ordinary income free area is the amount of ordinary income that the person can h..."
[parser-unknown-class] "BoxStep", text="Step 3. Work out whether the person’s ordinary income exceeds the person’s ordinary income free a..."
[parser-unknown-class] "BoxStep", text="Step 4. If the person’s ordinary income does not exceed the person’s ordinary income free area, t..."
[parser-unknown-class] "BoxStep", text="Step 5. If the person’s ordinary income exceeds the person’s ordinary income free area, the perso..."
[parser-unknown-class] "BoxStep", text="Step 6. Use the person’s ordinary income excess to work out the person’s reduction for ordinary i..."
[parser-unknown-class] "BoxStep", text="Step 1. Work out the value of the person’s assets."
[parser-unknown-class] "BoxNote", text="Note 1: For the treatment of the assets of members of a couple see point 1066A‑H2."
[parser-unknown-class] "BoxNote", text="Note 2: For the assets that are to be disregarded in valuing a person’s assets see section 1118."
[parser-unknown-class] "BoxNote", text="Note 3: For the valuation of an asset that is subject to a charge or encumbrance see section 1121."
[parser-unknown-class] "BoxStep", text="Step 2. Work out the person’s assets value limit (see point 1066A‑H3 below)."
[parser-unknown-class] "BoxNote", text="Note: A person’s assets value limit is the maximum value of assets the person can have without af..."
[parser-unknown-class] "BoxStep", text="Step 3. Work out whether the value of the person’s assets exceeds the person’s assets value limit."
[parser-unknown-class] "BoxStep", text="Step 4. If the value of the person’s assets does not exceed the person’s assets value limit, the ..."
[parser-unknown-class] "BoxStep", text="Step 5. If the value of the person’s assets exceeds the person’s assets value limit, the person’s..."
[parser-unknown-class] "BoxStep", text="Step 6. Use the person’s assets excess to work out the person’s reduction for assets using points..."
[parser-unknown-class] "BoxStep", text="Step 1. Work out what would be the person’s rate of pension if Pension Rate Calculator D applied ..."
[parser-unknown-class] "BoxStep", text="Step 2. Work out the person’s maximum basic rate using MODULE B below."
[parser-unknown-class] "BoxStep", text="Step 2A. Work out the energy supplement (if any) using Module BA below."
[parser-unknown-class] "BoxStep", text="Step 3. Work out the amount per year for youth disability supplement using MODULE C below."
[parser-unknown-class] "BoxStep", text="Step 4. Work out the amount per year (if any) of pharmaceutical allowance using MODULE D below."
[parser-unknown-class] "BoxStep", text="Step 5. Add up the amounts obtained in Steps 2, 2A, 3 and 4: the result is called the maximum pay..."
[parser-unknown-class] "BoxStep", text="Step 6. Work out the non‑income/assets tested rate by:"
[parser-unknown-class] "BoxStep", text="Step 7. Compare the notional income/assets tested rate and the non‑income/assets tested rate: whi..."
[parser-unknown-class] "BoxStep", text="Step 1. Work out the person’s maximum basic rate using Module B below."
[parser-unknown-class] "BoxStep", text="Step 1A. Work out the energy supplement (if any) using Module BA below."
[parser-unknown-class] "BoxStep", text="Step 2. Work out the amount a fortnight (if any) of pharmaceutical allowance using Module C below."
[parser-unknown-class] "BoxStep", text="Step 2A. Work out the amount per fortnight (if any) for youth disability supplement using Module ..."
[parser-unknown-class] "BoxStep", text="Step 3. Work out the applicable amount per fortnight (if any) for rent assistance in accordance w..."
[parser-unknown-class] "BoxStep", text="Step 4. Add up the amounts obtained in Steps 1 to 3: the result is the maximum payment rate."
[parser-unknown-class] "BoxStep", text="Step 8. If the person is not independent, work out the person’s reduction for parental income usi..."
[parser-unknown-class] "BoxStep", text="Step 12. Apply the income test using Module H below to work out the person’s income reduction."
[parser-unknown-class] "BoxStep", text="Step 13. Take away from the maximum payment rate the greatest of the following that apply:"
[parser-unknown-class] "BoxStep", text="(If a reduction described in paragraph (a) applies, and is not less than any other reduction that..."
[parser-unknown-class] "BoxNote", text="Note: If a person’s maximum payment rate is reduced under this step, section 1210 sets the order ..."
[parser-unknown-class] "BoxStep", text="Step 14. The rate of allowance is the amount obtained by:"
[parser-unknown-class] "BoxStep", text="Step 1. Work out the MIT reducible amount by subtracting the base FTB child rate in point 1067G‑E..."
[parser-unknown-class] "BoxStep", text=""
[parser-unknown-class] "BoxStep", text="Step 2. Apply the parental income test in Module F to work out the parental income test result fo..."
[parser-unknown-class] "BoxStep", text="Step 3. If the parental income test result is equal to or more than the MIT reducible amount, the..."
[parser-unknown-class] "BoxStep", text="Step 4. If the parental income test result is less than the person’s MIT reducible amount, apply ..."
[parser-unknown-class] "BoxStep", text="Step 5. Add the parental income test result to the maintenance income test result to get the pers..."
[parser-unknown-class] "BoxStep", text="Step 6. If the notional reduction is less than or equal to the MIT reducible amount, the person’s..."
[parser-unknown-class] "BoxStep", text="Step 7. If the notional reduction is more than the MIT reducible amount, the person’s reduction f..."
[parser-unknown-class] "BoxStep", text="Step 1. Work out whether the person is exempt from the parental income test using Submodule 2. If..."
[parser-unknown-class] "BoxStep", text="Step 2. If the person is not exempt, identify the appropriate tax year using Submodule 3."
[parser-unknown-class] "BoxStep", text="Step 3. Work out the person’s combined parental income for the appropriate tax year using Submodu..."
[parser-unknown-class] "BoxStep", text="Step 4. Work out the person’s parental income free area using Submodule 5."
[parser-unknown-class] "BoxStep", text="Step 5. If:"
[parser-unknown-class] "BoxStep", text="then the parental income test result for the person is nil."
[parser-unknown-class] "BoxStep", text="Step 6. If the person’s combined parental income exceeds the person’s parental income free area, ..."
[parser-unknown-class] "BoxStep", text="Step 1. Work out whether the person is exempt from the maintenance income test using Submodule 2...."
[parser-unknown-class] "BoxStep", text="Step 2. If the person is not exempt, work out the annualised amount of maintenance income for a p..."
[parser-unknown-class] "BoxStep", text="Step 3. Work out the parent’s maintenance income free area using Submodule 4."
[parser-unknown-class] "BoxStep", text="Step 4. Work out whether the parent’s maintenance income exceeds the parent’s maintenance income ..."
[parser-unknown-class] "BoxStep", text="Step 5. If:"
[parser-unknown-class] "BoxStep", text="then the maintenance income test result for the person is nil."
[parser-unknown-class] "BoxStep", text="Step 6. If the parent’s maintenance income exceeds the parent’s maintenance income free area, mul..."
[parser-unknown-class] "BoxStep", text="Step 1. Work out the amount of the person’s ordinary income on a fortnightly basis (where appropr..."
[parser-unknown-class] "BoxStep", text="Step 2. If the person is a member of a couple, work out the partner income free area using point ..."
[parser-unknown-class] "BoxNote", text="Note: The partner income free area is the maximum amount of ordinary income the person’s partner ..."
[parser-unknown-class] "BoxStep", text="Step 3. Use point 1067G‑H27 to work out the person’s partner income excess. (If there is no partn..."
[parser-unknown-class] "BoxStep", text="Step 4. Use the person’s partner income excess to work out the person’s partner income reduction ..."
[parser-unknown-class] "BoxStep", text="Step 5. Use point 1067G‑H30 to work out the person’s ordinary income excess. (If there is no ordi..."
[parser-unknown-class] "BoxStep", text="Step 6. Use the person’s ordinary income excess to work out the person’s ordinary income reductio..."
[parser-unknown-class] "BoxStep", text="Step 7. Add the person’s partner income reduction and ordinary income reduction: the result is th..."
[parser-unknown-class] "BoxStep", text="Step 1. Assume that the person’s income bank credit, at the time this Module starts applying to t..."
[parser-unknown-class] "BoxStep", text="Step 2. If, for the person’s first income bank fortnight, the person has an income credit under p..."
[parser-unknown-class] "BoxStep", text="Step 3. For each subsequent income bank fortnight of the person, up to but not including the fort..."
[parser-unknown-class] "BoxStep", text="The result is the person’s income bank credit for the fortnight in question."
[parser-unknown-class] "BoxStep", text="Step 1. Work out the person’s maximum basic rate using Module B below."
[parser-unknown-class] "BoxStep", text="Step 1A. Work out the pension supplement amount (if any) using Module BA below."
[parser-unknown-class] "BoxStep", text="Step 1B. Work out the energy supplement (if any) using Module BB below."
[parser-unknown-class] "BoxStep", text="Step 2. Work out the amount a fortnight (if any) of pharmaceutical allowance using Module C below."
[parser-unknown-class] "BoxStep", text="Step 2A. Work out the applicable amount per fortnight (if any) for rent assistance in accordance ..."
[parser-unknown-class] "BoxStep", text="Step 3. Add up the amounts obtained in Steps 1, 1A, 1B, 2 and 2A: the result is the maximum payme..."
[parser-unknown-class] "BoxStep", text="Step 4. Apply the income test using Module D below to work out the person’s income reduction."
[parser-unknown-class] "BoxStep", text="Step 5. Take away the person’s income reduction from the maximum payment rate: the result is the ..."
[parser-unknown-class] "BoxNote", text="Note: If a person’s rate is reduced under this step, the order in which the reduction is to be ma..."
[parser-unknown-class] "BoxStep", text="Step 6. The rate of payment is the amount obtained by:"
[parser-unknown-class] "BoxStep", text="Step 1. Work out the amount of the person’s ordinary income on a fortnightly basis (where appropr..."
[parser-unknown-class] "BoxStep", text="Step 2. If the person is a member of a couple, work out the partner income free area using point ..."
[parser-unknown-class] "BoxNote", text="Note: The partner income free area is the maximum amount of ordinary income the person’s partner ..."
[parser-unknown-class] "BoxStep", text="Step 3. Use point 1067L‑D26 to work out the person’s partner income excess. (If there is no partn..."
[parser-unknown-class] "BoxStep", text="Step 4. Use the person’s partner income excess to work out the person’s partner income reduction ..."
[parser-unknown-class] "BoxStep", text="Step 5. Use point 1067L‑D29 to work out the person’s ordinary income excess. (If there is no ordi..."
[parser-unknown-class] "BoxStep", text="Step 6. Use the person’s ordinary income excess to work out the person’s ordinary income reductio..."
[parser-unknown-class] "BoxStep", text="Step 7. Add the person’s partner income reduction and ordinary income reduction: the result is th..."
[parser-unknown-class] "BoxStep", text="Step 1. Assume that the person’s income bank credit, at the time this Module starts applying to t..."
[parser-unknown-class] "BoxStep", text="Step 2. If, for the person’s first income bank fortnight, the person has an income credit under p..."
[parser-unknown-class] "BoxStep", text="Step 3. For each subsequent income bank fortnight of the person, up to but not including the fort..."
[parser-unknown-class] "BoxStep", text="The result is the person’s income bank credit for the fortnight in question."
[parser-unknown-class] "BoxStep", text="Step 1. Work out the person’s maximum basic rate using MODULE B below."
[parser-unknown-class] "BoxStep", text="Step 1A. Work out the pension supplement amount (if any) using Module BA below."
[parser-unknown-class] "BoxStep", text="Step 1B. Work out the energy supplement (if any) using Module C below."
[parser-unknown-class] "BoxStep", text="Step 2. Work out the amount per fortnight (if any) of pharmaceutical allowance using MODULE D below."
[parser-unknown-class] "BoxStep", text="Step 3. Work out the applicable amount per fortnight (if any) for rent assistance in accordance w..."
[parser-unknown-class] "BoxStep", text="Step 4. Add up the amounts obtained in Steps 1 to 4: the result is called the maximum payment rate."
[parser-unknown-class] "BoxStep", text="Step 5. Apply the income test using MODULE G below to work out the income reduction."
[parser-unknown-class] "BoxStep", text="Step 6. Take the income reduction away from the maximum payment rate: the result is called the pr..."
[parser-unknown-class] "BoxStep", text="Step 7. The rate of benefit is the amount obtained by:"
[parser-unknown-class] "BoxStep", text="Step 1. Work out the amount of the person’s ordinary income on a fortnightly basis."
[parser-unknown-class] "BoxNote", text="Note: For the treatment of amounts received from friendly societies, see point 1068‑G4."
[parser-unknown-class] "BoxStep", text="Step 2. If the person is a member of a couple, work out the partner income free area using point ..."
[parser-unknown-class] "BoxNote", text="Note: The partner income free area is the maximum amount of ordinary income the person’s partner ..."
[parser-unknown-class] "BoxStep", text="Step 3. Use paragraphs 1068‑G10(a), (b) and (c) to work out whether the person has a partner inco..."
[parser-unknown-class] "BoxStep", text="Step 4. If the requirements of paragraphs 1068‑G10(a), (b) and (c) are not satisfied then the per..."
[parser-unknown-class] "BoxStep", text="Step 5. If the requirements of paragraphs 1068‑G10(a), (b) and (c) are satisfied, the person’s pa..."
[parser-unknown-class] "BoxStep", text="Step 6. Use the person’s partner income excess to work out the person’s partner income reduction ..."
[parser-unknown-class] "BoxStep", text="Step 7. Work out whether the person’s ordinary income exceeds the person’s ordinary income free a..."
[parser-unknown-class] "BoxNote", text="Note: A person’s ordinary income free area is the maximum amount of ordinary income the person ma..."
[parser-unknown-class] "BoxStep", text="Step 8. If the person’s ordinary income does not exceed the person’s ordinary income free area, t..."
[parser-unknown-class] "BoxStep", text="Step 9. If the person’s ordinary income exceeds the person’s ordinary income free area, the perso..."
[parser-unknown-class] "BoxStep", text="Step 10. Use the person’s ordinary income excess to work out the person’s ordinary income reducti..."
[parser-unknown-class] "BoxStep", text="Step 11. Add the person’s partner income reduction and ordinary income reduction: the result is t..."
[parser-unknown-class] "BoxStep", text="Step 1. Work out the person’s maximum basic rate using Module B below."
[parser-unknown-class] "BoxStep", text="Step 1A. Work out the amount of pension supplement using Module BA below."
[parser-unknown-class] "BoxStep", text="Step 1B. Work out the energy supplement (if any) using Module BB below."
[parser-unknown-class] "BoxStep", text="Step 2. Work out the amount per year (if any) of pharmaceutical allowance using Module C below."
[parser-unknown-class] "BoxStep", text="Step 3. Work out the amount per year (if any) for rent assistance in accordance with paragraph 10..."
[parser-unknown-class] "BoxStep", text="Step 4. Add up the amounts obtained in Steps 1, 1A, 1B, 2 and 3: the result is called the maximum..."
[parser-unknown-class] "BoxStep", text="Step 5. Apply the ordinary income test using Module E below to work out the income reduction."
[parser-unknown-class] "BoxStep", text="Step 6. Take the income reduction away from the maximum payment rate: the result is called the pr..."
[parser-unknown-class] "BoxStep", text="Step 7. The rate of pension PP (single) is the amount obtained by:"
[parser-unknown-class] "BoxStep", text="Step 1. Work out the amount of the person’s ordinary income on a yearly basis."
[parser-unknown-class] "BoxStep", text="Step 2. Work out the person’s ordinary income free area (see points 1068A‑E14 to 1068A‑E18 below)."
[parser-unknown-class] "BoxNote", text="Note: A person’s ordinary income free area is the amount of ordinary income that the person can h..."
[parser-unknown-class] "BoxStep", text="Step 3. Work out whether the person’s ordinary income exceeds the person’s ordinary income free a..."
[parser-unknown-class] "BoxStep", text="Step 4. If the person’s ordinary income does not exceed the person’s ordinary income free area, t..."
[parser-unknown-class] "BoxStep", text="Step 5. If the person’s ordinary income exceeds the person’s ordinary income free area, the perso..."
[parser-unknown-class] "BoxStep", text="Step 6. Use the person’s ordinary income excess to work out the person’s reduction for ordinary i..."
[parser-unknown-class] "BoxStep", text="Step 1. Work out the person’s maximum basic rate using Module C below."
[parser-unknown-class] "BoxStep", text="Step 2. Work out the amount per fortnight (if any) of rent assistance in accordance with paragrap..."
[parser-unknown-class] "BoxStep", text="Step 2A. Work out the pension supplement amount (if any) using Module DA below."
[parser-unknown-class] "BoxStep", text="Step 2B. Work out the energy supplement (if any) using Module DB below."
[parser-unknown-class] "BoxStep", text="Step 3. Work out the amount per fortnight (if any) of pharmaceutical allowance using Module E below."
[parser-unknown-class] "BoxStep", text="Step 4. Add up the amounts obtained in steps 1 to 3: the result is called the maximum payment rate."
[parser-unknown-class] "BoxStep", text="Step 5. Apply the income test using Module D below to work out the person’s income reduction."
[parser-unknown-class] "BoxStep", text="Step 6. Take the income reduction away from the maximum payment rate: the result is called the pr..."
[parser-unknown-class] "BoxStep", text="Step 7. The rate of benefit PP (partnered) is the difference between:"
[parser-unknown-class] "BoxStep", text="plus any amount by way of remote area allowance that, under Module G, is to be added to the perso..."
[parser-unknown-class] "BoxStep", text="Step 1. Work out the person’s maximum basic rate using Module C below."
[parser-unknown-class] "BoxStep", text="Step 2. Work out the amount per fortnight (if any) of rent assistance in accordance with paragrap..."
[parser-unknown-class] "BoxStep", text="Step 2A. Work out the pension supplement amount (if any) using Module DA below."
[parser-unknown-class] "BoxStep", text="Step 2B. Work out the energy supplement (if any) using Module DB below."
[parser-unknown-class] "BoxStep", text="Step 3. Work out the amount per fortnight (if any) of pharmaceutical allowance using Module E below."
[parser-unknown-class] "BoxStep", text="Step 4. Add up the amounts obtained in steps 1 to 3: the result is called the maximum payment rate."
[parser-unknown-class] "BoxStep", text="Step 5. Apply the income test using Module E of the Rate Calculator in section 1068A to work out ..."
[parser-unknown-class] "BoxStep", text="Step 6. Take the income reduction away from the maximum payment rate: the rate is called the prov..."
[parser-unknown-class] "BoxStep", text="Step 7. The rate of benefit is the difference between:"
[parser-unknown-class] "BoxStep", text="plus any amount by way of remote area allowance that, under Module G, is to be added to the perso..."
[parser-unknown-class] "BoxStep", text="Step 1. Work out the amount of the person’s ordinary income on a fortnightly basis."
[parser-unknown-class] "BoxNote", text="Note: The amount of the person’s ordinary income is affected by points 1068B‑D2 to 1068B‑D21."
[parser-unknown-class] "BoxStep", text="Step 2. Work out the partner income free area using point 1068B‑D22."
[parser-unknown-class] "BoxNote", text="Note: The partner income free area is the maximum amount of ordinary income the person’s partner ..."
[parser-unknown-class] "BoxStep", text="Step 3. Use point 1068B‑D23 to work out the person’s partner income excess."
[parser-unknown-class] "BoxStep", text="Step 4. Use the person’s partner income excess to work out the person’s partner income reduction ..."
[parser-unknown-class] "BoxStep", text="Step 5. Work out whether the person’s ordinary income exceeds the person’s ordinary income free a..."
[parser-unknown-class] "BoxNote", text="Note: A person’s ordinary income free area is the maximum amount of ordinary income the person ca..."
[parser-unknown-class] "BoxStep", text="Step 6. If the person’s ordinary income does not exceed the person’s ordinary income free area, t..."
[parser-unknown-class] "BoxStep", text="Step 7. If the person’s ordinary income exceeds the person’s ordinary income free area, the perso..."
[parser-unknown-class] "BoxStep", text="Step 8. Use the person’s ordinary income excess to work out the person’s ordinary income reductio..."
[parser-unknown-class] "BoxStep", text="Step 9. Add the person’s ordinary income reduction and partner income reduction: the result is th..."
[parser-unknown-class] "BoxStep", text="Step 1. Work out the amount of the person’s adjusted taxable income for the reference tax year."
[parser-unknown-class] "BoxStep", text="Step 1A. If, at the test time, the person, or the person’s partner (if any), has at least one lon..."
[parser-unknown-class] "BoxStep", text="Step 1B. Work out the sum of the amounts at step 1 and step 1A (if any)."
[parser-unknown-class] "BoxStep", text="Step 2. Work out the person’s seniors health card income limit using point 1071‑12."
[parser-unknown-class] "BoxStep", text="Step 3. Work out whether the amount at step 1B exceeds the seniors health card income limit."
[parser-unknown-class] "BoxStep", text="Step 4. If the amount at step 1B is less than the person’s seniors health card income limit, the ..."
[parser-unknown-class] "BoxStep", text="Step 5. If the amount at step 1B is equal to or exceeds the person’s seniors health card income l..."
[parser-unknown-class] "BoxStep", text="Step 1. Work out the total value of all of the person’s long‑term financial assets (see point 107..."
[parser-unknown-class] "BoxStep", text="Step 2. Work out under section 1076 the amount of ordinary income the person would be taken to re..."
[parser-unknown-class] "BoxStep", text="Step 3. The result at step 2 is the person’s deemed income amount."
[parser-unknown-class] "BoxStep", text="Step 1. Work out the total value of all of the person’s long‑term financial assets (see point 107..."
[parser-unknown-class] "BoxStep", text="Step 2. If, at the test time, the person’s partner has reached the minimum age mentioned in secti..."
[parser-unknown-class] "BoxStep", text="Step 3. Work out under section 1077 the amount of ordinary income the couple would be taken to re..."
[parser-unknown-class] "BoxStep", text="Step 4. Divide the amount at step 3 by 2: the result is the person’s deemed income amount."
[parser-unknown-class] "BoxStep", text="Step 1. Work out the amount of the person’s ascertained income for the period of 8 weeks ending o..."
[parser-unknown-class] "BoxStep", text="Step 2. Work out the amount of the person’s allowable income for the period."
[parser-unknown-class] "BoxStep", text="Step 3. If the person’s ascertained income for the period is less than the person’s allowable inc..."
[parser-unknown-class] "BoxStep", text="Step 4. If the person’s ascertained income for the period equals or exceeds the person’s allowabl..."
[parser-unknown-class] "BoxStep", text="Step 1. Work out the amount of the person’s ascertained income for the period of 8 weeks ending o..."
[parser-unknown-class] "BoxStep", text="Step 2. Work out the amount of the person’s allowable income for the period."
[parser-unknown-class] "BoxStep", text="Step 3. If the person’s ascertained income for the period is less than 125% of the person’s allow..."
[parser-unknown-class] "BoxStep", text="Step 4. If the person’s ascertained income for the period is 125% or more of the person’s allowab..."
[parser-unknown-class] "BoxStep", text="Step 1. Work out the amount (including a nil amount) of the participant’s employment income taken..."
[parser-unknown-class] "BoxStep", text="Step 2. Multiply the amount determined under step 1 by 14. This is the participant’s rate of empl..."
[parser-unknown-class] "BoxStep", text="Step 3. Add to the participant’s rate of employment income on a fortnightly basis for the day the..."
[parser-unknown-class] "BoxStep", text="Step 4. If the participant’s rate of total ordinary income on a fortnightly basis for the day is ..."
[parser-unknown-class] "BoxStep", text="Step 5. If the participant’s rate of total ordinary income on a fortnightly basis for the day is ..."
[parser-unknown-class] "BoxStep", text="Step 6. If the participant’s rate of total ordinary income on a fortnightly basis for the day is ..."
[parser-unknown-class] "BoxStep", text="Step 1. Work out the amount (including a nil amount) of the participant’s employment income taken..."
[parser-unknown-class] "BoxStep", text="Step 2. Multiply the amount determined under step 1 by 364. This is the participant’s rate of emp..."
[parser-unknown-class] "BoxStep", text="Step 3. Add to the participant’s rate of employment income on a yearly basis for the day the part..."
[parser-unknown-class] "BoxStep", text="Step 4. Divide the participant’s rate of total ordinary income on a yearly basis for the day by 2..."
[parser-unknown-class] "BoxStep", text="Step 5. Divide the yearly ordinary income free area applicable to the participant for the day und..."
[parser-unknown-class] "BoxStep", text="Step 6. If the participant’s rate of total ordinary income, expressed on a fortnightly basis, for..."
[parser-unknown-class] "BoxStep", text="Step 7. If the participant’s rate of total ordinary income, expressed on a fortnightly basis, for..."
[parser-unknown-class] "BoxStep", text="Step 8. If the participant’s rate of total ordinary income, expressed on a fortnightly basis, for..."
[parser-unknown-class] "BoxStep", text="Step 1. Multiply the person’s deeming threshold by the below threshold rate."
[parser-unknown-class] "BoxNote", text="Note 1: For deeming threshold see subsection 1081(1)."
[parser-unknown-class] "BoxNote", text="Note 2: For below threshold rate see subsection 1082(1)."
[parser-unknown-class] "BoxStep", text="Step 2. Subtract the deeming threshold from the total value of the person’s financial assets."
[parser-unknown-class] "BoxNote", text="Note: For deeming threshold see subsection 1081(1)."
[parser-unknown-class] "BoxStep", text="Step 3. Multiply the remainder worked out at Step 2 by the above threshold rate."
[parser-unknown-class] "BoxNote", text="Note: For above threshold rate see subsection 1082(2)."
[parser-unknown-class] "BoxStep", text="Step 4. The total of the amounts worked out at Steps 1 and 3 represents the ordinary income the p..."
[parser-unknown-class] "BoxStep", text="Step 1. Multiply the couple’s deeming threshold by the below threshold rate."
[parser-unknown-class] "BoxNote", text="Note 1: For deeming threshold see subsection 1081(2)."
[parser-unknown-class] "BoxNote", text="Note 2: For below threshold rate see subsection 1082(1)."
[parser-unknown-class] "BoxStep", text="Step 2. Subtract the deeming threshold from the total value of the couple’s financial assets."
[parser-unknown-class] "BoxNote", text="Note: For deeming threshold see subsection 1081(2)."
[parser-unknown-class] "BoxStep", text="Step 3. Multiply the remainder worked out at Step 2 by the above threshold rate."
[parser-unknown-class] "BoxNote", text="Note: For above threshold rate see subsection 1082(2)."
[parser-unknown-class] "BoxStep", text="Step 4. The total of the amounts worked out at Steps 1 and 3 represents the ordinary income the c..."
[parser-unknown-class] "BoxStep", text="Step 1. Multiply the person’s deeming threshold by the below threshold rate."
[parser-unknown-class] "BoxNote", text="Note 1: For deeming threshold see subsection 1081(3)."
[parser-unknown-class] "BoxNote", text="Note 2: For below threshold rate see subsection 1082(1)."
[parser-unknown-class] "BoxStep", text="Step 2. Subtract the deeming threshold from the total value of the person’s financial assets."
[parser-unknown-class] "BoxNote", text="Note: For deeming threshold see subsection 1081(3)."
[parser-unknown-class] "BoxStep", text="Step 3. Multiply the remainder worked out at Step 2 by the above threshold rate."
[parser-unknown-class] "BoxNote", text="Note: For above threshold rate see subsection 1082(2)."
[parser-unknown-class] "BoxStep", text="Step 4. The total of the amounts worked out at Steps 1 and 3 represents the ordinary income the p..."
[parser-unknown-class] "BoxStep", text="Step 1. Divide the amount of the income by the number of days in the payroll period."
[parser-unknown-class] "BoxStep", text="Step 2. Work out how many days in the payroll period fall within the entitlement period."
[parser-unknown-class] "BoxStep", text="Step 3. Multiply the amount from step 1 by the number of days from step 2. This is the total amou..."
[parser-unknown-class] "BoxStep", text="Step 4. Divide the total amount for the entitlement period by the number of days in the entitleme..."
[parser-unknown-class] "BoxStep", text="Step 1. Divide the amount of the income by the number of days in the payroll period."
[parser-unknown-class] "BoxStep", text="Step 2. Work out how many days in the payroll period fall within the YTA entitlement period."
[parser-unknown-class] "BoxStep", text="Step 3. Multiply the amount from step 1 by the number of days from step 2. This is the total amou..."
[parser-unknown-class] "BoxStep", text="Step 1. Divide the amount of the income by the number of days in the payroll period."
[parser-unknown-class] "BoxStep", text="Step 2. Work out how many days in the payroll period fall within the FHS entitlement period."
[parser-unknown-class] "BoxStep", text="Step 3. Multiply the amount from step 1 by the number of days from step 2. This is the total amou..."
[parser-unknown-class] "BoxStep", text="Step 4. Divide the total amount for the entitlement period by the number of days in the entitleme..."
[parser-unknown-class] "BoxStep", text="Step 1. Work out, in relation to a man aged 65 on the person’s assessment day for the income stre..."
[parser-unknown-class] "BoxNote", text="Note: The number of expected years remaining in a 65‑year old man’s life is used no matter how ol..."
[parser-unknown-class] "BoxStep", text="Step 2. Increase the number of years at step 1 by 65."
[parser-unknown-class] "BoxStep", text="Step 3. Subject to step 4, the person’s threshold day for the income stream is the later of the f..."
[parser-unknown-class] "BoxStep", text="Step 4. If the income stream is a joint income stream, the person’s threshold day for the income ..."
[parser-unknown-class] "BoxStep", text="Step 1. Add together the value of the assets referred to in paragraph (1)(b): the result is calle..."
[parser-unknown-class] "BoxStep", text="Step 2. Add together the value of the liabilities referred to in paragraph (1)(c): the result is ..."
[parser-unknown-class] "BoxStep", text="Step 3. Take the total liability away from the unencumbered value: the result is the value of the..."
[parser-unknown-class] "BoxStep", text="Step 1. Work out the sum of the amount of pension received by the person from time to time under ..."
[parser-unknown-class] "BoxStep", text="Step 1A. Add to the primary loan amount the amount of any home equity access scheme advance payme..."
[parser-unknown-class] "BoxStep", text="Step 2. Add to the advance payment adjusted amount the amount of any registration costs payable b..."
[parser-unknown-class] "BoxStep", text="Step 3. Take away from the registration cost adjusted amount the sum of the amount of pension (if..."
[parser-unknown-class] "BoxStep", text="Step 4. Add to the basic amount of debt the amount of interest payable. The interest payable is c..."
[parser-unknown-class] "BoxStep", text="Step 5. From the total amount of debt take away any amount of the debt already paid to the Common..."
[parser-unknown-class] "BoxStep", text="Step 1. Work out the engine capacity of the car and go to the relevant Part of the Car Fringe Ben..."
[parser-unknown-class] "BoxStep", text="Step 2. Work out how old the car is and go to the appropriate row in the Table."
[parser-unknown-class] "BoxStep", text="Step 3. Work out how many complete months in the appropriate tax year the person had or will have..."
[parser-unknown-class] "BoxNote", text="Note: If the person is a member of a couple, the value of the car fringe benefit is to be halved ..."
[parser-unknown-class] "BoxStep", text="Step 1. Work out whether the loan is a housing loan or another type of loan."
[parser-unknown-class] "BoxNote", text="Note: For housing loan see subsection 10A(9)."
[parser-unknown-class] "BoxStep", text="Step 2. Work out the notional rate of interest for the loan using subsection (2), (3) or (4)."
[parser-unknown-class] "BoxStep", text="Step 3. Work out the actual rate of interest for the loan in the appropriate tax year using subse..."
[parser-unknown-class] "BoxStep", text="Step 4. Work out whether the actual rate of interest exceeds the notional rate of interest."
[parser-unknown-class] "BoxStep", text="Step 5. If the actual rate of interest is equal to or exceeds the notional rate of interest, the ..."
[parser-unknown-class] "BoxNote", text="Note: If the value of the loan fringe benefit is nil, you do not have to go any further in the Me..."
[parser-unknown-class] "BoxStep", text="Step 6. If the actual rate of interest is less than the notional rate of interest, take the actua..."
[parser-unknown-class] "BoxStep", text="Step 7. Work out the amount of the loan (both the principal and interest) that is outstanding in ..."
[parser-unknown-class] "BoxStep", text="Step 8. Multiply the rate of interest obtained in Step 6 and the amount obtained in Step 7: the r..."
[parser-unknown-class] "BoxStep", text="Step 9. Work out how many complete weeks in the appropriate tax year the person had or will have ..."
[parser-unknown-class] "BoxStep", text="Step 10. Apply the formula:"
[parser-unknown-class] "BoxStep", text="Step 11. The amount obtained by applying the formula in Step 10 is the value of the loan fringe b..."
[parser-unknown-class] "BoxNote", text="Note: If the person is a member of a couple, the value of the loan fringe benefit is to be halved..."
[parser-unknown-class] "BoxStep", text="Step 1. Work out the location of the unit of accommodation and go to the appropriate row of the H..."
[parser-unknown-class] "BoxStep", text="Step 2. Work out the type of accommodation and go to the appropriate column in the Table: the num..."
[parser-unknown-class] "BoxNote", text="Note: If the person is a member of a couple, the weekly market rent is to be halved in certain ci..."
[parser-unknown-class] "BoxStep", text="Step 3. Work out how many complete weeks in the appropriate tax year the unit of accommodation wa..."
[parser-unknown-class] "BoxStep", text="Step 4. Multiply the weekly market rent of the unit of accommodation and the number of weeks obta..."
[parser-unknown-class] "BoxStep", text="Step 5. Work out the allowable rent for the unit of accommodation in the appropriate tax year usi..."
[parser-unknown-class] "BoxNote", text="Note: If the person is a member of a couple, the allowable rent is to be halved in certain circum..."
[parser-unknown-class] "BoxStep", text="Step 6. Take the allowable rent away from the provisional value of the housing fringe benefit: th..."
[parser-unknown-class] "BoxStep", text="Step 1. Work out the type of accommodation and go to the appropriate column in the Housing Fringe..."
[parser-unknown-class] "BoxNote", text="Note: If the person is a member of a couple, the weekly market rent is to be halved in certain ci..."
[parser-unknown-class] "BoxStep", text="Step 2. Work out how many complete weeks in the appropriate tax year the unit of accommodation wa..."
[parser-unknown-class] "BoxStep", text="Step 3. Multiply the weekly market rent of the unit of accommodation and the number of weeks obta..."
[parser-unknown-class] "BoxStep", text="Step 4. Work out the allowable rent for the unit of accommodation in the appropriate tax year usi..."
[parser-unknown-class] "BoxNote", text="Note: If a person is a member of a couple, the allowable rent is to be halved in certain circumst..."
[parser-unknown-class] "BoxStep", text="Step 5. Take the allowable rent away from the provisional value of the housing fringe benefit: th..."
[parser-unknown-class] "BoxStep", text="Step 1. Work out the location of the unit of accommodation and go to the appropriate row of the H..."
[parser-unknown-class] "BoxStep", text="Step 2. Work out the type of accommodation and go to the appropriate column in the Table: the num..."
[parser-unknown-class] "BoxNote", text="Note: If the person is a member of a couple, the weekly market rent is to be halved in certain ci..."
[parser-unknown-class] "BoxStep", text="Step 3. Work out how many complete weeks in the appropriate tax year the unit of accommodation wa..."
[parser-unknown-class] "BoxStep", text="Step 4. Multiply the weekly market rent of the unit of accommodation and the number of weeks obta..."
[parser-unknown-class] "BoxStep", text="Step 5. Work out the allowable rent for the unit of accommodation in the appropriate tax year usi..."
[parser-unknown-class] "BoxNote", text="Note: If a person is a member of a couple, the allowable rent is to be halved in certain circumst..."
[parser-unknown-class] "BoxStep", text="Step 6. Work out the amount the employer paid or will pay by way of the housing fringe benefits i..."
[parser-unknown-class] "BoxStep", text="Step 7. Work out the amount (if any) by which the allowable rent exceeds the employer subsidy: th..."
[parser-unknown-class] "BoxNote", text="Note: If the employer subsidy equals or exceeds the allowable rent, the employee contribution is ..."
[parser-unknown-class] "BoxStep", text="Step 8. Take the employee contribution away from the provisional value of the housing fringe bene..."
[parser-unknown-class] "BoxStep", text="Step 1. Work out the type of accommodation and go to the appropriate column in the Housing Fringe..."
[parser-unknown-class] "BoxNote", text="Note: If the person is a member of a couple, the weekly market rent is to be halved in certain ci..."
[parser-unknown-class] "BoxStep", text="Step 2. Work out how many complete weeks in the appropriate tax year the unit of accommodation wa..."
[parser-unknown-class] "BoxStep", text="Step 3. Multiply the weekly market rent of the unit of accommodation and the number of weeks obta..."
[parser-unknown-class] "BoxStep", text="Step 4. Work out the allowable rent for the unit of accommodation in the appropriate tax year usi..."
[parser-unknown-class] "BoxNote", text="Note: If a person is a member of a couple, the allowable rent is to be halved in certain circumst..."
[parser-unknown-class] "BoxStep", text="Step 5. Work out the amount the employer paid or will pay by way of the housing fringe benefits i..."
[parser-unknown-class] "BoxStep", text="Step 6. Work out the amount (if any) by which the allowable rent exceeds the employer subsidy: th..."
[parser-unknown-class] "BoxNote", text="Note: If the employer subsidy equals or exceeds the allowable rent, the employee contribution is ..."
[parser-unknown-class] "BoxStep", text="Step 7. Take the employee contribution away from the provisional value of the housing fringe bene..."
[parser-unknown-class] "BoxStep", text="Step 1. Use section 1193 to work out the indexation factor for the amount on the indexation day."
[parser-unknown-class] "BoxStep", text="Step 2. Work out the current figure for the amount immediately before the indexation day."
[parser-unknown-class] "BoxStep", text="Step 3. Multiply the current figure by the indexation factor: the result is the provisional index..."
[parser-unknown-class] "BoxStep", text="Step 4. Use section 1194 to round off the provisional indexed amount: subject to Division 3, the ..."
[parser-unknown-class] "BoxStep", text="Step 1. Use section 1197 to work out the living cost indexation factor on that indexation day."
[parser-unknown-class] "BoxStep", text="Step 2. Work out the current figure for the starting amount immediately before that indexation day."
[parser-unknown-class] "BoxNote", text="Note: For current figure see subsection 20(1)."
[parser-unknown-class] "BoxStep", text="Step 3. Multiply the current figure by the living cost indexation factor: the result is the provi..."
[parser-unknown-class] "BoxStep", text="Step 4. Use section 1198 to round off the provisional living cost amount: the result is the livin..."
[parser-unknown-class] "BoxStep", text="Step 1. Work out the amount substituted for the amount specified in column 3 of item 2 of Table B..."
[parser-unknown-class] "BoxStep", text="Step 2. Multiply the amount worked out at step 1 by 2."
[parser-unknown-class] "BoxStep", text="Step 3. Work out 66.33% of the amount worked out at step 2."
[parser-unknown-class] "BoxStep", text="Step 4. Round the amount worked out at step 3 to the nearest multiple of $2.60 (rounding up if ne..."
[parser-unknown-class] "BoxStep", text="Step 1. Work out the period of the person’s Australian working life residence using Module B: the..."
[parser-unknown-class] "BoxStep", text="Step 2. Use the person’s residence period to work out the person’s residence factor using Module ..."
[parser-unknown-class] "BoxStep", text="Step 3. Work out the rate that would be the person’s pension or allowance rate if this Rate Calcu..."
[parser-unknown-class] "BoxStep", text="Step 4. Multiply the person’s notional domestic rate by the person’s residence factor: the result..."
[parser-unknown-class] "BoxStep", text="Step 1. Work out what each of the following amounts (described using the abbreviation used in Par..."
[parser-unknown-class] "BoxStep", text="Step 2. Identify the greater of the amount described in paragraph (e) of step 1 and $525.20 (or e..."
[parser-unknown-class] "BoxStep", text="Step 3. Add up all the amounts worked out under step 1 and the amount identified under step 2."
[parser-unknown-class] "BoxStep", text="Step 4. If the result of step 3 is not a multiple of $2.60, round that result up to the next mult..."
[parser-unknown-class] "BoxStep", text="Step 1. Work out what each of the following amounts (described using the abbreviation used in Par..."
[parser-unknown-class] "BoxStep", text="Step 2. Identify the greater of the amount described in paragraph (e) of step 1 and $262.60 (or e..."
[parser-unknown-class] "BoxStep", text="Step 3. Add up all the amounts worked out under step 1 and the amount identified under step 2."
[parser-unknown-class] "BoxStep", text="Step 4. If the result of step 3 is not a multiple of $2.60, round that result up to the next mult..."
[parser-unknown-class] "BoxStep", text="Step 1. Work out what each of the following amounts (described using the abbreviation used in Par..."
[parser-unknown-class] "BoxStep", text="Step 2. Add up the amounts worked out under step 1."
[parser-unknown-class] "BoxStep", text="Step 1. Work out what each of the following amounts (described using the abbreviation used in Par..."
[parser-unknown-class] "BoxStep", text="Step 2. Add up the amounts worked out under step 1."
[parser-diag] processed 61591 <p> elements
[parser-diag] last section was added at element index: 33031
[parser-diag] state phase at end: ENDNOTES
[parse] sections: 2103
[parse] compilation: date=2026-04-02 no=231
[parser-diag] hierarchy stack depth at end: 3
[parser-diag] insideSchedule at end: true
[parse] by level:
         chapter      11
         part         93
         section      1473
         division     331
         subdivision  149
         schedule     1
         schedule_part 3
         schedule_clause 42
[db] inserted new legislation row: f8ce34ba-aff9-4d71-8620-53fac5dde70c
[db] inserting 2103 sections (pass 1)
[db] inserted 2103 sections
[db] linking parent FKs (pass 2)
[db] linked 2091 parent references

[done] ingested Social Security Act 1991
       legislation_id: f8ce34ba-aff9-4d71-8620-53fac5dde70c
       sections: 2103
       compilation: 2026-04-02
