[fetch] document_1: https://www.legislation.gov.au/C2004A00486/1999-07-16/1999-07-16/text/original/epub/OEBPS/document_1/document_1.html
[fetch] document_1: 368,763 bytes
[fetch] document_2: https://www.legislation.gov.au/C2004A00486/1999-07-16/1999-07-16/text/original/epub/OEBPS/document_2/document_2.html
[fetch] document_2 not found — stopping. Fetched 1 document(s).
[fetch] combined 1 document(s), 368,763 source bytes → 367,554 combined bytes
[citation] Environmental Reform (Consequential Provisions) Act 1999 (Cth)
[parse] starting
[parser-diag] total <p> elements found: 1190
[parser-unknown-class] "Subsection", text="This Act may be cited as the Environmental Reform (Consequential Provisions) Act 1999."
[parser-unknown-class] "Subsection", text="(1) Subject to this section, this Act commences when the Environment Protection and Biodiversity ..."
[parser-unknown-class] "Subsection", text="(2) The amendments of the Koongarra Project Area Act 1981 in Schedule 4 to this Act do not commen..."
[parser-unknown-class] "Subsection", text="(3) The amendment of the Hazardous Waste (Regulation of Exports and Imports) Amendment Act 1996 i..."
[parser-unknown-class] "Subsection", text="(4) The amendment of the Wildlife Protection (Regulation of Exports and Imports) Amendment Act 19..."
[parser-unknown-class] "Subsection", text="(5) Part 1 of Schedule 8 to this Act commences when Schedule 5 to the Corporate Law Economic Refo..."
[parser-unknown-class] "Subsection", text="(6) Part 2 of Schedule 8 to this Act commences when the Public Service Act 1999 commences if that..."
[parser-unknown-class] "Subsection", text="Subject to section 2, each Act that is specified in a Schedule to this Act is amended or repealed..."
[parser-unknown-class] "ActHead6", text="Schedule 1—Application of the new Act"
[parser-unknown-class] "ItemHead", text="1  Definitions"
[parser-unknown-class] "Subitem", text="(1) In this Schedule:"
[parser-unknown-class] "indenta", text="(a) described in subsection 5(1) of the EPIP Act; and"
[parser-unknown-class] "indenta", text="(b) proposed before the commencement of the new Act to be undertaken; and"
[parser-unknown-class] "indenta", text="(c) for which a proponent was designated under the Administrative Procedures before the commencem..."
[parser-unknown-class] "Subitem", text="(2) For the purposes of this Schedule, an action is related to an EPIP activity or a Commonwealth..."
[parser-unknown-class] "ItemHead", text="2  When is environmental assessment finalised?"
[parser-unknown-class] "Subitem", text="(1) This item applies in relation to an environmental impact statement, public environment report..."
[parser-unknown-class] "Subitem", text="(2) An environmental impact statement is finalised when the final environmental impact statement ..."
[parser-unknown-class] "Subitem", text="(3) A public environment report is finalised when:"
[parser-unknown-class] "indenta", text="(a) a copy of all written comments (if any) received under the Administrative Procedures on the r..."
[parser-unknown-class] "indenta", text="(b) the report is given to the Minister or Department responsible for the EPIP Act, if the report..."
[parser-unknown-class] "Subitem", text="(4) An inquiry report is finalised when it is given to the Minister responsible for the EPIP Act."
[parser-unknown-class] "ItemHead", text="3  Actions assessed under the EPIP Act before the new Act commences need not be assessed under th..."
[parser-unknown-class] "SubitemHead", text="Actions that are EPIP activities"
[parser-unknown-class] "Subitem", text="(1) Neither Part 3, nor Subdivision A of Division 4 of Part 11, of the new Act applies to an acti..."
[parser-unknown-class] "SubitemHead", text="Actions related to EPIP activities"
[parser-unknown-class] "Subitem", text="(2) Neither Part 3, nor Subdivision A of Division 4 of Part 11, of the new Act applies to an acti..."
[parser-unknown-class] "indenta", text="(a) before the commencement of the new Act, all of the provisions of the Administrative Procedure..."
[parser-unknown-class] "indenta", text="(b) in complying with those provisions, the certain and likely impacts of the action were taken i..."
[parser-unknown-class] "ItemHead", text="4  Actions being assessed under EPIP Act when new Act commences need not be assessed under new Act"
[parser-unknown-class] "SubitemHead", text="Actions that are EPIP activities"
[parser-unknown-class] "Subitem", text="(1) Neither Part 3, nor Subdivision A of Division 4 of Part 11, of the new Act applies to an acti..."
[parser-unknown-class] "indenta", text="(a) decided under the Administrative Procedures that an environmental impact statement or public ..."
[parser-unknown-class] "indenta", text="(b) directed under section 11 of the EPIP Act that an inquiry be conducted in respect of a matter..."
[parser-unknown-class] "SubitemHead", text="Actions that are related to EPIP activities"
[parser-unknown-class] "Subitem", text="(2) Neither Part 3, nor Subdivision A of Division 4 of Part 11, of the new Act applies to an acti..."
[parser-unknown-class] "indenta", text="(a) before the commencement of the new Act, the Minister administering the EPIP Act had:"
[parser-unknown-class] "indentii", text="(i) decided under the Administrative Procedures that an environmental impact statement or public ..."
[parser-unknown-class] "indentii", text="(ii) directed under section 11 of the EPIP Act that an inquiry be conducted in respect of a matte..."
[parser-unknown-class] "indenta", text="(b) the Minister administering Part 3 of the new Act has certified under item 6 that the impacts ..."
[parser-unknown-class] "SubitemHead", text="New Act may apply if assessment not finalised in 2 years"
[parser-unknown-class] "Subitem", text="(3) Two years after the commencement of the new Act, this item ceases to apply to an action descr..."
[parser-unknown-class] "ItemHead", text="5  Actions covered by agreement for assessment under the EPIP Act need not be assessed under the ..."
[parser-unknown-class] "SubitemHead", text="No assessment needed under new Act if there is agreement"
[parser-unknown-class] "Subitem", text="(1) Neither Part 3, nor Subdivision A of Division 4 of Part 11, of the new Act applies to an acti..."
[parser-unknown-class] "indenta", text="(a) before the commencement of the new Act, no decision had been made under the Administrative Pr..."
[parser-unknown-class] "indenta", text="(b) the Minister administering Part 3 of the new Act and the proponent of the EPIP activity desig..."
[parser-unknown-class] "indentii", text="(i) the EPIP Act;"
[parser-unknown-class] "indentii", text="(ii) the Administrative Procedures;"
[parser-unknown-class] "indentii", text="(iii) the regulations made under the EPIP Act; and"
[parser-unknown-class] "indenta", text="(c) in the case of an action related to the EPIP activity—that Minister has certified under item ..."
[parser-unknown-class] "SubitemHead", text="Consulting States and Territories before making agreement"
[parser-unknown-class] "Subitem", text="(2) Before the Minister administering Part 3 of the new Act makes an agreement under subitem (1) ..."
[parser-unknown-class] "SubitemHead", text="Consultation about actions in State waters"
[parser-unknown-class] "Subitem", text="(3) Subitem (2) applies to an action that is to be taken on, over or under the seabed vested in a..."
[parser-unknown-class] "SubitemHead", text="Consultation about actions in Northern Territory waters"
[parser-unknown-class] "Subitem", text="(4) Subitem (2) applies to an action to be taken on, over or under the seabed vested in the North..."
[parser-unknown-class] "SubitemHead", text="New Act may apply if assessment not finalised in 2 years"
[parser-unknown-class] "Subitem", text="(5) Two years after the commencement of the new Act, this item ceases to apply to an action descr..."
[parser-unknown-class] "indenta", text="(a) an environmental impact statement relating to the EPIP activity is required under the Adminis..."
[parser-unknown-class] "indenta", text="(b) a public environment report relating to the EPIP activity is required under the Administrativ..."
[parser-unknown-class] "indenta", text="(c) an inquiry has been directed under the EPIP Act in relation to the EPIP activity and the inqu..."
[parser-unknown-class] "ItemHead", text="6  Certification of coverage of impacts by assessment"
[parser-unknown-class] "Subitem", text="(1) For the purposes of items 4 and 5, the Minister administering Part 3 of the new Act may certi..."
[parser-unknown-class] "Subitem", text="(2) That Minister may do so either of that Minister’s own accord, or in response to a written req..."
[parser-unknown-class] "Subitem", text="(3) In deciding whether to certify, that Minister may consider only whether the impacts that a sp..."
[parser-unknown-class] "Subitem", text="(4) A person may give that Minister a written request that that Minister certify in relation to a..."
[parser-unknown-class] "Subitem", text="(5) That Minister may, by instrument in writing, revoke a certificate relating to an action if:"
[parser-unknown-class] "indenta", text="(a) either:"
[parser-unknown-class] "indentii", text="(i) substantial new information relating to the action has become available since the certificate..."
[parser-unknown-class] "indentii", text="(ii) a substantial change in circumstances has occurred that was not foreseen at the time the cer..."
[parser-unknown-class] "indenta", text="(b) because of the new information or change, that Minister is satisfied that an impact that the ..."
[parser-unknown-class] "ItemHead", text="7  Actions exempted from Administrative Procedures need not be assessed under the new Act"
[parser-unknown-class] "Subitem", text="(1) This item applies if, immediately before the commencement of the new Act, an exemption under ..."
[parser-unknown-class] "Subitem", text="(2) For so long as no environmental impact statement, public environment report or inquiry under ..."
[parser-unknown-class] "indenta", text="(a) an action (as defined in the new Act) that is the Commonwealth action; or"
[parser-unknown-class] "indenta", text="(b) an action (as defined in the new Act) that:"
[parser-unknown-class] "indentii", text="(i) is related to the Commonwealth action; and"
[parser-unknown-class] "indentii", text="(ii) the Minister administering Part 3 of the new Act has certified under subitem (3) is related ..."
[parser-unknown-class] "Subitem", text="(3) The Minister administering Part 3 of the new Act may certify in writing that a specified acti..."
[parser-unknown-class] "indenta", text="(a) the Commonwealth action; or"
[parser-unknown-class] "indenta", text="(b) a Commonwealth action in the class of Commonwealth actions to which the exemption related."
[parser-unknown-class] "Subitem", text="(4) That Minister must not consider any other matters in deciding whether to certify."
[parser-unknown-class] "Subitem", text="(5) That Minister may certify either of that Minister’s own accord, or in response to a written r..."
[parser-unknown-class] "Subitem", text="(6) A person may give that Minister a written request that that Minister certify in relation to a..."
[parser-unknown-class] "ItemHead", text="8  Part 3 of the new Act does not apply to making of regional forest agreements"
[parser-unknown-class] "ItemHead", text="9  Part 3 of the new Act does not apply to installation of some facilities allowed under the Tele..."
[parser-unknown-class] "Subitem", text="Part 3 of the new Act does not apply to an installation to which clause 55 of Schedule 3 to the T..."
[parser-unknown-class] "ItemHead", text="10  Limit on application of the new Act to acts covered by consents under the World Heritage Act"
[parser-unknown-class] "Subitem", text="Subdivision A of Division 1 of Part 3 of the new Act (about world heritage) does not apply to an ..."
[parser-unknown-class] "ItemHead", text="11  Parts 3 and 13 of the new Act do not apply to acts allowed by permit under Endangered Species..."
[parser-unknown-class] "ItemHead", text="12  Parts 3 and 13 of the new Act do not apply to acts allowed by permit under the Whale Protecti..."
[parser-unknown-class] "ItemHead", text="13  Application of section 316 of the new Act"
[parser-unknown-class] "ItemHead", text="14  Application of section 328 of the new Act"
[parser-unknown-class] "ActHead6", text="Schedule 2—Endangered Species Protection Act 1992: repeal etc."
[parser-unknown-class] "ActHead7", text="Part 1—Repeal"
[parser-unknown-class] "ActHead9", text="Endangered Species Protection Act 1992"
[parser-unknown-class] "ItemHead", text="1  The whole of the Act"
[parser-unknown-class] "ActHead7", text="Part 2—Saving and transitional provisions"
[parser-unknown-class] "ItemHead", text="2  Definitions"
[parser-unknown-class] "ItemHead", text="3  Listing of species, ecological communities and key threatening processes"
[parser-unknown-class] "SubitemHead", text="Application"
[parser-unknown-class] "Subitem", text="(1) Subitems (2) and (3) apply if, immediately before the commencement of the new Act:"
[parser-unknown-class] "indenta", text="(a) an item had been nominated by a person under section 25 of the Species Act for inclusion in a..."
[parser-unknown-class] "indenta", text="(b) the Minister administering that Act had not:"
[parser-unknown-class] "indentii", text="(i) added the item to the list; or"
[parser-unknown-class] "indentii", text="(ii) decided not to add the item to the list."
[parser-unknown-class] "SubitemHead", text="Nominated item to be dealt with under new Act"
[parser-unknown-class] "Subitem", text="(2) The person is taken to have nominated the item under subsection 191(1) of the new Act, as sho..."
[parser-unknown-class] "Table", text=""
[parser-unknown-class] "Table", text="Purposes for which person is taken to have nominated item"
[parser-unknown-class] "Table", text="Item"
[parser-unknown-class] "Table", text="Description of item nominated under Species Act"
[parser-unknown-class] "Table", text="Purposes for which person is taken to have nominated item"
[parser-unknown-class] "Table", text="1"
[parser-unknown-class] "Table", text="Species nominated for inclusion in the list in Part 1 of Schedule 1 to the Species Act"
[parser-unknown-class] "Table", text="For inclusion in the category of the list mentioned in paragraph 178(1)(d) of the new Act"
[parser-unknown-class] "Table", text="2"
[parser-unknown-class] "Table", text="Species nominated for inclusion in the list in Part 2 of Schedule 1 to the Species Act"
[parser-unknown-class] "Table", text="For inclusion in the category of the list mentioned in paragraph 178(1)(e) of the new Act"
[parser-unknown-class] "Table", text="3"
[parser-unknown-class] "Table", text="Species nominated for inclusion in the list in Part 3 of Schedule 1 to the Species Act"
[parser-unknown-class] "Table", text="For inclusion in the category of the list mentioned in paragraph 178(1)(a) of the new Act"
[parser-unknown-class] "Table", text="4"
[parser-unknown-class] "Table", text="Ecological community"
[parser-unknown-class] "Table", text="For inclusion in the category of the list mentioned in paragraph 181(1)(b) of the new Act"
[parser-unknown-class] "Table", text="5"
[parser-unknown-class] "Table", text="Threatening process"
[parser-unknown-class] "Table", text="For inclusion in the list mentioned in section 183 of the new Act"
[parser-unknown-class] "SubitemHead", text="Time limit for Scientific Committee to deal with nomination"
[parser-unknown-class] "Subitem", text="(3) Subsection 189(4) of the new Act applies in relation to a nominated species or ecological com..."
[parser-unknown-class] "indenta", text="(a) the day the nomination was made under the Species Act;"
[parser-unknown-class] "indenta", text="(b) the day 6 months before the commencement of the new Act."
[parser-unknown-class] "SubitemHead", text="Scientific Committee taken to have given advice under new Act"
[parser-unknown-class] "Subitem", text="(4) If:"
[parser-unknown-class] "indenta", text="(a) in performing its function under paragraph 159(1)(a) of the Species Act, the Endangered Speci..."
[parser-unknown-class] "indenta", text="(b) that Minister had not made a decision on the addition or deletion of the item before the comm..."
[parser-unknown-class] "SubitemHead", text="What is corresponding advice?"
[parser-unknown-class] "Subitem", text="(5) The table shows what is corresponding advice taken to have been given by the Threatened Speci..."
[parser-unknown-class] "Table", text=""
[parser-unknown-class] "Table", text="Corresponding advice"
[parser-unknown-class] "Table", text="Item"
[parser-unknown-class] "Table", text="Advice given by Endangered Species Scientific Subcommittee"
[parser-unknown-class] "Table", text="Corresponding advice taken to be given by Threatened Species Scientific Committee"
[parser-unknown-class] "Table", text="1"
[parser-unknown-class] "Table", text="To add a species to the list in Part 1 of Schedule 1 to the Species Act"
[parser-unknown-class] "Table", text="To include the species in the category of the list mentioned in paragraph 178(1)(d) of the new Act"
[parser-unknown-class] "Table", text="2"
[parser-unknown-class] "Table", text="To delete a species from the list in Part 1 of Schedule 1 to the Species Act"
[parser-unknown-class] "Table", text="To delete the species from the category of the list mentioned in paragraph 178(1)(d) of the new Act"
[parser-unknown-class] "Table", text="3"
[parser-unknown-class] "Table", text="To add a species to the list in Part 2 of Schedule 1 to the Species Act"
[parser-unknown-class] "Table", text="To include the species in the category of the list mentioned in paragraph 178(1)(e) of the new Act"
[parser-unknown-class] "Table", text="4"
[parser-unknown-class] "Table", text="To delete a species from the list in Part 2 of Schedule 1 to the Species Act"
[parser-unknown-class] "Table", text="To delete the species from the category of the list mentioned in paragraph 178(1)(e) of the new Act"
[parser-unknown-class] "Table", text="5"
[parser-unknown-class] "Table", text="To add a species to the list in Part 3 of Schedule 1 to the Species Act"
[parser-unknown-class] "Table", text="To include the species in the category of the list mentioned in paragraph 178(1)(a) of the new Act"
[parser-unknown-class] "Table", text="6"
[parser-unknown-class] "Table", text="To delete a species from the list in Part 3 of Schedule 1 to the Species Act"
[parser-unknown-class] "Table", text="To delete the species from the category of the list mentioned in paragraph 178(1)(a) of the new Act"
[parser-unknown-class] "Table", text="7"
[parser-unknown-class] "Table", text="To add an ecological community to the list in Schedule 2 to the Species Act"
[parser-unknown-class] "Table", text="To include the ecological community in the category of the list mentioned in paragraph 181(1)(b) ..."
[parser-unknown-class] "Table", text="8"
[parser-unknown-class] "Table", text="To delete an ecological community from the list in Schedule 2 to the Species Act"
[parser-unknown-class] "Table", text="To delete the ecological community from the category of the list mentioned in paragraph 181(1)(b)..."
[parser-unknown-class] "Table", text="9"
[parser-unknown-class] "Table", text="To add a threatening process to the list in Schedule 3 to the Species Act"
[parser-unknown-class] "Table", text="To include the threatening process in the list mentioned in section 183 of the new Act"
[parser-unknown-class] "Table", text="10"
[parser-unknown-class] "Table", text="To delete a threatening process from the list in Schedule 3 to the Species Act"
[parser-unknown-class] "Table", text="To delete the threatening process from the list mentioned in section 183 of the new Act"
[parser-unknown-class] "SubitemHead", text="Minister may ask Scientific Committee to review advice"
[parser-unknown-class] "Subitem", text="(6) The Minister administering Division 1 of Part 13 of the new Act may request the Threatened Sp..."
[parser-unknown-class] "indenta", text="(a) the Committee is not taken to have given corresponding advice as described in that subitem; and"
[parser-unknown-class] "indenta", text="(b) subsections 189(2) and (3) of the new Act apply in relation to the Committee as if that Minis..."
[parser-unknown-class] "indenta", text="(c) subsections 189(5) and (6) of the new Act apply as if the Committee’s report were advice to t..."
[parser-unknown-class] "SubitemHead", text="Time limit for Minister to request review"
[parser-unknown-class] "Subitem", text="(7) The Minister must not make a request for review of advice to add an item to, or delete an ite..."
[parser-unknown-class] "SubitemHead", text="Relationship between subitems"
[parser-unknown-class] "Subitem", text="(8) Subitem (6) has effect despite subitems (3) and (4)."
[parser-unknown-class] "ItemHead", text="4  Continuation of recovery plans and threat abatement plans"
[parser-unknown-class] "SubitemHead", text="Continuation of recovery plans"
[parser-unknown-class] "Subitem", text="(1) A recovery plan or threat abatement plan that was approved or adopted under the Species Act a..."
[parser-unknown-class] "SubitemHead", text="Review of continued plans"
[parser-unknown-class] "Subitem", text="(2) Subsection 279(2) of the new Act applies in relation to the plan as if the intervals were mea..."
[parser-unknown-class] "SubitemHead", text="Continued plan need not deal with certain matters before review"
[parser-unknown-class] "Subitem", text="(3) This item has effect in relation to a plan before the first review of the plan under section ..."
[parser-unknown-class] "ItemHead", text="5  Continued preparation of recovery plans and threat abatement plans"
[parser-unknown-class] "Subitem", text="(1) If, before the commencement of the new Act, the Director had complied with section 39 of the ..."
[parser-unknown-class] "Subitem", text="(2) The Minister administering the new Act may make the plan even if he or she has not received a..."
[parser-unknown-class] "ItemHead", text="6  Conservation agreements"
[parser-unknown-class] "indenta", text="(a) it had been made under the new Act; and"
[parser-unknown-class] "indenta", text="(b) any reference in it to the Director (as defined in the Species Act) were a reference to the M..."
[parser-unknown-class] "ItemHead", text="7  Conservation orders"
[parser-unknown-class] "SubitemHead", text="Continuation of permanent and interim conservation orders"
[parser-unknown-class] "Subitem", text="(1) For the purposes of the new Act, a permanent conservation order or interim conservation order..."
[parser-unknown-class] "SubitemHead", text="Expiry of interim conservation orders"
[parser-unknown-class] "Subitem", text="(2) However, an interim conservation order does not have effect after the last day on which it co..."
[parser-unknown-class] "SubitemHead", text="Reconsideration of permanent and interim conservation orders"
[parser-unknown-class] "Subitem", text="(3) If, before the commencement of the new Act:"
[parser-unknown-class] "indenta", text="(a) the Minister administering the Species Act made a permanent conservation order or an interim ..."
[parser-unknown-class] "indenta", text="(b) a person applied to that Minister under the Species Act for reconsideration of the order or f..."
[parser-unknown-class] "indenta", text="(c) that Minister had not confirmed, varied or revoked the order or decision;"
[parser-unknown-class] "SubitemHead", text="Minister’s advice about conservation orders"
[parser-unknown-class] "Subitem", text="(4) For the purposes of the new Act, advice given under Division 4 of Part 6 of the Species Act b..."
[parser-unknown-class] "SubitemHead", text="Continuation of impact assessment conservation orders"
[parser-unknown-class] "Subitem", text="(5) Despite the repeal of the Species Act, an impact assessment conservation order that was in fo..."
[parser-unknown-class] "indenta", text="(a) Division 3 of Part 5 of the Species Act;"
[parser-unknown-class] "indenta", text="(b) the other provisions of the Species Act, so far as they relate to impact assessment conservat..."
[parser-unknown-class] "SubitemHead", text="Modification of provisions of Species Act"
[parser-unknown-class] "Subitem", text="(6) The provisions mentioned in paragraphs (5)(a) and (b) apply for the purposes of subitem (5) a..."
[parser-unknown-class] "indenta", text="(a) a reference in those provisions to the Director were a reference to the Secretary to the Depa..."
[parser-unknown-class] "indenta", text="(b) a reference in those provisions to the Minister were a reference to the Minister administerin..."
[parser-unknown-class] "indenta", text="(c) a reference in those provisions to the Environment Protection (Impact of Proposals) Act 1974 ..."
[parser-unknown-class] "indenta", text="(d) a reference in those provisions to the EPIP administrative procedures were a reference to the..."
[parser-unknown-class] "ItemHead", text="8  Permits"
[parser-unknown-class] "Subitem", text="(1) Despite the repeal of the Species Act:"
[parser-unknown-class] "indenta", text="(a) a permit that was issued under that Act and was in force immediately before the repeal of tha..."
[parser-unknown-class] "indenta", text="(b) that Act (as in force immediately before its repeal) continues to operate in relation to the ..."
[parser-unknown-class] "indentii", text="(i) references in that Act to the Director were references to the Secretary to the Department adm..."
[parser-unknown-class] "indentii", text="(ii) references in the Species Act to the Minister were a reference to the Minister administering..."
[parser-unknown-class] "Subitem", text="(2) If, before the commencement of the new Act:"
[parser-unknown-class] "indenta", text="(a) a person applied under the Species Act to the Minister administering that Act for reconsidera..."
[parser-unknown-class] "indenta", text="(b) that Minister had not confirmed, varied or revoked the decision;"
[parser-unknown-class] "ItemHead", text="9  AAT review of advice relating to conservation orders"
[parser-unknown-class] "Subitem", text="(1) This item extends subsection 43(1) of the Administrative Appeals Tribunal Act 1975 for the pu..."
[parser-unknown-class] "Subitem", text="(2) Without limiting subsection 43(1) of the Administrative Appeals Tribunal Act 1975, the Tribun..."
[parser-unknown-class] "indenta", text="(a) exercise the powers and discretions of the Minister administering the new Act for the purpose..."
[parser-unknown-class] "indenta", text="(b) remit the matter to the Minister administering the new Act for consideration in accordance wi..."
[parser-unknown-class] "ItemHead", text="10  Inventories and surveys"
[parser-unknown-class] "SubitemHead", text="Inventories of species and communities on land"
[parser-unknown-class] "Subitem", text="(1) An inventory prepared under section 165 of the Species Act for an area has effect for the pur..."
[parser-unknown-class] "SubitemHead", text="Surveys of species in marine areas"
[parser-unknown-class] "Subitem", text="(2) A survey prepared under section 166 of the Species Act for an area has effect for the purpose..."
[parser-unknown-class] "SubitemHead", text="Certain obligations not affected"
[parser-unknown-class] "Subitem", text="(3) This item does not affect the obligations under the new Act of the Minister administering tha..."
[parser-unknown-class] "indenta", text="(a) listed threatened ecological communities (except communities included in the endangered categ..."
[parser-unknown-class] "indenta", text="(b) listed migratory species;"
[parser-unknown-class] "indenta", text="(c) listed marine species."
[parser-unknown-class] "ActHead7", text="Part 3—Consequential amendment of other Acts"
[parser-unknown-class] "ActHead9", text="Great Barrier Reef Marine Park Act 1975"
[parser-unknown-class] "ItemHead", text="11  Subsection 3(1) (definition of ecological community)"
[parser-unknown-class] "ItemHead", text="12  Subsection 3(1) (definition of species)"
[parser-unknown-class] "ItemHead", text="13  Saving"
[parser-unknown-class] "ActHead9", text="Telecommunications Act 1997"
[parser-unknown-class] "ItemHead", text="14  Clause 2 of Schedule 3 (definition of ecological community)"
[parser-unknown-class] "ItemHead", text="15  Clause 2 of Schedule 3 (definition of endangered ecological community)"
[parser-unknown-class] "ItemHead", text="16  Clause 2 of Schedule 3"
[parser-unknown-class] "ItemHead", text="17  Clause 2 of Schedule 3 (definition of threatened species)"
[parser-unknown-class] "indenta", text="(a) extinct in the wild;"
[parser-unknown-class] "indenta", text="(b) critically endangered;"
[parser-unknown-class] "indenta", text="(c) endangered;"
[parser-unknown-class] "indenta", text="(d) vulnerable."
[parser-unknown-class] "ItemHead", text="18  Subparagraphs 27(7)(a)(vii), (viii) and (ix) of Schedule 3"
[parser-unknown-class] "ItemHead", text="19  Application"
[parser-unknown-class] "ItemHead", text="20  Subparagraphs 55(2)(a)(vii), (viii) and (ix) of Schedule 3"
[parser-unknown-class] "ItemHead", text="21  Application"
[parser-unknown-class] "ActHead7", text="Part 4—Refunds"
[parser-unknown-class] "ItemHead", text="22  Refund of fees for applications for permits"
[parser-unknown-class] "SubitemHead", text="Application of this item"
[parser-unknown-class] "Subitem", text="(1) This item applies if, before the commencement of the Environment Protection and Biodiversity ..."
[parser-unknown-class] "indenta", text="(a) a person had made an application for a permit under Division 2 of Part 6 of the Endangered Sp..."
[parser-unknown-class] "indenta", text="(b) the Director of National Parks and Wildlife had not decided whether to issue, or to refuse to..."
[parser-unknown-class] "SubitemHead", text="Applicant entitled to refund"
[parser-unknown-class] "Subitem", text="(2) The Commonwealth must pay the person an amount equal to the prescribed fee."
[parser-unknown-class] "SubitemHead", text="This item is not an appropriation"
[parser-unknown-class] "Subitem", text="(3) To avoid doubt, this item does not appropriate money."
[parser-unknown-class] "ActHead6", text="Schedule 3—Environment Protection (Impact of Proposals) Act 1974: repeal etc."
[parser-unknown-class] "ActHead7", text="Part 1—Repeal"
[parser-unknown-class] "ActHead9", text="Environment Protection (Impact of Proposals) Act 1974"
[parser-unknown-class] "ItemHead", text="1  The whole of the Act"
[parser-unknown-class] "ActHead7", text="Part 2—Saving and transitional provisions"
[parser-unknown-class] "ItemHead", text="2  Definitions"
[parser-unknown-class] "indenta", text="(a) described in subsection 5(1) of the EPIP Act; and"
[parser-unknown-class] "indenta", text="(b) proposed before the commencement of the new Act to be undertaken; and"
[parser-unknown-class] "indenta", text="(c) for which a proponent was designated under the Administrative Procedures before the commencem..."
[parser-unknown-class] "ItemHead", text="3  Continued application of EPIP Act to some EPIP activities"
[parser-unknown-class] "indenta", text="(a) the EPIP Act had not been repealed; and"
[parser-unknown-class] "indenta", text="(b) the EPIP Act were administered by the Minister administering Part 3 of the new Act."
[parser-unknown-class] "ActHead7", text="Part 3—Consequential amendment of other Acts"
[parser-unknown-class] "ActHead9", text="Aboriginal Land Rights (Northern Territory) Act 1976"
[parser-unknown-class] "ItemHead", text="4  Subsection 11(2)"
[parser-unknown-class] "ActHead9", text="Australian Heritage Commission Act 1975"
[parser-unknown-class] "ItemHead", text="5  Subsection 3(1) (definition of Environment Protection Act)"
[parser-unknown-class] "ItemHead", text="6  Subsection 22(2)"
[parser-unknown-class] "ItemHead", text="7  Subsection 22(4)"
[parser-unknown-class] "ItemHead", text="8  Subsection 23(1)"
[parser-unknown-class] "ItemHead", text="9  Subsection 23(4)"
[parser-unknown-class] "ItemHead", text="10  Subsection 24(3)"
[parser-unknown-class] "ItemHead", text="11  Section 25"
[parser-unknown-class] "ItemHead", text="12  At the end of paragraph 26(3)(a)"
[parser-unknown-class] "ItemHead", text="13  Paragraphs 26(3)(b) and (c)"
[parser-unknown-class] "indenta", text="(b) the Commission has decided not to enter the place in the Register, after complying with subse..."
[parser-unknown-class] "ItemHead", text="14  Section 28"
[parser-unknown-class] "ItemHead", text="15  Section 29"
[parser-unknown-class] "ItemHead", text="16  Subsection 43(1)"
[parser-unknown-class] "Subsection", text="(1) The annual report on the Commission under section 9 of the Commonwealth Authorities and Compa..."
[parser-unknown-class] "ItemHead", text="17  Application"
[parser-unknown-class] "ItemHead", text="18  Section 44"
[parser-unknown-class] "ActHead9", text="Biological Control Act 1984"
[parser-unknown-class] "ItemHead", text="19  At the end of paragraph 19(1)(e)"
[parser-unknown-class] "ItemHead", text="20  Paragraph 19(1)(g)"
[parser-unknown-class] "ItemHead", text="21  Subsections 19(1A) and (2)"
[parser-unknown-class] "ItemHead", text="22  At the end of paragraph 28(1)(e)"
[parser-unknown-class] "ItemHead", text="23  Paragraph 28(1)(f)"
[parser-unknown-class] "ItemHead", text="24  Paragraph 28(1)(g)"
[parser-unknown-class] "ItemHead", text="25  Subsections 28(1A), (2) and (3)"
[parser-unknown-class] "ItemHead", text="26  At the end of paragraph 33(1)(c)"
[parser-unknown-class] "ItemHead", text="27  Paragraph 33(1)(d)"
[parser-unknown-class] "ItemHead", text="28  Paragraph 33(1)(e)"
[parser-unknown-class] "ItemHead", text="29  Subsections 33(1A) and (2)"
[parser-unknown-class] "ItemHead", text="30  At the end of paragraph 56(1)(a)"
[parser-unknown-class] "ItemHead", text="31  Paragraph 56(1)(b)"
[parser-unknown-class] "ItemHead", text="32  Paragraph 56(1)(b)"
[parser-unknown-class] "ItemHead", text="33  At the end of paragraphs 56(1)(c) and (d)"
[parser-unknown-class] "ItemHead", text="34  Paragraph 56(1)(e)"
[parser-unknown-class] "ItemHead", text="35  At the end of paragraph 56(1)(f)"
[parser-unknown-class] "ItemHead", text="36  Paragraph 56(1)(g)"
[parser-unknown-class] "ItemHead", text="37  Paragraph 56(1)(g)"
[parser-unknown-class] "ActHead9", text="Environment Protection (Sea Dumping) Act 1981"
[parser-unknown-class] "ItemHead", text="38  Subsections 19(2), (3), (4) and (4A)"
[parser-unknown-class] "Subsection", text="(2) The Minister must either grant or refuse to grant the permit within 90 days after the applica..."
[parser-unknown-class] "Subsection", text="(3) However, if Subdivision A of Division 4 of Part 11 of the Environment Protection and Biodiver..."
[parser-unknown-class] "indenta", text="(a) 30 days after the day on which the Minister receives advice given under section 163 of that Act;"
[parser-unknown-class] "indenta", text="(b) 90 days after the application is made."
[parser-unknown-class] "Subsection", text="(4) Despite Subdivision A of Division 4 of Part 11 of the Environment Protection and Biodiversity..."
[parser-unknown-class] "ItemHead", text="39  Paragraph 24(2)(a)"
[parser-unknown-class] "ItemHead", text="40  Application"
[parser-unknown-class] "ActHead9", text="Hazardous Waste (Regulation of Exports and Imports) Act 1989"
[parser-unknown-class] "ItemHead", text="41  Section 6"
[parser-unknown-class] "ItemHead", text="42  Section 11"
[parser-unknown-class] "ItemHead", text="43  Subsection 16(5)"
[parser-unknown-class] "Subsection", text="(5) If, within the period specified in subsection (1) (or that period as extended under subsectio..."
[parser-unknown-class] "ItemHead", text="44  Subsection 29(5)"
[parser-unknown-class] "Subsection", text="(5) If, within the period specified in subsection (1) (or that period as extended under subsectio..."
[parser-unknown-class] "ItemHead", text="45  Application"
[parser-unknown-class] "ActHead9", text="Lands Acquisition Act 1989"
[parser-unknown-class] "ItemHead", text="46  Subsection 31(4)"
[parser-unknown-class] "ItemHead", text="47  Section 42"
[parser-unknown-class] "Subsection", text="The Minister may not make a declaration under subsection 41(1) regarding an interest in land that..."
[parser-unknown-class] "ActHead9", text="Resource Assessment Commission Act 1989"
[parser-unknown-class] "ItemHead", text="48  Section 56"
[parser-unknown-class] "ActHead9", text="Sea Installations Act 1987"
[parser-unknown-class] "ItemHead", text="49  After subsection 20(5)"
[parser-unknown-class] "Subsection", text="(5A) However, if Subdivision A of Division 4 of Part 11 of the Environment Protection and Biodive..."
[parser-unknown-class] "ItemHead", text="50  After subsection 26(4)"
[parser-unknown-class] "Subsection", text="(4A) However, if Subdivision A of Division 4 of Part 11 of the Environment Protection and Biodive..."
[parser-unknown-class] "ItemHead", text="51  After subsection 31(3)"
[parser-unknown-class] "Subsection", text="(3A) However, if Subdivision A of Division 4 of Part 11 of the Environment Protection and Biodive..."
[parser-unknown-class] "ItemHead", text="52  Division 5 of Part III"
[parser-unknown-class] "ItemHead", text="53  After subsection 41(5)"
[parser-unknown-class] "Subsection", text="(5A) However, if Subdivision A of Division 4 of Part 11 of the Environment Protection and Biodive..."
[parser-unknown-class] "ItemHead", text="54  Schedule"
[parser-unknown-class] "ItemHead", text="55  Application"
[parser-unknown-class] "ActHead9", text="Telecommunications Act 1997"
[parser-unknown-class] "ItemHead", text="56  Clause 2 of Schedule 3 (definition of Environment Secretary)"
[parser-unknown-class] "ItemHead", text="57  Subclause 28(1) of Schedule 3"
[parser-unknown-class] "Subsection", text="(1) Chapters 2 and 4 and Divisions 1 to 4 (inclusive) of Part 13 of the Environment Protection an..."
[parser-unknown-class] "indenta", text="(a) the performance of a function, or the exercise of a power, conferred on the ACA by this Divis..."
[parser-unknown-class] "indenta", text="(b) an action (as defined in that Act) authorised by a facility installation permit."
[parser-unknown-class] "ActHead9", text="Wildlife Protection (Regulation of Exports and Imports) Act 1982"
[parser-unknown-class] "ItemHead", text="58  Subsections 24(2) and (3)"
[parser-unknown-class] "Subsection", text="(2) The Minister must either grant or refuse to grant the permit within 90 days after the applica..."
[parser-unknown-class] "Subsection", text="(3) However, if Subdivision A of Division 4 of Part 11 of the Environment Protection and Biodiver..."
[parser-unknown-class] "ItemHead", text="59  Application"
[parser-unknown-class] "ActHead6", text="Schedule 4—National Parks and Wildlife Conservation Act 1975: repeal etc."
[parser-unknown-class] "ActHead7", text="Part 1—Repeal"
[parser-unknown-class] "ActHead9", text="National Parks and Wildlife Conservation Act 1975"
[parser-unknown-class] "ItemHead", text="1  The whole of the Act"
[parser-unknown-class] "ActHead7", text="Part 2—Saving and transitional provisions"
[parser-unknown-class] "ItemHead", text="2  Definitions"
[parser-unknown-class] "ItemHead", text="3  Continuation of parks and reserves"
[parser-unknown-class] "Subitem", text="(1) A Proclamation under Part II of the Parks Act of an area as a park or reserve that was in for..."
[parser-unknown-class] "Subitem", text="(2) A Proclamation of an area as a park under the Parks Act continues in force as if it stated th..."
[parser-unknown-class] "indenta", text="(a) the preservation of the area in its natural condition; and"
[parser-unknown-class] "indenta", text="(b) the encouragement and regulation of the appropriate use, appreciation and enjoyment of the ar..."
[parser-unknown-class] "Subitem", text="(3) If, immediately before the commencement of the new Act, an area was proclaimed as a park or r..."
[parser-unknown-class] "Subitem", text="(4) This item does not prevent amendment of the Proclamation by another Proclamation made under D..."
[parser-unknown-class] "Subitem", text="(5) To avoid doubt, paragraphs 357(1)(a) and (2)(a) of the new Act do not apply to a Commonwealth..."
[parser-unknown-class] "Subitem", text="(6) Paragraph 368(3)(a) of the new Act applies in relation to the preparation of a management pla..."
[parser-unknown-class] "ItemHead", text="4  Continuation of plans of management"
[parser-unknown-class] "Subitem", text="(1) A plan of management in force for a park or reserve under Part II of the Parks Act immediatel..."
[parser-unknown-class] "indenta", text="(a) the Minister administering the new Act had approved it under section 370 of that Act; and"
[parser-unknown-class] "indenta", text="(b) it were not required to be laid before each House of the Parliament and were not able to be d..."
[parser-unknown-class] "Subitem", text="(2) However, the plan ceases to have effect on the earlier of the following days (or either of th..."
[parser-unknown-class] "indenta", text="(a) the day it would have ceased to have had effect if the Parks Act had not been repealed;"
[parser-unknown-class] "indenta", text="(b) the day 7 years after the commencement of the new Act."
[parser-unknown-class] "Subitem", text="(3) This item has effect in relation to a plan even if the plan does not comply with section 367 ..."
[parser-unknown-class] "Subitem", text="(4) This item does not prevent amendment of the plan by another management plan approved under Di..."
[parser-unknown-class] "ItemHead", text="5  Continuation of preparation of plans"
[parser-unknown-class] "Subitem", text="(1) If, before the commencement of the new Act:"
[parser-unknown-class] "indenta", text="(a) the Director published a notice under subsection 11(2A) of the Parks Act relating to a park o..."
[parser-unknown-class] "indenta", text="(b) the Minister administering the Parks Act had not accepted under section 11 of the Parks Act a..."
[parser-unknown-class] "Subitem", text="(2) The new Division applies as if paragraph 368(1)(a) and subsection 368(2) were omitted from th..."
[parser-unknown-class] "Subitem", text="(3) If the Director published a notice under subsection 11(10) of the Parks Act after publishing ..."
[parser-unknown-class] "indenta", text="(a) paragraphs 368(1)(b) and (c) and subsection 368(5) were also omitted from the new Act; and"
[parser-unknown-class] "indenta", text="(b) if the date specified in the notice under paragraph 11(10)(b) of the Parks Act has passed—par..."
[parser-unknown-class] "Subitem", text="(4) If subitem (3) does not apply, the new Division applies as if the reference in paragraph 368(..."
[parser-unknown-class] "Subitem", text="(5) If the Director submitted a plan of management for the park or reserve under subsection 11(12..."
[parser-unknown-class] "indenta", text="(a) paragraphs 368(1)(d) and (e) were also omitted from the new Act; and"
[parser-unknown-class] "indenta", text="(b) the plan had been given to the Minister administering the new Division under subsection 370(1..."
[parser-unknown-class] "Subitem", text="(6) If subitem (5) does not apply but subitem (3) does, the new Division applies as if the refere..."
[parser-unknown-class] "Subitem", text="(7) Subitems (1) to (6) (inclusive) do not apply to the preparation of a management plan for a Co..."
[parser-unknown-class] "ItemHead", text="6  Continuation of Boards for parks and reserves"
[parser-unknown-class] "Subitem", text="(1) This item effectively continues in existence each of the following Boards (the old Boards) th..."
[parser-unknown-class] "indenta", text="(a) the Board for the park that was declared under Part II of the Parks Act and assigned the name..."
[parser-unknown-class] "indenta", text="(b) the Board for so much of the reserve declared under Part II of the Parks Act and assigned the..."
[parser-unknown-class] "indenta", text="(c) the Board for the park that was declared under Part II of the Parks Act and assigned the name..."
[parser-unknown-class] "indenta", text="(d) the Board for the park that was declared under Part II of the Parks Act and assigned the name..."
[parser-unknown-class] "Subitem", text="(2) A section 14C notice (as defined in Part IIA of the Parks Act) that was in force immediately ..."
[parser-unknown-class] "indenta", text="(a) it had been published in the Gazette under section 377 of the new Act immediately after that ..."
[parser-unknown-class] "indenta", text="(b) it provided for an additional member of the Board, whose qualification for membership is nomi..."
[parser-unknown-class] "Subitem", text="(3) The Minister administering Division 4 of Part 15 of the new Act must appoint under that Divis..."
[parser-unknown-class] "indenta", text="(a) the Northern Territory nominating the person; or"
[parser-unknown-class] "indenta", text="(b) if the Northern Territory informs that Minister it believes that the members of the Board nom..."
[parser-unknown-class] "Subitem", text="(4) This item does not prevent amendment of the notice under section 378 of the new Act."
[parser-unknown-class] "Subitem", text="(5) For the purposes of the new Act, a person who was a member of an old Board immediately before..."
[parser-unknown-class] "Subitem", text="(6) The person holds office as a member of the Board for so much of the period specified in the i..."
[parser-unknown-class] "ItemHead", text="7  Continuation of town plans"
[parser-unknown-class] "ItemHead", text="8  Continuation of conservation zones"
[parser-unknown-class] "indenta", text="(a) the area; and"
[parser-unknown-class] "indenta", text="(b) the subsoil and seabed (if any) specified in the Proclamation under the area; and"
[parser-unknown-class] "indenta", text="(c) the waters under the sea (if any) in the area;"
[parser-unknown-class] "ItemHead", text="9  Continued appointment of wardens, rangers and wildlife inspectors"
[parser-unknown-class] "SubitemHead", text="Wardens and rangers"
[parser-unknown-class] "Subitem", text="(1) An instrument appointing a person as a warden or ranger that was in force under section 37 of..."
[parser-unknown-class] "SubitemHead", text="Inspectors"
[parser-unknown-class] "Subitem", text="(2) An instrument appointing a person as a wildlife inspector that was in force under section 38A..."
[parser-unknown-class] "SubitemHead", text="Appointments terminated if appointee ceases to be officer of the Department"
[parser-unknown-class] "Subitem", text="(3) A person appointed as a warden, ranger or inspector for the purposes of the new Act because o..."
[parser-unknown-class] "SubitemHead", text="Persons covered by arrangements under section 36 of Parks Act"
[parser-unknown-class] "Subitem", text="(4) If a person was appointed as a warden, ranger or inspector for the purposes of the new Act be..."
[parser-unknown-class] "indenta", text="(a) at the end of the period for which he or she was appointed under the Parks Act, if he or she ..."
[parser-unknown-class] "indenta", text="(b) at the end of the period for which the relevant arrangement under section 36 of the Parks Act..."
[parser-unknown-class] "indenta", text="(c) 6 months after the commencement of the new Act, if neither paragraph (a) nor paragraph (b) ap..."
[parser-unknown-class] "SubitemHead", text="Termination of appointments"
[parser-unknown-class] "Subitem", text="(5) This item does not prevent the revocation of an instrument of appointment."
[parser-unknown-class] "SubitemHead", text="Identity cards for wardens and rangers"
[parser-unknown-class] "Subitem", text="(6) An identity card issued under section 39 of the Parks Act to a person who is appointed as a w..."
[parser-unknown-class] "SubitemHead", text="Identity cards for inspectors"
[parser-unknown-class] "Subitem", text="(7) An identity card issued under section 39 of the Parks Act to a person who is appointed as an ..."
[parser-unknown-class] "ItemHead", text="10  Saving of regulations applied as by‑laws for Aboriginal Land in Jervis Bay Territory"
[parser-unknown-class] "indenta", text="(a) was made under section 52A of the Aboriginal Land Grant (Jervis Bay Territory) Act 1986; and"
[parser-unknown-class] "indenta", text="(b) applied a regulation made under the Parks Act; and"
[parser-unknown-class] "indenta", text="(c) was in force immediately before the commencement of the new Act."
[parser-unknown-class] "ItemHead", text="11  Transitional provision—approved wildlife programs"
[parser-unknown-class] "Subitem", text="(1) In this item:"
[parser-unknown-class] "Subitem", text="(2) So far as a provision of the new Act listed in subitem (3) relates to the taking of an action:"
[parser-unknown-class] "indenta", text="(a) relating to a species that is:"
[parser-unknown-class] "indentii", text="(i) a subject of an approved management program; and"
[parser-unknown-class] "indentii", text="(ii) either listed under the Division of that Act in which the provision occurs or, in the case o..."
[parser-unknown-class] "indenta", text="(b) in a Territory where the program applies;"
[parser-unknown-class] "Subitem", text="(3) Subitem (2) applies in relation to the following provisions of the new Act:"
[parser-unknown-class] "indenta", text="(a) subparagraph 216(3)(b)(ii);"
[parser-unknown-class] "indenta", text="(b) subparagraph 238(3)(b)(ii);"
[parser-unknown-class] "indenta", text="(c) subparagraph 258(3)(b)(ii)."
[parser-unknown-class] "Subitem", text="(4) When taking an action in a Territory where an approved management program applies, a Commonwe..."
[parser-unknown-class] "Subitem", text="(5) This item does not apply in relation to an approved management program for a species after:"
[parser-unknown-class] "indenta", text="(a) a recovery plan for the species has been made or adopted for the species under the new Act; or"
[parser-unknown-class] "indenta", text="(b) a wildlife conservation plan for the species has been made or adopted under section 285 of th..."
[parser-unknown-class] "ActHead7", text="Part 3—Consequential amendment of other Acts"
[parser-unknown-class] "ActHead9", text="Aboriginal Land Grant (Jervis Bay Territory) Act 1986"
[parser-unknown-class] "ItemHead", text="12  Subsection 2(1)"
[parser-unknown-class] "ItemHead", text="13  Subsection 2(1) (definition of Director)"
[parser-unknown-class] "ItemHead", text="14  Subsection 2(1) (definition of Jervis Bay National Park)"
[parser-unknown-class] "ItemHead", text="15  Subsection 9A(1)"
[parser-unknown-class] "ItemHead", text="16  Saving"
[parser-unknown-class] "ItemHead", text="17  Subsections 38(2) and (4)"
[parser-unknown-class] "ItemHead", text="18  Section 38A"
[parser-unknown-class] "ItemHead", text="19  Application"
[parser-unknown-class] "ItemHead", text="20  Section 38C"
[parser-unknown-class] "ItemHead", text="21  Subsection 52A(3)"
[parser-unknown-class] "ItemHead", text="22  Saving of by‑laws applying regulations"
[parser-unknown-class] "indenta", text="(a) was made under section 52A of the Aboriginal Land Grant (Jervis Bay Territory) Act 1986 befor..."
[parser-unknown-class] "indenta", text="(b) applied a regulation made under the National Parks and Wildlife Conservation Act 1975;"
[parser-unknown-class] "ActHead9", text="Aboriginal Land Rights (Northern Territory) Act 1976"
[parser-unknown-class] "ItemHead", text="23  Subsection 3(1) (definition of conservation zone)"
[parser-unknown-class] "ItemHead", text="24  Subsection 3(1) (definition of Director)"
[parser-unknown-class] "ItemHead", text="25  Subsection 3(1) (definition of National Parks Act)"
[parser-unknown-class] "ItemHead", text="26  Subsection 3(1) (definition of park)"
[parser-unknown-class] "ItemHead", text="27  Subsection 10(4)"
[parser-unknown-class] "ItemHead", text="28  Subsection 11(1A)"
[parser-unknown-class] "ItemHead", text="29  Subsection 12(2A)"
[parser-unknown-class] "ItemHead", text="30  Subsections 12(2B) and (2C)"
[parser-unknown-class] "ItemHead", text="31  Saving"
[parser-unknown-class] "ItemHead", text="32  Subsection 12A(1)"
[parser-unknown-class] "ItemHead", text="33  Application provision"
[parser-unknown-class] "ItemHead", text="34  Paragraph 12B(2)(b)"
[parser-unknown-class] "ItemHead", text="35  Subsection 50(1B)"
[parser-unknown-class] "ItemHead", text="36  Subsection 73(1)"
[parser-unknown-class] "ItemHead", text="37  Subsection 73(1)"
[parser-unknown-class] "ActHead9", text="Antarctic Treaty (Environment Protection) Act 1980"
[parser-unknown-class] "ItemHead", text="38  Subsection 7(2)"
[parser-unknown-class] "ItemHead", text="39  Subsection 7(3)"
[parser-unknown-class] "ActHead9", text="Australian Heritage Commission Act 1975"
[parser-unknown-class] "ItemHead", text="40  Section 8"
[parser-unknown-class] "ActHead9", text="Environment Protection (Alligator Rivers Region) Act 1978"
[parser-unknown-class] "ItemHead", text="41  Subsection 3(1) (definition of appointed member)"
[parser-unknown-class] "ItemHead", text="42  Subsection 3(1) (definition of conservation zone)"
[parser-unknown-class] "ItemHead", text="43  Subsection 3(1)"
[parser-unknown-class] "ItemHead", text="44  Subsection 3(1) (at the end of subparagraphs (b)(i) and (ii) of the definition of prescribed ..."
[parser-unknown-class] "ItemHead", text="45  Subsection 3(1) (at the end of subparagraph (b)(iii) of the definition of prescribed instrument)"
[parser-unknown-class] "ItemHead", text="46  Subsection 3(1) (subparagraph (b)(iv) of the definition of prescribed instrument)"
[parser-unknown-class] "indentii", text="(iv) an instrument giving the approval of the Governor‑General under paragraph 355(1)(a) of the E..."
[parser-unknown-class] "ItemHead", text="47  Subsection 5A(2)"
[parser-unknown-class] "Subsection", text="(2) However, the Supervising Scientist does not have the functions described in subsection (1) in..."
[parser-unknown-class] "Subsection", text="(3) Subsection (2) applies whether the Minister gave the direction before or after the commenceme..."
[parser-unknown-class] "ItemHead", text="48  Paragraph 18(1)(b)"
[parser-unknown-class] "ItemHead", text="49  Paragraph 18(1A)(b)"
[parser-unknown-class] "ItemHead", text="50  Subsections 21(3) and (6)"
[parser-unknown-class] "ItemHead", text="51  Paragraph 22C(4)(b)"
[parser-unknown-class] "ItemHead", text="52  Subsection 24A(2)"
[parser-unknown-class] "Subsection", text="(2) However, the Institute does not have the functions described in subsection (1) in relation to..."
[parser-unknown-class] "Subsection", text="(3) Subsection (2) applies whether the Minister gave the direction before or after the commenceme..."
[parser-unknown-class] "ItemHead", text="53  Paragraph 33(a)"
[parser-unknown-class] "ItemHead", text="54  Section 34"
[parser-unknown-class] "Subsection", text="The Supervising Scientist must perform his or her functions and exercise his or her powers in rel..."
[parser-unknown-class] "indenta", text="(a) a management plan in operation for the reserve under Division 4 of Part 15 of the Environment..."
[parser-unknown-class] "indenta", text="(b) a town plan in operation for the township under that Division."
[parser-unknown-class] "ActHead9", text="Environment Protection (Northern Territory Supreme Court) Act 1978"
[parser-unknown-class] "ItemHead", text="55  Section 3 (definition of Director)"
[parser-unknown-class] "ItemHead", text="56  Section 3 (at the end of subparagraphs (b)(i) and (ii) of the definition of prescribed instru..."
[parser-unknown-class] "ItemHead", text="57  Section 3 (at the end of subparagraph (b)(iii) of the definition of prescribed instrument)"
[parser-unknown-class] "ItemHead", text="58  Section 3 (subparagraph (b)(iv) of the definition of prescribed instrument)"
[parser-unknown-class] "indentii", text="(iv) an instrument giving the approval of the Governor‑General under paragraph 355(1)(a) of the E..."
[parser-unknown-class] "ItemHead", text="59  Subsection 4(3)"
[parser-unknown-class] "ActHead9", text="Great Barrier Reef Marine Park Act 1975"
[parser-unknown-class] "ItemHead", text="60  Subsection 3(1) (definition of Director)"
[parser-unknown-class] "ItemHead", text="61  Subsection 3(1) (definition of National Parks Act)"
[parser-unknown-class] "ItemHead", text="62  Subsection 3(1) (definition of reserve)"
[parser-unknown-class] "ItemHead", text="63  Section 39"
[parser-unknown-class] "Subsection", text="The Governor‑General must not make a Proclamation under section 344 of the Environment Protection..."
[parser-unknown-class] "ActHead9", text="Koongarra Project Area Act 1981"
[parser-unknown-class] "ItemHead", text="64  Subsection 3(1)"
[parser-unknown-class] "indenta", text="(a) was made under subsection 7(2) of the National Parks and Wildlife Conservation Act 1975; and"
[parser-unknown-class] "indenta", text="(b) was published in the Gazette on 5 April 1979; and"
[parser-unknown-class] "indenta", text="(c) declared the area specified in the Schedule to the Proclamation to be a park and assigned to ..."
[parser-unknown-class] "indenta", text="(d) was continued in force by Part 2 of Schedule 4 to the Environmental Reform (Consequential Pro..."
[parser-unknown-class] "ItemHead", text="65  Subsection 3(2)"
[parser-unknown-class] "ItemHead", text="66  Subsections 3(3) and (4)"
[parser-unknown-class] "Subsection", text="(3) The Commonwealth reserve declared by the Proclamation described in subsection (1) (as amended..."
[parser-unknown-class] "ActHead9", text="Lands Acquisition Act 1989"
[parser-unknown-class] "ItemHead", text="67  Subsection 124(7) (definition of conservation zone)"
[parser-unknown-class] "ItemHead", text="68  Subsection 124(7) (definition of Gimbat or Goodparla)"
[parser-unknown-class] "ItemHead", text="69  Subsection 124(7) (definition of Northern Territory pastoral lease area)"
[parser-unknown-class] "ItemHead", text="70  Subsection 124(7) (paragraph (b) of the definition of relevant land)"
[parser-unknown-class] "indenta", text="(b) land in a Territory vested in an acquiring authority."
[parser-unknown-class] "ItemHead", text="71  Subsection 124(9)"
[parser-unknown-class] "ItemHead", text="72  Transitional provision"
[parser-unknown-class] "ActHead9", text="Natural Heritage Trust of Australia Act 1997"
[parser-unknown-class] "ItemHead", text="73  Paragraph 45(1)(b)"
[parser-unknown-class] "ActHead9", text="Telecommunications Act 1997"
[parser-unknown-class] "ItemHead", text="74  Subclause 28(3) of Schedule 3"
[parser-unknown-class] "ItemHead", text="75  Subclause 55(11) of Schedule 3"
[parser-unknown-class] "Subsection", text="(11) The ACA must consult the Australian Heritage Commission before giving a direction under subc..."
[parser-unknown-class] "ActHead9", text="Wildlife Protection (Regulation of Exports and Imports) Act 1982"
[parser-unknown-class] "ItemHead", text="76  Subsection 4(1) (definition of Director)"
[parser-unknown-class] "ItemHead", text="77  Subsection 18(1)"
[parser-unknown-class] "Subsection", text="(1) The Secretary to the Department is the Designated Authority until:"
[parser-unknown-class] "indenta", text="(a) an appointment is made under subsection (2); or"
[parser-unknown-class] "indenta", text="(b) the Secretary resigns the office of Designated Authority under subsection (5)."
[parser-unknown-class] "ItemHead", text="78  Saving"
[parser-unknown-class] "Subitem", text="(1) This item applies if a person appointed under subsection 18(2) of the Wildlife Protection (Re..."
[parser-unknown-class] "Subitem", text="(2) The person continues to hold the office at the pleasure of the Minister administering the Wil..."
[parser-unknown-class] "ItemHead", text="79  Paragraph 18(2)(d)"
[parser-unknown-class] "ItemHead", text="80  Paragraph 76A(1)(a)"
[parser-unknown-class] "ActHead6", text="Schedule 5—Whale Protection Act 1980: repeal etc."
[parser-unknown-class] "ActHead7", text="Part 1—Repeal"
[parser-unknown-class] "ActHead9", text="Whale Protection Act 1980"
[parser-unknown-class] "ItemHead", text="1  The whole of the Act"
[parser-unknown-class] "ActHead7", text="Part 2—Saving and transitional provisions"
[parser-unknown-class] "ItemHead", text="2  Definitions"
[parser-unknown-class] "ItemHead", text="3  Continued operation of permits"
[parser-unknown-class] "Subitem", text="(1) Despite the repeal of the Whale Act:"
[parser-unknown-class] "indenta", text="(a) a permit that was issued under that Act and was in force immediately before the repeal of tha..."
[parser-unknown-class] "indenta", text="(b) that Act, and instruments (including regulations and authorities) made under that Act, as in ..."
[parser-unknown-class] "Subitem", text="(2) However, paragraph (1)(b) does not allow the transfer of the permit."
[parser-unknown-class] "ItemHead", text="4  Continued appointment of inspectors"
[parser-unknown-class] "SubitemHead", text="Inspectors"
[parser-unknown-class] "Subitem", text="(1) An instrument appointing a person as an inspector that was in force under section 21 of the W..."
[parser-unknown-class] "SubitemHead", text="Termination of appointments"
[parser-unknown-class] "Subitem", text="(2) This item does not prevent the revocation of an instrument of appointment."
[parser-unknown-class] "SubitemHead", text="Identity cards for inspectors"
[parser-unknown-class] "Subitem", text="(3) An identity card issued under section 23 of the Whale Act to a person who is appointed as an ..."
[parser-unknown-class] "ActHead7", text="Part 3—Consequential amendment of other Acts"
[parser-unknown-class] "ActHead9", text="Antarctic Marine Living Resources Conservation Act 1981"
[parser-unknown-class] "ItemHead", text="5  Section 12"
[parser-unknown-class] "indenta", text="; or (e) the holder of the permit has been found by a court to have contravened a civil penalty p..."
[parser-unknown-class] "indentii", text="(i) Division 1 of Part 3 of that Act; or"
[parser-unknown-class] "indentii", text="(ii) Subdivision A of Division 2 of Part 3 of that Act; or"
[parser-unknown-class] "indentii", text="(iii) Division 2 of Part 9 of that Act; or"
[parser-unknown-class] "indenta", text="(f) the holder of the permit has been convicted of an offence against one or more of the followin..."
[parser-unknown-class] "indentii", text="(i) Division 1 of Part 3;"
[parser-unknown-class] "indentii", text="(ii) Subdivision A of Division 2 of Part 3;"
[parser-unknown-class] "indentii", text="(iii) Division 2 of Part 9;"
[parser-unknown-class] "indentii", text="(iv) Part 13."
[parser-unknown-class] "ActHead7", text="Part 4—Refunds"
[parser-unknown-class] "ItemHead", text="6  Refund of fees relating to permits"
[parser-unknown-class] "SubitemHead", text="Application of this item"
[parser-unknown-class] "Subitem", text="(1) This item applies if, before the commencement of the Environment Protection and Biodiversity ..."
[parser-unknown-class] "indenta", text="(a) a person had paid the fee required by section 19 of the Whale Protection Act 1980 for an appl..."
[parser-unknown-class] "indenta", text="(b) the Minister administering that Act had not decided whether to grant, or to refuse to grant, ..."
[parser-unknown-class] "SubitemHead", text="Applicant entitled to refund"
[parser-unknown-class] "Subitem", text="(2) The Commonwealth must pay the person an amount equal to the fee."
[parser-unknown-class] "SubitemHead", text="This item is not an appropriation"
[parser-unknown-class] "Subitem", text="(3) To avoid doubt, this item does not appropriate money."
[parser-unknown-class] "ActHead6", text="Schedule 6—World Heritage Properties Conservation Act 1983: repeal etc."
[parser-unknown-class] "ActHead7", text="Part 1—Repeal"
[parser-unknown-class] "ActHead9", text="World Heritage Properties Conservation Act 1983"
[parser-unknown-class] "ItemHead", text="1  The whole of the Act"
[parser-unknown-class] "ActHead7", text="Part 2—Saving and transitional provisions"
[parser-unknown-class] "ItemHead", text="2  Definitions"
[parser-unknown-class] "ItemHead", text="3  Continued application of the World Heritage Act and related instruments"
[parser-unknown-class] "SubitemHead", text="General rule"
[parser-unknown-class] "Subitem", text="(1) The World Heritage Act, and all instruments (including regulations, Proclamations and consent..."
[parser-unknown-class] "indenta", text="(a) the Act had not been repealed; and"
[parser-unknown-class] "indenta", text="(b) the Act were administered by the Minister administering Subdivision A of Division 1 of Part 3..."
[parser-unknown-class] "SubitemHead", text="Continued Proclamations and consents may be revoked"
[parser-unknown-class] "Subitem", text="(2) Subitem (1) does not prevent:"
[parser-unknown-class] "indenta", text="(a) the revocation of a Proclamation mentioned in that subitem; or"
[parser-unknown-class] "indenta", text="(b) the variation or revocation of a consent mentioned in that subitem."
[parser-unknown-class] "SubitemHead", text="Limit on making new Proclamations and regulations"
[parser-unknown-class] "Subitem", text="(3) Subitem (1) does not allow:"
[parser-unknown-class] "indenta", text="(a) a Proclamation to be made under section 6, 7 or 8 of the World Heritage Act as it continues t..."
[parser-unknown-class] "indenta", text="(b) regulations to be made for the purposes of section 9, 10 or 11 of the World Heritage Act as i..."
[parser-unknown-class] "SubitemHead", text="New consents can be given"
[parser-unknown-class] "Subitem", text="(4) To avoid doubt, this Schedule does not prevent the giving of a consent under section 9, 10 or..."
[parser-unknown-class] "ItemHead", text="4  Continued appointment of inspectors"
[parser-unknown-class] "SubitemHead", text="Inspectors"
[parser-unknown-class] "Subitem", text="(1) An instrument appointing a person as an inspector that was in force under subsection 17A(1) o..."
[parser-unknown-class] "SubitemHead", text="Termination of appointments"
[parser-unknown-class] "Subitem", text="(2) This item does not prevent the revocation of an instrument of appointment."
[parser-unknown-class] "SubitemHead", text="Identity cards for inspectors"
[parser-unknown-class] "Subitem", text="(3) An identity card issued under subsection 17A(7) of the World Heritage Act to a person who is ..."
[parser-unknown-class] "ActHead7", text="Part 3—Consequential amendment of other Acts"
[parser-unknown-class] "ActHead9", text="Telecommunications Act 1997"
[parser-unknown-class] "ItemHead", text="5  Subparagraph 27(7)(c)(i) of Schedule 3"
[parser-unknown-class] "indentii", text="(i) a declared World Heritage property (as defined in the Environment Protection and Biodiversity..."
[parser-unknown-class] "ItemHead", text="6  Application"
[parser-unknown-class] "ItemHead", text="7  Subparagraph 55(2)(b)(i) of Schedule 3"
[parser-unknown-class] "indentii", text="(i) a declared World Heritage property (as defined in the Environment Protection and Biodiversity..."
[parser-unknown-class] "ItemHead", text="8  Application"
[parser-unknown-class] "ActHead9", text="Wet Tropics of Queensland World Heritage Area Conservation Act 1994"
[parser-unknown-class] "ItemHead", text="9  Section 9"
[parser-unknown-class] "Subsection", text="This Act does not affect the operation of:"
[parser-unknown-class] "indenta", text="(a) the Environment Protection and Biodiversity Conservation Act 1999; or"
[parser-unknown-class] "indenta", text="(b) the World Heritage Properties Conservation Act 1983, so far as it continues to apply to parts..."
[parser-unknown-class] "ActHead6", text="Schedule 7—Other amendments"
[parser-unknown-class] "ActHead9", text="Aboriginal Land Grant (Jervis Bay Territory) Act 1986"
[parser-unknown-class] "ItemHead", text="1  Subsection 2(1)"
[parser-unknown-class] "ItemHead", text="2  Subsection 2(1) (definition of Jervis Bay Botanic Gardens)"
[parser-unknown-class] "ItemHead", text="3  Subsection 53(2)"
[parser-unknown-class] "Subsection", text="(2) Before the Governor‑General makes regulations for the purposes of section 49 in relation to a..."
[parser-unknown-class] "ItemHead", text="4  Transitional—regulations"
[parser-unknown-class] "Subitem", text="(1) Regulations described in subsection 53(2) of the Aboriginal Land Grant (Jervis Bay Territory)..."
[parser-unknown-class] "Subitem", text="(2) Subitem (1) does not prevent the amendment of regulations described in that subitem."
[parser-unknown-class] "ActHead9", text="Airports Act 1996"
[parser-unknown-class] "ItemHead", text="5  After subsection 94(6)"
[parser-unknown-class] "Subsection", text="(6A) However, if the advice of the Minister administering the Environment Protection and Biodiver..."
[parser-unknown-class] "ItemHead", text="6  After subsection 95(3)"
[parser-unknown-class] "Subsection", text="(3A) However, if the advice of the Minister administering the Environment Protection and Biodiver..."
[parser-unknown-class] "ActHead9", text="Environment Protection (Alligator Rivers Region) Act 1978"
[parser-unknown-class] "ItemHead", text="7  Subsection 3(1)"
[parser-unknown-class] "ItemHead", text="8  Subsection 3(1) (definition of environment)"
[parser-unknown-class] "indenta", text="(a) ecosystems and their constituent parts, including people and communities; and"
[parser-unknown-class] "indenta", text="(b) natural and physical resources; and"
[parser-unknown-class] "indenta", text="(c) the qualities and characteristics of locations, places and areas; and"
[parser-unknown-class] "indenta", text="(d) the social, economic and cultural aspects of a thing mentioned in paragraph (a), (b) or (c)."
[parser-unknown-class] "ActHead9", text="Environment Protection (Northern Territory Supreme Court) Act 1978"
[parser-unknown-class] "ItemHead", text="9  Section 3"
[parser-unknown-class] "ItemHead", text="10  Section 3 (definition of environment)"
[parser-unknown-class] "indenta", text="(a) ecosystems and their constituent parts, including people and communities; and"
[parser-unknown-class] "indenta", text="(b) natural and physical resources; and"
[parser-unknown-class] "indenta", text="(c) the qualities and characteristics of locations, places and areas; and"
[parser-unknown-class] "indenta", text="(d) the social, economic and cultural aspects of a thing mentioned in paragraph (a), (b) or (c)."
[parser-unknown-class] "ActHead9", text="Great Barrier Reef Marine Park Act 1975"
[parser-unknown-class] "ItemHead", text="11  Subsections 31(4) and (5)"
[parser-unknown-class] "Subsection", text="(4) Before the Governor‑General makes a Proclamation causing an area in the Great Barrier Reef Re..."
[parser-unknown-class] "indenta", text="(a) that the Proclamation, if made, would be in accordance with a resolution passed by each House..."
[parser-unknown-class] "indenta", text="(b) that notice of the motion was given no less than 15 sitting days of that House before the mot..."
[parser-unknown-class] "Subsection", text="(5) Before the Governor‑General makes a Proclamation, the Minister must consider a report by the ..."
[parser-unknown-class] "ItemHead", text="12  Transitional—Proclamations"
[parser-unknown-class] "ItemHead", text="13  Paragraph 39Y(b)"
[parser-unknown-class] "indenta", text="(b) to ensure management for the recovery and continued protection and conservation of species an..."
[parser-unknown-class] "indentii", text="(i) extinct; or"
[parser-unknown-class] "indentii", text="(ii) extinct in the wild; or"
[parser-unknown-class] "indentii", text="(iii) critically endangered; or"
[parser-unknown-class] "indentii", text="(iv) endangered; or"
[parser-unknown-class] "indentii", text="(v) vulnerable; or"
[parser-unknown-class] "indentii", text="(vi) conservation dependent;"
[parser-unknown-class] "ItemHead", text="14  Saving"
[parser-unknown-class] "ItemHead", text="15  Paragraph 48(2)(a)"
[parser-unknown-class] "ActHead9", text="Hazardous Waste (Regulation of Exports and Imports) Amendment Act 1996"
[parser-unknown-class] "ItemHead", text="16  Item 100 of Schedule 1"
[parser-unknown-class] "ActHead9", text="Ozone Protection Act 1989"
[parser-unknown-class] "ItemHead", text="17  At the end of section 17"
[parser-unknown-class] "Subsection", text="(3) If:"
[parser-unknown-class] "indenta", text="(a) Subdivision A of Division 4 of Part 11 of the Environment Protection and Biodiversity Conserv..."
[parser-unknown-class] "indenta", text="(b) the Minister has not granted the licence at the end of 30 days after he or she received advic..."
[parser-unknown-class] "Subsection", text="(4) Subsections (1) and (2) do not apply in relation to an application for a licence if Subdivisi..."
[parser-unknown-class] "ItemHead", text="18  Application"
[parser-unknown-class] "ActHead9", text="Resource Assessment Commission Act 1989"
[parser-unknown-class] "ItemHead", text="19  Subsection 3(1)"
[parser-unknown-class] "ItemHead", text="20  Subsection 3(1) (definition of environment)"
[parser-unknown-class] "indenta", text="(a) ecosystems and their constituent parts, including people and communities; and"
[parser-unknown-class] "indenta", text="(b) natural and physical resources; and"
[parser-unknown-class] "indenta", text="(c) the qualities and characteristics of locations, places and areas; and"
[parser-unknown-class] "indenta", text="(d) the social, economic and cultural aspects of a thing mentioned in paragraph (a), (b) or (c)."
[parser-unknown-class] "ActHead9", text="Telecommunications Act 1997"
[parser-unknown-class] "ItemHead", text="21  Clause 2 of Schedule 3"
[parser-unknown-class] "ItemHead", text="22  Clause 2 of Schedule 3 (definition of environment)"
[parser-unknown-class] "indenta", text="(a) ecosystems and their constituent parts, including people and communities; and"
[parser-unknown-class] "indenta", text="(b) natural and physical resources; and"
[parser-unknown-class] "indenta", text="(c) the qualities and characteristics of locations, places and areas; and"
[parser-unknown-class] "indenta", text="(d) the social, economic and cultural aspects of a thing mentioned in paragraph (a), (b) or (c)."
[parser-unknown-class] "ItemHead", text="23  Subclause 17(4) of Schedule 3"
[parser-unknown-class] "Subsection", text="(4) The notice must be given at least 10 business days before the carrier begins to engage in the..."
[parser-unknown-class] "Subsection", text="(4A) Despite subclause (4), the notice need be given only 2 business days before the carrier begi..."
[parser-unknown-class] "indenta", text="(a) is not inconsistent with Australia’s obligations under a listed international agreement; and"
[parser-unknown-class] "indenta", text="(b) could not have an effect described in one or more of subparagraphs 27(7)(a)(ii) to (xii) (inc..."
[parser-unknown-class] "indenta", text="(c) will not have an adverse effect on a streetscape or other landscape; and"
[parser-unknown-class] "indenta", text="(d) will not have an impact on a place, area or thing described in paragraph 27(7)(c) or (d) of t..."
[parser-unknown-class] "ItemHead", text="24  Subclauses 17(7) and (8) of Schedule 3"
[parser-unknown-class] "Subsection", text="(7) Subclause (1) does not apply if the carrier intends to engage in an activity under Division 2..."
[parser-unknown-class] "indenta", text="(a) is not inconsistent with Australia’s obligations under a listed international agreement; and"
[parser-unknown-class] "indenta", text="(b) could not have an effect described in one or more of subparagraphs 27(7)(a)(ii) to (xii) (inc..."
[parser-unknown-class] "indenta", text="(c) will not have an adverse effect on a streetscape or other landscape; and"
[parser-unknown-class] "indenta", text="(d) will not have an impact on a place, area or thing described in paragraph 27(7)(c) or (d) of t..."
[parser-unknown-class] "ItemHead", text="25  Application"
[parser-unknown-class] "ItemHead", text="26  At the end of paragraph 27(7)(a) of Schedule 3"
[parser-unknown-class] "indentii", text="or (x) could have an adverse effect on a listed migratory species (as defined in the Environment ..."
[parser-unknown-class] "indentii", text="(xi) will have or is likely to have a significant impact on the environment in a Commonwealth mar..."
[parser-unknown-class] "indentii", text="(xii) will have or is likely to have a significant impact on the environment on Commonwealth land..."
[parser-unknown-class] "ItemHead", text="27  After subparagraph 27(7)(c)(i) of Schedule 3"
[parser-unknown-class] "indentii", text="(ia) a declared Ramsar wetland (as defined in the Environment Protection and Biodiversity Conserv..."
[parser-unknown-class] "ItemHead", text="28  Application"
[parser-unknown-class] "ItemHead", text="29  At the end of paragraph 55(2)(a) of Schedule 3"
[parser-unknown-class] "indentii", text="or (x) could have an adverse effect on a listed migratory species (as defined in the Environment ..."
[parser-unknown-class] "indentii", text="(xi) will have or is likely to have a significant impact on the environment in a Commonwealth mar..."
[parser-unknown-class] "indentii", text="(xii) will have or is likely to have a significant impact on the environment on Commonwealth land..."
[parser-unknown-class] "ItemHead", text="30  After subparagraph 55(2)(b)(i) of Schedule 3"
[parser-unknown-class] "indentii", text="(ia) a declared Ramsar wetland (as defined in the Environment Protection and Biodiversity Conserv..."
[parser-unknown-class] "ItemHead", text="31  Application"
[parser-unknown-class] "ActHead9", text="Wildlife Protection (Regulation of Exports and Imports) Amendment Act 1995"
[parser-unknown-class] "ItemHead", text="32  Item 16 of Schedule 16"
[parser-unknown-class] "ActHead6", text="Schedule 8—Amendments contingent on other Acts commencing"
[parser-unknown-class] "ActHead7", text="Part 1—Amendments relating to Corporate Law Economic Reform Program Act 1999"
[parser-unknown-class] "ActHead9", text="Environment Protection and Biodiversity Conservation Act 1999"
[parser-unknown-class] "ItemHead", text="1  Subsection 514U(2)"
[parser-unknown-class] "Subsection", text="(2) Sections 27G, 27H, 27J and 27K of the Commonwealth Authorities and Companies Act 1997 do not ..."
[parser-unknown-class] "ActHead7", text="Part 2—Amendments relating to Public Service Act 1999"
[parser-unknown-class] "ActHead9", text="Environment Protection and Biodiversity Conservation Act 1999"
[parser-unknown-class] "ItemHead", text="2  Subsection 124(1)"
[parser-unknown-class] "ItemHead", text="3  Subsection 125(1)"
[parser-unknown-class] "ItemHead", text="4  Subsection 514M(1)"
[parser-unknown-class] "ItemHead", text="5  Subsections 516A(1) and (2)"
[parser-unknown-class] "Subsection", text="(1) The Head of an Agency (as defined in the Public Service Act 1999) must ensure that an annual ..."
[parser-unknown-class] "ItemHead", text="6  Subsection 516A(6)"
[parser-unknown-class] "ActHead6", text="Schedule 9—Miscellaneous"
[parser-unknown-class] "ItemHead", text="1  Regulation‑making power"
[parser-unknown-class] "Subitem", text="(1) The Governor‑General may make regulations prescribing matters:"
[parser-unknown-class] "indenta", text="(a) permitted by this Act to be prescribed; or"
[parser-unknown-class] "indenta", text="(b) necessary or convenient to be prescribed for carrying out or giving effect to this Act."
[parser-unknown-class] "Subitem", text="(2) In particular, the regulations may make transitional or saving provisions relating to either ..."
[parser-unknown-class] "indenta", text="(a) the enactment of the Environment Protection and Biodiversity Conservation Act 1999;"
[parser-unknown-class] "indenta", text="(b) the repeal of all or any of the Acts repealed by this Act."
[parser-unknown-class] "Subitem", text="(3) Subitem (2) does not limit subitem (1)."
[parser-unknown-class] "ItemHead", text="2  Compensation for acquisition of property"
[parser-unknown-class] "SubitemHead", text="When compensation is necessary"
[parser-unknown-class] "Subitem", text="(1) If, apart from this item, the operation of this Act would result in an acquisition of propert..."
[parser-unknown-class] "SubitemHead", text="Definition"
[parser-unknown-class] "Subitem", text="(2) In this item:"
[parser-unknown-class] "SubitemHead", text="Court can decide amount of compensation"
[parser-unknown-class] "Subitem", text="(3) If the Commonwealth and the person do not agree on the amount of compensation to be paid, the..."
[parser-unknown-class] "SubitemHead", text="Other compensation to be taken into account"
[parser-unknown-class] "Subitem", text="(4) In assessing compensation payable by the Commonwealth, the Court must take into account any o..."
[parser-unknown-class] "Subitem", text=""
[parser-diag] processed 1190 <p> elements
[parser-diag] last section was added at element index: 994
[parser-diag] state phase at end: BODY
[parser-diag] hierarchy stack depth at end: 1
[parser-diag] insideSchedule at end: false
[parse] sections: 7
[parse] compilation: date=(none) no=(none)
[parse] by level:
         section      7
[db] inserted new legislation row: ac141b68-e3a9-42e3-894b-0eb59209ed7f
[db] inserting 7 sections (pass 1)
[db] inserted 7 sections
[db] linking parent FKs (pass 2)
[db] linked 0 parent references

[done] ingested Environmental Reform (Consequential Provisions) Act 1999
       legislation_id: ac141b68-e3a9-42e3-894b-0eb59209ed7f
       sections: 7
       compilation: 1999-07-16
