[fetch] document_1: https://www.legislation.gov.au/C2004A00024/2021-09-01/2021-09-01/text/original/epub/OEBPS/document_1/document_1.html
[fetch] document_1: 119,321 bytes
[fetch] document_2: https://www.legislation.gov.au/C2004A00024/2021-09-01/2021-09-01/text/original/epub/OEBPS/document_2/document_2.html
[fetch] document_2 not found — stopping. Fetched 1 document(s).
[fetch] combined 1 document(s), 119,321 source bytes → 117,318 combined bytes
[citation] Maternity Leave (Commonwealth Employees) Act 1973 (Cth)
[parse] starting
[parser-diag] total <p> elements found: 447
[parser-diag] processed 447 <p> elements
[parser-diag] last section was added at element index: 192
[parser-diag] state phase at end: ENDNOTES
[parser-diag] hierarchy stack depth at end: 1
[parser-diag] insideSchedule at end: false
[parse] sections: 15
[parse] compilation: date=2021-09-01 no=10
[parse] by level:
         section      15
[db] inserted new legislation row: 0ec8d7be-ab30-46f7-9eca-cd78ec58a12c
[db] inserting 15 sections (pass 1)
[db] inserted 15 sections
[db] linking parent FKs (pass 2)
[db] linked 0 parent references

[done] ingested Maternity Leave (Commonwealth Employees) Act 1973
       legislation_id: 0ec8d7be-ab30-46f7-9eca-cd78ec58a12c
       sections: 15
       compilation: 2021-09-01
