[fetch] document_1: https://www.legislation.gov.au/C2004A00857/2016-07-01/2016-07-01/text/original/epub/OEBPS/document_1/document_1.html
[fetch] document_1: 48,461 bytes
[fetch] document_2: https://www.legislation.gov.au/C2004A00857/2016-07-01/2016-07-01/text/original/epub/OEBPS/document_2/document_2.html
[fetch] document_2 not found — stopping. Fetched 1 document(s).
[fetch] combined 1 document(s), 48,461 source bytes → 46,588 combined bytes
[citation] Import Processing Charges Act 2001 (Cth)
[parse] starting
[parser-diag] total <p> elements found: 229
[parser-diag] processed 229 <p> elements
[parser-diag] last section was added at element index: 84
[parser-diag] state phase at end: ENDNOTES
[parser-diag] hierarchy stack depth at end: 1
[parser-diag] insideSchedule at end: false
[parse] sections: 7
[parse] compilation: date=2016-07-01 no=7
[parse] by level:
         section      7
[db] inserted new legislation row: f5e90463-3999-4a58-bc3d-a987aca1fa00
[db] inserting 7 sections (pass 1)
[db] inserted 7 sections
[db] linking parent FKs (pass 2)
[db] linked 0 parent references

[done] ingested Import Processing Charges Act 2001
       legislation_id: f5e90463-3999-4a58-bc3d-a987aca1fa00
       sections: 7
       compilation: 2016-07-01
