[fetch] document_1: https://www.legislation.gov.au/C2004A01309/2020-07-01/2020-07-01/text/original/epub/OEBPS/document_1/document_1.html
[fetch] document_1: 45,871 bytes
[fetch] document_2: https://www.legislation.gov.au/C2004A01309/2020-07-01/2020-07-01/text/original/epub/OEBPS/document_2/document_2.html
[fetch] document_2 not found — stopping. Fetched 1 document(s).
[fetch] combined 1 document(s), 45,871 source bytes → 43,972 combined bytes
[citation] Medical Indemnity (Run-off Cover Support Payment) Act 2004 (Cth)
[parse] starting
[parser-diag] total <p> elements found: 197
[parser-diag] processed 197 <p> elements
[parser-diag] last section was added at element index: 93
[parser-diag] state phase at end: ENDNOTES
[parser-diag] hierarchy stack depth at end: 1
[parser-diag] insideSchedule at end: false
[parse] sections: 8
[parse] compilation: date=2020-07-01 no=3
[parse] by level:
         section      8
[db] inserted new legislation row: 80c212bf-cd9f-4071-b579-f29046b99636
[db] inserting 8 sections (pass 1)
[db] inserted 8 sections
[db] linking parent FKs (pass 2)
[db] linked 0 parent references

[done] ingested Medical Indemnity (Run-off Cover Support Payment) Act 2004
       legislation_id: 80c212bf-cd9f-4071-b579-f29046b99636
       sections: 8
       compilation: 2020-07-01
