[fetch] document_1: https://www.legislation.gov.au/C2004A04244/2024-10-14/2024-10-14/text/original/epub/OEBPS/document_1/document_1.html
[fetch] document_1: 268,152 bytes
[fetch] document_2: https://www.legislation.gov.au/C2004A04244/2024-10-14/2024-10-14/text/original/epub/OEBPS/document_2/document_2.html
[fetch] document_2 not found — stopping. Fetched 1 document(s).
[fetch] combined 1 document(s), 268,152 source bytes → 266,188 combined bytes
[citation] Australian Hearing Services Act 1991 (Cth)
[parse] starting
[parser-diag] total <p> elements found: 1074
[parser-diag] processed 1074 <p> elements
[parser-diag] last section was added at element index: 667
[parser-diag] state phase at end: ENDNOTES
[parser-diag] hierarchy stack depth at end: 1
[parser-diag] insideSchedule at end: true
[parse] sections: 90
[parse] compilation: date=2024-10-14 no=25
[parse] by level:
         part         8
         section      76
         division     4
         schedule     2
[db] inserted new legislation row: 3480e74d-bc6f-43eb-b26c-622f0b1fc606
[db] inserting 90 sections (pass 1)
[db] inserted 90 sections
[db] linking parent FKs (pass 2)
[db] linked 80 parent references

[done] ingested Australian Hearing Services Act 1991
       legislation_id: 3480e74d-bc6f-43eb-b26c-622f0b1fc606
       sections: 90
       compilation: 2024-10-14
