[fetch] document_1: https://www.legislation.gov.au/C2004A01145/2003-06-30/2003-06-30/text/original/epub/OEBPS/document_1/document_1.html
[fetch] document_1: 22,875 bytes
[fetch] document_2: https://www.legislation.gov.au/C2004A01145/2003-06-30/2003-06-30/text/original/epub/OEBPS/document_2/document_2.html
[fetch] document_2 not found — stopping. Fetched 1 document(s).
[fetch] combined 1 document(s), 22,875 source bytes → 21,760 combined bytes
[citation] HIH Royal Commission (Transfer of Records) Act 2003 (Cth)
[parse] starting
[parser-diag] total <p> elements found: 100
[parser-unknown-class] "2ndRd", text="[Minister’s second reading speech made in—"
[parser-unknown-class] "2ndRd", text="House of Representatives on 18 June 2003"
[parser-unknown-class] "2ndRd", text="Senate on 24 June 2003]"
[parser-diag] processed 100 <p> elements
[parser-diag] last section was added at element index: 85
[parser-diag] state phase at end: BODY
[parser-diag] hierarchy stack depth at end: 1
[parser-diag] insideSchedule at end: false
[parse] sections: 10
[parse] compilation: date=(none) no=(none)
[parse] by level:
         section      10
[db] inserted new legislation row: a6152e83-365a-42ab-b0be-2d707d291497
[db] inserting 10 sections (pass 1)
[db] inserted 10 sections
[db] linking parent FKs (pass 2)
[db] linked 0 parent references

[done] ingested HIH Royal Commission (Transfer of Records) Act 2003
       legislation_id: a6152e83-365a-42ab-b0be-2d707d291497
       sections: 10
       compilation: 2003-06-30
