[fetch] document_1: https://www.legislation.gov.au/C2004A01074/2024-10-14/2024-10-14/text/original/epub/OEBPS/document_1/document_1.html
[fetch] document_1: 317,828 bytes
[fetch] document_2: https://www.legislation.gov.au/C2004A01074/2024-10-14/2024-10-14/text/original/epub/OEBPS/document_2/document_2.html
[fetch] document_2 not found — stopping. Fetched 1 document(s).
[fetch] combined 1 document(s), 317,828 source bytes → 313,782 combined bytes
[citation] Venture Capital Act 2002 (Cth)
[parse] starting
[parser-diag] total <p> elements found: 1029
[parser-unknown-class] "BoxNote", text="Note: Conditional registration becomes important if full registration is achieved. Registration i..."
[parser-diag] processed 1029 <p> elements
[parser-diag] last section was added at element index: 722
[parser-diag] state phase at end: ENDNOTES
[parser-diag] hierarchy stack depth at end: 3
[parser-diag] insideSchedule at end: false
[parse] sections: 76
[parse] compilation: date=2024-10-14 no=10
[parse] by level:
         part         6
         division     12
         section      54
         subdivision  4
[db] inserted new legislation row: e9ed16a0-c731-449a-97ca-c4b4b38aff1a
[db] inserting 76 sections (pass 1)
[db] inserted 76 sections
[db] linking parent FKs (pass 2)
[db] linked 70 parent references

[done] ingested Venture Capital Act 2002
       legislation_id: e9ed16a0-c731-449a-97ca-c4b4b38aff1a
       sections: 76
       compilation: 2024-10-14
