[fetch] document_1: https://www.legislation.gov.au/C2006A00170/2007-04-13/2007-04-13/text/original/epub/OEBPS/document_1/document_1.html
[fetch] document_1: 200,504 bytes
[fetch] document_2: https://www.legislation.gov.au/C2006A00170/2007-04-13/2007-04-13/text/original/epub/OEBPS/document_2/document_2.html
[fetch] document_2 not found — stopping. Fetched 1 document(s).
[fetch] combined 1 document(s), 200,504 source bytes → 198,215 combined bytes
[citation] Anti-Money Laundering and Counter-Terrorism Financing (Transitional Provisions and Consequential Amendments) Act 2006 (Cth)
[parse] starting
[parser-diag] total <p> elements found: 702
[parser-unknown-class] "ActHead6", text="Schedule 1—Amendments"
[parser-unknown-class] "ActHead7", text="Part 1—Amendments"
[parser-unknown-class] "ActHead9", text="Administrative Decisions (Judicial Review) Act 1977"
[parser-unknown-class] "ItemHead", text="1  After paragraph (q) of Schedule 1"
[parser-unknown-class] "ActHead9", text="Anti‑Terrorism Act (No. 2) 2005"
[parser-unknown-class] "ItemHead", text="2  Subsection 2(1) (cell at table item 8, column 2)"
[parser-unknown-class] "ItemHead", text="3  Subsection 2(1) (cell at table item 10, column 2)"
[parser-unknown-class] "ItemHead", text="4  Subsection 2(1) (cell at table item 11, column 2)"
[parser-unknown-class] "ItemHead", text="5  Subsection 2(1) (cell at table item 13, column 2)"
[parser-unknown-class] "ItemHead", text="6  Subsection 2(1) (cell at table item 14, column 2)"
[parser-unknown-class] "ItemHead", text="7  Subsection 2(1) (cell at table item 15, column 2)"
[parser-unknown-class] "ItemHead", text="8  Subsection 2(1) (cell at table item 16, column 2)"
[parser-unknown-class] "ItemHead", text="9  Subsection 2(1) (cell at table item 17, column 2)"
[parser-unknown-class] "ItemHead", text="10  Subsection 2(1) (cell at table item 18, column 2)"
[parser-unknown-class] "ItemHead", text="11  Subsection 2(1) (cell at table item 19, column 2)"
[parser-unknown-class] "ActHead9", text="Australian Securities and Investments Commission Act 2001"
[parser-unknown-class] "ItemHead", text="12  After section 243D"
[parser-unknown-class] "ActHead9", text="Commonwealth Electoral Act 1918"
[parser-unknown-class] "ItemHead", text="13  Subsection 90B(4) (at the end of the table)"
[parser-unknown-class] "ItemHead", text="14  Subsection 90B(10)"
[parser-unknown-class] "ItemHead", text="15  Subsection 90B(10)"
[parser-unknown-class] "ItemHead", text="16  After subsection 91A(2C)"
[parser-unknown-class] "ItemHead", text="17  Subsection 91A(3)"
[parser-unknown-class] "ActHead9", text="Corporations Act 2001"
[parser-unknown-class] "ItemHead", text="18  Paragraph 766B(3)(a)"
[parser-unknown-class] "ActHead9", text="Crimes Act 1914"
[parser-unknown-class] "ItemHead", text="19  Section 85ZL"
[parser-unknown-class] "ItemHead", text="20  Paragraph 85ZZH(h)"
[parser-unknown-class] "ActHead9", text="Criminal Code Act 1995"
[parser-unknown-class] "ItemHead", text="21  Subsection 400.1(1) of the Criminal Code"
[parser-unknown-class] "ItemHead", text="22  Subsection 400.1(1) of the Criminal Code"
[parser-unknown-class] "ItemHead", text="23  Subsection 400.1(1) of the Criminal Code"
[parser-unknown-class] "ItemHead", text="24  Subsection 400.1(1) of the Criminal Code"
[parser-unknown-class] "ItemHead", text="25  Subsection 400.1(1) of the Criminal Code"
[parser-unknown-class] "ItemHead", text="26  Subsection 400.1(1) of the Criminal Code"
[parser-unknown-class] "ItemHead", text="27  Subsection 400.1(1) of the Criminal Code"
[parser-unknown-class] "ItemHead", text="28  Subsection 400.1(1) of the Criminal Code"
[parser-unknown-class] "ItemHead", text="29  At the end of section 400.1 of the Criminal Code"
[parser-unknown-class] "ItemHead", text="30  Paragraph 400.2(1)(b) of the Criminal Code"
[parser-unknown-class] "ItemHead", text="31  Subsections 400.2(3) and (4) of the Criminal Code"
[parser-unknown-class] "ItemHead", text="32  Paragraph 400.9(1)(b) of the Criminal Code"
[parser-unknown-class] "ItemHead", text="33  After subparagraph 400.9(1)(b)(i) of the Criminal Code"
[parser-unknown-class] "ItemHead", text="34  After paragraph 400.9(2)(a) of the Criminal Code"
[parser-unknown-class] "ItemHead", text="35  After paragraph 400.9(2)(b) of the Criminal Code"
[parser-unknown-class] "ItemHead", text="36  After paragraph 400.9(2)(d) of the Criminal Code"
[parser-unknown-class] "ItemHead", text="37  At the end of section 400.9 of the Criminal Code"
[parser-unknown-class] "ItemHead", text="38  At the end of section 400.11 of the Criminal Code"
[parser-unknown-class] "ActHead9", text="Financial Management and Accountability Regulations 1997"
[parser-unknown-class] "ItemHead", text="39  Part 1 of Schedule 1 (table item 104)"
[parser-unknown-class] "ActHead9", text="Financial Transaction Reports Act 1988"
[parser-unknown-class] "ItemHead", text="40  Title"
[parser-unknown-class] "ItemHead", text="41  Subsection 3(1) (definition of approved)"
[parser-unknown-class] "ItemHead", text="42  Subsection 3(1) (definition of approved cash carrier)"
[parser-unknown-class] "ItemHead", text="44  Subsection 3(1) (definition of AUSTRAC)"
[parser-unknown-class] "ItemHead", text="45  Subsection 3(1)"
[parser-unknown-class] "ItemHead", text="46  Subsection 3(1) (definition of Centrelink officer)"
[parser-unknown-class] "ItemHead", text="47  Subsection 3(1) (definition of Child Support Agency)"
[parser-unknown-class] "ItemHead", text="48  Subsection 3(1)"
[parser-unknown-class] "ItemHead", text="49  Subsection 3(1) (definition of CSA officer)"
[parser-unknown-class] "ItemHead", text="50  Subsection 3(1)"
[parser-unknown-class] "ItemHead", text="51  Subsection 3(1)"
[parser-unknown-class] "ItemHead", text="52  Subsection 3(1) (definition of Director)"
[parser-unknown-class] "ItemHead", text="53  Subsection 3(1) (definition of FTR information)"
[parser-unknown-class] "ItemHead", text="54  Subsection 3(1) (definition of Inter‑Governmental Committee)"
[parser-unknown-class] "ItemHead", text="55  Subsection 3(1) (definition of member of the staff of the Police Integrity Commission)"
[parser-unknown-class] "ItemHead", text="56  Subsection 3(1) (at the end of the definition of non‑reportable cash transaction)"
[parser-unknown-class] "ItemHead", text="57  Subsection 3(1) (definition of Police Integrity Commission)"
[parser-unknown-class] "ItemHead", text="58  Subsection 3(1) (definition of prescribed particulars)"
[parser-unknown-class] "ItemHead", text="59  Subsection 3(1)"
[parser-unknown-class] "ItemHead", text="60  Subsection 3(1) (definition of Royal Commission)"
[parser-unknown-class] "ItemHead", text="61  Subsection 3(1) (definition of Royal Commission into the New South Wales Police Service)"
[parser-unknown-class] "ItemHead", text="62  Paragraph 7(1)(b)"
[parser-unknown-class] "ItemHead", text="63  At the end of subsection 7(1)"
[parser-unknown-class] "ItemHead", text="64  Subsections 7(2) and (3)"
[parser-unknown-class] "ItemHead", text="65  Subsection 8(1)"
[parser-unknown-class] "ItemHead", text="66  Subsections 8A(1), (2), (4), (5) and (7)"
[parser-unknown-class] "ItemHead", text="67  Subsection 9(2)"
[parser-unknown-class] "ItemHead", text="68  After subsection 11(2)"
[parser-unknown-class] "ItemHead", text="69  Subsections 11(3) and (4)"
[parser-unknown-class] "ItemHead", text="70  Subsections 13(1), (2), (5) and (6)"
[parser-unknown-class] "ItemHead", text="71  After subsection 15(1A)"
[parser-unknown-class] "ItemHead", text="72  After subsection 15(5A)"
[parser-unknown-class] "ItemHead", text="73  Subparagraph 15(7)(d)(ii)"
[parser-unknown-class] "ItemHead", text="74  Subsection 15(8)"
[parser-unknown-class] "ItemHead", text="75  Subsection 15A(1)"
[parser-unknown-class] "ItemHead", text="76  Paragraph 15A(1)(b)"
[parser-unknown-class] "ItemHead", text="77  Subsection 15A(3)"
[parser-unknown-class] "ItemHead", text="78  After subsection 15A(3)"
[parser-unknown-class] "ItemHead", text="79  Subsections 15AA(1) and (5)"
[parser-unknown-class] "ItemHead", text="80  Subsection 16(1)"
[parser-unknown-class] "ItemHead", text="81  Paragraph 16(1)(d)"
[parser-unknown-class] "ItemHead", text="82  Subsection 16(1A)"
[parser-unknown-class] "ItemHead", text="83  Paragraph 16(1A)(d)"
[parser-unknown-class] "ItemHead", text="84  Subsections 16(3) and (4)"
[parser-unknown-class] "ItemHead", text="85  After subsection 16(4)"
[parser-unknown-class] "ItemHead", text="86  Subsection 16(5A)"
[parser-unknown-class] "ItemHead", text="87  Subparagraph 16(5D)(b)(ii)"
[parser-unknown-class] "ItemHead", text="88  Paragraph 17B(1)(a)"
[parser-unknown-class] "ItemHead", text="89  Subsections 17B(3) and (4)"
[parser-unknown-class] "ItemHead", text="90  Paragraph 17FA(1)(a)"
[parser-unknown-class] "ItemHead", text="91  Paragraph 17FB(1)(a)"
[parser-unknown-class] "ItemHead", text="92  Subsections 17FB(2) and (4)"
[parser-unknown-class] "ItemHead", text="93  Subsection 18(1)"
[parser-unknown-class] "ItemHead", text="94  After subsection 18(1)"
[parser-unknown-class] "ItemHead", text="95  Subsections 18(2), (2A), (8) and (8A)"
[parser-unknown-class] "ItemHead", text="96  Subsections 19(1), (2), (3) and (4)"
[parser-unknown-class] "ItemHead", text="97  Subsection 19(5)"
[parser-unknown-class] "ItemHead", text="98  Paragraphs 20(1)(a) and (b)"
[parser-unknown-class] "ItemHead", text="99  Subparagraph 20A(1)(b)(ii)"
[parser-unknown-class] "ItemHead", text="100  Subsection 21A(1)"
[parser-unknown-class] "ItemHead", text="101  After subsection 21A(1)"
[parser-unknown-class] "ItemHead", text="102  Subsection 22(1)"
[parser-unknown-class] "ItemHead", text="103  Subsection 22(1)"
[parser-unknown-class] "ItemHead", text="104  Subsection 23(1)"
[parser-unknown-class] "ItemHead", text="105  Subparagraph 23A(6)(c)(ii)"
[parser-unknown-class] "ItemHead", text="106  Subparagraph 23B(5)(c)(ii)"
[parser-unknown-class] "ItemHead", text="107  Subsection 24(5)"
[parser-unknown-class] "ItemHead", text="108  At the end of section 24"
[parser-unknown-class] "ItemHead", text="109  Section 24B"
[parser-unknown-class] "ItemHead", text="110  Subsection 24C(1)"
[parser-unknown-class] "ItemHead", text="111  Paragraph 24C(2)(b)"
[parser-unknown-class] "ItemHead", text="112  Subsection 24D(1)"
[parser-unknown-class] "ItemHead", text="113  Part IIIB"
[parser-unknown-class] "ItemHead", text="114  Part IV"
[parser-unknown-class] "ItemHead", text="115  Section 27A"
[parser-unknown-class] "ItemHead", text="116  Subsections 27B(1) and (2)"
[parser-unknown-class] "ItemHead", text="117  Subparagraph 27C(2)(d)(ii)"
[parser-unknown-class] "ItemHead", text="118  Subparagraph 27D(2)(d)(ii)"
[parser-unknown-class] "ItemHead", text="119  Subsection 27E(1)"
[parser-unknown-class] "ItemHead", text="120  Paragraph 28(1)(a)"
[parser-unknown-class] "ItemHead", text="121  Paragraph 28(3)(a)"
[parser-unknown-class] "ItemHead", text="122  Subsection 29(1)"
[parser-unknown-class] "ItemHead", text="123  Subsection 29(2A)"
[parser-unknown-class] "ItemHead", text="124  Subsection 30(1)"
[parser-unknown-class] "ItemHead", text="125  Subsection 30(3)"
[parser-unknown-class] "ItemHead", text="126  Subsection 32(1)"
[parser-unknown-class] "ItemHead", text="127  Subsection 33(1)"
[parser-unknown-class] "ItemHead", text="128  Subsection 33(2)"
[parser-unknown-class] "ItemHead", text="129  Subsection 33AA(1)"
[parser-unknown-class] "ItemHead", text="130  Subsection 33AA(2)"
[parser-unknown-class] "ItemHead", text="131  Sections 35, 36, 36A, 36B and 37"
[parser-unknown-class] "ItemHead", text="132  Subsection 38(1)"
[parser-unknown-class] "ItemHead", text="133  Paragraphs 38(1)(a) and (ab)"
[parser-unknown-class] "ItemHead", text="134  At the end of paragraphs 38(1)(b) and (c)"
[parser-unknown-class] "ItemHead", text="135  Subsection 38(2)"
[parser-unknown-class] "ItemHead", text="136  Paragraph 38(2)(a)"
[parser-unknown-class] "ItemHead", text="137  Subsection 38(3)"
[parser-unknown-class] "ItemHead", text="138  Paragraph 38(3)(a)"
[parser-unknown-class] "ItemHead", text="139  Paragraph 38(3)(d)"
[parser-unknown-class] "ItemHead", text="140  Subsection 38(4)"
[parser-unknown-class] "ItemHead", text="141  At the end of section 38"
[parser-unknown-class] "ItemHead", text="142  Sections 39, 40, 40A and 40B"
[parser-unknown-class] "ItemHead", text="143  Section 40C (definition of financial transaction document)"
[parser-unknown-class] "ItemHead", text="144  Section 40D (paragraph (a) of the definition of customer‑generated financial transaction doc..."
[parser-unknown-class] "ItemHead", text="145  Section 42"
[parser-unknown-class] "ItemHead", text="146  Schedule 1"
[parser-unknown-class] "ActHead9", text="Financial Transaction Reports Amendment Act 2006"
[parser-unknown-class] "ItemHead", text="147  Subsection 2(1) (cell at table item 2, column 2)"
[parser-unknown-class] "ActHead9", text="Freedom of Information Act 1982"
[parser-unknown-class] "ItemHead", text="148  Division 1 of Part II of Schedule 2 (at the end of the item dealing with the Australian Tran..."
[parser-unknown-class] "ActHead9", text="Inspector‑General of Intelligence and Security Act 1986"
[parser-unknown-class] "ItemHead", text="149  Subsection 22(3)"
[parser-unknown-class] "ItemHead", text="150  Section 25A (note)"
[parser-unknown-class] "ActHead9", text="Law Enforcement Integrity Commissioner Act 2006"
[parser-unknown-class] "ItemHead", text="151  Subsection 5(1) (paragraph (a) of the definition of law enforcement secrecy provision)"
[parser-unknown-class] "ActHead9", text="Privacy Act 1988"
[parser-unknown-class] "ItemHead", text="152  Before subsection 6E(1)"
[parser-unknown-class] "ActHead9", text="Proceeds of Crime Act 2002"
[parser-unknown-class] "ItemHead", text="153  Subsection 29(3)"
[parser-unknown-class] "ItemHead", text="154  Paragraph 223(4)(b)"
[parser-unknown-class] "ItemHead", text="155  At the end of Part 6‑1"
[parser-unknown-class] "ItemHead", text="156  Section 338 (definition of AUSTRAC)"
[parser-unknown-class] "ItemHead", text="157  Section 338 (after paragraph (e) of the definition of serious offence)"
[parser-unknown-class] "ActHead9", text="Surveillance Devices Act 2004"
[parser-unknown-class] "ItemHead", text="158  Subsection 6(1) (after paragraph (c) of the definition of relevant offence)"
[parser-unknown-class] "ActHead7", text="Part 2—Transitional provisions"
[parser-unknown-class] "ItemHead", text="159  Instrument of appointment—AUSTRAC CEO"
[parser-unknown-class] "Subitem", text="(1) This item applies to an instrument of appointment that:"
[parser-unknown-class] "Subitem", text="(2) If the person who held office as Director of AUSTRAC immediately before the commencement of t..."
[parser-unknown-class] "Subitem", text="(3) This item does not limit section 25B of the Acts Interpretation Act 1901."
[parser-unknown-class] "ItemHead", text="160  Terms and conditions of appointment—AUSTRAC CEO"
[parser-unknown-class] "Subitem", text="(1) This item applies to an instrument that:"
[parser-unknown-class] "Subitem", text="(2) If the person who held office as Director of AUSTRAC immediately before the commencement of t..."
[parser-unknown-class] "Subitem", text="(3) This item does not limit section 25B of the Acts Interpretation Act 1901."
[parser-unknown-class] "ItemHead", text="161  Acting appointments"
[parser-unknown-class] "Subitem", text="(1) This item applies to an instrument of appointment that:"
[parser-unknown-class] "Subitem", text="(2) The instrument has effect, after the commencement of this item, as if:"
[parser-unknown-class] "Subitem", text="(3) This item does not limit section 25B of the Acts Interpretation Act 1901."
[parser-unknown-class] "ItemHead", text="162  Leave—AUSTRAC CEO"
[parser-unknown-class] "Subitem", text="(1) This item applies to an instrument that:"
[parser-unknown-class] "Subitem", text="(2) If the person who held office as Director of AUSTRAC immediately before the commencement of t..."
[parser-unknown-class] "Subitem", text="(3) This item does not limit section 25B of the Acts Interpretation Act 1901."
[parser-unknown-class] "ItemHead", text="163  Delegations"
[parser-unknown-class] "Subitem", text="(1) This item applies to an instrument of delegation that:"
[parser-unknown-class] "Subitem", text="(2) The instrument has effect, after the commencement of this item, as if:"
[parser-unknown-class] "Subitem", text="(3) This item does not limit section 25B of the Acts Interpretation Act 1901."
[parser-unknown-class] "ItemHead", text="164  Consultants"
[parser-unknown-class] "Subitem", text="(1) This item applies to an agreement or determination that:"
[parser-unknown-class] "Subitem", text="(2) The agreement or determination has effect, after the commencement of this item, as if:"
[parser-unknown-class] "Subitem", text="(3) This item does not limit section 25B of the Acts Interpretation Act 1901."
[parser-unknown-class] "ItemHead", text="165  Transitional regulations"
[parser-diag] processed 702 <p> elements
[parser-diag] last section was added at element index: 617
[parser-diag] state phase at end: BODY
[parser-diag] hierarchy stack depth at end: 1
[parser-diag] insideSchedule at end: false
[parse] sections: 5
[parse] compilation: date=(none) no=(none)
[parse] by level:
         section      5
[db] inserted new legislation row: 6d5c99e0-d640-431a-9e9c-3f125c28cf8e
[db] inserting 5 sections (pass 1)
[db] inserted 5 sections
[db] linking parent FKs (pass 2)
[db] linked 0 parent references

[done] ingested Anti-Money Laundering and Counter-Terrorism Financing (Transitional Provisions and Consequential Amendments) Act 2006
       legislation_id: 6d5c99e0-d640-431a-9e9c-3f125c28cf8e
       sections: 5
       compilation: 2007-04-13
