[fetch] document_1: https://www.legislation.gov.au/C2004A01216/2026-03-27/2026-03-27/text/original/epub/OEBPS/document_1/document_1.html
[fetch] document_1: 1,387,639 bytes
[fetch] document_2: https://www.legislation.gov.au/C2004A01216/2026-03-27/2026-03-27/text/original/epub/OEBPS/document_2/document_2.html
[fetch] document_2 not found — stopping. Fetched 1 document(s).
[fetch] combined 1 document(s), 1,387,639 source bytes → 1,385,037 combined bytes
[citation] Maritime Transport and Offshore Facilities Security Act 2003 (Cth)
[parse] starting
[parser-diag] total <p> elements found: 5245
[parser-diag] processed 5245 <p> elements
[parser-diag] last section was added at element index: 4199
[parser-diag] state phase at end: ENDNOTES
[parser-diag] hierarchy stack depth at end: 2
[parser-diag] insideSchedule at end: false
[parse] sections: 381
[parse] compilation: date=2026-03-27 no=31
[parse] by level:
         part         15
         division     73
         section      293
[db] inserted new legislation row: f83b29b1-0af8-4b29-bd19-ffcb151614df
[db] inserting 381 sections (pass 1)
[db] inserted 381 sections
[db] linking parent FKs (pass 2)
[db] linked 366 parent references

[done] ingested Maritime Transport and Offshore Facilities Security Act 2003
       legislation_id: f83b29b1-0af8-4b29-bd19-ffcb151614df
       sections: 381
       compilation: 2026-03-27
