[fetch] document_1: https://www.legislation.gov.au/C2004A02969/2011-09-16/2011-09-16/text/original/epub/OEBPS/document_1/document_1.html
[fetch] document_1: 41,914 bytes
[fetch] document_2: https://www.legislation.gov.au/C2004A02969/2011-09-16/2011-09-16/text/original/epub/OEBPS/document_2/document_2.html
[fetch] document_2 not found — stopping. Fetched 1 document(s).
[fetch] combined 1 document(s), 41,914 source bytes → 40,786 combined bytes
[citation] National Crime Authority (Status and Rights of Former Chairman) Act 1984 (Cth)
[parse] starting
[parser-diag] total <p> elements found: 135
[parser-unknown-class] "ActNotesa", text="(a) The Crimes Legislation Amendment Act (No. 2) 1988 was amended by Part VII (sections 25–27) on..."
[parser-unknown-class] "ActNotes1", text="(4) Part VII shall be taken to have commenced on 15 June 1988."
[parser-diag] processed 135 <p> elements
[parser-diag] last section was added at element index: 66
[parser-diag] state phase at end: BODY
[parser-diag] hierarchy stack depth at end: 1
[parser-diag] insideSchedule at end: false
[parse] sections: 8
[parse] compilation: date=(none) no=(none)
[parse] by level:
         section      8
[db] inserted new legislation row: 9221fbcf-a994-4089-835d-bd89b3e9204c
[db] inserting 8 sections (pass 1)
[db] inserted 8 sections
[db] linking parent FKs (pass 2)
[db] linked 0 parent references

[done] ingested National Crime Authority (Status and Rights of Former Chairman) Act 1984
       legislation_id: 9221fbcf-a994-4089-835d-bd89b3e9204c
       sections: 8
       compilation: 2011-09-16
