[fetch] document_1: https://www.legislation.gov.au/C2004A00446/2026-01-01/2026-01-01/text/original/epub/OEBPS/document_1/document_1.html
[fetch] document_1: 2,264,626 bytes
[fetch] document_2: https://www.legislation.gov.au/C2004A00446/2026-01-01/2026-01-01/text/original/epub/OEBPS/document_2/document_2.html
[fetch] document_2: 2,189,356 bytes
[fetch] document_3: https://www.legislation.gov.au/C2004A00446/2026-01-01/2026-01-01/text/original/epub/OEBPS/document_3/document_3.html
[fetch] document_3 not found — stopping. Fetched 2 document(s).
[fetch] combined 2 document(s), 4,453,982 source bytes → 4,410,027 combined bytes
[citation] A (Cth)
[parse] starting
[parser-diag] total <p> elements found: 14143
[parser-unknown-class] "TofSectsHeading", text="Table of Subdivisions"
[parser-unknown-class] "TofSectsSubdiv", text="9‑A What are taxable supplies?"
[parser-unknown-class] "TofSectsSubdiv", text="9‑B Who is liable for GST on taxable supplies?"
[parser-unknown-class] "TofSectsSubdiv", text="9‑C How much GST is payable on taxable supplies?"
[parser-unknown-class] "BoxNote", text="Note: Subsection (4) gives further details of this rounding."
[parser-unknown-class] "TofSectsHeading", text="Table of Subdivisions"
[parser-unknown-class] "TofSectsSubdiv", text="19‑A Adjustment events"
[parser-unknown-class] "TofSectsSubdiv", text="19‑B Adjustments for supplies"
[parser-unknown-class] "TofSectsSubdiv", text="19‑C Adjustments for acquisitions"
[parser-unknown-class] "TofSectsHeading", text="Table of Subdivisions"
[parser-unknown-class] "TofSectsSubdiv", text="25‑A How you become registered"
[parser-unknown-class] "TofSectsSubdiv", text="25‑B How your registration can be cancelled"
[parser-unknown-class] "TofSectsHeading", text="Table of Subdivisions"
[parser-unknown-class] "TofSectsSubdiv", text="29‑A The attribution rules"
[parser-unknown-class] "TofSectsSubdiv", text="29‑B Accounting on a cash basis"
[parser-unknown-class] "TofSectsSubdiv", text="29‑C Tax invoices and adjustment notes"
[parser-unknown-class] "TofSectsHeading", text="Table of Subdivisions"
[parser-unknown-class] "TofSectsSubdiv", text="38‑A Food"
[parser-unknown-class] "TofSectsSubdiv", text="38‑B Health"
[parser-unknown-class] "TofSectsSubdiv", text="38‑C Education"
[parser-unknown-class] "TofSectsSubdiv", text="38‑D Child care"
[parser-unknown-class] "TofSectsSubdiv", text="38‑E Exports and other cross‑border supplies"
[parser-unknown-class] "TofSectsSubdiv", text="38‑F Religious services"
[parser-unknown-class] "TofSectsSubdiv", text="38‑G Activities of charities etc."
[parser-unknown-class] "TofSectsSubdiv", text="38‑I Water, sewerage and drainage"
[parser-unknown-class] "TofSectsSubdiv", text="38‑J Supplies of going concerns"
[parser-unknown-class] "TofSectsSubdiv", text="38‑K Transport and related matters"
[parser-unknown-class] "TofSectsSubdiv", text="38‑L Precious metals"
[parser-unknown-class] "TofSectsSubdiv", text="38‑M Supplies through inwards duty free shops"
[parser-unknown-class] "TofSectsSubdiv", text="38‑N Grants of land by governments"
[parser-unknown-class] "TofSectsSubdiv", text="38‑O Farm land"
[parser-unknown-class] "TofSectsSubdiv", text="38‑P Cars for use by disabled people"
[parser-unknown-class] "TofSectsSubdiv", text="38‑Q International Mail"
[parser-unknown-class] "TofSectsSubdiv", text="38‑R Telecommunication supplies made under arrangements for global roaming in Australia"
[parser-unknown-class] "TofSectsSubdiv", text="38‑S Eligible emissions units"
[parser-unknown-class] "TofSectsSubdiv", text="38‑T Inbound intangible consumer supplies"
[parser-unknown-class] "TofSectsHeading", text="Table of Subdivisions"
[parser-unknown-class] "TofSectsSubdiv", text="40‑A Financial supplies"
[parser-unknown-class] "TofSectsSubdiv", text="40‑B Residential rent"
[parser-unknown-class] "TofSectsSubdiv", text="40‑C Residential premises"
[parser-unknown-class] "TofSectsSubdiv", text="40‑D Precious metals"
[parser-unknown-class] "TofSectsSubdiv", text="40‑E School tuckshops and canteens"
[parser-unknown-class] "TofSectsSubdiv", text="40‑F Fund‑raising events conducted by charities etc."
[parser-unknown-class] "TofSectsSubdiv", text="40‑G Inbound intangible consumer supplies"
[parser-unknown-class] "SOBulletNote", text="For the basic rules about non‑taxable importations, see sections 13‑10 and 13‑25."
[parser-unknown-class] "TofSectsHeading", text="Table of Subdivisions"
[parser-unknown-class] "TofSectsSubdiv", text="48‑A Formation and membership of GST groups"
[parser-unknown-class] "TofSectsSubdiv", text="48‑B Consequences of GST groups"
[parser-unknown-class] "TofSectsSubdiv", text="48‑C Administrative matters"
[parser-unknown-class] "TofSectsSubdiv", text="48‑D Ceasing to be a member of a GST group"
[parser-unknown-class] "TofSectsHeading", text="Table of Subdivisions"
[parser-unknown-class] "TofSectsSubdiv", text="49‑A Approval of GST religious groups"
[parser-unknown-class] "TofSectsSubdiv", text="49‑B Consequences of approval of GST religious groups"
[parser-unknown-class] "TofSectsSubdiv", text="49‑C Administrative matters"
[parser-unknown-class] "TofSectsHeading", text="Table of sections"
[parser-unknown-class] "TofSectsSection", text="50‑5 GST treatment of religious practitioners"
[parser-unknown-class] "TofSectsHeading", text="Table of Subdivisions"
[parser-unknown-class] "TofSectsSubdiv", text="51‑A Formation of and participation in GST joint ventures"
[parser-unknown-class] "TofSectsSubdiv", text="51‑B Consequences of GST joint ventures"
[parser-unknown-class] "TofSectsSubdiv", text="51‑C Administrative matters"
[parser-unknown-class] "TofSectsSubdiv", text="51‑D Ceasing to be a participant in, or an operator of, a GST joint venture"
[parser-unknown-class] "TofSectsHeading", text="Table of Subdivisions"
[parser-unknown-class] "TofSectsSubdiv", text="54‑A Registration of GST branches"
[parser-unknown-class] "TofSectsSubdiv", text="54‑B Consequences of registration of GST branches"
[parser-unknown-class] "TofSectsSubdiv", text="54‑C Cancellation of registration of GST branches"
[parser-unknown-class] "TofSectsHeading", text="Table of Subdivisions"
[parser-unknown-class] "TofSectsSubdiv", text="66‑A Input tax credits for acquiring second‑hand goods"
[parser-unknown-class] "TofSectsSubdiv", text="66‑B Acquisitions of second‑hand goods that are divided for re‑supply"
[parser-unknown-class] "TofSectsHeading", text="Table of Subdivisions"
[parser-unknown-class] "TofSectsSubdiv", text="69‑A Non‑deductible expenses generally"
[parser-unknown-class] "TofSectsSubdiv", text="69‑B Elections for GST purposes relating to meal entertainment and entertainment facilities"
[parser-unknown-class] "TofSectsHeading", text="Table of Subdivisions"
[parser-unknown-class] "TofSectsSubdiv", text="72‑A Supplies without consideration"
[parser-unknown-class] "TofSectsSubdiv", text="72‑B Acquisitions without consideration"
[parser-unknown-class] "TofSectsSubdiv", text="72‑C Supplies for inadequate consideration"
[parser-unknown-class] "TofSectsSubdiv", text="72‑D Application of this Division to certain sub‑entities"
[parser-unknown-class] "TofSectsHeading", text="Table of Subdivisions"
[parser-unknown-class] "TofSectsSubdiv", text="78‑A Insurers"
[parser-unknown-class] "TofSectsSubdiv", text="78‑B Insured entities etc."
[parser-unknown-class] "TofSectsSubdiv", text="78‑C Third parties"
[parser-unknown-class] "TofSectsSubdiv", text="78‑D Insured entities that are not registered etc."
[parser-unknown-class] "TofSectsSubdiv", text="78‑E Statutory compensation schemes"
[parser-unknown-class] "TofSectsSubdiv", text="78‑F Miscellaneous"
[parser-unknown-class] "BoxStep", text="Step 1. Add together:"
[parser-unknown-class] "BoxStep", text="Step 2. If any payments of excess were made to the insurer under the *insurance policy in questio..."
[parser-unknown-class] "BoxStep", text="Step 3. Multiply the step 1 amount, or (if step 2 applies) the step 2 amount, by the following:"
[parser-unknown-class] "BoxStep", text=""
[parser-unknown-class] "BoxStep", text="where:"
[parser-unknown-class] "BoxStep", text="extent of input tax credit has the meaning given by subsection (2)."
[parser-unknown-class] "TofSectsHeading", text="Table of Subdivisions"
[parser-unknown-class] "TofSectsSubdiv", text="79‑A Modified application of Division 78 to certain compulsory third party scheme payments and su..."
[parser-unknown-class] "TofSectsSubdiv", text="79‑B Extension of Division 78 to cover certain compulsory third party scheme payments and supplie..."
[parser-unknown-class] "TofSectsSubdiv", text="79‑C Other payments and supplies under compulsory third party schemes"
[parser-unknown-class] "TofSectsSubdiv", text="79‑D Compulsory third party scheme decreasing adjustments worked out using applicable average inp..."
[parser-unknown-class] "BoxStep", text="Step 1. Add together:"
[parser-unknown-class] "BoxStep", text="Step 2. If, in relation to the payment or supply, any payments of an excess were made to the *ope..."
[parser-unknown-class] "BoxStep", text="Step 3. Except where the payment or supply is a *CTP ancillary payment or supply, multiply the st..."
[parser-unknown-class] "BoxStep", text="where:"
[parser-unknown-class] "BoxStep", text="applicable average input tax credit fraction has the meaning given by subsection (2)."
[parser-unknown-class] "TofSectsHeading", text="Table of Subdivisions"
[parser-unknown-class] "TofSectsSubdiv", text="80‑A Insurance policy settlement sharing arrangements"
[parser-unknown-class] "TofSectsSubdiv", text="80‑B Nominal defendant settlement sharing arrangements"
[parser-unknown-class] "TofSectsSubdiv", text="80‑C Hybrid settlement sharing arrangements"
[parser-unknown-class] "BoxStep", text="Step 1. Add together:"
[parser-unknown-class] "BoxStep", text="Step 2. If, in relation to the *managing operator’s payment or supply, any payments of an excess ..."
[parser-unknown-class] "BoxStep", text="Step 1. Add together:"
[parser-unknown-class] "BoxStep", text="Step 2. If, in relation to the *managing operator’s payment or supply, any payments of an excess ..."
[parser-unknown-class] "TofSectsHeading", text="Table of Subdivisions"
[parser-unknown-class] "TofSectsSubdiv", text="129‑A General"
[parser-unknown-class] "TofSectsSubdiv", text="129‑B Adjustment periods"
[parser-unknown-class] "TofSectsSubdiv", text="129‑C When adjustments for acquisitions and importations arise"
[parser-unknown-class] "TofSectsSubdiv", text="129‑D Amounts of adjustments for acquisitions and importations"
[parser-unknown-class] "TofSectsSubdiv", text="129‑E Attributing adjustments under this Division"
[parser-unknown-class] "BoxStep", text="Step 1. Work out the extent (if any) to which you have *applied the thing acquired or imported fo..."
[parser-unknown-class] "BoxStep", text="This is the actual application of the thing."
[parser-unknown-class] "BoxStep", text="Step 2. Work out:"
[parser-unknown-class] "BoxStep", text="This is the intended or former application of the thing."
[parser-unknown-class] "BoxStep", text="Step 3. If the *actual application of the thing is less than its *intended or former application,..."
[parser-unknown-class] "BoxStep", text="Step 4. If the *actual application of the thing is greater than its *intended or former applicati..."
[parser-unknown-class] "BoxStep", text="Step 5. If the *actual application of the thing is the same as its *intended or former applicatio..."
[parser-unknown-class] "TofSectsHeading", text="Table of Subdivisions"
[parser-unknown-class] "TofSectsSubdiv", text="131‑A Electing to have annual apportionment"
[parser-unknown-class] "TofSectsSubdiv", text="131‑B Consequences of electing to have annual apportionment"
[parser-unknown-class] "BoxStep", text="Step 1. Work out the tax period (the ITC tax period) to which the input tax credit for the acquis..."
[parser-unknown-class] "BoxStep", text="Step 2. Work out in which year of income that tax period starts."
[parser-unknown-class] "BoxStep", text="Step 3. If you are required under section 161 of the *ITAA 1936 to lodge a return in relation to ..."
[parser-unknown-class] "BoxStep", text="Step 4. The *increasing adjustment is attributable to the tax period in which that last day occurs."
[parser-unknown-class] "BoxStep", text="Step 5. If step 3 does not apply, the increasing adjustment is attributable to the tax period in ..."
[parser-unknown-class] "TofSectsHeading", text="Table of Subdivisions"
[parser-unknown-class] "TofSectsSubdiv", text="136‑A Bad debts relating to partly taxable or creditable transactions"
[parser-unknown-class] "TofSectsSubdiv", text="136‑B Bad debts relating to transactions that are taxable or creditable at less than 1/11 of the ..."
[parser-unknown-class] "BoxStep", text="Step 1. Work out the amount of GST (if any) that was payable on the supply, taking into account a..."
[parser-unknown-class] "BoxStep", text="Step 2. Add together:"
[parser-unknown-class] "BoxStep", text="Step 3. Subtract the step 2 amount from the *price of the supply."
[parser-unknown-class] "BoxStep", text="Step 4. Work out the amount of GST (if any), taking into account any previous *adjustments for th..."
[parser-unknown-class] "BoxStep", text="Step 5. Subtract the adjusted GST amount from the previous GST amount."
[parser-unknown-class] "BoxStep", text="Step 1. Work out the amount of GST (if any) that was payable on the supply, taking into account a..."
[parser-unknown-class] "BoxStep", text="Step 2. Add together:"
[parser-unknown-class] "BoxStep", text="Step 3. Subtract the step 2 amount from the *price of the supply."
[parser-unknown-class] "BoxStep", text="Step 4. Add to the step 3 amount an amount equal to the amount or amounts, written off or overdue..."
[parser-unknown-class] "BoxStep", text="Step 5. Work out the amount of GST (if any), taking into account any previous *adjustments for th..."
[parser-unknown-class] "BoxStep", text="Step 6. Subtract the previous GST amount from the adjusted GST amount."
[parser-unknown-class] "BoxStep", text="Step 1. Work out the amount of the input tax credit (if any) to which you were entitled for the a..."
[parser-unknown-class] "BoxStep", text="Step 2. Add together:"
[parser-unknown-class] "BoxStep", text="Step 3. Subtract the step 2 amount from the total amount of the *consideration that you have eith..."
[parser-unknown-class] "BoxStep", text="Step 4. Work out the amount of the input tax credit (if any), taking into account any previous *a..."
[parser-unknown-class] "BoxStep", text="Step 5. Subtract the adjusted credit amount from the previous credit amount."
[parser-unknown-class] "BoxStep", text="Step 1. Work out the amount of the input tax credit (if any) to which you were entitled for the a..."
[parser-unknown-class] "BoxStep", text="Step 2. Add together:"
[parser-unknown-class] "BoxStep", text="Step 3. Subtract the step 2 amount from the total amount of the *consideration that you have eith..."
[parser-unknown-class] "BoxStep", text="Step 4. Add to the step 3 amount an amount equal to the amount or amounts, written off or overdue..."
[parser-unknown-class] "BoxStep", text="Step 5. Work out the amount of the input tax credit (if any), taking into account any previous *a..."
[parser-unknown-class] "BoxStep", text="Step 6. Subtract the previous credit amount from the adjusted credit amount."
[parser-unknown-class] "TofSectsHeading", text="Table of Subdivisions"
[parser-unknown-class] "TofSectsSubdiv", text="142‑A Excess GST unrelated to adjustments"
[parser-unknown-class] "TofSectsSubdiv", text="142‑B GST related to cancelled supplies"
[parser-unknown-class] "TofSectsSubdiv", text="142‑C Passed‑on GST"
[parser-unknown-class] "TofSectsHeading", text="Table of Subdivisions"
[parser-unknown-class] "TofSectsSubdiv", text="151‑A Electing to have annual tax periods"
[parser-unknown-class] "TofSectsSubdiv", text="151‑B Consequences of electing to have annual tax periods"
[parser-unknown-class] "TofSectsHeading", text="Table of Subdivisions"
[parser-unknown-class] "TofSectsSubdiv", text="153‑A General"
[parser-unknown-class] "TofSectsSubdiv", text="153‑B Principals and intermediaries as separate suppliers or acquirers"
[parser-unknown-class] "TofSectsHeading", text="Table of Subdivisions"
[parser-unknown-class] "TofSectsSubdiv", text="162‑A Electing to pay GST by instalments"
[parser-unknown-class] "TofSectsSubdiv", text="162‑B Consequences of electing to pay GST by instalments"
[parser-unknown-class] "TofSectsSubdiv", text="162‑C GST instalments"
[parser-unknown-class] "TofSectsSubdiv", text="162‑D Penalty payable in certain cases if varied instalment amounts are too low"
[parser-unknown-class] "TofSectsHeading", text="Table of Subdivisions"
[parser-unknown-class] "TofSectsSubdiv", text="165‑A Application of this Division"
[parser-unknown-class] "TofSectsSubdiv", text="165‑B Commissioner may negate effects of schemes for GST benefits"
[parser-unknown-class] "TLPNotebullet", text=" sole trustee of one or more trusts; and"
[parser-unknown-class] "TLPNotebullet", text=" one of a number of trustees of a further trust."
[parser-diag] processed 14143 <p> elements
[parser-diag] last section was added at element index: 10417
[parse] sections: 1067
[parse] compilation: date=2026-01-01 no=96
[parser-diag] state phase at end: ENDNOTES
[parser-diag] hierarchy stack depth at end: 1
[parser-diag] insideSchedule at end: true
[parse] by level:
         chapter      6
         part         23
         division     99
         section      827
         subdivision  101
         schedule     3
         schedule_clause 8
[db] inserted new legislation row: 4e803f74-8afe-4fdd-95ed-608dbd8131bf
[db] inserting 1067 sections (pass 1)
[db] inserted 1067 sections
[db] linking parent FKs (pass 2)
[db] linked 1058 parent references

[done] ingested A
       legislation_id: 4e803f74-8afe-4fdd-95ed-608dbd8131bf
       sections: 1067
       compilation: 2026-01-01
