[fetch] document_1: https://www.legislation.gov.au/C2004A03506/2025-02-21/2025-02-21/text/original/epub/OEBPS/document_1/document_1.html
[fetch] document_1: 175,400 bytes
[fetch] document_2: https://www.legislation.gov.au/C2004A03506/2025-02-21/2025-02-21/text/original/epub/OEBPS/document_2/document_2.html
[fetch] document_2 not found — stopping. Fetched 1 document(s).
[fetch] combined 1 document(s), 175,400 source bytes → 173,351 combined bytes
[citation] Superannuation (Self Managed Superannuation Funds) Taxation Act 1987 (Cth)
[parse] starting
[parser-diag] total <p> elements found: 761
[parser-diag] processed 761 <p> elements
[parser-diag] last section was added at element index: 116
[parser-diag] state phase at end: ENDNOTES
[parser-diag] hierarchy stack depth at end: 2
[parser-diag] insideSchedule at end: false
[parse] sections: 18
[parse] compilation: date=2025-02-21 no=17
[parse] by level:
         part         4
         section      14
[db] inserted new legislation row: 82d6152c-26cf-4e7e-906f-f7500cceba3c
[db] inserting 18 sections (pass 1)
[db] inserted 18 sections
[db] linking parent FKs (pass 2)
[db] linked 14 parent references

[done] ingested Superannuation (Self Managed Superannuation Funds) Taxation Act 1987
       legislation_id: 82d6152c-26cf-4e7e-906f-f7500cceba3c
       sections: 18
       compilation: 2025-02-21
