[fetch] document_1: https://www.legislation.gov.au/C2005A00003/2005-02-18/2005-02-18/text/original/epub/OEBPS/document_1/document_1.html
[fetch] document_1: 10,470 bytes
[fetch] document_2: https://www.legislation.gov.au/C2005A00003/2005-02-18/2005-02-18/text/original/epub/OEBPS/document_2/document_2.html
[fetch] document_2 not found — stopping. Fetched 1 document(s).
[fetch] combined 1 document(s), 10,470 source bytes → 9,535 combined bytes
[citation] A New Tax System (Goods and Services Tax Imposition (Recipients)—General) Act 2005 (Cth)
[parse] starting
[parser-diag] total <p> elements found: 59
[parser-unknown-class] "2ndRd", text="[Minister’s second reading speech made in—"
[parse] sections: 5
[parse] compilation: date=(none) no=(none)
[parse] by level:
         section      5
[parser-unknown-class] "2ndRd", text="House of Representatives on 8 December 2004"
[parser-unknown-class] "2ndRd", text="Senate on 9 December 2004]"
[parser-diag] processed 59 <p> elements
[parser-diag] last section was added at element index: 49
[parser-diag] state phase at end: BODY
[parser-diag] hierarchy stack depth at end: 1
[parser-diag] insideSchedule at end: false
[db] inserted new legislation row: 3ecaf5dd-b3e8-4b5f-87af-baaab5b81dd9
[db] inserting 5 sections (pass 1)
[db] inserted 5 sections
[db] linking parent FKs (pass 2)
[db] linked 0 parent references

[done] ingested A New Tax System (Goods and Services Tax Imposition (Recipients)—General) Act 2005
       legislation_id: 3ecaf5dd-b3e8-4b5f-87af-baaab5b81dd9
       sections: 5
       compilation: 2005-02-18
