[fetch] document_1: https://www.legislation.gov.au/C2004A03558/2025-02-21/2025-02-21/text/original/epub/OEBPS/document_1/document_1.html
[fetch] document_1: 126,703 bytes
[fetch] document_2: https://www.legislation.gov.au/C2004A03558/2025-02-21/2025-02-21/text/original/epub/OEBPS/document_2/document_2.html
[fetch] document_2 not found — stopping. Fetched 1 document(s).
[fetch] combined 1 document(s), 126,703 source bytes → 124,836 combined bytes
[citation] Petroleum Excise (Prices) Act 1987 (Cth)
[parse] starting
[parser-diag] total <p> elements found: 459
[parser-diag] processed 459 <p> elements
[parser-diag] last section was added at element index: 240
[parser-diag] state phase at end: ENDNOTES
[parser-diag] hierarchy stack depth at end: 2
[parser-diag] insideSchedule at end: false
[parse] sections: 20
[parse] compilation: date=2025-02-21 no=16
[parse] by level:
         part         4
         section      16
[db] inserted new legislation row: ab3c669f-a0b3-496a-8dce-25b8926a16d2
[db] inserting 20 sections (pass 1)
[db] inserted 20 sections
[db] linking parent FKs (pass 2)
[db] linked 16 parent references

[done] ingested Petroleum Excise (Prices) Act 1987
       legislation_id: ab3c669f-a0b3-496a-8dce-25b8926a16d2
       sections: 20
       compilation: 2025-02-21
