[fetch] document_1: https://www.legislation.gov.au/C2007A00021/2015-07-01/2015-07-01/text/original/epub/OEBPS/document_1/document_1.html
[fetch] document_1: 117,259 bytes
[fetch] document_2: https://www.legislation.gov.au/C2007A00021/2015-07-01/2015-07-01/text/original/epub/OEBPS/document_2/document_2.html
[fetch] document_2 not found — stopping. Fetched 1 document(s).
[fetch] combined 1 document(s), 117,259 source bytes → 115,342 combined bytes
[citation] Australian Citizenship (Transitionals and Consequentials) Act 2007 (Cth)
[parse] starting
[parser-diag] total <p> elements found: 529
[parser-unknown-class] "ActHead6", text="Schedule 1—Consequential amendments"
[parser-unknown-class] "ActHead7", text="Part 1—Amendments"
[parser-unknown-class] "ActHead9", text="Administrative Appeals Tribunal Act 1975"
[parser-unknown-class] "ItemHead", text="1  Paragraph 21AA(5)(c)"
[parser-unknown-class] "ActHead9", text="Age Discrimination Act 2004"
[parser-unknown-class] "ItemHead", text="2  Paragraph 43(2)(a)"
[parser-unknown-class] "ActHead9", text="Air Navigation Act 1920"
[parser-unknown-class] "ItemHead", text="3  Subsection 11A(4) (definition of Australian citizen)"
[parser-unknown-class] "ActHead9", text="Australian Passports Act 2005"
[parser-unknown-class] "ItemHead", text="4  Paragraph 53(3)(b)"
[parser-unknown-class] "ActHead9", text="Australian Security Intelligence Organisation Act 1979"
[parser-unknown-class] "ItemHead", text="5  Subsection 35(1) (paragraph (c) of the definition of prescribed administrative action)"
[parser-unknown-class] "ActHead9", text="Circuit Layouts Act 1989"
[parser-unknown-class] "ItemHead", text="6  Section 5 (definition of Australian protected person)"
[parser-unknown-class] "ItemHead", text="7  Section 5 (paragraph (a) of the definition of eligible person)"
[parser-unknown-class] "ActHead9", text="Civil Aviation (Carriers’ Liability) Act 1959"
[parser-unknown-class] "ItemHead", text="8  Section 5 (definition of Australian citizen)"
[parser-unknown-class] "ActHead9", text="Commonwealth Electoral Act 1918"
[parser-unknown-class] "ItemHead", text="9  Paragraph 99A(1)(a)"
[parser-unknown-class] "ItemHead", text="10  Subparagraph 99A(4)(d)(i)"
[parser-unknown-class] "ItemHead", text="11  Paragraph 99A(6)(b)"
[parser-unknown-class] "ItemHead", text="12  Subsection 99A(7)"
[parser-unknown-class] "ItemHead", text="13  Subsection 99A(7)"
[parser-unknown-class] "ItemHead", text="14  Subsection 99A(8)"
[parser-unknown-class] "ItemHead", text="15  Paragraph 170(1)(c)"
[parser-unknown-class] "ItemHead", text="16  Subparagraph 170(1)(c)(ii)"
[parser-unknown-class] "ActHead9", text="Commonwealth Serum Laboratories Act 1961"
[parser-unknown-class] "ItemHead", text="17  Subsection 19B(1) (definition of Australian citizen)"
[parser-unknown-class] "ActHead9", text="Consular Privileges and Immunities Act 1972"
[parser-unknown-class] "ItemHead", text="18  Subsection 3(1) (definition of Australian citizen)"
[parser-unknown-class] "ActHead9", text="Copyright Act 1968"
[parser-unknown-class] "ItemHead", text="19  Subsection 10(1) (definition of Australian protected person)"
[parser-unknown-class] "ItemHead", text="20  Subsection 32(4) (definition of qualified person)"
[parser-unknown-class] "ItemHead", text="21  Section 84 (paragraph (a) of the definition of qualified person)"
[parser-unknown-class] "ItemHead", text="22  Subsection 248A(1) (definition of qualified person)"
[parser-unknown-class] "ActHead9", text="Crimes Act 1914"
[parser-unknown-class] "ItemHead", text="23  Paragraph 85ZZH(d)"
[parser-unknown-class] "ActHead9", text="Criminal Code Act 1995"
[parser-unknown-class] "ItemHead", text="24  Subsection 72.8(2) of the Criminal Code"
[parser-unknown-class] "ItemHead", text="25  Paragraph 115.7(1)(a) of the Criminal Code"
[parser-unknown-class] "ActHead9", text="Diplomatic Privileges and Immunities Act 1967"
[parser-unknown-class] "ItemHead", text="26  Subsection 4(1) (definition of Australian citizen)"
[parser-unknown-class] "ActHead9", text="Electronic Transactions Act 1999"
[parser-unknown-class] "ItemHead", text="27  Clause 2 of Schedule 1"
[parser-unknown-class] "ActHead9", text="Financial Transaction Reports Act 1988"
[parser-unknown-class] "ItemHead", text="28  Subsection 3(1) (definition of citizenship certificate)"
[parser-unknown-class] "ItemHead", text="29  Subsection 3(1) (before paragraph (a) of the definition of citizenship certificate)"
[parser-unknown-class] "ItemHead", text="30  Subsection 3(1) (paragraphs (b) and (c) of the definition of citizenship certificate)"
[parser-unknown-class] "ItemHead", text="31  Subsection 3(1) (definition of citizenship certificate)"
[parser-unknown-class] "ActHead9", text="Higher Education Funding Act 1988"
[parser-unknown-class] "ItemHead", text="32  Section 3 (definition of permanent resident)"
[parser-unknown-class] "ItemHead", text="33  Section 3 (definition of permanent visa)"
[parser-unknown-class] "ItemHead", text="34  Subsection 41(3)"
[parser-unknown-class] "ItemHead", text="35  Paragraph 98B(1)(b)"
[parser-unknown-class] "ItemHead", text="36  Paragraph 98V(b)"
[parser-unknown-class] "ItemHead", text="37  Subparagraph 101(1)(d)(ii)"
[parser-unknown-class] "ActHead9", text="Legislative Instruments Act 2003"
[parser-unknown-class] "ItemHead", text="38  Subsection 44(2) (table item 1)"
[parser-unknown-class] "ActHead9", text="Qantas Sale Act 1992"
[parser-unknown-class] "ItemHead", text="40  Subsection 7(7) (definition of Australian citizen)"
[parser-unknown-class] "ActHead9", text="Veterans’ Entitlements Act 1986"
[parser-unknown-class] "ItemHead", text="41  Subsection 5G(1AA) (note 2)"
[parser-unknown-class] "ActHead7", text="Part 2—Repeal"
[parser-unknown-class] "ActHead9", text="Australian Citizenship Act 1948"
[parser-unknown-class] "ItemHead", text="42  The whole of the Act"
[parser-unknown-class] "ActHead6", text="Schedule 2—Other amendments"
[parser-unknown-class] "ActHead9", text="Immigration (Education) Act 1971"
[parser-unknown-class] "ItemHead", text="1  Paragraphs 4D(1)(c) and (d)"
[parser-unknown-class] "ActHead6", text="Schedule 3—Application and transitional provisions"
[parser-unknown-class] "ActHead7", text="Part 1—Provisions relating to the enactment of the Australian Citizenship Act 2007"
[parser-unknown-class] "ItemHead", text="1  Definitions"
[parser-unknown-class] "ItemHead", text="2  Rules applicable to Australian citizens under the old Act"
[parser-unknown-class] "Subitem", text="(1) This item applies to a person who was an Australian citizen under the Australian Citizenship ..."
[parser-unknown-class] "SubitemHead", text="Same kind of citizenship"
[parser-unknown-class] "Subitem", text="(2) If the person, immediately before the commencement day, was an Australian citizen under the p..."
[parser-unknown-class] "SubitemHead", text="Person may cease to be a citizen under new Act"
[parser-unknown-class] "Subitem", text="(3) This item does not prevent the person from ceasing to be an Australian citizen under the new ..."
[parser-unknown-class] "ItemHead", text="3  Expanded meaning of some expressions in the new Act"
[parser-unknown-class] "SubitemHead", text="Unlawful non‑citizen"
[parser-unknown-class] "Subitem", text="(1) For the purposes of subparagraph 16(2)(b)(i), subsection 19C(3) and paragraphs 22(1)(b) and (..."
[parser-unknown-class] "SubitemHead", text="Permanent visa"
[parser-unknown-class] "Subitem", text="(2) For the purposes of the new Act, the definition of permanent visa in section 3 of the new Act..."
[parser-unknown-class] "SubitemHead", text="Visa"
[parser-unknown-class] "Subitem", text="(3) For the purposes of the new Act, the definition of visa in section 3 of the new Act includes:"
[parser-unknown-class] "SubitemHead", text="Defence service"
[parser-unknown-class] "Subitem", text="(4) For the purposes of section 23 of the new Act:"
[parser-unknown-class] "ItemHead", text="4  Citizenship by birth under the new Act"
[parser-unknown-class] "Subitem", text="(1) Paragraph 12(1)(a) of the new Act applies to a person born on or after the commencement day."
[parser-unknown-class] "Subitem", text="(2) Paragraph 12(1)(b) of the new Act applies to:"
[parser-unknown-class] "ItemHead", text="5  Citizenship by descent and conferral under the new Act"
[parser-unknown-class] "ItemHead", text="5A  Citizenship for persons adopted in accordance with the Hague Convention on Intercountry Adoption"
[parser-unknown-class] "Subitem", text="(1) Section 19C of the new Act applies in relation to adoptions that occur before, on or after th..."
[parser-unknown-class] "Subitem", text="(2) Paragraphs 19C(2)(e) and (f) of the new Act apply as if a reference to Subdivision A included..."
[parser-unknown-class] "Specialih", text="5B  Citizenship by conferral—persons who are permanent residents at commencement"
[parser-unknown-class] "Subitem", text="(1) This item applies if:"
[parser-unknown-class] "Subitem", text="(2) In applying section 22 of the new Act to an application covered by subitem (1), subsections 2..."
[parser-unknown-class] "Subitem", text="(3) In applying section 22 of the new Act to an application covered by subitem (1), subsections 2..."
[parser-unknown-class] "ItemHead", text="6  Revocation of citizenship by conferral under the new Act"
[parser-unknown-class] "Subitem", text="(1) This item applies to a person who, under subitem 2(2) of this Part, is taken, on and from the..."
[parser-unknown-class] "SubitemHead", text="False or misleading statement in application"
[parser-unknown-class] "Subitem", text="(2) Subparagraph 34(2)(b)(i) of the new Act applies as if it also referred to the person’s convic..."
[parser-unknown-class] "SubitemHead", text="Conviction of serious offence"
[parser-unknown-class] "Subitem", text="(3) Subparagraph 34(2)(b)(ii) of the new Act applies as if it also referred to the person’s convi..."
[parser-unknown-class] "SubitemHead", text="Migration‑related fraud"
[parser-unknown-class] "Subitem", text="(4) Subparagraph 34(2)(b)(iii) of the new Act applies as if it also referred to the person obtain..."
[parser-unknown-class] "ItemHead", text="7  Applications under the old Act"
[parser-unknown-class] "SubitemHead", text="Old descent applications"
[parser-unknown-class] "Subitem", text="(1) If a person’s application (the old application) made under section 10B, 10C or 11 of the old ..."
[parser-unknown-class] "SubitemHead", text="Old certificate by grant and stateless applications"
[parser-unknown-class] "Subitem", text="(2) If a person’s application (the old application) made under section 13 or 23D of the old Act h..."
[parser-unknown-class] "SubitemHead", text="Old renunciation applications"
[parser-unknown-class] "Subitem", text="(3) If:"
[parser-unknown-class] "SubitemHead", text="Old resumption applications"
[parser-unknown-class] "Subitem", text="(4) If:"
[parser-unknown-class] "Subitem", text="(5) If:"
[parser-unknown-class] "Subitem", text="(6) If:"
[parser-unknown-class] "SubitemHead", text="Assessing new applications under the new Act"
[parser-unknown-class] "Subitem", text="(7) In assessing a new application under the new Act, a reference in the new Act to the time the ..."
[parser-unknown-class] "Subitem", text="(8) In applying section 22 of the new Act to a new application covered by subitem (2), subsection..."
[parser-unknown-class] "Subitem", text="(9) In applying section 22 of the new Act to a new application covered by subitem (2), subsection..."
[parser-unknown-class] "ItemHead", text="8  Person granted certificate of citizenship under the old Act but not an Australian citizen unde..."
[parser-unknown-class] "Subitem", text="(1) If:"
[parser-unknown-class] "SubitemHead", text="Cancellation of approval under the new Act"
[parser-unknown-class] "Subitem", text="(2) For the purposes of applying section 25 of the new Act to such an approval:"
[parser-unknown-class] "SubitemHead", text="Deferral of pledge of commitment under old Act"
[parser-unknown-class] "Subitem", text="(3) If a decision is in force under subsection 14C(1) of the old Act immediately before the comme..."
[parser-unknown-class] "ItemHead", text="9  Children of persons who lost or were deprived of citizenship under the old Act"
[parser-unknown-class] "Subitem", text="(1) If, immediately before the commencement day, paragraph 23(3)(c) of the old Act has prevented ..."
[parser-unknown-class] "Subitem", text="(2) For this purpose, the reference to the cessation time in subsection 36(2) of the new Act is t..."
[parser-unknown-class] "ItemHead", text="10  Review of decisions made under the old Act"
[parser-unknown-class] "ItemHead", text="11  Continuation of criminal proceedings under the old Act"
[parser-unknown-class] "ItemHead", text="12  Section 8 of the Acts Interpretation Act 1901"
[parser-unknown-class] "ItemHead", text="13  Transitional regulations"
[parser-unknown-class] "ActHead7", text="Part 2—Provisions relating to the amendments made by Schedules 1 and 2 to this Act"
[parser-unknown-class] "ItemHead", text="14  Definition"
[parser-unknown-class] "ItemHead", text="16  Application—Age Discrimination Act 2004"
[parser-unknown-class] "ItemHead", text="17  Application—Australian Passports Act 2005"
[parser-unknown-class] "ItemHead", text="18  Application—Commonwealth Electoral Act 1918"
[parser-unknown-class] "ItemHead", text="19  Transitional—Criminal Code Act 1995"
[parser-unknown-class] "Subitem", text="(1) A certificate in force under subsection 72.8(2) of the Criminal Code immediately before the c..."
[parser-unknown-class] "Subitem", text="(2) A certificate in force under subsection 115.7(1) of the Criminal Code (in relation to paragra..."
[parser-unknown-class] "ItemHead", text="20  Application—Electronic Transactions Act 1999"
[parser-unknown-class] "ItemHead", text="21  Application—Immigration (Education) Act 1971"
[parser-diag] processed 529 <p> elements
[parser-diag] last section was added at element index: 165
[parser-diag] state phase at end: ENDNOTES
[parser-diag] hierarchy stack depth at end: 1
[parser-diag] insideSchedule at end: false
[parse] sections: 4
[parse] compilation: date=2015-07-01 no=5
[parse] by level:
         section      4
[db] inserted new legislation row: 33287f9b-85f7-40c7-b71b-cd70ebab0d62
[db] inserting 4 sections (pass 1)
[db] inserted 4 sections
[db] linking parent FKs (pass 2)
[db] linked 0 parent references

[done] ingested Australian Citizenship (Transitionals and Consequentials) Act 2007
       legislation_id: 33287f9b-85f7-40c7-b71b-cd70ebab0d62
       sections: 4
       compilation: 2015-07-01
