[fetch] document_1: https://www.legislation.gov.au/C2004A02944/2024-03-01/2024-03-01/text/original/epub/OEBPS/document_1/document_1.html
[fetch] document_1: 587,595 bytes
[fetch] document_2: https://www.legislation.gov.au/C2004A02944/2024-03-01/2024-03-01/text/original/epub/OEBPS/document_2/document_2.html
[fetch] document_2 not found — stopping. Fetched 1 document(s).
[fetch] combined 1 document(s), 587,595 source bytes → 585,383 combined bytes
[citation] Insurance (Cth)
[parse] starting
[parser-diag] total <p> elements found: 2180
[parser-diag] processed 2180 <p> elements
[parse] sections: 167
[parse] compilation: date=2024-03-01 no=32
[parser-diag] last section was added at element index: 1515
[parser-diag] state phase at end: ENDNOTES
[parser-diag] hierarchy stack depth at end: 2
[parser-diag] insideSchedule at end: false
[parse] by level:
         part         12
         section      138
         division     14
         subdivision  3
[db] inserted new legislation row: 30b1ce61-605f-460f-a477-70aba3036df9
[db] inserting 167 sections (pass 1)
[db] inserted 167 sections
[db] linking parent FKs (pass 2)
[db] linked 155 parent references

[done] ingested Insurance
       legislation_id: 30b1ce61-605f-460f-a477-70aba3036df9
       sections: 167
       compilation: 2024-03-01
