[fetch] document_1: https://www.legislation.gov.au/C2004A04746/2018-03-30/2018-03-30/text/original/epub/OEBPS/document_1/document_1.html
[fetch] document_1: 360,840 bytes
[fetch] document_2: https://www.legislation.gov.au/C2004A04746/2018-03-30/2018-03-30/text/original/epub/OEBPS/document_2/document_2.html
[fetch] document_2 not found — stopping. Fetched 1 document(s).
[fetch] combined 1 document(s), 360,840 source bytes → 358,440 combined bytes
[citation] Moomba-Sydney Pipeline System Sale Act 1994 (Cth)
[parse] starting
[parser-diag] total <p> elements found: 1407
[parser-unknown-class] "Specials", text="13  Functions of Authority"
[parser-unknown-class] "Specials", text="14A  Authority to act in accordance with Ministerial determination"
[parser-unknown-class] "Specials", text="16A  Authority must not form etc. companies"
[parser-unknown-class] "Specials", text="28  Financial policy"
[parser-unknown-class] "Specials", text="3  Interpretation"
[parser-diag] processed 1407 <p> elements
[parser-diag] last section was added at element index: 923
[parser-diag] state phase at end: ENDNOTES
[parser-diag] hierarchy stack depth at end: 2
[parser-diag] insideSchedule at end: false
[parse] sections: 122
[parse] compilation: date=2018-03-30 no=10
[parse] by level:
         part         9
         division     12
         section      98
         subdivision  3
[db] inserted new legislation row: 34cf34a2-b948-4501-a7e7-2374678b8ffa
[db] inserting 122 sections (pass 1)
[db] inserted 122 sections
[db] linking parent FKs (pass 2)
[db] linked 113 parent references

[done] ingested Moomba-Sydney Pipeline System Sale Act 1994
       legislation_id: 34cf34a2-b948-4501-a7e7-2374678b8ffa
       sections: 122
       compilation: 2018-03-30
