[fetch] document_1: https://www.legislation.gov.au/C2004A02830/2024-12-11/2024-12-11/text/original/epub/OEBPS/document_1/document_1.html
[fetch] document_1: 283,030 bytes
[fetch] document_2: https://www.legislation.gov.au/C2004A02830/2024-12-11/2024-12-11/text/original/epub/OEBPS/document_2/document_2.html
[fetch] document_2 not found — stopping. Fetched 1 document(s).
[fetch] combined 1 document(s), 283,030 source bytes → 280,617 combined bytes
[citation] Director of Public Prosecutions Act 1983 (Cth)
[parse] starting
[parser-diag] total <p> elements found: 1016
[parser-diag] processed 1016 <p> elements
[parser-diag] last section was added at element index: 552
[parser-diag] state phase at end: ENDNOTES
[parser-diag] hierarchy stack depth at end: 1
[parser-diag] insideSchedule at end: true
[parse] sections: 41
[parse] compilation: date=2024-12-11 no=32
[parse] by level:
         section      40
         schedule     1
[db] inserted new legislation row: 10d4db7a-ae6e-43f3-bdc9-85eeea06c8e0
[db] inserting 41 sections (pass 1)
[db] inserted 41 sections
[db] linking parent FKs (pass 2)
[db] linked 0 parent references

[done] ingested Director of Public Prosecutions Act 1983
       legislation_id: 10d4db7a-ae6e-43f3-bdc9-85eeea06c8e0
       sections: 41
       compilation: 2024-12-11
