[fetch] document_1: https://www.legislation.gov.au/C2004A00762/2024-10-14/2024-10-14/text/original/epub/OEBPS/document_1/document_1.html
[fetch] document_1: 728,388 bytes
[fetch] document_2: https://www.legislation.gov.au/C2004A00762/2024-10-14/2024-10-14/text/original/epub/OEBPS/document_2/document_2.html
[fetch] document_2 not found — stopping. Fetched 1 document(s).
[fetch] combined 1 document(s), 728,388 source bytes → 726,237 combined bytes
[citation] Gene Technology Act 2000 (Cth)
[parse] starting
[parser-diag] total <p> elements found: 2776
[parser-diag] processed 2776 <p> elements
[parser-diag] last section was added at element index: 2301
[parser-diag] state phase at end: ENDNOTES
[parser-diag] hierarchy stack depth at end: 3
[parser-diag] insideSchedule at end: false
[parse] sections: 268
[parse] compilation: date=2024-10-14 no=14
[parse] by level:
         part         13
         section      203
         division     50
         subdivision  2
[db] inserted new legislation row: 3ee2e232-79ce-4e43-8162-179669f85c10
[db] inserting 268 sections (pass 1)
[db] inserted 268 sections
[db] linking parent FKs (pass 2)
[db] linked 255 parent references

[done] ingested Gene Technology Act 2000
       legislation_id: 3ee2e232-79ce-4e43-8162-179669f85c10
       sections: 268
       compilation: 2024-10-14
