[fetch] document_1: https://www.legislation.gov.au/C2004A02147/2026-03-28/2026-03-28/text/original/epub/OEBPS/document_1/document_1.html
[fetch] document_1: 168,107 bytes
[fetch] document_2: https://www.legislation.gov.au/C2004A02147/2026-03-28/2026-03-28/text/original/epub/OEBPS/document_2/document_2.html
[fetch] document_2 not found — stopping. Fetched 1 document(s).
[fetch] combined 1 document(s), 168,107 source bytes → 166,133 combined bytes
[citation] High Court of Australia Act 1979 (Cth)
[parse] starting
[parser-diag] total <p> elements found: 664
[parser-diag] processed 664 <p> elements
[parser-diag] last section was added at element index: 349
[parser-diag] state phase at end: ENDNOTES
[parser-diag] hierarchy stack depth at end: 1
[parser-diag] insideSchedule at end: true
[parse] sections: 58
[parse] compilation: date=2026-03-28 no=17
[parse] by level:
         part         6
         section      49
         division     2
         schedule     1
[db] inserted new legislation row: b6727aac-2cdf-42b2-82c2-6f357d58891d
[db] inserting 58 sections (pass 1)
[db] inserted 58 sections
[db] linking parent FKs (pass 2)
[db] linked 51 parent references

[done] ingested High Court of Australia Act 1979
       legislation_id: b6727aac-2cdf-42b2-82c2-6f357d58891d
       sections: 58
       compilation: 2026-03-28
