[fetch] document_1: https://www.legislation.gov.au/C2004A04975/2023-06-13/2023-06-13/text/original/epub/OEBPS/document_1/document_1.html
[fetch] document_1: 62,601 bytes
[fetch] document_2: https://www.legislation.gov.au/C2004A04975/2023-06-13/2023-06-13/text/original/epub/OEBPS/document_2/document_2.html
[fetch] document_2 not found — stopping. Fetched 1 document(s).
[fetch] combined 1 document(s), 62,601 source bytes → 60,631 combined bytes
[citation] Ozone Protection and Synthetic Greenhouse Gas (Manufacture Levy) Act 1995 (Cth)
[parse] starting
[parser-diag] total <p> elements found: 273
[parser-diag] processed 273 <p> elements
[parser-diag] last section was added at element index: 117
[parser-diag] state phase at end: ENDNOTES
[parser-diag] hierarchy stack depth at end: 1
[parser-diag] insideSchedule at end: false
[parse] sections: 7
[parse] compilation: date=2023-06-13 no=9
[parse] by level:
         section      7
[db] inserted new legislation row: 1ff778c7-694f-44f1-8cc9-da212d779a80
[db] inserting 7 sections (pass 1)
[db] inserted 7 sections
[db] linking parent FKs (pass 2)
[db] linked 0 parent references

[done] ingested Ozone Protection and Synthetic Greenhouse Gas (Manufacture Levy) Act 1995
       legislation_id: 1ff778c7-694f-44f1-8cc9-da212d779a80
       sections: 7
       compilation: 2023-06-13
