[fetch] document_1: https://www.legislation.gov.au/C2004A03969/2026-04-01/2026-04-01/text/original/epub/OEBPS/document_1/document_1.html
[fetch] document_1: 375,774 bytes
[fetch] document_2: https://www.legislation.gov.au/C2004A03969/2026-04-01/2026-04-01/text/original/epub/OEBPS/document_2/document_2.html
[fetch] document_2 not found — stopping. Fetched 1 document(s).
[fetch] combined 1 document(s), 375,774 source bytes → 373,783 combined bytes
[citation] Superannuation Act 1990 (Cth)
[parse] starting
[parser-diag] total <p> elements found: 1412
[parser-diag] processed 1412 <p> elements
[parser-diag] last section was added at element index: 684
[parser-diag] state phase at end: ENDNOTES
[parser-diag] hierarchy stack depth at end: 2
[parser-diag] insideSchedule at end: false
[parse] sections: 71
[parse] compilation: date=2026-04-01 no=40
[parse] by level:
         part         8
         section      60
         division     3
[db] inserted new legislation row: e77a03b5-ce10-410a-9264-7ea8aa06e6cf
[db] inserting 71 sections (pass 1)
[db] inserted 71 sections
[db] linking parent FKs (pass 2)
[db] linked 63 parent references

[done] ingested Superannuation Act 1990
       legislation_id: e77a03b5-ce10-410a-9264-7ea8aa06e6cf
       sections: 71
       compilation: 2026-04-01
