[fetch] document_1: https://www.legislation.gov.au/C2004A01307/2016-03-05/2016-03-05/text/original/epub/OEBPS/document_1/document_1.html
[fetch] document_1: 179,252 bytes
[fetch] document_2: https://www.legislation.gov.au/C2004A01307/2016-03-05/2016-03-05/text/original/epub/OEBPS/document_2/document_2.html
[fetch] document_2 not found — stopping. Fetched 1 document(s).
[fetch] combined 1 document(s), 179,252 source bytes → 177,438 combined bytes
[citation] Tourism Australia Act 2004 (Cth)
[parse] starting
[parser-diag] total <p> elements found: 744
[parser-diag] processed 744 <p> elements
[parser-diag] last section was added at element index: 514
[parser-diag] state phase at end: ENDNOTES
[parser-diag] hierarchy stack depth at end: 2
[parser-diag] insideSchedule at end: false
[parse] sections: 79
[parse] compilation: date=2016-03-05 no=5
[parse] by level:
         part         7
         section      64
         division     8
[db] inserted new legislation row: ed82708c-e01e-45c7-b386-6e2032a1ab8b
[db] inserting 79 sections (pass 1)
[db] inserted 79 sections
[db] linking parent FKs (pass 2)
[db] linked 72 parent references

[done] ingested Tourism Australia Act 2004
       legislation_id: ed82708c-e01e-45c7-b386-6e2032a1ab8b
       sections: 79
       compilation: 2016-03-05
