[fetch] document_1: https://www.legislation.gov.au/C2004A00982/2002-12-02/2002-12-02/text/original/epub/OEBPS/document_1/document_1.html
[fetch] document_1: 19,376 bytes
[fetch] document_2: https://www.legislation.gov.au/C2004A00982/2002-12-02/2002-12-02/text/original/epub/OEBPS/document_2/document_2.html
[fetch] document_2 not found — stopping. Fetched 1 document(s).
[fetch] combined 1 document(s), 19,376 source bytes → 18,383 combined bytes
[citation] New Business Tax System (Franking Deficit Tax) Act 2002 (Cth)
[parse] starting
[parser-diag] total <p> elements found: 74
[parser-diag] processed 74 <p> elements
[parser-diag] last section was added at element index: 36
[parser-diag] state phase at end: BODY
[parser-diag] hierarchy stack depth at end: 1
[parser-diag] insideSchedule at end: false
[parse] sections: 5
[parse] compilation: date=(none) no=(none)
[parse] by level:
         section      5
[db] inserted new legislation row: 37462d94-2dbb-4e66-b187-aa9b36d0fd20
[db] inserting 5 sections (pass 1)
[db] inserted 5 sections
[db] linking parent FKs (pass 2)
[db] linked 0 parent references

[done] ingested New Business Tax System (Franking Deficit Tax) Act 2002
       legislation_id: 37462d94-2dbb-4e66-b187-aa9b36d0fd20
       sections: 5
       compilation: 2002-12-02
