[fetch] document_1: https://www.legislation.gov.au/C2004A03247/1986-04-14/1986-04-14/text/original/epub/OEBPS/document_1/document_1.html
[fetch] document_1: 7,227 bytes
[fetch] document_2: https://www.legislation.gov.au/C2004A03247/1986-04-14/1986-04-14/text/original/epub/OEBPS/document_2/document_2.html
[fetch] document_2 not found — stopping. Fetched 1 document(s).
[fetch] combined 1 document(s), 7,227 source bytes → 6,142 combined bytes
[citation] Builders Labourers' Federation (Cancellation of Registration) Act 1986 (Cth)
[parse] starting
[parser-diag] total <p> elements found: 40
[parser-diag] processed 40 <p> elements
[parser-diag] last section was added at element index: -1
[parser-diag] state phase at end: PRE_BODY
[parser-diag] hierarchy stack depth at end: 0
[parser-diag] insideSchedule at end: false
[parse] sections: 0
[parse] compilation: date=(none) no=(none)
[parse] by level:
[db] inserted new legislation row: 62fbfa46-11a3-428f-8bf5-82b78b647aac
[db] inserting 0 sections (pass 1)
[db] inserted 0 sections
[db] linking parent FKs (pass 2)
[db] linked 0 parent references

[done] ingested Builders Labourers' Federation (Cancellation of Registration) Act 1986
       legislation_id: 62fbfa46-11a3-428f-8bf5-82b78b647aac
       sections: 0
       compilation: 1986-04-14
