[fetch] document_1: https://www.legislation.gov.au/C2004A04115/2018-06-19/2018-06-19/text/original/epub/OEBPS/document_1/document_1.html
[fetch] document_1: 37,231 bytes
[fetch] document_2: https://www.legislation.gov.au/C2004A04115/2018-06-19/2018-06-19/text/original/epub/OEBPS/document_2/document_2.html
[fetch] document_2 not found — stopping. Fetched 1 document(s).
[fetch] combined 1 document(s), 37,231 source bytes → 35,167 combined bytes
[citation] Marine Navigation (Regulatory Functions) Levy Act 1991 (Cth)
[parse] starting
[parser-diag] total <p> elements found: 171
[parser-diag] processed 171 <p> elements
[parser-diag] last section was added at element index: 66
[parser-diag] state phase at end: ENDNOTES
[parser-diag] hierarchy stack depth at end: 1
[parser-diag] insideSchedule at end: false
[parse] sections: 8
[parse] compilation: date=2018-06-19 no=2
[parse] by level:
         section      8
[db] inserted new legislation row: 6d8c8318-11e1-4444-92e5-0fddc9855fc0
[db] inserting 8 sections (pass 1)
[db] inserted 8 sections
[db] linking parent FKs (pass 2)
[db] linked 0 parent references

[done] ingested Marine Navigation (Regulatory Functions) Levy Act 1991
       legislation_id: 6d8c8318-11e1-4444-92e5-0fddc9855fc0
       sections: 8
       compilation: 2018-06-19
