[fetch] document_1: https://www.legislation.gov.au/C2006A00125/2010-03-01/2010-03-01/text/original/epub/OEBPS/document_1/document_1.html
[fetch] document_1: 387,418 bytes
[fetch] document_2: https://www.legislation.gov.au/C2006A00125/2010-03-01/2010-03-01/text/original/epub/OEBPS/document_2/document_2.html
[fetch] document_2 not found — stopping. Fetched 1 document(s).
[fetch] combined 1 document(s), 387,418 source bytes → 384,849 combined bytes
[citation] Corporations (Aboriginal and Torres Strait Islander) Consequential, Transitional and Other Measures Act 2006 (Cth)
[parse] starting
[parser-diag] total <p> elements found: 1349
[parser-unknown-class] "ActHead6", text="Schedule 1—Amendment of the Native Title Act 1993"
[parser-unknown-class] "ActHead9", text="Native Title Act 1993"
[parser-unknown-class] "ItemHead", text="1  Paragraph 60AA(1)(a)"
[parser-unknown-class] "ItemHead", text="2  Subparagraph 193(2)(d)(ii)"
[parser-unknown-class] "ItemHead", text="3  Subparagraphs 193(2)(d)(iii) and (iv)"
[parser-unknown-class] "ItemHead", text="4  At the end of subsection 193(2)"
[parser-unknown-class] "ItemHead", text="5  Paragraph 201B(1)(a)"
[parser-unknown-class] "ItemHead", text="6  Section 222 (after table item dealing with affect)"
[parser-unknown-class] "ItemHead", text="7  Section 253"
[parser-unknown-class] "ItemHead", text="8  Section 253 (definition of registered native title body corporate)"
[parser-unknown-class] "ActHead6", text="Schedule 2—Repeal and amendment of other Acts"
[parser-unknown-class] "ActHead7", text="Part 1—Repeal"
[parser-unknown-class] "ActHead9", text="Aboriginal Councils and Associations Act 1976"
[parser-unknown-class] "ItemHead", text="1  The whole of the Act"
[parser-unknown-class] "ActHead7", text="Part 2—Amendment of Acts"
[parser-unknown-class] "ActHead9", text="Aboriginal and Torres Strait Islander Act 2005"
[parser-unknown-class] "ItemHead", text="2  Subsection 4(1) (paragraph (a) of the definition of Aboriginal or Torres Strait Islander corpo..."
[parser-unknown-class] "ItemHead", text="3  Subsection 4(1) (definition of recognised Aboriginal or Torres Strait Islander organisation)"
[parser-unknown-class] "ActHead9", text="Aboriginal Land (Lake Condah and Framlingham Forest) Act 1987"
[parser-unknown-class] "ItemHead", text="4  Subsection 3(1)"
[parser-unknown-class] "ItemHead", text="5  Subsection 3(1) (definition of Community Council)"
[parser-unknown-class] "ItemHead", text="6  Subsection 3(1) (definition of Governing Committee)"
[parser-unknown-class] "ItemHead", text="7  Subsection 3(1) (definition of Kerrup‑Jmara Elders Aboriginal Corporation)"
[parser-unknown-class] "ItemHead", text="8  Subsection 3(1) (definition of Kirrae Whurrong Aboriginal Corporation)"
[parser-unknown-class] "ItemHead", text="9  Paragraph 13(1)(b)"
[parser-unknown-class] "ItemHead", text="10  Subsection 13(2)"
[parser-unknown-class] "ItemHead", text="11  Subsection 15(5)"
[parser-unknown-class] "ItemHead", text="12  Subsection 16(2)"
[parser-unknown-class] "ItemHead", text="13  Subsection 16(3)"
[parser-unknown-class] "ItemHead", text="14  Paragraph 18(1)(a)"
[parser-unknown-class] "ItemHead", text="15  Subsection 18(5)"
[parser-unknown-class] "ItemHead", text="16  Section 19"
[parser-unknown-class] "ItemHead", text="17  Subparagraphs 19(b)(i) and (ii)"
[parser-unknown-class] "ItemHead", text="18  Section 20"
[parser-unknown-class] "ItemHead", text="19  Paragraph 20(a)"
[parser-unknown-class] "ItemHead", text="20  Subparagraph 20(a)(ii)"
[parser-unknown-class] "ItemHead", text="21  Paragraph 20(b)"
[parser-unknown-class] "ItemHead", text="22  Paragraph 20(b)"
[parser-unknown-class] "ItemHead", text="23  Paragraph 21(1)(b)"
[parser-unknown-class] "ItemHead", text="24  Subsection 21(2)"
[parser-unknown-class] "ItemHead", text="25  Subsection 25(3)"
[parser-unknown-class] "ItemHead", text="26  Paragraph 27(1)(a)"
[parser-unknown-class] "ItemHead", text="27  Subsection 27(5)"
[parser-unknown-class] "ItemHead", text="28  Section 28"
[parser-unknown-class] "ItemHead", text="29  Subparagraphs 28(b)(i) and (ii)"
[parser-unknown-class] "ItemHead", text="30  Section 29"
[parser-unknown-class] "ItemHead", text="31  Paragraph 29(a)"
[parser-unknown-class] "ItemHead", text="32  Subparagraph 29(a)(ii)"
[parser-unknown-class] "ItemHead", text="33  Paragraph 29(b)"
[parser-unknown-class] "ItemHead", text="34  Paragraph 29(b)"
[parser-unknown-class] "ActHead9", text="Aboriginal Land Rights (Northern Territory) Act 1976"
[parser-unknown-class] "ItemHead", text="35  Subsection 3(1)"
[parser-unknown-class] "ItemHead", text="36  Subsection 3(1) (definition of Aboriginal Council)"
[parser-unknown-class] "ItemHead", text="37  Subsection 3(1) (definition of Incorporated Aboriginal Association) (first occurring)"
[parser-unknown-class] "ItemHead", text="38  Subsection 3(1) (definition of Incorporated Aboriginal Association) (second occurring)"
[parser-unknown-class] "ItemHead", text="39  Subsection 7(3)"
[parser-unknown-class] "ItemHead", text="40  Subsection 19(2)"
[parser-unknown-class] "ItemHead", text="41  Subparagraph 19(2)(a)(ii)"
[parser-unknown-class] "ItemHead", text="42  Paragraph 19(2)(b)"
[parser-unknown-class] "ItemHead", text="43  Paragraphs 21A(1)(b) and (c)"
[parser-unknown-class] "ItemHead", text="44  Paragraphs 25(1)(c) and (d)"
[parser-unknown-class] "ItemHead", text="45  Subsection 27(1A)"
[parser-unknown-class] "ItemHead", text="46  Subsection 28(3)"
[parser-unknown-class] "ItemHead", text="47  Subsection 28A(1)"
[parser-unknown-class] "ItemHead", text="48  Subsection 28A(1)"
[parser-unknown-class] "ItemHead", text="49  Subsection 28A(1) (note)"
[parser-unknown-class] "ItemHead", text="50  Subsection 28A(2)"
[parser-unknown-class] "ItemHead", text="51  Subsection 28A(4)"
[parser-unknown-class] "ItemHead", text="52  Subsection 28A(4) (note)"
[parser-unknown-class] "ItemHead", text="53  Subsection 28A(5) (note)"
[parser-unknown-class] "ItemHead", text="54  Subsection 28A(6)"
[parser-unknown-class] "ItemHead", text="55  Subsection 28B(1)"
[parser-unknown-class] "ItemHead", text="56  Subsection 28B(2)"
[parser-unknown-class] "ItemHead", text="57  Subsection 28B(3)"
[parser-unknown-class] "ItemHead", text="58  Subsection 28B(3) (note)"
[parser-unknown-class] "ItemHead", text="59  Subsection 28B(4)"
[parser-unknown-class] "ItemHead", text="60  Subsection 28B(4) (note)"
[parser-unknown-class] "ItemHead", text="61  Paragraph 28B(5)(a)"
[parser-unknown-class] "ItemHead", text="62  Subsection 28B(5) (note)"
[parser-unknown-class] "ItemHead", text="63  Subsection 28B(6) (note)"
[parser-unknown-class] "ItemHead", text="64  Subsection 28B(7)"
[parser-unknown-class] "ItemHead", text="65  Paragraph 28C(1)(a)"
[parser-unknown-class] "ItemHead", text="66  Paragraph 28C(1)(b)"
[parser-unknown-class] "ItemHead", text="67  Subsection 28C(1)"
[parser-unknown-class] "ItemHead", text="68  Subsection 28C(3)"
[parser-unknown-class] "ItemHead", text="69  Paragraph 28C(6)(a)"
[parser-unknown-class] "ItemHead", text="70  Paragraph 28C(6)(b)"
[parser-unknown-class] "ItemHead", text="71  Subsection 28C(7)"
[parser-unknown-class] "ItemHead", text="72  Subsection 28D(1)"
[parser-unknown-class] "ItemHead", text="73  Paragraph 28E(1)(a)"
[parser-unknown-class] "ItemHead", text="74  Subsection 28E(1)"
[parser-unknown-class] "ItemHead", text="75  Subsection 28E(2)"
[parser-unknown-class] "ItemHead", text="76  Subsection 28E(2)"
[parser-unknown-class] "ItemHead", text="77  Subsection 28E(2)"
[parser-unknown-class] "ItemHead", text="78  Section 28F"
[parser-unknown-class] "ItemHead", text="79  Section 28F"
[parser-unknown-class] "ItemHead", text="80  Subsection 35(2)"
[parser-unknown-class] "ItemHead", text="81  Subsection 35(3)"
[parser-unknown-class] "ItemHead", text="82  Subsection 35(4B)"
[parser-unknown-class] "ItemHead", text="83  Subsection 35(9)"
[parser-unknown-class] "ItemHead", text="84  Subsection 35(12)"
[parser-unknown-class] "ItemHead", text="85  Subsection 37(6)"
[parser-unknown-class] "ItemHead", text="86  Subsection 37(6)"
[parser-unknown-class] "ItemHead", text="87  Subsection 71(2)"
[parser-unknown-class] "ActHead9", text="Age Discrimination Act 2004"
[parser-unknown-class] "ItemHead", text="88  Schedule 1 (table item 2)"
[parser-unknown-class] "ItemHead", text="89  Schedule 1 (after table item 18)"
[parser-unknown-class] "ActHead9", text="Commonwealth Authorities and Companies Act 1997"
[parser-unknown-class] "ItemHead", text="90  Paragraph 7(2)(b)"
[parser-unknown-class] "ActHead9", text="Commonwealth Volunteers Protection Act 2003"
[parser-unknown-class] "ItemHead", text="91  Subsection 4(1) (paragraph (a) of the definition of Commonwealth authority)"
[parser-unknown-class] "ActHead9", text="Criminal Code Act 1995"
[parser-unknown-class] "ItemHead", text="92  Dictionary in the Criminal Code (subparagraph (a)(i) of the definition of Commonwealth author..."
[parser-unknown-class] "ItemHead", text="93  Dictionary in the Criminal Code (after paragraph (a) of the definition of Commonwealth author..."
[parser-unknown-class] "ItemHead", text="94  Dictionary in the Criminal Code (subparagraph (n)(i) of the definition of Commonwealth public..."
[parser-unknown-class] "ItemHead", text="95  Dictionary in the Criminal Code (subparagraph (r)(i) of the definition of Commonwealth public..."
[parser-unknown-class] "ItemHead", text="96  Dictionary in the Criminal Code (paragraph (t) of the definition of Commonwealth public offic..."
[parser-unknown-class] "ActHead9", text="Environment Protection and Biodiversity Conservation Act 1999"
[parser-unknown-class] "ItemHead", text="97  Section 528 (subparagraph (i)(ii) of the definition of Commonwealth agency)"
[parser-unknown-class] "ActHead9", text="Income Tax Assessment Act 1936"
[parser-unknown-class] "ItemHead", text="98  Subsection 128U(1) (paragraphs (b) and (c) of the definition of distributing body)"
[parser-unknown-class] "ActHead9", text="Remuneration Tribunal Act 1973"
[parser-unknown-class] "ItemHead", text="99  Subsection 3(1) (definition of Aboriginal Corporation of the National Aboriginal Conference)"
[parser-unknown-class] "ActHead6", text="Schedule 3—Transitional provisions"
[parser-unknown-class] "ActHead7", text="Part 1—Preliminary"
[parser-unknown-class] "ItemHead", text="1  Definitions"
[parser-unknown-class] "Subitem", text="(1) In this Schedule:"
[parser-unknown-class] "Subitem", text="(2) If this Schedule provides for the transitional modifications to be made to a provision that a..."
[parser-unknown-class] "Subitem", text="(3) Terms that are defined for the purposes of the new Act have, when used in this Schedule, the ..."
[parser-unknown-class] "Subitem", text="(4) Terms that are defined for the purposes of the old Act have, when used in this Schedule, the ..."
[parser-unknown-class] "ItemHead", text="2  Maximum transitional period for transitional corporation"
[parser-unknown-class] "Subitem", text="(1) Subject to subitem (2), the maximum transitional period for a transitional corporation is 2 y..."
[parser-unknown-class] "Subitem", text="(2) The CATSI Registrar may, in writing, determine a maximum transitional period, of between 24 a..."
[parser-unknown-class] "Subitem", text="(3) The determination may be expressed to be subject to conditions."
[parser-unknown-class] "Subitem", text="(4) The CATSI Registrar may, in writing, revoke, vary or suspend the determination."
[parser-unknown-class] "Subitem", text="(5) Notice of the making, revocation, variation or suspension of a determination in relation to a..."
[parser-unknown-class] "Subitem", text="(6) A determination under subitem (2) in relation to a specified class of transitional corporatio..."
[parser-unknown-class] "Subitem", text="(7) A determination under subitem (2) in relation to a specified transitional corporation is not ..."
[parser-unknown-class] "ActHead7", text="Part 2—Bringing transitional corporations across to new system"
[parser-unknown-class] "ActHead8", text="Division 1—Registration under the new Act"
[parser-unknown-class] "ItemHead", text="3  Registration under the new Act"
[parser-unknown-class] "Subitem", text="(1) A transitional corporation is taken to be registered as an Aboriginal and Torres Strait Islan..."
[parser-unknown-class] "Subitem", text="(2) The CATSI Registrar must adjust the Register of Aboriginal and Torres Strait Islander Corpora..."
[parser-unknown-class] "Subitem", text="(3) To avoid doubt, section 32‑1 of the new Act does not apply in relation to the registration th..."
[parser-unknown-class] "ItemHead", text="4  Effect of registration on the corporation’s capacity etc."
[parser-unknown-class] "Subitem", text="(1) The registration that is taken to occur because of the operation of subitem 3(1) does not hav..."
[parser-unknown-class] "Subitem", text="(2) Subitem (1) has effect despite section 42‑1 of the new Act."
[parser-unknown-class] "Subitem", text="(3) The registration that is taken to occur because of the operation of subitem 3(1) also does not:"
[parser-unknown-class] "Subitem", text="(4) Any legal proceedings that could have been continued or begun by or against the transitional ..."
[parser-unknown-class] "ItemHead", text="5  Effect of registration on property yet to be vested in the corporation on its incorporation"
[parser-unknown-class] "Subitem", text="(1) This item applies if a person was required under subsection 50(2) of the old Act to take some..."
[parser-unknown-class] "Subitem", text="(2) Subsection 42‑30(3) of the new Act applies to the person, on and after commencement, in relat..."
[parser-unknown-class] "ItemHead", text="6  Circumstances existing before commencement"
[parser-unknown-class] "Subitem", text="(1) For the purposes of applying a provision of the new Act or this Schedule to a transitional co..."
[parser-unknown-class] "Subitem", text="(2) The provision referred to in subitem (1) applies to the transitional corporation with such mo..."
[parser-unknown-class] "Subitem", text="(3) Nothing in this item has the effect of giving a provision of the new Act or this Schedule any..."
[parser-unknown-class] "ActHead8", text="Division 2—Classification of transitional corporations"
[parser-unknown-class] "ItemHead", text="7  All initially classified as medium corporations"
[parser-unknown-class] "Subitem", text="(1) Despite sections 37‑1 and 37‑10 of the new Act, a transitional corporation is taken, on regis..."
[parser-unknown-class] "Subitem", text="(2) The CATSI Registrar must adjust the Register of Aboriginal and Torres Strait Islander Corpora..."
[parser-unknown-class] "ItemHead", text="8  Initial contact persons"
[parser-unknown-class] "Subitem", text="(1) Despite section 42‑10 of the new Act, the contact person of a transitional corporation on reg..."
[parser-unknown-class] "Subitem", text="(2) Sections 257‑15 and 257‑20, and subsection 304‑5(1), of the new Act do not apply in relation ..."
[parser-unknown-class] "Subitem", text="(3) Paragraph 257‑30(a) of the new Act applies to a person who is the corporation’s contact perso..."
[parser-unknown-class] "ItemHead", text="9  Initial document addresses"
[parser-unknown-class] "Subitem", text="(1) For the purposes of section 42‑20 of the new Act, the document access address of a transition..."
[parser-unknown-class] "Subitem", text="(2) This item has effect despite section 42‑20 of the new Act."
[parser-unknown-class] "ItemHead", text="10  CATSI Registrar may re‑classify as large or small corporation"
[parser-unknown-class] "Subitem", text="(1) After commencement, the CATSI Registrar may alter a transitional corporation’s registration s..."
[parser-unknown-class] "Subitem", text="(2) After commencement, the CATSI Registrar may alter a transitional corporation’s registration s..."
[parser-unknown-class] "Subitem", text="(3) An alteration to a transitional corporation’s registration made under subitem (1) or (2) is n..."
[parser-unknown-class] "Subitem", text="(4) The CATSI Registrar must notify a transitional corporation in writing of an alteration made u..."
[parser-unknown-class] "Subitem", text="(5) To avoid doubt, section 4 of the Acts Interpretation Act 1901 applies in relation to this item."
[parser-unknown-class] "ItemHead", text="11  First corporation secretary"
[parser-unknown-class] "Subitem", text="(1) Despite section 42‑10 of the new Act, if:"
[parser-unknown-class] "Subitem", text="(2) The person becomes the corporation’s corporation secretary from:"
[parser-unknown-class] "Subitem", text="(3) Section 257‑5 of the new Act does not apply in relation to a transitional corporation if:"
[parser-unknown-class] "Subitem", text="(4) Sections 257‑15 and 257‑20, and subsection 304‑5(1), of the new Act do not apply in relation ..."
[parser-unknown-class] "Subitem", text="(5) Paragraph 257‑35(a) of the new Act applies to a person who is the corporation’s secretary bec..."
[parse] sections: 3
[parse] compilation: date=(none) no=(none)
[parse] by level:
         section      3
[parser-unknown-class] "Subitem", text="(6) A declaration under subitem (1) is not a legislative instrument."
[parser-unknown-class] "Subitem", text="(7) To avoid doubt, section 4 of the Acts Interpretation Act 1901 applies in relation to this item."
[parser-unknown-class] "ItemHead", text="12  First address of registered office"
[parser-unknown-class] "Subitem", text="(1) For the purposes of section 42‑15 of the new Act, if:"
[parser-unknown-class] "Subitem", text="(2) The address becomes the address of the corporation’s registered office from:"
[parser-unknown-class] "Subitem", text="(3) Division 112 of the new Act does not apply in relation to a transitional corporation if:"
[parser-unknown-class] "Subitem", text="(4) A declaration under subitem (1) is not a legislative instrument."
[parser-unknown-class] "Subitem", text="(5) This item has effect despite section 42‑15 of the new Act."
[parser-unknown-class] "Subitem", text="(6) To avoid doubt, section 4 of the Acts Interpretation Act 1901 applies in relation to this item."
[parser-unknown-class] "ItemHead", text="13  Publishing declarations of first secretary and first address"
[parser-unknown-class] "Subitem", text="(1) The CATSI Registrar must publish a declaration under subitem 11(1) or 12(1) on the internet."
[parser-unknown-class] "Subitem", text="(2) A single instrument can include multiple declarations under subitems 11(1) and 12(1)."
[parser-unknown-class] "ActHead8", text="Division 3—First constitution"
[parser-unknown-class] "ItemHead", text="14  Rules registered as constitution"
[parser-unknown-class] "Subitem", text="(1) A transitional corporation’s Rules in force immediately before commencement, are taken to be ..."
[parser-unknown-class] "Subitem", text="(2) The CATSI Registrar must adjust the Register of Aboriginal and Torres Strait Islander Corpora..."
[parser-unknown-class] "ItemHead", text="15  Effect of registering the Rules as constitution"
[parser-unknown-class] "Subitem", text="(1) Subitem 14(1) does not have the effect of bringing the transitional corporation’s constitutio..."
[parser-unknown-class] "Subitem", text="(2) To avoid doubt, things done before commencement under or in relation to a provision of the tr..."
[parser-unknown-class] "ItemHead", text="16  Circumstances existing after commencement"
[parser-unknown-class] "ItemHead", text="17  Internal governance rules requirements"
[parser-unknown-class] "Subitem", text="(1) Subsection 66‑1(3) and paragraph 66‑1(5)(c) of the new Act apply in relation to a transitiona..."
[parser-unknown-class] "Subitem", text="(2) Subsection 66‑1(4) and section 66‑5 of the new Act do not apply in relation to a transitional..."
[parser-unknown-class] "Subitem", text="(3) Subsection 66‑1(3A) of the new Act does not apply in relation to a transitional corporation d..."
[parser-unknown-class] "Subitem", text="(4) During a transitional corporation’s transitional period:"
[parser-unknown-class] "ItemHead", text="18  Changing constitution during transitional period"
[parser-unknown-class] "ActHead8", text="Division 4—Other effects of registration"
[parser-unknown-class] "ItemHead", text="19  Transitional corporation’s name at commencement"
[parser-unknown-class] "Subitem", text="(1) A transitional corporation’s name, immediately before commencement, is taken to be included, ..."
[parser-unknown-class] "Subitem", text="(2) If, at commencement, a transitional corporation has “Torres Strait Islanders Corporation” as ..."
[parser-unknown-class] "ItemHead", text="20  CATSI Registrar may change the name"
[parser-unknown-class] "Subitem", text="(1) The CATSI Registrar may change a transitional corporation’s name by altering the details of t..."
[parser-unknown-class] "Subitem", text="(2) A change of name under subitem (1) takes effect when the CATSI Registrar alters the details o..."
[parser-unknown-class] "Subitem", text="(3) To avoid doubt, sections 88‑20 and 88‑25 of the new Act apply in relation to a change of name..."
[parser-unknown-class] "ItemHead", text="21  Corporation changing its name during transitional period"
[parser-unknown-class] "ItemHead", text="22  Transitional corporation’s ICN"
[parser-unknown-class] "ItemHead", text="23  Power to exempt from requirement to set out ICN on documents"
[parser-unknown-class] "Subitem", text="(1) The CATSI Registrar may, in writing, determine that section 85‑15 of the new Act does not app..."
[parser-unknown-class] "Subitem", text="(2) The determination may be expressed to be subject to conditions."
[parser-unknown-class] "Subitem", text="(3) The CATSI Registrar may, in writing, revoke, vary or suspend the determination."
[parser-unknown-class] "Subitem", text="(4) Notice of the making, revocation, variation or suspension of a determination in relation to a..."
[parser-unknown-class] "Subitem", text="(5) A determination under subitem (1) in relation to a specified class of transitional corporatio..."
[parser-unknown-class] "Subitem", text="(6) A determination under subitem (1) in relation to a specified transitional corporation is not ..."
[parser-unknown-class] "ItemHead", text="24  Exemption from requirement to set out ICN on pre‑CATSI documents"
[parser-unknown-class] "ItemHead", text="25  First certificate of registration"
[parser-unknown-class] "ItemHead", text="26  CATSI Registrar may issue certificate of registration"
[parser-unknown-class] "Subitem", text="(1) The CATSI Registrar may issue to the transitional corporation a new certificate of registrati..."
[parser-unknown-class] "Subitem", text="(2) A certificate issued under this item is not a legislative instrument."
[parser-unknown-class] "ItemHead", text="27  Common seal"
[parser-unknown-class] "ActHead8", text="Division 5—Members and observers"
[parser-unknown-class] "ItemHead", text="28  Members at commencement"
[parser-unknown-class] "Subitem", text="(1) A person who, immediately before commencement, was a member of a transitional corporation is ..."
[parser-unknown-class] "Subitem", text="(2) Subitem (1) has effect despite subsection 42‑10(1), and sections 138‑1 and 144‑1, of the new ..."
[parser-unknown-class] "ItemHead", text="29  Liability of members after commencement"
[parser-unknown-class] "ItemHead", text="30  Fees for membership"
[parser-unknown-class] "ItemHead", text="31  First register of members"
[parser-unknown-class] "Subitem", text="(1) Subitem (2) applies in relation to the register (the ACA members register), in its form immed..."
[parser-unknown-class] "Subitem", text="(2) The ACA members register is taken to be, at commencement, the transitional corporation’s regi..."
[parser-unknown-class] "Subitem", text="(3) The transitional corporation is taken to have set up that register of members at commencement."
[parser-unknown-class] "Subitem", text="(4) At commencement, the date for a member of a transitional corporation for the purposes of para..."
[parser-unknown-class] "Subitem", text="(5) During a transitional corporation’s transitional period, subsection 180‑5(2) of the new Act d..."
[parser-unknown-class] "ItemHead", text="32  First register of former members"
[parser-unknown-class] "Subitem", text="(1) Subitem (2) applies in relation to the register (the ACA former members register), in its for..."
[parser-unknown-class] "Subitem", text="(2) The ACA former members register is taken to be, at commencement, the transitional corporation..."
[parser-unknown-class] "Subitem", text="(3) The transitional corporation is taken to have set up that register of former members at comme..."
[parser-unknown-class] "ItemHead", text="33  Giving CATSI Registrar a list of members"
[parser-unknown-class] "Subitem", text="(1) A transitional corporation commits an offence if the corporation does not:"
[parser-unknown-class] "Subitem", text="(2) An offence against subitem (1) is an offence of strict liability."
[parser-unknown-class] "Subitem", text="(3) Subitem (1) does not apply if the corporation has a reasonable excuse."
[parser-unknown-class] "ItemHead", text="34  Application of new Act’s observer provisions"
[parser-unknown-class] "ActHead8", text="Division 6—Directors"
[parser-unknown-class] "ItemHead", text="35  First directors—appointment"
[parser-unknown-class] "Subitem", text="(1) A person who, immediately before commencement, was a member of a transitional corporation’s G..."
[parser-unknown-class] "Subitem", text="(2) This item has effect despite subsection 42‑10(1A) of the new Act."
[parser-unknown-class] "Subitem", text="(3) Subsection 246‑5(5) of the new Act does not prevent a person, who holds office under an appoi..."
[parser-unknown-class] "Subitem", text="(4) Subsection 246‑1(3), section 246‑10 and subsection 304‑5(1) of the new Act do not apply in re..."
[parser-unknown-class] "ItemHead", text="36  First directors—period of appointment"
[parser-unknown-class] "Subitem", text="(1) This item applies if a person is taken to be appointed as a director of a transitional corpor..."
[parser-unknown-class] "Subitem", text="(2) The person’s period of appointment as director under that subitem is taken to end at the time..."
[parser-unknown-class] "Subitem", text="(3) This item has effect despite subsection 246‑25(2) of the new Act."
[parser-unknown-class] "ItemHead", text="37  Maximum number of directors"
[parser-unknown-class] "ItemHead", text="38  Majority of director requirements—Aboriginal and Torres Strait Islander persons"
[parser-unknown-class] "Subitem", text="(1) This item applies if, at commencement:"
[parser-unknown-class] "Subitem", text="(2) Until the non‑Indigenous appointees no longer constitute a majority of the corporation’s dire..."
[parser-unknown-class] "Subitem", text="(3) For the purposes of this item, a person ceases to be a non‑Indigenous appointee if the person..."
[parser-unknown-class] "ItemHead", text="39  Majority of director requirements—employees"
[parser-unknown-class] "Subitem", text="(1) This item applies if, at commencement:"
[parser-unknown-class] "Subitem", text="(2) Until the employee appointees no longer constitute a majority of the corporation’s directors:"
[parser-unknown-class] "Subitem", text="(3) For the purposes of this item, a person ceases to be an employee appointee if the person:"
[parser-unknown-class] "ItemHead", text="40  Remuneration"
[parser-unknown-class] "ItemHead", text="41  Disclosures before commencement"
[parser-unknown-class] "Subitem", text="(1) A disclosure of an interest under subsection 49D(1) of the old Act to the members of a transi..."
[parser-unknown-class] "Subitem", text="(2) An approval in accordance with subsection 49D(2) of the old Act by a transitional corporation..."
[parser-unknown-class] "Subitem", text="(3) This item does not limit item 6."
[parser-unknown-class] "ItemHead", text="42  Court power to disqualify for insolvency and non‑payment of debts"
[parser-unknown-class] "Subitem", text="(1) Section 279‑20 of the new Act applies as if:"
[parser-unknown-class] "Subitem", text="(2) Subitem (3) applies for the purposes of the extended application of section 279‑20 of the new..."
[parser-unknown-class] "Subitem", text="(3) In working out who is an officer of a corporation incorporated under Part IV of the old Act, ..."
[parser-unknown-class] "ItemHead", text="43  Court power to disqualify for repeated contraventions"
[parser-unknown-class] "Subitem", text="(1) Section 279‑25 of the new Act applies as if:"
[parser-unknown-class] "Subitem", text="(2) Subitem (3) applies for the purposes of the extended application of section 279‑25 of the new..."
[parser-unknown-class] "Subitem", text="(3) In working out who is an officer of a corporation incorporated under Part IV of the old Act, ..."
[parser-unknown-class] "ItemHead", text="44  CATSI Registrar’s power to disqualify"
[parser-unknown-class] "Subitem", text="(1) Section 279‑30 of the new Act applies as if:"
[parser-unknown-class] "Subitem", text="(2) Subitem (3) applies for the purposes of the extended application of section 279‑30 of the new..."
[parser-unknown-class] "Subitem", text="(3) In working out who is an officer of a corporation incorporated under Part IV of the old Act, ..."
[parser-unknown-class] "ItemHead", text="45  Convictions before commencement"
[parser-unknown-class] "Subitem", text="(1) If:"
[parser-unknown-class] "Subitem", text="(2) Despite subsection 279‑5(2) of the new Act, the person’s period of disqualification for the p..."
[parser-unknown-class] "ActHead8", text="Division 7—Meetings"
[parser-unknown-class] "ItemHead", text="46  First AGM"
[parser-unknown-class] "Subitem", text="(1) Chapter 5 of the new Act does not apply in relation to an AGM of a transitional corporation h..."
[parser-unknown-class] "Subitem", text="(2) The corporation’s directors must call, and conduct, an AGM in accordance with the corporation..."
[parser-unknown-class] "Subitem", text="(3) However, subitems (1) and (2) have no effect in relation to the transitional corporation if:"
[parser-unknown-class] "ItemHead", text="47  First general meeting"
[parser-unknown-class] "ItemHead", text="48  Provisions not applying during transitional period"
[parser-unknown-class] "Subitem", text="(1) The following provisions of the new Act do not apply in relation to a transitional corporatio..."
[parser-unknown-class] "Subitem", text="(2) This item has effect subject to item 85."
[parser-unknown-class] "ActHead8", text="Division 8—Related party benefits"
[parser-unknown-class] "ItemHead", text="49  Related party benefits"
[parser-unknown-class] "Subitem", text="(1) Part 6‑6 of the new Act does not apply in relation to a transitional corporation in relation ..."
[parser-unknown-class] "Subitem", text="(2) In subitem (1):"
[parser-unknown-class] "ActHead8", text="Division 9—Record keeping"
[parser-unknown-class] "ItemHead", text="50  Minutes of meetings"
[parser-unknown-class] "Subitem", text="(1) Despite item 6, subsections 220‑5(1) to (8) of the new Act do not apply in relation to procee..."
[parser-unknown-class] "Subitem", text="(2) Without limiting item 6, Division 220 of the new Act applies in relation to a transitional co..."
[parser-unknown-class] "ItemHead", text="51  Record keeping requirements"
[parser-unknown-class] "Subitem", text="(1) Despite item 6, subsection 322‑10(1) does not apply to records about:"
[parser-unknown-class] "Subitem", text="(2) Without limiting item 6, the financial records that a transitional corporation is required to..."
[parser-unknown-class] "ItemHead", text="52  Books"
[parser-unknown-class] "Subitem", text="(1) The application of Part 7‑8 of the new Act extends to a book of a transitional corporation, t..."
[parser-unknown-class] "Subitem", text="(2) Subitem (1) does not limit item 6, this Division, or Part 7‑8 of the new Act."
[parser-unknown-class] "ActHead8", text="Division 10—Reporting for financial year ending on 30 June 2007"
[parser-unknown-class] "ItemHead", text="53  Corporation’s report"
[parser-unknown-class] "ItemHead", text="54  Content of the corporation’s report"
[parser-unknown-class] "ItemHead", text="55  When the corporation’s report must be prepared"
[parser-unknown-class] "ItemHead", text="56  Examiner’s report"
[parser-unknown-class] "ItemHead", text="57  Lodging the reports and making them available"
[parser-unknown-class] "Subitem", text="(1) The transitional corporation must lodge:"
[parser-unknown-class] "Subitem", text="(2) The transitional corporation must make a copy of the reports mentioned in subitem (1):"
[parser-unknown-class] "ItemHead", text="58  Offence—transitional corporations"
[parser-unknown-class] "Subitem", text="(1) A transitional corporation commits an offence if it fails to comply with this Division."
[parser-unknown-class] "Subitem", text="(2) An offence against subitem (1) is an offence of strict liability."
[parser-unknown-class] "Subitem", text="(3) Subitem (1) does not apply if the transitional corporation has a reasonable excuse."
[parser-unknown-class] "ItemHead", text="59  Offence—directors"
[parser-unknown-class] "Subitem", text="(1) A director of a transitional corporation contravenes this subitem if the director fails to ta..."
[parser-unknown-class] "Subitem", text="(2) A person commits an offence if the person contravenes subitem (1) and the contravention is di..."
[parser-unknown-class] "ActHead8", text="Division 11—Reporting for financial year ending on 30 June 2008"
[parser-unknown-class] "ItemHead", text="60  Election to adopt old Act reporting"
[parser-unknown-class] "Subitem", text="(1) A transitional corporation may elect to report under items 61 to 66 for the financial year en..."
[parser-unknown-class] "Subitem", text="(2) The election must be made in writing and given to the CATSI Registrar before 30 June 2008."
[parser-unknown-class] "Subitem", text="(3) The election is irrevocable."
[parser-unknown-class] "Subitem", text="(4) If a transitional corporation makes an election under subitem (1):"
[parser-unknown-class] "Subitem", text="(5) Items 61 to 66 apply to a transitional corporation only if it makes an election under this item."
[parser-unknown-class] "ItemHead", text="61  Corporation’s report"
[parser-unknown-class] "ItemHead", text="62  Content of the corporation’s report"
[parser-unknown-class] "ItemHead", text="63  When the corporation’s report must be prepared"
[parser-unknown-class] "ItemHead", text="64  Examiner’s report"
[parser-unknown-class] "ItemHead", text="65  Lodging the reports and making them available"
[parser-unknown-class] "Subitem", text="(1) The transitional corporation must lodge:"
[parser-unknown-class] "Subitem", text="(2) The transitional corporation must make a copy of the reports mentioned in subitem (1):"
[parser-unknown-class] "ItemHead", text="66  Offence"
[parser-unknown-class] "Subitem", text="(1) A transitional corporation commits an offence if it fails to comply with a provision of this ..."
[parser-unknown-class] "Subitem", text="(2) An offence against subitem (1) is an offence of strict liability."
[parser-unknown-class] "Subitem", text="(3) For the purposes of Part 7‑6 of the new Act, a reference to Parts 7‑2 and 7‑3 of the new Act ..."
[parser-unknown-class] "ActHead8", text="Division 12—Reporting exemptions"
[parser-unknown-class] "ItemHead", text="67  CATSI Registrar may exempt from reporting"
[parser-unknown-class] "ItemHead", text="68  Preserving old Act exemptions for Division 10"
[parser-unknown-class] "Subitem", text="(1) An instrument:"
[parser-unknown-class] "Subitem", text="(2) Despite the repeal of the old Act, subsections 59A(2) and (3) of the old Act continue to appl..."
[parser-unknown-class] "ActHead8", text="Division 13—Enforcement"
[parser-unknown-class] "ItemHead", text="69  Enforcement under Part 10‑3 of the new Act"
[parser-unknown-class] "Subitem", text="(1) Section 450‑1 of the new Act applies in relation to a transitional corporation as if:"
[parser-unknown-class] "Subitem", text="(2) Section 453‑1 of the new Act applies in relation to a transitional corporation as if the refe..."
[parser-unknown-class] "Subitem", text="(3) Without limiting item 4 or 6:"
[parser-unknown-class] "Subitem", text="(4) Subitems (1) and (2) do not limit item 6."
[parser-unknown-class] "ItemHead", text="70  Compliance with this Schedule"
[parser-unknown-class] "ActHead8", text="Division 14—Special administration"
[parser-unknown-class] "ItemHead", text="71  Grounds for special administration"
[parser-unknown-class] "ActHead8", text="Division 15—Winding up"
[parser-unknown-class] "ItemHead", text="72  Grounds for Court ordered winding up"
[parser-unknown-class] "ActHead7", text="Part 3—Matters pending under old Act immediately before commencement"
[parser-unknown-class] "ActHead8", text="Division 1—Applications for incorporation"
[parser-unknown-class] "ItemHead", text="73  Division applies to pending applications for incorporation under old Act"
[parser-unknown-class] "Subitem", text="(1) This Division applies to an application made under section 43 of the old Act by the committee..."
[parser-unknown-class] "Subitem", text="(2) For the purposes of this item, the application is taken to be still pending before commenceme..."
[parser-unknown-class] "ItemHead", text="74  Pending application treated as application under new Act"
[parser-unknown-class] "SubitemHead", text="Application treated as application under section 21‑1 of new Act"
[parser-unknown-class] "Subitem", text="(1) On commencement, the application is taken to be an application under section 21‑1 of the new ..."
[parser-unknown-class] "SubitemHead", text="Applicant in relation to application under section 21‑1 of the new Act"
[parser-unknown-class] "Subitem", text="(2) The CATSI Registrar must request the committee of the association, in writing, to advise the ..."
[parser-unknown-class] "Subitem", text="(3) If the committee of the association advises the CATSI Registrar of the name and address of th..."
[parser-unknown-class] "Subitem", text="(4) If the committee of the association does not comply with the request under subitem (2), the C..."
[parser-unknown-class] "Subitem", text="(5) The CATSI Registrar may also treat the application under section 21‑1 of the new Act as havin..."
[parser-unknown-class] "SubitemHead", text="Registrar’s power to seek further information"
[parser-unknown-class] "Subitem", text="(6) Without limiting section 21‑10 of the new Act, the CATSI Registrar may, under that section, r..."
[parser-unknown-class] "ItemHead", text="75  Pending invitations to change application"
[parser-unknown-class] "Subitem", text="(1) This item applies if, before commencement:"
[parser-unknown-class] "Subitem", text="(2) The ACA Registrar’s refusal to issue a certificate of incorporation to the association is tak..."
[parser-unknown-class] "Subitem", text="(3) The invitation to the committee of the association is taken to be an invitation given to the ..."
[parser-unknown-class] "ItemHead", text="76  Pending notifications under subsection 45(4) of the old Act"
[parser-unknown-class] "Subitem", text="(1) This item applies if, before commencement, the ACA Registrar:"
[parser-unknown-class] "Subitem", text="(2) The ACA Registrar’s refusal to issue a certificate of incorporation to the association is tak..."
[parser-unknown-class] "Subitem", text="(3) The invitation to the committee of the association is taken to be an invitation given to the ..."
[parser-unknown-class] "Subitem", text="(4) The notification under subsection 45(4) of the old Act is taken to be advice given to the CAT..."
[parser-unknown-class] "ItemHead", text="77  No AAT review of decisions made before commencement"
[parser-unknown-class] "ActHead8", text="Division 2—Application for name change"
[parser-unknown-class] "ItemHead", text="78  Application made under section 53 of old Act but not decided"
[parser-unknown-class] "Subitem", text="(1) This item applies if:"
[parser-unknown-class] "Subitem", text="(2) The application is taken to be an application lodged with the CATSI Registrar under subsectio..."
[parser-unknown-class] "Subitem", text="(3) Paragraph 88‑1(1)(a) and subsections 88‑1(2) and (3) of the new Act do not apply in relation ..."
[parser-unknown-class] "ItemHead", text="79  Application made under section 53 of old Act and approval given"
[parser-unknown-class] "Subitem", text="(1) This item applies if:"
[parser-unknown-class] "Subitem", text="(2) The CATSI Registrar must change the corporation’s name by altering the details of the corpora..."
[parser-unknown-class] "Subitem", text="(3) For the purposes of the new Act, the change of name takes effect when the CATSI Registrar alt..."
[parser-unknown-class] "ActHead8", text="Division 3—Changes to constitution"
[parser-unknown-class] "ItemHead", text="80  Changes to constitution made but not approved before commencement"
[parser-unknown-class] "Subitem", text="(1) This item applies if, before commencement:"
[parser-unknown-class] "Subitem", text="(2) This item also applies if, before commencement:"
[parser-unknown-class] "Subitem", text="(3) The alteration is taken, for the purposes of subsection 69‑5(1) of the new Act, to be a chang..."
[parser-unknown-class] "Subitem", text="(4) The transitional corporation is taken, for the purposes of the new Act, to have passed a spec..."
[parser-unknown-class] "Subitem", text="(5) Subsection 69‑20(1) of the new Act applies to the change to the constitution as if:"
[parser-unknown-class] "ActHead8", text="Division 4—Meetings called before commencement"
[parser-unknown-class] "ItemHead", text="81  Meeting called by Governing Committee"
[parser-unknown-class] "Subitem", text="(1) This item applies if, before commencement:"
[parser-unknown-class] "Subitem", text="(2) To avoid doubt, the meeting may be held despite the repeal of subsections 58B(1) and (2) of t..."
[parser-unknown-class] "ItemHead", text="82  Meeting date advertised by Governing Committee but meeting not held within 14 days after adve..."
[parser-unknown-class] "Subitem", text="(1) This item applies if:"
[parser-unknown-class] "Subitem", text="(2) For the purposes of paragraph 439‑10(1)(a) of the new Act:"
[parser-unknown-class] "Subitem", text="(3) This item does not limit item 6."
[parser-unknown-class] "ItemHead", text="83  Meeting called by ACA Registrar"
[parser-unknown-class] "Subitem", text="(1) If, before commencement:"
[parser-unknown-class] "Subitem", text="(2) If, before commencement:"
[parser-unknown-class] "Subitem", text="(3) If, before commencement:"
[parser-unknown-class] "ItemHead", text="84  Request to ACA Registrar to call meeting"
[parser-unknown-class] "Subitem", text="(1) This item applies if, before commencement:"
[parser-unknown-class] "Subitem", text="(2) The request has effect as if the request:"
[parser-unknown-class] "ItemHead", text="85  Request to Governing Committee to call meeting"
[parser-unknown-class] "Subitem", text="(1) If, before commencement:"
[parser-unknown-class] "Subitem", text="(2) If, before commencement:"
[parser-unknown-class] "Subitem", text="(3) If, before commencement:"
[parser-unknown-class] "ActHead8", text="Division 5—Compliance and enforcement steps"
[parser-unknown-class] "ItemHead", text="86  Notice by ACA Registrar under subsection 68(2) of the old Act"
[parser-unknown-class] "Subitem", text="(1) This item applies if, before commencement:"
[parser-unknown-class] "Subitem", text="(2) The notice has effect as if it had been given by the CATSI Registrar under subsection 453‑5(1..."
[parser-unknown-class] "ItemHead", text="87  Request by ACA Registrar for membership list"
[parser-unknown-class] "Subitem", text="(1) If, before commencement:"
[parser-unknown-class] "Subitem", text="(2) The transitional corporation commits an offence if it contravenes subitem (1)."
[parser-unknown-class] "Subitem", text="(3) An offence against subitem (2) is an offence of strict liability."
[parser-unknown-class] "Subitem", text="(4) In this item:"
[parser-unknown-class] "ActHead8", text="Division 6—Administrations"
[parser-unknown-class] "ItemHead", text="88  Show cause notice given under subsection 71(1) of the old Act"
[parser-unknown-class] "Subitem", text="(1) This item applies if, before commencement:"
[parser-unknown-class] "Subitem", text="(2) The notice is taken to have:"
[parser-unknown-class] "Subitem", text="(3) If the ACA Registrar had not, before commencement, decided to appoint an Administrator, the C..."
[parser-unknown-class] "Subitem", text="(4) The CATSI Registrar may determine, under subsection 487‑1(1) of the new Act, that the transit..."
[parser-unknown-class] "Subitem", text="(5) If the ACA Registrar had, before commencement, decided to appoint an Administrator, the CATSI..."
[parser-unknown-class] "ItemHead", text="89  Appointment of Administrator"
[parser-unknown-class] "Subitem", text="(1) This item applies if, before commencement:"
[parser-unknown-class] "Subitem", text="(2) The CATSI Registrar is taken to have determined under subsection 487‑1(1) of the new Act that..."
[parser-unknown-class] "Subitem", text="(3) The CATSI Registrar is taken to have appointed the person under subsection 490‑1(1) of the ne..."
[parser-unknown-class] "Subitem", text="This item has effect despite the period specified in the appointment. The CATSI Registrar may ext..."
[parser-unknown-class] "Subitem", text="(4) Without limiting subitems (2) and (3), any proceedings that had been commenced before commenc..."
[parser-unknown-class] "Subitem", text="(5) If notice of the appointment of the Administrator and the period of the appointment had been ..."
[parser-unknown-class] "Subitem", text="(6) To avoid doubt, section 496‑5 of the new Act does not apply in relation to the determination ..."
[parser-unknown-class] "Subitem", text="(7) Item 38 of the table in section 617‑1 of the new Act does not apply to the determination that..."
[parser-unknown-class] "ItemHead", text="90  Effect of appointment on receivers and administrators"
[parser-unknown-class] "Subitem", text="(1) This item applies if:"
[parser-unknown-class] "Subitem", text="(2) Subsections 496‑10(7) and 496‑15(7) of the new Act do not apply in relation to the special ad..."
[parser-unknown-class] "ItemHead", text="91  Cancellation or variation of employment contracts"
[parser-unknown-class] "Subitem", text="(1) This item applies if, before commencement, an Administrator for a transitional corporation ha..."
[parser-unknown-class] "Subitem", text="(2) To avoid doubt:"
[parser-unknown-class] "ItemHead", text="92  Administrator’s remuneration"
[parser-unknown-class] "Subitem", text="(1) This item applies if a person is taken, under subitem 89(3), to have been appointed as a spec..."
[parser-unknown-class] "Subitem", text="(2) If, immediately before commencement, a determination by the ACA Registrar of the person’s rem..."
[parser-unknown-class] "Subitem", text="(3) If, immediately before commencement, a direction by the ACA Registrar in relation to the pers..."
[parser-unknown-class] "Subitem", text="(4) Subitem (3) has effect only to the extent to which the direction provides for the person’s re..."
[parser-unknown-class] "ItemHead", text="93  Elections conducted by Registrar"
[parser-unknown-class] "Subitem", text="(1) This item applies if, before commencement:"
[parser-unknown-class] "Subitem", text="(2) The CATSI Registrar may complete the conduct of the election."
[parser-unknown-class] "Subitem", text="(3) The election is taken, for the purposes of the new Act, to be an election conducted to fill t..."
[parser-unknown-class] "ItemHead", text="94  Indemnity for Administrator"
[parser-unknown-class] "ActHead8", text="Division 7—Corporations Act administrations"
[parser-unknown-class] "ItemHead", text="95  Appointment of administrator under Part 5.3A of the Corporations Act"
[parser-unknown-class] "Subitem", text="(1) This item applies if, before commencement:"
[parser-unknown-class] "Subitem", text="(2) The administration may be continued and completed as if the administrator had been appointed ..."
[parser-unknown-class] "Subitem", text="(3) Without limiting paragraph 521‑1(2)(b) of the new Act, regulations made under the new Act for..."
[parser-unknown-class] "ActHead8", text="Division 8—Windings up"
[parser-unknown-class] "ItemHead", text="96  Court winding up commenced under old Act"
[parser-unknown-class] "Subitem", text="(1) This item applies if, before commencement:"
[parser-unknown-class] "Subitem", text="(2) The winding up may be continued and completed under the new Act as if the Court had made an o..."
[parser-unknown-class] "Subitem", text="(3) Without limiting subitem (2), a liquidator appointed before commencement to carry out the win..."
[parser-unknown-class] "Subitem", text="(4) Without limiting paragraph 526‑35(2)(b) of the new Act, regulations made under the new Act fo..."
[parser-unknown-class] "ItemHead", text="97  Voluntary winding up commenced under old Act"
[parser-unknown-class] "Subitem", text="(1) This item applies if, before commencement:"
[parser-unknown-class] "Subitem", text="(2) The winding up may be continued and completed under the new Act as if it were a voluntary win..."
[parser-unknown-class] "Subitem", text="(3) Without limiting subitem (2), a liquidator appointed before commencement to carry out the win..."
[parser-unknown-class] "Subitem", text="(4) Without limiting paragraph 526‑35(2)(b) of the new Act, regulations made under the new Act fo..."
[parser-unknown-class] "ItemHead", text="98  Petition to Court"
[parser-unknown-class] "Subitem", text="(1) This item applies if, before commencement:"
[parser-unknown-class] "Subitem", text="(2) For the purposes of the new Act:"
[parser-unknown-class] "Subitem", text="(3) Paragraph (2)(g) does not limit the Court’s powers to give a direction in relation to the pro..."
[parser-unknown-class] "ItemHead", text="99  Special resolution to wind up transitional corporation"
[parser-unknown-class] "Subitem", text="(1) This item applies if, before commencement:"
[parser-unknown-class] "Subitem", text="(2) For the purposes of section 526‑20 of the new Act, the members of the transitional corporatio..."
[parser-unknown-class] "Subitem", text="(3) Subsection 526‑20(5) of the new Act does not apply to the resolution."
[parser-unknown-class] "Subitem", text="(4) If the public officer of the transitional corporation had, before commencement, lodged with t..."
[parser-unknown-class] "Subitem", text="(5) If the ACA Registrar had, before commencement, published in the Gazette, on a particular day,..."
[parser-unknown-class] "ItemHead", text="100  Resolution about distribution of surplus assets in winding up"
[parser-unknown-class] "Subitem", text="(1) This item applies if, before commencement:"
[parser-unknown-class] "Subitem", text="(2) For the purposes of sections 526‑25 and 526‑30 of the new Act, the resolution has effect as i..."
[parser-unknown-class] "ActHead8", text="Division 9—Deregistration and reinstatement"
[parser-unknown-class] "ItemHead", text="101  Deregistration process commenced under old Act"
[parser-unknown-class] "Subitem", text="(1) This item applies if, before commencement:"
[parser-unknown-class] "Subitem", text="(2) The process may be continued and completed under those regulations as if:"
[parser-unknown-class] "ItemHead", text="102  Reinstatement process commenced under old Act"
[parser-unknown-class] "Subitem", text="(1) This item applies if, before commencement:"
[parser-unknown-class] "Subitem", text="(2) The process may be continued and completed under those regulations as if:"
[parser-unknown-class] "ActHead7", text="Part 4—Administrative matters, compliance and enforcement"
[parser-unknown-class] "ActHead8", text="Division 1—Compliance and enforcement"
[parser-unknown-class] "ItemHead", text="103  Use of information etc. obtained under the old Act"
[parser-unknown-class] "ItemHead", text="104  Fees that became payable before commencement but were not paid"
[parser-unknown-class] "ItemHead", text="105  Fees paid in advance before commencement"
[parser-unknown-class] "Subitem", text="(1) If:"
[parser-unknown-class] "Subitem", text="(2) For the purpose of this item, the matter of the registration of an Aboriginal and Torres Stra..."
[parser-unknown-class] "ItemHead", text="106  Reinstatement of Aboriginal associations incorporated under Part IV of the old Act that were..."
[parser-unknown-class] "Subitem", text="(1) This item applies if, before commencement:"
[parser-unknown-class] "Subitem", text="(2) Section 546‑40 of the new Act applies to the Association as if:"
[parser-unknown-class] "Subitem", text="(3) Subitems (4) and (5) apply if the Association is registered under section 546‑40 of the new A..."
[parser-unknown-class] "Subitem", text="(4) Paragraph 546‑40(5)(b) of the new Act does not apply in relation to the Association’s registr..."
[parser-unknown-class] "Subitem", text="(5) A person who was a member of the Association’s Governing Committee immediately before the Ass..."
[parser-unknown-class] "ItemHead", text="107  Extensions of time"
[parser-unknown-class] "Subitem", text="(1) This item applies if, before commencement:"
[parser-unknown-class] "Subitem", text="(2) The extension of the time for performing that act, or doing that thing, continues to have eff..."
[parser-unknown-class] "ItemHead", text="108  Registrar’s power to exempt"
[parser-unknown-class] "Subitem", text="(1) On an application made in accordance with subitem (2) in relation to a transitional corporati..."
[parser-unknown-class] "Subitem", text="(2) The application must:"
[parser-unknown-class] "Subitem", text="(3) The determination may:"
[parser-unknown-class] "Subitem", text="(4) The CATSI Registrar may, in writing, revoke, vary or suspend the determination."
[parser-unknown-class] "Subitem", text="(5) The CATSI Registrar must give the applicant written notice within 28 days of the making, revo..."
[parser-unknown-class] "Subitem", text="(6) A determination under subitem (1), or a revocation, variation or suspension under subitem (4)..."
[parser-unknown-class] "ItemHead", text="109  Registrar may make determination even if application is incomplete"
[parser-unknown-class] "ItemHead", text="110  Registrar’s power to make determinations"
[parser-unknown-class] "Subitem", text="(1) The CATSI Registrar may determine in writing that:"
[parser-unknown-class] "Subitem", text="(2) The determination may:"
[parser-unknown-class] "Subitem", text="(3) The CATSI Registrar may, in writing, revoke, vary or suspend the determination."
[parser-unknown-class] "Subitem", text="(4) Notice of the making, revocation, variation or suspension of a determination in relation to a..."
[parser-unknown-class] "Subitem", text="(5) A determination under subitem (1) in relation to:"
[parser-unknown-class] "Subitem", text="(6) A determination under subitem (1) in relation to:"
[parser-unknown-class] "ItemHead", text="111  Criteria for determinations"
[parser-unknown-class] "Subitem", text="(1) In making a determination under item 108 or 110, the CATSI Registrar must be satisfied that t..."
[parser-unknown-class] "Subitem", text="(2) In deciding for the purposes of subitem (1) if the relevant provision imposes an unreasonable..."
[parser-unknown-class] "ActHead8", text="Division 2—The Registrar"
[parser-unknown-class] "ItemHead", text="112  Appointment of Registrar"
[parser-unknown-class] "Subitem", text="(1) The person who, immediately before commencement held office as the ACA Registrar is taken, at..."
[parser-unknown-class] "Subitem", text="(2) The period for which the person is taken to have been appointed as CATSI Registrar under subi..."
[parser-unknown-class] "ItemHead", text="113  References to ACA Registrar in documents"
[parser-unknown-class] "Subitem", text="(1) This item applies to an instrument if it:"
[parser-unknown-class] "Subitem", text="(2) An instrument to which this item applies continues to have effect from commencement as if a r..."
[parser-unknown-class] "Subitem", text="(3) The Minister may, by writing, determine that subitem (2) does not apply in relation to a spec..."
[parser-unknown-class] "Subitem", text="(4) The regulations may provide that an instrument containing a reference specified in a determin..."
[parser-unknown-class] "Subitem", text="(5) A determination under subitem (3) is not a legislative instrument."
[parser-unknown-class] "Subitem", text="(6) For the purposes of this item, an instrument:"
[parser-unknown-class] "ItemHead", text="114  Substitution of CATSI Registrar as a party to pending proceedings"
[parser-unknown-class] "ActHead8", text="Division 3—Other administrative matters"
[parser-unknown-class] "ItemHead", text="115  Compensation for acquisition of property"
[parser-unknown-class] "Subitem", text="(1) If the operation of this Schedule would result in an acquisition of property from a person ot..."
[parser-unknown-class] "Subitem", text="(2) If the Commonwealth and the person do not agree on the amount of the compensation, the person..."
[parser-unknown-class] "Subitem", text="(3) In this item:"
[parser-unknown-class] "ItemHead", text="116  Regulations"
[parser-unknown-class] "Subitem", text="(1) The Governor‑General may make regulations prescribing matters:"
[parser-unknown-class] "Subitem", text="(2) In particular, regulations may be made prescribing matters of a transitional nature (includin..."
[parser-unknown-class] "Subitem", text="(3) Regulations made for the purposes of paragraph (2)(c) or (d) must not:"
[parser-unknown-class] "ActNotesa", text="(a) Subsection 2(1) (items 31 and 38) of the Statute Law Revision Act 2010 provides as follows:"
[parser-unknown-class] "ActNotes1", text="(1) Each provision of this Act specified in column 1 of the table commences, or is taken to have ..."
[parser-diag] processed 1349 <p> elements
[parser-diag] last section was added at element index: 85
[parser-diag] state phase at end: BODY
[parser-diag] hierarchy stack depth at end: 1
[parser-diag] insideSchedule at end: false
[db] inserted new legislation row: 839edebd-ef91-463f-a86d-0c95161d9095
[db] inserting 3 sections (pass 1)
[db] inserted 3 sections
[db] linking parent FKs (pass 2)
[db] linked 0 parent references

[done] ingested Corporations (Aboriginal and Torres Strait Islander) Consequential, Transitional and Other Measures Act 2006
       legislation_id: 839edebd-ef91-463f-a86d-0c95161d9095
       sections: 3
       compilation: 2010-03-01
