[fetch] document_1: https://www.legislation.gov.au/C2004A03268/2026-03-19/2026-03-19/text/original/epub/OEBPS/document_1/document_1.html
[fetch] document_1: 1,866,646 bytes
[fetch] document_2: https://www.legislation.gov.au/C2004A03268/2026-03-19/2026-03-19/text/original/epub/OEBPS/document_2/document_2.html
[fetch] document_2: 2,283,092 bytes
[fetch] document_3: https://www.legislation.gov.au/C2004A03268/2026-03-19/2026-03-19/text/original/epub/OEBPS/document_3/document_3.html
[fetch] document_3: 1,317,452 bytes
[fetch] document_4: https://www.legislation.gov.au/C2004A03268/2026-03-19/2026-03-19/text/original/epub/OEBPS/document_4/document_4.html
[fetch] document_4: 3,235,947 bytes
[fetch] document_5: https://www.legislation.gov.au/C2004A03268/2026-03-19/2026-03-19/text/original/epub/OEBPS/document_5/document_5.html
[fetch] document_5 not found — stopping. Fetched 4 document(s).
[fetch] combined 4 document(s), 8,703,137 source bytes → 8,679,311 combined bytes
[citation] Veterans' Entitlements Act 1986 (Cth)
[parse] starting
[parser-diag] total <p> elements found: 30022
[parser-unknown-class] "BoxStep", text="Step 1. Work out the total amount of the pension that would have been paid to the veteran during ..."
[parser-unknown-class] "BoxStep", text="Step 2. Work out the total amount (if any) of the pension that was paid to the veteran during the..."
[parser-unknown-class] "BoxStep", text="Step 3. Subtract the amount obtained in Step 2 from the amount obtained in Step 1. The result is ..."
[parser-unknown-class] "BoxStep", text="Step 4. Work out the total amount of social security pension or benefit, service pension, income ..."
[parser-unknown-class] "BoxStep", text="Step 5. Work out the total amount (if any) of social security pension or benefit, service pension..."
[parser-unknown-class] "BoxStep", text="Step 6. Subtract the amount obtained in step 5 from the amount obtained in step 4. The result is ..."
[parser-unknown-class] "BoxStep", text="Step 6A. Subtract the recovered amount (if any) from the notional excess payment. The result is c..."
[parser-unknown-class] "BoxStep", text="Step 7. If the excess payment is equal to or more than the provisional arrears, the pension payab..."
[parser-unknown-class] "BoxStep", text="Step 8. If the excess payment is less than the provisional arrears, the amount of the pension pay..."
[parser-unknown-class] "BoxStep", text="Step 1. Calculate the total value of the person’s financial assets and compare it with the person..."
[parser-unknown-class] "BoxNote", text="Note 1: For financial assets see subsection 5J(1)."
[parser-unknown-class] "BoxNote", text="Note 2: For deeming threshold see subsection 46H(1)."
[parser-unknown-class] "BoxStep", text="Step 2. This step applies only if the total value of the person’s financial assets is equal to or..."
[parser-unknown-class] "BoxNote", text="Note: For below threshold rate see subsection 46J(1)."
[parser-unknown-class] "BoxStep", text="Step 3. This step applies only if the total value of the person’s financial assets is higher than..."
[parser-unknown-class] "BoxNote", text="Note: For above threshold rate see subsection 46J(2)."
[parser-unknown-class] "BoxStep", text="Step 1. Calculate the total value of the couple’s financial assets and compare it with the couple..."
[parser-unknown-class] "BoxNote", text="Note 1: For financial assets see subsection 5J(1)."
[parser-unknown-class] "BoxNote", text="Note 2: For deeming threshold see subsection 46H(2)."
[parser-unknown-class] "BoxStep", text="Step 2. This step applies only if the total value of the couple’s financial assets is equal to or..."
[parser-unknown-class] "BoxNote", text="Note: For below threshold rate see subsection 46J(1)."
[parser-unknown-class] "BoxStep", text="Step 3. This step applies only if the total value of the couple’s financial assets is higher than..."
[parser-unknown-class] "BoxNote", text="Note: For above threshold rate see subsection 46J(2)."
[parser-unknown-class] "BoxStep", text="Step 1. Work out, in relation to a man aged 65 on the person’s assessment day for the income stre..."
[parser-unknown-class] "BoxNote", text="Note: The number of expected years remaining in a 65‑year old man’s life is used no matter how ol..."
[parser-unknown-class] "BoxStep", text="Step 2. Increase the number of years at step 1 by 65."
[parser-unknown-class] "BoxStep", text="Step 3. Subject to step 4, the person’s threshold day for the income stream is the later of the f..."
[parser-unknown-class] "BoxStep", text="Step 4. If the income stream is a joint income stream, the person’s threshold day for the income ..."
[parser-unknown-class] "BoxStep", text="Step 1. Add together the value of the assets referred to in paragraph (1)(b): the result is calle..."
[parser-unknown-class] "BoxStep", text="Step 2. Add together the value of the liabilities referred to in paragraph (1)(c): the result is ..."
[parser-unknown-class] "BoxStep", text="Step 3. Take the total liability away from the unencumbered value: the result is the value of the..."
[parser-unknown-class] "BoxStep", text="Step 1. Work out the sum of the amount of pension received by the person from time to time under ..."
[parser-unknown-class] "BoxStep", text="Step 1A. Add to the primary loan amount the amount of any home equity access scheme advance payme..."
[parser-unknown-class] "BoxStep", text="Step 2. Take away from the advance payment adjusted amount the sum of the amount of pension (if a..."
[parser-unknown-class] "BoxStep", text="Step 3. Add to the basic amount of debt the amount of interest payable. The interest payable is c..."
[parser-unknown-class] "BoxStep", text="Step 4. Add to the amount of debt including interest the amount of any registration costs payable..."
[parser-unknown-class] "BoxStep", text="Step 5. From the total amount of debt take away any amount of the debt already paid to the Common..."
[parser-unknown-class] "BoxStep", text="Step 1. Use section 59D to work out the indexation factor for the amount on the indexation day."
[parser-unknown-class] "BoxStep", text="Step 2. Work out the current figure for the amount immediately before the indexation day."
[parser-unknown-class] "BoxStep", text="Step 3. Multiply the current figure by the indexation factor: the result is the provisional index..."
[parser-unknown-class] "BoxStep", text="Step 5. Use section 59E to round off the provisional indexed amount: subject to section 59EAA, th..."
[parser-unknown-class] "BoxStep", text="The indexed amount (including one replaced under section 59EAA) may be increased under section 59..."
[parser-unknown-class] "BoxStep", text="Step 1. Use section 59EAB to work out the living cost indexation factor on that indexation day."
[parser-unknown-class] "BoxStep", text="Step 2. Work out the current figure for the pension MBR amount immediately before that indexation..."
[parser-unknown-class] "BoxNote", text="Note: For current figure see subsection 5NA(1)."
[parser-unknown-class] "BoxStep", text="Step 3. Multiply the current figure by the living cost indexation factor: the result is the provi..."
[parser-unknown-class] "BoxStep", text="Step 4. Use section 59EAC to round off the provisional living cost amount: the result is the livi..."
[parser-unknown-class] "BoxStep", text="Step 1. Work out the amount substituted for the pension MBR amount (see item 1 of the table in se..."
[parser-unknown-class] "BoxStep", text="Step 2. Multiply the amount worked out at step 1 by 2."
[parser-unknown-class] "BoxStep", text="Step 3. Work out 66.33% of the amount worked out at step 2."
[parser-unknown-class] "BoxStep", text="Step 4. Round the amount worked out at step 3 to the nearest multiple of $2.60 (rounding up if ne..."
[parser-unknown-class] "BoxStep", text="Step 1. Work out 3/52 of the person’s advance payment eligible amount."
[parser-unknown-class] "BoxStep", text="Step 2. Work out the annual rate at which pension was payable to the person on the last payday be..."
[parser-unknown-class] "BoxStep", text="Step 3. Work out the smaller of the result of step 1 and:"
[parser-unknown-class] "BoxStep", text="Step 4. Subtract the following from the result of step 3:"
[parser-unknown-class] "BoxStep", text="Step 5. The result of step 4 (rounded to the nearest cent (rounding 0.5 cents upwards)) is the ma..."
[parser-unknown-class] "BoxStep", text="Step 1. Work out the amount of the person’s adjusted taxable income for the reference tax year."
[parser-unknown-class] "BoxStep", text="Step 1A. If, at the test time, the person, or the person’s partner (if any), has at least one lon..."
[parser-unknown-class] "BoxStep", text="Step 1B. Work out the sum of the amounts at step 1 and step 1A (if any)."
[parser-unknown-class] "BoxStep", text="Step 2. Work out the person’s seniors health card income limit using point 118ZZA‑11."
[parser-unknown-class] "BoxStep", text="Step 3. Work out whether the amount at step 1B exceeds the seniors health card income limit."
[parser-unknown-class] "BoxStep", text="Step 4. If the amount at step 1B is less than the person’s seniors health card income limit, the ..."
[parser-unknown-class] "BoxStep", text="Step 5. If the amount at step 1B is equal to or exceeds the person’s seniors health card income l..."
[parser-unknown-class] "BoxStep", text="Step 1. Work out the total value of all of the person’s long‑term financial assets (see point 118..."
[parser-unknown-class] "BoxStep", text="Step 2. Work out under section 46D the amount of ordinary income the person would be taken to rec..."
[parser-unknown-class] "BoxStep", text="Step 3. The result at step 2 is the person’s deemed income amount."
[parser-unknown-class] "BoxStep", text="Step 1. Work out the total value of all of the person’s long‑term financial assets (see point 118..."
[parser-unknown-class] "BoxStep", text="Step 2. If, at the test time, the person’s partner has reached the minimum age mentioned in secti..."
[parser-unknown-class] "BoxStep", text="Step 3. Work out under section 46E the amount of ordinary income the couple would be taken to rec..."
[parser-unknown-class] "BoxStep", text="Step 4. Divide the amount at step 3 by 2: the result is the person’s deemed income amount."
[parser-unknown-class] "BoxStep", text="Step 1. Work out the amount substituted under section 59LA for the amount specified in point SCH6..."
[parser-unknown-class] "BoxStep", text="Step 2. Work out what would have been the indexed rate substituted under section 198E for the rat..."
[parser-unknown-class] "BoxStep", text="Step 3. Work out, on the assumption that section 198F and subsection 118SA(1) had not been repealed:"
[parser-unknown-class] "BoxNote", text="Note: Subsection 118SA(1) dealt with telephone allowance for certain persons with internet connec..."
[parser-unknown-class] "BoxStep", text="Step 4. Add up:"
[parser-unknown-class] "BoxStep", text="Step 5. If the result of step 4 is not a multiple of $2.60, round that result up to the nearest m..."
[parser-unknown-class] "BoxStep", text="Step 1. Work out the current figure for the affected amount on 19 March 2001."
[parser-unknown-class] "BoxStep", text="Step 2. Multiply the current figure by 0.02. The result is the provisional overall adjustment amo..."
[parser-unknown-class] "BoxStep", text="Step 3. Round off the provisional overall adjustment amount in accordance with subsections (6) to..."
[parser-unknown-class] "BoxStep", text="The result is the overall adjustment amount."
[parser-unknown-class] "BoxStep", text="Step 4. For the first indexation day for an affected amount that occurs after 19 March 2001, subt..."
[parser-unknown-class] "BoxStep", text="Step 5. Compare the overall adjustment amount with the first indexation increase amount. If the o..."
[parser-unknown-class] "BoxStep", text="Step 6. Subtract the overall adjustment amount from the indexed amount referred to in step 4."
[parser-unknown-class] "BoxStep", text="Step 7. If the indexed amount is a pension supplement, round off the result in accordance with su..."
[parser-unknown-class] "BoxStep", text="Step 8. The result obtained under step 6 or step 7 (as the case requires) is taken to be the inde..."
[parser-unknown-class] "BoxNote", text="Note: The indexed amount for the purposes of step 5 of the method statement in subsection 59C(2) ..."
[parser-unknown-class] "BoxStep", text="Step 9. The indexed amount for the purposes of step 5 of the method statement in subsection 59C(2..."
[parser-unknown-class] "BoxNote", text="Note: The indexed amount for the purposes of step 5 of the method statement in subsection 59C(2) ..."
[parser-unknown-class] "BoxStep", text="Step 10. For the second indexation day for the affected amount that occurs after 19 March 2001, s..."
[parser-unknown-class] "BoxStep", text="Step 11. Subtract the current figure from the indexed amount (arrived at using the method stateme..."
[parser-unknown-class] "BoxStep", text="Step 12. Compare the remaining adjustment amount with the second indexation increase amount. If t..."
[parser-unknown-class] "BoxStep", text="Step 13. Subtract the remaining adjustment amount from the indexed amount."
[parser-unknown-class] "BoxStep", text="Step 14. If the indexed amount is a pension supplement, round off the result in accordance with s..."
[parser-unknown-class] "BoxStep", text="Step 15. The result obtained under step 13 or step 14 (as the case requires) is taken to be the i..."
[parser-unknown-class] "BoxNote", text="Note: The indexed amount for the purposes of step 5 of the method statement in subsection 59C(2) ..."
[parser-unknown-class] "BoxStep", text="Step 16. The indexed amount for the purposes of step 5 of the method statement in subsection 59C(..."
[parser-unknown-class] "BoxNote", text="Note: The indexed amount for the purposes of step 5 of the method statement in subsection 59C(2) ..."
[parser-unknown-class] "BoxStep", text="Step 17. Repeat the method set out in steps 10 to 16 in relation to the third indexation day and ..."
[parser-unknown-class] "TableAA", text="(A) 20°30´N 070°40´E;"
[parser-unknown-class] "TableAA", text="(B) 14°30´N 067°35´E;"
[parser-unknown-class] "TableAA", text="(C) 08°30´N 060°00´E;"
[parser-unknown-class] "TableAA", text="(D) 06°20´N 053°52´E;"
[parser-unknown-class] "TableAA", text="(E) 05°48´N 049°02´E;"
[parser-unknown-class] "BoxStep", text="Step 1. Work out what each of the following amounts would have been on 20 September 2009, taking ..."
[parser-unknown-class] "BoxStep", text="Step 2. Identify the greater of the amount described in paragraph (e) of step 1 and $525.20 (or e..."
[parser-unknown-class] "BoxStep", text="Step 3. Add up all the amounts worked out under step 1 and the amount identified under step 2."
[parser-unknown-class] "BoxStep", text="Step 4. If the result of step 3 is not a multiple of $2.60, round that result up to the next mult..."
[parser-unknown-class] "BoxStep", text="Step 1. Work out what each of the following amounts would have been on 20 September 2009, taking ..."
[parser-unknown-class] "BoxStep", text="Step 2. Identify the greater of the amount described in paragraph (e) of step 1 and $262.60 (or e..."
[parser-unknown-class] "BoxStep", text="Step 3. Add up all the amounts worked out under step 1 and the amount identified under step 2."
[parser-unknown-class] "BoxStep", text="Step 4. If the result of step 3 is not a multiple of $2.60, round that result up to the next mult..."
[parser-unknown-class] "BoxStep", text="Step 1. Work out what each of the following amounts would have been on 20 September 2009, taking ..."
[parser-unknown-class] "BoxStep", text="Step 2. Add up the amounts worked out under step 1."
[parser-unknown-class] "BoxStep", text="Step 1. Work out what each of the following amounts would have been on 20 September 2009, taking ..."
[parser-unknown-class] "BoxStep", text="Step 2. Add up the amounts worked out under step 1."
[parser-unknown-class] "BoxStep", text="Step 1. Work out what each of the following amounts (described using the abbreviation in section ..."
[parser-unknown-class] "BoxStep", text="Step 2. Add up all the amounts worked out under step 1."
[parser-unknown-class] "BoxStep", text="Step 1. Work out what each of the following amounts (described using the abbreviation in section ..."
[parser-unknown-class] "BoxStep", text="Step 2. Add up all the amounts worked out under step 1."
[parser-unknown-class] "BoxStep", text="Step 1. Work out the ceiling rate for the person (see Module A of the Rate Calculator)."
[parser-unknown-class] "BoxStep", text="Step 2. Work out the amount per year (if any) for rent assistance for the person (see Module C of..."
[parser-unknown-class] "BoxStep", text="Step 3. Add up the results of steps 1 and 2 and, if an election by the person under subsection 60..."
[parser-unknown-class] "BoxStep", text="Step 1. Work out the person’s maximum basic rate using MODULE B below."
[parser-unknown-class] "BoxStep", text="Step 1A. Work out the amount of pension supplement using Module BA below."
[parser-unknown-class] "BoxStep", text="Step 1B. Work out the amount of energy supplement (if any) using Module BB below."
[parser-unknown-class] "BoxStep", text="Step 2. Work out the amount per year (if any) by way of rent assistance using MODULE C below."
[parser-unknown-class] "BoxStep", text="Step 4. Add up the amounts obtained in Steps 1, 1A, 1B and 2: the result is called the maximum pa..."
[parser-unknown-class] "BoxNote", text="Note: Section 65A may affect whether the amount obtained in step 1B is added."
[parser-unknown-class] "BoxStep", text="Step 5. Apply the ordinary/adjusted income test using MODULE E below to work out the reduction fo..."
[parser-unknown-class] "BoxStep", text="Step 6. Take the reduction for ordinary/adjusted income away from the maximum payment rate: the r..."
[parser-unknown-class] "BoxStep", text="Step 7. Apply the assets test using MODULE F below to work out the reduction for assets."
[parser-unknown-class] "BoxStep", text="Step 8. Take the reduction for assets away from the maximum payment rate: the result is called th..."
[parser-unknown-class] "BoxStep", text="Step 9. Compare the income reduced rate and the assets reduced rate: the lower of the 2 rates, or..."
[parser-unknown-class] "BoxStep", text="Step 10. Work out the amount per year (if any) payable by way of remote area allowance using MODU..."
[parser-unknown-class] "BoxStep", text="Step 11. Add any amount obtained in Step 10 to the person’s provisional payment rate (see Step 9)..."
[parser-unknown-class] "BoxNote", text="Note 1: For ordinary/adjusted income see point SCH6‑E1."
[parser-unknown-class] "BoxNote", text="Note 2: If a person’s assets reduced rate is less than the person’s ordinary/adjusted income redu..."
[parser-unknown-class] "BoxNote", text="Note 4: If a person’s rate is reduced under step 9, the order in which the reduction is to be mad..."
[parser-unknown-class] "BoxNote", text="Note 4A: Clause 30 of Schedule 5 may affect the provisional payment rate in step 9."
[parser-unknown-class] "BoxNote", text="Note 5: The rate calculation for a member of a couple is affected by the operation of point SCH6‑A2."
[parser-unknown-class] "BoxNote", text="Note 6: The amount of a fortnightly instalment of service pension will be rounded to the nearest ..."
[parser-unknown-class] "BoxNote", text="Note 7: For the minimum amount of a fortnightly instalment of service pension, see subsection 58A..."
[parser-unknown-class] "BoxNote", text="Note 8: An amount of remote area allowance is to be added under Step 11 only if the person’s rate..."
[parser-unknown-class] "BoxNote", text="Note 9: The amount of a fortnightly instalment of service pension may be reduced by an advance pa..."
[parser-unknown-class] "BoxStep", text="Step 1. Work out what would be the person’s rate of service pension if Method statement 1 applied..."
[parser-unknown-class] "BoxNote", text="Note: This is the only situation in which a blind person’s pension can be made subject to an inco..."
[parser-unknown-class] "BoxStep", text="Step 2. Work out the person’s maximum basic rate using MODULE B below."
[parser-unknown-class] "BoxStep", text="Step 2A. Work out the amount of pension supplement using Module BA below."
[parser-unknown-class] "BoxStep", text="Step 2B. Work out the amount of energy supplement (if any) using Module BB below."
[parser-unknown-class] "BoxStep", text="Step 4. Add up the amounts obtained in Steps 2, 2A and 2B: the result is called the maximum payme..."
[parser-unknown-class] "BoxNote", text="Note: Section 65A may affect whether the amount obtained in step 2B is added."
[parser-unknown-class] "BoxStep", text="Step 5. Work out the amount per year (if any) payable by way of remote area allowance using MODUL..."
[parser-unknown-class] "BoxStep", text="Step 6. Add:"
[parser-unknown-class] "BoxStep", text="The result is called the non‑income/assets tested rate."
[parser-unknown-class] "BoxStep", text="Step 7. Compare the notional income/assets tested rate and the non‑income/assets tested rate: whi..."
[parser-unknown-class] "BoxNote", text="Note 1: The amount of a fortnightly instalment of service pension will be rounded to the nearest ..."
[parser-unknown-class] "BoxNote", text="Note 2: For the minimum amount of a fortnightly instalment of service pension, see subsection 58A..."
[parser-unknown-class] "BoxNote", text="Note 3: The amount of a fortnightly instalment of service pension may be reduced by an advance pa..."
[parser-unknown-class] "BoxStep", text="Step 1. Work out what would be the person’s rate of service pension if Method statement 1, except..."
[parser-unknown-class] "BoxStep", text="Step 2. Work out the person’s ceiling rate in accordance with points SCH6‑A4 to SCH6‑A9."
[parser-unknown-class] "BoxStep", text="Step 2A. Work out the amount per year (if any) for rent assistance using MODULE C below."
[parser-unknown-class] "BoxStep", text="Step 4. Work out the amount per year (if any) payable by way of remote area allowance using MODUL..."
[parser-unknown-class] "BoxStep", text="Step 5. Add:"
[parser-unknown-class] "BoxStep", text="and, if an election by the person under subsection 60A(1) (about quarterly pension supplement) is..."
[parser-unknown-class] "BoxStep", text="Step 6. Compare the provisional rate and the revised rate: the person’s rate of service pension is:"
[parser-unknown-class] "BoxNote", text="Note: The amount of a fortnightly instalment of service pension may be reduced by an advance paym..."
[parser-unknown-class] "BoxStep", text="Step 1. Work out the person’s ceiling rate in accordance with points SCH6‑A4 to SCH6‑A9."
[parser-unknown-class] "BoxStep", text="Step 1A. Work out the amount per year (if any) for rent assistance using MODULE C below."
[parser-unknown-class] "BoxStep", text="Step 3. Work out the amount per year (if any) payable by way of remote area allowance using MODUL..."
[parser-unknown-class] "BoxStep", text="Step 4. Add:"
[parser-unknown-class] "BoxStep", text="and, if an election by the person under subsection 60A(1) (about quarterly pension supplement) is..."
[parser-unknown-class] "BoxNote", text="Note: The amount of a fortnightly instalment of service pension may be reduced by an advance paym..."
[parser-unknown-class] "BoxStep", text="Step 1. Work out the amount of the person’s maximum basic rate using MODULE B below."
[parser-unknown-class] "BoxStep", text="Step 1A. Work out the amount of pension supplement using Module BA below."
[parser-unknown-class] "BoxStep", text="Step 2. Work out the amount per year (if any) for rent assistance using MODULE C below."
[parser-unknown-class] "BoxStep", text="Step 4. Add up the amounts obtained in Steps 1, 1A and 2: the result is called the maximum paymen..."
[parser-unknown-class] "BoxStep", text="Step 5. Apply the ordinary/adjusted income test using MODULE E below to work out the reduction fo..."
[parser-unknown-class] "BoxStep", text="Step 6. Take the reduction for ordinary/adjusted income away from the maximum payment rate: the r..."
[parser-unknown-class] "BoxStep", text="Step 7. Apply the assets test using MODULE F below to work out the reduction for assets."
[parser-unknown-class] "BoxStep", text="Step 8. Take the reduction for assets away from the maximum payment rate: the result is called th..."
[parser-unknown-class] "BoxStep", text="Step 9. Work out the person’s ceiling rate in accordance with points SCH6‑A4 to SCH6‑A9."
[parser-unknown-class] "BoxStep", text="Step 9A. Add:"
[parser-unknown-class] "BoxStep", text="and, if an election by the person under subsection 60A(1) (about quarterly pension supplement) is..."
[parser-unknown-class] "BoxStep", text="Step 10. Compare the income reduced rate (see Step 6), the assets reduced rate (see Step 8) and t..."
[parser-unknown-class] "BoxStep", text="Step 11. Work out the amount per year (if any) payable by way of remote area allowance using MODU..."
[parser-unknown-class] "BoxStep", text="Step 12. Add any amount obtained in Step 11 to the person’s provisional payment rate (see Step 10..."
[parser-unknown-class] "BoxNote", text="Note 1: For ordinary/adjusted income see point SCH6‑E1."
[parser-unknown-class] "BoxNote", text="Note 2: If a person’s assets reduced rate is less than the person’s adjusted income reduced rate,..."
[parser-unknown-class] "BoxNote", text="Note 4: If a person’s rate is reduced under Step 10, the order in which the reduction is to be ma..."
[parser-unknown-class] "BoxNote", text="Note 4A: Clause 30 of Schedule 5 may affect the provisional payment rate in step 10."
[parser-unknown-class] "BoxNote", text="Note 5: The rate calculation for a member of a couple is affected by the operation of point SCH6‑A2."
[parser-unknown-class] "BoxNote", text="Note 6: The amount of a fortnightly instalment of income support supplement will be rounded to th..."
[parser-unknown-class] "BoxNote", text="Note 7: For the minimum amount of a fortnightly instalment of income support supplement, see subs..."
[parser-unknown-class] "BoxNote", text="Note 8: The amount of a fortnightly instalment of income support supplement may be reduced by an ..."
[parser-unknown-class] "BoxStep", text="Step 1. Work out the person’s ceiling rate in accordance with points SCH6‑A4 and SCH6‑A5."
[parser-unknown-class] "BoxStep", text="Step 1A. Work out the amount per year (if any) for rent assistance using MODULE C below."
[parser-unknown-class] "BoxStep", text="Step 3. Work out the amount per year (if any) payable by way of remote area allowance using MODUL..."
[parser-unknown-class] "BoxStep", text="Step 4. Add:"
[parser-unknown-class] "BoxStep", text="and, if an election by the person under subsection 60A(1) (about quarterly pension supplement) is..."
[parser-unknown-class] "BoxNote", text="Note: The amount of a fortnightly instalment of income support supplement may be reduced by an ad..."
[parser-unknown-class] "BoxStep", text="Step 1. Work out the person’s maximum basic rate using Module B below."
[parser-unknown-class] "BoxStep", text="Step 2. Work out the amount of pension supplement using Module BA below."
[parser-unknown-class] "BoxStep", text="Step 3. Work out the amount per year (if any) by way of rent assistance using Module C below."
[parser-unknown-class] "BoxStep", text="Step 4. Add up the amounts obtained in steps 1, 2, and 3: the result is called the maximum paymen..."
[parser-unknown-class] "BoxStep", text="Step 5. Apply the ordinary/adjusted income test using Module E below to work out the reduction fo..."
[parser-unknown-class] "BoxStep", text="Step 6. Take the reduction for ordinary/adjusted income away from the maximum payment rate: the r..."
[parser-unknown-class] "BoxStep", text="Step 7. Apply the assets test using Module F below to work out the reduction for assets."
[parser-unknown-class] "BoxStep", text="Step 8. Take the reduction for assets away from the maximum payment rate: the result is called th..."
[parser-unknown-class] "BoxStep", text="Step 9. Compare the income reduced rate and the assets reduced rate: the lower of the 2 rates, or..."
[parser-unknown-class] "BoxStep", text="Step 10. Work out the amount per year (if any) payable by way of remote area allowance using Modu..."
[parser-unknown-class] "BoxStep", text="Step 11. Add any amount obtained in step 10 to the person’s provisional payment rate (see step 9)..."
[parser-unknown-class] "BoxNote", text="Note 1: For ordinary/adjusted income see point SCH6‑E1."
[parser-unknown-class] "BoxNote", text="Note 2: If a person’s assets reduced rate is less than the person’s income reduced rate, the pers..."
[parser-unknown-class] "BoxNote", text="Note 3: If a person’s rate is reduced because of Module E or F, the order in which the reduction ..."
[parser-unknown-class] "BoxNote", text="Note 4: The rate calculation for a member of a couple is affected by the operation of point SCH6‑A2."
[parser-unknown-class] "BoxNote", text="Note 5: The rate of veteran payment for a day will be rounded to the nearest cent (see subsection..."
[parser-unknown-class] "BoxNote", text="Note 6: For the minimum amount of a fortnightly instalment of veteran payment, see subsection 58A..."
[parser-unknown-class] "BoxNote", text="Note 7: An amount of remote area allowance is to be added under step 11 only if the person’s rate..."
[parser-unknown-class] "BoxStep", text="Step 1. Work out what would be the person’s rate of veteran payment if method statement 7 applied..."
[parser-unknown-class] "BoxNote", text="Note: This is the only situation in which a blind person’s veteran payment can be made subject to..."
[parser-unknown-class] "BoxStep", text="Step 2. Work out the person’s maximum basic rate using Module B below."
[parser-unknown-class] "BoxStep", text="Step 3. Work out the amount of pension supplement using Module BA below."
[parser-unknown-class] "BoxStep", text="Step 4. Add up the amounts obtained in steps 2 and 3: the result is called the maximum payment rate."
[parser-unknown-class] "BoxStep", text="Step 5. Work out the amount per year (if any) payable by way of remote area allowance using Modul..."
[parser-unknown-class] "BoxStep", text="Step 6. Add:"
[parser-unknown-class] "BoxStep", text="The result is called the non‑income/assets tested rate."
[parser-unknown-class] "BoxStep", text="Step 7. Compare the notional income/assets tested rate and the non‑income/assets tested rate: whi..."
[parser-unknown-class] "BoxNote", text="Note 1: The rate of veteran payment for a day will be rounded to the nearest cent (see subsection..."
[parser-unknown-class] "BoxNote", text="Note 2: For the minimum amount of a fortnightly instalment of veteran payment, see subsection 58A..."
[parser-unknown-class] "BoxStep", text="Step 1. Work out the annual rate of the person’s ordinary/adjusted income."
[parser-unknown-class] "BoxNote", text="Note: For the treatment of the ordinary/adjusted income of members of a couple see point SCH6‑E3."
[parser-unknown-class] "BoxStep", text="Step 2. Work out the person’s ordinary/adjusted income free area (see point SCH6‑E6 below)."
[parser-unknown-class] "BoxNote", text="Note: A person’s ordinary/adjusted income free area is the maximum amount of ordinary/adjusted in..."
[parser-unknown-class] "BoxStep", text="Step 3. Work out whether the person’s ordinary/adjusted income exceeds the person’s ordinary/adju..."
[parser-unknown-class] "BoxStep", text="Step 4. If the person’s ordinary/adjusted income does not exceed the person’s ordinary/adjusted i..."
[parser-unknown-class] "BoxStep", text="Step 5. If the person’s ordinary/adjusted income exceeds the person’s ordinary/adjusted income fr..."
[parser-unknown-class] "BoxStep", text="Step 6. Use the person’s ordinary/adjusted income excess to work out the person’s reduction for o..."
[parser-unknown-class] "BoxNote", text="Note 1: See the Method statements in point SCH6‑A1 for the significance of the person’s reduction..."
[parser-unknown-class] "BoxNote", text="Note 2: The application of the ordinary/adjusted income test is affected by provisions about the ..."
[parser-unknown-class] "BoxNote", text="(a) the general concept of ordinary income (sections 46 and 46A);"
[parser-unknown-class] "BoxNote", text="(aa) the work bonus (section 46AA);"
[parser-unknown-class] "BoxNote", text="(b) business income (sections 46B and 46C);"
[parser-unknown-class] "BoxNote", text="(c) income from financial assets (including income streams (short term) and certain income stream..."
[parser-unknown-class] "BoxNote", text="(d) income from income streams not covered by Division 3 of Part IIIB (Division 4 of Part IIIB);"
[parser-unknown-class] "BoxNote", text="(e) disposal of income (sections 48‑48E)."
[parser-unknown-class] "BoxStep", text="Step 1. Work out the value of the person’s assets."
[parser-unknown-class] "BoxNote", text="Note 1: For the treatment of the assets of members of a couple see point SCH6‑F2."
[parser-unknown-class] "BoxNote", text="Note 2: For the assets that are to be disregarded in valuing a person’s assets see section 52."
[parser-unknown-class] "BoxNote", text="Note 3: For the valuation of an asset that is subject to a charge or encumbrance see sections 52C..."
[parser-unknown-class] "BoxStep", text="Step 2. Work out the person’s assets value limit (see point SCH6‑F3 below)."
[parser-unknown-class] "BoxNote", text="Note: A person’s assets value limit is the maximum value of assets the person can have without af..."
[parser-unknown-class] "BoxStep", text="Step 3. Work out whether the value of the person’s assets exceeds the person’s assets value limit."
[parser-unknown-class] "BoxStep", text="Step 4. If the value of the person’s assets does not exceed the person’s assets value limit, the ..."
[parser-unknown-class] "BoxStep", text="Step 5. If the value of the person’s assets exceeds the person’s assets value limit, the person’s..."
[parser-unknown-class] "BoxStep", text="Step 6. Use the person’s assets excess to work out the person’s reduction for assets using point ..."
[parser-unknown-class] "BoxNote", text="Note 1: See the Method statements in point SCH6‑A1 for the significance of the person’s reduction..."
[parser-unknown-class] "BoxNote", text="Note 2: The application of the assets test is affected by provisions about the following:"
[parser-unknown-class] "BoxNote", text="(a) disposal of assets (sections 52E – 52JE);"
[parser-unknown-class] "BoxNote", text="(b) special residences (sections 52KA – 52X);"
[parser-unknown-class] "BoxNote", text="(c) financial hardship (sections 52Y and 52Z);"
[parser-unknown-class] "BoxNote", text="(d) the pensions loans scheme (sections 52ZAAA – 52ZM."
[parser-diag] processed 30022 <p> elements
[parser-diag] last section was added at element index: 20001
[parser-diag] state phase at end: ENDNOTES
[parse] sections: 1319
[parse] compilation: date=2026-03-19 no=198
[parser-diag] hierarchy stack depth at end: 3
[parser-diag] insideSchedule at end: true
[parse] by level:
         part         35
         section      1015
         division     129
         subdivision  75
         schedule     6
         schedule_part 14
         schedule_clause 45
[db] inserted new legislation row: 7e4b46ce-5de5-4f4b-894c-7146a20ed387
[db] inserting 1319 sections (pass 1)
[db] inserted 1319 sections
[db] linking parent FKs (pass 2)
[db] linked 1278 parent references

[done] ingested Veterans' Entitlements Act 1986
       legislation_id: 7e4b46ce-5de5-4f4b-894c-7146a20ed387
       sections: 1319
       compilation: 2026-03-19
