[fetch] document_1: https://www.legislation.gov.au/C2004A02278/1980-05-29/1980-05-29/text/original/epub/OEBPS/document_1/document_1.html
[fetch] document_1: 19,264 bytes
[fetch] document_2: https://www.legislation.gov.au/C2004A02278/1980-05-29/1980-05-29/text/original/epub/OEBPS/document_2/document_2.html
[fetch] document_2 not found — stopping. Fetched 1 document(s).
[fetch] combined 1 document(s), 19,264 source bytes → 17,924 combined bytes
[citation] Coastal Waters (State Title) Act 1980 (Cth)
[parse] starting
[parser-diag] total <p> elements found: 67
[parser-diag] processed 67 <p> elements
[parser-diag] last section was added at element index: -1
[parser-diag] state phase at end: PRE_BODY
[parser-diag] hierarchy stack depth at end: 0
[parser-diag] insideSchedule at end: false
[parse] sections: 0
[parse] compilation: date=(none) no=(none)
[parse] by level:
[db] inserted new legislation row: 9ebe2d90-85bd-49f9-b65c-8e3710987f69
[db] inserting 0 sections (pass 1)
[db] inserted 0 sections
[db] linking parent FKs (pass 2)
[db] linked 0 parent references

[done] ingested Coastal Waters (State Title) Act 1980
       legislation_id: 9ebe2d90-85bd-49f9-b65c-8e3710987f69
       sections: 0
       compilation: 1980-05-29
