[fetch] document_1: https://www.legislation.gov.au/C2004A05292/2020-10-15/2020-10-15/text/original/epub/OEBPS/document_1/document_1.html
[fetch] document_1: 58,287 bytes
[fetch] document_2: https://www.legislation.gov.au/C2004A05292/2020-10-15/2020-10-15/text/original/epub/OEBPS/document_2/document_2.html
[fetch] document_2 not found — stopping. Fetched 1 document(s).
[fetch] combined 1 document(s), 58,287 source bytes → 56,236 combined bytes
[citation] Migration Agents Registration Application Charge Act 1997 (Cth)
[parse] starting
[parser-diag] total <p> elements found: 262
[parser-diag] processed 262 <p> elements
[parser-diag] last section was added at element index: 115
[parser-diag] state phase at end: ENDNOTES
[parser-diag] hierarchy stack depth at end: 2
[parser-diag] insideSchedule at end: false
[parse] sections: 15
[parse] compilation: date=2020-10-15 no=4
[parse] by level:
         part         3
         section      12
[db] inserted new legislation row: 7e04a5c1-d216-4505-9f49-724024133a33
[db] inserting 15 sections (pass 1)
[db] inserted 15 sections
[db] linking parent FKs (pass 2)
[db] linked 12 parent references

[done] ingested Migration Agents Registration Application Charge Act 1997
       legislation_id: 7e04a5c1-d216-4505-9f49-724024133a33
       sections: 15
       compilation: 2020-10-15
