[fetch] document_1: https://www.legislation.gov.au/C2004A01393/2004-12-17/2004-12-17/text/original/epub/OEBPS/document_1/document_1.html
[fetch] document_1: 9,507 bytes
[fetch] document_2: https://www.legislation.gov.au/C2004A01393/2004-12-17/2004-12-17/text/original/epub/OEBPS/document_2/document_2.html
[fetch] document_2 not found — stopping. Fetched 1 document(s).
[fetch] combined 1 document(s), 9,507 source bytes → 8,572 combined bytes
[citation] Fisheries (Validation of Plans of Management) Act 2004 (Cth)
[parse] starting
[parser-diag] total <p> elements found: 54
[parser-unknown-class] "2ndRd", text=""
[parser-unknown-class] "2ndRd", text="[Minister’s second reading speech made in—"
[parser-unknown-class] "2ndRd", text="Senate on 17 November 2004"
[parser-unknown-class] "2ndRd", text="House of Representatives on 8 December 2004]"
[parser-unknown-class] "2ndRd", text=""
[parser-diag] processed 54 <p> elements
[parser-diag] last section was added at element index: 39
[parser-diag] state phase at end: BODY
[parser-diag] hierarchy stack depth at end: 1
[parser-diag] insideSchedule at end: false
[parse] sections: 3
[parse] compilation: date=(none) no=(none)
[parse] by level:
         section      3
[db] inserted new legislation row: 16be351d-b476-4f01-9563-3309a0fb1ac4
[db] inserting 3 sections (pass 1)
[db] inserted 3 sections
[db] linking parent FKs (pass 2)
[db] linked 0 parent references

[done] ingested Fisheries (Validation of Plans of Management) Act 2004
       legislation_id: 16be351d-b476-4f01-9563-3309a0fb1ac4
       sections: 3
       compilation: 2004-12-17
