[fetch] document_1: https://www.legislation.gov.au/C2004A04863/2025-02-21/2025-02-21/text/original/epub/OEBPS/document_1/document_1.html
[fetch] document_1: 818,235 bytes
[fetch] document_2: https://www.legislation.gov.au/C2004A04863/2025-02-21/2025-02-21/text/original/epub/OEBPS/document_2/document_2.html
[fetch] document_2 not found — stopping. Fetched 1 document(s).
[fetch] combined 1 document(s), 818,235 source bytes → 815,818 combined bytes
[citation] Classification (Publications, Films and Computer Games) Act 1995 (Cth)
[parse] starting
[parser-diag] total <p> elements found: 3187
[parser-diag] processed 3187 <p> elements
[parse] sections: 252
[parse] compilation: date=2025-02-21 no=43
[parser-diag] last section was added at element index: 2192
[parser-diag] state phase at end: ENDNOTES
[parser-diag] hierarchy stack depth at end: 3
[parser-diag] insideSchedule at end: false
[parse] by level:
         part         11
         section      193
         division     34
         subdivision  14
[db] inserted new legislation row: e418687d-9b14-45ef-be72-db2e616b770c
[db] inserting 252 sections (pass 1)
[db] inserted 252 sections
[db] linking parent FKs (pass 2)
[db] linked 241 parent references

[done] ingested Classification (Publications, Films and Computer Games) Act 1995
       legislation_id: e418687d-9b14-45ef-be72-db2e616b770c
       sections: 252
       compilation: 2025-02-21
