[fetch] document_1: https://www.legislation.gov.au/C2004A03931/2016-07-01/2016-07-01/text/original/epub/OEBPS/document_1/document_1.html
[fetch] document_1: 46,836 bytes
[fetch] document_2: https://www.legislation.gov.au/C2004A03931/2016-07-01/2016-07-01/text/original/epub/OEBPS/document_2/document_2.html
[fetch] document_2 not found — stopping. Fetched 1 document(s).
[fetch] combined 1 document(s), 46,836 source bytes → 44,710 combined bytes
[citation] Foreign Corporations (Application of Laws) Act 1989 (Cth)
[parse] starting
[parser-diag] total <p> elements found: 202
[parser-diag] processed 202 <p> elements
[parser-diag] last section was added at element index: 90
[parser-diag] state phase at end: ENDNOTES
[parser-diag] hierarchy stack depth at end: 1
[parse] sections: 9
[parse] compilation: date=2016-07-01 no=1
[parse] by level:
[parser-diag] insideSchedule at end: false
         section      9
[db] inserted new legislation row: efb80e04-df97-4add-8268-daf098266ce7
[db] inserting 9 sections (pass 1)
[db] inserted 9 sections
[db] linking parent FKs (pass 2)
[db] linked 0 parent references

[done] ingested Foreign Corporations (Application of Laws) Act 1989
       legislation_id: efb80e04-df97-4add-8268-daf098266ce7
       sections: 9
       compilation: 2016-07-01
