[fetch] document_1: https://www.legislation.gov.au/C2004A03252/2024-10-14/2024-10-14/text/original/epub/OEBPS/document_1/document_1.html
[fetch] document_1: 234,208 bytes
[fetch] document_2: https://www.legislation.gov.au/C2004A03252/2024-10-14/2024-10-14/text/original/epub/OEBPS/document_2/document_2.html
[fetch] document_2 not found — stopping. Fetched 1 document(s).
[fetch] combined 1 document(s), 234,208 source bytes → 232,229 combined bytes
[citation] Protection of Movable Cultural Heritage Act 1986 (Cth)
[parse] starting
[parser-diag] total <p> elements found: 910
[parser-diag] processed 910 <p> elements
[parser-diag] last section was added at element index: 552
[parser-diag] state phase at end: ENDNOTES
[parser-diag] hierarchy stack depth at end: 2
[parser-diag] insideSchedule at end: false
[parse] sections: 62
[parse] compilation: date=2024-10-14 no=21
[parse] by level:
         part         6
         section      54
         division     2
[db] inserted new legislation row: 3e8754c3-5695-4138-a1a5-acc949c17bd5
[db] inserting 62 sections (pass 1)
[db] inserted 62 sections
[db] linking parent FKs (pass 2)
[db] linked 56 parent references

[done] ingested Protection of Movable Cultural Heritage Act 1986
       legislation_id: 3e8754c3-5695-4138-a1a5-acc949c17bd5
       sections: 62
       compilation: 2024-10-14
