[fetch] document_1: https://www.legislation.gov.au/C2004A03597/2026-03-28/2026-03-28/text/original/epub/OEBPS/document_1/document_1.html
[fetch] document_1: 407,781 bytes
[fetch] document_2: https://www.legislation.gov.au/C2004A03597/2026-03-28/2026-03-28/text/original/epub/OEBPS/document_2/document_2.html
[fetch] document_2 not found — stopping. Fetched 1 document(s).
[fetch] combined 1 document(s), 407,781 source bytes → 404,886 combined bytes
[citation] Extradition Act 1988 (Cth)
[parse] starting
[parser-diag] total <p> elements found: 1381
[parser-diag] processed 1381 <p> elements
[parser-diag] last section was added at element index: 1054
[parser-diag] state phase at end: ENDNOTES
[parser-diag] hierarchy stack depth at end: 2
[parser-diag] insideSchedule at end: false
[parse] sections: 74
[parse] compilation: date=2026-03-28 no=16
[parse] by level:
         part         5
         section      69
[db] inserted new legislation row: cdb1b46a-3654-4aa6-8043-9eebbdb9dd7f
[db] inserting 74 sections (pass 1)
[db] inserted 74 sections
[db] linking parent FKs (pass 2)
[db] linked 69 parent references

[done] ingested Extradition Act 1988
       legislation_id: cdb1b46a-3654-4aa6-8043-9eebbdb9dd7f
       sections: 74
       compilation: 2026-03-28
