[fetch] document_1: https://www.legislation.gov.au/C2004A03003/2024-10-14/2024-10-14/text/original/epub/OEBPS/document_1/document_1.html
[fetch] document_1: 219,415 bytes
[fetch] document_2: https://www.legislation.gov.au/C2004A03003/2024-10-14/2024-10-14/text/original/epub/OEBPS/document_2/document_2.html
[fetch] document_2 not found — stopping. Fetched 1 document(s).
[fetch] combined 1 document(s), 219,415 source bytes → 217,429 combined bytes
[citation] Biological Control Act 1984 (Cth)
[parse] starting
[parser-diag] total <p> elements found: 804
[parser-diag] processed 804 <p> elements
[parser-diag] last section was added at element index: 542
[parser-diag] state phase at end: ENDNOTES
[parser-diag] hierarchy stack depth at end: 2
[parser-diag] insideSchedule at end: false
[parse] sections: 65
[parse] compilation: date=2024-10-14 no=13
[parse] by level:
         part         8
         section      57
[db] inserted new legislation row: 039c6910-9909-48f3-888c-eb1156172640
[db] inserting 65 sections (pass 1)
[db] inserted 65 sections
[db] linking parent FKs (pass 2)
[db] linked 57 parent references

[done] ingested Biological Control Act 1984
       legislation_id: 039c6910-9909-48f3-888c-eb1156172640
       sections: 65
       compilation: 2024-10-14
