[fetch] document_1: https://www.legislation.gov.au/C2012A00056/2012-06-21/2012-06-21/text/original/epub/OEBPS/document_1/document_1.html
[fetch] document_1: 67,579 bytes
[fetch] document_2: https://www.legislation.gov.au/C2012A00056/2012-06-21/2012-06-21/text/original/epub/OEBPS/document_2/document_2.html
[fetch] document_2 not found — stopping. Fetched 1 document(s).
[fetch] combined 1 document(s), 67,579 source bytes → 65,616 combined bytes
[citation] Coastal Trading (Revitalising Australian Shipping) (Consequential Amendments and Transitional Provisions) Act 2012 (Cth)
[parse] starting
[parser-diag] total <p> elements found: 318
[parser-unknown-class] "ActHead6", text="Schedule 1—Consequential amendments"
[parser-unknown-class] "ActHead9", text="Australian Maritime Safety Authority Act 1990"
[parser-unknown-class] "ItemHead", text="1  At the end of subsection 11(2)"
[parser-unknown-class] "ActHead9", text="Navigation Act 1912"
[parser-unknown-class] "ItemHead", text="2  Section 7"
[parser-unknown-class] "ItemHead", text="3  Paragraph 10(b)"
[parser-unknown-class] "ItemHead", text="4  Paragraph 10(c)"
[parser-unknown-class] "ItemHead", text="5  Part VI"
[parser-unknown-class] "ItemHead", text="6  Section 377JA"
[parser-unknown-class] "ActHead9", text="Occupational Health and Safety (Maritime Industry) Act 1993"
[parser-unknown-class] "ItemHead", text="7  Section 4"
[parser-unknown-class] "ItemHead", text="8  Section 4"
[parser-unknown-class] "ItemHead", text="9  Section 4"
[parser-unknown-class] "ItemHead", text="10  Section 4"
[parser-unknown-class] "ItemHead", text="11  Section 4"
[parser-unknown-class] "ItemHead", text="12  Section 4"
[parser-unknown-class] "ItemHead", text="13  After subsection 6(3)"
[parser-unknown-class] "ItemHead", text="14  Subsection 6(4)"
[parser-unknown-class] "ActHead9", text="Seafarers Rehabilitation and Compensation Act 1992"
[parser-unknown-class] "ItemHead", text="15  Section 3"
[parser-unknown-class] "ItemHead", text="16  Section 3"
[parser-unknown-class] "ItemHead", text="17  Section 3"
[parser-unknown-class] "ItemHead", text="18  Section 3"
[parser-unknown-class] "ItemHead", text="19  Section 3"
[parser-unknown-class] "ItemHead", text="19A  At the end of subsection 19(1)"
[parser-unknown-class] "ItemHead", text="20  After subsection 19(1)"
[parser-unknown-class] "ItemHead", text="21  Subsection 19(1A)"
[parser-unknown-class] "ActHead6", text="Schedule 2—Transitional provisions"
[parser-unknown-class] "ActHead7", text="Part 1—Preliminary"
[parser-unknown-class] "ItemHead", text="1  Interpretation"
[parser-unknown-class] "Subitem", text="(1) In this Schedule:"
[parser-unknown-class] "Subitem", text="(2) An expression used in this Schedule that is also used in the new law has the same meaning in ..."
[parser-unknown-class] "ActHead7", text="Part 2—Continuation of existing permits, licences and declarations etc."
[parser-unknown-class] "ActHead8", text="Division 1—Continuation of existing permits, licences and declarations"
[parser-unknown-class] "ItemHead", text="2  Permits to continue in force"
[parser-unknown-class] "Subitem", text="(1) If, immediately before commencement, a permit issued under section 286 of the old law in resp..."
[parser-unknown-class] "Subitem", text="(2) To avoid doubt:"
[parser-unknown-class] "ItemHead", text="3  Licences to continue in force"
[parser-unknown-class] "Subitem", text="(1) If, immediately before commencement, a licence granted under the coasting trade regulations w..."
[parser-unknown-class] "Subitem", text="(2) To avoid doubt:"
[parser-unknown-class] "Subitem", text="(3) Despite subitem (2), sections 31, 32 and 77 of the new law apply in relation to a licence con..."
[parser-unknown-class] "ItemHead", text="4  Declarations to continue in force"
[parser-unknown-class] "Subitem", text="(1) If, immediately before commencement, a declaration made under subsection 8AA(2) of the Naviga..."
[parser-unknown-class] "Subitem", text="(2) To avoid doubt:"
[parser-unknown-class] "ActHead8", text="Division 2—Applications for permits, licences and declarations"
[parser-unknown-class] "ItemHead", text="5  Pending applications—permits"
[parser-unknown-class] "ItemHead", text="6  Pending applications—licences"
[parser-unknown-class] "ItemHead", text="7  Pending applications for declarations"
[parser-unknown-class] "ActHead8", text="Division 3—Cancellation of permits and licences"
[parser-unknown-class] "ItemHead", text="8  Pending cancellation of permit—show cause notice given"
[parser-unknown-class] "Subitem", text="(1) If:"
[parser-unknown-class] "Subitem", text="(2) At the end of the 7 day period mentioned in subitem (1), the Minister must decide, in accorda..."
[parser-unknown-class] "ItemHead", text="9  Pending cancellation of licence—show cause notice given"
[parser-unknown-class] "Subitem", text="(1) If:"
[parser-unknown-class] "Subitem", text="(2) At the end of the period stated in the notice, the Minister must decide, in accordance with t..."
[parser-unknown-class] "ActHead7", text="Part 3—Transitional general licences"
[parser-unknown-class] "ItemHead", text="10  Applications for transitional general licences"
[parser-unknown-class] "Subitem", text="(1) A person may apply to the Minister for a transitional general licence authorising a vessel to..."
[parser-unknown-class] "Subitem", text="(2) The application must be in writing and be accompanied by the following:"
[parser-unknown-class] "Subitem", text="(3) The application must relate to one vessel only."
[parser-unknown-class] "ItemHead", text="11  Process for deciding applications"
[parser-unknown-class] "ItemHead", text="12  Criteria for deciding applications"
[parser-unknown-class] "Subitem", text="(1) In deciding an application made under item 10, section 15 of the new law applies as if subsec..."
[parser-unknown-class] "Subitem", text="(2) Instead, in deciding such an application, the Minister may have regard to the following:"
[parser-unknown-class] "ItemHead", text="13  Conditions imposed on all transitional general licences"
[parser-unknown-class] "Subitem", text="(1) Section 21 of the new law applies to a transitional general licence as if paragraph (a) were ..."
[parser-unknown-class] "Subitem", text="(2) Instead, it is a condition that the vessel to which the transitional general licence relates ..."
[parser-unknown-class] "ItemHead", text="14  Renewal of transitional general licence"
[parser-unknown-class] "Subitem", text="(1) The Minister may renew a transitional general licence if the holder of the licence makes an a..."
[parser-unknown-class] "Subitem", text="(2) If an application for renewal of a transitional general licence is made, the licence is taken..."
[parser-unknown-class] "Subitem", text="(3) A transitional general licence may only be renewed once."
[parser-unknown-class] "ItemHead", text="15  Applications for renewal of transitional general licences"
[parser-unknown-class] "Subitem", text="(1) Despite section 13 of the new law, an application for the renewal of a transitional general l..."
[parser-unknown-class] "Subitem", text="(2) The application must relate to one vessel only."
[parser-unknown-class] "ItemHead", text="16  Application of the new law and other laws of the Commonwealth"
[parser-unknown-class] "ActHead7", text="Part 4—Review of decisions"
[parser-unknown-class] "ItemHead", text="17  Rights of review"
[parser-unknown-class] "ActHead7", text="Part 5—Miscellaneous"
[parser-unknown-class] "ItemHead", text="18  Saving of orders"
[parser-unknown-class] "ItemHead", text="19  Saving of permissions"
[parser-unknown-class] "ItemHead", text="20  Saving of exemptions"
[parser-unknown-class] "ItemHead", text="21  Transitional regulations"
[parser-unknown-class] "Subitem", text="(1) The Governor‑General may make regulations prescribing matters:"
[parser-unknown-class] "Subitem", text="(2) In particular, regulations may be made prescribing matters of a transitional nature (includin..."
[parser-unknown-class] "Subitem", text="(3) Subitem (2) does not limit subitem (1)."
[parser-unknown-class] "2ndRd", text="[Minister’s second reading speech made in—"
[parser-unknown-class] "2ndRd", text="House of Representatives on 22 March 2012"
[parser-unknown-class] "2ndRd", text="Senate on 18 June 2012]"
[parser-diag] processed 318 <p> elements
[parser-diag] last section was added at element index: 68
[parser-diag] state phase at end: BODY
[parser-diag] hierarchy stack depth at end: 1
[parser-diag] insideSchedule at end: false
[parse] sections: 3
[parse] compilation: date=(none) no=(none)
[parse] by level:
         section      3
[db] inserted new legislation row: bb0e3ddd-026e-498d-9cb7-9805b68db400
[db] inserting 3 sections (pass 1)
[db] inserted 3 sections
[db] linking parent FKs (pass 2)
[db] linked 0 parent references

[done] ingested Coastal Trading (Revitalising Australian Shipping) (Consequential Amendments and Transitional Provisions) Act 2012
       legislation_id: bb0e3ddd-026e-498d-9cb7-9805b68db400
       sections: 3
       compilation: 2012-06-21
