[fetch] document_1: https://www.legislation.gov.au/C2011A00099/2024-10-14/2024-10-14/text/original/epub/OEBPS/document_1/document_1.html
[fetch] document_1: 482,898 bytes
[fetch] document_2: https://www.legislation.gov.au/C2011A00099/2024-10-14/2024-10-14/text/original/epub/OEBPS/document_2/document_2.html
[fetch] document_2 not found — stopping. Fetched 1 document(s).
[fetch] combined 1 document(s), 482,898 source bytes → 480,506 combined bytes
[citation] Australian National Registry of Emissions Units Act 2011 (Cth)
[parse] starting
[parser-diag] total <p> elements found: 1975
[parser-diag] processed 1975 <p> elements
[parser-diag] last section was added at element index: 1415
[parser-diag] state phase at end: ENDNOTES
[parser-diag] hierarchy stack depth at end: 2
[parser-diag] insideSchedule at end: false
[parse] sections: 122
[parse] compilation: date=2024-10-14 no=13
[parse] by level:
         part         9
         section      106
         division     7
[db] inserted new legislation row: ce19ad31-8157-45dc-be3e-6ee11819bfcb
[db] inserting 122 sections (pass 1)
[db] inserted 122 sections
[db] linking parent FKs (pass 2)
[db] linked 113 parent references

[done] ingested Australian National Registry of Emissions Units Act 2011
       legislation_id: ce19ad31-8157-45dc-be3e-6ee11819bfcb
       sections: 122
       compilation: 2024-10-14
