[fetch] document_1: https://www.legislation.gov.au/C2011A00127/2024-10-14/2024-10-14/text/original/epub/OEBPS/document_1/document_1.html
[fetch] document_1: 209,874 bytes
[fetch] document_2: https://www.legislation.gov.au/C2011A00127/2024-10-14/2024-10-14/text/original/epub/OEBPS/document_2/document_2.html
[fetch] document_2 not found — stopping. Fetched 1 document(s).
[fetch] combined 1 document(s), 209,874 source bytes → 207,695 combined bytes
[citation] Business Names Registration (Transitional and Consequential Provisions) Act 2011 (Cth)
[parse] starting
[parser-diag] total <p> elements found: 833
[parser-unknown-class] "Subsection", text="This Act may be cited as the Business Names Registration (Transitional and Consequential Provisio..."
[parser-unknown-class] "Subsection", text="(1) Each provision of this Act specified in column 1 of the table commences, or is taken to have ..."
[parser-unknown-class] "Subsection", text="(2) Any information in column 3 of the table is not part of this Act. Information may be inserted..."
[parser-unknown-class] "Subsection", text="Each Act that is specified in a Schedule to this Act is amended or repealed as set out in the app..."
[parser-unknown-class] "Subsection", text="(1) In this Act:"
[parser-unknown-class] "Paragraph", text="(a) in the case of New South Wales—the Director‑General as defined for the purposes of the Busine..."
[parser-unknown-class] "Paragraph", text="(b) in the case of Victoria—the Director within the meaning of the Fair Trading Act 1999 of Victo..."
[parser-unknown-class] "Paragraph", text="(c) in the case of Queensland—a registrar of business names under the Business Names Act 1962 of ..."
[parser-unknown-class] "Paragraph", text="(d) in the case of Western Australia—the person for the time being designated as the Commissioner..."
[parser-unknown-class] "Paragraph", text="(e) in the case of South Australia—the Corporate Affairs Commission of South Australia establishe..."
[parser-unknown-class] "Paragraph", text="(f) in the case of Tasmania—the Commissioner for Corporate Affairs holding office under section 4..."
[parser-unknown-class] "Paragraph", text="(g) in the case of the Australian Capital Territory—the Registrar‑General under the Registrar‑Gen..."
[parser-unknown-class] "Paragraph", text="(h) in the case of the Northern Territory—the person holding or occupying the office of Commissio..."
[parser-unknown-class] "Paragraph", text="(a) in the case of New South Wales—the Business Names Act 2002 of New South Wales; and"
[parser-unknown-class] "Paragraph", text="(b) in the case of Victoria—the Business Names Act 1962 of Victoria; and"
[parser-unknown-class] "Paragraph", text="(c) in the case of Queensland—the Business Names Act 1962 of Queensland; and"
[parser-unknown-class] "Paragraph", text="(d) in the case of Western Australia—the Business Names Act 1962 of Western Australia; and"
[parser-unknown-class] "Paragraph", text="(e) in the case of South Australia—the Business Names Act 1996 of South Australia; and"
[parser-unknown-class] "Paragraph", text="(f) in the case of Tasmania—the Business Names Act 1962 of Tasmania; and"
[parser-unknown-class] "Paragraph", text="(g) in the case of the Australian Capital Territory—the Business Names Act 1963 of the Australian..."
[parser-unknown-class] "Paragraph", text="(h) in the case of the Northern Territory—the Business Names Act 2007 of the Northern Territory."
[parser-unknown-class] "Subsection", text="(2) An expression, other than this Act, that is defined in the Business Names Registration Act ha..."
[parser-unknown-class] "ActHead6", text="Schedule 1—Transitional provisions"
[parser-unknown-class] "ActHead7", text="Part 1—Business names registered on change‑over day"
[parser-unknown-class] "ItemHead", text="1  Application of this Part"
[parser-unknown-class] "Subitem", text="(1) This Part applies if a referring/adopting State or an affected Territory notifies ASIC in acc..."
[parser-unknown-class] "Paragraph", text="(a) a business name is registered under the registration law of the State or Territory in relatio..."
[parser-unknown-class] "Paragraph", text="(b) the business name is to be registered on the Business Names Register."
[parser-unknown-class] "Subitem", text="(2) The notification must be given:"
[parser-unknown-class] "Paragraph", text="(a) in electronic form, or any other form agreed on by the State or Territory and ASIC; and"
[parser-unknown-class] "Paragraph", text="(b) before the change‑over day."
[parser-unknown-class] "Subitem", text="(3) The notification must:"
[parser-unknown-class] "Paragraph", text="(a) include details of the person; and"
[parser-unknown-class] "Paragraph", text="(b) state the period for which the business name is registered in relation to the person under th..."
[parser-unknown-class] "Paragraph", text="(c) if the business name is also registered by the State or Territory in relation to other persons:"
[parser-unknown-class] "Subitem", text="(4) A State or Territory satisfies the requirement in subitem (3) if the State or Territory gives..."
[parser-unknown-class] "ItemHead", text="2  Business names registered in relation to a person trading alone before the change‑over day"
[parser-unknown-class] "Subitem", text="(1) This item applies if:"
[parser-unknown-class] "Paragraph", text="(a) ASIC is given notification in relation to a business name and a person under item 1; and"
[parser-unknown-class] "Paragraph", text="(b) the person carries on, or intends to carry on, a business alone under the business name (rath..."
[parser-unknown-class] "Subitem", text="(2) On the change‑over day, ASIC must register the business name to the person by entering in the..."
[parser-unknown-class] "Paragraph", text="(a) details sufficient to identify the person including the person’s ABN (if ASIC has that inform..."
[parser-unknown-class] "Paragraph", text="(b) the business name; and"
[parser-unknown-class] "Paragraph", text="(c) the address of each principal place of business of which ASIC is aware; and"
[parser-unknown-class] "Paragraph", text="(d) each address for service of documents of which ASIC is aware; and"
[parser-unknown-class] "Paragraph", text="(e) the period for which the business name is registered."
[parser-unknown-class] "Subitem", text="(3) The period for which the business name is registered is the period:"
[parser-unknown-class] "Paragraph", text="(a) beginning at the start of the change‑over day; and"
[parser-unknown-class] "Paragraph", text="(b) ending on the last day on which registration of the business name in relation to the person w..."
[parser-unknown-class] "Subitem", text="(4) The Business Names Register may include any other details prescribed in relation to registrat..."
[parser-unknown-class] "ItemHead", text="3  Business names registered in relation to a group of persons before the change‑over day"
[parser-unknown-class] "Subitem", text="(1) This item applies if:"
[parser-unknown-class] "Paragraph", text="(a) ASIC is given notification in relation to a business name and a person under item 1; and"
[parser-unknown-class] "Paragraph", text="(b) the person carries on a business, or intends to carry on a business, under the name in associ..."
[parser-unknown-class] "Subitem", text="(2) On the change‑over day, ASIC must register the business name to:"
[parser-unknown-class] "Paragraph", text="(a) if the group of persons carrying on the business, or intending to carry on the business, has ..."
[parser-unknown-class] "Paragraph", text="(b) if the group of persons carrying on the business, or intending to carry on the business, has ..."
[parser-unknown-class] "Subitem", text="(3) If the business name is registered to a group of persons under paragraph (2)(b):"
[parser-unknown-class] "Paragraph", text="(a) each of those persons is a joint venture entity for the purposes of section 87 of the Busines..."
[parser-unknown-class] "Paragraph", text="(b) the group is a joint venture for the purposes of section 87 of the Business Names Registratio..."
[parser-unknown-class] "Subitem", text="(4) ASIC registers the business name by entering in the Business Names Register:"
[parser-unknown-class] "Paragraph", text="(a) details sufficient to identify the entity or group of persons, including (if ASIC has the inf..."
[parser-unknown-class] "Paragraph", text="(b) the business name; and"
[parser-unknown-class] "Paragraph", text="(c) the address of each principal place of business of which ASIC is aware; and"
[parser-unknown-class] "Paragraph", text="(d) each address for service of documents of which ASIC is aware; and"
[parser-unknown-class] "Paragraph", text="(e) the period for which the business name is registered."
[parser-unknown-class] "Subitem", text="(5) The period for which the business name is registered is the period:"
[parser-unknown-class] "Paragraph", text="(a) beginning at the start of the change‑over day; and"
[parser-unknown-class] "Paragraph", text="(b) ending on the last day on which registration of the business name to any member of the entity..."
[parser-unknown-class] "Subitem", text="(6) The Business Names Register may include any other details prescribed in relation to registrat..."
[parser-unknown-class] "ActHead7", text="Part 2—Business names held on change‑over day to resolve outstanding matters"
[parser-unknown-class] "ItemHead", text="4  Application"
[parser-unknown-class] "Subitem", text="(1) This Part applies if:"
[parser-unknown-class] "Paragraph", text="(a) a referring/adopting State or an affected Territory notifies ASIC in accordance with subitem ..."
[parser-unknown-class] "Paragraph", text="(b) the notification that the name is to be held is given for the purposes of resolving outstandi..."
[parser-unknown-class] "Subitem", text="(2) The notification must be given:"
[parser-unknown-class] "Paragraph", text="(a) in electronic form; and"
[parser-unknown-class] "Paragraph", text="(b) before the change‑over day."
[parser-unknown-class] "ItemHead", text="5  Business name held during grace period for renewal"
[parser-unknown-class] "Subitem", text="(1) ASIC must hold the business name until the business name is registered under item 7 or ASIC c..."
[parser-unknown-class] "Subitem", text="(2) An entity does not commit an offence under Part 2 of the Business Names Registration Act whil..."
[parser-unknown-class] "ItemHead", text="6  State or Territory may notify ASIC that registration required"
[parser-unknown-class] "Subitem", text="(1) Item 7 applies if a State or Territory that has given ASIC notification under item 4 notifies..."
[parser-unknown-class] "Subitem", text="(2) The notification must be given in electronic form."
[parser-unknown-class] "Subitem", text="(3) The notification must:"
[parser-unknown-class] "Paragraph", text="(a) either:"
[parser-unknown-class] "Paragraph", text="(b) nominate the period for which the business name is to be registered."
[parser-unknown-class] "ItemHead", text="7  Registration"
[parser-unknown-class] "Subitem", text="(1) ASIC must register the business name:"
[parser-unknown-class] "Paragraph", text="(a) in a case where a business is carried on, or is intended to be carried on, under the business..."
[parser-unknown-class] "Paragraph", text="(b) in a case where a business is carried on, or is intended to be carried on, under the business..."
[parser-unknown-class] "Subitem", text="(2) If the business name is registered to a group of persons under subparagraph (1)(b)(ii):"
[parser-unknown-class] "Paragraph", text="(a) each of those persons is a joint venture entity for the purposes of section 87 of the Busines..."
[parser-unknown-class] "Paragraph", text="(b) the group is a joint venture for the purposes of section 87 of the Business Names Registratio..."
[parser-unknown-class] "Subitem", text="(3) ASIC registers the business name by entering in the Business Names Register:"
[parser-unknown-class] "Paragraph", text="(a) details sufficient to identify the entity or group of persons to whom the business name is re..."
[parser-unknown-class] "Paragraph", text="(b) the business name; and"
[parser-unknown-class] "Paragraph", text="(c) the address of each principal place of business of which ASIC is aware; and"
[parser-unknown-class] "Paragraph", text="(d) each address for service of documents of which ASIC is aware; and"
[parser-unknown-class] "Paragraph", text="(e) the period for which the business name is registered."
[parser-unknown-class] "Subitem", text="(4) The period for which the business name is registered is the period nominated by the State or ..."
[parser-unknown-class] "Subitem", text="(5) If a business name is registered as a result of a notice given under item 6 after the period ..."
[parser-unknown-class] "Subitem", text="(6) This item does not apply if, because of:"
[parser-unknown-class] "Paragraph", text="(a) a previous application of this item; or"
[parser-unknown-class] "Paragraph", text="(b) another provision of this Act; or"
[parser-unknown-class] "Paragraph", text="(c) a provision of the Business Names Registration Act;"
[parser-unknown-class] "ItemHead", text="8  ASIC must cease to hold name if given notice by all relevant States and Territories"
[parser-unknown-class] "Subitem", text="(1) If all of the States and Territories who have given ASIC notification under item 4 to hold a ..."
[parser-unknown-class] "Subitem", text="(2) The notification must be given in electronic form."
[parser-unknown-class] "ItemHead", text="9  ASIC may request update on names held"
[parser-unknown-class] "Subitem", text="(1) ASIC may, by notice in accordance with subitem (2), request each State or Territory that has ..."
[parser-unknown-class] "Subitem", text="(2) A notice under subitem (1):"
[parser-unknown-class] "Paragraph", text="(a) must be given in electronic form; and"
[parser-unknown-class] "Paragraph", text="(b) may be given no earlier than 3 months after the change‑over day."
[parser-unknown-class] "Subitem", text="(3) The notice may nominate a period of no less than 28 days (beginning on the day on which the n..."
[parser-unknown-class] "Subitem", text="(4) ASIC may cease to hold the business name if none of the States or Territories to whom notice ..."
[parser-unknown-class] "Subitem", text="(5) To avoid doubt, ASIC may exercise its powers in relation to a business name under this item m..."
[parser-unknown-class] "Subitem", text="(6) If ASIC ceases to hold a business name, it must notify the State or Territory of that fact."
[parser-unknown-class] "ItemHead", text="10  Regulations for the purposes of resolving outstanding matters"
[parser-unknown-class] "Subitem", text="(1) The Governor‑General may make regulations to deal with business names in relation to which ou..."
[parser-unknown-class] "Subitem", text="(2) To avoid doubt, regulations made under subitem (1) must not direct a State or Territory on ho..."
[parser-unknown-class] "Subitem", text="(3) Without limiting subitem (1), this Act and the Business Names Registration Act have effect su..."
[parser-unknown-class] "Subitem", text="(4) In this item:"
[parser-unknown-class] "ActHead7", text="Part 3—Entities disqualified on registration under this Act"
[parser-unknown-class] "ItemHead", text="11  Entities disqualified on registration under this Act"
[parser-unknown-class] "Subitem", text="(1) An entity to whom a business name is registered under this Act must notify ASIC if the entity..."
[parser-unknown-class] "Subitem", text="(2) The notice:"
[parser-unknown-class] "Paragraph", text="(a) must be in the prescribed form; and"
[parser-unknown-class] "Paragraph", text="(b) must be lodged in the prescribed manner; and"
[parser-unknown-class] "Paragraph", text="(c) must be lodged within a period of 28 days beginning on:"
[parser-unknown-class] "Subitem", text="(3) If a business name is registered to an entity under this Act, but the entity is disqualified ..."
[parser-unknown-class] "Paragraph", text="(a) section 21 of the Business Names Registration Act does not apply in relation to that disquali..."
[parser-unknown-class] "Paragraph", text="(b) section 44 of the Business Names Registration Act does not apply in relation to that disquali..."
[parser-unknown-class] "Subitem", text="(4) The Minister may determine in writing that the registration of the business name to the entit..."
[parser-unknown-class] "Paragraph", text="(a) the seriousness of an offence on the basis of which the entity is disqualified; or"
[parser-unknown-class] "Paragraph", text="(b) the number of offences on the basis of which the entity is disqualified;"
[parser-unknown-class] "Subitem", text="(5) The Minister must not make a determination under subitem (4) if:"
[parser-unknown-class] "Paragraph", text="(a) in a case where the business name was registered under a registration law of a referring/adop..."
[parser-unknown-class] "Paragraph", text="(b) in a case where the business name was registered under a registration law of a referring/adop..."
[parser-unknown-class] "Subitem", text="(6) For the purposes of subitem (5), leave is granted by a relevant court if:"
[parser-unknown-class] "Paragraph", text="(a) where the business name was registered under the Business Names Act 2002 of New South Wales—l..."
[parser-unknown-class] "Paragraph", text="(b) where the business name was registered under the Business Names Act 1962 of Victoria—leave to..."
[parser-unknown-class] "Paragraph", text="(c) where the business name was registered under the Business Names Act 1962 of Western Australia..."
[parser-unknown-class] "Paragraph", text="(d) where the business name was registered under the Business Names Act 1996 of South Australia—p..."
[parser-unknown-class] "Paragraph", text="(e) where the business name was registered under the Business Names Act 1962 of Tasmania—leave to..."
[parser-unknown-class] "Subitem", text="(7) A determination under subitem (4) is not a legislative instrument."
[parser-unknown-class] "ActHead7", text="Part 4—Information‑gathering for transitional purposes"
[parser-unknown-class] "ItemHead", text="12  Interaction with the Australian Business Register"
[parser-unknown-class] "Subitem", text="(1) ASIC may disclose information to the Registrar of the Australian Business Register for the pu..."
[parser-unknown-class] "Paragraph", text="(a) to establish whether a person, or a group of persons, to whom a business name is registered u..."
[parser-unknown-class] "Paragraph", text="(b) to obtain details of the business names that are listed on the Australian Business Register a..."
[parser-unknown-class] "Paragraph", text="(c) to obtain details of the business names that are listed on the Australian Business Register a..."
[parser-unknown-class] "Subitem", text="(2) ASIC may record and use information disclosed to ASIC by the Registrar of the Australian Busi..."
[parser-unknown-class] "Paragraph", text="(a) paragraph 2(1)(b);"
[parser-unknown-class] "Paragraph", text="(b) paragraph 3(1)(b);"
[parser-unknown-class] "Paragraph", text="(c) paragraph 7(1)(a);"
[parser-unknown-class] "Paragraph", text="(d) paragraph 7(1)(b);"
[parser-unknown-class] "Paragraph", text="(e) paragraph 16(1)(b)."
[parser-unknown-class] "ItemHead", text="13  ASIC may disclose information to States and Territories for transitional purposes"
[parser-unknown-class] "Paragraph", text="(a) to ensure that a business name is registered to the correct entity under this Act; and"
[parser-unknown-class] "Paragraph", text="(b) to ensure that details entered on the Business Names Register in relation to a registration u..."
[parser-unknown-class] "ItemHead", text="14  ASIC may use information disclosed to it by States and Territories in making decisions"
[parser-unknown-class] "Paragraph", text="(a) paragraph 2(1)(b);"
[parser-unknown-class] "Paragraph", text="(b) paragraph 3(1)(b);"
[parser-unknown-class] "Paragraph", text="(c) paragraph 7(1)(a);"
[parser-unknown-class] "Paragraph", text="(d) paragraph 7(1)(b);"
[parser-unknown-class] "Paragraph", text="(e) paragraph 16(1)(b)."
[parser-unknown-class] "ItemHead", text="15  ASIC may rely on information disclosed by States and Territories and by the Registrar of the ..."
[parser-unknown-class] "Paragraph", text="(a) a State or Territory; or"
[parser-unknown-class] "Paragraph", text="(b) the Registrar of Australian Business Register."
[parser-unknown-class] "ItemHead", text="16  Correcting the Business Names Register where information available on transition deficient"
[parser-unknown-class] "Subitem", text="(1) This item applies if:"
[parser-unknown-class] "Paragraph", text="(a) a business name is registered under this Act to an entity or entities; and"
[parser-unknown-class] "Paragraph", text="(b) ASIC is satisfied that, because of a deficiency in the information available to ASIC before r..."
[parser-unknown-class] "Subitem", text="(2) ASIC must correct the Business Names Register."
[parser-unknown-class] "Subitem", text="(3) Without limiting subitem (2), ASIC may, for the purposes of correcting the Business Names Reg..."
[parser-unknown-class] "Paragraph", text="(a) add one or more registrations; or"
[parser-unknown-class] "Paragraph", text="(b) remove one or more registrations; or"
[parser-unknown-class] "Paragraph", text="(c) change the details entered on the Business Names Register in relation to one or more registra..."
[parser-unknown-class] "Subitem", text="(4) If ASIC corrects the Business Names Register, it must give notice of the correction made to:"
[parser-unknown-class] "Paragraph", text="(a) each entity to whom the business name was registered before the correction; and"
[parser-unknown-class] "Paragraph", text="(b) each entity to whom the business name is registered after the correction; and"
[parser-unknown-class] "Paragraph", text="(c) if a detail in relation to a person is changed and that person would not receive notice under..."
[parser-unknown-class] "ItemHead", text="17  Nominating a principal place of business and address for service"
[parser-unknown-class] "Subitem", text="(1) If a business name is registered to an entity under this Act:"
[parser-unknown-class] "Paragraph", text="(a) in a case where more than one principal place of business is entered on the Business Names Re..."
[parser-unknown-class] "Paragraph", text="(b) in a case where more than one address for service is entered on the Business Names Register i..."
[parser-unknown-class] "Subitem", text="(2) ASIC’s request must:"
[parser-unknown-class] "Paragraph", text="(a) be in writing; and"
[parser-unknown-class] "Paragraph", text="(b) specify the period, of no less than 28 days beginning on the day on which the notice is given..."
[parser-unknown-class] "Subitem", text="(3) The nomination:"
[parser-unknown-class] "Paragraph", text="(a) must be in the prescribed form; and"
[parser-unknown-class] "Paragraph", text="(b) must be lodged with ASIC in the prescribed manner."
[parser-unknown-class] "Subitem", text="(4) If the nomination is not lodged with ASIC within the nomination period:"
[parser-unknown-class] "Paragraph", text="(a) where more than one principal place of business is entered on the Business Names Register in ..."
[parser-unknown-class] "Paragraph", text="(b) where more than one address for service is entered on the Business Names Register in relation..."
[parser-unknown-class] "ActHead7", text="Part 5—Distinguishing grandfathered business names that are identical or nearly identical"
[parser-unknown-class] "ItemHead", text="18  Distinguishing words and expressions"
[parser-unknown-class] "Subitem", text="(1) This item applies if 2 or more business names that are identical or nearly identical are regi..."
[parser-unknown-class] "Subitem", text="(2) This item also applies if one or more of the business names is subsequently registered under ..."
[parser-unknown-class] "Subitem", text="(3) ASIC may, by notice in writing given to each entity to whom one of the business names is regi..."
[parser-unknown-class] "Subitem", text="(4) ASIC may only nominate a word or expression to an entity if the inclusion of the word or expr..."
[parser-unknown-class] "Subitem", text="(5) Without limiting subitem (4), a word or expression nominated by ASIC may be a word or express..."
[parser-unknown-class] "Subitem", text="(6) If ASIC gives an entity a notice under subitem (3), the entity must, within 28 days after tha..."
[parser-unknown-class] "Paragraph", text="(a) lodge a notice with ASIC accepting ASIC’s nomination; or"
[parser-unknown-class] "Paragraph", text="(b) lodge a notice with ASIC objecting to ASIC’s nomination and nominating an alternative word or..."
[parser-unknown-class] "Subitem", text="(7) A notice under paragraph (6)(a) or (b):"
[parser-unknown-class] "Paragraph", text="(a) must be in the prescribed form; and"
[parser-unknown-class] "Paragraph", text="(b) must be lodged in the prescribed manner."
[parser-unknown-class] "Subitem", text="(8) If an entity fails to comply with subitem (6), the entity is taken to have lodged notice with..."
[parser-unknown-class] "Subitem", text="(9) ASIC must accept the alternative word or expression nominated by the entity unless ASIC is re..."
[parser-unknown-class] "Paragraph", text="(a) the word or expression were added to the business name; and"
[parser-unknown-class] "Paragraph", text="(b) the entity made application to register the business name as altered;"
[parser-unknown-class] "Subitem", text="(10) ASIC must:"
[parser-unknown-class] "Paragraph", text="(a) notify the entity in writing whether it accepts or rejects the alternative word or expression..."
[parser-unknown-class] "Paragraph", text="(b) if ASIC rejects the alternative, specify in the notice the word or expression that is to be e..."
[parser-unknown-class] "ItemHead", text="19  Meaning of distinguishing word or expression"
[parser-unknown-class] "Paragraph", text="(a) the word or expression is nominated by ASIC in relation to the business name by notice to the..."
[parser-unknown-class] "Paragraph", text="(b) the word or expression is nominated by ASIC in relation to the business name by notice to the..."
[parser-unknown-class] "Paragraph", text="(c) the word or expression is nominated by the entity in relation to the business name by notice ..."
[parser-unknown-class] "Paragraph", text="(d) in a case where an alternative word or expression is nominated in relation to the business na..."
[parser-unknown-class] "ItemHead", text="20  ASIC must enter distinguishing word or expression on the Business Names Register"
[parser-unknown-class] "Subitem", text="(1) ASIC must enter the distinguishing word or expression that relates to a business or businesse..."
[parser-unknown-class] "Subitem", text="(2) However, the distinguishing word or expression does not form part of the business name."
[parser-unknown-class] "Subitem", text="(3) ASIC may remove the entry from the register if ASIC is satisfied that the removal of the dist..."
[parser-unknown-class] "Subitem", text="(4) If ASIC removes the entry from the register, ASIC must notify the following entities of the r..."
[parser-unknown-class] "Paragraph", text="(a) the entity to whom the business name is registered;"
[parser-unknown-class] "Paragraph", text="(b) each entity for whom ASIC has contact details to whom the business name, or a nearly identica..."
[parser-unknown-class] "Subitem", text="(5) ASIC may also notify any other entity of the removal of the distinguishing word or expression..."
[parser-unknown-class] "ItemHead", text="21  Name not available if identical or nearly identical to existing name accompanied by distingui..."
[parser-unknown-class] "ActHead7", text="Part 6—Aligning registration periods"
[parser-unknown-class] "ItemHead", text="22  Aligning registration periods"
[parser-unknown-class] "Subitem", text="(1) This item applies in relation to the first renewal after the day on which the business name i..."
[parser-unknown-class] "Subitem", text="(2) ASIC must determine an alternative registration period for the renewal of the registration of..."
[parser-unknown-class] "Paragraph", text="(a)  the entity lodges a request with ASIC, in the prescribed form and manner, to have the altern..."
[parser-unknown-class] "Paragraph", text="(b) the alternative registration period requested is:"
[parser-unknown-class] "Subitem", text="(3) A determination under subitem (2) must be in writing, but is not a legislative instrument."
[parser-unknown-class] "ActHead7", text="Part 7—Other obligations to give information to ASIC"
[parser-unknown-class] "ItemHead", text="23  Notifying ASIC of bankruptcy, insolvency etc."
[parser-unknown-class] "Subitem", text="(1) A person who is a debtor representative of an entity immediately before the day on which a bu..."
[parser-unknown-class] "Paragraph", text="(a) the person has, before the registration day, given a person responsible for registration in a..."
[parser-unknown-class] "Paragraph", text="(b) the person lodges with ASIC notice of the person’s appointment or authorisation in accordance..."
[parser-unknown-class] "Subitem", text="(2) In this item:"
[parser-unknown-class] "ItemHead", text="24  Notifying ASIC of death of an entity that is an individual"
[parser-unknown-class] "Paragraph", text="(a) the person has, before the registration day, given a person responsible for registration in a..."
[parser-unknown-class] "Paragraph", text="(b) the person lodges with ASIC notice of the relevant grant in accordance with subsection 39(2) ..."
[parser-unknown-class] "ActHead7", text="Part 8—Preserving exemptions and protecting information"
[parser-unknown-class] "ItemHead", text="25  Exemptions"
[parser-unknown-class] "Subitem", text="(1) An entity is exempt from the requirement under section 19 of the Business Names Registration ..."
[parser-unknown-class] "Subitem", text="(2) Subsection 19(1) of the Business Names Registration Act does not apply to the entity in relat..."
[parser-unknown-class] "Subitem", text="(3) An entity is exempt from the requirement under section 20 of the Business Names Registration ..."
[parser-unknown-class] "Subitem", text="(4) Subsection 20(1) of the Business Names Registration Act does not apply to the entity in relat..."
[parser-unknown-class] "ItemHead", text="26  Protecting information"
[parser-unknown-class] "Subitem", text="(1) Despite section 60 of the Business Names Registration Act, a person may not obtain informatio..."
[parser-unknown-class] "Subitem", text="(2) Despite section 61 of the Business Names Registration Act, ASIC must not make information pub..."
[parser-unknown-class] "ActHead7", text="Part 9—Review"
[parser-unknown-class] "ItemHead", text="27  Reviewable decisions"
[parser-unknown-class] "Subitem", text="(1) A decision specified in an item in column 1 of the table, made under a provision specified fo..."
[parser-unknown-class] "Subitem", text="(2) A decision by the Registrar under a provision of the data standards or the disclosure framewo..."
[parser-unknown-class] "ItemHead", text="28  Internal review of certain decisions"
[parser-unknown-class] "Subitem", text="(1) If a reviewable decision is made by ASIC other than as a delegate of the Minister, an entity ..."
[parser-unknown-class] "Subitem", text="(2) If a reviewable decision is made by an ASIC member or staff member as a delegate of the Minis..."
[parser-unknown-class] "Subitem", text="(3) The application:"
[parser-unknown-class] "Paragraph", text="(a) must set out the reasons for making the application; and"
[parser-unknown-class] "Paragraph", text="(b) must be in the prescribed form; and"
[parser-unknown-class] "Paragraph", text="(c) must be lodged in the prescribed manner."
[parser-unknown-class] "Subitem", text="(4) An application for review of a decision must be lodged within 28 days after the entity is not..."
[parser-unknown-class] "Subitem", text="(5) Despite subitem (4), an application for review may be lodged within such longer period as the..."
[parser-unknown-class] "Subitem", text="(6) After an application for review of a decision is lodged with a review body, the review body m..."
[parser-unknown-class] "Paragraph", text="(a) affirm the decision under review; or"
[parser-unknown-class] "Paragraph", text="(b) vary the decision under review; or"
[parser-unknown-class] "Paragraph", text="(c) set aside the decision under review and make a decision in substitution for it."
[parser-unknown-class] "Subitem", text="(7) A decision of the review body under subitem (6) takes effect:"
[parser-unknown-class] "Paragraph", text="(a) on a day, provided in the decision, that is after the decision is made; or"
[parser-unknown-class] "Paragraph", text="(b) if a day is not so provided—on the day on which the decision is made."
[parser-unknown-class] "Subitem", text="(8) If the review body has not decided an application by an entity for review of a decision:"
[parser-unknown-class] "Paragraph", text="(a) where the review body is ASIC—within 28 days after the application is lodged; and"
[parser-unknown-class] "Paragraph", text="(b) where the review body is the Minister—within 60 days after the application is lodged;"
[parser-unknown-class] "Subitem", text="(9) For the purposes of item 29, if an entity gives notice under subitem (8) of this item, the re..."
[parser-unknown-class] "ItemHead", text="29  Administrative review of certain decisions"
[parser-unknown-class] "Subitem", text="(1) An application may be made to the Administrative Review Tribunal for review of a decision mad..."
[parser-unknown-class] "Subitem", text="(2) The application may be made by any entity who could have lodged an application under subitem ..."
[parser-unknown-class] "Subitem", text="(3) An application may be made to the Administrative Review Tribunal for review of a decision mad..."
[parser-unknown-class] "Subitem", text="(4) The application may be made by the entity."
[parser-unknown-class] "ActHead7", text="Part 10—Miscellaneous"
[parser-unknown-class] "ItemHead", text="30  Restricted words and expressions"
[parser-unknown-class] "ItemHead", text="31  Limit on exercise of powers to require information"
[parser-unknown-class] "Subitem", text="(1) This item applies if a business name is registered to an entity under this Act and no other b..."
[parser-unknown-class] "Subitem", text="(2) ASIC must not exercise its powers under this Act or the Business Names Registration Act to re..."
[parser-unknown-class] "Paragraph", text="(a) the entity’s ABN;"
[parser-unknown-class] "Paragraph", text="(b) if the entity is an individual—the entity’s date or place of birth."
[parser-unknown-class] "ItemHead", text="32  Availability test does not apply to registrations under this Act"
[parser-unknown-class] "ItemHead", text="33  Regulations"
[parser-unknown-class] "Subitem", text="(1) The Governor‑General may make regulations prescribing matters:"
[parser-unknown-class] "Paragraph", text="(a) required or permitted by this Act to be prescribed; or"
[parser-unknown-class] "Paragraph", text="(b) necessary or convenient to be prescribed for carrying out or giving effect to this Act."
[parser-unknown-class] "Subitem", text="(2) Without limiting subitem (1), regulations may provide for information of a prescribed kind to..."
[parser-unknown-class] "Paragraph", text="(a) the information is obtained by a referring/adopting State or an affected Territory under the ..."
[parser-unknown-class] "Paragraph", text="(b) the information is not otherwise entered, or would not otherwise be entered, on the Business ..."
[parser-unknown-class] "ActHead6", text="Schedule 2—Consequential amendments"
[parser-unknown-class] "ActHead7", text="Part 1—Amendments commencing on change‑over day"
[parser-unknown-class] "ActHead9", text="A New Tax System (Australian Business Number) Act 1999"
[parser-unknown-class] "ItemHead", text="1  Paragraph 26(3)(d)"
[parser-unknown-class] "Paragraph", text="(d) either:"
[parser-unknown-class] "ActHead9", text="ANL Act 1956"
[parser-unknown-class] "ItemHead", text="2  Section 51"
[parser-unknown-class] "ItemHead", text="3  Section 55"
[parser-unknown-class] "Subsection", text="This Part does not prevent a protected body from registering a name on the Business Names Registe..."
[parser-unknown-class] "ActHead9", text="Australian Securities and Investments Commission Act 2001"
[parser-unknown-class] "ItemHead", text="4  At the end of subsection 12A(1)"
[parser-unknown-class] "Paragraph", text="; (k) the Business Names Registration Act 2011;"
[parser-unknown-class] "Paragraph", text="(l) the Business Names Registration (Transitional and Consequential Provisions) Act 2011."
[parser-unknown-class] "ItemHead", text="5  After subsection 127(3)"
[parser-unknown-class] "Subsection", text="(3A) Using or disclosing information in accordance with the consent of the person who provided th..."
[parser-unknown-class] "ItemHead", text="6  At the end of subsection 136(2)"
[parser-unknown-class] "Paragraph", text="; (j) information about the operation of the Business Names Registration Act 2011 including:"
[parser-unknown-class] "ItemHead", text="7  At the end of section 136"
[parser-unknown-class] "Subsection", text="(4) The Minister must cause a copy of each annual report to be sent to the Attorney‑General of ea..."
[parser-unknown-class] "ActHead9", text="Bank Integration Act 1991"
[parser-unknown-class] "ItemHead", text="8  Paragraph 18(2)(b)"
[parser-unknown-class] "ItemHead", text="9  Subsection 18(3)"
[parser-unknown-class] "ActHead9", text="Corporations (Aboriginal and Torres Strait Islander) Act 2006"
[parser-unknown-class] "ItemHead", text="10  Paragraph 85‑5(1)(b)"
[parser-unknown-class] "ItemHead", text="11  Subparagraph 85‑5(2)(a)(v)"
[parser-unknown-class] "ItemHead", text="12  Section 700‑1"
[parser-unknown-class] "ItemHead", text="13  Section 700‑1 (definition of national business names register)"
[parser-unknown-class] "ActHead9", text="Corporations Act 2001"
[parser-unknown-class] "ItemHead", text="14  Section 9"
[parser-unknown-class] "ItemHead", text="15  Section 9 (definition of national business names register)"
[parser-unknown-class] "ItemHead", text="16  Paragraph 147(1)(b)"
[parser-unknown-class] "ItemHead", text="17  Subsection 147(5)"
[parser-unknown-class] "ItemHead", text="18  Paragraph 324BB(6)(a)"
[parser-unknown-class] "ItemHead", text="19  Paragraph 601DC(1)(b)"
[parser-unknown-class] "ItemHead", text="20  Subsection 601DD(3)"
[parser-unknown-class] "ActHead9", text="Defence Service Homes Act 1918"
[parser-unknown-class] "ItemHead", text="21  Paragraph 50A(2)(d)"
[parser-unknown-class] "Paragraph", text="(d) uses as a business name (within the meaning of the Business Names Registration Act 2011) or p..."
[parser-unknown-class] "ActHead9", text="Financial Transaction Reports Act 1988"
[parser-unknown-class] "ItemHead", text="22  Subsection 3(1) (subparagraph (c)(iv) of the definition of account information)"
[parser-unknown-class] "Paragraph", text="(iv) if the account is held in a business name registered on the Business Names Register—that fac..."
[parser-unknown-class] "Paragraph", text="(iva) if the account is held in a business name of which registration on the Business Names Regis..."
[parser-unknown-class] "ItemHead", text="23  Subsection 3(1)"
[parser-unknown-class] "ActHead9", text="Olympic Insignia Protection Act 1987"
[parser-unknown-class] "ItemHead", text="24  Subsection 71(5)"
[parser-unknown-class] "Subsection", text="(5) This Chapter does not apply to the use of a business name in connection with a business if:"
[parser-unknown-class] "Paragraph", text="(a) the name was registered under a law of a State or Territory relating to business names immedi..."
[parser-unknown-class] "Paragraph", text="(b) the name is registered in relation to the business under a law of the Commonwealth or a State..."
[parser-unknown-class] "ActHead9", text="Qantas Sale Act 1992"
[parser-unknown-class] "ItemHead", text="25  Subsection 7(7) (definition of registered business name)"
[parser-unknown-class] "ActHead9", text="Wine Australia Corporation Act 1980"
[parser-unknown-class] "ItemHead", text="26  Paragraphs 40DB(4)(c) and 40FB(3)(c)"
[parser-unknown-class] "ActHead7", text="Part 2—Amendment commencing on first anniversary of change‑over day"
[parser-unknown-class] "ActHead9", text="A New Tax System (Australian Business Number) Act 1999"
[parser-unknown-class] "ItemHead", text="27  Paragraph 26(3)(d)"
[parser-unknown-class] "Paragraph", text="(d) any business name registered to the entity on the Business Names Register established and mai..."
[parser-unknown-class] "ActHead6", text="Schedule 3—Transitional provisions for the Treasury Laws Amendment (2019 Measures No. 3) Act 2020"
[parser-unknown-class] "ItemHead", text="1  Transitional—directions by Minister"
[parser-unknown-class] "ActHead6", text="Schedule 4—Application and transitional provisions for the Treasury Laws Amendment (Registries Mo..."
[parser-unknown-class] "ItemHead", text="1  Definitions"
[parser-unknown-class] "Paragraph", text="(a) starting at the start of 22 June 2022; and"
[parser-unknown-class] "Paragraph", text="(b) ending at the end of the day before the day on which Part 2 of Schedule 4 to the Treasury Law..."
[parser-unknown-class] "Paragraph", text="(a) an item of Part 2 of Schedule 1 to the Treasury Laws Amendment (Registries Modernisation and ..."
[parser-unknown-class] "Paragraph", text="(b) an item of Part 3 of Schedule 1 to the Financial Sector Reform (Hayne Royal Commission Respon..."
[parser-unknown-class] "Paragraph", text="(c) an item of Part 4 of Schedule 2 to the Treasury Laws Amendment (2021 Measures No. 1) Act 2021."
[parser-unknown-class] "ItemHead", text="2  Validation of acts or things done during interim period"
[parser-unknown-class] "SubitemHead", text="Object"
[parser-unknown-class] "Subitem", text="(1) The object of this item is to treat all situations during the interim period in every respect..."
[parser-unknown-class] "Paragraph", text="(a) the amendments made by Part 1 of Schedule 4 to the Treasury Laws Amendment (2022 Measures No...."
[parser-unknown-class] "Paragraph", text="(b) the amendments made by the postponed items had not been made at the start of 22 June 2022 and..."
[parser-unknown-class] "SubitemHead", text="Validation of acts and things done in interim period"
[parser-unknown-class] "Subitem", text="(2) An act or thing that was done at any time during the interim period is as valid, and is taken..."
[parser-unknown-class] "Paragraph", text="(a) the amendments made by Part 1 of Schedule 4 to the Treasury Laws Amendment (2022 Measures No...."
[parser-unknown-class] "Paragraph", text="(b) in particular, the amendments made by the postponed items had not been made at the start of 2..."
[parser-unknown-class] "SubitemHead", text="Continuation of delegations"
[parser-unknown-class] "Subitem", text="(3) Without limiting subitem (2), if:"
[parser-unknown-class] "Paragraph", text="(a) a function or power conferred by the Business Names Registration Act or this Act was delegate..."
[parser-unknown-class] "Paragraph", text="(b) the delegation was in force immediately before 22 June 2022; and"
[parser-unknown-class] "Paragraph", text="(c) but for this subitem, the delegation would have ceased to have effect at the start of 22 June..."
[parser-unknown-class] "Subitem", text="then:"
[parser-unknown-class] "Paragraph", text="(d) an act or thing done by the delegate in the interim period is, and is taken always to have be..."
[parser-unknown-class] "Paragraph", text="(e) the delegation has effect, on and after the day section 1 of the Treasury Laws Amendment (202..."
[parser-unknown-class] "SubitemHead", text="Acts and things to which this item applies"
[parser-unknown-class] "Subitem", text="(4) This item applies to an act or thing, regardless of the basis on which, or capacity in which,..."
[parser-unknown-class] "ItemHead", text="3  Application of amendments"
[parser-unknown-class] "Subitem", text="(1) An amendment of a provision of the Business Names Registration Act or this Act that is made b..."
[parser-unknown-class] "Paragraph", text="(a) if the amending item is covered by a notifiable instrument in force under paragraph (2)(a) of..."
[parser-unknown-class] "Paragraph", text="(b) if the amending item is covered by a notifiable instrument in force under paragraph (2)(b) of..."
[parser-unknown-class] "Paragraph", text="(c) 1 July 2026."
[parser-unknown-class] "Subitem", text="(2) The Minister:"
[parser-unknown-class] "Paragraph", text="(a) may by notifiable instrument specify days for amending items for the purposes of paragraph (1..."
[parser-unknown-class] "Paragraph", text="(b) may by notifiable instrument specify days and matters for amending items for the purposes of ..."
[parser-unknown-class] "Subitem", text="(3) A day specified for an amending item in a notifiable instrument made under subitem (2) must be:"
[parser-unknown-class] "Paragraph", text="(a) on or after the day that the instrument is made; and"
[parser-unknown-class] "Paragraph", text="(b) on or after the commencement day for the amending item."
[parser-unknown-class] "Subitem", text="(4) Without limiting subsection 13(3) of the Legislation Act 2003, an instrument made under subit..."
[parser-unknown-class] "ItemHead", text="4  Liability for damages"
[parser-unknown-class] "Paragraph", text="(a) by ASIC or a person mentioned in any of paragraphs (c) to (e) of that section; and"
[parser-unknown-class] "Paragraph", text="(b) either:"
[parser-unknown-class] "ItemHead", text="5  Notice nominating or withdrawing nomination of principal contact"
[parser-unknown-class] "Paragraph", text="(a) nominates, or withdraws the nomination of, a person as the principal contact in relation to a..."
[parser-unknown-class] "Paragraph", text="(b) is validly lodged with ASIC under that section;"
[parser-unknown-class] "ItemHead", text="6  Things started but not finished by ASIC"
[parser-unknown-class] "Paragraph", text="(a) an amending item amends a provision of the Business Names Registration Act or this Act; and"
[parser-unknown-class] "Paragraph", text="(b) before the application day for the amendment made by the amending item, as applying in relati..."
[parser-unknown-class] "Paragraph", text="(c) immediately before that application day, ASIC had not finished doing that thing; and"
[parser-unknown-class] "Paragraph", text="(d) on and after that application day, doing that thing is within the powers or functions of the ..."
[parser-unknown-class] "Paragraph", text="(e) ASIC may finish doing that thing as if that thing were being done by the Registrar in perform..."
[parser-unknown-class] "Paragraph", text="(f) to the extent that ASIC does not finish doing that thing under paragraph (e), the Registrar m..."
[parser-diag] processed 833 <p> elements
[parser-diag] last section was added at element index: 481
[parser-diag] state phase at end: ENDNOTES
[parser-diag] hierarchy stack depth at end: 1
[parser-diag] insideSchedule at end: false
[parse] sections: 5
[parse] compilation: date=2024-10-14 no=6
[parse] by level:
         section      5
[db] inserted new legislation row: 45eae27a-8cbe-4f18-a7b1-93003261f08d
[db] inserting 5 sections (pass 1)
[db] inserted 5 sections
[db] linking parent FKs (pass 2)
[db] linked 0 parent references

[done] ingested Business Names Registration (Transitional and Consequential Provisions) Act 2011
       legislation_id: 45eae27a-8cbe-4f18-a7b1-93003261f08d
       sections: 5
       compilation: 2024-10-14
