[fetch] document_1: https://www.legislation.gov.au/C2013A00068/2018-01-01/2018-01-01/text/original/epub/OEBPS/document_1/document_1.html
[fetch] document_1: 57,103 bytes
[fetch] document_2: https://www.legislation.gov.au/C2013A00068/2018-01-01/2018-01-01/text/original/epub/OEBPS/document_2/document_2.html
[fetch] document_2 not found — stopping. Fetched 1 document(s).
[fetch] combined 1 document(s), 57,103 source bytes → 55,141 combined bytes
[citation] Australian Education (Consequential and Transitional Provisions) Act 2013 (Cth)
[parse] starting
[parser-diag] total <p> elements found: 258
[parser-unknown-class] "ActHead6", text="Schedule 1—Amendments"
[parser-unknown-class] "ActHead9", text="Federal Financial Relations Act 2009"
[parser-unknown-class] "ItemHead", text="1  Section 11"
[parser-unknown-class] "ItemHead", text="2  Subsections 12(3), 13(3) and 14(3) (notes)"
[parser-unknown-class] "ItemHead", text="3  Section 15"
[parser-unknown-class] "ItemHead", text="4  Transitional provisions"
[parser-unknown-class] "Subitem", text="(1) Section 11 of the FFR Act continues to apply (subject to subitem (3)) in relation to the fina..."
[parser-unknown-class] "Subitem", text="(2) To avoid doubt, the Minister may do the following in relation to that financial year after se..."
[parser-unknown-class] "Subitem", text="(3) The total amount of all financial assistance payable under subsection 11(1) of the FFR Act to..."
[parser-unknown-class] "Subitem", text="(4) Subitem (3) does not apply in relation to subsection 65(6) (amount payable for non‑participat..."
[parser-unknown-class] "Subitem", text="(5) In this item:"
[parser-unknown-class] "Subitem", text="FFR Act means the Federal Financial Relations Act 2009."
[parser-unknown-class] "Subitem", text="State has the meaning given by the Federal Financial Relations Act 2009."
[parser-unknown-class] "ActHead9", text="Schools Assistance Act 2008"
[parser-unknown-class] "ItemHead", text="5  Paragraph 3(3)(b)"
[parser-unknown-class] "ItemHead", text="6  Section 4 (paragraph (b) of the definition of program year)"
[parser-unknown-class] "ActHead6", text="Schedule 2—Transitional provisions"
[parser-unknown-class] "ItemHead", text="1  Definitions"
[parser-unknown-class] "Subitem", text="(1) In this Schedule:"
[parser-unknown-class] "Subitem", text="the new Act means the Australian Education Act 2013."
[parser-unknown-class] "Subitem", text="the old Act means the Schools Assistance Act 2008."
[parser-unknown-class] "Subitem", text="(2) Expressions used in this Schedule that are defined for the purposes of the new Act, and used ..."
[parser-unknown-class] "Subitem", text="(3) Expressions used in this Schedule that are defined for the purposes of the old Act, and used ..."
[parser-unknown-class] "ItemHead", text="2  Approved authorities for non‑government schools"
[parser-unknown-class] "Subitem", text="(1) This item applies in relation to a body that was an approved authority under the old Act on 3..."
[parser-unknown-class] "SubitemHead", text="Deemed approval"
[parser-unknown-class] "Subitem", text="(2) If the body was an approved authority for an approved school system, then for the purposes of..."
[parser-unknown-class] "Subitem", text="(3) If the body was an approved authority for an approved non‑systemic school, then for the purpo..."
[parser-unknown-class] "SubitemHead", text="When approval is taken to be in force"
[parser-unknown-class] "Subitem", text="(4) An approval under this item is taken to be in force on and after 1 January 2014."
[parser-unknown-class] "SubitemHead", text="Things taken to be specified in deemed approval"
[parser-unknown-class] "Subitem", text="(5) For the purposes of section 79 (limitation on approval) of the new Act, the following things ..."
[parser-unknown-class] "ItemHead", text="3  Non‑bodies corporate"
[parser-unknown-class] "Subitem", text="(1) Despite subsection 75(2) of the new Act, an approved authority that:"
[parser-unknown-class] "Subitem", text="(2) If:"
[parser-unknown-class] "ItemHead", text="4  Applications for approved authorities that have not been dealt with by 31 December 2013"
[parser-unknown-class] "Subitem", text="(1) This item applies if:"
[parser-unknown-class] "Subitem", text="(2) For the purposes of the new Act, the application is taken to have been made under section 72 ..."
[parser-unknown-class] "Subitem", text="(3) Despite subsection 73(6) of the new Act, a day specified under that subsection in relation to..."
[parser-unknown-class] "ItemHead", text="5  Approved authorities for government schools"
[parser-unknown-class] "Subitem", text="(1) For the purposes of the new Act, the Minister is taken to have approved, under subsection 73(..."
[parser-unknown-class] "SubitemHead", text="When approval is taken to be in force"
[parser-unknown-class] "Subitem", text="(2) An approval under this item is taken to be in force on and after 1 January 2014."
[parser-unknown-class] "SubitemHead", text="Things taken to be specified in deemed approval"
[parser-unknown-class] "Subitem", text="(3) For the purposes of section 79 (limitation on approval) of the new Act, the following things ..."
[parser-unknown-class] "ItemHead", text="6  Block grant authorities"
[parser-unknown-class] "Subitem", text="(1) This item applies in relation to a body corporate that was a block grant authority under the ..."
[parser-unknown-class] "SubitemHead", text="Deemed approval"
[parser-unknown-class] "Subitem", text="(2) For the purposes of the new Act, the Minister is taken to have approved, under subsection 83(..."
[parser-unknown-class] "SubitemHead", text="When approval is taken to be in force"
[parser-unknown-class] "Subitem", text="(3) An approval under this item is taken to be in force on and after 1 January 2014."
[parser-unknown-class] "SubitemHead", text="Things taken to be specified in deemed approval"
[parser-unknown-class] "Subitem", text="(4) For the purposes of section 86 (limitation on approval) of the new Act, the schools referred ..."
[parser-unknown-class] "ItemHead", text="7  No notice of decision required"
[parser-unknown-class] "ItemHead", text="8  Variation or revocation of deemed approvals"
[parser-unknown-class] "ItemHead", text="10  Majority Aboriginal and Torres Strait Islander schools"
[parser-unknown-class] "ItemHead", text="11  SES scores"
[parser-unknown-class] "Subitem", text="(1) If a determination of a school’s SES score is in force under subsection 72(2) of the old Act ..."
[parser-unknown-class] "Subitem", text="(2) A determination that is taken to have been made under subitem (1) is not a reviewable decision."
[parser-unknown-class] "Subitem", text="(3) A determination under this item is taken to be in force on and after 1 January 2014."
[parser-unknown-class] "Subitem", text="(4) Subitem (1) does not prevent a new determination being made for the school under section 52 o..."
[parser-unknown-class] "ItemHead", text="12  Regulations"
[parser-unknown-class] "Subitem", text="(1) Before 1 January 2015, regulations made under section 130 of the new Act may prescribe modifi..."
[parser-unknown-class] "Subitem", text="(2) Without limiting subitem (1), a modification of the operation of that Act may result in a dif..."
[parser-unknown-class] "Subitem", text="(3) Subsection 130(5) of the new Act (requirement to consult Ministerial Council) does not apply ..."
[parser-diag] processed 258 <p> elements
[parser-diag] last section was added at element index: 60
[parser-diag] state phase at end: ENDNOTES
[parser-diag] hierarchy stack depth at end: 1
[parser-diag] insideSchedule at end: false
[parse] sections: 3
[parse] compilation: date=2018-01-01 no=2
[parse] by level:
         section      3
[db] inserted new legislation row: 802767bd-779c-4a87-9039-8dbaffe41c9a
[db] inserting 3 sections (pass 1)
[db] inserted 3 sections
[db] linking parent FKs (pass 2)
[db] linked 0 parent references

[done] ingested Australian Education (Consequential and Transitional Provisions) Act 2013
       legislation_id: 802767bd-779c-4a87-9039-8dbaffe41c9a
       sections: 3
       compilation: 2018-01-01
