[fetch] document_1: https://www.legislation.gov.au/C2019A00013/2019-03-12/2019-03-12/text/original/epub/OEBPS/document_1/document_1.html
[fetch] document_1: 111,093 bytes
[fetch] document_2: https://www.legislation.gov.au/C2019A00013/2019-03-12/2019-03-12/text/original/epub/OEBPS/document_2/document_2.html
[fetch] document_2 not found — stopping. Fetched 1 document(s).
[fetch] combined 1 document(s), 111,093 source bytes → 109,686 combined bytes
[citation] Industrial Chemicals (Consequential Amendments and Transitional Provisions) Act 2019 (Cth)
[parse] starting
[parser-diag] total <p> elements found: 440
[parser-unknown-class] "ActHead6", text="Schedule 1—Repeals and amendments of Acts"
[parser-unknown-class] "ActHead7", text="Part 1—Repeals of Acts"
[parser-unknown-class] "ActHead9", text="Industrial Chemicals (Notification and Assessment) Act 1989"
[parser-unknown-class] "ItemHead", text="1  The whole of the Act"
[parser-unknown-class] "ActHead9", text="Industrial Chemicals (Registration Charge—Customs) Act 1997"
[parser-unknown-class] "ItemHead", text="2  The whole of the Act"
[parser-unknown-class] "ActHead9", text="Industrial Chemicals (Registration Charge—Excise) Act 1997"
[parser-unknown-class] "ItemHead", text="3  The whole of the Act"
[parser-unknown-class] "ActHead9", text="Industrial Chemicals (Registration Charge—General) Act 1997"
[parser-unknown-class] "ItemHead", text="4  The whole of the Act"
[parser-unknown-class] "ActHead7", text="Part 2—Consequential amendments"
[parser-unknown-class] "ActHead9", text="Agricultural and Veterinary Chemicals Act 1994"
[parser-unknown-class] "ItemHead", text="5  Subsection 7(2)"
[parser-unknown-class] "ActHead9", text="Criminal Code Act 1995"
[parser-unknown-class] "ItemHead", text="6  Paragraph 320.2(2)(i) of the Criminal Code"
[parser-unknown-class] "ActHead9", text="Trans‑Tasman Mutual Recognition Act 1997"
[parser-unknown-class] "ItemHead", text="7  Clause 3 of Part 2 of Schedule 2"
[parser-unknown-class] "ActHead6", text="Schedule 2—Application, savings and transitional provisions"
[parser-unknown-class] "ActHead7", text="Part 1—Preliminary"
[parser-unknown-class] "ItemHead", text="1  Interpretation"
[parser-unknown-class] "Subitem", text="(1) In this Schedule:"
[parser-unknown-class] "Subitem", text="(2) An expression used in this Schedule that is also used in the new law has the same meaning in ..."
[parser-unknown-class] "ActHead7", text="Part 2—Application and savings provisions"
[parser-unknown-class] "ItemHead", text="2  Registration charge"
[parser-unknown-class] "Subitem", text="(1) Despite the repeal of the old law by Part 1 of Schedule 1, the old law continues to apply on ..."
[parser-unknown-class] "Subitem", text="(2) Despite the repeal of the Industrial Chemicals (Registration Charge—Customs) Act 1997 by Part..."
[parser-unknown-class] "Subitem", text="(3) Despite the repeal of the Industrial Chemicals (Registration Charge—Excise) Act 1997 by Part ..."
[parser-unknown-class] "Subitem", text="(4) Despite the repeal of the Industrial Chemicals (Registration Charge—General) Act 1997 by Part..."
[parser-unknown-class] "ItemHead", text="3  Registration for registration year beginning on 1 September 2019 and earlier years"
[parser-unknown-class] "ItemHead", text="4  Early introduction permits"
[parser-unknown-class] "Subitem", text="(1) Despite the repeal of the old law by Part 1 of Schedule 1:"
[parser-unknown-class] "Subitem", text="(2) To avoid doubt, subitem (1) does not limit the operation of item 13 (which deals with pending..."
[parser-unknown-class] "ItemHead", text="5  Review of decisions made before 1 July 2020"
[parser-unknown-class] "ActHead7", text="Part 3—Persons appointed under old law"
[parser-unknown-class] "ItemHead", text="6  Director under old law"
[parser-unknown-class] "Subitem", text="(1) This item applies to a person who was, immediately before 1 July 2020, the Director under sec..."
[parser-unknown-class] "Subitem", text="(2) For the purposes of the new law, on and after 1 July 2020, the person is taken to have been a..."
[parser-unknown-class] "Subitem", text="(3) The person holds office, on and after 1 July 2020:"
[parser-unknown-class] "Subitem", text="(4) Despite subitem (3), the Minister may, by writing, determine different terms and conditions (..."
[parser-unknown-class] "Subitem", text="(5) A determination in operation under the Remuneration Tribunal Act 1973 immediately before 1 Ju..."
[parser-unknown-class] "ItemHead", text="7  Inspectors under old law"
[parser-unknown-class] "ActHead7", text="Part 4—Registration"
[parser-unknown-class] "ItemHead", text="8  Register of Industrial Chemical Introducers"
[parser-unknown-class] "ItemHead", text="9  Persons registered under old law"
[parser-unknown-class] "Subitem", text="(1) This item applies in relation to a person if, immediately before 1 July 2020, the person was ..."
[parser-unknown-class] "Subitem", text="(2) For the purposes of the new law, subject to any modifications prescribed by the transitional ..."
[parser-unknown-class] "Subitem", text="(3) To avoid doubt, nothing in this item is taken to change the time at which the person was regi..."
[parser-unknown-class] "ItemHead", text="10  Pending applications for registration or renewal of registration"
[parser-unknown-class] "Subitem", text="(1) This item applies in relation to an application, if:"
[parser-unknown-class] "Subitem", text="(2) For the purposes of the new law, subject to any modifications prescribed by the transitional ..."
[parser-unknown-class] "ActHead7", text="Part 5—Assessment certificates etc."
[parser-unknown-class] "ActHead8", text="Division 1—Assessment certificates"
[parser-unknown-class] "ItemHead", text="11  Assessment certificates issued under old law"
[parser-unknown-class] "Subitem", text="(1) This item applies in relation to an assessment certificate for an industrial chemical that is..."
[parser-unknown-class] "Subitem", text="(2) For the purposes of the new law, subject to this Part and any modifications prescribed by the..."
[parser-unknown-class] "Subitem", text="(3) To avoid doubt, nothing in this item is taken to change the time at which the assessment cert..."
[parser-unknown-class] "ItemHead", text="12  Publication requirements for assessment statements"
[parser-unknown-class] "ItemHead", text="13  Pending applications for assessment certificates"
[parser-unknown-class] "Subitem", text="(1) This item applies in relation to an application, if:"
[parser-unknown-class] "Subitem", text="(2) For the purposes of the new law, subject to this Part and any modifications prescribed by the..."
[parser-unknown-class] "ItemHead", text="14  Consultation required with prescribed bodies"
[parser-unknown-class] "ItemHead", text="15  Conditions on assessment certificate"
[parser-unknown-class] "ItemHead", text="16  Publication requirements for assessment statements"
[parser-unknown-class] "ActHead8", text="Division 2—Commercial evaluation permits"
[parser-unknown-class] "ItemHead", text="17  Commercial evaluation permits issued under old law"
[parser-unknown-class] "Subitem", text="(1) This item applies in relation to a commercial evaluation permit for the introduction of an in..."
[parser-unknown-class] "Subitem", text="(2) For the purposes of the new law, subject to this Part and any modifications prescribed by the..."
[parser-unknown-class] "ItemHead", text="18  Pending applications for commercial evaluation permits"
[parser-unknown-class] "Subitem", text="(1) This item applies in relation to an application, if:"
[parser-unknown-class] "Subitem", text="(2) For the purposes of the new law, subject to this Part and any modifications prescribed by the..."
[parser-unknown-class] "ActHead8", text="Division 3—Low volume permits"
[parser-unknown-class] "ItemHead", text="19  Low volume permits issued under old law"
[parser-unknown-class] "Subitem", text="(1) This item applies in relation to a low volume permit in respect of an industrial chemical tha..."
[parser-unknown-class] "Subitem", text="(2) For the purposes of the new law, subject to this Part and any modifications prescribed by the..."
[parser-unknown-class] "ItemHead", text="20  Publication requirements for assessment statements"
[parser-unknown-class] "ItemHead", text="21  Pending applications for low volume permits"
[parser-unknown-class] "Subitem", text="(1) This item applies in relation to an application, if:"
[parser-unknown-class] "Subitem", text="(2) For the purposes of the new law, subject to this Part and any modifications prescribed by the..."
[parser-unknown-class] "ItemHead", text="22  Consultation required with prescribed bodies"
[parser-unknown-class] "ItemHead", text="23  Conditions on assessment certificate"
[parser-unknown-class] "ItemHead", text="24  Publication requirements for assessment statements"
[parser-unknown-class] "ItemHead", text="25  Listing on Inventory for low volume permits"
[parser-unknown-class] "ActHead8", text="Division 4—Controlled use permits"
[parser-unknown-class] "ItemHead", text="26  Controlled use permits issued under old law"
[parser-unknown-class] "Subitem", text="(1) This item applies in relation to a controlled use permit in respect of an industrial chemical..."
[parser-unknown-class] "Subitem", text="(2) For the purposes of the new law, subject to this Part and any modifications prescribed by the..."
[parser-unknown-class] "ItemHead", text="27  Publication requirements for assessment statements"
[parser-unknown-class] "ItemHead", text="28  Pending applications for controlled use permits"
[parser-unknown-class] "Subitem", text="(1) This item applies in relation to an application, if:"
[parser-unknown-class] "Subitem", text="(2) For the purposes of the new law, subject to this Part and any modifications prescribed by the..."
[parser-unknown-class] "ItemHead", text="29  Consultation required with prescribed bodies"
[parser-unknown-class] "ItemHead", text="30  Conditions on assessment certificate"
[parser-unknown-class] "ItemHead", text="31  Publication requirements for assessment statements"
[parser-unknown-class] "ItemHead", text="32  Listing on Inventory for controlled use permits"
[parser-unknown-class] "ActHead8", text="Division 5—Introductions under section 21 of old law"
[parser-unknown-class] "ItemHead", text="33  Introductions under section 21 of old law"
[parser-unknown-class] "Subitem", text="(1) This item applies in relation to the introduction of an industrial chemical if:"
[parser-unknown-class] "Subitem", text="(2) For the purposes of the new law, subject to any modifications prescribed by the transitional ..."
[parser-unknown-class] "ItemHead", text="34  Introductions under paragraph 21(6)(a) of the old law"
[parser-unknown-class] "Subitem", text="(1) This item applies in relation to the introduction of an industrial chemical if:"
[parser-unknown-class] "Subitem", text="(2) For the purposes of the new law, subject to any modifications prescribed by the transitional ..."
[parser-unknown-class] "ActHead7", text="Part 6—Protection of confidential information"
[parser-unknown-class] "ItemHead", text="35  Holders of a confidence under old law"
[parser-unknown-class] "Subitem", text="(1) This item applies in relation to a person if, immediately before 1 July 2020, the person was ..."
[parser-unknown-class] "Subitem", text="(2) For the purposes of the new law, subject to any modifications prescribed by the transitional ..."
[parser-unknown-class] "ItemHead", text="36  Applying to be a confidence holder in relation to confidential listings"
[parser-unknown-class] "Subitem", text="(1) This item applies in relation to an industrial chemical that is listed on the Inventory with ..."
[parser-unknown-class] "Subitem", text="(2) A person may apply to the Executive Director to be taken, for the purposes of the new law, su..."
[parser-unknown-class] "Subitem", text="(3) The Executive Director must grant the application if the Executive Director is satisfied that..."
[parser-unknown-class] "Subitem", text="(4) After considering the application, the Executive Director must decide to:"
[parser-unknown-class] "Subitem", text="(5) The Executive Director must:"
[parser-unknown-class] "Subitem", text="(6) Section 167 of the new law applies in relation to the application as if the application were ..."
[parser-unknown-class] "ItemHead", text="37  Pending applications for information to be treated as exempt information"
[parser-unknown-class] "Subitem", text="(1) This item applies in relation to an application that certain information be treated as exempt..."
[parser-unknown-class] "Subitem", text="(2) For the purposes of the new law, subject to any modifications prescribed by the transitional ..."
[parser-unknown-class] "ItemHead", text="38  Exempt information"
[parser-unknown-class] "Subitem", text="(1) This item applies in relation to:"
[parser-unknown-class] "Subitem", text="(2) For the purposes of the new law, subject to this Part and any modifications prescribed by the..."
[parser-unknown-class] "ActHead7", text="Part 7—Inventory"
[parser-unknown-class] "ActHead8", text="Division 1—Industrial chemicals included in old Inventory"
[parser-unknown-class] "ItemHead", text="39  Industrial chemicals included in old Inventory"
[parser-unknown-class] "Subitem", text="(1) This item applies if, immediately before 1 July 2020, an industrial chemical was included in ..."
[parser-unknown-class] "Subitem", text="(2) For the purposes of the new law, subject to this Part and any modifications prescribed by the..."
[parser-unknown-class] "Subitem", text="(3) To avoid doubt, nothing in this item is taken to change the time at which the industrial chem..."
[parser-unknown-class] "ItemHead", text="40  Industrial chemicals included in confidential section of old Inventory"
[parser-unknown-class] "Subitem", text="(1) This item applies if, immediately before 1 July 2020, an industrial chemical was included in ..."
[parser-unknown-class] "Subitem", text="(2) For the purposes of the new law, subject to this Part and any modifications prescribed by the..."
[parser-unknown-class] "Subitem", text="(3) To avoid doubt, nothing in this item is taken to change the time at which the industrial chem..."
[parser-unknown-class] "ActHead8", text="Division 2—Pending applications"
[parser-unknown-class] "ItemHead", text="41  Pending applications for early listing in non‑confidential section of old Inventory"
[parser-unknown-class] "Subitem", text="(1) This item applies in relation to an application, if:"
[parser-unknown-class] "Subitem", text="(2) For the purposes of the new law, subject to this Part and any modifications prescribed by the..."
[parser-unknown-class] "ItemHead", text="42  Pending applications for listing in confidential section of old Inventory"
[parser-unknown-class] "Subitem", text="(1) This item applies in relation to an application if:"
[parser-unknown-class] "Subitem", text="(2) For the purposes of the new law, subject to this Part and any modifications prescribed by the..."
[parser-unknown-class] "ActHead8", text="Division 3—Confidential listings"
[parser-unknown-class] "ItemHead", text="43  Application for confidential listing"
[parser-unknown-class] "Subitem", text="(1) This item applies in relation to an industrial chemical if:"
[parser-unknown-class] "Subitem", text="(2) The holder of the assessment certificate may apply to the Executive Director for “confidentia..."
[parser-unknown-class] "Subitem", text="(3) For the purposes of the new law, subject to this Part and any modifications prescribed by the..."
[parser-unknown-class] "ItemHead", text="44  Variation of confidential listing"
[parser-unknown-class] "ItemHead", text="45  Removing industrial chemicals from Inventory on Executive Director’s initiative"
[parser-unknown-class] "ItemHead", text="46  Review of protection"
[parser-unknown-class] "ActHead7", text="Part 8—Miscellaneous"
[parser-unknown-class] "ItemHead", text="47  Reconsideration and review of decisions"
[parser-unknown-class] "ItemHead", text="48  Things done by, or in relation to, the Director, before 1 July 2020"
[parser-unknown-class] "Subitem", text="(1) Anything done by, or in relation to, the Director under the old law before 1 July 2020 has ef..."
[parser-unknown-class] "Subitem", text="(2) The Minister may, by writing, determine that subitem (1) does not apply in relation to a spec..."
[parser-unknown-class] "Subitem", text="(3) A determination made under subitem (2) is not a legislative instrument."
[parser-unknown-class] "ItemHead", text="49  Compensation for acquisition of property"
[parser-unknown-class] "Subitem", text="(1) If the operation of this Act, or the transitional rules, would result in an acquisition of pr..."
[parse] sections: 3
[parse] compilation: date=(none) no=(none)
[parser-unknown-class] "Subitem", text="(2) If the Commonwealth and the person do not agree on the amount of the compensation, the person..."
[parser-unknown-class] "ItemHead", text="50  Transitional rules"
[parser-unknown-class] "Subitem", text="(1) The Minister may, by legislative instrument, make rules prescribing matters:"
[parser-unknown-class] "Subitem", text="(2) The rules may also prescribe matters of a transitional nature (including prescribing any savi..."
[parser-unknown-class] "Subitem", text="(3) Without limiting subitem (1) or (2), rules made before 1 July 2022 may provide that this Act ..."
[parser-unknown-class] "Subitem", text="(4) Subsection 12(2) of the Legislation Act 2003 does not apply to rules made before 1 July 2022."
[parser-unknown-class] "Subitem", text="(5) To avoid doubt, the rules may not do the following:"
[parser-unknown-class] "Subitem", text="(6) This Act (other than subitem (5)) does not limit the rules that may be made."
[parser-unknown-class] "2ndRd", text="[Minister’s second reading speech made in—"
[parser-unknown-class] "2ndRd", text="House of Representatives on 1 June 2017"
[parser-unknown-class] "2ndRd", text="Senate on 18 October 2017]"
[parser-diag] processed 440 <p> elements
[parser-diag] last section was added at element index: 86
[parser-diag] state phase at end: BODY
[parser-diag] hierarchy stack depth at end: 1
[parser-diag] insideSchedule at end: false
[parse] by level:
         section      3
[db] inserted new legislation row: b3743373-f931-45e1-b87a-fc29f69f3464
[db] inserting 3 sections (pass 1)
[db] inserted 3 sections
[db] linking parent FKs (pass 2)
[db] linked 0 parent references

[done] ingested Industrial Chemicals (Consequential Amendments and Transitional Provisions) Act 2019
       legislation_id: b3743373-f931-45e1-b87a-fc29f69f3464
       sections: 3
       compilation: 2019-03-12
