[fetch] document_1: https://www.legislation.gov.au/C2010A00051/2010-11-01/2010-11-01/text/original/epub/OEBPS/document_1/document_1.html
[fetch] document_1: 734,197 bytes
[fetch] document_2: https://www.legislation.gov.au/C2010A00051/2010-11-01/2010-11-01/text/original/epub/OEBPS/document_2/document_2.html
[fetch] document_2 not found — stopping. Fetched 1 document(s).
[fetch] combined 1 document(s), 734,197 source bytes → 732,413 combined bytes
[citation] Freedom of Information Amendment (Reform) Act 2010 (Cth)
[parse] starting
[parser-diag] total <p> elements found: 2913
[parser-unknown-class] "ActHead6", text="Schedule 1—Objects"
[parser-unknown-class] "ActHead9", text="Freedom of Information Act 1982"
[parser-unknown-class] "ItemHead", text="1  Section 3"
[parser-unknown-class] "ItemHead", text="2  Section 14"
[parser-unknown-class] "ActHead6", text="Schedule 2—Publication of information"
[parser-unknown-class] "ActHead9", text="Freedom of Information Act 1982"
[parser-unknown-class] "ItemHead", text="1  Subsection 4(1)"
[parser-unknown-class] "ItemHead", text="2  Subsection 4(9)"
[parser-unknown-class] "ItemHead", text="3  Part II"
[parser-unknown-class] "ItemHead", text="4  Saving—unpublished information"
[parser-unknown-class] "ActHead6", text="Schedule 3—Exemptions"
[parser-unknown-class] "ActHead7", text="Part 1—Open access period amendments"
[parser-unknown-class] "ActHead9", text="Archives Act 1983"
[parser-unknown-class] "ItemHead", text="1  Subsection 3(1)"
[parser-unknown-class] "ItemHead", text="2  Subsection 3(7)"
[parser-unknown-class] "ItemHead", text="3  Subsection 22A(1)"
[parser-unknown-class] "ItemHead", text="4  Paragraph 26(1)(a)"
[parser-unknown-class] "ItemHead", text="5  Paragraph 27(3)(b)"
[parser-unknown-class] "ItemHead", text="6  Subsection 30(2)"
[parser-unknown-class] "ActHead7", text="Part 2—Main exemption amendments"
[parser-unknown-class] "ActHead9", text="Freedom of Information Act 1982"
[parser-unknown-class] "ItemHead", text="7  Subsection 4(1)"
[parser-unknown-class] "ItemHead", text="8  Subsection 4(1) (definition of Cabinet notebook)"
[parser-unknown-class] "ItemHead", text="9  Subsection 4(1)"
[parser-unknown-class] "ItemHead", text="10  Subsection 4(1) (definition of edited copy)"
[parser-unknown-class] "ItemHead", text="11  Subsection 4(1) (paragraph (a) of the definition of exempt document)"
[parser-unknown-class] "ItemHead", text="12  Subsection 4(1)"
[parser-unknown-class] "ItemHead", text="13  At the end of section 4"
[parser-unknown-class] "ItemHead", text="14  After section 11"
[parser-unknown-class] "ItemHead", text="15  Before section 12"
[parser-unknown-class] "ItemHead", text="16  Section 18"
[parser-unknown-class] "ItemHead", text="17  Section 22"
[parser-unknown-class] "ItemHead", text="18  Subsections 25(1) and (2)"
[parser-unknown-class] "ItemHead", text="19  At the end of paragraph 26(1)(a)"
[parser-unknown-class] "ItemHead", text="20  After paragraph 26(1)(a)"
[parser-unknown-class] "ItemHead", text="21  Sections 26A, 27, 27A and 28"
[parser-unknown-class] "ItemHead", text="22  Before section 32"
[parser-unknown-class] "ItemHead", text="23  Section 32"
[parser-unknown-class] "ItemHead", text="24  After section 32"
[parser-unknown-class] "ItemHead", text="25  At the end of section 33"
[parser-unknown-class] "ItemHead", text="26  Sections 33A to 36"
[parser-unknown-class] "ItemHead", text="27  Sections 39, 40 and 41"
[parser-unknown-class] "ItemHead", text="28  Subsection 42(2)"
[parser-unknown-class] "ItemHead", text="29  Sections 43, 43A and 44"
[parser-unknown-class] "ItemHead", text="30  Subsection 45(2)"
[parser-unknown-class] "ItemHead", text="31  Subsection 45(2)"
[parser-unknown-class] "ItemHead", text="32  Section 47"
[parser-unknown-class] "ItemHead", text="33  At the end of Part IV"
[parser-unknown-class] "ItemHead", text="34  Schedule 4"
[parser-unknown-class] "ActHead7", text="Part 3—Other exemption amendments"
[parser-unknown-class] "ActHead9", text="Archives Act 1983"
[parser-unknown-class] "ItemHead", text="35  Paragraph 33(1)(b)"
[parser-unknown-class] "ItemHead", text="36  Paragraph 50A(2)(b)"
[parser-unknown-class] "ItemHead", text="37  Paragraph 50A(3)(b)"
[parser-unknown-class] "ActHead9", text="Privacy Act 1988"
[parser-unknown-class] "ItemHead", text="38  Subsection 34(1)"
[parser-unknown-class] "ActHead7", text="Part 4—Application provisions"
[parser-unknown-class] "ItemHead", text="39  Application—Part 2"
[parser-unknown-class] "ItemHead", text="40  Application—items 35, 36 and 37"
[parser-unknown-class] "ActHead6", text="Schedule 4—Information Commissioner amendments"
[parser-unknown-class] "ActHead7", text="Part 1—Main amendments"
[parser-unknown-class] "ActHead9", text="Freedom of Information Act 1982"
[parser-unknown-class] "ItemHead", text="1  Subsection 4(1)"
[parser-unknown-class] "ItemHead", text="2  Subsection 4(1)"
[parser-unknown-class] "ItemHead", text="3  Subsection 4(1)"
[parser-unknown-class] "ItemHead", text="4  Subsection 4(1)"
[parser-unknown-class] "ItemHead", text="5  Subsection 4(1)"
[parser-unknown-class] "ItemHead", text="6  Subsection 4(1)"
[parser-unknown-class] "ItemHead", text="7  Subsection 4(1)"
[parser-unknown-class] "ItemHead", text="8  Subsection 4(1)"
[parser-unknown-class] "ItemHead", text="9  Subsection 4(1)"
[parser-unknown-class] "ItemHead", text="10  Subsection 4(1)"
[parser-unknown-class] "ItemHead", text="11  Subsection 4(1)"
[parser-unknown-class] "ItemHead", text="12  Subsection 4(1)"
[parser-unknown-class] "ItemHead", text="13  Subsection 4(1)"
[parser-unknown-class] "ItemHead", text="14  Subsection 4(1)"
[parser-unknown-class] "ItemHead", text="15  Subsection 4(1)"
[parser-unknown-class] "ItemHead", text="16  Subsection 4(1)"
[parser-unknown-class] "ItemHead", text="17  Subsection 4(1)"
[parser-unknown-class] "ItemHead", text="18  Subsection 4(1)"
[parser-unknown-class] "ItemHead", text="19  Subsection 4(1)"
[parser-unknown-class] "ItemHead", text="20  Subsection 4(1)"
[parser-unknown-class] "ItemHead", text="21  Subsection 12(1)"
[parser-unknown-class] "ItemHead", text="22  Subsections 12(2) to (4)"
[parser-unknown-class] "ItemHead", text="23  Subsection 21(3)"
[parser-unknown-class] "ItemHead", text="24  Subparagraph 26(1)(c)(ii)"
[parser-unknown-class] "ItemHead", text="25  Paragraph 26(1)(c)"
[parser-unknown-class] "ItemHead", text="26  Paragraph 29(9)(b)"
[parser-unknown-class] "ItemHead", text="27  Subsection 29(9)"
[parser-unknown-class] "ItemHead", text="28  Section 31"
[parser-unknown-class] "ItemHead", text="29  After section 51D"
[parser-unknown-class] "ItemHead", text="30  Part VI (heading)"
[parser-unknown-class] "ItemHead", text="31  Before section 53"
[parser-unknown-class] "ItemHead", text="32  Section 53"
[parser-unknown-class] "ItemHead", text="33  Section 53"
[parser-unknown-class] "ItemHead", text="34  Sections 54 to 57"
[parser-unknown-class] "ItemHead", text="35  Subsection 58(7)"
[parser-unknown-class] "ItemHead", text="36  After section 58"
[parser-unknown-class] "ItemHead", text="37  Before section 58B"
[parser-unknown-class] "ItemHead", text="38  Subsection 58B(1)"
[parser-unknown-class] "ItemHead", text="39  Section 58D"
[parser-unknown-class] "ItemHead", text="40  Sections 58F, 59 and 59A"
[parser-unknown-class] "ItemHead", text="41  Section 60"
[parser-unknown-class] "ItemHead", text="42  Section 61"
[parser-unknown-class] "ItemHead", text="43  Before section 63"
[parser-unknown-class] "ItemHead", text="44  Before section 66"
[parser-unknown-class] "ItemHead", text="45  Paragraph 66(1)(a)"
[parser-unknown-class] "ItemHead", text="46  Subsections 66(1) and (3)"
[parser-unknown-class] "ItemHead", text="47  Before section 67"
[parser-unknown-class] "ItemHead", text="48  Paragraph 67(1)(a)"
[parser-unknown-class] "ItemHead", text="49  Before Part VIII"
[parser-unknown-class] "ItemHead", text="50  Before section 91"
[parser-unknown-class] "ItemHead", text="51  Subsection 91(1)"
[parser-unknown-class] "ItemHead", text="52  Subsection 91(1A)"
[parser-unknown-class] "ItemHead", text="53  Paragraph 91(1C)(a)"
[parser-unknown-class] "ItemHead", text="54  Paragraph 91(1C)(b)"
[parser-unknown-class] "ItemHead", text="55  Paragraph 91(1C)(c)"
[parser-unknown-class] "ItemHead", text="56  Section 92"
[parser-unknown-class] "ItemHead", text="57  Section 93"
[parser-unknown-class] "ActHead7", text="Part 2—Other amendments"
[parser-unknown-class] "ActHead9", text="Ombudsman Act 1976"
[parser-unknown-class] "ItemHead", text="59  Subsections 6(4A) to (4C)"
[parser-unknown-class] "ItemHead", text="60  After section 6B"
[parser-unknown-class] "ItemHead", text="61  Subsection 19(4)"
[parser-unknown-class] "ItemHead", text="62  Subparagraph 19R(3)(b)(iii)"
[parser-unknown-class] "ItemHead", text="63  Subsection 19R(4) (table item 4, column 2)"
[parser-unknown-class] "ItemHead", text="64  Subsection 35(6A)"
[parser-unknown-class] "ActHead7", text="Part 3—Application and transitional provisions"
[parser-unknown-class] "ItemHead", text="65  Application—Part 1"
[parser-unknown-class] "SubitemHead", text="Internal review and IC review"
[parser-unknown-class] "Subitem", text="(1) An amendment made by an item in Part 1 (other than an amendment covered by subitem (2), (3) o..."
[parser-unknown-class] "SubitemHead", text="Tribunal review"
[parser-unknown-class] "Subitem", text="(2) The amendments made by items 44 and 46 apply in relation to applications to the Tribunal unde..."
[parser-unknown-class] "SubitemHead", text="Investigation by the Information Commissioner"
[parser-unknown-class] "Subitem", text="(3) The amendments made by item 49 to insert new Part VIIB of the Freedom of Information Act 1982..."
[parser-unknown-class] "SubitemHead", text="Indemnity amendments"
[parser-unknown-class] "Subitem", text="(4) The following amendments apply in relation to the publication of, or the giving of access to,..."
[parser-unknown-class] "ItemHead", text="66  Application—Part 2"
[parser-unknown-class] "ItemHead", text="67  Savings—complaints on foot continue under old law"
[parser-unknown-class] "Subitem", text="(1) This item applies if:"
[parser-unknown-class] "Subitem", text="(2) Despite the amendments made to the Ombudsman Act 1976 by Part 2, the Ombudsman must continue ..."
[parser-unknown-class] "ActHead6", text="Schedule 5—Amendments consequential on the establishment of the Office of the Australian Informat..."
[parser-unknown-class] "ActHead9", text="Anti‑Money Laundering and Counter‑Terrorism Financing Act 2006"
[parser-unknown-class] "ItemHead", text="1  Subparagraph 212(2)(a)(vi)"
[parser-unknown-class] "ActHead9", text="Australian Citizenship Act 2007"
[parser-unknown-class] "ItemHead", text="2  Paragraph 43(2)(g)"
[parser-unknown-class] "ActHead9", text="Australian Human Rights Commission Act 1986"
[parser-unknown-class] "ItemHead", text="4  Subsection 3(1) (definition of Privacy Commissioner)"
[parser-unknown-class] "ItemHead", text="5  Paragraphs 20(4A)(b), (c) and (e)"
[parser-unknown-class] "ItemHead", text="6  Subsection 20(4B)"
[parser-unknown-class] "ItemHead", text="7  Section 43A"
[parser-unknown-class] "ItemHead", text="8  Section 43A"
[parser-unknown-class] "ActHead9", text="Aviation Legislation Amendment (2008 Measures No. 2) Act 2009"
[parser-unknown-class] "ItemHead", text="9  Subsections 4(1), (2) and (4)"
[parser-unknown-class] "ItemHead", text="10  Subsection 4(4)"
[parser-unknown-class] "ActHead9", text="Child Care Act 1972"
[parser-unknown-class] "ItemHead", text="11  Subsection 12P(3)"
[parser-unknown-class] "ActHead9", text="Crimes Act 1914"
[parser-unknown-class] "ItemHead", text="12  Paragraph 3ZQJ(2)(c)"
[parser-unknown-class] "ItemHead", text="13  Paragraph 23YDAE(2)(g)"
[parser-unknown-class] "ItemHead", text="14  Paragraph 23YO(2)(g)"
[parser-unknown-class] "ItemHead", text="15  Subsection 23YUK(4) (paragraph (b) of the definition of independent review)"
[parser-unknown-class] "ItemHead", text="16  Subsection 23YV(4) (paragraph (b) of the definition of independent review)"
[parser-unknown-class] "ItemHead", text="17  Division 5 of Part VIIC (heading)"
[parser-unknown-class] "ItemHead", text="18  Subsection 85ZZ(1)"
[parser-unknown-class] "ItemHead", text="19  After subsection 85ZZ(1)"
[parser-unknown-class] "ItemHead", text="20  Subsection 85ZZ(2)"
[parser-unknown-class] "ItemHead", text="21  Subsection 85ZZA(1)"
[parser-unknown-class] "ItemHead", text="22  Subsection 85ZZA(3)"
[parser-unknown-class] "ItemHead", text="23  Subsections 85ZZC(1) and (2)"
[parser-unknown-class] "ItemHead", text="24  Subsection 85ZZD(1)"
[parser-unknown-class] "ItemHead", text="25  Subsections 85ZZD(2) to (4)"
[parser-unknown-class] "ItemHead", text="26  Subsection 85ZZF(1)"
[parser-unknown-class] "ActHead9", text="Data‑matching Program (Assistance and Tax) Act 1990"
[parser-unknown-class] "ItemHead", text="27  Subsection 10(5) (definition of sampling procedures)"
[parser-unknown-class] "ItemHead", text="28  Section 12"
[parser-unknown-class] "ItemHead", text="29  Subsection 13(1) (definition of Commissioner)"
[parser-unknown-class] "ItemHead", text="30  Subsection 14(2)"
[parser-unknown-class] "ItemHead", text="31  Schedule"
[parser-unknown-class] "ActHead9", text="Environment Protection and Biodiversity Conservation Act 1999"
[parser-unknown-class] "ItemHead", text="32  Paragraph 42(2)(e) of Schedule 1"
[parser-unknown-class] "ItemHead", text="33  Paragraph 53(2)(g) of Schedule 1"
[parser-unknown-class] "ActHead9", text="Fair Work Act 2009"
[parser-unknown-class] "ItemHead", text="34  Paragraph 510(1)(c)"
[parser-unknown-class] "ActHead9", text="Fisheries Management Act 1991"
[parser-unknown-class] "ItemHead", text="35  Paragraph 42(2)(e) of Schedule 1A"
[parser-unknown-class] "ItemHead", text="36  Paragraph 53(2)(g) of Schedule 1A"
[parser-unknown-class] "ActHead9", text="Migration Act 1958"
[parser-unknown-class] "ItemHead", text="37  Paragraph 261AKD(2)(e)"
[parser-unknown-class] "ItemHead", text="38  Paragraph 336E(2)(g)"
[parser-unknown-class] "ActHead9", text="National Health Act 1953"
[parser-unknown-class] "ItemHead", text="39  Subsection 135AA(3)"
[parser-unknown-class] "ItemHead", text="40  Subsection 135AA(3)"
[parser-unknown-class] "ItemHead", text="41  After subsection 135AA(3)"
[parser-unknown-class] "ItemHead", text="42  Subsection 135AA(4)"
[parser-unknown-class] "ItemHead", text="43  Subsection 135AA(4)"
[parser-unknown-class] "ItemHead", text="44  Subsections 135AA(5A) and (6)"
[parser-unknown-class] "ItemHead", text="45  Subsections 135AA(7) to (10)"
[parser-unknown-class] "ItemHead", text="46  Subsection 135AB(2)"
[parser-unknown-class] "ActHead9", text="National Health and Medical Research Council Act 1992"
[parser-unknown-class] "ItemHead", text="48  Section 4 (definition of Privacy Commissioner)"
[parser-unknown-class] "ItemHead", text="49  Subparagraphs 61(4)(b)(i) and (ii)"
[parser-unknown-class] "ItemHead", text="50  Paragraphs 61(5)(c) and (d)"
[parser-unknown-class] "ItemHead", text="51  Subsection 61(6)"
[parser-unknown-class] "ActHead9", text="Privacy Act 1988"
[parser-unknown-class] "ItemHead", text="52  Subsection 6(1) (definition of Commissioner)"
[parser-unknown-class] "ItemHead", text="53  Part IV (heading)"
[parser-unknown-class] "ItemHead", text="54  Division 1 of Part IV"
[parser-unknown-class] "ItemHead", text="55  Subsections 31(4), 32(2) and 36(1)"
[parser-unknown-class] "ItemHead", text="56  Sections 96, 97 and 99"
[parser-unknown-class] "ItemHead", text="57  Introduction to Schedule 2"
[parser-unknown-class] "ItemHead", text="58  Clause 6.1 of Schedule 2"
[parser-unknown-class] "ActHead9", text="Telecommunications Act 1997"
[parser-unknown-class] "ItemHead", text="59  Paragraphs 117(1)(j) and (k)"
[parser-unknown-class] "ItemHead", text="60  Subsection 118(1) (note)"
[parser-unknown-class] "ItemHead", text="61  Subsection 118(4A)"
[parser-unknown-class] "ItemHead", text="62  Subsection 121(1A)"
[parser-unknown-class] "ItemHead", text="63  Subsection 122(3)"
[parser-unknown-class] "ItemHead", text="64  Subsection 130(1) (note)"
[parser-unknown-class] "ItemHead", text="65  Subsections 134(2) and (3)"
[parser-unknown-class] "ItemHead", text="66  Paragraph 295M(1)(a)"
[parser-unknown-class] "ItemHead", text="67  Paragraph 295M(1)(a)"
[parser-unknown-class] "ItemHead", text="68  Section 295ZC"
[parser-unknown-class] "ItemHead", text="69  Subsection 309(1)"
[parser-unknown-class] "ItemHead", text="70  After subsection 309(1)"
[parser-unknown-class] "ItemHead", text="71  Subsections 309(2) to (4)"
[parser-unknown-class] "ItemHead", text="72  Subsection 309(5)"
[parser-unknown-class] "ItemHead", text="73  Paragraphs 515A(2)(a) and (b)"
[parser-unknown-class] "ItemHead", text="74  Paragraphs 515A(3)(a) and (c)"
[parser-unknown-class] "ItemHead", text="75  Subsection 515A(4)"
[parser-unknown-class] "ActHead9", text="Telecommunications (Interception and Access) Act 1979"
[parser-unknown-class] "ItemHead", text="76  Subsection 183(3)"
[parser-unknown-class] "ActHead9", text="Torres Strait Fisheries Act 1984"
[parser-unknown-class] "ItemHead", text="77  Paragraph 42(2)(e) of Schedule 2"
[parser-unknown-class] "ItemHead", text="78  Paragraph 53(2)(g) of Schedule 2"
[parser-unknown-class] "ActHead6", text="Schedule 6—Other amendments"
[parser-unknown-class] "ActHead7", text="Part 1—Amendments to the Freedom of Information Act 1982"
[parser-unknown-class] "ActHead9", text="Freedom of Information Act 1982"
[parser-unknown-class] "ItemHead", text="1  Subsection 4(1) (definition of agency)"
[parser-unknown-class] "ItemHead", text="2  Subsection 4(1)"
[parser-unknown-class] "ItemHead", text="3  Subsection 4(1)"
[parser-unknown-class] "ItemHead", text="4  Subsection 4(1)"
[parser-unknown-class] "ItemHead", text="5  Subsection 4(1) (definition of Department)"
[parser-unknown-class] "ItemHead", text="6  Subsection 4(1) (paragraph (d) of the definition of document)"
[parser-unknown-class] "ItemHead", text="7  Subsection 4(1) (definition of document of an agency)"
[parser-unknown-class] "ItemHead", text="8  Subsection 4(1)"
[parser-unknown-class] "ItemHead", text="9  Subsection 4(1) (definition of eligible case manager)"
[parser-unknown-class] "ItemHead", text="10  Subsection 4(1)"
[parser-unknown-class] "ItemHead", text="11  Subsection 4(1)"
[parser-unknown-class] "ItemHead", text="12  Subsection 4(1) (paragraphs (b) and (c) of the definition of principal officer)"
[parser-unknown-class] "ItemHead", text="13  Subsection 4(1)"
[parser-unknown-class] "ItemHead", text="14  Subsection 4(1) (paragraph (d) of the definition of responsible Minister)"
[parser-unknown-class] "ItemHead", text="15  Subsection 4(1) (paragraph (e) of the definition of responsible Minister)"
[parser-unknown-class] "ItemHead", text="16  Subsection 4(1)"
[parser-unknown-class] "ItemHead", text="17  Subsection 4(8)"
[parser-unknown-class] "ItemHead", text="18  Section 6B"
[parser-unknown-class] "ItemHead", text="19  Before section 7"
[parser-unknown-class] "ItemHead", text="20  Subsection 7(2A)"
[parser-unknown-class] "ItemHead", text="21  Subsection 7(2B)"
[parser-unknown-class] "ItemHead", text="22  After paragraph 13(1)(d)"
[parser-unknown-class] "ItemHead", text="23  After paragraph 15(2)(a)"
[parser-unknown-class] "ItemHead", text="24  Paragraphs 15(2)(c) to (e)"
[parser-unknown-class] "ItemHead", text="25  After subsection 15(2)"
[parser-unknown-class] "ItemHead", text="26  At the end of subsection 15(3)"
[parser-unknown-class] "ItemHead", text="27  After subsection 15(5)"
[parser-unknown-class] "ItemHead", text="28  Paragraph 15(6)(a)"
[parser-unknown-class] "ItemHead", text="29  At the end of section 15"
[parser-unknown-class] "ItemHead", text="30  After section 15"
[parser-unknown-class] "ItemHead", text="31  Paragraph 17(1)(a)"
[parser-unknown-class] "ItemHead", text="32  Section 24"
[parser-unknown-class] "ItemHead", text="33  Section 24A"
[parser-unknown-class] "ItemHead", text="34  Subsection 29(1)"
[parser-unknown-class] "ItemHead", text="35  Section 30A"
[parser-unknown-class] "ItemHead", text="36  Section 92A"
[parser-unknown-class] "ItemHead", text="37  Paragraph 94(2)(a)"
[parser-unknown-class] "ItemHead", text="38  Division 1 of Part II of Schedule 2 (after the item relating to the Commonwealth Scientific a..."
[parser-unknown-class] "ItemHead", text="39  Division 1 of Part II of Schedule 2 (the item relating to the Federal Airports Corporation)"
[parser-unknown-class] "ActHead7", text="Part 2—Application provisions"
[parser-unknown-class] "ItemHead", text="40  Application—items 2, 3, 7, 16, 19 and 33"
[parser-unknown-class] "ItemHead", text="41  Application—items 4, 6, 8, 10 to 13, 17, 20 to 32 and 34 to 39"
[parser-unknown-class] "ActHead7", text="Part 3—Amendment of other Acts"
[parser-unknown-class] "ActHead9", text="Administrative Appeals Tribunal Act 1975"
[parser-unknown-class] "ItemHead", text="41A  After paragraph 49(1)(c)"
[parser-unknown-class] "ItemHead", text="41B  Subsection 49(3)"
[parser-unknown-class] "ActHead9", text="Australian Crime Commission Act 2002"
[parser-unknown-class] "ItemHead", text="42  Schedule 1"
[parser-unknown-class] "ActHead9", text="Environment Protection and Biodiversity Conservation Act 1999"
[parser-unknown-class] "ItemHead", text="43  Paragraph 93(3A)(a)"
[parser-unknown-class] "ItemHead", text="44  Subparagraph 131AA(4)(a)(i)"
[parser-unknown-class] "ItemHead", text="45  Paragraph 133(4)(a)"
[parser-unknown-class] "ItemHead", text="46  Paragraph 135A(4)(a)"
[parser-unknown-class] "ItemHead", text="47  Paragraph 143(6)(a)"
[parser-unknown-class] "ItemHead", text="48  Paragraph 146B(4)(a)"
[parser-unknown-class] "ActHead9", text="Inspector‑General of Intelligence and Security Act 1986"
[parser-unknown-class] "ItemHead", text="49  Subsection 34(1AA)"
[parser-unknown-class] "ItemHead", text="50  Paragraph 34(1AA)(a)"
[parser-unknown-class] "ItemHead", text="51  Subsection 34(5)"
[parser-unknown-class] "ItemHead", text="52  After paragraph 34(5)(c)"
[parser-unknown-class] "ActHead6", text="Schedule 7—Privacy Commissioner transition"
[parser-unknown-class] "ActHead7", text="Part 1—Preliminary"
[parser-unknown-class] "ItemHead", text="1  Definitions"
[parser-unknown-class] "Subitem", text="(1) In this Schedule:"
[parser-unknown-class] "Subitem", text="(2) An expression used in this Schedule that is also used in the new law has the same meaning in ..."
[parser-unknown-class] "Subitem", text="(3) Subject to subitem (2), an expression used in this Schedule that is also used in the Privacy ..."
[parser-unknown-class] "Subitem", text="(4) Subject to subitems (2) and (3), an expression used in this Schedule that is also used in the..."
[parser-unknown-class] "Subitem", text="(5) To avoid doubt, a reference in this Schedule to an Act, or a provision of an Act, that is ame..."
[parser-unknown-class] "ActHead7", text="Part 2—Office holders, staff and consultants"
[parser-unknown-class] "ItemHead", text="2  Privacy Commissioner"
[parser-unknown-class] "Subitem", text="(1) The person holding office as the Privacy Commissioner under section 19A of the old law immedi..."
[parser-unknown-class] "Subitem", text="(2) The Privacy Commissioner is taken to have been appointed on the same terms and conditions as ..."
[parser-unknown-class] "Subitem", text="(3) This item does not prevent those terms and conditions being varied after the commencement day."
[parser-unknown-class] "ItemHead", text="3  Staff"
[parser-unknown-class] "SubitemHead", text="Existing agreements to continue"
[parser-unknown-class] "Subitem", text="(1) Subitem (2) applies if:"
[parser-unknown-class] "Subitem", text="(2) The agreement concerned has effect after the move, in relation to the employee’s employment, ..."
[parser-unknown-class] "SubitemHead", text="Regulations"
[parser-unknown-class] "Subitem", text="(3) The regulations may provide for other matters of a transitional nature in relation to the tra..."
[parser-unknown-class] "SubitemHead", text="Definitions"
[parser-unknown-class] "Subitem", text="(4) In this item:"
[parser-unknown-class] "ItemHead", text="4  Consultants"
[parser-unknown-class] "Subitem", text="(1) A person engaged as a consultant under subsection 26A(3) of the old law immediately before th..."
[parser-unknown-class] "Subitem", text="(2) The person is taken to have been engaged on the same terms and conditions as applied to the p..."
[parser-unknown-class] "Subitem", text="(3) This item does not prevent those terms and conditions being varied after the commencement day."
[parser-unknown-class] "ActHead7", text="Part 3—Things done by, or in relation to, the Privacy Commissioner"
[parser-unknown-class] "ItemHead", text="5  Things done by, or in relation to, Privacy Commissioner"
[parser-unknown-class] "Subitem", text="(1) If a thing was done by, or in relation to, the Privacy Commissioner before the commencement d..."
[parser-unknown-class] "Subitem", text="(2) In this item, doing a thing includes making an instrument."
[parser-unknown-class] "Subitem", text="(3) The Minister may, by written instrument, determine that subitem (1) does not apply in relatio..."
[parser-unknown-class] "Subitem", text="(4) A determination under subitem (3) is not a legislative instrument."
[parser-unknown-class] "ItemHead", text="6  Consultations by, and with, Privacy Commissioner"
[parser-unknown-class] "Subitem", text="(1) A consultation being undertaken for the purposes of a provision of an Act (or an instrument u..."
[parser-unknown-class] "Subitem", text="(2) If, after undertaking consultation in accordance with a provision covered by subitem (1), the..."
[parser-unknown-class] "ItemHead", text="7  Comments sought, but not received, by Privacy Commissioner"
[parser-unknown-class] "Subitem", text="(1) This item applies if:"
[parser-unknown-class] "Subitem", text="(2) The person may respond to the Information Commissioner in accordance with the provision of th..."
[parser-unknown-class] "ItemHead", text="8  Approval sought from, but not given by, Privacy Commissioner"
[parser-unknown-class] "Subitem", text="(1) This item applies if:"
[parser-unknown-class] "Subitem", text="(2) On or after the commencement day, the Information Commissioner may give approval in accordanc..."
[parser-unknown-class] "ItemHead", text="9  Decisions made, but not implemented, by Privacy Commissioner"
[parser-unknown-class] "Subitem", text="(1) This item applies if:"
[parser-unknown-class] "Subitem", text="(2) The Information Commissioner may take the step in accordance with the provision to implement ..."
[parser-unknown-class] "Subitem", text="(3) In this item, make a decision includes forming a view or being satisfied of a matter."
[parser-unknown-class] "ItemHead", text="10  Privacy Advisory Committee giving advice to Privacy Commissioner"
[parser-unknown-class] "Subitem", text="(1) This item applies if:"
[parser-unknown-class] "Subitem", text="(2) The Committee may advise the Information Commissioner in accordance with the functions confer..."
[parser-unknown-class] "ActHead7", text="Part 4—Investigations"
[parser-unknown-class] "ItemHead", text="11  Investigations"
[parser-unknown-class] "Subitem", text="(1) An investigation for the purposes of a provision of an Act (or an instrument under an Act) th..."
[parser-unknown-class] "Subitem", text="(2) Subitem (1) applies whether the investigation was initiated by a complaint or at the initiati..."
[parser-unknown-class] "ItemHead", text="12  Requirement to give evidence or hold conference etc."
[parser-unknown-class] "Subitem", text="(1) Subitem (2) applies if:"
[parser-unknown-class] "Subitem", text="(2) The person must provide the evidence, information or document to the Information Commissioner..."
[parser-unknown-class] "Subitem", text="(3) Subitem (4) applies if:"
[parser-unknown-class] "Subitem", text="(4) The person must attend the conference if the conference is:"
[parser-unknown-class] "ItemHead", text="13  Applications on foot as part of investigation proceeding"
[parser-unknown-class] "Subitem", text="(1) This item applies if:"
[parser-unknown-class] "Subitem", text="(2) The Information Commissioner may determine the application in accordance with the provision i..."
[parser-unknown-class] "ItemHead", text="14  Conference convened, but not held"
[parser-unknown-class] "Subitem", text="(1) This item applies if:"
[parser-unknown-class] "Subitem", text="(2) The Information Commissioner may hold the conference in accordance with section 47 of the Pri..."
[parser-unknown-class] "ItemHead", text="15  Submissions invited, but not received, by Privacy Commissioner"
[parser-unknown-class] "Subitem", text="(1) This item applies if:"
[parser-unknown-class] "Subitem", text="(2) The Information Commissioner may, in accordance with the subsection, receive the submissions ..."
[parser-unknown-class] "ActHead7", text="Part 5—Written instruments and reporting requirements"
[parser-unknown-class] "ItemHead", text="16  References in instruments"
[parser-unknown-class] "Subitem", text="(1) This item applies if:"
[parser-unknown-class] "Subitem", text="(2) The instrument has effect on and after the commencement day as if the reference to the Privac..."
[parser-unknown-class] "Subitem", text="(3) The Minister may, by written instrument, determine that subitem (1) does not apply in relatio..."
[parser-unknown-class] "Subitem", text="(4) A determination under subitem (3) is not a legislative instrument."
[parser-unknown-class] "ItemHead", text="17  Reporting requirements"
[parser-unknown-class] "SubitemHead", text="Reports for periods ending after the commencement day"
[parser-unknown-class] "Subitem", text="(1) Subitem (2) applies if:"
[parser-unknown-class] "Subitem", text="(2) The Information Commissioner must provide the report, as required, in relation to so much of ..."
[parser-unknown-class] "SubitemHead", text="Reports for periods ending before the commencement day"
[parser-unknown-class] "Subitem", text="(3) Subitem (4) applies if:"
[parser-unknown-class] "Subitem", text="(4) The Information Commissioner must provide the report as required."
[parser-unknown-class] "ActHead7", text="Part 6—Legal and other proceedings"
[parser-unknown-class] "ItemHead", text="18  Substitution of Information Commissioner as a party to pending proceedings"
[parser-unknown-class] "ItemHead", text="19  Reviews, examinations etc. by Privacy Commissioner"
[parser-unknown-class] "Subitem", text="(1) This item applies if the Privacy Commissioner was doing any of the following things under the..."
[parser-unknown-class] "Subitem", text="(2) The Information Commissioner may finish doing the thing in accordance with the provision on a..."
[parser-unknown-class] "ItemHead", text="20  Review of adjudicator’s decisions"
[parser-unknown-class] "Subitem", text="(1) This item applies if:"
[parser-unknown-class] "Subitem", text="(2) The Information Commissioner may complete the review in accordance with section 18BI of the P..."
[parser-unknown-class] "ItemHead", text="21  Conference convened, but not held"
[parser-unknown-class] "Subitem", text="(1) This item applies if:"
[parser-unknown-class] "Subitem", text="(2) The Information Commissioner may hold the conference in accordance with sections 76 and 77 of..."
[parser-unknown-class] "ItemHead", text="22  Conference held, but determination not made, by Privacy Commissioner"
[parser-unknown-class] "Subitem", text="(1) This item applies if:"
[parser-unknown-class] "Subitem", text="(2) The Information Commissioner may make a determination in relation to those matters in accorda..."
[parser-unknown-class] "ActHead7", text="Part 7—Miscellaneous"
[parser-unknown-class] "ItemHead", text="23  Records etc. of Office of the Privacy Commissioner"
[parser-unknown-class] "ItemHead", text="24  Disclosure of private information"
[parser-unknown-class] "ItemHead", text="25  Failure to appear before, or give information to, the Privacy Commissioner"
[parser-unknown-class] "Subitem", text="(1) Subitem (2) applies if:"
[parser-unknown-class] "Subitem", text="(2) That section applies to the person in relation to the conduct on and after the commencement day."
[parser-unknown-class] "ItemHead", text="26  Saving of existing delegations"
[parser-unknown-class] "ItemHead", text="27  Regulations"
[parser-unknown-class] "Subitem", text="(1) The Governor‑General may make regulations prescribing matters:"
[parser-unknown-class] "Subitem", text="(2) The Governor‑General may make regulations prescribing matters of a transitional nature (inclu..."
[parser-unknown-class] "ActNotesa", text="(a) Subsection 2(1) (items 16 and 17) of the Statute Law Revision Act 2012 provides as follows:"
[parser-unknown-class] "ActNotes1", text="(1) Each provision of this Act specified in column 1 of the table commences, or is taken to have ..."
[parser-diag] processed 2913 <p> elements
[parser-diag] last section was added at element index: 2590
[parser-diag] state phase at end: BODY
[parser-diag] hierarchy stack depth at end: 2
[parser-diag] insideSchedule at end: false
[parse] sections: 203
[parse] compilation: date=(none) no=(none)
[parse] by level:
         section      159
         part         6
         division     31
         subdivision  7
[db] inserted new legislation row: 605923bb-9727-4234-9de6-23bab963cd17
[db] inserting 203 sections (pass 1)
[db] inserted 203 sections
[db] linking parent FKs (pass 2)
[db] linked 192 parent references

[done] ingested Freedom of Information Amendment (Reform) Act 2010
       legislation_id: 605923bb-9727-4234-9de6-23bab963cd17
       sections: 203
       compilation: 2010-11-01
