[fetch] document_1: https://www.legislation.gov.au/C2015A00062/2017-09-20/2017-09-20/text/original/epub/OEBPS/document_1/document_1.html
[fetch] document_1: 317,813 bytes
[fetch] document_2: https://www.legislation.gov.au/C2015A00062/2017-09-20/2017-09-20/text/original/epub/OEBPS/document_2/document_2.html
[fetch] document_2 not found — stopping. Fetched 1 document(s).
[fetch] combined 1 document(s), 317,813 source bytes → 315,806 combined bytes
[citation] Biosecurity (Consequential Amendments and Transitional Provisions) Act 2015 (Cth)
[parse] starting
[parser-diag] total <p> elements found: 1282
[parser-unknown-class] "ActHead6", text="Schedule 1—Repeals"
[parser-unknown-class] "ActHead9", text="Quarantine Act 1908"
[parser-unknown-class] "ItemHead", text="1  The whole of the Act"
[parser-unknown-class] "ActHead9", text="Quarantine Charges (Collection) Act 2014"
[parser-unknown-class] "ItemHead", text="2  The whole of the Act"
[parser-unknown-class] "ActHead6", text="Schedule 2—Consequential amendments"
[parser-unknown-class] "ActHead9", text="Archives Act 1983"
[parser-unknown-class] "ItemHead", text="1  Subsection 3(1) (paragraph (a) of the definition of Commission of inquiry)"
[parser-unknown-class] "ItemHead", text="2  Paragraph 22(5)(b)"
[parser-unknown-class] "ActHead9", text="Australian Postal Corporation Act 1989"
[parser-unknown-class] "ItemHead", text="3  Section 90E (paragraph (b) of the definition of compliance agency)"
[parser-unknown-class] "ActHead9", text="Biological Control Act 1984"
[parser-unknown-class] "ItemHead", text="4  Paragraph 5(2)(a)"
[parser-unknown-class] "ActHead9", text="Customs Act 1901"
[parser-unknown-class] "ItemHead", text="5  Subsection 4(1) (definition of AQIS)"
[parser-unknown-class] "ItemHead", text="6  Paragraph 5A(5)(a)"
[parser-unknown-class] "ItemHead", text="7  Paragraph 5A(5)(b)"
[parser-unknown-class] "ItemHead", text="8  Paragraph 5B(5)(a)"
[parser-unknown-class] "ItemHead", text="9  Paragraph 5B(5)(b)"
[parser-unknown-class] "ActHead9", text="Customs Administration Act 1985"
[parser-unknown-class] "ItemHead", text="10  After paragraph 16(9)(h)"
[parser-unknown-class] "ActHead9", text="Environment Protection and Biodiversity Conservation Act 1999"
[parser-unknown-class] "ItemHead", text="11  Subsection 303EB(6)"
[parser-unknown-class] "ItemHead", text="12  Subsection 303EB(11A)"
[parser-unknown-class] "ItemHead", text="13  Paragraph 303GV(1)(b)"
[parser-unknown-class] "ItemHead", text="14  Subsection 303GV(3)"
[parser-unknown-class] "ItemHead", text="15  Paragraph 303GW(5)(a)"
[parser-unknown-class] "ItemHead", text="16  Subsection 303GW(6)"
[parser-unknown-class] "ItemHead", text="17  Subsection 303GW(6)"
[parser-unknown-class] "ItemHead", text="18  Paragraphs 397(3)(c) and (d)"
[parser-unknown-class] "ItemHead", text="19  Paragraph 524(3)(g)"
[parser-unknown-class] "ItemHead", text="20  Section 528"
[parser-unknown-class] "ItemHead", text="21  Section 528 (definition of disease)"
[parser-unknown-class] "ActHead9", text="Fisheries Management Act 1991"
[parser-unknown-class] "ItemHead", text="22  Paragraph 106D(1)(b)"
[parser-unknown-class] "ItemHead", text="23  After paragraph 106D(1)(b)"
[parser-unknown-class] "ActHead9", text="Freedom of Information Act 1982"
[parser-unknown-class] "ItemHead", text="24  Subsection 4(1) (paragraph (a) of the definition of Commission of inquiry)"
[parser-unknown-class] "ItemHead", text="25  Paragraph 13(3)(b)"
[parser-unknown-class] "ActHead9", text="Imported Food Control Act 1992"
[parser-unknown-class] "ItemHead", text="26  Paragraph 6(a)"
[parser-unknown-class] "ActHead9", text="Industry Research and Development Act 1986"
[parser-unknown-class] "ItemHead", text="27  Paragraph 28D(4)(b)"
[parser-unknown-class] "ActHead9", text="Maritime Powers Act 2013"
[parser-unknown-class] "ItemHead", text="28  Paragraph 91(2)(c)"
[parser-unknown-class] "ItemHead", text="29  After paragraph 91(2)(c)"
[parser-unknown-class] "ActHead9", text="Maritime Transport and Offshore Facilities Security Act 2003"
[parser-unknown-class] "ItemHead", text="30  Section 10"
[parser-unknown-class] "ItemHead", text="31  Section 10 (definition of quarantine officer)"
[parser-unknown-class] "ItemHead", text="32  Paragraph 146(e)"
[parser-unknown-class] "ItemHead", text="33  Paragraph 147(1)(e)"
[parser-unknown-class] "ActHead9", text="Migration Act 1958"
[parser-unknown-class] "ItemHead", text="34  Subparagraph 488(2)(a)(iv)"
[parser-unknown-class] "ItemHead", text="35  Paragraph 488(2)(d)"
[parser-unknown-class] "ActHead9", text="National Health Act 1953"
[parser-unknown-class] "ItemHead", text="36  Subsection 9B(10)"
[parser-unknown-class] "ActHead9", text="National Health Security Act 2007"
[parser-unknown-class] "ItemHead", text="37  Subsection 3(1)"
[parser-unknown-class] "ItemHead", text="38  Subsection 3(1) (paragraph (a) of the definition of public health event of national significa..."
[parser-unknown-class] "ItemHead", text="39  At the end of section 8"
[parser-unknown-class] "ItemHead", text="40  Division 6 of Part 2 (heading)"
[parser-unknown-class] "ItemHead", text="41  Section 13 (heading)"
[parser-unknown-class] "ItemHead", text="42  At the end of section 13"
[parser-unknown-class] "ActHead9", text="National Residue Survey (Customs) Levy Act 1998"
[parser-unknown-class] "ItemHead", text="43  Paragraph 2(2)(b) of Schedule 2"
[parser-unknown-class] "ItemHead", text="44  Subparagraph 2(2)(b)(ii) of Schedule 2"
[parser-unknown-class] "ItemHead", text="45  Paragraph 2(2)(b) of Schedule 5"
[parser-unknown-class] "ItemHead", text="46  Subparagraph 2(2)(b)(ii) of Schedule 5"
[parser-unknown-class] "ActHead9", text="Plant Breeder’s Rights Act 1994"
[parser-unknown-class] "ItemHead", text="47  Subsection 3(1)"
[parser-unknown-class] "ItemHead", text="48  Subsection 34(7)"
[parser-unknown-class] "ActHead9", text="Primary Industries (Customs) Charges Act 1999"
[parser-unknown-class] "ItemHead", text="49  Paragraph 2(2)(b) of Schedule 3"
[parser-unknown-class] "ItemHead", text="50  Subparagraph 2(2)(b)(ii) of Schedule 3"
[parser-unknown-class] "ItemHead", text="51  Paragraph 2(3)(b) of Schedule 12"
[parser-unknown-class] "ItemHead", text="52  Subparagraph 2(3)(b)(ii) of Schedule 12"
[parser-unknown-class] "ActHead9", text="Privacy Act 1988"
[parser-unknown-class] "ItemHead", text="53  Subsection 6(1) (paragraph (a) of the definition of Commission of inquiry)"
[parser-unknown-class] "ActHead9", text="Torres Strait Fisheries Act 1984"
[parser-unknown-class] "ItemHead", text="54  Paragraph 52D(1)(b)"
[parser-unknown-class] "ItemHead", text="55  After paragraph 52D(1)(b)"
[parser-unknown-class] "ActHead6", text="Schedule 3—Transitional provisions commencing on Royal Assent"
[parser-unknown-class] "ItemHead", text="1  Determination of first points of entry"
[parser-unknown-class] "SubitemHead", text="Determination may be made without usual prerequisites"
[parser-unknown-class] "Subitem", text="(1) Despite subsections 223(2) and 229(2) of the Biosecurity Act, the Director of Biosecurity or ..."
[parser-unknown-class] "SubitemHead", text="Limited life of determination made relying on subitem (1)"
[parser-unknown-class] "Subitem", text="(2) If the Director of Biosecurity or the Director of Human Biosecurity:"
[parser-unknown-class] "Subitem", text="(3) Unless it has already ceased to have effect, a determination referred to in subitem (2) relat..."
[parser-unknown-class] "SubitemHead", text="Extending life of determination made relying on subitem (1)"
[parser-unknown-class] "Subitem", text="(4) If the Director of Biosecurity or the Director of Human Biosecurity is satisfied that:"
[parser-unknown-class] "Subitem", text="(5) Section 42 (disallowance) of the Legislation Act 2003 does not apply to an instrument made un..."
[parser-unknown-class] "SubitemHead", text="Definitions"
[parser-unknown-class] "Subitem", text="(6) In this item:"
[parser-unknown-class] "SubitemHead", text="Operation before commencement of certain provisions of the Biosecurity Act"
[parser-unknown-class] "Subitem", text="(7) To avoid doubt, this item operates before the commencement of sections 9, 223, 229, 540 and 5..."
[parser-unknown-class] "ActHead6", text="Schedule 4—Application, saving and transitional provisions commencing later"
[parser-unknown-class] "ActHead7", text="Part 1—Preliminary"
[parser-unknown-class] "ItemHead", text="1  Definitions"
[parser-unknown-class] "Subitem", text="(1) In this Schedule:"
[parser-unknown-class] "Subitem", text="(2) An expression used in a provision of this Schedule and in the Biosecurity Act has the same me..."
[parser-unknown-class] "Subitem", text="(3) An expression used in a provision of this Schedule and in the Quarantine Act has the same mea..."
[parser-unknown-class] "Subitem", text="(4) A reference in this Schedule to any thing under a particular provision of the Quarantine Act ..."
[parser-unknown-class] "ItemHead", text="2  Section 7 of the Acts Interpretation Act 1901"
[parser-unknown-class] "ActHead7", text="Part 2—Managing biosecurity risks: goods"
[parser-unknown-class] "ActHead8", text="Division 1—Goods brought into Australian territory or otherwise subject to quarantine"
[parser-unknown-class] "ItemHead", text="3  Goods brought into Australian territory or otherwise subject to quarantine before commencement..."
[parser-unknown-class] "Subitem", text="(1) For the purposes of the Biosecurity Act, goods in Australian territory at the beginning of th..."
[parser-unknown-class] "Subitem", text="(2) For the purposes of the Biosecurity Act, goods in Australian territory are also taken to beco..."
[parser-unknown-class] "Subitem", text="(3) For the purposes of the Biosecurity Act, goods in Australian territory are also taken to beco..."
[parser-unknown-class] "ItemHead", text="4  Application of section 119 of the Biosecurity Act"
[parser-unknown-class] "Subitem", text="(1) Section 119 of the Biosecurity Act applies in relation to goods that are brought into Austral..."
[parser-unknown-class] "Subitem", text="(2) Subsections 119(3) and (4) of the Biosecurity Act also apply in relation to goods that are ta..."
[parser-unknown-class] "ItemHead", text="5  Notice of proposed importation of goods"
[parser-unknown-class] "Subitem", text="(1) If:"
[parser-unknown-class] "Subitem", text="(2) If:"
[parser-unknown-class] "ItemHead", text="6  Notice requiring additional information about goods"
[parser-unknown-class] "ItemHead", text="7  Notice to do specified thing in relation to goods"
[parser-unknown-class] "Subitem", text="(1) This item applies if:"
[parser-unknown-class] "Subitem", text="(2) Despite the repeal of the Quarantine Act by this Act:"
[parser-unknown-class] "Subitem", text="(3) If:"
[parser-unknown-class] "ItemHead", text="8  Unloading goods at landing place or port at which aircraft or vessel has arrived"
[parser-unknown-class] "Subitem", text="(1) This item applies in relation to goods brought into Australian territory on an aircraft or ve..."
[parser-unknown-class] "Subitem", text="(2) If the landing place or port is not a first point of entry for the goods, the Biosecurity Act..."
[parser-unknown-class] "Subitem", text="(3) If there is a biosecurity entry point at the landing place or port for the goods but the good..."
[parser-unknown-class] "ItemHead", text="9  Permission to land goods at place other than declared port"
[parser-unknown-class] "Subitem", text="(1) This item applies if:"
[parser-unknown-class] "Subitem", text="(2) The permission has effect, on and after the commencement day:"
[parser-unknown-class] "Subitem", text="(3) If the permission has not ceased to be in force before the end of 1 year beginning on the com..."
[parser-unknown-class] "ItemHead", text="10  Permission to allow goods to be removed from vessel or installation"
[parser-unknown-class] "Subitem", text="(1) Subitem (2) applies if:"
[parser-unknown-class] "Subitem", text="(2) Despite the repeal of the Quarantine Act by this Act:"
[parser-unknown-class] "Subitem", text="(3) Subitem (4) applies if:"
[parser-unknown-class] "Subitem", text="(4) Despite the repeal of the Quarantine Act by this Act:"
[parser-unknown-class] "ItemHead", text="11  Directions relating to movement of animals on aircraft or vessels"
[parser-unknown-class] "ItemHead", text="12  Goods on board aircraft or vessel that was in quarantine"
[parser-unknown-class] "SubitemHead", text="Direction not to unload goods"
[parser-unknown-class] "Subitem", text="(1) If:"
[parser-unknown-class] "SubitemHead", text="Receiving or possessing goods unloaded in contravention of Quarantine Act"
[parser-unknown-class] "Subitem", text="(2) Without limiting its effect apart from this subitem, section 149 of the Biosecurity Act also ..."
[parser-unknown-class] "ItemHead", text="13  Direction not to unload certain goods that were subject to quarantine"
[parser-unknown-class] "ItemHead", text="14  Permission to do relevant act in relation to goods that were subject to quarantine"
[parser-unknown-class] "ItemHead", text="15  Directions about movement of goods"
[parser-unknown-class] "ItemHead", text="16  Directions to treat goods"
[parser-unknown-class] "ItemHead", text="17  Directions to destroy goods"
[parser-unknown-class] "ItemHead", text="18  Directions in relation to goods ordered into quarantine"
[parser-unknown-class] "Subitem", text="(1) This item applies in relation to goods that:"
[parser-unknown-class] "SubitemHead", text="Direction that goods be detained where they are"
[parser-unknown-class] "Subitem", text="(2) If:"
[parser-unknown-class] "SubitemHead", text="Direction that goods be exported"
[parser-unknown-class] "Subitem", text="(3) If:"
[parser-unknown-class] "ItemHead", text="19  Goods that were required to be destroyed"
[parser-unknown-class] "Subitem", text="(1) This item applies in relation to goods that:"
[parser-unknown-class] "SubitemHead", text="Ministerial approval not required"
[parser-unknown-class] "Subitem", text="(2) If the goods could have been destroyed without the written approval of the Minister under sub..."
[parser-unknown-class] "SubitemHead", text="Ministerial approval required and given"
[parser-unknown-class] "Subitem", text="(3) If:"
[parser-unknown-class] "SubitemHead", text="Ministerial approval required and not given"
[parser-unknown-class] "Subitem", text="(4) If:"
[parser-unknown-class] "ItemHead", text="20  Treatment required that might damage goods"
[parser-unknown-class] "Subitem", text="(1) This item applies in relation to goods if:"
[parser-unknown-class] "SubitemHead", text="Permission for treatment given"
[parser-unknown-class] "Subitem", text="(2) If the owner of the goods, or the agent of the owner of the goods, had agreed to the treatmen..."
[parser-unknown-class] "SubitemHead", text="Permission for treatment requested but not given"
[parser-unknown-class] "Subitem", text="(3) If:"
[parser-unknown-class] "SubitemHead", text="Permission for treatment not requested"
[parser-unknown-class] "Subitem", text="(4) If:"
[parser-unknown-class] "ItemHead", text="21  Direction to treat goods exposed to goods that were subject to quarantine"
[parser-unknown-class] "ItemHead", text="22  Direction to treat plant etc."
[parser-unknown-class] "ItemHead", text="23  Direction to treat or destroy package, packing material or other waste material"
[parser-unknown-class] "ItemHead", text="24  Abandoned or forfeited goods"
[parser-unknown-class] "Subitem", text="(1) If:"
[parser-unknown-class] "Subitem", text="(2) For the purpose of the application of the Biosecurity Act in relation to goods to which subit..."
[parser-unknown-class] "Subitem", text="(3) If:"
[parser-unknown-class] "ItemHead", text="25  Goods ordered into quarantine by electronic notice"
[parser-unknown-class] "ItemHead", text="26  Offence of possessing or conveying goods imported in contravention of Quarantine Act"
[parser-unknown-class] "ItemHead", text="27  Directions to persons in quarantine stations etc. to undergo decontamination"
[parser-unknown-class] "ItemHead", text="28  Notices affixed to goods by quarantine officer"
[parser-unknown-class] "ActHead8", text="Division 2—Import permits"
[parser-unknown-class] "ItemHead", text="29  Import permits in force before the commencement day"
[parser-unknown-class] "ItemHead", text="30  Applications for import permits not decided before the commencement day"
[parser-unknown-class] "ActHead8", text="Division 3—Prohibited goods"
[parser-unknown-class] "ItemHead", text="31  Goods imported etc. in contravention of Quarantine Act"
[parser-unknown-class] "Subitem", text="(1) This item applies in relation to animals, plants or other goods that, before the commencement..."
[parser-unknown-class] "Subitem", text="(2) If:"
[parser-unknown-class] "Subitem", text="(3) If:"
[parser-unknown-class] "Subitem", text="(4) If, before the commencement day, the animals, plants or other goods had been forfeited to the..."
[parser-unknown-class] "ActHead7", text="Part 3—Managing biosecurity risks: conveyances"
[parser-unknown-class] "ItemHead", text="32  Conveyances in Australian territory on commencement day"
[parser-unknown-class] "Subitem", text="(1) For the purposes of the Biosecurity Act, a conveyance in Australian territory is taken to bec..."
[parser-unknown-class] "Subitem", text="(2) However, a conveyance referred to in paragraph (1)(a) is not taken to become subject to biose..."
[parser-unknown-class] "ItemHead", text="33  Application of Biosecurity Act to conveyances in Australian territory on commencement day"
[parser-unknown-class] "Subitem", text="(1) Section 191 of the Biosecurity Act applies in relation to an aircraft or vessel that enters A..."
[parser-unknown-class] "Subitem", text="(2) Subsections 191(3) and (4) of the Biosecurity Act also apply to a conveyance that is taken un..."
[parser-unknown-class] "Subitem", text="(3) Despite subitem 32(1), a biosecurity officer must not exercise a power under subsection 206(2..."
[parser-unknown-class] "Subitem", text="(4) If, because of subitem (3), a biosecurity officer cannot exercise a power under subsection 20..."
[parser-unknown-class] "ItemHead", text="34  Permissions for aircraft or vessels to be brought to place other than landing place or first ..."
[parser-unknown-class] "Subitem", text="(1) If:"
[parser-unknown-class] "Subitem", text="(2) If the permission has not ceased to be in force before the end of 2 years beginning on the co..."
[parser-unknown-class] "ItemHead", text="35  Notification of outbreak of disease on aircraft or vessel"
[parser-unknown-class] "ItemHead", text="36  Requirement relating to movement of vessel"
[parser-unknown-class] "ItemHead", text="37  Pre‑arrival reports for vessels"
[parser-unknown-class] "Subitem", text="(1) This item applies if:"
[parser-unknown-class] "Subitem", text="(2) The operator of the vessel is not required to comply with section 193 of the Biosecurity Act ..."
[parser-unknown-class] "Subitem", text="(3) If information in respect of the vessel had also been given to a quarantine officer under sub..."
[parser-unknown-class] "Subitem", text="(4) However, if the person in charge or the operator of the vessel becomes aware after the commen..."
[parser-unknown-class] "Subitem", text="(5) For the purposes of subitem (4), section 194 of the Biosecurity Act applies as if a reference..."
[parser-unknown-class] "ItemHead", text="38  Pre‑arrival reports for aircraft"
[parser-unknown-class] "Subitem", text="(1) This item applies if:"
[parser-unknown-class] "Subitem", text="(2) The operator of the aircraft is not required to comply with section 193 of the Biosecurity Ac..."
[parser-unknown-class] "Subitem", text="(3) If information in respect of the aircraft had also been given to a quarantine officer under s..."
[parser-unknown-class] "Subitem", text="(4) However, if the person in charge or the operator of the aircraft becomes aware after the comm..."
[parser-unknown-class] "Subitem", text="(5) For the purposes of subitem (4), section 194 of the Biosecurity Act applies as if a reference..."
[parser-unknown-class] "ItemHead", text="39  Directions about movement of conveyances"
[parser-unknown-class] "Subitem", text="(1) This item applies to a direction that:"
[parser-unknown-class] "Subitem", text="(2) To the extent that the direction relates to movement of the conveyance, the direction has eff..."
[parser-unknown-class] "ItemHead", text="40  Movement of conveyance in quarantine"
[parser-unknown-class] "Subitem", text="(1) This item applies in relation to a conveyance that was in quarantine immediately before the c..."
[parser-unknown-class] "Subitem", text="(2) A biosecurity officer is taken to have given the person in charge of the conveyance a directi..."
[parser-unknown-class] "Subitem", text="(3) If:"
[parser-unknown-class] "ItemHead", text="41  Directions to treat conveyances"
[parser-unknown-class] "Subitem", text="(1) This item applies to a direction that:"
[parser-unknown-class] "Subitem", text="(2) To the extent that the direction relates to treatment of, or performance of work on, the conv..."
[parser-unknown-class] "Subitem", text="(3) Also, if the direction was given under subsection 48AB(3) or (3A) of the Quarantine Act, the ..."
[parser-unknown-class] "ItemHead", text="42  Notices affixed to conveyances by quarantine officer"
[parser-unknown-class] "ItemHead", text="43  Information about biosecurity requirements to be given to persons on incoming aircraft or ves..."
[parser-unknown-class] "ItemHead", text="44  Direction to treat conveyance in insanitary condition etc."
[parser-unknown-class] "Subitem", text="(1) This item applies if:"
[parser-unknown-class] "Subitem", text="(2) Despite the repeal of the Quarantine Act by this Act:"
[parser-unknown-class] "ItemHead", text="45  Moving an insanitary vessel or things removed from it"
[parser-unknown-class] "ActHead7", text="Part 4—Managing biosecurity risks: monitoring, control and response"
[parser-unknown-class] "ItemHead", text="46  Power to carry out vector monitoring and control activities with consent"
[parser-unknown-class] "Subitem", text="(1) Section 55E of the Quarantine Act continues to apply, for the 6 months beginning on the comme..."
[parser-unknown-class] "Subitem", text="(2) That section applies for that period as if it referred to a human biosecurity officer instead..."
[parser-unknown-class] "ActHead7", text="Part 5—Co‑regulatory approvals and compliance agreements"
[parser-unknown-class] "ActHead8", text="Division 1—Co‑regulatory approvals"
[parser-unknown-class] "ItemHead", text="47  Co‑regulatory approvals in force before commencement day"
[parser-unknown-class] "SubitemHead", text="Previous approvals continue as transitional approved arrangements"
[parser-unknown-class] "Subitem", text="(1) This item applies in relation to an approval (the previous approval) that was in force under ..."
[parser-unknown-class] "Subitem", text="(2) The previous approval has effect, on and after the commencement day, as if it were an approva..."
[parser-unknown-class] "SubitemHead", text="Approvals given subject to conditions"
[parser-unknown-class] "Subitem", text="(3) If the previous approval was given subject to one or more conditions, the corresponding appro..."
[parser-unknown-class] "SubitemHead", text="Period during which transitional approved arrangement remains in force"
[parser-unknown-class] "Subitem", text="(4) The approved arrangement (the transitional approved arrangement) that is taken to exist becau..."
[parser-unknown-class] "ItemHead", text="48  Renewal of transitional approved arrangement"
[parser-unknown-class] "Subitem", text="(1) A biosecurity industry participant (the applicant) covered by a transitional approved arrange..."
[parser-unknown-class] "Subitem", text="(2) If the Director of Biosecurity receives an application in relation to a transitional approved..."
[parser-unknown-class] "Subitem", text="(3) The Director of Biosecurity may renew the transitional approved arrangement, subject to any c..."
[parser-unknown-class] "Subitem", text="(4) If the Director of Biosecurity decides to renew the transitional approved arrangement, the pe..."
[parser-unknown-class] "Subitem", text="(5) The Director of Biosecurity must notify the applicant, in writing:"
[parser-unknown-class] "Subitem", text="(6) A decision by the Director of Biosecurity under this item not to renew a transitional approve..."
[parser-unknown-class] "Subitem", text="(7) Section 530 of the Biosecurity Act applies for the purposes of determining whether a person i..."
[parser-unknown-class] "Subitem", text="(8) A transitional approved arrangement that is taken to exist because of subitem 47(2) may be re..."
[parser-unknown-class] "ItemHead", text="49  Co‑regulatory approvals suspended or revoked before commencement day"
[parser-unknown-class] "Subitem", text="(1) This item applies in relation to an approval under section 46A of the Quarantine Act if:"
[parser-unknown-class] "Subitem", text="(2) The approval is taken to have been revoked immediately before the commencement day."
[parser-unknown-class] "ItemHead", text="50  Notices to take action if co‑regulatory approval has expired or is suspended or revoked"
[parser-unknown-class] "Subitem", text="(1) This item applies if:"
[parser-unknown-class] "Subitem", text="(2) Despite the repeal of the Quarantine Act by this Act, subsections 46A(11) and (12) of that Ac..."
[parser-unknown-class] "Subitem", text="(3) Subsection 46A(11) of the Quarantine Act continues to apply because of subitem (2) as if that..."
[parser-unknown-class] "ItemHead", text="51  Applications for co‑regulatory approvals made before commencement day"
[parser-unknown-class] "Subitem", text="(1) This item applies if:"
[parser-unknown-class] "Subitem", text="(2) The application is taken, on and after the commencement day, to be an application to the rele..."
[parser-unknown-class] "Subitem", text="(3) Section 435 of the Biosecurity Act applies in relation to the application as if it had been r..."
[parser-unknown-class] "Subitem", text="(4) The following provisions of the Biosecurity Act do not apply in relation to the application o..."
[parser-unknown-class] "Subitem", text="(5) Any fee required to be paid under the Biosecurity Act in relation to an application under sec..."
[parser-unknown-class] "Subitem", text="(6) Section 410 of the Biosecurity Act applies in relation to the application as if the following..."
[parser-unknown-class] "ActHead8", text="Division 2—Compliance agreements"
[parser-unknown-class] "ItemHead", text="52  Compliance agreements in force before commencement day"
[parser-unknown-class] "SubitemHead", text="Compliance agreements continue as transitional approved arrangements"
[parser-unknown-class] "Subitem", text="(1) This item applies in relation to a compliance agreement that was in force, or is taken to hav..."
[parser-unknown-class] "Subitem", text="(2) For the purposes of subitem (1), a compliance agreement is taken to have been in force under ..."
[parser-unknown-class] "Subitem", text="(3) The compliance agreement has effect, on and after the commencement day, as if:"
[parser-unknown-class] "SubitemHead", text="Period during which transitional approved arrangement remains in force"
[parser-unknown-class] "Subitem", text="(4) The approved arrangement (the transitional approved arrangement) that is taken to exist becau..."
[parser-unknown-class] "Subitem", text="(5) If:"
[parser-unknown-class] "ItemHead", text="53  Extension of transitional approved arrangement"
[parser-unknown-class] "Subitem", text="(1) A biosecurity industry participant (the applicant) covered by a transitional approved arrange..."
[parser-unknown-class] "Subitem", text="(2) If the Director of Biosecurity receives an application in relation to a transitional approved..."
[parser-unknown-class] "Subitem", text="(3) If the Director of Biosecurity decides to extend the period of operation of the transitional ..."
[parser-unknown-class] "Subitem", text="(4) The Director of Biosecurity must notify the applicant, in writing:"
[parser-unknown-class] "Subitem", text="(5) A decision by the Director of Biosecurity under this item not to extend the period of operati..."
[parser-unknown-class] "Subitem", text="(6) Section 530 of the Biosecurity Act applies for the purposes of determining whether a person i..."
[parser-unknown-class] "Subitem", text="(7) The period of operation of a transitional approved arrangement that is taken to exist because..."
[parser-unknown-class] "ItemHead", text="54  Additional circumstances for variation, suspension or revocation of transitional approved arr..."
[parser-unknown-class] "Subitem", text="(1) This item applies if a compliance agreement that is taken to be a transitional approved arran..."
[parser-unknown-class] "Subitem", text="(2) The Director of Biosecurity may, in the relevant circumstances:"
[parser-unknown-class] "SubitemHead", text="Suspension of all or part of transitional approved arrangement"
[parser-unknown-class] "Subitem", text="(3) If the Director of Biosecurity proposes to suspend the transitional approved arrangement, or ..."
[parser-unknown-class] "Subitem", text="(4) If the Director of Biosecurity suspends the transitional approved arrangement, or a part of t..."
[parser-unknown-class] "SubitemHead", text="Revocation of transitional approved arrangement"
[parser-unknown-class] "Subitem", text="(5) If the Director of Biosecurity proposes to revoke the transitional approved arrangement under..."
[parser-unknown-class] "Subitem", text="(6) If the Director of Biosecurity revokes the transitional approved arrangement under paragraph ..."
[parser-unknown-class] "ItemHead", text="55  Compliance agreements suspended or cancelled before commencement day"
[parser-unknown-class] "Subitem", text="(1) This item applies in relation to a compliance agreement if:"
[parser-unknown-class] "Subitem", text="(2) The compliance agreement is taken to have been cancelled immediately before the commencement ..."
[parser-unknown-class] "Subitem", text="(3) If:"
[parser-unknown-class] "Subitem", text="(4) Despite the repeal of the Quarantine Act by this Act, subsection 66B(7) of that Act continues..."
[parser-unknown-class] "ItemHead", text="56  Applications to enter compliance agreement—no decision made before commencement day"
[parser-unknown-class] "Subitem", text="(1) This item applies if:"
[parser-unknown-class] "Subitem", text="(2) The application is taken, on and after the commencement day, to be an application to the rele..."
[parser-unknown-class] "Subitem", text="(3) Section 435 of the Biosecurity Act applies in relation to the application as if it had been r..."
[parser-unknown-class] "Subitem", text="(4) The following provisions of the Biosecurity Act do not apply in relation to the application o..."
[parser-unknown-class] "Subitem", text="(5) Any requirement under the Biosecurity Act to pay a fee does not apply in relation to the appl..."
[parser-unknown-class] "Subitem", text="(6) Section 410 of the Biosecurity Act applies in relation to the application as if the following..."
[parser-unknown-class] "ActHead8", text="Division 3—General provisions relating to applications"
[parser-unknown-class] "ItemHead", text="57  Dealing with applications for renewal or extension"
[parser-unknown-class] "Subitem", text="(1) This item applies in relation to the following applications:"
[parser-unknown-class] "Subitem", text="(2) Section 435 of the Biosecurity Act applies in relation to an application as if:"
[parser-unknown-class] "Subitem", text="(3) Regulations may be made under this Schedule or the Biosecurity Act for the purposes of sectio..."
[parser-unknown-class] "ItemHead", text="58  Fees relating to applications for renewal or extension of transitional approved arrangements"
[parser-unknown-class] "Subitem", text="Section 592 of the Biosecurity Act applies in relation to activities carried out by, or on behalf..."
[parser-unknown-class] "ActHead7", text="Part 6—Emergencies"
[parser-unknown-class] "ItemHead", text="59  Directions to manage epidemic"
[parser-unknown-class] "Subitem", text="(1) Subitem (2) applies if a direction was in force immediately before the commencement day under..."
[parser-unknown-class] "Subitem", text="(2) Despite the repeal of the Quarantine Act by this Act:"
[parser-unknown-class] "Subitem", text="(3) Subitem (4) applies if a direction was in force immediately before the commencement day under..."
[parser-unknown-class] "Subitem", text="(4) Despite the repeal of the Quarantine Act by this Act:"
[parser-unknown-class] "ItemHead", text="60  Directions to deal with emergency"
[parser-unknown-class] "Subitem", text="(1) This item applies if a direction was in force immediately before the commencement day under s..."
[parser-unknown-class] "Subitem", text="(2) Despite the repeal of the Quarantine Act by this Act:"
[parser-unknown-class] "ActHead7", text="Part 7—Compliance and enforcement"
[parser-unknown-class] "ItemHead", text="61  Investigation of offences etc. against Quarantine Act"
[parser-unknown-class] "Subitem", text="(1) Parts 1, 2, 3, 4 and 5, and Divisions 4 and 6 of Part 10, of Chapter 9 (and any related provi..."
[parser-unknown-class] "Subitem", text="(2) The provisions of the Biosecurity Act mentioned in subitem (1) apply under that subitem as if:"
[parser-unknown-class] "Subitem", text="(3) A reference in Chapter 9 of the Biosecurity Act, as applying under this item, to that Chapter..."
[parser-unknown-class] "ItemHead", text="62  Dealing with things seized under the Quarantine Act"
[parser-unknown-class] "Subitem", text="(1) If:"
[parser-unknown-class] "Subitem", text="(2) An order authorising a person to keep a thing, that was in force under subsection 66AT(2) of ..."
[parser-unknown-class] "ActHead7", text="Part 8—Governance and officials"
[parser-unknown-class] "ItemHead", text="63  Quarantine officers (animals) and quarantine officers (plants)"
[parser-unknown-class] "Subitem", text="(1) This item applies in relation to a person if:"
[parser-unknown-class] "Subitem", text="(2) The person is taken, at the beginning of the commencement day, to have been duly authorised t..."
[parser-unknown-class] "ItemHead", text="64  Instruments continued by this Act that confer functions or powers on certain persons"
[parser-unknown-class] "Subitem", text="(1) This item applies in relation to an instrument (however described) under the Quarantine Act t..."
[parser-unknown-class] "Subitem", text="(2) A reference in the instrument that:"
[parser-unknown-class] "Subitem", text="(3) If a person mentioned in column 1 of an item of the table in subitem (2) had, under section 1..."
[parser-unknown-class] "ItemHead", text="65  Powers that may be exercised on board a conveyance"
[parser-unknown-class] "Subitem", text="(1) This item applies if:"
[parser-unknown-class] "Subitem", text="(2) If the person becomes a biosecurity officer by force of subitem 63(2), the person may remain ..."
[parser-unknown-class] "Subitem", text="(3) If:"
[parser-unknown-class] "ItemHead", text="66  Directions to assist person performing functions etc."
[parser-unknown-class] "Subitem", text="(1) If:"
[parser-unknown-class] "Subitem", text="(2) If:"
[parser-unknown-class] "ItemHead", text="67  Delegation and subdelegation of Director of Biosecurity’s functions and powers under this Act..."
[parser-unknown-class] "Subitem", text="(1) Section 542 of the Biosecurity Act applies in relation to the Director of Biosecurity’s funct..."
[parser-unknown-class] "Subitem", text="(2) However, subitem (1) and section 542 of the Biosecurity Act do not permit the subdelegation t..."
[parser-unknown-class] "ItemHead", text="68  Functions and powers of biosecurity officers and biosecurity enforcement officers"
[parser-unknown-class] "Subitem", text="(1) Subsections 550(3), 551(1) and (3), 552(1) and (2), 553(1) and (2), 554(1) and (2) and 556(1)..."
[parser-unknown-class] "Subitem", text="(2) Subsection 555(3) of the Biosecurity Act applies as if it included the following paragraphs:"
[parser-unknown-class] "ItemHead", text="69  Delegation of Agriculture Minister’s functions and powers under this Act etc."
[parser-unknown-class] "ActHead7", text="Part 9—Miscellaneous"
[parser-unknown-class] "ActHead8", text="Division 1—Review of decisions"
[parser-unknown-class] "ItemHead", text="70  Review of decisions made under continued provisions of the Quarantine Act"
[parser-unknown-class] "ActHead8", text="Division 2—Cost recovery"
[parser-unknown-class] "ItemHead", text="71  Sustenance for animals in quarantine"
[parser-unknown-class] "Subitem", text="(1) If:"
[parser-unknown-class] "Subitem", text="(2) If:"
[parser-unknown-class] "ItemHead", text="72  Recovery of amounts by agent of master or owner of vessel"
[parser-unknown-class] "ItemHead", text="73  Quarantine expenses in relation to goods that were subject to quarantine"
[parser-unknown-class] "ItemHead", text="74  Sale of animals, plants or other goods to recover expenses"
[parser-unknown-class] "Subitem", text="(1) This item applies in relation to expenses that were payable in respect of a thing under secti..."
[parser-unknown-class] "Subitem", text="(2) If the Director of Animal and Plant Quarantine had not given the owner of the thing a notice ..."
[parser-unknown-class] "Subitem", text="(3) The Director of Biosecurity may sell the thing, and give full and effective title to the thin..."
[parser-unknown-class] "Subitem", text="(4) For the purpose of effecting a sale of the thing, the Director of Biosecurity may, on behalf ..."
[parser-unknown-class] "Subitem", text="(5) The proceeds of sale of the thing are to be applied against:"
[parser-unknown-class] "Subitem", text="(6) However, any remaining amount is forfeited to the Commonwealth at the end of 30 days after th..."
[parser-unknown-class] "Subitem", text="(7) Nothing in this item affects the right of the Commonwealth to recover expenses by other means."
[parser-unknown-class] "ItemHead", text="75  Fees and deposits"
[parser-unknown-class] "SubitemHead", text="Fees"
[parser-unknown-class] "Subitem", text="(1) The Biosecurity Act applies as if:"
[parser-unknown-class] "SubitemHead", text="Deposits"
[parser-unknown-class] "Subitem", text="(2) The Agriculture Minister must refund a booking fee, or deposit, (the old fee or deposit) that..."
[parser-unknown-class] "ActHead8", text="Division 3—Miscellaneous"
[parser-unknown-class] "ItemHead", text="76  Hindering or preventing compliance"
[parser-unknown-class] "ItemHead", text="77  Compensation"
[parser-unknown-class] "SubitemHead", text="Destroyed goods and premises"
[parser-unknown-class] "Subitem", text="(1) Despite the repeal of the Quarantine Act by this Act, section 69A of that Act (as modified by..."
[parser-unknown-class] "Subitem", text="(2) Section 69A of the Quarantine Act applies under subitem (1) as if a reference to the Minister..."
[parser-unknown-class] "SubitemHead", text="Acquisition of property"
[parser-unknown-class] "Subitem", text="(3) Despite the repeal of the Quarantine Act by this Act, section 86F of that Act continues to ap..."
[parser-unknown-class] "ItemHead", text="78  Protection from civil proceedings"
[parser-unknown-class] "ItemHead", text="79  Summary proceedings relating to the Quarantine Act instituted on or after the commencement day"
[parser-unknown-class] "ItemHead", text="80  Jurisdiction in matters relating to the Quarantine Act"
[parser-unknown-class] "ItemHead", text="81  Analysts appointed under the Quarantine Act"
[parser-unknown-class] "ItemHead", text="82  Certificate given by analyst before commencement day"
[parser-unknown-class] "Subitem", text="(1) This item applies if:"
[parser-unknown-class] "Subitem", text="(2) Despite the repeal of the Quarantine Act by this Act, subsections 86DA(2) to (6) of that Act ..."
[parser-unknown-class] "ItemHead", text="83  Certificate given by analyst on or after commencement day relating to alleged offence against..."
[parser-unknown-class] "Subitem", text="(1) This item applies if an analyst gives a certificate on or after the commencement day in respe..."
[parser-unknown-class] "Subitem", text="(2) Despite the repeal of the Quarantine Act by this Act, subsections 86DA(2) to (6) of that Act ..."
[parser-unknown-class] "Subitem", text="(3) Subsections 86DA(2) to (6) of the Quarantine Act apply under subitem (2) as if:"
[parser-unknown-class] "ActHead7", text="Part 10—Regulations"
[parser-unknown-class] "ItemHead", text="84  Regulations may deal with transitional and other matters"
[parser-unknown-class] "Subitem", text="(1) The Governor‑General may make regulations prescribing matters that:"
[parser-unknown-class] "Subitem", text="(2) Without limiting subitem (1), regulations made for the purpose of that subitem may provide th..."
[parser-diag] processed 1282 <p> elements
[parser-diag] last section was added at element index: 235
[parser-diag] state phase at end: ENDNOTES
[parser-diag] hierarchy stack depth at end: 2
[parser-diag] insideSchedule at end: false
[parse] sections: 5
[parse] compilation: date=2017-09-20 no=1
[parse] by level:
         section      4
         division     1
[db] inserted new legislation row: 5036d875-75c0-4d85-9c90-5cd686284eb6
[db] inserting 5 sections (pass 1)
[db] inserted 5 sections
[db] linking parent FKs (pass 2)
[db] linked 1 parent references

[done] ingested Biosecurity (Consequential Amendments and Transitional Provisions) Act 2015
       legislation_id: 5036d875-75c0-4d85-9c90-5cd686284eb6
       sections: 5
       compilation: 2017-09-20
