[fetch] document_1: https://www.legislation.gov.au/C2012A00128/2025-02-15/2025-02-15/text/original/epub/OEBPS/document_1/document_1.html
[fetch] document_1: 1,162,692 bytes
[fetch] document_2: https://www.legislation.gov.au/C2012A00128/2025-02-15/2025-02-15/text/original/epub/OEBPS/document_2/document_2.html
[fetch] document_2 not found — stopping. Fetched 1 document(s).
[fetch] combined 1 document(s), 1,162,692 source bytes → 1,159,610 combined bytes
[citation] Navigation Act 2012 (Cth)
[parse] starting
[parser-diag] total <p> elements found: 4613
[parser-diag] processed 4613 <p> elements
[parser-diag] last section was added at element index: 4269
[parser-diag] state phase at end: ENDNOTES
[parser-diag] hierarchy stack depth at end: 3
[parser-diag] insideSchedule at end: false
[parse] sections: 489
[parse] compilation: date=2025-02-15 no=14
[parse] by level:
         chapter      9
         part         45
         section      347
         division     81
         subdivision  7
[db] inserted new legislation row: 5d51e62c-ac02-4afb-9765-ec7ec19721e1
[db] inserting 489 sections (pass 1)
[db] inserted 489 sections
[db] linking parent FKs (pass 2)
[db] linked 480 parent references

[done] ingested Navigation Act 2012
       legislation_id: 5d51e62c-ac02-4afb-9765-ec7ec19721e1
       sections: 489
       compilation: 2025-02-15
