[fetch] document_1: https://www.legislation.gov.au/C2013A00128/2024-10-14/2024-10-14/text/original/epub/OEBPS/document_1/document_1.html
[fetch] document_1: 216,934 bytes
[fetch] document_2: https://www.legislation.gov.au/C2013A00128/2024-10-14/2024-10-14/text/original/epub/OEBPS/document_2/document_2.html
[fetch] document_2 not found — stopping. Fetched 1 document(s).
[fetch] combined 1 document(s), 216,934 source bytes → 215,043 combined bytes
[citation] Court Security Act 2013 (Cth)
[parse] starting
[parser-diag] total <p> elements found: 829
[parser-diag] processed 829 <p> elements
[parser-diag] last section was added at element index: 675
[parser-diag] state phase at end: ENDNOTES
[parser-diag] hierarchy stack depth at end: 2
[parser-diag] insideSchedule at end: false
[parse] sections: 66
[parse] compilation: date=2024-10-14 no=7
[parse] by level:
         part         5
         section      54
         division     7
[db] inserted new legislation row: 83e0abca-d67b-4669-aeaf-3ce414717d71
[db] inserting 66 sections (pass 1)
[db] inserted 66 sections
[db] linking parent FKs (pass 2)
[db] linked 61 parent references

[done] ingested Court Security Act 2013
       legislation_id: 83e0abca-d67b-4669-aeaf-3ce414717d71
       sections: 66
       compilation: 2024-10-14
