[fetch] document_1: https://www.legislation.gov.au/C2013A00076/2016-03-05/2016-03-05/text/original/epub/OEBPS/document_1/document_1.html
[fetch] document_1: 779,807 bytes
[fetch] document_2: https://www.legislation.gov.au/C2013A00076/2016-03-05/2016-03-05/text/original/epub/OEBPS/document_2/document_2.html
[fetch] document_2 not found — stopping. Fetched 1 document(s).
[fetch] combined 1 document(s), 779,807 source bytes → 770,845 combined bytes
[citation] Aged Care (Living Longer Living Better) Act 2013 (Cth)
[parse] starting
[parser-diag] total <p> elements found: 3424
[parser-unknown-class] "ActHead6", text="Schedule 1—Amendments commencing on 1 August 2013"
[parser-unknown-class] "ActHead7", text="Part 1—Amendments"
[parser-unknown-class] "ActHead9", text="Aged Care Act 1997"
[parser-unknown-class] "ItemHead", text="1  Subsection 1‑3(5) (table items 3 and 4)"
[parser-unknown-class] "ItemHead", text="2  Paragraph 3‑5(b)"
[parser-unknown-class] "ItemHead", text="3  Section 3‑6"
[parser-unknown-class] "ItemHead", text="4  Section 5‑2 (heading to table column headed “Community care subsidy”)"
[parser-unknown-class] "ItemHead", text="5  Section 5‑2 (note 2)"
[parser-unknown-class] "ItemHead", text="6  Paragraphs 11‑3(b) to (e)"
[parser-unknown-class] "ItemHead", text="7  Subsection 12‑3(2)"
[parser-unknown-class] "ItemHead", text="8  Subsection 12‑5(3)"
[parser-unknown-class] "ItemHead", text="9  Subsection 12‑6(3)"
[parser-unknown-class] "ItemHead", text="10  Section 14‑2"
[parser-unknown-class] "ItemHead", text="11  At the end of subsection 14‑5(1)"
[parser-unknown-class] "ItemHead", text="12  Subsection 14‑5(4)"
[parser-unknown-class] "ItemHead", text="13  Subsection 15‑7(7)"
[parser-unknown-class] "ItemHead", text="14  Subsection 16‑9(2)"
[parser-unknown-class] "ItemHead", text="15  Paragraph 16‑11(c)"
[parser-unknown-class] "ItemHead", text="16  Subsection 17‑2(3)"
[parser-unknown-class] "ItemHead", text="17  At the end of subsection 18‑2(2)"
[parser-unknown-class] "ItemHead", text="18  Paragraph 18‑5(1)(b)"
[parser-unknown-class] "ItemHead", text="19  Section 19‑1"
[parser-unknown-class] "ItemHead", text="20  Section 19‑1"
[parser-unknown-class] "ItemHead", text="21  Subsection 20‑1(2)"
[parser-unknown-class] "ItemHead", text="22  Subsection 20‑1(4)"
[parser-unknown-class] "ItemHead", text="23  Paragraph 21‑1(b)"
[parser-unknown-class] "ItemHead", text="24  Section 21‑3 (heading)"
[parser-unknown-class] "ItemHead", text="25  Section 21‑3"
[parser-unknown-class] "ItemHead", text="26  Paragraph 21‑3(c)"
[parser-unknown-class] "ItemHead", text="27  Paragraph 22‑1(1)(b)"
[parser-unknown-class] "ItemHead", text="28  Subsection 22‑2(3)"
[parser-unknown-class] "ItemHead", text="29  Paragraph 22‑4(2)(b)"
[parser-unknown-class] "ItemHead", text="30  Paragraph 22‑6(2)(c)"
[parser-unknown-class] "ItemHead", text="31  Section 23‑1"
[parser-unknown-class] "ItemHead", text="32  Paragraph 23‑3(2)(c)"
[parser-unknown-class] "ItemHead", text="33  Section 24‑1 (note)"
[parser-unknown-class] "ItemHead", text="34  Subsection 25‑2(5)"
[parser-unknown-class] "ItemHead", text="35  Subsection 25‑4(1)"
[parser-unknown-class] "ItemHead", text="36  Paragraph 25‑4(1)(a)"
[parser-unknown-class] "ItemHead", text="37  Paragraph 25‑4(1)(b)"
[parser-unknown-class] "ItemHead", text="38  Paragraph 25‑4(1)(c)"
[parser-unknown-class] "ItemHead", text="39  Subsection 25‑4(2)"
[parser-unknown-class] "ItemHead", text="40  Paragraph 27‑3(1)(a)"
[parser-unknown-class] "ItemHead", text="41  Paragraph 27‑3(1)(b)"
[parser-unknown-class] "ItemHead", text="42  Paragraph 27‑3(1)(c)"
[parser-unknown-class] "ItemHead", text="43  Subsection 27‑3(2)"
[parser-unknown-class] "ItemHead", text="44  Subsection 32‑7(2)"
[parser-unknown-class] "ItemHead", text="45  Subsection 32‑8(5)"
[parser-unknown-class] "ItemHead", text="46  Section 39‑2"
[parser-unknown-class] "ItemHead", text="47  At the end of section 39‑2"
[parser-unknown-class] "ItemHead", text="48  Subsections 39‑3(1) and (2)"
[parser-unknown-class] "ItemHead", text="49  After subsection 39‑3(3)"
[parser-unknown-class] "ItemHead", text="50  After section 39‑3"
[parser-unknown-class] "ItemHead", text="51  Section 40‑1"
[parser-unknown-class] "ItemHead", text="52  Subsection 42‑5(2)"
[parser-unknown-class] "ItemHead", text="53  At the end of section 44‑27 (before the note)"
[parser-unknown-class] "ItemHead", text="54  Part 3.2 (heading)"
[parser-unknown-class] "ItemHead", text="55  Section 45‑1"
[parser-unknown-class] "ItemHead", text="56  Section 45‑1"
[parser-unknown-class] "ItemHead", text="57  Section 45‑2 (heading)"
[parser-unknown-class] "ItemHead", text="58  Section 45‑2"
[parser-unknown-class] "ItemHead", text="59  Section 45‑2"
[parser-unknown-class] "ItemHead", text="60  Section 45‑2 (note)"
[parser-unknown-class] "ItemHead", text="61  Section 45‑3 (heading)"
[parser-unknown-class] "ItemHead", text="62  Subsection 45‑3(1)"
[parser-unknown-class] "ItemHead", text="63  Subsection 45‑3(2)"
[parser-unknown-class] "ItemHead", text="64  Paragraphs 45‑3(2)(a) and (b)"
[parser-unknown-class] "ItemHead", text="65  Division 46 (heading)"
[parser-unknown-class] "ItemHead", text="66  Section 46‑1 (heading)"
[parser-unknown-class] "ItemHead", text="67  Subsection 46‑1(1)"
[parser-unknown-class] "ItemHead", text="68  Paragraph 46‑1(1)(a)"
[parser-unknown-class] "ItemHead", text="69  Paragraph 46‑1(1)(b)"
[parser-unknown-class] "ItemHead", text="70  Paragraph 46‑1(1)(b)"
[parser-unknown-class] "ItemHead", text="71  Paragraph 46‑1(1)(c)"
[parser-unknown-class] "ItemHead", text="72  Subsection 46‑1(1) (note)"
[parser-unknown-class] "ItemHead", text="73  Subsection 46‑1(2)"
[parser-unknown-class] "ItemHead", text="74  Subsection 46‑1(2)"
[parser-unknown-class] "ItemHead", text="75  Subsection 46‑1(2) (note)"
[parser-unknown-class] "ItemHead", text="76  Section 46‑2 (heading)"
[parser-unknown-class] "ItemHead", text="77  Subsection 46‑2(1)"
[parser-unknown-class] "ItemHead", text="78  Subsection 46‑2(1)"
[parser-unknown-class] "ItemHead", text="79  Subsections 46‑2(3) to (5)"
[parser-unknown-class] "ItemHead", text="80  Subsection 46‑3(1)"
[parser-unknown-class] "ItemHead", text="81  Subsection 46‑3(1)"
[parser-unknown-class] "ItemHead", text="82  Subsection 46‑3(2)"
[parser-unknown-class] "ItemHead", text="83  Subsection 46‑3(2)"
[parser-unknown-class] "ItemHead", text="84  Section 46‑4 (heading)"
[parser-unknown-class] "ItemHead", text="85  Paragraph 46‑4(1)(a)"
[parser-unknown-class] "ItemHead", text="86  Paragraph 46‑4(1)(b)"
[parser-unknown-class] "ItemHead", text="87  Division 47 (heading)"
[parser-unknown-class] "ItemHead", text="88  Section 47‑1 (heading)"
[parser-unknown-class] "ItemHead", text="89  Subsections 47‑1(1) and (2)"
[parser-unknown-class] "ItemHead", text="90  Subsection 47‑1(2)"
[parser-unknown-class] "ItemHead", text="91  Paragraph 47‑2(b)"
[parser-unknown-class] "ItemHead", text="92  Subsection 47‑3(1)"
[parser-unknown-class] "ItemHead", text="93  Subsection 47‑3(2)"
[parser-unknown-class] "ItemHead", text="94  Subsection 47‑3(2)"
[parser-unknown-class] "ItemHead", text="95  Subsection 47‑3(3)"
[parser-unknown-class] "ItemHead", text="96  Paragraph 47‑3(3)(a)"
[parser-unknown-class] "ItemHead", text="97  Subsection 47‑3(4)"
[parser-unknown-class] "ItemHead", text="98  Section 47‑4 (heading)"
[parser-unknown-class] "ItemHead", text="99  Subsection 47‑4(1)"
[parser-unknown-class] "ItemHead", text="100  Subsection 47‑4(1)"
[parser-unknown-class] "ItemHead", text="101  Subsection 47‑4(2)"
[parser-unknown-class] "ItemHead", text="102  Subsection 47‑4(2)"
[parser-unknown-class] "ItemHead", text="103  Subsection 47‑4(3)"
[parser-unknown-class] "ItemHead", text="104  Section 47‑4A (heading)"
[parser-unknown-class] "ItemHead", text="105  Division 48 (heading)"
[parser-unknown-class] "ItemHead", text="106  Section 48‑1 (heading)"
[parser-unknown-class] "ItemHead", text="107  Subsection 48‑1(1)"
[parser-unknown-class] "ItemHead", text="108  Subsection 48‑1(1)"
[parser-unknown-class] "ItemHead", text="109  Subsection 48‑1(2)"
[parser-unknown-class] "ItemHead", text="110  Subsection 48‑1(2)"
[parser-unknown-class] "ItemHead", text="111  Subsection 48‑1(3)"
[parser-unknown-class] "ItemHead", text="112  Subsection 48‑1(4)"
[parser-unknown-class] "ItemHead", text="113  Section 49‑3"
[parser-unknown-class] "ItemHead", text="114  Paragraph 50‑1(1)(b)"
[parser-unknown-class] "ItemHead", text="115  Paragraph 54‑1(1)(f)"
[parser-unknown-class] "ItemHead", text="116  Paragraph 54‑1(1)(f)"
[parser-unknown-class] "ItemHead", text="117  Subsection 54‑2(1)"
[parser-unknown-class] "ItemHead", text="118  Subsection 54‑2(2)"
[parser-unknown-class] "ItemHead", text="119  Section 54‑4 (heading)"
[parser-unknown-class] "ItemHead", text="120  Subsection 54‑4(1)"
[parser-unknown-class] "ItemHead", text="121  Subsection 54‑4(1)"
[parser-unknown-class] "ItemHead", text="122  Subsection 54‑4(1)"
[parser-unknown-class] "ItemHead", text="123  Subsection 54‑4(2)"
[parser-unknown-class] "ItemHead", text="124  Subsection 54‑5(3)"
[parser-unknown-class] "ItemHead", text="125  Section 56‑2 (heading)"
[parser-unknown-class] "ItemHead", text="126  Section 56‑2"
[parser-unknown-class] "ItemHead", text="127  After paragraph 56‑2(c)"
[parser-unknown-class] "ItemHead", text="128  Paragraph 56‑2(e)"
[parser-unknown-class] "ItemHead", text="129  Subsection 56‑4(3)"
[parser-unknown-class] "ItemHead", text="130  Subsection 56‑4(3)"
[parser-unknown-class] "ItemHead", text="131  Division 60 (heading)"
[parser-unknown-class] "ItemHead", text="132  Section 60‑1 (heading)"
[parser-unknown-class] "ItemHead", text="133  Section 60‑1"
[parser-unknown-class] "ItemHead", text="134  Section 60‑2 (heading)"
[parser-unknown-class] "ItemHead", text="135  Subsection 60‑2(1)"
[parser-unknown-class] "ItemHead", text="136  Subsection 60‑2(2)"
[parser-unknown-class] "ItemHead", text="137  Division 61 (heading)"
[parser-unknown-class] "ItemHead", text="138  Section 61‑1 (heading)"
[parser-unknown-class] "ItemHead", text="139  Subsection 61‑1(1)"
[parser-unknown-class] "ItemHead", text="140  Subsection 61‑1(2)"
[parser-unknown-class] "ItemHead", text="141  Subsection 61‑1(3)"
[parser-unknown-class] "ItemHead", text="142  At the end of subparagraph 66‑2(1)(a)(iii)"
[parser-unknown-class] "ItemHead", text="143  Subparagraph 66‑2(1)(a)(iv)"
[parser-unknown-class] "ItemHead", text="144  Paragraph 66A‑1(2)(a)"
[parser-unknown-class] "ItemHead", text="145  Subsection 66A‑1(2A)"
[parser-unknown-class] "ItemHead", text="146  Subsection 66A‑1(5)"
[parser-unknown-class] "ItemHead", text="147  Paragraph 66A‑2(1)(b)"
[parser-unknown-class] "ItemHead", text="148  Paragraph 66A‑2(1)(c)"
[parser-unknown-class] "ItemHead", text="149  Paragraph 66A‑3(1)(b)"
[parser-unknown-class] "ItemHead", text="150  Paragraph 66A‑3(1)(c)"
[parser-unknown-class] "ItemHead", text="151  Subsection 66A‑4(2)"
[parser-unknown-class] "ItemHead", text="152  Subsection 66A‑4(2)"
[parser-unknown-class] "ItemHead", text="153  Subsections 66A‑4(3) and (4)"
[parser-unknown-class] "ItemHead", text="154  Section 66A‑5"
[parser-unknown-class] "ItemHead", text="155  Section 69‑1"
[parser-unknown-class] "ItemHead", text="156  Section 69‑1"
[parser-unknown-class] "ItemHead", text="157  Paragraph 71‑2(2)(b)"
[parser-unknown-class] "ItemHead", text="158  Paragraph 71‑2(2)(d)"
[parser-unknown-class] "ItemHead", text="159  Subsection 72‑1(2)"
[parser-unknown-class] "ItemHead", text="160  Sections 72‑2 and 72‑3"
[parser-unknown-class] "ItemHead", text="161  Subsection 73‑1(2)"
[parser-unknown-class] "ItemHead", text="162  Section 73‑2"
[parser-unknown-class] "ItemHead", text="163  Subsection 73‑5(4)"
[parser-unknown-class] "ItemHead", text="164  Subsection 74‑1(3)"
[parser-unknown-class] "ItemHead", text="165  Parts 5.2, 5.2A and 5.3"
[parser-unknown-class] "ItemHead", text="166  Subsection 80‑1(2)"
[parser-unknown-class] "ItemHead", text="167  Subsection 81‑3(1)"
[parser-unknown-class] "ItemHead", text="168  Subsection 81‑3(2)"
[parser-unknown-class] "ItemHead", text="169  Subsection 81‑4(1)"
[parser-unknown-class] "ItemHead", text="170  Subsection 81‑4(2)"
[parser-unknown-class] "ItemHead", text="171  Paragraph 82‑1(1)(a)"
[parser-unknown-class] "ItemHead", text="172  Subsection 82‑3(1)"
[parser-unknown-class] "ItemHead", text="173  Subsection 82‑3(2)"
[parser-unknown-class] "ItemHead", text="174  Subsection 82‑4(1)"
[parser-unknown-class] "ItemHead", text="175  Subsection 82‑4(2)"
[parser-unknown-class] "ItemHead", text="176  Section 85‑1 (table item 21)"
[parser-unknown-class] "ItemHead", text="177  Section 85‑1 (table item 35)"
[parser-unknown-class] "ItemHead", text="178  Section 85‑1 (table items 49A and 49B)"
[parser-unknown-class] "ItemHead", text="179  Section 85‑1 (table items 57 and 58)"
[parser-unknown-class] "ItemHead", text="180  Section 85‑1 (table items 59 to 64)"
[parser-unknown-class] "ItemHead", text="180A  Subsection 85‑6(1)"
[parser-unknown-class] "ItemHead", text="180B  Paragraph 85‑7(1)(a)"
[parser-unknown-class] "ItemHead", text="180C  Paragraph 85‑7(1)(b)"
[parser-unknown-class] "ItemHead", text="180D  Subsection 85‑7(2)"
[parser-unknown-class] "ItemHead", text="181  Subsection 88‑2(2)"
[parser-unknown-class] "ItemHead", text="181A  At the end of section 95A‑1"
[parser-unknown-class] "ItemHead", text="181B  After section 95A‑11"
[parser-unknown-class] "ItemHead", text="182  Section 96‑1 (table items 7 and 11)"
[parser-unknown-class] "ItemHead", text="183  Section 96‑1 (table item 12)"
[parser-unknown-class] "ItemHead", text="184  Section 96‑1 (table item 14A)"
[parser-unknown-class] "ItemHead", text="184A  Subsection 96‑3(1)"
[parser-unknown-class] "ItemHead", text="185  Section 96‑5 (note)"
[parser-unknown-class] "ItemHead", text="186  Clause 1 of Schedule 1 (paragraph (b) of the definition of aged care)"
[parser-unknown-class] "ItemHead", text="187  Clause 1 of Schedule 1 (definition of assessment grant)"
[parser-unknown-class] "ItemHead", text="188  Clause 1 of Schedule 1 (definitions of community care, community care agreement, community c..."
[parser-unknown-class] "ItemHead", text="189  Clause 1 of Schedule 1 (definition of flexible care grant)"
[parser-unknown-class] "ItemHead", text="190  Clause 1 of Schedule 1"
[parser-unknown-class] "ItemHead", text="191  Clause 1 of Schedule 1 (paragraph (b) of the definition of payment period)"
[parser-unknown-class] "ItemHead", text="192  Clause 1 of Schedule 1 (paragraph (b) of the definition of payment period)"
[parser-unknown-class] "ItemHead", text="193  Clause 1 of Schedule 1 (paragraph (b) of the definition of payment period)"
[parser-unknown-class] "ItemHead", text="194  Clause 1 of Schedule 1 (definition of place)"
[parser-unknown-class] "ItemHead", text="194A  Application"
[parser-unknown-class] "ActHead7", text="Part 2—Transitional and savings provisions"
[parser-unknown-class] "ItemHead", text="195  Definitions"
[parser-unknown-class] "ItemHead", text="196  Approval of providers"
[parser-unknown-class] "Subitem", text="(1) This item applies if, before the commencement time:"
[parser-unknown-class] "Subitem", text="(2) To the extent that the approval was in respect of community care, the approval is taken, for ..."
[parser-unknown-class] "Subitem", text="(3) To the extent that the approval was in respect of flexible care, the approval is taken, for t..."
[parser-unknown-class] "ItemHead", text="197  Allocation of places"
[parser-unknown-class] "Subitem", text="(1) An allocation of places in respect of community care that was done under Part 2.2 of the old ..."
[parser-unknown-class] "Subitem", text="(2) An allocation of places in respect of flexible care that:"
[parser-unknown-class] "ItemHead", text="198  Approval of care recipients"
[parser-unknown-class] "Subitem", text="(1) An approval to receive community care that was given under Part 2.3 of the old law and was in..."
[parser-unknown-class] "Subitem", text="(2) An approval to receive flexible care that:"
[parser-unknown-class] "Subitem", text="(3) An approval to receive community care or flexible care that is taken to be an approval to rec..."
[parser-unknown-class] "ItemHead", text="199  Making Principles"
[parser-unknown-class] "Subitem", text="(1) The Minister may, by legislative instrument, make Allocation Principles or Approval of Care R..."
[parser-unknown-class] "Subitem", text="(2) Allocation Principles or Approval of Care Recipient Principles made under subitem (1) may be ..."
[parser-unknown-class] "ActHead6", text="Schedule 2—Amendments commencing on 1 January 2014"
[parser-unknown-class] "ActHead7", text="Part 1—Amendments"
[parser-unknown-class] "ActHead9", text="Aged Care Act 1997"
[parser-unknown-class] "ItemHead", text="1  Paragraph 42‑4(a)"
[parser-unknown-class] "ItemHead", text="2  After section 65‑1"
[parser-unknown-class] "ItemHead", text="3  Section 69‑1"
[parser-unknown-class] "ItemHead", text="4  Part 5.4"
[parser-unknown-class] "ItemHead", text="5  At the end of section 84‑1"
[parser-unknown-class] "ItemHead", text="6  Paragraphs 95A‑1(2)(d) and (e)"
[parser-unknown-class] "ItemHead", text="7  Subsections 95A‑4(1) and (2)"
[parser-unknown-class] "ItemHead", text="8  Section 95A‑9"
[parser-unknown-class] "ItemHead", text="9  At the end of section 95A‑9"
[parser-unknown-class] "ItemHead", text="10  Section 95A‑10"
[parser-unknown-class] "ItemHead", text="11  Section 95A‑11 (heading)"
[parser-unknown-class] "ItemHead", text="12  Subparagraphs 95A‑12(2)(b)(ii) and (iii)"
[parser-unknown-class] "ItemHead", text="13  Paragraph 95A‑12(2)(k)"
[parser-unknown-class] "ItemHead", text="14  At the end of Chapter 6"
[parser-unknown-class] "ItemHead", text="15  Section 96‑1 (table item 2)"
[parser-unknown-class] "ItemHead", text="16  Section 96‑1 (after table item 9)"
[parser-unknown-class] "ItemHead", text="16A  Section 96‑1 (after table item 14)"
[parser-unknown-class] "ItemHead", text="17  Section 96‑1 (after table item 17)"
[parser-unknown-class] "ItemHead", text="18  Section 96‑2 (heading)"
[parser-unknown-class] "ItemHead", text="19  Subsection 96‑2(6)"
[parser-unknown-class] "ItemHead", text="20  Clause 1 of Schedule 1 (definition of accreditation body)"
[parser-unknown-class] "ItemHead", text="21  Clause 1 of Schedule 1 (definition of accreditation grant)"
[parser-unknown-class] "ItemHead", text="22  Clause 1 of Schedule 1"
[parser-unknown-class] "ItemHead", text="23  Clause 1 of Schedule 1"
[parser-unknown-class] "ActHead7", text="Part 2—Transitional and savings provisions"
[parser-unknown-class] "ItemHead", text="24  Definitions"
[parser-unknown-class] "ItemHead", text="25  Accreditation requirement"
[parser-unknown-class] "ItemHead", text="26  Determining maximum amounts of accommodation payment"
[parser-unknown-class] "Subitem", text="(1) After the first commencement time, the Minister may, by legislative instrument, determine the..."
[parser-unknown-class] "Subitem", text="(2) The determination may set out:"
[parser-unknown-class] "Subitem", text="(3) An approved provider may apply to the Aged Care Pricing Commissioner for approval to charge a..."
[parser-unknown-class] "Subitem", text="(4) The Aged Care Pricing Commissioner may approve the application."
[parser-unknown-class] "Subitem", text="(5) A decision by the Aged Care Pricing Commissioner not to approve the application is taken to b..."
[parser-unknown-class] "Subitem", text="(6) A power exercised under this item must be exercised in accordance with the Aged Care Act 1997..."
[parser-unknown-class] "ActHead6", text="Schedule 3—Amendments commencing on 1 July 2014"
[parser-unknown-class] "ActHead7", text="Part 1—Amendments"
[parser-unknown-class] "ActHead9", text="Aged Care Act 1997"
[parser-unknown-class] "ItemHead", text="1  At the end of Division 1"
[parser-unknown-class] "ItemHead", text="2  Section 3‑1"
[parser-unknown-class] "ItemHead", text="3  Paragraph 3‑1(a)"
[parser-unknown-class] "ItemHead", text="4  At the end of section 3‑1"
[parser-unknown-class] "ItemHead", text="5  Section 3‑2"
[parser-unknown-class] "ItemHead", text="6  Section 3‑3 (heading)"
[parser-unknown-class] "ItemHead", text="7  Section 3‑3"
[parser-unknown-class] "ItemHead", text="8  After section 3‑3"
[parser-unknown-class] "ItemHead", text="9  Section 3‑4"
[parser-unknown-class] "ItemHead", text="10  Section 5‑1"
[parser-unknown-class] "ItemHead", text="11  Section 5‑1"
[parser-unknown-class] "ItemHead", text="12  Section 5‑1 (note)"
[parser-unknown-class] "ItemHead", text="13  Section 5‑2"
[parser-unknown-class] "ItemHead", text="14  Section 6‑1"
[parser-unknown-class] "ItemHead", text="15  Section 7‑1"
[parser-unknown-class] "ItemHead", text="16  Subsections 7‑2(1) and (2)"
[parser-unknown-class] "ItemHead", text="17  Section 9‑3 (heading)"
[parser-unknown-class] "ItemHead", text="18  Subsection 9‑3(1)"
[parser-unknown-class] "ItemHead", text="19  Section 9‑3A (heading)"
[parser-unknown-class] "ItemHead", text="20  Paragraph 9‑3A(1)(a)"
[parser-unknown-class] "ItemHead", text="21  Paragraph 9‑3A(1)(b)"
[parser-unknown-class] "ItemHead", text="22  Paragraph 9‑3A(1)(c)"
[parser-unknown-class] "ItemHead", text="23  Section 9‑3B (heading)"
[parser-unknown-class] "ItemHead", text="24  Paragraph 9‑3B(1)(a)"
[parser-unknown-class] "ItemHead", text="25  Paragraph 9‑3B(1)(c)"
[parser-unknown-class] "ItemHead", text="26  Paragraph 9‑3B(2)(c)"
[parser-unknown-class] "ItemHead", text="27  Paragraph 9‑3B(2)(d)"
[parser-unknown-class] "ItemHead", text="28  Paragraphs 9‑3B(2)(e) and (f)"
[parser-unknown-class] "ItemHead", text="29  Section 11‑1"
[parser-unknown-class] "ItemHead", text="30  Section 11‑4"
[parser-unknown-class] "ItemHead", text="31  Subsection 12‑1(1)"
[parser-unknown-class] "ItemHead", text="32  Subsection 12‑3(1)"
[parser-unknown-class] "ItemHead", text="33  Subsections 12‑4(1) and (3)"
[parser-unknown-class] "ItemHead", text="34  Subsection 12‑5(1)"
[parser-unknown-class] "ItemHead", text="35  Subsections 12‑6(1) and (2)"
[parser-unknown-class] "ItemHead", text="36  Subsection 13‑2(2)"
[parser-unknown-class] "ItemHead", text="37  Paragraph 13‑2(3)(b)"
[parser-unknown-class] "ItemHead", text="38  Paragraph 13‑2(3)(e)"
[parser-unknown-class] "ItemHead", text="39  Subsection 14‑1(1)"
[parser-unknown-class] "ItemHead", text="40  Paragraph 14‑3(a)"
[parser-unknown-class] "ItemHead", text="41  Subsection 14‑5(5)"
[parser-unknown-class] "ItemHead", text="42  Paragraph 14‑5(6)(c)"
[parser-unknown-class] "ItemHead", text="43  Paragraph 14‑8(2)(b)"
[parser-unknown-class] "ItemHead", text="44  Subsection 15‑1(1)"
[parser-unknown-class] "ItemHead", text="45  Subsection 15‑1(2) (note)"
[parser-unknown-class] "ItemHead", text="46  Paragraph 16‑6(e)"
[parser-unknown-class] "ItemHead", text="47  Paragraph 16‑10(2)(d)"
[parser-unknown-class] "ItemHead", text="48  Paragraph 16‑10(2)(g)"
[parser-unknown-class] "ItemHead", text="49  Paragraph 16‑11(a)"
[parser-unknown-class] "ItemHead", text="50  Paragraph 16‑11(b)"
[parser-unknown-class] "ItemHead", text="51  Paragraph 16‑18(e)"
[parser-unknown-class] "ItemHead", text="52  Subparagraph 18‑2(2)(f)(ii)"
[parser-unknown-class] "ItemHead", text="53  Subsections 20‑1(1) to (3)"
[parser-unknown-class] "ItemHead", text="54  Paragraph 20‑1(3)(b)"
[parser-unknown-class] "ItemHead", text="55  Section 20‑2"
[parser-unknown-class] "ItemHead", text="56  Paragraph 23‑1(b)"
[parser-unknown-class] "ItemHead", text="57  Section 23‑3"
[parser-unknown-class] "ItemHead", text="58  Section 30‑1"
[parser-unknown-class] "ItemHead", text="59  Section 30‑1 (notes 1 to 4)"
[parser-unknown-class] "ItemHead", text="60  Paragraph 30‑3(1)(b)"
[parser-unknown-class] "ItemHead", text="61  Subsection 30‑3(1) (at the end of the example)"
[parser-unknown-class] "ItemHead", text="62  Subsection 30‑3(1) (note)"
[parser-unknown-class] "ItemHead", text="63  Paragraph 32‑4(1)(a)"
[parser-unknown-class] "ItemHead", text="64  Subparagraphs 32‑4(1)(a)(i) and (ii)"
[parser-unknown-class] "ItemHead", text="65  Subsection 32‑9(1)"
[parser-unknown-class] "ItemHead", text="66  Subsection 35‑1(1)"
[parser-unknown-class] "ItemHead", text="67  Subsection 35‑1(2)"
[parser-unknown-class] "ItemHead", text="68  Paragraphs 35‑1(2)(c) and (d)"
[parser-unknown-class] "ItemHead", text="69  Subsection 35‑2(1)"
[parser-unknown-class] "ItemHead", text="70  Subsections 35‑3(1) to (4)"
[parser-unknown-class] "ItemHead", text="71  Section 35‑4 (heading)"
[parser-unknown-class] "ItemHead", text="72  Section 35‑4"
[parser-unknown-class] "ItemHead", text="73  Section 35‑4"
[parser-unknown-class] "ItemHead", text="74  Section 35‑4"
[parser-unknown-class] "ItemHead", text="75  Section 36‑4 (note)"
[parser-unknown-class] "ItemHead", text="76  Section 37‑1"
[parser-unknown-class] "ItemHead", text="77  Paragraph 38‑6(2)(d)"
[parser-unknown-class] "ItemHead", text="78  Section 40‑1"
[parser-unknown-class] "ItemHead", text="79  Section 41‑2 (heading)"
[parser-unknown-class] "ItemHead", text="80  Section 41‑2"
[parser-unknown-class] "ItemHead", text="81  Section 41‑2 (note)"
[parser-unknown-class] "ItemHead", text="82  Paragraph 41‑3(1)(b)"
[parser-unknown-class] "ItemHead", text="83  Paragraph 41‑3(2)(d)"
[parser-unknown-class] "ItemHead", text="84  Paragraph 42‑1(2)(c)"
[parser-unknown-class] "ItemHead", text="85  Subsection 42‑1(4)"
[parser-unknown-class] "ItemHead", text="86  Paragraph 42‑2(3A)(b)"
[parser-unknown-class] "ItemHead", text="87  Subsection 42‑3(3)"
[parser-unknown-class] "ItemHead", text="88  Paragraph 42‑3(3)(b)"
[parser-unknown-class] "ItemHead", text="89  Subsection 42‑5(1)"
[parser-unknown-class] "ItemHead", text="90  Paragraph 42‑5(3)(d)"
[parser-unknown-class] "ItemHead", text="91  Subsection 43‑1(3)"
[parser-unknown-class] "ItemHead", text="92  Paragraph 43‑2(b)"
[parser-unknown-class] "ItemHead", text="93  Subsection 43‑3(4)"
[parser-unknown-class] "ItemHead", text="94  Subsection 43‑6(3)"
[parser-unknown-class] "ItemHead", text="95  Subsection 43‑6(5) (paragraph (g) of the definition of capital payment)"
[parser-unknown-class] "ItemHead", text="96  Subsection 43‑8(1)"
[parser-unknown-class] "ItemHead", text="97  Subsections 43‑8(2) and (4)"
[parser-unknown-class] "ItemHead", text="98  Subsection 44‑2(2) (Residential care subsidy calculator, step 4)"
[parser-unknown-class] "ItemHead", text="99  Subsection 44‑2(2) (Residential care subsidy calculator, step 5)"
[parser-unknown-class] "ItemHead", text="100  Paragraph 44‑3(3)(aa)"
[parser-unknown-class] "ItemHead", text="101  Paragraphs 44‑3(3)(c) and (d)"
[parser-unknown-class] "ItemHead", text="102  Paragraph 44‑3(3)(e)"
[parser-unknown-class] "ItemHead", text="103  Sections 44‑5 to 44‑16"
[parser-unknown-class] "ItemHead", text="104  Paragraphs 44‑17(a) to (c)"
[parser-unknown-class] "ItemHead", text="105  Section 44‑18"
[parser-unknown-class] "ItemHead", text="106  Subsections 44‑20(5) and (6)"
[parser-unknown-class] "ItemHead", text="107  Subsection 44‑20(8)"
[parser-unknown-class] "ItemHead", text="108  Subsection 44‑20(8)"
[parser-unknown-class] "ItemHead", text="109  Subdivision 44‑E (heading)"
[parser-unknown-class] "ItemHead", text="110  Sections 44‑21 to 44‑23"
[parser-unknown-class] "BoxHeadBold", text="Care subsidy reduction calculator"
[parser-unknown-class] "BoxStep", text="Step 1. Work out the means tested amount for the care recipient (see section 44‑22)."
[parser-unknown-class] "BoxStep", text="Step 2. Subtract the maximum accommodation supplement amount for the day (see subsection (6)) fro..."
[parser-unknown-class] "BoxStep", text="Step 3. If the amount worked out under step 2 does not exceed zero, the care subsidy reduction is..."
[parser-unknown-class] "BoxStep", text="Step 4. If the amount worked out under step 2 exceeds zero but not the sum of the following, the ..."
[parser-unknown-class] "BoxStep", text="Step 5. If the amount worked out under step 2 exceeds the sum of the following, the care subsidy ..."
[parser-unknown-class] "BoxHeadBold", text="Means tested amount calculator"
[parser-unknown-class] "BoxStep", text="Step 1. Work out the care recipient’s *total assessable income on a yearly basis using section 44..."
[parser-unknown-class] "BoxStep", text="Step 2. Work out the care recipient’s *total assessable income free area using section 44‑26."
[parser-unknown-class] "BoxStep", text="Step 3. If the care recipient’s total assessable income does not exceed the care recipient’s tota..."
[parser-unknown-class] "BoxStep", text="Step 4. If the care recipient’s *total assessable income exceeds the care recipient’s total asses..."
[parser-unknown-class] "BoxStep", text="Step 5. Work out the value of the care recipient’s assets using section 44‑26A."
[parser-unknown-class] "BoxStep", text="Step 6. If the value of the care recipient’s assets does not exceed the asset free area, the asse..."
[parser-unknown-class] "BoxStep", text="Step 7. If the value of the care recipient’s assets exceeds the asset free area but not the first..."
[parser-unknown-class] "BoxStep", text="Step 8. If the value of the care recipient’s assets exceeds the first asset threshold but not the..."
[parser-unknown-class] "BoxStep", text="Step 9. If the value of the care recipient’s assets exceeds the second asset threshold, the asset..."
[parser-unknown-class] "BoxStep", text="Step 10. The per day asset tested amount is the asset tested amount divided by 364."
[parser-unknown-class] "ItemHead", text="111  Subsection 44‑24(5)"
[parser-unknown-class] "ItemHead", text="112  Subparagraphs 44‑24(6)(c)(ii) and (7)(b)(ii)"
[parser-unknown-class] "ItemHead", text="113  Subsection 44‑24(11)"
[parser-unknown-class] "ItemHead", text="114  Subsection 44‑26(1) (heading)"
[parser-unknown-class] "ItemHead", text="115  Subsection 44‑26(1)"
[parser-unknown-class] "ItemHead", text="116  Subsection 44‑26(1)"
[parser-unknown-class] "ItemHead", text="117  Subsections 44‑26(2) to (6)"
[parser-unknown-class] "ItemHead", text="118  At the end of Subdivision 44‑E"
[parser-unknown-class] "ItemHead", text="119  Section 44‑27"
[parser-unknown-class] "ItemHead", text="120  Section 44‑27"
[parser-unknown-class] "ItemHead", text="121  Paragraph 44‑27(a)"
[parser-unknown-class] "ItemHead", text="122  Paragraphs 44‑27(b) to (e)"
[parser-unknown-class] "ItemHead", text="123  Section 44‑27 (note)"
[parser-unknown-class] "ItemHead", text="124  At the end of section 44‑27 (before the note)"
[parser-unknown-class] "ItemHead", text="125  Section 44‑28"
[parser-unknown-class] "ItemHead", text="126  Section 44‑29"
[parser-unknown-class] "ItemHead", text="127  Subsection 44‑30(2)"
[parser-unknown-class] "ItemHead", text="128  Paragraph 44‑30(2)(a)"
[parser-unknown-class] "ItemHead", text="129  Paragraph 44‑30(2)(a)"
[parser-unknown-class] "ItemHead", text="130  At the end of subsection 44‑30(2)"
[parser-unknown-class] "ItemHead", text="131  Subsection 44‑30(3)"
[parser-unknown-class] "ItemHead", text="132  Subsection 44‑30(4)"
[parser-unknown-class] "ItemHead", text="133  Subsections 44‑31(1) and (2)"
[parser-unknown-class] "ItemHead", text="134  Section 44‑32"
[parser-unknown-class] "ItemHead", text="135  Section 45‑2 (heading)"
[parser-unknown-class] "ItemHead", text="136  Section 45‑2"
[parser-unknown-class] "ItemHead", text="137  Section 45‑2 (note)"
[parser-unknown-class] "ItemHead", text="138  Subsection 45‑3(2)"
[parser-unknown-class] "ItemHead", text="139  Subsection 46‑2(3)"
[parser-unknown-class] "ItemHead", text="140  Paragraph 47‑2(b)"
[parser-unknown-class] "ItemHead", text="141  Subsection 47‑3(4)"
[parser-unknown-class] "ItemHead", text="142  Section 48‑1"
[parser-unknown-class] "BoxHeadBold", text="Home care subsidy calculator"
[parser-unknown-class] "BoxStep", text="Step 1. Work out the basic subsidy amount using section 48‑2."
[parser-unknown-class] "BoxStep", text="Step 2. Add to this amount the amounts of any primary supplements worked out using section 48‑3."
[parser-unknown-class] "BoxStep", text="Step 3. Subtract the amounts of any reductions in subsidy worked out using section 48‑4."
[parser-unknown-class] "BoxStep", text="Step 4. Add the amounts of any other supplements worked out using section 48‑9."
[parser-unknown-class] "BoxHeadBold", text="Care subsidy reduction calculator"
[parser-unknown-class] "BoxStep", text="Step 1. Work out the care recipient’s total assessable income on a yearly basis using section 44‑24."
[parser-unknown-class] "BoxStep", text="Step 2. Work out the care recipient’s total assessable income free area using section 44‑26."
[parser-unknown-class] "BoxStep", text="Step 3. If the care recipient’s total assessable income does not exceed the care recipient’s tota..."
[parser-unknown-class] "BoxStep", text="Step 4. If the care recipient’s total assessable income exceeds the care recipient’s total assess..."
[parser-unknown-class] "BoxStep", text="Step 5. If the care recipient’s total assessable income exceeds the income threshold, the care su..."
[parser-unknown-class] "ItemHead", text="143  Section 49‑2 (heading)"
[parser-unknown-class] "ItemHead", text="144  Section 49‑2"
[parser-unknown-class] "ItemHead", text="145  Section 49‑2 (note)"
[parser-unknown-class] "ItemHead", text="146  Subparagraphs 50‑1(1)(b)(ii) and (iii)"
[parser-unknown-class] "ItemHead", text="147  Subsection 50‑2(1)"
[parser-unknown-class] "ItemHead", text="148  Subsections 51‑1(1) and (2)"
[parser-unknown-class] "ItemHead", text="149  After Chapter 3"
[parser-unknown-class] "BoxHeadBold", text="Resident fee calculator"
[parser-unknown-class] "BoxStep", text="Step 1. Work out the *standard resident contribution for the care recipient using section 52C‑4."
[parser-unknown-class] "BoxStep", text="Step 2. Add the compensation payment fee (if any) for the care recipient for the day in question ..."
[parser-unknown-class] "BoxStep", text="Step 3. Add the means tested care fee (if any) for the care recipient for that day (see subsectio..."
[parser-unknown-class] "BoxStep", text="Step 4. Subtract the amount of any hardship supplement applicable to the care recipient for the d..."
[parser-unknown-class] "BoxStep", text="Step 5. Add any other amounts agreed between the care recipient and the approved provider in acco..."
[parser-unknown-class] "BoxStep", text="Step 6. If, on the day in question, the *place in respect of which residential care is provided t..."
[parser-unknown-class] "BoxHeadBold", text="Home care fee calculator"
[parser-unknown-class] "BoxStep", text="Step 1. Work out the basic daily care fee using section 52D‑3."
[parser-unknown-class] "BoxStep", text="Step 2. Add the compensation payment fee (if any) for the care recipient for the day in question ..."
[parser-unknown-class] "BoxStep", text="Step 3. Add the income tested care fee (if any) for the care recipient for the day in question (s..."
[parser-unknown-class] "BoxStep", text="Step 4. Subtract the amount of any hardship supplement applicable to the care recipient for the d..."
[parser-unknown-class] "BoxStep", text="Step 5. Add any other amounts agreed between the care recipient and the approved provider in acco..."
[parser-unknown-class] "ItemHead", text="150  Section 53‑1 (note)"
[parser-unknown-class] "ItemHead", text="151  Paragraph 54‑1(1)(c)"
[parser-unknown-class] "ItemHead", text="152   Paragraph 54‑1(2)(a)"
[parser-unknown-class] "ItemHead", text="153  Paragraphs 56‑1(a) to (m)"
[parser-unknown-class] "ItemHead", text="154  Paragraphs 56‑2(a) to (j)"
[parser-unknown-class] "ItemHead", text="155  Paragraphs 56‑3(a) to (k)"
[parser-unknown-class] "ItemHead", text="156  Paragraph 56‑5(a)"
[parser-unknown-class] "ItemHead", text="157  Divisions 57, 57A and 58"
[parser-unknown-class] "ItemHead", text="158  Paragraph 59‑1(1)(b)"
[parser-unknown-class] "ItemHead", text="159  Subsection 59‑1(3) (note)"
[parser-unknown-class] "ItemHead", text="160  Division 60"
[parser-unknown-class] "ItemHead", text="161  Subparagraph 62‑1(b)(ii)"
[parser-unknown-class] "ItemHead", text="162  Subparagraph 62‑1(b)(ii)"
[parser-unknown-class] "ItemHead", text="163  Subparagraph 62‑1(b)(ii)"
[parser-unknown-class] "ItemHead", text="164  Subparagraph 62‑1(b)(iv)"
[parser-unknown-class] "ItemHead", text="165  Paragraph 63‑1(2)(a)"
[parser-unknown-class] "ItemHead", text="166  Subsection 63‑1AA(9) (subparagraph (b)(i) of the definition of reportable assault)"
[parser-unknown-class] "ItemHead", text="167  Paragraph 63‑2(2)(c)"
[parser-unknown-class] "ItemHead", text="168  After paragraph 63‑2(2)(c)"
[parser-unknown-class] "ItemHead", text="169  Paragraph 66‑1(c)"
[parser-unknown-class] "ItemHead", text="170  After paragraph 66‑1(i)"
[parser-unknown-class] "ItemHead", text="171  After paragraph 66‑1(j)"
[parser-unknown-class] "ItemHead", text="172  Subparagraph 67A‑4(2)(a)(iv)"
[parser-unknown-class] "ItemHead", text="173  Section 70‑2 (heading)"
[parser-unknown-class] "ItemHead", text="174  Section 70‑2"
[parser-unknown-class] "ItemHead", text="175  Section 70‑2 (note)"
[parser-unknown-class] "ItemHead", text="175A  Subsection 72‑1(2)"
[parser-unknown-class] "ItemHead", text="176  Paragraph 73‑1(2)(b)"
[parser-unknown-class] "ItemHead", text="177  Subsection 74‑1(1)"
[parser-unknown-class] "ItemHead", text="178  Section 81‑3"
[parser-unknown-class] "ItemHead", text="179  Section 81‑3 (note)"
[parser-unknown-class] "ItemHead", text="180  Paragraphs 81‑4(a) and (b)"
[parser-unknown-class] "ItemHead", text="181  Subsection 82‑2(3)"
[parser-unknown-class] "ItemHead", text="182  Subsection 82‑2(3) (note)"
[parser-unknown-class] "ItemHead", text="183  Section 82‑3"
[parser-unknown-class] "ItemHead", text="184  Paragraphs 82‑4(a) and (b)"
[parser-unknown-class] "ItemHead", text="185  Subsection 83‑1(3)"
[parser-unknown-class] "ItemHead", text="186  Subsection 83‑1(3) (note)"
[parser-unknown-class] "ItemHead", text="187  Paragraphs 83‑2(a) and (b)"
[parser-unknown-class] "ItemHead", text="188  Section 85‑1 (table items 39A to 41)"
[parser-unknown-class] "ItemHead", text="189  Section 85‑1 (table items 44 and 45)"
[parser-unknown-class] "ItemHead", text="190  Section 85‑1 (table item 47)"
[parser-unknown-class] "ItemHead", text="191  Section 85‑1 (table item 48)"
[parser-unknown-class] "ItemHead", text="192  Section 85‑1 (after table item 49)"
[parser-unknown-class] "ItemHead", text="193  Section 85‑1 (table items 51 to 53C)"
[parser-unknown-class] "ItemHead", text="194  Section 85‑2"
[parser-unknown-class] "ItemHead", text="195  At the end of section 85‑2"
[parser-unknown-class] "ItemHead", text="196  Section 85‑3 (heading)"
[parser-unknown-class] "ItemHead", text="197  Subsections 85‑3(1) and (2)"
[parser-unknown-class] "ItemHead", text="198  Section 85‑4 (heading)"
[parser-unknown-class] "ItemHead", text="199  Subsection 85‑4(1)"
[parser-unknown-class] "ItemHead", text="200  After subsection 85‑4(1)"
[parser-unknown-class] "ItemHead", text="201  Subsection 85‑4(3)"
[parser-unknown-class] "ItemHead", text="202  Subsection 85‑4(4)"
[parser-unknown-class] "ItemHead", text="203  Subsection 85‑4(5)"
[parser-unknown-class] "ItemHead", text="204  Subsection 85‑4(6)"
[parser-unknown-class] "ItemHead", text="205  Subsection 85‑5(1)"
[parser-unknown-class] "ItemHead", text="206  After subsection 85‑5(1)"
[parser-unknown-class] "ItemHead", text="207  Subsection 85‑5(3)"
[parser-unknown-class] "ItemHead", text="208  Subsection 85‑5(5)"
[parser-unknown-class] "ItemHead", text="209  Subsection 85‑5(6)"
[parser-unknown-class] "ItemHead", text="210  Subsection 85‑5(7)"
[parser-unknown-class] "ItemHead", text="211  Subsection 85‑5(8)"
[parser-unknown-class] "ItemHead", text="212  Subsection 85‑5(8)"
[parser-unknown-class] "ItemHead", text="213  Paragraph 86‑1(a)"
[parser-unknown-class] "ItemHead", text="214  At the end of paragraph 86‑2(1)(c)"
[parser-unknown-class] "ItemHead", text="215  Paragraph 86‑2(2)(a)"
[parser-unknown-class] "ItemHead", text="216  Paragraph 86‑9(1)(e)"
[parser-unknown-class] "ItemHead", text="217  At the end of paragraph 86‑9(1)(h)"
[parser-unknown-class] "ItemHead", text="218  Subparagraph 88‑1(1)(a)(i)"
[parser-unknown-class] "ItemHead", text="219  Paragraph 88‑1(5)(b)"
[parser-unknown-class] "ItemHead", text="220  Paragraph 88‑3(2)(c)"
[parser-unknown-class] "ItemHead", text="221  Paragraph 90‑4(3)(d)"
[parser-unknown-class] "ItemHead", text="222  Paragraph 91‑1(2)(b)"
[parser-unknown-class] "ItemHead", text="223  At the end of paragraph 91‑1(2)(f)"
[parser-unknown-class] "ItemHead", text="224  Paragraph 92‑1(b)"
[parser-unknown-class] "ItemHead", text="225  Paragraph 92‑2(2)(b)"
[parser-unknown-class] "ItemHead", text="226  Paragraph 93‑1(2)(b)"
[parser-unknown-class] "ItemHead", text="227  At the end of paragraph 93‑1(2)(f)"
[parser-unknown-class] "ItemHead", text="228  Paragraph 93‑1(3)(b)"
[parser-unknown-class] "ItemHead", text="229  Subparagraph 93‑1(4)(b)(ii)"
[parser-unknown-class] "ItemHead", text="230  Paragraph 93‑4(2)(b)"
[parser-unknown-class] "ItemHead", text="231  Subparagraph 93‑4(3)(b)(ii)"
[parser-unknown-class] "ItemHead", text="232  Subsection 95‑1(1)"
[parser-unknown-class] "ItemHead", text="233  At the end of section 95‑3"
[parser-unknown-class] "ItemHead", text="234  At the end of section 95‑4"
[parser-unknown-class] "ItemHead", text="235  Section 96‑1 (table items 3, 12 and 13)"
[parser-unknown-class] "ItemHead", text="236  Section 96‑1 (table item 15)"
[parser-unknown-class] "ItemHead", text="237  Section 96‑1 (table items 17, 20 and 21)"
[parser-unknown-class] "ItemHead", text="238  Section 96‑1 (after table item 22)"
[parser-unknown-class] "ItemHead", text="239  Subsection 96‑2(2A)"
[parser-unknown-class] "ItemHead", text="240  Subsection 96‑2(2A) (note)"
[parser-unknown-class] "ItemHead", text="241  Subsection 96‑2(3) (note)"
[parser-unknown-class] "ItemHead", text="242  Paragraph 96‑2(3A)(c)"
[parser-unknown-class] "ItemHead", text="243  Paragraph 96‑2(3A)(d)"
[parser-unknown-class] "ItemHead", text="244  Paragraph 96‑2(3A)(e)"
[parser-unknown-class] "ItemHead", text="245  Paragraph 96‑2(5)(b)"
[parser-unknown-class] "ItemHead", text="246  Subsection 96‑3(1)"
[parser-unknown-class] "ItemHead", text="247  Section 96‑5 (note)"
[parser-unknown-class] "ItemHead", text="248  Subsection 96‑10(1)"
[parser-unknown-class] "ItemHead", text="249  Clause 1 of Schedule 1"
[parser-unknown-class] "ItemHead", text="250  Clause 1 of Schedule 1 (at the end of the definition of accommodation bond)"
[parser-unknown-class] "ItemHead", text="251  Clause 1 of Schedule 1 (definition of accommodation bond agreement)"
[parser-unknown-class] "ItemHead", text="252  Clause 1 of Schedule 1 (paragraph (b) of the definition of accommodation bond balance)"
[parser-unknown-class] "ItemHead", text="253  Clause 1 of Schedule 1 (at the end of the definition of accommodation charge)"
[parser-unknown-class] "ItemHead", text="254  Clause 1 of Schedule 1 (definition of accommodation charge agreement)"
[parser-unknown-class] "ItemHead", text="255  Clause 1 of Schedule 1"
[parser-unknown-class] "ItemHead", text="256  Clause 1 of Schedule 1 (definition of assisted resident)"
[parser-unknown-class] "ItemHead", text="257  Clause 1 of Schedule 1 (definition of charge exempt resident)"
[parser-unknown-class] "ItemHead", text="258  Clause 1 of Schedule 1 (definition of close relation)"
[parser-unknown-class] "ItemHead", text="259  Clause 1 of Schedule 1"
[parser-unknown-class] "ItemHead", text="260  Clause 1 of Schedule 1 (definition of concessional resident)"
[parser-unknown-class] "ItemHead", text="261  Clause 1 of Schedule 1"
[parser-unknown-class] "ItemHead", text="262  Clause 1 of Schedule 1"
[parser-unknown-class] "ItemHead", text="263  Clause 1 of Schedule 1 (definition of daily income tested reduction)"
[parser-unknown-class] "ItemHead", text="264  Clause 1 of Schedule 1"
[parser-unknown-class] "ItemHead", text="265  Clause 1 of Schedule 1 (definition of dependent child)"
[parser-unknown-class] "ItemHead", text="266  Clause 1 of Schedule 1"
[parser-unknown-class] "ItemHead", text="267  Clause 1 of Schedule 1 (definition of high level of residential care)"
[parser-unknown-class] "ItemHead", text="268  Clause 1 of Schedule 1 (definition of homeowner)"
[parser-unknown-class] "ItemHead", text="269  Clause 1 of Schedule 1 (definition of low level of residential care)"
[parser-unknown-class] "ItemHead", text="270  Clause 1 of Schedule 1"
[parser-unknown-class] "ItemHead", text="271  Clause 1 of Schedule 1"
[parser-unknown-class] "ItemHead", text="272  Clause 1 of Schedule 1"
[parser-unknown-class] "ItemHead", text="273  Clause 1 of Schedule 1 (definition of member of a couple)"
[parser-unknown-class] "ItemHead", text="274  Clause 1 of Schedule 1 (definition of partner)"
[parser-unknown-class] "ItemHead", text="275  Clause 1 of Schedule 1 (definition of pensioner supplement)"
[parser-unknown-class] "ItemHead", text="276  Clause 1 of Schedule 1 (definition of permitted)"
[parser-unknown-class] "ItemHead", text="277  Clause 1 of Schedule 1 (definition of permitted)"
[parser-unknown-class] "ItemHead", text="278  Clause 1 of Schedule 1 (definition of post‑2008 reform resident)"
[parser-unknown-class] "ItemHead", text="279  Clause 1 of Schedule 1 (definition of post‑September 2009 resident)"
[parser-unknown-class] "ItemHead", text="280  Clause 1 of Schedule 1 (definition of pre‑2008 reform resident)"
[parser-unknown-class] "ItemHead", text="281  Clause 1 of Schedule 1 (definition of pre‑entry leave)"
[parser-unknown-class] "ItemHead", text="282  Clause 1 of Schedule 1 (definition of pre‑September 2009 resident)"
[parser-unknown-class] "ItemHead", text="283  Clause 1 of Schedule 1 (definition of protected resident)"
[parser-unknown-class] "ItemHead", text="284  Clause 1 of Schedule 1"
[parser-unknown-class] "ItemHead", text="285  Clause 1 of Schedule 1 (definition of standard resident contribution)"
[parser-unknown-class] "ItemHead", text="286  Clause 1 of Schedule 1"
[parser-unknown-class] "ItemHead", text="287  Clause 1 of Schedule 1 (definition of supported resident)"
[parser-unknown-class] "ItemHead", text="288  Clause 1 of Schedule 1 (definition of unregulated lump sum)"
[parser-unknown-class] "ItemHead", text="289  Clause 1 of Schedule 1 (definition of unregulated lump sum balance)"
[parser-unknown-class] "ActHead7", text="Part 2—Transitional and savings provisions"
[parser-unknown-class] "ItemHead", text="290  Definitions"
[parser-unknown-class] "ItemHead", text="291  Approval of care recipients limited to low care"
[parser-unknown-class] "ItemHead", text="292  Determining the status of residential care service buildings"
[parser-unknown-class] "ActHead6", text="Schedule 4—Amendments of other Acts"
[parser-unknown-class] "ActHead7", text="Part 1—Amendments commencing on 1 August 2013"
[parser-unknown-class] "ActHead9", text="A New Tax System (Goods and Services Tax) Act 1999"
[parser-unknown-class] "ItemHead", text="1  Section 38‑30 (heading)"
[parser-unknown-class] "ItemHead", text="2  Subsection 38‑30(1)"
[parser-unknown-class] "ItemHead", text="3  Subsection 38‑30(3)"
[parser-unknown-class] "ItemHead", text="4  Section 195‑1 (definition of community care)"
[parser-unknown-class] "ItemHead", text="5  Section 195‑1"
[parser-unknown-class] "ActHead9", text="National Disability Insurance Scheme Act 2013"
[parser-unknown-class] "ItemHead", text="5A  Section 9 (definition of community care)"
[parser-unknown-class] "ItemHead", text="5B  Section 9"
[parser-unknown-class] "ItemHead", text="5C  Paragraph 29(1)(b)"
[parser-unknown-class] "ItemHead", text="5D  Subsection 29(1) (note)"
[parser-unknown-class] "ActHead7", text="Part 2—Amendments commencing on 1 July 2014"
[parser-unknown-class] "ActHead9", text="A New Tax System (Goods and Services Tax) Act 1999"
[parser-unknown-class] "ItemHead", text="6  Subsection 38‑30(1)"
[parser-unknown-class] "ItemHead", text="7  Section 38‑35"
[parser-unknown-class] "ActHead9", text="Health and Other Services (Compensation) Act 1995"
[parser-unknown-class] "ItemHead", text="8  Subsection 3(1) (definition of residential care subsidy)"
[parser-unknown-class] "ItemHead", text="9  Subsection 9(2A)"
[parser-unknown-class] "ItemHead", text="10  Paragraph 42(1)(f)"
[parser-unknown-class] "ActHead9", text="Human Services (Medicare) Act 1973"
[parser-unknown-class] "ItemHead", text="11  After subparagraph 41G(a)(iv)"
[parser-unknown-class] "ActHead9", text="Social Security Act 1991"
[parser-unknown-class] "ItemHead", text="12  Subsection 4(9)"
[parser-unknown-class] "ItemHead", text="13  At the end of paragraph 8(8)(zna)"
[parser-unknown-class] "ItemHead", text="14  After paragraph 8(8)(zna)"
[parser-unknown-class] "ItemHead", text="15  Subsection 9(1D)"
[parser-unknown-class] "ItemHead", text="16  Subsection 11(1) (definition of charge exempt resident)"
[parser-unknown-class] "ItemHead", text="17  Subsection 11(1)"
[parser-unknown-class] "ItemHead", text="18  Subsection 11(1)"
[parser-unknown-class] "ItemHead", text="19  After subsection 11(3A)"
[parser-unknown-class] "ItemHead", text="20  Paragraph 11A(8)(a) (note 2)"
[parser-unknown-class] "ItemHead", text="21  After paragraph 11A(8)(b)"
[parser-unknown-class] "ItemHead", text="22  Paragraph 11A(8)(c)"
[parser-unknown-class] "ItemHead", text="23  Paragraph 1099E(1)(b)"
[parser-unknown-class] "ItemHead", text="24  Subsection 1099J(1)"
[parser-unknown-class] "ItemHead", text="25  Subsection 1099J(2)"
[parser-unknown-class] "ItemHead", text="26  At the end of subsection 1118(1)"
[parser-unknown-class] "ActHead9", text="Social Security (Administration) Act 1999"
[parser-unknown-class] "ItemHead", text="27  At the end of paragraph 126(1)(e)"
[parser-unknown-class] "ItemHead", text="28  After paragraph 126(1)(e)"
[parser-unknown-class] "ItemHead", text="29  At the end of paragraph 129(1)(e)"
[parser-unknown-class] "ItemHead", text="30  After paragraph 129(1)(e)"
[parser-unknown-class] "ItemHead", text="31  At the end of subsection 140(1)"
[parser-unknown-class] "ItemHead", text="32  At the end of subsection 178(1)"
[parser-unknown-class] "ActHead9", text="Veterans’ Entitlements Act 1986"
[parser-unknown-class] "ItemHead", text="33  Section 5 (index)"
[parser-unknown-class] "ItemHead", text="34  Section 5 (index)"
[parser-unknown-class] "ItemHead", text="35  Section 5 (index)"
[parser-unknown-class] "ItemHead", text="36  Paragraph 5H(8)(na)"
[parser-unknown-class] "ItemHead", text="37  After paragraph 5H(8)(nd)"
[parser-unknown-class] "ItemHead", text="38  Subsection 5J(2C)"
[parser-unknown-class] "ItemHead", text="39  Subsection 5L(1)"
[parser-unknown-class] "ItemHead", text="40  Subsection 5L(1)"
[parser-unknown-class] "ItemHead", text="41  Subsection 5L(1)"
[parser-unknown-class] "ItemHead", text="42  After subsection 5L(3B)"
[parser-unknown-class] "ItemHead", text="43  After paragraph 5LA(8)(b)"
[parser-unknown-class] "ItemHead", text="44  Paragraph 5LA(8)(c)"
[parser-unknown-class] "ItemHead", text="45  Subsection 5LA(8) (note 4)"
[parser-unknown-class] "ItemHead", text="46  Subsection 5NC(8)"
[parser-unknown-class] "ItemHead", text="47  After paragraph 52(1)(p)"
[parser-unknown-class] "ItemHead", text="48  Paragraph 13(1)(b) of Schedule 5"
[parser-unknown-class] "ItemHead", text="49  Subclause 13(1) of Schedule 5 (note)"
[parser-unknown-class] "ItemHead", text="50  Paragraph 13(2)(b) of Schedule 5"
[parser-unknown-class] "ItemHead", text="51  Subclause 13(2) of Schedule 5 (note)"
[parser-unknown-class] "ItemHead", text="52  Part 2A of Schedule 5 (heading)"
[parser-unknown-class] "ItemHead", text="53  Clause 17 of Schedule 5 (definition of charge exempt resident)"
[parser-unknown-class] "ItemHead", text="54  Subclause 17B(1) of Schedule 5"
[parser-unknown-class] "ItemHead", text="55  Subclause 17B(2) of Schedule 5"
[parser-unknown-class] "ActHead6", text="Schedule 5—Aged Care (Transitional Provisions) Act 1997"
[parser-unknown-class] "ActHead7", text="Part 1—Enactment"
[parser-unknown-class] "ItemHead", text="1  Enactment of the Aged Care (Transitional Provisions) Act 1997"
[parser-unknown-class] "Subitem", text="(1) Without limiting the effect of the Aged Care Act 1997 apart from this item, that Act, as in f..."
[parser-unknown-class] "Subitem", text="(2) For the purposes of subparagraph 40(1A)(a)(ii) of the Acts Interpretation Act 1901, the secul..."
[parser-unknown-class] "Subitem", text="(3) Subitem (2) has effect despite section 39 of the Acts Interpretation Act 1901."
[parser-unknown-class] "ActHead7", text="Part 2—Amendments"
[parser-unknown-class] "ActHead9", text="Aged Care (Transitional Provisions) Act 1997"
[parser-unknown-class] "ItemHead", text="2  Title"
[parser-unknown-class] "ItemHead", text="3  Section 1‑1"
[parser-unknown-class] "ItemHead", text="4  Section 1‑2"
[parser-unknown-class] "ItemHead", text="5  Subsection 2‑1(1)"
[parser-unknown-class] "ItemHead", text="6  Paragraph 2‑1(2)(a)"
[parser-unknown-class] "ItemHead", text="7  Section 3‑1"
[parser-unknown-class] "ItemHead", text="8  Section 3‑1"
[parser-unknown-class] "ItemHead", text="9  Section 3‑1"
[parser-unknown-class] "ItemHead", text="10  Section 3‑1"
[parser-unknown-class] "ItemHead", text="11  Section 3‑2 (heading)"
[parser-unknown-class] "ItemHead", text="12  Section 3‑2"
[parser-unknown-class] "ItemHead", text="13  Section 3‑2"
[parser-unknown-class] "ItemHead", text="14  Section 3‑3"
[parser-unknown-class] "ItemHead", text="15  Paragraph 3‑3(a)"
[parser-unknown-class] "ItemHead", text="16  Section 3‑4 (heading)"
[parser-unknown-class] "ItemHead", text="17  Section 3‑4"
[parser-unknown-class] "ItemHead", text="18  Section 3‑4"
[parser-unknown-class] "ItemHead", text="19  Section 3‑5 (heading)"
[parser-unknown-class] "ItemHead", text="20  Section 3‑5"
[parser-unknown-class] "ItemHead", text="21  Subsection 4‑1(3)"
[parser-unknown-class] "ItemHead", text="22  Subsection 4‑1(3) (note)"
[parser-unknown-class] "ItemHead", text="23  Subsection 4‑1(3) (note)"
[parser-unknown-class] "ItemHead", text="24  Chapter 2"
[parser-unknown-class] "ItemHead", text="25  Section 40‑1"
[parser-unknown-class] "ItemHead", text="26  Section 40‑1"
[parser-unknown-class] "ItemHead", text="27  Section 40‑1"
[parser-unknown-class] "ItemHead", text="28  Section 41‑2"
[parser-unknown-class] "ItemHead", text="29  Paragraphs 41‑3(1)(b) and (2)(d)"
[parser-unknown-class] "ItemHead", text="30  Paragraph 42‑1(1)(a)"
[parser-unknown-class] "ItemHead", text="31  Paragraph 42‑1(1)(b)"
[parser-unknown-class] "ItemHead", text="32  Paragraph 42‑1(1)(c)"
[parser-unknown-class] "ItemHead", text="33  Subsection 42‑1(1) (note 2)"
[parser-unknown-class] "ItemHead", text="34  Paragraph 42‑1(4)(b)"
[parser-unknown-class] "ItemHead", text="35  Subsection 42‑1(4) (note)"
[parser-unknown-class] "ItemHead", text="36  Subsection 42‑2(1)"
[parser-unknown-class] "ItemHead", text="37  Paragraph 42‑2(3A)(b)"
[parser-unknown-class] "ItemHead", text="38  Paragraph 42‑3(3)(b)"
[parser-unknown-class] "ItemHead", text="39  Sections 42‑4, 42‑5 and 42‑6"
[parser-unknown-class] "ItemHead", text="40  Subsection 43‑1(3)"
[parser-unknown-class] "ItemHead", text="41  Paragraph 43‑2(b)"
[parser-unknown-class] "ItemHead", text="42  Subsection 43‑3(4)"
[parser-unknown-class] "ItemHead", text="43  At the end of subsection 43‑3(5)"
[parser-unknown-class] "ItemHead", text="44  Paragraph 43‑6(1)(a)"
[parser-unknown-class] "ItemHead", text="45  Subsection 43‑6(2) (note)"
[parser-unknown-class] "ItemHead", text="46  Subsection 43‑6(3)"
[parser-unknown-class] "ItemHead", text="47  Subsection 43‑6(5) (paragraph (g) of the definition of capital payment)"
[parser-unknown-class] "ItemHead", text="48  Subsection 43‑8(1)"
[parser-unknown-class] "ItemHead", text="49  Subsections 43‑8(2) and (4)"
[parser-unknown-class] "ItemHead", text="50  At the end of section 43‑9"
[parser-unknown-class] "ItemHead", text="51  Paragraph 44‑3(3)(aa)"
[parser-unknown-class] "ItemHead", text="52  Paragraph 44‑3(3)(cb)"
[parser-unknown-class] "ItemHead", text="53  At the end of paragraph 44‑3(3)(cc)"
[parser-unknown-class] "ItemHead", text="54  Paragraph 44‑3(3)(e)"
[parser-unknown-class] "ItemHead", text="55  At the end of paragraph 44‑5A(2)(d)"
[parser-unknown-class] "ItemHead", text="56  Paragraph 44‑5A(4)(b)"
[parser-unknown-class] "ItemHead", text="57  Paragraph 44‑5B(1)(c)"
[parser-unknown-class] "ItemHead", text="58  At the end of paragraph 44‑6(2)(d)"
[parser-unknown-class] "ItemHead", text="59  Paragraph 44‑6(5)(d)"
[parser-unknown-class] "ItemHead", text="60  Subparagraph 44‑7(1)(c)(ii)"
[parser-unknown-class] "ItemHead", text="61  Subparagraphs 44‑8(1)(c)(ii) and (iv)"
[parser-unknown-class] "ItemHead", text="62  At the end of paragraph 44‑8A(2)(c)"
[parser-unknown-class] "ItemHead", text="63  Paragraph 44‑8A(4)(c)"
[parser-unknown-class] "ItemHead", text="64  Subsection 44‑8A(5)"
[parser-unknown-class] "ItemHead", text="65  Paragraph 44‑8A(6)(a)"
[parser-unknown-class] "ItemHead", text="66  Subsection 44‑10(1)"
[parser-unknown-class] "ItemHead", text="67  Subsection 44‑11(1) (paragraph (d) of the definition of child)"
[parser-unknown-class] "ItemHead", text="68  Subsection 44‑11(1) (paragraph (c) of the definition of close relation)"
[parser-unknown-class] "ItemHead", text="69  Subsection 44‑11(1) (definition of homeowner)"
[parser-unknown-class] "ItemHead", text="70  Paragraph 44‑11(2)(aa)"
[parser-unknown-class] "ItemHead", text="71  Subparagraph 44‑11(2)(b)(iii)"
[parser-unknown-class] "ItemHead", text="72  Paragraph 44‑11(3)(c)"
[parser-unknown-class] "ItemHead", text="73  Subparagraph 44‑12(2)(a)(ii)"
[parser-unknown-class] "ItemHead", text="74  Paragraph 44‑12(2)(b)"
[parser-unknown-class] "ItemHead", text="75  Paragraphs 44‑12(2)(c) and (d)"
[parser-unknown-class] "ItemHead", text="76  At the end of paragraph 44‑12(4)(a)"
[parser-unknown-class] "ItemHead", text="77  Paragraph 44‑12(4)(f)"
[parser-unknown-class] "ItemHead", text="78  Paragraph 44‑13(1)(c)"
[parser-unknown-class] "ItemHead", text="79  Subsection 44‑13(3)"
[parser-unknown-class] "ItemHead", text="80  Paragraph 44‑14(1)(c)"
[parser-unknown-class] "ItemHead", text="81  Subsection 44‑14(3)"
[parser-unknown-class] "ItemHead", text="82  Subsections 44‑16(1) and (2)"
[parser-unknown-class] "ItemHead", text="83  Paragraph 44‑18(1)(b)"
[parser-unknown-class] "ItemHead", text="84  Paragraph 44‑18(1)(b)"
[parser-unknown-class] "ItemHead", text="85  At the end of subsection 44‑18(2)"
[parser-unknown-class] "ItemHead", text="86  Subsections 44‑20(5), (6) and (8)"
[parser-unknown-class] "ItemHead", text="87  Paragraph 44‑22(1)(c)"
[parser-unknown-class] "ItemHead", text="88  Subsections 44‑22(2) and (4)"
[parser-unknown-class] "ItemHead", text="89  Subsection 44‑24(5)"
[parser-unknown-class] "ItemHead", text="90  Subparagraphs 44‑24(6)(c)(ii) and (7)(b)(ii)"
[parser-unknown-class] "ItemHead", text="91  Subsection 44‑24(11)"
[parser-unknown-class] "ItemHead", text="92  Paragraph 44‑27(e)"
[parser-unknown-class] "ItemHead", text="93  Subparagraphs 44‑28(2)(b)(iv) and (c)(iii)"
[parser-unknown-class] "ItemHead", text="94  Subsection 44‑29(2)"
[parser-unknown-class] "ItemHead", text="95  Paragraph 44‑30(2)(a)"
[parser-unknown-class] "ItemHead", text="96  Subsection 44‑30(4)"
[parser-unknown-class] "ItemHead", text="97  Subsections 44‑31(1) and (2)"
[parser-unknown-class] "ItemHead", text="98  Section 45‑2"
[parser-unknown-class] "ItemHead", text="99  Subsection 45‑3(2)"
[parser-unknown-class] "ItemHead", text="100  Paragraph 46‑1(1)(a)"
[parser-unknown-class] "ItemHead", text="101  Paragraph 46‑1(1)(b)"
[parser-unknown-class] "ItemHead", text="102  Subsection 46‑1(2) (note)"
[parser-unknown-class] "ItemHead", text="103  Subsection 46‑2(3)"
[parser-unknown-class] "ItemHead", text="104  Paragraph 47‑2(b)"
[parser-unknown-class] "ItemHead", text="105  Subsection 47‑3(4)"
[parser-unknown-class] "ItemHead", text="106  At the end of section 47‑5"
[parser-unknown-class] "ItemHead", text="107  Section 49‑2"
[parser-unknown-class] "ItemHead", text="108  Paragraph 50‑1(1)(a)"
[parser-unknown-class] "ItemHead", text="109  Subparagraph 50‑1(1)(b)(i)"
[parser-unknown-class] "ItemHead", text="110  Subparagraph 50‑1(1)(b)(ii)"
[parser-unknown-class] "ItemHead", text="111  Subparagraph 50‑1(1)(b)(ii)"
[parser-unknown-class] "ItemHead", text="112  Subparagraph 50‑1(1)(b)(iii)"
[parser-unknown-class] "ItemHead", text="113  Subsection 50‑1(2) (note)"
[parser-unknown-class] "ItemHead", text="114  Subsection 50‑2(1)"
[parser-unknown-class] "ItemHead", text="115  Subsections 51‑1(1) and (2)"
[parser-unknown-class] "ItemHead", text="116  Division 53"
[parser-unknown-class] "ItemHead", text="117  Part 4.1"
[parser-unknown-class] "ItemHead", text="118  Divisions 55 and 56"
[parser-unknown-class] "ItemHead", text="119  Division 57 (heading)"
[parser-unknown-class] "ItemHead", text="120  Section 57‑1"
[parser-unknown-class] "ItemHead", text="121  Paragraph 57‑2(1)(c)"
[parser-unknown-class] "ItemHead", text="122  Paragraph 57‑2(1)(d)"
[parser-unknown-class] "ItemHead", text="123  Paragraph 57‑2(1)(k)"
[parser-unknown-class] "ItemHead", text="124  Paragraph 57‑2(1)(ka)"
[parser-unknown-class] "ItemHead", text="125  Paragraph 57‑2(1)(o)"
[parser-unknown-class] "ItemHead", text="126  Paragraph 57‑2(1)(p)"
[parser-unknown-class] "ItemHead", text="127  Subdivision 57‑B"
[parser-unknown-class] "ItemHead", text="128  Paragraph 57‑9(1)(l)"
[parser-unknown-class] "ItemHead", text="129  Paragraph 57‑12(1)(c)"
[parser-unknown-class] "ItemHead", text="130  Subparagraphs 57‑12(3)(a)(ii) and (b)(ii)"
[parser-unknown-class] "ItemHead", text="131  Section 57‑13"
[parser-unknown-class] "ItemHead", text="132  Subsections 57‑14(1) and (2)"
[parser-unknown-class] "ItemHead", text="133  Subsection 57‑15(1)"
[parser-unknown-class] "ItemHead", text="134  Paragraphs 57‑16(1)(a) and (2)(a)"
[parser-unknown-class] "ItemHead", text="135  Subsections 57‑17(2) and (3)"
[parser-unknown-class] "ItemHead", text="136  Subdivision 57‑EA"
[parser-unknown-class] "ItemHead", text="137  Subsections 57‑18(3), (4) and (5)"
[parser-unknown-class] "ItemHead", text="138  Paragraph 57‑19(1)(c)"
[parser-unknown-class] "ItemHead", text="139  Subsections 57‑20(1), (2), (4), (6) and (7)"
[parser-unknown-class] "ItemHead", text="140  Subdivision 57‑G"
[parser-unknown-class] "ItemHead", text="141  Paragraph 57‑23(2)(b)"
[parser-unknown-class] "ItemHead", text="142  Subparagraph 57A‑2(1)(a)(ii)"
[parser-unknown-class] "ItemHead", text="143  Paragraph 57A‑2(1)(d)"
[parser-unknown-class] "ItemHead", text="144  Paragraph 57A‑2(1)(m)"
[parser-unknown-class] "ItemHead", text="145  Paragraph 57A‑2(1)(n)"
[parser-unknown-class] "ItemHead", text="146  Subsection 57A‑2(2)"
[parser-unknown-class] "ItemHead", text="147  Paragraph 57A‑3(1)(g)"
[parser-unknown-class] "ItemHead", text="148  Subsection 57A‑3(2)"
[parser-unknown-class] "ItemHead", text="149  Paragraph 57A‑6(1)(c)"
[parser-unknown-class] "ItemHead", text="150  Subsections 57A‑9(1) and (2)"
[parser-unknown-class] "ItemHead", text="151  Subsection 57A‑10(1)"
[parser-unknown-class] "ItemHead", text="152  Subsection 57A‑12(2)"
[parser-unknown-class] "ItemHead", text="153  Section 58‑1"
[parser-unknown-class] "ItemHead", text="154  Section 58‑1"
[parser-unknown-class] "ItemHead", text="155  Section 58‑2 (step 5)"
[parser-unknown-class] "ItemHead", text="156  Paragraph 58‑5(a)"
[parser-unknown-class] "ItemHead", text="157  Division 59"
[parser-unknown-class] "ItemHead", text="158  Section 60‑1"
[parser-unknown-class] "ItemHead", text="159  Paragraph 60‑1(d)"
[parser-unknown-class] "ItemHead", text="160  Subsections 60‑2(1) and (2)"
[parser-unknown-class] "ItemHead", text="161  Divisions 61 and 62"
[parser-unknown-class] "ItemHead", text="162  Parts 4.3 and 4.4"
[parser-unknown-class] "ItemHead", text="163  Chapter 5"
[parser-unknown-class] "ItemHead", text="164  Section 84‑1"
[parser-unknown-class] "ItemHead", text="165  Section 85‑1 (table items 1 to 39)"
[parser-unknown-class] "ItemHead", text="166  Section 85‑1 (table items 54 to 59)"
[parser-unknown-class] "ItemHead", text="167  Parts 6.2 to 6.7"
[parser-unknown-class] "ItemHead", text="168  Section 96‑1"
[parser-unknown-class] "ItemHead", text="169  Subsections 96‑2(5) and (6)"
[parser-unknown-class] "ItemHead", text="170  Section 96‑3"
[parser-unknown-class] "ItemHead", text="171  Section 96‑4 (note)"
[parser-unknown-class] "ItemHead", text="172  Section 96‑5 (note)"
[parser-unknown-class] "ItemHead", text="173  Sections 96‑8, 96‑9 and 96‑10"
[parser-unknown-class] "ItemHead", text="174  Clause 1 of Schedule 1 (definition of accommodation bond)"
[parser-unknown-class] "ItemHead", text="175  Clause 1 of Schedule 1 (definition of accommodation bond balance)"
[parser-unknown-class] "ItemHead", text="176  Clause 1 of Schedule 1 (definition of accommodation charge)"
[parser-unknown-class] "ItemHead", text="177  Clause 1 of Schedule 1 (definition of accreditation requirement)"
[parser-unknown-class] "ItemHead", text="178  Clause 1 of Schedule 1 (definition of advocacy grant)"
[parser-unknown-class] "ItemHead", text="179  Clause 1 of Schedule 1 (definitions of Aged Care Commissioner and Aged Care Pricing Commissi..."
[parser-unknown-class] "ItemHead", text="180  Clause 1 of Schedule 1 (definition of approved provider)"
[parser-unknown-class] "ItemHead", text="181  Clause 1 of Schedule 1 (definition of authorised officer)"
[parser-unknown-class] "ItemHead", text="182  Clause 1 of Schedule 1 (definition of available for allocation)"
[parser-unknown-class] "ItemHead", text="183  Clause 1 of Schedule 1 (definition of capital expenditure)"
[parser-unknown-class] "ItemHead", text="184  Clause 1 of Schedule 1 (definition of capital works costs)"
[parser-unknown-class] "ItemHead", text="185  Clause 1 of Schedule 1 (definition of certified)"
[parser-unknown-class] "ItemHead", text="186  Clause 1 of Schedule 1 (definition of classification level)"
[parser-unknown-class] "ItemHead", text="187  Clause 1 of Schedule 1 (definition of community visitors grant)"
[parser-unknown-class] "ItemHead", text="188  Clause 1 of Schedule 1"
[parser-unknown-class] "ItemHead", text="189  Clause 1 of Schedule 1 (definition of corporation)"
[parser-unknown-class] "ItemHead", text="190  Clause 1 of Schedule 1 (definition of disqualified individual)"
[parser-unknown-class] "ItemHead", text="191  Clause 1 of Schedule 1 (definition of distinct part)"
[parser-unknown-class] "ItemHead", text="192  Clause 1 of Schedule 1 (definitions of entry contribution balance and expiry date)"
[parser-unknown-class] "ItemHead", text="193  Clause 1 of Schedule 1 (definition of extra service agreement)"
[parser-unknown-class] "ItemHead", text="194  Clause 1 of Schedule 1 (definition of extra service place)"
[parser-unknown-class] "ItemHead", text="195  Clause 1 of Schedule 1 (definition of extra service status)"
[parser-unknown-class] "ItemHead", text="196  Clause 1 of Schedule 1 (definition of formal agreement)"
[parser-unknown-class] "ItemHead", text="197  Clause 1 of Schedule 1 (definition of high level of residential care)"
[parser-unknown-class] "ItemHead", text="198  Clause 1 of Schedule 1 (definition of home care agreement)"
[parser-unknown-class] "ItemHead", text="199  Clause 1 of Schedule 1 (definition of key personnel)"
[parser-unknown-class] "ItemHead", text="200  Clause 1 of Schedule 1 (definition of lowest applicable classification level)"
[parser-unknown-class] "ItemHead", text="201  Clause 1 of Schedule 1 (definition of low level of residential care)"
[parser-unknown-class] "ItemHead", text="202  Clause 1 of Schedule 1 (definitions of Military Rehabilitation and Compensation Commission, ..."
[parser-unknown-class] "ItemHead", text="203  Clause 1 of Schedule 1 (definition of people with special needs)"
[parser-unknown-class] "ItemHead", text="204  Clause 1 of Schedule 1 (definition of permitted)"
[parser-unknown-class] "ItemHead", text="205  Clause 1 of Schedule 1 (definition of personal information)"
[parser-unknown-class] "ItemHead", text="206  Clause 1 of Schedule 1 (definition of pre‑allocation lump sum)"
[parser-unknown-class] "ItemHead", text="207  Clause 1 of Schedule 1 (definition of protected information)"
[parser-unknown-class] "ItemHead", text="208  Clause 1 of Schedule 1 (definition of provisional allocation)"
[parser-unknown-class] "ItemHead", text="209  Clause 1 of Schedule 1 (definitions of provisional allocation period, provisionally allocate..."
[parser-unknown-class] "ItemHead", text="210  Clause 1 of Schedule 1 (definition of reportable assault)"
[parser-unknown-class] "ItemHead", text="211  Clause 1 of Schedule 1 (definition of resident agreement)"
[parser-unknown-class] "ItemHead", text="212  Clause 1 of Schedule 1 (definition of residential care grant)"
[parser-unknown-class] "ItemHead", text="213  Clause 1 of Schedule 1 (definition of section 67‑5 notice time)"
[parser-unknown-class] "ItemHead", text="214  Clause 1 of Schedule 1 (definitions of unregulated lump sum and unregulated lump sum balance)"
[parser-unknown-class] "ActHead7", text="Part 3—Transitional and savings provisions"
[parser-unknown-class] "ItemHead", text="215  Definitions"
[parser-unknown-class] "ItemHead", text="216  Instruments under the Aged Care Act 1997"
[parser-unknown-class] "Subitem", text="(1) This item applies if:"
[parser-unknown-class] "Subitem", text="(2) Without limiting its effect apart from this item, the instrument is also taken, after the sec..."
[parser-unknown-class] "ItemHead", text="217  Applications, requests and other processes begun under the Aged Care Act 1997"
[parser-unknown-class] "Subitem", text="(1) This item applies if:"
[parser-unknown-class] "Subitem", text="(2) Without limiting its effect apart from this item, the process is also taken, after the second..."
[parser-diag] processed 3424 <p> elements
[parser-diag] last section was added at element index: 3195
[parser-diag] state phase at end: ENDNOTES
[parser-diag] hierarchy stack depth at end: 4
[parser-diag] insideSchedule at end: false
[parse] sections: 123
[parse] compilation: date=2016-03-05 no=1
[parse] by level:
         section      101
         part         4
         division     15
         chapter      1
         subdivision  2
[db] inserted new legislation row: fb88d28a-4905-40ae-a0a8-e62bfd75f128
[db] inserting 123 sections (pass 1)
[db] inserted 123 sections
[db] linking parent FKs (pass 2)
[db] linked 111 parent references

[done] ingested Aged Care (Living Longer Living Better) Act 2013
       legislation_id: fb88d28a-4905-40ae-a0a8-e62bfd75f128
       sections: 123
       compilation: 2016-03-05
