[fetch] document_1: https://www.legislation.gov.au/C2012A00193/2014-03-31/2014-03-31/text/original/epub/OEBPS/document_1/document_1.html
[fetch] document_1: 72,722 bytes
[fetch] document_2: https://www.legislation.gov.au/C2012A00193/2014-03-31/2014-03-31/text/original/epub/OEBPS/document_2/document_2.html
[fetch] document_2 not found — stopping. Fetched 1 document(s).
[fetch] combined 1 document(s), 72,722 source bytes → 71,085 combined bytes
[citation] Gambling Measures Act 2012 (Cth)
[parse] starting
[parser-diag] total <p> elements found: 343
[parser-diag] processed 343 <p> elements
[parser-diag] last section was added at element index: 120
[parser-diag] state phase at end: ENDNOTES
[parser-diag] hierarchy stack depth at end: 2
[parser-diag] insideSchedule at end: false
[parse] sections: 15
[parse] compilation: date=(none) no=(none)
[parse] by level:
         part         3
         section      12
[db] inserted new legislation row: aadbaaa1-b68f-4323-8172-78d8c3e0450b
[db] inserting 15 sections (pass 1)
[db] inserted 15 sections
[db] linking parent FKs (pass 2)
[db] linked 12 parent references

[done] ingested Gambling Measures Act 2012
       legislation_id: aadbaaa1-b68f-4323-8172-78d8c3e0450b
       sections: 15
       compilation: 2014-03-31
