[fetch] document_1: https://www.legislation.gov.au/C2012A00188/2026-03-28/2026-03-28/text/original/epub/OEBPS/document_1/document_1.html
[fetch] document_1: 272,737 bytes
[fetch] document_2: https://www.legislation.gov.au/C2012A00188/2026-03-28/2026-03-28/text/original/epub/OEBPS/document_2/document_2.html
[fetch] document_2 not found — stopping. Fetched 1 document(s).
[fetch] combined 1 document(s), 272,737 source bytes → 270,695 combined bytes
[citation] Judicial Misbehaviour and Incapacity (Parliamentary Commissions) Act 2012 (Cth)
[parse] starting
[parser-diag] total <p> elements found: 1062
[parser-diag] processed 1062 <p> elements
[parser-diag] last section was added at element index: 887
[parser-diag] state phase at end: ENDNOTES
[parser-diag] hierarchy stack depth at end: 2
[parser-diag] insideSchedule at end: false
[parse] sections: 98
[parse] compilation: date=2026-03-28 no=6
[parse] by level:
         part         6
         section      83
         division     5
         subdivision  4
[db] inserted new legislation row: 2f513136-e14e-4e2f-b58c-e9b802b94a34
[db] inserting 98 sections (pass 1)
[db] inserted 98 sections
[db] linking parent FKs (pass 2)
[db] linked 92 parent references

[done] ingested Judicial Misbehaviour and Incapacity (Parliamentary Commissions) Act 2012
       legislation_id: 2f513136-e14e-4e2f-b58c-e9b802b94a34
       sections: 98
       compilation: 2026-03-28
