[fetch] document_1: https://www.legislation.gov.au/C2018A00156/2018-12-10/2018-12-10/text/original/epub/OEBPS/document_1/document_1.html
[fetch] document_1: 82,077 bytes
[fetch] document_2: https://www.legislation.gov.au/C2018A00156/2018-12-10/2018-12-10/text/original/epub/OEBPS/document_2/document_2.html
[fetch] document_2 not found — stopping. Fetched 1 document(s).
[fetch] combined 1 document(s), 82,077 source bytes → 80,365 combined bytes
[citation] Office of National Intelligence (Consequential and Transitional Provisions) Act 2018 (Cth)
[parse] starting
[parser-diag] total <p> elements found: 448
[parser-unknown-class] "ActHead6", text="Schedule 1—Repeal of the Office of National Assessments Act 1977"
[parser-unknown-class] "ActHead9", text="Office of National Assessments Act 1977"
[parser-unknown-class] "ItemHead", text="1  The whole of the Act"
[parser-unknown-class] "ActHead6", text="Schedule 2—Consequential amendments"
[parser-unknown-class] "ActHead9", text="Acts Interpretation Act 1901"
[parser-unknown-class] "ItemHead", text="1  After subsection 34C(7)"
[parser-unknown-class] "ItemHead", text="2  Subsection 34C(8)"
[parser-unknown-class] "ActHead9", text="Age Discrimination Act 2004"
[parser-unknown-class] "ItemHead", text="3  Schedule 1 (table item 35)"
[parser-unknown-class] "ActHead9", text="Anti‑Money Laundering and Counter‑Terrorism Financing Act 2006"
[parser-unknown-class] "ItemHead", text="4  Section 5 (paragraph (ge) of the definition of designated agency)"
[parser-unknown-class] "ItemHead", text="5  Section 5"
[parser-unknown-class] "ItemHead", text="6  Section 5 (definition of ONA)"
[parser-unknown-class] "ItemHead", text="7  Section 5"
[parser-unknown-class] "ItemHead", text="8  Subsection 128(13C) (heading)"
[parser-unknown-class] "ItemHead", text="9  Subsection 128(13C)"
[parser-unknown-class] "ItemHead", text="10  Subparagraph 128(19)(a)(iv)"
[parser-unknown-class] "ItemHead", text="11  Section 133C (heading)"
[parser-unknown-class] "ItemHead", text="12  Subsection 133C(1)"
[parser-unknown-class] "ItemHead", text="13  Subsection 133C(2)"
[parser-unknown-class] "ItemHead", text="14  Saving of authorisations"
[parser-unknown-class] "ActHead9", text="Archives Act 1983"
[parser-unknown-class] "ItemHead", text="15  Paragraph 29(8)(e)"
[parser-unknown-class] "ActHead9", text="Australian Border Force Act 2015"
[parser-unknown-class] "ItemHead", text="16  Subsection 4(1) (paragraph (f) of the definition of intelligence agency)"
[parser-unknown-class] "ItemHead", text="17  After paragraph 46(l)"
[parser-unknown-class] "ActHead9", text="Australian Crime Commission Act 2002"
[parser-unknown-class] "ItemHead", text="18  Subsection 4(1)"
[parser-unknown-class] "ItemHead", text="19  Before subsection 59AA(3)"
[parser-unknown-class] "ActHead9", text="Australian Human Rights Commission Act 1986"
[parser-unknown-class] "ItemHead", text="20  Subsection 11(4)"
[parser-unknown-class] "ItemHead", text="21  Subsection 21(3)"
[parser-unknown-class] "ActHead9", text="Australian Security Intelligence Organisation Act 1979"
[parser-unknown-class] "ItemHead", text="22  Section 4 (paragraph (b) of the definition of intelligence or security agency)"
[parser-unknown-class] "ItemHead", text="23  Section 4"
[parser-unknown-class] "ItemHead", text="24  After paragraph 19A(1)(c)"
[parser-unknown-class] "ItemHead", text="25  Subsection 35(1) (paragraph (c) of the definition of agency head)"
[parser-unknown-class] "ActHead9", text="Crimes Act 1914"
[parser-unknown-class] "ItemHead", text="26  Section 15K (subparagraph (a)(ii) of the definition of chief officer)"
[parser-unknown-class] "ItemHead", text="27  Section 15K (at the end of paragraph (a) of the definition of chief officer)"
[parser-unknown-class] "ItemHead", text="28  Section 15K (at the end of paragraph (a) of the definition of intelligence agency)"
[parser-unknown-class] "ItemHead", text="29  Section 15K (at the end of the definition of intelligence agency)"
[parser-unknown-class] "ItemHead", text="30  Section 15K (at the end of paragraph (b) of the definition of intelligence officer)"
[parser-unknown-class] "ItemHead", text="31  Section 15K (after paragraph (b) of the definition of intelligence officer)"
[parser-unknown-class] "ItemHead", text="32  After subsection 15KA(3)"
[parser-unknown-class] "ItemHead", text="33  At the end of subsection 15KB(4)"
[parser-unknown-class] "ItemHead", text="34  Paragraph 15KG(b)"
[parser-unknown-class] "ItemHead", text="35  Subsection 15KH(2)"
[parser-unknown-class] "ItemHead", text="36  Subsection 15KI(2)"
[parser-unknown-class] "ItemHead", text="37  After subsection 15KI(2)"
[parser-unknown-class] "ItemHead", text="38  Subsection 15KX(2)"
[parser-unknown-class] "ItemHead", text="39  Subsection 15KX(2) (note 1)"
[parser-unknown-class] "ItemHead", text="40  Subsection 15KX(2) (note 2)"
[parser-unknown-class] "ItemHead", text="41  After subsection 15KX(2)"
[parser-unknown-class] "ItemHead", text="42  Paragraph 15KY(3)(a)"
[parser-unknown-class] "ItemHead", text="43  Subsection 15LH(3) (after paragraph (g) of the definition of senior officer)"
[parser-unknown-class] "ItemHead", text="44  Section 85ZL (paragraph (c) of the definition of intelligence or security agency)"
[parser-unknown-class] "ActHead9", text="Criminal Code Act 1995"
[parser-unknown-class] "ItemHead", text="45  Section 473.1 of the Criminal Code (paragraph (c) of the definition of intelligence or securi..."
[parser-unknown-class] "ActHead9", text="Defence Act 1903"
[parser-unknown-class] "ItemHead", text="46  Subsection 71A(1) (paragraph (c) of the definition of intelligence or security agency)"
[parser-unknown-class] "ActHead9", text="Freedom of Information Act 1982"
[parser-unknown-class] "ItemHead", text="47  Subparagraph 7(2A)(a)(iv)"
[parser-unknown-class] "ItemHead", text="48  Division 1 of Part I of Schedule 2 (table item dealing with Office of National Assessments)"
[parser-unknown-class] "ActHead9", text="Independent National Security Legislation Monitor Act 2010"
[parser-unknown-class] "ItemHead", text="49  Section 4 (paragraph (j) of the definition of head)"
[parser-unknown-class] "ItemHead", text="50  Section 4 (paragraph (j) of the definition of law enforcement or security agency)"
[parser-unknown-class] "ActHead9", text="Inspector‑General of Intelligence and Security Act 1986"
[parser-unknown-class] "ItemHead", text="51  Subsection 3(1) (paragraph (f) of the definition of head)"
[parser-unknown-class] "ItemHead", text="52  Subsection 3(1) (definition of intelligence agency)"
[parser-unknown-class] "ItemHead", text="53  Subsection 3(1) (definition of ONA)"
[parser-unknown-class] "ItemHead", text="54  Subsection 3(1)"
[parser-unknown-class] "ItemHead", text="55  Subsection 8(3)"
[parser-unknown-class] "ItemHead", text="56  After subparagraph 8(3)(a)(i)"
[parser-unknown-class] "ItemHead", text="57  Paragraph 8(3)(c)"
[parser-unknown-class] "ItemHead", text="58  Subsection 8(5)"
[parser-unknown-class] "ItemHead", text="59  Paragraph 8A(4)(b)"
[parser-unknown-class] "ItemHead", text="60  Paragraph 15(3)(a)"
[parser-unknown-class] "ItemHead", text="61  Paragraph 21(1B)(a)"
[parser-unknown-class] "ItemHead", text="62  Paragraph 32A(1)(c)"
[parser-unknown-class] "ItemHead", text="63  Paragraph 32A(5)(a)"
[parser-unknown-class] "ItemHead", text="64  Subsection 32B(1)"
[parser-unknown-class] "ItemHead", text="65  After subsection 35(2B)"
[parser-unknown-class] "ActHead9", text="Intelligence Services Act 2001"
[parser-unknown-class] "ItemHead", text="66  Section 3"
[parser-unknown-class] "ItemHead", text="67  Section 3 (definition of ONA)"
[parser-unknown-class] "ItemHead", text="68  Section 3"
[parser-unknown-class] "ItemHead", text="69  Section 3 (paragraph (c) of the definition of responsible Minister)"
[parser-unknown-class] "ItemHead", text="70  After paragraph 13A(1)(b)"
[parser-unknown-class] "ItemHead", text="71  Paragraphs 29(1)(a) and (b)"
[parser-unknown-class] "ItemHead", text="72  Subsection 29(2)"
[parser-unknown-class] "ItemHead", text="73  Before paragraph 29(3)(a)"
[parser-unknown-class] "ItemHead", text="74  Paragraphs 29(3)(a), (b) and (e)"
[parser-unknown-class] "ItemHead", text="75  After paragraph 29(3)(f)"
[parser-unknown-class] "ItemHead", text="76  Paragraphs 29(3)(g) and (h)"
[parser-unknown-class] "ItemHead", text="77  Paragraph 29(3)(i)"
[parser-unknown-class] "ItemHead", text="78  Paragraph 30(bb)"
[parser-unknown-class] "ItemHead", text="79  Sections 40A, 40J and 40K"
[parser-unknown-class] "ItemHead", text="80  Subsection 41B(3) (definition of information offence provision)"
[parser-unknown-class] "ItemHead", text="81  Clause 1A of Schedule 1 (definition of agency)"
[parser-unknown-class] "ItemHead", text="82  Clause 1A of Schedule 1 (paragraph (d) of the definition of agency head)"
[parser-unknown-class] "ItemHead", text="83  Clause 1A of Schedule 1 (paragraph (a) of the definition of operationally sensitive information)"
[parser-unknown-class] "ItemHead", text="84  Paragraph 20(2)(d) of Schedule 1"
[parser-unknown-class] "ActHead9", text="Privacy Act 1988"
[parser-unknown-class] "ItemHead", text="85  Subsection 6(1) (paragraph (c) of the definition of intelligence agency)"
[parser-unknown-class] "ItemHead", text="86  After subsection 7(1A)"
[parser-unknown-class] "ItemHead", text="87  Subsection 80P(7) (paragraph (c) of the definition of designated secrecy provision)"
[parser-unknown-class] "ItemHead", text="88  Subsection 80P(7) (after paragraph (c) of the definition of designated secrecy provision)"
[parser-unknown-class] "ActHead9", text="Public Interest Disclosure Act 2013"
[parser-unknown-class] "ItemHead", text="89  Section 8 (paragraph (f) of the definition of intelligence agency)"
[parser-unknown-class] "ItemHead", text="90  Paragraph 72(1)(j)"
[parser-unknown-class] "ActHead9", text="Remuneration and Allowances Act 1990"
[parser-unknown-class] "ItemHead", text="91  Part 3 of Schedule 2 (table item dealing with Director‑General, Office of National Assessments)"
[parser-unknown-class] "ActHead6", text="Schedule 3—Amendments contingent on the National Security Legislation Amendment (Espionage and Fo..."
[parser-unknown-class] "ActHead9", text="Criminal Code Act 1995"
[parser-unknown-class] "ItemHead", text="1  Subsection 121.1(1) of the Criminal Code (paragraph (f) of the definition of domestic intellig..."
[parser-unknown-class] "ActHead6", text="Schedule 4—Transitional provisions"
[parser-unknown-class] "ActHead7", text="Part 1—Definitions"
[parser-unknown-class] "ItemHead", text="1  Definitions"
[parser-unknown-class] "Subitem", text="(1) In this Schedule:"
[parser-unknown-class] "Subitem", text="(2) An expression used in this Schedule that is also used in the new law has the same meaning in ..."
[parser-unknown-class] "ActHead7", text="Part 2—Director‑General’s continued appointment"
[parser-unknown-class] "ItemHead", text="2  Director‑General of ONA continues as Director‑General of National Intelligence"
[parser-unknown-class] "ActHead7", text="Part 3—References to, and things done by or in relation to, ONA or the Director‑General"
[parser-unknown-class] "ItemHead", text="3  Things done by, or in relation to, ONA"
[parser-unknown-class] "Subitem", text="(1) If a thing was done by, or in relation to, ONA, then the thing is taken, for the purposes of ..."
[parser-unknown-class] "Subitem", text="(2) The Prime Minister may, in writing, determine that subitem (1) does not apply in relation to ..."
[parser-unknown-class] "Subitem", text="(3) To avoid doubt, doing a thing includes making an instrument."
[parser-unknown-class] "Subitem", text="(4) A determination under subitem (2) is not a legislative instrument."
[parser-unknown-class] "ItemHead", text="4  Things done by, or in relation to, the Director‑General of ONA"
[parser-unknown-class] "Subitem", text="(1) If a thing was done by, or in relation to, the Director‑General of ONA, then the thing is tak..."
[parser-unknown-class] "Subitem", text="(2) The Prime Minister may, in writing, determine that subitem (1) does not apply in relation to ..."
[parser-unknown-class] "Subitem", text="(3) To avoid doubt, doing a thing includes making an instrument."
[parser-unknown-class] "Subitem", text="(4) A determination under subitem (2) is not a legislative instrument."
[parser-unknown-class] "ActHead7", text="Part 4—Miscellaneous"
[parser-unknown-class] "ItemHead", text="5  Requests for reports or assessments"
[parser-unknown-class] "ItemHead", text="6  National Assessments Board"
[parser-unknown-class] "SubitemHead", text="Membership of the Board"
[parser-unknown-class] "Subitem", text="(1) If, immediately before commencement, a person was a member of the National Assessments Board,..."
[parser-unknown-class] "SubitemHead", text="Board’s consideration of national assessments"
[parser-unknown-class] "Subitem", text="(2) If:"
[parser-unknown-class] "ItemHead", text="7  Continuation of existing inquiries under the Inspector‑General of Intelligence and Security Ac..."
[parser-unknown-class] "Subitem", text="If the Inspector‑General of Intelligence and Security had begun, but not completed, an inquiry in..."
[parser-unknown-class] "ItemHead", text="8  Transitional rules"
[parser-unknown-class] "Subitem", text="(1) The Prime Minister may, by legislative instrument, make rules prescribing matters of a transi..."
[parser-unknown-class] "Subitem", text="(2) To avoid doubt, the rules may not do the following:"
[parser-unknown-class] "Subitem", text="(3) This Act (other than subitem (2)) does not limit the rules that may be made for the purposes ..."
[parser-unknown-class] "2ndRd", text="[Minister’s second reading speech made in—"
[parser-unknown-class] "2ndRd", text="House of Representatives on 28 June 2018"
[parser-unknown-class] "2ndRd", text="Senate on 29 November 2018]"
[parser-diag] processed 448 <p> elements
[parser-diag] last section was added at element index: 93
[parser-diag] state phase at end: BODY
[parser-diag] hierarchy stack depth at end: 1
[parser-diag] insideSchedule at end: false
[parse] sections: 3
[parse] compilation: date=(none) no=(none)
[parse] by level:
         section      3
[db] inserted new legislation row: 9c79da51-433a-4a81-8a37-abddcdddfddd
[db] inserting 3 sections (pass 1)
[db] inserted 3 sections
[db] linking parent FKs (pass 2)
[db] linked 0 parent references

[done] ingested Office of National Intelligence (Consequential and Transitional Provisions) Act 2018
       legislation_id: 9c79da51-433a-4a81-8a37-abddcdddfddd
       sections: 3
       compilation: 2018-12-10
