[fetch] document_1: https://www.legislation.gov.au/C2018A00153/2024-11-07/2024-11-07/text/original/epub/OEBPS/document_1/document_1.html
[fetch] document_1: 186,887 bytes
[fetch] document_2: https://www.legislation.gov.au/C2018A00153/2024-11-07/2024-11-07/text/original/epub/OEBPS/document_2/document_2.html
[fetch] document_2 not found — stopping. Fetched 1 document(s).
[fetch] combined 1 document(s), 186,887 source bytes → 184,854 combined bytes
[citation] Modern Slavery Act 2018 (Cth)
[parse] starting
[parser-diag] total <p> elements found: 726
[parser-diag] processed 726 <p> elements
[parser-diag] last section was added at element index: 535
[parser-diag] state phase at end: ENDNOTES
[parser-diag] hierarchy stack depth at end: 2
[parser-diag] insideSchedule at end: false
[parse] sections: 62
[parse] compilation: date=2024-11-07 no=2
[parse] by level:
         part         5
         section      52
         division     5
[db] inserted new legislation row: a9b83b34-e672-4e3b-955e-d5e98c47afec
[db] inserting 62 sections (pass 1)
[db] inserted 62 sections
[db] linking parent FKs (pass 2)
[db] linked 57 parent references

[done] ingested Modern Slavery Act 2018
       legislation_id: a9b83b34-e672-4e3b-955e-d5e98c47afec
       sections: 62
       compilation: 2024-11-07
