[fetch] document_1: https://www.legislation.gov.au/C2017A00037/2026-03-14/2026-03-14/text/original/epub/OEBPS/document_1/document_1.html
[fetch] document_1: 296,214 bytes
[fetch] document_2: https://www.legislation.gov.au/C2017A00037/2026-03-14/2026-03-14/text/original/epub/OEBPS/document_2/document_2.html
[fetch] document_2 not found — stopping. Fetched 1 document(s).
[fetch] combined 1 document(s), 296,214 source bytes → 294,169 combined bytes
[citation] Parliamentary Business Resources Act 2017 (Cth)
[parse] starting
[parser-diag] total <p> elements found: 1113
[parser-diag] processed 1113 <p> elements
[parser-diag] last section was added at element index: 885
[parse] sections: 88
[parse] compilation: date=2026-03-14 no=5
[parser-diag] state phase at end: ENDNOTES
[parser-diag] hierarchy stack depth at end: 3
[parser-diag] insideSchedule at end: false
[parse] by level:
         part         7
         division     18
         section      63
[db] inserted new legislation row: d9c54483-45f6-4711-9c67-69798af275f9
[db] inserting 88 sections (pass 1)
[db] inserted 88 sections
[db] linking parent FKs (pass 2)
[db] linked 81 parent references

[done] ingested Parliamentary Business Resources Act 2017
       legislation_id: d9c54483-45f6-4711-9c67-69798af275f9
       sections: 88
       compilation: 2026-03-14
