[fetch] document_1: https://www.legislation.gov.au/C2014A00132/2014-12-12/2014-12-12/text/original/epub/OEBPS/document_1/document_1.html
[fetch] document_1: 9,513 bytes
[fetch] document_2: https://www.legislation.gov.au/C2014A00132/2014-12-12/2014-12-12/text/original/epub/OEBPS/document_2/document_2.html
[fetch] document_2 not found — stopping. Fetched 1 document(s).
[fetch] combined 1 document(s), 9,513 source bytes → 8,478 combined bytes
[citation] ACT Government Loan Act 2014 (Cth)
[parse] starting
[parser-diag] total <p> elements found: 58
[parser-unknown-class] "2ndRd", text="[Minister’s second reading speech made in—"
[parser-unknown-class] "2ndRd", text="House of Representatives on 27 November 2014"
[parser-unknown-class] "2ndRd", text="Senate on 3 December 2014]"
[parse] sections: 4
[parse] compilation: date=(none) no=(none)
[parse] by level:
         section      4
[parser-diag] processed 58 <p> elements
[parser-diag] last section was added at element index: 50
[parser-diag] state phase at end: BODY
[parser-diag] hierarchy stack depth at end: 1
[parser-diag] insideSchedule at end: false
[db] inserted new legislation row: eb0b050c-1a92-473f-9ba1-3344adf06e09
[db] inserting 4 sections (pass 1)
[db] inserted 4 sections
[db] linking parent FKs (pass 2)
[db] linked 0 parent references

[done] ingested ACT Government Loan Act 2014
       legislation_id: eb0b050c-1a92-473f-9ba1-3344adf06e09
       sections: 4
       compilation: 2014-12-12
