[fetch] document_1: https://www.legislation.gov.au/C2015A00098/2016-07-01/2016-07-01/text/original/epub/OEBPS/document_1/document_1.html
[fetch] document_1: 43,117 bytes
[fetch] document_2: https://www.legislation.gov.au/C2015A00098/2016-07-01/2016-07-01/text/original/epub/OEBPS/document_2/document_2.html
[fetch] document_2 not found — stopping. Fetched 1 document(s).
[fetch] combined 1 document(s), 43,117 source bytes → 41,315 combined bytes
[citation] Imported Food Charges (Imposition—Excise) Act 2015 (Cth)
[parse] starting
[parser-diag] total <p> elements found: 198
[parser-diag] processed 198 <p> elements
[parser-diag] last section was added at element index: 98
[parser-diag] state phase at end: ENDNOTES
[parser-diag] hierarchy stack depth at end: 2
[parser-diag] insideSchedule at end: false
[parse] sections: 13
[parse] compilation: date=2016-07-01 no=1
[parse] by level:
         part         3
         section      10
[db] inserted new legislation row: 59462828-fd3d-4b8e-80d7-73b9e7545f02
[db] inserting 13 sections (pass 1)
[db] inserted 13 sections
[db] linking parent FKs (pass 2)
[db] linked 10 parent references

[done] ingested Imported Food Charges (Imposition—Excise) Act 2015
       legislation_id: 59462828-fd3d-4b8e-80d7-73b9e7545f02
       sections: 13
       compilation: 2016-07-01
