[fetch] document_1: https://www.legislation.gov.au/C2013A00020/2026-05-06/2026-05-06/text/original/epub/OEBPS/document_1/document_1.html
[fetch] document_1: 1,749,361 bytes
[fetch] document_2: https://www.legislation.gov.au/C2013A00020/2026-05-06/2026-05-06/text/original/epub/OEBPS/document_2/document_2.html
[fetch] document_2 not found — stopping. Fetched 1 document(s).
[fetch] combined 1 document(s), 1,749,361 source bytes → 1,746,348 combined bytes
[citation] National Disability Insurance Scheme Act 2013 (Cth)
[parse] starting
[parser-diag] total <p> elements found: 6469
[parser-diag] processed 6469 <p> elements
[parser-diag] last section was added at element index: 5360
[parser-diag] state phase at end: ENDNOTES
[parser-diag] hierarchy stack depth at end: 3
[parser-diag] insideSchedule at end: false
[parse] sections: 432
[parse] compilation: date=2026-05-06 no=25
[parse] by level:
         chapter      9
         part         34
         section      338
         division     43
         subdivision  8
[db] inserted new legislation row: fc1ec2aa-19db-45a3-9153-b9d8d93060de
[db] inserting 432 sections (pass 1)
[db] inserted 432 sections
[db] linking parent FKs (pass 2)
[db] linked 423 parent references

[done] ingested National Disability Insurance Scheme Act 2013
       legislation_id: fc1ec2aa-19db-45a3-9153-b9d8d93060de
       sections: 432
       compilation: 2026-05-06
