[fetch] document_1: https://www.legislation.gov.au/C2015A00123/2024-10-14/2024-10-14/text/original/epub/OEBPS/document_1/document_1.html
[fetch] document_1: 307,690 bytes
[fetch] document_2: https://www.legislation.gov.au/C2015A00123/2024-10-14/2024-10-14/text/original/epub/OEBPS/document_2/document_2.html
[fetch] document_2 not found — stopping. Fetched 1 document(s).
[fetch] combined 1 document(s), 307,690 source bytes → 305,627 combined bytes
[citation] Australian Small Business and Family Enterprise Ombudsman Act 2015 (Cth)
[parse] starting
[parser-diag] total <p> elements found: 1166
[parser-diag] processed 1166 <p> elements
[parse] sections: 126
[parse] compilation: date=2024-10-14 no=3
[parser-diag] last section was added at element index: 1021
[parser-diag] state phase at end: ENDNOTES
[parser-diag] hierarchy stack depth at end: 3
[parser-diag] insideSchedule at end: false
[parse] by level:
         part         5
         section      99
         division     18
         subdivision  4
[db] inserted new legislation row: 6bed238d-3564-49f7-8eb1-a8b442676140
[db] inserting 126 sections (pass 1)
[db] inserted 126 sections
[db] linking parent FKs (pass 2)
[db] linked 121 parent references

[done] ingested Australian Small Business and Family Enterprise Ombudsman Act 2015
       legislation_id: 6bed238d-3564-49f7-8eb1-a8b442676140
       sections: 126
       compilation: 2024-10-14
