[fetch] document_1: https://www.legislation.gov.au/C2011A00152/2011-12-04/2011-12-04/text/original/epub/OEBPS/document_1/document_1.html
[fetch] document_1: 94,841 bytes
[fetch] document_2: https://www.legislation.gov.au/C2011A00152/2011-12-04/2011-12-04/text/original/epub/OEBPS/document_2/document_2.html
[fetch] document_2 not found — stopping. Fetched 1 document(s).
[fetch] combined 1 document(s), 94,841 source bytes → 92,912 combined bytes
[citation] Australian Renewable Energy Agency (Consequential Amendments and Transitional Provisions) Act 2011 (Cth)
[parse] starting
[parser-diag] total <p> elements found: 424
[parser-unknown-class] "ActHead6", text="Schedule 1—Repeal and consequential amendments"
[parser-unknown-class] "ActHead7", text="Part 1—Repeal of the Australian Centre for Renewable Energy Act 2010"
[parser-unknown-class] "ActHead9", text="Australian Centre for Renewable Energy Act 2010"
[parser-unknown-class] "ItemHead", text="1  The whole of the Act"
[parser-unknown-class] "ActHead7", text="Part 2—Consequential amendments"
[parser-unknown-class] "ActHead9", text="Clean Energy Regulator Act 2011"
[parser-unknown-class] "ItemHead", text="2  After paragraph 49(1)(u)"
[parser-unknown-class] "ActHead6", text="Schedule 2—Transitional provisions"
[parser-unknown-class] "ActHead7", text="Part 1—Preliminary"
[parser-unknown-class] "ItemHead", text="1  Definitions"
[parser-unknown-class] "Subitem", text="(1) In this Schedule:"
[parser-unknown-class] "Subitem", text="(2) The Minister may, by legislative instrument, determine a day for the purpose of paragraph (b)..."
[parser-unknown-class] "ActHead7", text="Part 2—Transfer of assets and liabilities"
[parser-unknown-class] "ActHead8", text="Division 1—Transfer from the Commonwealth to ARENA"
[parser-unknown-class] "ItemHead", text="2  The transferred Commonwealth funding agreements"
[parser-unknown-class] "Subitem", text="(1) The transferred Commonwealth funding agreements are:"
[parser-unknown-class] "Subitem", text="(2) The Minister may, by legislative instrument:"
[parser-unknown-class] "ItemHead", text="3  Assets and liabilities under transferred Commonwealth funding agreements: transfer to ARENA"
[parser-unknown-class] "Subitem", text="(1) At the first transition time, the assets and liabilities of the Commonwealth, under the trans..."
[parser-unknown-class] "Subitem", text="(2) To avoid doubt, ARENA’s money may be applied in discharging liabilities to which subitem (1) ..."
[parser-unknown-class] "ItemHead", text="4  ARENA’s functions include administering transferred Commonwealth funding agreements"
[parser-unknown-class] "ItemHead", text="5  Dealing with undecided applications"
[parser-unknown-class] "Subitem", text="(1) This item applies if:"
[parser-unknown-class] "Subitem", text="(2) After the first transition time:"
[parser-unknown-class] "ItemHead", text="6  MOU with Geoscience Australia"
[parser-unknown-class] "SubitemHead", text="Application"
[parser-unknown-class] "Subitem", text="(1) This item applies to the Memorandum of Understanding (the MOU) for the Provision of Spatial I..."
[parser-unknown-class] "SubitemHead", text="Effect of MOU"
[parser-unknown-class] "Subitem", text="(2) Subject to this item, the MOU:"
[parser-unknown-class] "SubitemHead", text="Provisions of this Schedule that don’t apply to the transferred MOU"
[parser-unknown-class] "Subitem", text="(3) The following provisions of this Schedule do not apply in relation to the MOU as it has effec..."
[parser-unknown-class] "SubitemHead", text="Application of ARENA’s money"
[parser-unknown-class] "Subitem", text="(4) To avoid doubt, ARENA’s money may be applied in discharging liabilities under the transferred..."
[parser-unknown-class] "SubitemHead", text="References in transferred MOU"
[parser-unknown-class] "Subitem", text="(5) References in the transferred MOU to the Department of Resources, Energy and Tourism (or RET)..."
[parser-unknown-class] "SubitemHead", text="Transfer of custody of records or documents"
[parser-unknown-class] "Subitem", text="(6) Any of the following that are in the custody of the Commonwealth (otherwise than as represent..."
[parser-unknown-class] "Subitem", text="(7) Section 20 of the Commonwealth Authorities and Companies Act 1997 applies in relation to acco..."
[parser-unknown-class] "SubitemHead", text="Power to modify MOU"
[parser-unknown-class] "Subitem", text="(8) At any time before 1 August 2012, the Minister may, for the purpose of ensuring the effective..."
[parser-unknown-class] "Subitem", text="(9) A determination under subitem (8) is not a legislative instrument."
[parser-unknown-class] "SubitemHead", text="Parties may vary or terminate transferred MOU"
[parser-unknown-class] "Subitem", text="(10) This item does not, by implication, prevent ARENA and the Commonwealth from varying the tran..."
[parser-unknown-class] "ActHead8", text="Division 2—Transfer from ASI Limited to ARENA and the Commonwealth"
[parser-unknown-class] "ItemHead", text="7  The transferred ASI Limited funding agreements"
[parser-unknown-class] "ItemHead", text="8  Assets and liabilities under transferred ASI Limited funding agreements: transfer to ARENA"
[parser-unknown-class] "Subitem", text="(1) At the second transition time, the assets and liabilities of ASI Limited, under the transferr..."
[parser-unknown-class] "Subitem", text="(2) To avoid doubt, ARENA’s money may be applied in discharging liabilities to which subitem (1) ..."
[parser-unknown-class] "ItemHead", text="9  ARENA’s functions include administering transferred ASI Limited funding agreements"
[parser-unknown-class] "ItemHead", text="10  Other ASI Limited assets and liabilities: transfer to Commonwealth"
[parser-unknown-class] "ItemHead", text="11  Dealing with undecided applications"
[parser-unknown-class] "Subitem", text="(1) This item applies if:"
[parser-unknown-class] "Subitem", text="(2) After the second transition time:"
[parser-unknown-class] "ActHead8", text="Division 3—General provisions"
[parser-unknown-class] "ItemHead", text="12  Certificates relating to vesting of land"
[parser-unknown-class] "Subitem", text="(1) This item applies if:"
[parser-unknown-class] "Subitem", text="(2) The land registration official may:"
[parser-unknown-class] "Subitem", text="(3) A certificate made under subitem (1) is not a legislative instrument."
[parser-unknown-class] "ItemHead", text="13  Certificates for vesting of assets other than land"
[parser-unknown-class] "Subitem", text="(1) This item applies if:"
[parser-unknown-class] "Subitem", text="(2) The assets official may:"
[parser-unknown-class] "Subitem", text="(3) A certificate made under subitem (1) is not a legislative instrument."
[parser-unknown-class] "ItemHead", text="14  Exemption from stamp duty and other State or Territory taxes"
[parser-unknown-class] "Subitem", text="(1) No stamp duty or other tax is payable under a law of a State or a Territory in respect of an ..."
[parser-unknown-class] "Subitem", text="(2) An exempt matter is:"
[parser-unknown-class] "Subitem", text="(3) The Minister may certify in writing:"
[parser-unknown-class] "Subitem", text="(4) A certificate made under subitem (3) is not a legislative instrument."
[parser-unknown-class] "ItemHead", text="15  Certificates taken to be authentic"
[parser-unknown-class] "ActHead7", text="Part 3—Office holders and staff"
[parser-unknown-class] "ActHead8", text="Division 1—ACRE Board"
[parser-unknown-class] "ItemHead", text="16  No transfer of appointment of ACRE Board members"
[parser-unknown-class] "ActHead8", text="Division 2—Office holders and staff of ASI Limited"
[parser-unknown-class] "ItemHead", text="17  Termination of officer holders of ASI Limited"
[parser-unknown-class] "Subitem", text="(1) Before the second transition time, the Minister may, in writing:"
[parser-unknown-class] "Subitem", text="(2) An instrument made under subitem (1) has effect accordingly, and takes effect immediately bef..."
[parser-unknown-class] "Subitem", text="(3) An instrument made under subitem (1) is not a legislative instrument."
[parser-unknown-class] "ItemHead", text="18  No transfer of appointment, engagement or employment of ASI Limited office holders or staff"
[parser-unknown-class] "Subitem", text="(1) Nothing in this Schedule produces the result that the appointment, engagement or employment o..."
[parser-unknown-class] "Subitem", text="(2) The following are ASI Limited officers:"
[parser-unknown-class] "Subitem", text="(3) To avoid doubt, if a person ceases to be an employee of ASI Limited (and becomes an APS emplo..."
[parser-unknown-class] "ItemHead", text="19  Accrued entitlements etc. of ASI Limited employees who become APS employees"
[parser-unknown-class] "SubitemHead", text="Persons to whom this item applies"
[parser-unknown-class] "Subitem", text="(1) This item applies to a person if:"
[parser-unknown-class] "SubitemHead", text="Preservation of accrued entitlements"
[parser-unknown-class] "Subitem", text="(2) The person is taken to have accrued an entitlement to benefits, in connection with becoming a..."
[parser-unknown-class] "SubitemHead", text="Continuity of service"
[parser-unknown-class] "Subitem", text="(3) The service of the person as an APS employee is taken, for all purposes, to be continuous wit..."
[parser-unknown-class] "SubitemHead", text="Long service leave"
[parser-unknown-class] "Subitem", text="(4) For the purposes of the Long Service Leave (Commonwealth Employees) Act 1976, the person’s se..."
[parser-unknown-class] "SubitemHead", text="Maternity leave"
[parser-unknown-class] "Subitem", text="(5) For the purposes of the Maternity Leave (Commonwealth Employees) Act 1973, the person’s servi..."
[parser-unknown-class] "ActHead7", text="Part 4—Instruments, legal proceedings and records"
[parser-unknown-class] "ActHead8", text="Division 1—The Commonwealth and the ACRE Board"
[parser-unknown-class] "ItemHead", text="20  References in instruments to the Commonwealth or the ACRE Board"
[parser-unknown-class] "Subitem", text="(1) This item applies to an instrument that:"
[parser-unknown-class] "Subitem", text="(2) If the instrument:"
[parser-unknown-class] "Subitem", text="(3) If the instrument contains a reference to the ACRE Board and subitem (2) does not apply, then..."
[parser-unknown-class] "Subitem", text="(4) This item does not, by implication, prevent the instrument from being varied or terminated af..."
[parser-unknown-class] "ItemHead", text="21  Legal proceedings of the Commonwealth or the ACRE Board"
[parser-unknown-class] "Subitem", text="(1) This item applies to any proceedings:"
[parser-unknown-class] "Subitem", text="(2) If the proceedings relate to:"
[parser-unknown-class] "Subitem", text="(3) If the ACRE Board is a party to the proceedings and subitem (2) does not apply, then the Comm..."
[parser-unknown-class] "ItemHead", text="22  Transfer of custody of records or documents of the Commonwealth or the ACRE Board"
[parser-unknown-class] "Subitem", text="(1) This item applies to a record or document that, immediately before the first transition time,..."
[parser-unknown-class] "Subitem", text="(2) If the record or document:"
[parser-unknown-class] "Subitem", text="(3) If the record or document was in the custody of the ACRE Board and subitem (2) does not apply..."
[parser-unknown-class] "Subitem", text="(4) Section 20 of the Commonwealth Authorities and Companies Act 1997 applies in relation to acco..."
[parser-unknown-class] "ActHead8", text="Division 2—ASI Limited"
[parser-unknown-class] "ItemHead", text="23  References in instruments to ASI Limited"
[parser-unknown-class] "Subitem", text="(1) This item applies to an instrument that:"
[parser-unknown-class] "Subitem", text="(2) If the instrument:"
[parser-unknown-class] "Subitem", text="(3) If subitem (2) does not apply to the instrument, then the reference to ASI Limited has effect..."
[parser-unknown-class] "Subitem", text="(4) This item does not, by implication, prevent the instrument from being varied or terminated af..."
[parser-unknown-class] "ItemHead", text="24  Legal proceedings of ASI Limited"
[parser-unknown-class] "Subitem", text="(1) This item applies to any proceedings:"
[parser-unknown-class] "Subitem", text="(2) If the proceedings relate to:"
[parser-unknown-class] "Subitem", text="(3) If subitem (2) does not apply to the proceedings, then the Commonwealth is, at and after the ..."
[parser-unknown-class] "ItemHead", text="25  Transfer of custody of records or documents of ASI Limited"
[parser-unknown-class] "Subitem", text="(1) This item applies to a record or document that, immediately before the second transition time..."
[parser-unknown-class] "Subitem", text="(2) If the record or document:"
[parser-unknown-class] "Subitem", text="(3) If subitem (2) does not apply to the record or document, then, after the second transition ti..."
[parser-unknown-class] "Subitem", text="(4) Section 20 of the Commonwealth Authorities and Companies Act 1997 applies in relation to acco..."
[parser-unknown-class] "ActHead7", text="Part 5—Annual reports, returns etc."
[parser-unknown-class] "ItemHead", text="26  Final annual report on ACRE Board"
[parser-unknown-class] "Subitem", text="(1) As soon as practicable after the first transition time, the ARENA Board must prepare, and giv..."
[parser-unknown-class] "Subitem", text="(2) The report must include details of any written directions given to the ACRE Board by the Mini..."
[parser-unknown-class] "Subitem", text="(3) The report is taken to be a periodic report for the purpose of section 34C of the Acts Interp..."
[parser-unknown-class] "Subitem", text="(4) The Secretary must provide reasonable assistance to the ARENA Board for the purpose of prepar..."
[parser-unknown-class] "ItemHead", text="27  Reports, returns etc. of ASI Limited"
[parser-unknown-class] "Subitem", text="(1) This item applies to a report, return or other document if, at a time (the relevant time) tha..."
[parser-unknown-class] "Subitem", text="(2) The ARENA Board, is instead required, at the relevant time, to prepare or lodge the report, r..."
[parser-unknown-class] "Subitem", text="(3) The Secretary must provide reasonable assistance to the ARENA Board for the purpose of prepar..."
[parser-unknown-class] "ItemHead", text="28  ARENA’s annual report to include particulars of assistance provided under transferred funding..."
[parser-unknown-class] "ActHead7", text="Part 6—Appointment of first CEO of ARENA"
[parser-unknown-class] "ItemHead", text="29  Appointment of first CEO of ARENA"
[parser-unknown-class] "Subitem", text="(1) This item applies if, before the first transition time:"
[parser-unknown-class] "Subitem", text="(2) The Minister may, before the first transition time, appoint the recommended candidate as the ..."
[parser-unknown-class] "Subitem", text="(3) The Minister may also, before the first transition time, make a determination of terms and co..."
[parser-unknown-class] "Subitem", text="(4) The appointment, and any such determination of terms and conditions, take effect at the first..."
[parser-unknown-class] "ActHead7", text="Part 7—Other transitional matters"
[parser-unknown-class] "ItemHead", text="30  Director’s obligations—ASI Limited’s books"
[parser-unknown-class] "ItemHead", text="31  Compensation for acquisition of property"
[parser-unknown-class] "Subitem", text="(1) If the operation of this Schedule would result in an acquisition of property from a person ot..."
[parser-unknown-class] "Subitem", text="(2) If the Commonwealth and the person do not agree on the amount of the compensation, the person..."
[parser-unknown-class] "Subitem", text="(3) In this item:"
[parser-unknown-class] "ItemHead", text="32  Delegation by Minister"
[parser-unknown-class] "Subitem", text="(1) Subject to subitem (2), the Minister may, in writing, delegate all or any of his or her power..."
[parser-unknown-class] "Subitem", text="(2) The Minister cannot delegate his or her powers and functions under any of the following provi..."
[parser-unknown-class] "Subitem", text="(3) In exercising powers or functions under a delegation, the delegate must comply with any direc..."
[parser-unknown-class] "ItemHead", text="33  Delegation by ARENA and ARENA Board"
[parser-unknown-class] "Subitem", text="(1) Any functions or powers that ARENA has because of this Schedule may be delegated, or subdeleg..."
[parser-unknown-class] "Subitem", text="(2) Any functions or powers that the ARENA Board has because of this Schedule may be delegated, o..."
[parser-unknown-class] "ItemHead", text="34  Regulations"
[parser-unknown-class] "Subitem", text="(1) The Governor‑General may make regulations prescribing matters:"
[parser-unknown-class] "Subitem", text="(2) The regulations may prescribe matters of a transitional nature (including prescribing any sav..."
[parse] sections: 3
[parse] compilation: date=(none) no=(none)
[parser-unknown-class] "Subitem", text="(3) The regulations may provide that provisions of this Schedule are taken to be modified as set ..."
[parser-unknown-class] "Subitem", text="(4) Subitems (2) and (3) do not limit subitem (1)."
[parser-unknown-class] "2ndRd", text="[Minister’s second reading speech made in—"
[parser-unknown-class] "2ndRd", text="House of Representatives on 12 October 2011"
[parser-unknown-class] "2ndRd", text="Senate on 2 November 2011]"
[parser-diag] processed 424 <p> elements
[parser-diag] last section was added at element index: 86
[parser-diag] state phase at end: BODY
[parser-diag] hierarchy stack depth at end: 1
[parser-diag] insideSchedule at end: false
[parse] by level:
         section      3
[db] inserted new legislation row: 972b8a66-dc8f-4111-bb29-f633a8f994c9
[db] inserting 3 sections (pass 1)
[db] inserted 3 sections
[db] linking parent FKs (pass 2)
[db] linked 0 parent references

[done] ingested Australian Renewable Energy Agency (Consequential Amendments and Transitional Provisions) Act 2011
       legislation_id: 972b8a66-dc8f-4111-bb29-f633a8f994c9
       sections: 3
       compilation: 2011-12-04
