[fetch] document_1: https://www.legislation.gov.au/C2014A00093/2024-03-20/2024-03-20/text/original/epub/OEBPS/document_1/document_1.html
[fetch] document_1: 434,907 bytes
[fetch] document_2: https://www.legislation.gov.au/C2014A00093/2024-03-20/2024-03-20/text/original/epub/OEBPS/document_2/document_2.html
[fetch] document_2 not found — stopping. Fetched 1 document(s).
[fetch] combined 1 document(s), 434,907 source bytes → 433,039 combined bytes
[citation] Regulatory Powers (Standard Provisions) Act 2014 (Cth)
[parse] starting
[parser-diag] total <p> elements found: 1649
[parser-diag] processed 1649 <p> elements
[parser-diag] last section was added at element index: 1446
[parser-diag] state phase at end: ENDNOTES
[parser-diag] hierarchy stack depth at end: 2
[parser-diag] insideSchedule at end: false
[parse] sections: 167
[parse] compilation: date=2024-03-20 no=4
[parse] by level:
         part         8
         section      128
         division     27
         subdivision  4
[db] inserted new legislation row: 57f634ad-c9e2-4981-a975-3fbff64c5f44
[db] inserting 167 sections (pass 1)
[db] inserted 167 sections
[db] linking parent FKs (pass 2)
[db] linked 159 parent references

[done] ingested Regulatory Powers (Standard Provisions) Act 2014
       legislation_id: 57f634ad-c9e2-4981-a975-3fbff64c5f44
       sections: 167
       compilation: 2024-03-20
