[fetch] document_1: https://www.legislation.gov.au/C2015A00118/2023-10-20/2023-10-20/text/original/epub/OEBPS/document_1/document_1.html
[fetch] document_1: 288,682 bytes
[fetch] document_2: https://www.legislation.gov.au/C2015A00118/2023-10-20/2023-10-20/text/original/epub/OEBPS/document_2/document_2.html
[fetch] document_2 not found — stopping. Fetched 1 document(s).
[fetch] combined 1 document(s), 288,682 source bytes → 286,717 combined bytes
[citation] Australian Defence Force Cover Act 2015 (Cth)
[parse] starting
[parser-diag] total <p> elements found: 1136
[parser-diag] processed 1136 <p> elements
[parser-diag] last section was added at element index: 900
[parser-diag] state phase at end: ENDNOTES
[parser-diag] hierarchy stack depth at end: 2
[parser-diag] insideSchedule at end: false
[parse] sections: 112
[parse] compilation: date=2023-10-20 no=7
[parse] by level:
         part         6
         division     23
         section      68
         subdivision  15
[db] inserted new legislation row: 5c916bbf-05f7-416a-9a6d-5e86ba164df8
[db] inserting 112 sections (pass 1)
[db] inserted 112 sections
[db] linking parent FKs (pass 2)
[db] linked 106 parent references

[done] ingested Australian Defence Force Cover Act 2015
       legislation_id: 5c916bbf-05f7-416a-9a6d-5e86ba164df8
       sections: 112
       compilation: 2023-10-20
