[fetch] document_1: https://www.legislation.gov.au/C2011A00038/2024-04-09/2024-04-09/text/original/epub/OEBPS/document_1/document_1.html
[fetch] document_1: 115,831 bytes
[fetch] document_2: https://www.legislation.gov.au/C2011A00038/2024-04-09/2024-04-09/text/original/epub/OEBPS/document_2/document_2.html
[fetch] document_2 not found — stopping. Fetched 1 document(s).
[fetch] combined 1 document(s), 115,831 source bytes → 113,983 combined bytes
[citation] Autonomous Sanctions Act 2011 (Cth)
[parse] starting
[parser-diag] total <p> elements found: 485
[parser-diag] processed 485 <p> elements
[parser-diag] last section was added at element index: 332
[parser-diag] state phase at end: ENDNOTES
[parser-diag] hierarchy stack depth at end: 2
[parser-diag] insideSchedule at end: false
[parse] sections: 36
[parse] compilation: date=2024-04-09 no=4
[parse] by level:
         part         5
         section      29
         division     2
[db] inserted new legislation row: db7d1cae-4885-40b5-84fe-67f85e7ec680
[db] inserting 36 sections (pass 1)
[db] inserted 36 sections
[db] linking parent FKs (pass 2)
[db] linked 31 parent references

[done] ingested Autonomous Sanctions Act 2011
       legislation_id: db7d1cae-4885-40b5-84fe-67f85e7ec680
       sections: 36
       compilation: 2024-04-09
