[fetch] document_1: https://www.legislation.gov.au/C2013A00091/2013-06-28/2013-06-28/text/original/epub/OEBPS/document_1/document_1.html
[fetch] document_1: 19,217 bytes
[fetch] document_2: https://www.legislation.gov.au/C2013A00091/2013-06-28/2013-06-28/text/original/epub/OEBPS/document_2/document_2.html
[fetch] document_2 not found — stopping. Fetched 1 document(s).
[fetch] combined 1 document(s), 19,217 source bytes → 18,354 combined bytes
[citation] International Interests in Mobile Equipment (Cape Town Convention) Act 2013 (Cth)
[parse] starting
[parser-diag] total <p> elements found: 100
[parser-unknown-class] "2ndRd", text="[Minister’s second reading speech made in—"
[parser-unknown-class] "2ndRd", text="House of Representatives on 29 May 2013"
[parser-unknown-class] "2ndRd", text="Senate on 17 June 2013]"
[parser-diag] processed 100 <p> elements
[parser-diag] last section was added at element index: 87
[parser-diag] state phase at end: BODY
[parser-diag] hierarchy stack depth at end: 1
[parser-diag] insideSchedule at end: false
[parse] sections: 10
[parse] compilation: date=(none) no=(none)
[parse] by level:
         section      10
[db] inserted new legislation row: ebb6f3b9-8b7e-44cc-bff3-b5a9a8c9c488
[db] inserting 10 sections (pass 1)
[db] inserted 10 sections
[db] linking parent FKs (pass 2)
[db] linked 0 parent references

[done] ingested International Interests in Mobile Equipment (Cape Town Convention) Act 2013
       legislation_id: ebb6f3b9-8b7e-44cc-bff3-b5a9a8c9c488
       sections: 10
       compilation: 2013-06-28
