[fetch] document_1: https://www.legislation.gov.au/C2015A00116/2024-07-06/2024-07-06/text/original/epub/OEBPS/document_1/document_1.html
[fetch] document_1: 268,593 bytes
[fetch] document_2: https://www.legislation.gov.au/C2015A00116/2024-07-06/2024-07-06/text/original/epub/OEBPS/document_2/document_2.html
[fetch] document_2 not found — stopping. Fetched 1 document(s).
[fetch] combined 1 document(s), 268,593 source bytes → 266,652 combined bytes
[citation] Medical Research Future Fund Act 2015 (Cth)
[parse] starting
[parser-diag] total <p> elements found: 1008
[parser-diag] processed 1008 <p> elements
[parser-diag] last section was added at element index: 825
[parser-diag] state phase at end: ENDNOTES
[parser-diag] hierarchy stack depth at end: 2
[parser-diag] insideSchedule at end: false
[parse] sections: 103
[parse] compilation: date=2024-07-06 no=9
[parse] by level:
         part         7
         section      79
         division     11
         subdivision  6
[db] inserted new legislation row: 80e62c4f-5f51-4d26-bf08-a05d62655ad3
[db] inserting 103 sections (pass 1)
[db] inserted 103 sections
[db] linking parent FKs (pass 2)
[db] linked 96 parent references

[done] ingested Medical Research Future Fund Act 2015
       legislation_id: 80e62c4f-5f51-4d26-bf08-a05d62655ad3
       sections: 103
       compilation: 2024-07-06
