[fetch] document_1: https://www.legislation.gov.au/C2012A00050/2012-05-27/2012-05-27/text/original/epub/OEBPS/document_1/document_1.html
[fetch] document_1: 271,886 bytes
[fetch] document_2: https://www.legislation.gov.au/C2012A00050/2012-05-27/2012-05-27/text/original/epub/OEBPS/document_2/document_2.html
[fetch] document_2 not found — stopping. Fetched 1 document(s).
[fetch] combined 1 document(s), 271,886 source bytes → 269,637 combined bytes
[citation] Family Assistance and Other Legislation Amendment (Schoolkids Bonus Budget Measures) Act 2012 (Cth)
[parse] starting
[parser-diag] total <p> elements found: 1059
[parser-unknown-class] "ActHead6", text="Schedule 1—ETR payment"
[parser-unknown-class] "ActHead7", text="Part 1—ETR payment"
[parser-unknown-class] "ActHead9", text="A New Tax System (Family Assistance) Act 1999"
[parser-unknown-class] "ItemHead", text="1  Subsection 3(1)"
[parser-unknown-class] "ItemHead", text="2  After Part 7"
[parser-unknown-class] "ActHead9", text="A New Tax System (Family Assistance) (Administration) Act 1999"
[parser-unknown-class] "ItemHead", text="3  After Division 4C of Part 3"
[parser-unknown-class] "ItemHead", text="4  At the end of subsection 66(1)"
[parser-unknown-class] "ItemHead", text="5  Section 70"
[parser-unknown-class] "ItemHead", text="6  After section 71L"
[parser-unknown-class] "ItemHead", text="7  Paragraph 74(a)"
[parser-unknown-class] "ItemHead", text="8  Subsection 82(3) (paragraph (a) of the definition of debt)"
[parser-unknown-class] "ItemHead", text="9  Subsection 93A(6) (at the end of the definition of family assistance payment)"
[parser-unknown-class] "ItemHead", text="10  Subsection 106(3)"
[parser-unknown-class] "ItemHead", text="11  Subsection 109D(4)"
[parser-unknown-class] "ItemHead", text="12  Paragraph 109D(5)(a)"
[parser-unknown-class] "ItemHead", text="13  Section 219TA (at the end of the definition of relevant benefit)"
[parser-unknown-class] "ActHead9", text="Social Security Act 1991"
[parser-unknown-class] "ItemHead", text="14  Paragraph 8(8)(jaa)"
[parser-unknown-class] "ItemHead", text="15  After paragraph 8(8)(yha)"
[parser-unknown-class] "ActHead9", text="Social Security (Administration) Act 1999"
[parser-unknown-class] "ItemHead", text="16  Section 123TC"
[parser-unknown-class] "ItemHead", text="17  After Subdivision DE of Division 5 of Part 3B"
[parser-unknown-class] "ActHead9", text="Veterans’ Entitlements Act 1986"
[parser-unknown-class] "ItemHead", text="18  Section 5 (index of definitions)"
[parser-unknown-class] "ItemHead", text="19  Paragraph 5H(8)(paa)"
[parser-unknown-class] "ItemHead", text="20  After paragraph 5H(8)(zzah)"
[parser-unknown-class] "ItemHead", text="21  At the end of subsection 5H(8) (before the note)"
[parser-unknown-class] "ItemHead", text="22  Subsection 5Q(1)"
[parser-unknown-class] "ItemHead", text="23  After Part VIIG"
[parser-unknown-class] "ActHead7", text="Part 2—Administrative scheme for ETR payments"
[parser-unknown-class] "ItemHead", text="24  Administrative scheme for ETR payments"
[parser-unknown-class] "Subitem", text="(1) The Minister administering the A New Tax System (Family Assistance) Act 1999 in respect of fa..."
[parser-unknown-class] "Subitem", text="(2) The scheme may only provide for payments to be made in circumstances:"
[parser-unknown-class] "Subitem", text="(3) Without limiting subitem (1), the scheme may deal with the following:"
[parser-unknown-class] "Subitem", text="(4) Payments under the scheme are to be made out of the Consolidated Revenue Fund, which is appro..."
[parser-unknown-class] "Subitem", text="(5) A reference in this item to a person includes a reference to an approved care organisation wi..."
[parser-unknown-class] "ActHead7", text="Part 3—Other amendments"
[parser-unknown-class] "ActHead9", text="A New Tax System (Family Assistance) (Administration) Act 1999"
[parser-unknown-class] "ItemHead", text="25  Subsection 65HA(2)"
[parser-unknown-class] "ActHead6", text="Schedule 2—Schoolkids bonus"
[parser-unknown-class] "ActHead7", text="Part 1—Main amendments"
[parser-unknown-class] "ActHead9", text="A New Tax System (Family Assistance) Act 1999"
[parser-unknown-class] "ItemHead", text="1  Subsection 3(1)"
[parser-unknown-class] "ItemHead", text="2  Subsection 3(1) (at the end of the definition of family assistance)"
[parser-unknown-class] "ItemHead", text="3  Subsection 3(1) (after paragraph (b) of the definition of FTB child)"
[parser-unknown-class] "ItemHead", text="4  Subsection 3(1)"
[parser-unknown-class] "ItemHead", text="5  Subsection 3(1)"
[parser-unknown-class] "ItemHead", text="6  Subsection 3(1)"
[parser-unknown-class] "ItemHead", text="7  Subsection 3(1)"
[parser-unknown-class] "ItemHead", text="8  Subsection 3(1)"
[parser-unknown-class] "ItemHead", text="9  After Division 1 of Part 3"
[parser-unknown-class] "ItemHead", text="10  After Division 1 of Part 4"
[parser-unknown-class] "ItemHead", text="11  Clause 2 of Schedule 4 (table items 17A and 17AAA)"
[parser-unknown-class] "ItemHead", text="12  Subclause 3(1) of Schedule 4 (table items 17A and 17AAA)"
[parser-unknown-class] "ActHead9", text="A New Tax System (Family Assistance) (Administration) Act 1999"
[parser-unknown-class] "ItemHead", text="13  After Division 2 of Part 3"
[parser-unknown-class] "ItemHead", text="14  After paragraph 66(1)(b)"
[parser-unknown-class] "ItemHead", text="15  Paragraph 71(1)(a)"
[parser-unknown-class] "ItemHead", text="16  Subsection 93A(6) (after paragraph (aa) of the definition of family assistance payment)"
[parser-unknown-class] "ItemHead", text="17  Section 219TA (after paragraph (c) of the definition of relevant benefit)"
[parser-unknown-class] "ActHead9", text="Social Security (Administration) Act 1999"
[parser-unknown-class] "ItemHead", text="18  Before Subdivision E of Division 5 of Part 3B"
[parser-unknown-class] "ActHead7", text="Part 2—Application and transitional provisions"
[parser-unknown-class] "ItemHead", text="19  Application—indexation"
[parser-unknown-class] "ItemHead", text="20  Application—relevant schoolkids bonus child"
[parser-unknown-class] "ItemHead", text="21  Transitional—amount of schoolkids bonus"
[parser-unknown-class] "Subitem", text="(1) This item applies if:"
[parser-unknown-class] "Subitem", text="(2) This item also applies if:"
[parser-unknown-class] "Subitem", text="(3) Section 65B of the A New Tax System (Family Assistance) Act 1999 applies in relation to the b..."
[parser-unknown-class] "ActHead7", text="Part 3—Other amendments"
[parser-unknown-class] "ActHead9", text="A New Tax System (Family Assistance) (Administration) Act 1999"
[parser-unknown-class] "ItemHead", text="22  Subsection 35G(2)"
[parser-unknown-class] "ActHead6", text="Schedule 3—Other amendments"
[parser-unknown-class] "ActHead9", text="Income Tax Assessment Act 1997"
[parser-unknown-class] "ItemHead", text="1  Section 11‑15 (table item headed “family assistance”)"
[parser-unknown-class] "tableIndentText", text="economic security strategy payment to families......."
[parser-unknown-class] "tableText0", text="52‑150"
[parser-unknown-class] "tableIndentText", text="ETR payment............................."
[parser-unknown-class] "tableText0", text="52‑150"
[parser-unknown-class] "tableIndentText", text="ETR payment, payments under the scheme determined under Part 2 of Schedule 1 to the Family Assist..."
[parser-unknown-class] "tableText0", text="52‑162"
[parser-unknown-class] "ItemHead", text="2  Section 11‑15 (table item headed “family assistance”)"
[parser-unknown-class] "tableIndentText", text="clean energy advance........................"
[parser-unknown-class] "tableText0", text="52‑150"
[parser-unknown-class] "tableIndentText", text="schoolkids bonus..........................."
[parser-unknown-class] "tableText0", text="52‑150"
[parser-unknown-class] "ItemHead", text="3  Section 11‑15 (table item headed “social security or like payments”)"
[parser-unknown-class] "tableIndentText", text="education entry payment supplement under the Social Security Act 1991"
[parser-unknown-class] "tableText0", text="52‑10"
[parser-unknown-class] "tableIndentText", text="ETR payment under the Veterans’ Entitlements Act 1986"
[parser-unknown-class] "tableText0", text="52‑65"
[parser-unknown-class] "tableIndentText", text="ETR payment, payments under the scheme determined under Part 2 of Schedule 1 to the Family Assist..."
[parser-unknown-class] "tableText0", text="52‑162"
[parser-unknown-class] "ItemHead", text="4  Section 13‑1 (table item headed “education expenses”)"
[parser-unknown-class] "ItemHead", text="5  After paragraph 52‑65(1)(d)"
[parser-unknown-class] "ItemHead", text="6  After subsection 52‑65(1G)"
[parser-unknown-class] "ItemHead", text="7  Section 52‑75 (after table item 5B)"
[parser-unknown-class] "ItemHead", text="8  Section 52‑150"
[parser-unknown-class] "ItemHead", text="9  After section 52‑160"
[parser-unknown-class] "ItemHead", text="10  At the end of section 61‑600"
[parser-unknown-class] "ItemHead", text="11  Subsections 61‑610(1) and (2)"
[parser-unknown-class] "ItemHead", text="12  Application"
[parser-unknown-class] "ItemHead", text="13  Section 67‑23 (table item 12)"
[parser-diag] processed 1059 <p> elements
[parser-diag] last section was added at element index: 938
[parser-diag] state phase at end: ENDNOTES
[parser-diag] hierarchy stack depth at end: 4
[parser-diag] insideSchedule at end: false
[parse] sections: 60
[parse] compilation: date=(none) no=(none)
[parse] by level:
         section      41
         part         2
         division     10
         subdivision  7
[db] inserted new legislation row: 5da5b847-611a-4ed6-b88c-92d366fe454b
[db] inserting 60 sections (pass 1)
[db] inserted 60 sections
[db] linking parent FKs (pass 2)
[db] linked 55 parent references

[done] ingested Family Assistance and Other Legislation Amendment (Schoolkids Bonus Budget Measures) Act 2012
       legislation_id: 5da5b847-611a-4ed6-b88c-92d366fe454b
       sections: 60
       compilation: 2012-05-27
