[fetch] document_1: https://www.legislation.gov.au/C2012A00169/2012-12-03/2012-12-03/text/original/epub/OEBPS/document_1/document_1.html
[fetch] document_1: 395,351 bytes
[fetch] document_2: https://www.legislation.gov.au/C2012A00169/2012-12-03/2012-12-03/text/original/epub/OEBPS/document_2/document_2.html
[fetch] document_2 not found — stopping. Fetched 1 document(s).
[fetch] combined 1 document(s), 395,351 source bytes → 389,538 combined bytes
[citation] Australian Charities and Not-for-profits Commission (Consequential and Transitional) Act 2012 (Cth)
[parse] starting
[parser-diag] total <p> elements found: 1845
[parser-unknown-class] "ActHead6", text="Schedule 1—Application and transitional provisions"
[parser-unknown-class] "ActHead7", text="Part 1—Dictionary"
[parser-unknown-class] "ItemHead", text="1  Dictionary"
[parser-unknown-class] "ActHead7", text="Part 2—Registration"
[parser-unknown-class] "ActHead8", text="Division 1—Endorsed entities"
[parser-unknown-class] "ItemHead", text="2  Charities"
[parser-unknown-class] "Subitem", text="(1) This item applies to an entity:"
[parser-unknown-class] "Subitem", text="(2) The Commissioner is treated as having registered the entity on the commencement day under Div..."
[parser-unknown-class] "SubitemHead", text="Charities for the advancement of religion"
[parser-unknown-class] "Subitem", text="(3) Subitems (4) and (5) apply if the entity notifies the Commissioner that, on the day before th..."
[parser-unknown-class] "Subitem", text="(4) The Commissioner is treated as having registered the entity on the commencement day under Div..."
[parser-unknown-class] "Subitem", text="(5) A notice given under subitem (3) must be:"
[parser-unknown-class] "ItemHead", text="3  Health promotion charities"
[parser-unknown-class] "Subitem", text="(1) This item applies to an entity that, on the day before the commencement day, is:"
[parser-unknown-class] "Subitem", text="(2) The Commissioner is treated as having registered the entity on the commencement day under Div..."
[parser-unknown-class] "ItemHead", text="4  Public benevolent institutions"
[parser-unknown-class] "Subitem", text="(1) This item applies to an entity that, on the day before the commencement day, is:"
[parser-unknown-class] "Subitem", text="(2) The Commissioner is treated as having registered the entity on the commencement day under Div..."
[parser-unknown-class] "ActHead8", text="Division 2—Entities endorsed for the operation of institutions"
[parser-unknown-class] "ItemHead", text="4A  Scope of Division"
[parser-unknown-class] "Subitem", text="(1) This Division applies if, on the day before the commencement day, an entity (the operator) is:"
[parser-unknown-class] "Subitem", text="(2) This Division applies:"
[parser-unknown-class] "ItemHead", text="4B  Institutions treated as separate entity"
[parser-unknown-class] "Subitem", text="(1) The operator is treated as if it were 2 or 3 entities:"
[parser-unknown-class] "SubitemHead", text="Effect of revocation of registration of institution sub‑entity"
[parser-unknown-class] "Subitem", text="(2) From the time (if any) the Commissioner of the ACNC revokes under the ACNC Act the registrati..."
[parser-unknown-class] "ItemHead", text="4C  Non‑institution sub‑entity"
[parser-unknown-class] "Subitem", text="(1) The ABN of the operator is treated as being the ABN of the non‑institution sub‑entity."
[parser-unknown-class] "Subitem", text="(2) If the operator was, apart from this Division, endorsed on the day before the commencement da..."
[parser-unknown-class] "ItemHead", text="4D  Institution sub‑entities"
[parser-unknown-class] "SubitemHead", text="ABN"
[parser-unknown-class] "Subitem", text="(1) The A New Tax System (Australian Business Number) Act 1999 applies to an institution sub‑enti..."
[parser-unknown-class] "Subitem", text="(2) During the period:"
[parser-unknown-class] "Subitem", text="(3) During that period (and without limiting item 4C), the institution sub‑entity may treat the A..."
[parser-unknown-class] "SubitemHead", text="Endorsements"
[parser-unknown-class] "Subitem", text="(4) In a case to which paragraph 4A(1)(a) applies:"
[parser-unknown-class] "Subitem", text="(5) In a case to which paragraph 4A(1)(b) applies:"
[parser-unknown-class] "Subitem", text="(6) In a case to which paragraph 4A(1)(c) applies:"
[parser-unknown-class] "SubitemHead", text="ACNC Act"
[parser-unknown-class] "Subitem", text="(7) For the purposes of the ACNC Act:"
[parser-unknown-class] "ItemHead", text="4E  Regulations"
[parser-unknown-class] "ActHead8", text="Division 3—Opt‑out"
[parser-unknown-class] "ItemHead", text="5  Opt‑out"
[parser-unknown-class] "Subitem", text="(1) This item applies to an entity that, during the period of 6 months starting on the commenceme..."
[parser-unknown-class] "Subitem", text="(2) Divisions 1, 2 and 4 do not apply, and are taken never to have applied, to the entity."
[parser-unknown-class] "Subitem", text="(3) The Commissioner of Taxation is treated as having revoked, on the day before the commencement..."
[parser-unknown-class] "ActHead8", text="Division 4—Religious institutions"
[parser-unknown-class] "ItemHead", text="6  Religious institutions"
[parser-unknown-class] "Subitem", text="(1) This item applies to an entity:"
[parser-unknown-class] "Subitem", text="(2) The Commissioner is treated as having registered the entity on the commencement day under Div..."
[parser-unknown-class] "Subitem", text="(3) A notice given under paragraph (1)(a) must be:"
[parser-unknown-class] "ActHead7", text="Part 3—The Register"
[parser-unknown-class] "ItemHead", text="7  The Register"
[parser-unknown-class] "ActHead7", text="Part 4—Reporting"
[parser-unknown-class] "ItemHead", text="8  Annual information statements"
[parser-unknown-class] "Subitem", text="(1) Subdivision 60‑B of the ACNC Act applies to the 2012‑13 financial year and later financial ye..."
[parser-unknown-class] "SubitemHead", text="Substituted accounting periods"
[parser-unknown-class] "Subitem", text="(2) If, before 30 June 2013, an entity adopts under Subdivision 60‑F of the ACNC Act an accountin..."
[parser-unknown-class] "ItemHead", text="9  Financial reporting"
[parser-unknown-class] "SubitemHead", text="General start time"
[parser-unknown-class] "Subitem", text="(1) Subdivision 60‑C of the ACNC Act applies to the 2013‑14 financial year and later financial ye..."
[parser-unknown-class] "SubitemHead", text="Voluntary reporting"
[parser-unknown-class] "Subitem", text="(2) A registered entity may give to the Commissioner a financial report for the 2012‑13 financial..."
[parser-unknown-class] "Subitem", text="(3) To avoid doubt, the requirements of Subdivision 60‑C (including those set out in regulations ..."
[parser-unknown-class] "SubitemHead", text="Voluntary reporting—substituted accounting periods"
[parser-unknown-class] "Subitem", text="(4) If, before 30 June 2013, the registered entity adopts under Subdivision 60‑F of the ACNC Act ..."
[parser-unknown-class] "ItemHead", text="10  Statements, reports and other documents given to other Australian government entities"
[parser-unknown-class] "SubitemHead", text="Statements etc. given under other Australian laws"
[parser-unknown-class] "Subitem", text="(1) The Commissioner may treat a statement, report or other document given under an Australian la..."
[parser-unknown-class] "Subitem", text="(2) In determining whether to treat a statement, report or other document as mentioned in subitem..."
[parser-unknown-class] "Subitem", text="(3) The Commissioner must notify the registered entity that the Commissioner has treated the stat..."
[parser-unknown-class] "SubitemHead", text="Financial reports given under the Schools Assistance Act 2008"
[parser-unknown-class] "Subitem", text="(3A) The Commissioner must treat a report (or reports) given to the Minister as mentioned in sect..."
[parser-unknown-class] "SubitemHead", text="Financial years to which this item applies"
[parser-unknown-class] "Subitem", text="(4) This item applies to:"
[parser-unknown-class] "SubitemHead", text="Voluntary reporting—substituted accounting periods"
[parser-unknown-class] "Subitem", text="(5) If, before 30 June 2013, a registered entity adopts under Subdivision 60‑F of the ACNC Act an..."
[parser-unknown-class] "ItemHead", text="11  Substituted accounting periods"
[parser-unknown-class] "Subitem", text="(1) The Commissioner is treated as having allowed an entity under section 60‑85 of the ACNC Act o..."
[parser-unknown-class] "Subitem", text="(2) A notice given under paragraph (1)(b) must be:"
[parser-unknown-class] "ActHead7", text="Part 5—ACNC annual report"
[parser-unknown-class] "ItemHead", text="12  Annual report"
[parser-unknown-class] "Subitem", text="(1) Section 130‑5 of the ACNC Act applies to the 2012‑13 financial year and later financial years."
[parser-unknown-class] "Subitem", text="(2) However, for the 2012‑13 financial year, treat the references in that section to the financia..."
[parser-unknown-class] "ActHead7", text="Part 6—Advisory Board"
[parser-unknown-class] "ItemHead", text="13  Meetings of the Advisory Board"
[parser-unknown-class] "Subitem", text="(1) Section 145‑5 of the ACNC Act applies to the 2013‑14 financial year and later financial years."
[parser-unknown-class] "SubitemHead", text="Meetings before 2013‑14 financial year"
[parser-unknown-class] "Subitem", text="(2) The Chair may convene meetings of the Advisory Board during the period that:"
[parser-unknown-class] "Subitem", text="(3) The ACNC Act applies to a meeting convened under subitem (2) of this item in the same way as ..."
[parser-unknown-class] "ActHead7", text="Part 7—Protected information"
[parser-unknown-class] "ItemHead", text="14  Protected taxation information"
[parser-unknown-class] "ActHead7", text="Part 8—Basic religious charities"
[parser-unknown-class] "ItemHead", text="15  Basic religious charities"
[parser-unknown-class] "ActHead7", text="Part 9—Review of operation of ACNC Act"
[parser-unknown-class] "ItemHead", text="16  Review of operation of ACNC Act and this Act"
[parser-unknown-class] "Subitem", text="(1) The Minister must cause a review to be undertaken of the first 5 years of the operation of:"
[parser-unknown-class] "Subitem", text="(2) The persons undertaking the review must give the Minister a written report of the review with..."
[parser-unknown-class] "Subitem", text="(3) The Minister must cause a copy of the report of the review to be laid before each House of th..."
[parser-unknown-class] "ActHead6", text="Schedule 2—References to charities etc."
[parser-unknown-class] "ActHead7", text="Part 1—Deductible gift recipients"
[parser-unknown-class] "ActHead9", text="Income Tax Assessment Act 1936"
[parser-unknown-class] "ItemHead", text="1  Subsection 6(1)"
[parser-unknown-class] "ItemHead", text="2  Paragraph 23AG(1AA)(b)"
[parser-unknown-class] "ItemHead", text="3  Subsections 102AAH(5) and 328(5)"
[parser-unknown-class] "ActHead9", text="Income Tax Assessment Act 1997"
[parser-unknown-class] "ItemHead", text="4  Subsection 30‑20(1) (table)"
[parser-unknown-class] "ItemHead", text="5  Subsection 30‑25(1) (table)"
[parser-unknown-class] "ItemHead", text="6  Section 30‑35 (heading)"
[parser-unknown-class] "ItemHead", text="7  Subsection 30‑35(1)"
[parser-unknown-class] "ItemHead", text="8  Subsection 30‑40(1) (table)"
[parser-unknown-class] "ItemHead", text="9  Subsection 30‑45(1) (table)"
[parser-unknown-class] "ItemHead", text="10  Subsection 30‑50(1) (table)"
[parser-unknown-class] "ItemHead", text="11  Subsection 30‑70(1) (table)"
[parser-unknown-class] "ItemHead", text="12  Section 30‑75"
[parser-unknown-class] "ItemHead", text="13  Subsection 30‑80(1) (table)"
[parser-unknown-class] "ItemHead", text="14  Saving provision—declarations"
[parser-unknown-class] "ItemHead", text="15  Subsection 30‑100(1) (table)"
[parser-unknown-class] "ItemHead", text="16  Subsection 30‑125(3)"
[parser-unknown-class] "ItemHead", text="17  Section 30‑288"
[parser-unknown-class] "ItemHead", text="18  After paragraph 30‑288(a)"
[parser-unknown-class] "ItemHead", text="19  Subsection 995‑1(1)"
[parser-unknown-class] "ItemHead", text="20  Subsection 995‑1(1)"
[parser-unknown-class] "ItemHead", text="21  Subsection 995‑1(1)"
[parser-unknown-class] "ItemHead", text="22  Subsection 995‑1(1)"
[parser-unknown-class] "ItemHead", text="23  Transitional provision—deductible gift recipient requirements"
[parser-unknown-class] "Subitem", text="(1) This item applies if:"
[parser-unknown-class] "Subitem", text="(2) The amendments do not apply in relation to the entity during the period that:"
[parser-unknown-class] "ActHead9", text="Tax Laws Amendment (2009 Measures No. 5) Act 2009"
[parser-unknown-class] "ItemHead", text="24  Item 6 of Schedule 6"
[parser-unknown-class] "ActHead7", text="Part 2—Tax exempt entities"
[parser-unknown-class] "ActHead9", text="A New Tax System (Goods and Services Tax) Act 1999"
[parser-unknown-class] "ItemHead", text="25  Subparagraph 63‑5(2)(b)(i)"
[parser-unknown-class] "ActHead9", text="Income Tax Assessment Act 1936"
[parser-unknown-class] "ItemHead", text="26  Subparagraph 128B(3)(a)(i)"
[parser-unknown-class] "ItemHead", text="27  Paragraph 272‑90(8)(a) in Schedule 2F"
[parser-unknown-class] "ActHead9", text="Income Tax Assessment Act 1997"
[parser-unknown-class] "ItemHead", text="28  Section 11‑5 (table item headed “charity, education, science or religion”)"
[parser-unknown-class] "tableSub-heading", text="charity, education or science"
[parser-unknown-class] "tableText0", text=""
[parser-unknown-class] "tableIndentText", text="educational institution, public..................."
[parser-unknown-class] "tableText0", text="50‑5"
[parser-unknown-class] "tableIndentText", text="Global Carbon Capture and Storage Institute Ltd......"
[parser-unknown-class] "tableText0", text="50‑5"
[parser-unknown-class] "tableIndentText", text="registered charity..........................."
[parser-unknown-class] "tableText0", text="50‑5"
[parser-unknown-class] "tableIndentText", text="scientific institution........................."
[parser-unknown-class] "tableText0", text="50‑5"
[parser-unknown-class] "tableIndentText", text="scientific research fund......................."
[parser-unknown-class] "tableText0", text="50‑5"
[parser-unknown-class] "tableIndentText", text="scientific society etc........................."
[parser-unknown-class] "tableText0", text="50‑5"
[parser-unknown-class] "ItemHead", text="29  Section 50‑5 (heading)"
[parser-unknown-class] "ItemHead", text="30  Section 50‑5 (table items 1.1 and 1.2)"
[parser-unknown-class] "ItemHead", text="31  Section 50‑5 (table items 1.5, 1.5A and 1.5B)"
[parser-unknown-class] "ItemHead", text="32  Section 50‑20 (cell at table item 4.1, column headed “Exempt entity”)"
[parser-unknown-class] "ItemHead", text="33  Section 50‑52"
[parser-unknown-class] "ItemHead", text="34  Sections 50‑57 and 50‑80"
[parser-unknown-class] "ItemHead", text="35  Subsection 50‑110(2)"
[parser-unknown-class] "ItemHead", text="36  Subsection 50‑110(4)"
[parser-unknown-class] "ItemHead", text="37  Paragraph 50‑110(5)(a)"
[parser-unknown-class] "ItemHead", text="38  Paragraph 50‑110(5)(b)"
[parser-unknown-class] "ItemHead", text="39  Paragraph 207‑115(2)(a)"
[parser-unknown-class] "ActHead9", text="Income Tax (Transitional Provisions) Act 1997"
[parser-unknown-class] "ItemHead", text="40  At the end of Division 50"
[parser-unknown-class] "ActHead9", text="Tax Laws Amendment (2010 Measures No. 2) Act 2010"
[parser-unknown-class] "ItemHead", text="41  Item 10 of Schedule 5 (heading)"
[parser-unknown-class] "Specialih", text="10  Section 11‑5 (table item headed “charity, education or religion”)"
[parser-unknown-class] "ActHead7", text="Part 3—Fringe benefits tax"
[parser-unknown-class] "ActHead9", text="Fringe Benefits Tax Assessment Act 1986"
[parser-unknown-class] "ItemHead", text="42  Paragraph 57(a)"
[parser-unknown-class] "ItemHead", text="43  At the end of paragraphs 57(a) and (b)"
[parser-unknown-class] "ItemHead", text="44  Subsection 57A(1)"
[parser-unknown-class] "ItemHead", text="44A  Subsection 57A(1)"
[parser-unknown-class] "ItemHead", text="45  Paragraphs 57A(5)(a) and (b)"
[parser-unknown-class] "ItemHead", text="46  Subparagraph 58(1)(a)(ii)"
[parser-unknown-class] "ItemHead", text="47  At the end of paragraphs 58(1)(a) and (b)"
[parser-unknown-class] "ItemHead", text="48  At the end of paragraphs 58(1)(e) and (g)"
[parser-unknown-class] "ItemHead", text="49  Paragraphs 58G(2)(b) and (c)"
[parser-unknown-class] "ItemHead", text="50  Subparagraph 58T(a)(i)"
[parser-unknown-class] "ItemHead", text="51  Subparagraph 58T(a)(ii)"
[parser-unknown-class] "ItemHead", text="52  At the end of paragraphs 58T(a) and (b)"
[parser-unknown-class] "ItemHead", text="53  At the end of paragraphs 58T(e) and (f)"
[parser-unknown-class] "ItemHead", text="54  Subparagraph 58V(a)(ii)"
[parser-unknown-class] "ItemHead", text="55  At the end of paragraphs 58V(a) and (b)"
[parser-unknown-class] "ItemHead", text="56  Paragraph 58V(c)"
[parser-unknown-class] "ItemHead", text="56A  Subsection 123C(1) (heading)"
[parser-unknown-class] "ItemHead", text="57  Paragraph 123C(2)(a)"
[parser-unknown-class] "ItemHead", text="58  Subsections 123C(3) to (5)"
[parser-unknown-class] "ItemHead", text="60  Paragraph 123D(2)(a)"
[parser-unknown-class] "ItemHead", text="61  Paragraph 123E(2)(a)"
[parser-unknown-class] "ItemHead", text="62  Subsection 136(1) (definition of health promotion charity)"
[parser-unknown-class] "ItemHead", text="63  Subsection 136(1)"
[parser-unknown-class] "ItemHead", text="64  Subsection 136(1)"
[parser-unknown-class] "ItemHead", text="65  Subsection 136(1)"
[parser-unknown-class] "ItemHead", text="66  Subsection 136(1)"
[parser-unknown-class] "ItemHead", text="67  Paragraph 140(1B)(d)"
[parser-unknown-class] "ActHead9", text="Taxation Administration Act 1953"
[parser-unknown-class] "ItemHead", text="68  Paragraph 426‑5(d) in Schedule 1"
[parser-unknown-class] "ItemHead", text="68A  Subsection 426‑40(1) in Schedule 1 (paragraph (b) of note 1)"
[parser-unknown-class] "ItemHead", text="68B  Subsection 426‑55(1) in Schedule 1 (paragraph (b) of the note)"
[parser-unknown-class] "ItemHead", text="68C  Paragraph 426‑65(1)(d) in Schedule 1"
[parser-unknown-class] "ActHead7", text="Part 4—Goods and services tax"
[parser-unknown-class] "ActHead9", text="A New Tax System (Goods and Services Tax) Act 1999"
[parser-unknown-class] "ItemHead", text="69  Paragraphs 9‑20(1)(e) and (f)"
[parser-unknown-class] "ItemHead", text="70  Subsection 9‑30(3) (note)"
[parser-unknown-class] "ItemHead", text="71  Section 29‑69 (table item 1)"
[parser-unknown-class] "ItemHead", text="72  Section 37‑1 (table item 1AA)"
[parser-unknown-class] "ItemHead", text="73  Paragraph 38‑220(a)"
[parser-unknown-class] "ItemHead", text="74  Subdivision 38‑G (heading)"
[parser-unknown-class] "ItemHead", text="75  Paragraphs 38‑250(1)(a) and (2)(a)"
[parser-unknown-class] "ItemHead", text="76  Subsection 38‑250(3)"
[parser-unknown-class] "ItemHead", text="77  Subparagraph 38‑250(4)(a)(i)"
[parser-unknown-class] "ItemHead", text="78  Paragraph 38‑255(1)(a)"
[parser-unknown-class] "ItemHead", text="79  Paragraph 38‑255(1)(b)"
[parser-unknown-class] "ItemHead", text="80  Subsection 38‑255(1)"
[parser-unknown-class] "ItemHead", text="81  Subsection 38‑255(2)"
[parser-unknown-class] "ItemHead", text="82  Subparagraph 38‑255(3)(a)(i)"
[parser-unknown-class] "ItemHead", text="83  Paragraph 38‑260(a)"
[parser-unknown-class] "ItemHead", text="84  Section 38‑270 (heading)"
[parser-unknown-class] "ItemHead", text="85  Paragraph 38‑270(1)(a)"
[parser-unknown-class] "ItemHead", text="86  Subsection 38‑270(2)"
[parser-unknown-class] "ItemHead", text="87  Subparagraph 38‑270(3)(a)(i)"
[parser-unknown-class] "ItemHead", text="88  Subdivision 40‑F (heading)"
[parser-unknown-class] "ItemHead", text="89  Section 40‑160 (heading)"
[parser-unknown-class] "ItemHead", text="90  Paragraph 40‑160(1)(a)"
[parser-unknown-class] "ItemHead", text="91  Subsection 40‑160(2)"
[parser-unknown-class] "ItemHead", text="92  Subparagraph 40‑160(3)(a)(i)"
[parser-unknown-class] "ItemHead", text="93  Subparagraph 48‑15(1)(e)(iii)"
[parser-unknown-class] "ItemHead", text="94  Subsection 48‑15(1AA)"
[parser-unknown-class] "ItemHead", text="95  Paragraph 63‑5(2)(a)"
[parser-unknown-class] "ItemHead", text="96  Subsection 63‑5(3)"
[parser-unknown-class] "ItemHead", text="97  Section 63‑27 (heading)"
[parser-unknown-class] "ItemHead", text="98  Paragraph 63‑27(1)(b)"
[parser-unknown-class] "ItemHead", text="99  Paragraph 63‑27(1)(d)"
[parser-unknown-class] "ItemHead", text="100  Paragraphs 63‑27(2)(b) and (g)"
[parser-unknown-class] "ItemHead", text="101  Section 111‑18 (heading)"
[parser-unknown-class] "ItemHead", text="102  Paragraph 111‑18(1)(a)"
[parser-unknown-class] "ItemHead", text="103  Paragraph 111‑18(1)(b)"
[parser-unknown-class] "ItemHead", text="104  Subsection 111‑18(1)"
[parser-unknown-class] "ItemHead", text="105  Paragraph 111‑18(1)(c)"
[parser-unknown-class] "ItemHead", text="106  Subsection 111‑18(2)"
[parser-unknown-class] "ItemHead", text="107  Subparagraph 111‑18(3)(a)(i)"
[parser-unknown-class] "ItemHead", text="108  Paragraph 123‑5(2)(b)"
[parser-unknown-class] "ItemHead", text="109  Subsection 129‑45(1)"
[parser-unknown-class] "ItemHead", text="110  Subsection 129‑45(2)"
[parser-unknown-class] "ItemHead", text="111  Subparagraph 129‑45(3)(a)(i)"
[parser-unknown-class] "ItemHead", text="112  Division 157 (heading)"
[parser-unknown-class] "ItemHead", text="113  Section 157‑1"
[parser-unknown-class] "ItemHead", text="114  Section 157‑5 (heading)"
[parser-unknown-class] "ItemHead", text="115  Subsection 157‑5(1)"
[parser-unknown-class] "ItemHead", text="116  Subsection 157‑5(1)"
[parser-unknown-class] "ItemHead", text="117  Subsection 157‑5(2)"
[parser-unknown-class] "ItemHead", text="118  Paragraph 157‑5(3)(a)"
[parser-unknown-class] "ItemHead", text="119  Section 157‑10 (heading)"
[parser-unknown-class] "ItemHead", text="120  Subsection 157‑10(1)"
[parser-unknown-class] "ItemHead", text="121  Subsection 157‑10(2)"
[parser-unknown-class] "ItemHead", text="122  Paragraph 157‑10(3)(a)"
[parser-unknown-class] "ItemHead", text="123  Division 176"
[parser-unknown-class] "ItemHead", text="124  Transitional provision—endorsements as charities"
[parser-unknown-class] "ItemHead", text="125  Transitional provision—applications for endorsement"
[parser-unknown-class] "ItemHead", text="126  Section 195‑1"
[parser-unknown-class] "ItemHead", text="127  Section 195‑1"
[parser-unknown-class] "ItemHead", text="128  Section 195‑1 (definition of endorsed charitable institution)"
[parser-unknown-class] "ItemHead", text="129  Section 195‑1"
[parser-unknown-class] "ItemHead", text="130  Section 195‑1 (definition of endorsed trustee of a charitable fund)"
[parser-unknown-class] "ActHead9", text="Taxation Administration Act 1953"
[parser-unknown-class] "ItemHead", text="131  Paragraphs 426‑5(a) and (b) in Schedule 1"
[parser-unknown-class] "ItemHead", text="132  Subsection 426‑40(1) in Schedule 1 (paragraph (a) of note 1)"
[parser-unknown-class] "ItemHead", text="133  Subsection 426‑55(1) in Schedule 1 (paragraph (a) of the note)"
[parser-unknown-class] "ItemHead", text="134  Paragraphs 426‑65(1)(a) and (b) in Schedule 1"
[parser-unknown-class] "ActHead7", text="Part 5—Corporations Act 2001"
[parser-unknown-class] "ItemHead", text="135  Section 9 (paragraph (b) of the definition of public company)"
[parser-unknown-class] "ItemHead", text="136  Subsections 150(1) and (2)"
[parser-unknown-class] "ItemHead", text="137  At the end of section 150"
[parser-unknown-class] "ActHead7", text="Part 6—Customs Tariff Act 1995"
[parser-unknown-class] "ActHead8", text="Division 1—Definition"
[parser-unknown-class] "ActHead9", text="Customs Tariff Act 1995"
[parser-unknown-class] "ItemHead", text="138  Subsection 3(1)"
[parser-unknown-class] "ActHead8", text="Division 2—Amendment that commences if Schedule 1 to the Customs Tariff Amendment (Schedule 4) Ac..."
[parser-unknown-class] "ActHead9", text="Customs Tariff Act 1995"
[parser-unknown-class] "ItemHead", text="139  Schedule 4 (item 23A, the description of goods in column 2)"
[parser-unknown-class] "ItemHead", text="140  Savings provision—by‑laws"
[parser-unknown-class] "ActHead8", text="Division 3—Amendment that commences after Schedule 1 to the Customs Tariff Amendment (Schedule 4)..."
[parser-unknown-class] "ActHead9", text="Customs Tariff Act 1995"
[parser-unknown-class] "ItemHead", text="141  Schedule 4 (item 23, paragraph (a) of the description of goods in column 2)"
[parser-unknown-class] "ActHead7", text="Part 7—Other amendments"
[parser-unknown-class] "ActHead9", text="Aged Care Act 1997"
[parser-unknown-class] "ItemHead", text="142  At the end of section 9‑1"
[parser-unknown-class] "ActHead9", text="Age Discrimination Act 2004"
[parser-unknown-class] "ItemHead", text="143  Section 5"
[parser-unknown-class] "ItemHead", text="144  Paragraph 34(1)(a)"
[parser-unknown-class] "ItemHead", text="145  Subsection 34(2) (definition of charitable instrument)"
[parser-unknown-class] "ActHead9", text="Aircraft Noise Levy Act 1995"
[parser-unknown-class] "ItemHead", text="146  Subparagraph 5(2)(b)(ii)"
[parser-unknown-class] "ItemHead", text="147  At the end of section 5"
[parser-unknown-class] "ActHead9", text="A New Tax System (Family Assistance) (Administration) Act 1999"
[parser-unknown-class] "ItemHead", text="148  After subsection 219GA(6)"
[parser-unknown-class] "ActHead9", text="Anti‑Money Laundering and Counter‑Terrorism Financing Act 2006"
[parser-unknown-class] "ItemHead", text="149  Section 5"
[parser-unknown-class] "ItemHead", text="150  Subsection 6(2) (table item 51)"
[parser-unknown-class] "ActHead9", text="Australian Postal Corporation Act 1989"
[parser-unknown-class] "ItemHead", text="151  Section 3"
[parser-unknown-class] "ItemHead", text="152  Paragraph 30(1C)(f)"
[parser-unknown-class] "ActHead9", text="Broadcasting Services Act 1992"
[parser-unknown-class] "ItemHead", text="153  Subsection 6(1)"
[parser-unknown-class] "ItemHead", text="154  Paragraph 212A(1)(a)"
[parser-unknown-class] "ActHead9", text="Child Care Act 1972"
[parser-unknown-class] "ItemHead", text="155  Subsection 4(1)"
[parser-unknown-class] "ItemHead", text="156  Section 4B"
[parser-unknown-class] "ItemHead", text="157  Saving of determinations and approvals"
[parser-unknown-class] "Subitem", text="(1) A determination:"
[parser-unknown-class] "Subitem", text="(2) An approval:"
[parser-unknown-class] "ActHead9", text="Classification (Publications, Films and Computer Games) Act 1995"
[parser-unknown-class] "ItemHead", text="158  Section 5"
[parser-unknown-class] "ItemHead", text="159  Subparagraphs 91(1)(b)(ii) and (1A)(b)(ii)"
[parser-unknown-class] "ActHead9", text="Competition and Consumer Act 2010"
[parser-unknown-class] "ItemHead", text="160  Subsection 4(1)"
[parser-unknown-class] "ItemHead", text="161  At the end of paragraph 45B(9)(a)"
[parser-unknown-class] "ItemHead", text="162  Paragraphs 45B(9)(b) and (c)"
[parser-unknown-class] "ItemHead", text="163  Paragraphs 47(11)(a) and (b)"
[parser-unknown-class] "ItemHead", text="164  Subparagraph 151BC(2)(a)(iii)"
[parser-unknown-class] "ItemHead", text="165  At the end of paragraph 45B(9)(a) of Schedule 1"
[parser-unknown-class] "ItemHead", text="166  Paragraphs 45B(9)(b) and (c) of Schedule 1"
[parser-unknown-class] "ItemHead", text="167  Paragraphs 47(11)(a) and (b) of Schedule 1"
[parser-unknown-class] "ItemHead", text="168  Application of amendments"
[parser-unknown-class] "ActHead9", text="Copyright Act 1968"
[parser-unknown-class] "ItemHead", text="169  Subsection 10(1)"
[parser-unknown-class] "ItemHead", text="170  Paragraph 106(1)(b)"
[parser-unknown-class] "ItemHead", text="171  Paragraph 106(2)(b)"
[parser-unknown-class] "ItemHead", text="172  Paragraph 106(2)(b)"
[parser-unknown-class] "ActHead9", text="Disability Discrimination Act 1992"
[parser-unknown-class] "ItemHead", text="173  Subsection 4(1)"
[parser-unknown-class] "ItemHead", text="174  Subparagraph 25(3)(b)(i)"
[parser-unknown-class] "ItemHead", text="175  Paragraph 49(1)(a)"
[parser-unknown-class] "ItemHead", text="176  Subsection 49(2) (definition of charitable instrument)"
[parser-unknown-class] "ActHead9", text="Disability Services Act 1986"
[parser-unknown-class] "ItemHead", text="177  Section 7"
[parser-unknown-class] "ItemHead", text="178  Section 7 (paragraph (a) of the definition of eligible organisation)"
[parser-unknown-class] "ActHead9", text="Do Not Call Register Act 2006"
[parser-unknown-class] "ItemHead", text="179  Section 4"
[parser-unknown-class] "ItemHead", text="180  Clause 2 of Schedule 1 (heading)"
[parser-unknown-class] "ItemHead", text="181  Paragraph 2(a) of Schedule 1"
[parser-unknown-class] "ItemHead", text="182  Subparagraphs 2(a)(ii) and (iii) of Schedule 1"
[parser-unknown-class] "ItemHead", text="183  Clause 2 of Schedule 1A (heading)"
[parser-unknown-class] "ItemHead", text="184  Paragraph 2(a) of Schedule 1A"
[parser-unknown-class] "ItemHead", text="185  Subparagraphs 2(a)(ii) and (iii) of Schedule 1A"
[parser-unknown-class] "ActHead9", text="Financial Transaction Reports Act 1988"
[parser-unknown-class] "ItemHead", text="186  Subsection 3(1) (paragraph (c) of the definition of insurance business)"
[parser-unknown-class] "ActHead9", text="Income Tax Assessment Act 1997"
[parser-unknown-class] "ItemHead", text="187  Paragraph 165‑202(1)(g)"
[parser-unknown-class] "ItemHead", text="188  Subsection 165‑202(2)"
[parser-unknown-class] "ItemHead", text="189  Subsection 995‑1(1) (subparagraph (b)(vii) of the definition of eligible Division 166 company)"
[parser-unknown-class] "ActHead9", text="Insurance Act 1973"
[parser-unknown-class] "ItemHead", text="190  Subsection 3(1) (paragraph (j) of the definition of insurance business)"
[parser-unknown-class] "ActHead9", text="Racial Discrimination Act 1975"
[parser-unknown-class] "ItemHead", text="191  Subsection 3(1)"
[parser-unknown-class] "ItemHead", text="192  Paragraph 8(2)(a)"
[parser-unknown-class] "ActHead9", text="Sex Discrimination Act 1984"
[parser-unknown-class] "ItemHead", text="193  Subsection 4(1)"
[parser-unknown-class] "ItemHead", text="194  Subsection 4(1)"
[parser-unknown-class] "ItemHead", text="195  At the end of paragraph 23(3)(a)"
[parser-unknown-class] "ItemHead", text="196  Paragraph 23(3)(c)"
[parser-unknown-class] "ItemHead", text="197  Paragraph 36(1)(a)"
[parser-unknown-class] "ActHead9", text="Social Security Act 1991"
[parser-unknown-class] "ItemHead", text="198  Subsection 10B(2) (paragraph (f) of the definition of trust)"
[parser-unknown-class] "ItemHead", text="199  Subsection 23(1)"
[parser-unknown-class] "ItemHead", text="200  Subsection 23(1)"
[parser-unknown-class] "ItemHead", text="201  Subsection 23(1)"
[parser-unknown-class] "ItemHead", text="202  Subsection 23(1)"
[parser-unknown-class] "ItemHead", text="203  Paragraph 32(1)(a)"
[parser-unknown-class] "ItemHead", text="204  Paragraphs 35(1)(a) and (b)"
[parser-unknown-class] "ItemHead", text="205  Subsection 35(2)"
[parser-unknown-class] "ItemHead", text="206  Paragraph 1068A‑E18(a)"
[parser-unknown-class] "ItemHead", text="207  Subparagraphs 1157J(1)(a)(ii) and (iii)"
[parser-unknown-class] "ActHead9", text="Spam Act 2003"
[parser-unknown-class] "ItemHead", text="208  Section 4"
[parser-unknown-class] "ItemHead", text="209  Clause 3 of Schedule 1 (heading)"
[parser-unknown-class] "ItemHead", text="210  Subparagraphs 3(a)(iii) and (iv) of Schedule 1"
[parser-unknown-class] "ActHead9", text="Telecommunications Act 1997"
[parser-unknown-class] "ItemHead", text="211  Section 7"
[parser-unknown-class] "ItemHead", text="212  Section 7"
[parser-unknown-class] "ItemHead", text="213  Subsection 285(2) (paragraphs (a) to (d) of the definition of qualifying entity)"
[parser-unknown-class] "ItemHead", text="214  Subsection 285(2) (paragraph (g) of the definition of qualifying entity)"
[parser-unknown-class] "ActHead9", text="Telecommunications (Consumer Protection and Service Standards) Act 1999"
[parser-unknown-class] "ItemHead", text="215  Subsection 106(4) (paragraph (b) of the definition of residential/charity customer)"
[parser-unknown-class] "ActHead6", text="Schedule 3—Amendments consequential on the establishment of the ACNC"
[parser-unknown-class] "ActHead7", text="Part 1—Amendments commencing at the same time as the Australian Charities and Not‑for‑profits Com..."
[parser-unknown-class] "ActHead9", text="Administrative Decisions (Judicial Review) Act 1977"
[parser-unknown-class] "ItemHead", text="1  After paragraph (a) of Schedule 1"
[parser-unknown-class] "ActHead9", text="A New Tax System (Australian Business Number) Act 1999"
[parser-unknown-class] "ItemHead", text="2  After subsection 8(1)"
[parser-unknown-class] "ActHead9", text="Taxation Administration Act 1953"
[parser-unknown-class] "ItemHead", text="2A  Subsection 8AAB(4) (after table item 3)"
[parser-unknown-class] "ItemHead", text="3  Section 14ZZ"
[parser-unknown-class] "ItemHead", text="4  At the end of section 14ZZ"
[parser-unknown-class] "ItemHead", text="5  Division 5 of Part IVC (heading)"
[parser-unknown-class] "ItemHead", text="6  Section 14ZZO"
[parser-unknown-class] "ItemHead", text="7  Paragraph 14ZZO(a)"
[parser-unknown-class] "ItemHead", text="8  Section 14ZZP (heading)"
[parser-unknown-class] "ItemHead", text="9  Section 14ZZP"
[parser-unknown-class] "ItemHead", text="10  Section 14ZZP"
[parser-unknown-class] "ItemHead", text="11  Section 14ZZQ (heading)"
[parser-unknown-class] "ItemHead", text="12  Subsection 14ZZQ(1)"
[parser-unknown-class] "ItemHead", text="13  Paragraph 14ZZQ(2)(a)"
[parser-unknown-class] "ItemHead", text="14  Paragraph 14ZZQ(2)(b)"
[parser-unknown-class] "ItemHead", text="14A  Subsection 250‑10(2) in Schedule 1 (after note 3)"
[parser-unknown-class] "ItemHead", text="15  Subsection 355‑65(8) in Schedule 1 (after table item 5)"
[parser-unknown-class] "ItemHead", text="16  Subsection 355‑65(8) in Schedule 1 (cell at table item 6, column headed “The record is made f..."
[parser-unknown-class] "ItemHead", text="17  After subsection 426‑65(2) in Schedule 1"
[parser-unknown-class] "ActHead9", text="Tax Laws Amendment (2009 Measures No. 5) Act 2009"
[parser-unknown-class] "ItemHead", text="18  Item 3 of Schedule 6"
[parser-unknown-class] "ActHead7", text="Part 2—Amendments commencing 6 months after Part 1"
[parser-unknown-class] "ActHead9", text="Taxation Administration Act 1953"
[parser-unknown-class] "ItemHead", text="19  Subsection 426‑65(2A) in Schedule 1"
[parser-unknown-class] "ActHead7", text="Part 3—Corporations legislation"
[parser-unknown-class] "ActHead8", text="Division 1—Amendments commencing at the same time as the Australian Charities and Not‑for‑profits..."
[parser-unknown-class] "ActHead9", text="Australian Securities and Investments Commission Act 2001"
[parser-unknown-class] "ItemHead", text="20  Subsection 5(1) (definition of Australian auditor)"
[parser-unknown-class] "ItemHead", text="21  After subparagraph 30A(2)(a)(i)"
[parser-unknown-class] "ItemHead", text="22  Subparagraphs 30A(2)(b)(i) and (c)(i)"
[parser-unknown-class] "ItemHead", text="23  Subsection 33(2)"
[parser-unknown-class] "ActHead9", text="Corporations Act 2001"
[parser-unknown-class] "ItemHead", text="24  At the end of Chapter 1"
[parser-unknown-class] "ActHead8", text="Division 2—Amendments commencing on 1 July 2013"
[parser-unknown-class] "ActHead9", text="Corporations Act 2001"
[parser-unknown-class] "ItemHead", text="25  Subsection 111L(1) (after table item 4)"
[parser-unknown-class] "ItemHead", text="26  Subsection 111L(1) (after table item 6)"
[parser-unknown-class] "ItemHead", text="27  Subsection 111L(1) (after table item 8)"
[parser-unknown-class] "ItemHead", text="28  Subsection 111L(1) (after table item 11)"
[parser-unknown-class] "ItemHead", text="29  Application of items 10 and 12 of the table in subsection 111L(1) of the Corporations Act 2001"
[parser-unknown-class] "ItemHead", text="30  After subsection 111L(2)"
[parser-unknown-class] "ItemHead", text="31  After section 111N"
[parser-unknown-class] "ItemHead", text="32  Paragraph 324BE(1)(b)"
[parser-unknown-class] "ActHead6", text="Schedule 4—Amendments contingent on the Tax Laws Amendment (Special Conditions for Not‑for‑profit..."
[parser-unknown-class] "ActHead7", text="Part 1—Amendments that commence if Schedule 1 to the Tax Laws Amendment (Special Conditions for N..."
[parser-unknown-class] "ActHead9", text="Fringe Benefits Tax Assessment Act 1986"
[parser-unknown-class] "ItemHead", text="1  Subsection 65J(1)"
[parser-unknown-class] "ItemHead", text="2  Paragraph 65J(1)(a)"
[parser-unknown-class] "ItemHead", text="3  Paragraph 65J(1)(baa)"
[parser-unknown-class] "ActHead9", text="Income Tax Assessment Act 1997"
[parser-unknown-class] "ItemHead", text="4  Section 50‑50 (heading)"
[parser-unknown-class] "ItemHead", text="5  Paragraph 50‑50(a)"
[parser-unknown-class] "ItemHead", text="6  Section 50‑60"
[parser-unknown-class] "ItemHead", text="7  Subsection 50‑75(3)"
[parser-unknown-class] "ActHead7", text="Part 2—Amendments that commence after Schedule 1 to the Tax Laws Amendment (Special Conditions fo..."
[parser-unknown-class] "ActHead8", text="Division 1—Amendments that commence if the Tax Laws Amendment (Special Conditions for Not‑for‑pro..."
[parser-unknown-class] "ActHead9", text="Income Tax Assessment Act 1997"
[parser-unknown-class] "ItemHead", text="8  Subsection 30‑25(1) (paragraph (c) of table item 2.1.10, column headed “Fund, authority or ins..."
[parser-unknown-class] "ItemHead", text="9  Subsection 30‑70(1) (table item 8.1.1, column headed “Fund, authority or institution”)"
[parser-unknown-class] "ItemHead", text="10  Subsection 30‑70(1) (table item 8.1.2, column headed “Fund, authority or institution”)"
[parser-unknown-class] "ActHead8", text="Division 2—Other amendments"
[parser-unknown-class] "ActHead9", text="Australian Charities and Not‑for‑profits Commission Act 2012"
[parser-unknown-class] "ItemHead", text="11  Section 300‑5"
[parser-unknown-class] "ActHead9", text="Broadcasting Services Act 1992"
[parser-unknown-class] "ItemHead", text="12  Subparagraph 212A(1)(a)(ii)"
[parser-unknown-class] "ActHead9", text="Classification (Publications, Films and Computer Games) Act 1995"
[parser-unknown-class] "ItemHead", text="13  Subparagraphs 91(1)(b)(iii) and (1A)(b)(iii)"
[parser-unknown-class] "ActHead9", text="Competition and Consumer Act 2010"
[parser-unknown-class] "ItemHead", text="14  Subparagraph 151BC(2)(a)(iiia)"
[parser-unknown-class] "ActHead9", text="Disability Services Act 1986"
[parser-unknown-class] "ItemHead", text="15  Section 7 (subparagraph (a)(ii) of the definition of eligible organisation)"
[parser-unknown-class] "ActHead9", text="Fringe Benefits Tax Assessment Act 1986"
[parser-unknown-class] "ItemHead", text="16  Subparagraph 58(1)(a)(iv)"
[parser-unknown-class] "ItemHead", text="17  Subsection 65J(1) (table item 1, columns 1 and 2)"
[parser-unknown-class] "ItemHead", text="18  Subsection 65J(1) (table item 1, column 2)"
[parser-unknown-class] "ItemHead", text="19  Subsection 65J(1) (table item 1, column 2)"
[parser-unknown-class] "ItemHead", text="20  Subsection 65J(1) (table item 2)"
[parser-unknown-class] "ActHead9", text="Income Tax Assessment Act 1997"
[parser-unknown-class] "ItemHead", text="21  Subsection 50‑50(1)"
[parser-unknown-class] "ItemHead", text="22  Subsection 50‑50(1)"
[parser-unknown-class] "ActHead9", text="Sex Discrimination Act 1984"
[parser-unknown-class] "ItemHead", text="23  Subparagraph 23(3)(c)(ii)"
[parser-unknown-class] "ActHead9", text="Social Security Act 1991"
[parser-unknown-class] "ItemHead", text="24  Subparagraphs 32(1)(a)(ii) and 1157J(1)(a)(iv)"
[parser-unknown-class] "ActHead6", text="Schedule 5—Other amendments"
[parser-unknown-class] "ActHead9", text="Income Tax Assessment Act 1997"
[parser-unknown-class] "ItemHead", text="1  Section 30‑102 (table item 12A.1.1, column headed “Fund, authority or institution”)"
[parser-unknown-class] "ItemHead", text="2  Section 30‑102 (paragraph (a) of table item 12A.1.2, column headed “Fund, authority or institu..."
[parser-unknown-class] "ItemHead", text="3  Section 30‑102 (table item 12A.1.2, column headed “Fund, authority or institution”)"
[parser-unknown-class] "ItemHead", text="4  Section 30‑102 (table item 12A.1.3, column headed “Fund, authority or institution”)"
[parser-unknown-class] "2ndRd", text="[Minister’s second reading speech made in—"
[parser-unknown-class] "2ndRd", text="House of Representatives on 23 August 2012"
[parser-unknown-class] "2ndRd", text="Senate on 20 September 2012]"
[parser-diag] processed 1845 <p> elements
[parser-diag] last section was added at element index: 1772
[parser-diag] state phase at end: BODY
[parser-diag] hierarchy stack depth at end: 2
[parser-diag] insideSchedule at end: false
[parse] sections: 34
[parse] compilation: date=(none) no=(none)
[parse] by level:
         section      28
         subdivision  2
         division     3
         part         1
[db] inserted new legislation row: 1f1c7ce7-7d69-42bb-9994-84af5ae523ef
[db] inserting 34 sections (pass 1)
[db] inserted 34 sections
[db] linking parent FKs (pass 2)
[db] linked 20 parent references

[done] ingested Australian Charities and Not-for-profits Commission (Consequential and Transitional) Act 2012
       legislation_id: 1f1c7ce7-7d69-42bb-9994-84af5ae523ef
       sections: 34
       compilation: 2012-12-03
