[fetch] document_1: https://www.legislation.gov.au/C2015A00096/2024-10-14/2024-10-14/text/original/epub/OEBPS/document_1/document_1.html
[fetch] document_1: 78,166 bytes
[fetch] document_2: https://www.legislation.gov.au/C2015A00096/2024-10-14/2024-10-14/text/original/epub/OEBPS/document_2/document_2.html
[fetch] document_2 not found — stopping. Fetched 1 document(s).
[fetch] combined 1 document(s), 78,166 source bytes → 76,422 combined bytes
[citation] Imported Food Charges (Collection) Act 2015 (Cth)
[parse] starting
[parser-diag] total <p> elements found: 328
[parser-diag] processed 328 <p> elements
[parser-diag] last section was added at element index: 217
[parser-diag] state phase at end: ENDNOTES
[parser-diag] hierarchy stack depth at end: 2
[parser-diag] insideSchedule at end: false
[parse] sections: 26
[parse] compilation: date=2024-10-14 no=2
[parse] by level:
         part         4
         section      22
[db] inserted new legislation row: f7c35925-9bb0-43bf-ac26-5381a9924402
[db] inserting 26 sections (pass 1)
[db] inserted 26 sections
[db] linking parent FKs (pass 2)
[db] linked 22 parent references

[done] ingested Imported Food Charges (Collection) Act 2015
       legislation_id: f7c35925-9bb0-43bf-ac26-5381a9924402
       sections: 26
       compilation: 2024-10-14
