[fetch] document_1: https://www.legislation.gov.au/C2012A00149/2012-11-06/2012-11-06/text/original/epub/OEBPS/document_1/document_1.html
[fetch] document_1: 60,276 bytes
[fetch] document_2: https://www.legislation.gov.au/C2012A00149/2012-11-06/2012-11-06/text/original/epub/OEBPS/document_2/document_2.html
[fetch] document_2 not found — stopping. Fetched 1 document(s).
[fetch] combined 1 document(s), 60,276 source bytes → 59,026 combined bytes
[citation] National Portrait Gallery of Australia (Consequential and Transitional Provisions) Act 2012 (Cth)
[parse] starting
[parser-diag] total <p> elements found: 275
[parser-unknown-class] "ActHead6", text="Schedule 1—Consequential amendments"
[parser-unknown-class] "ActHead9", text="Archives Act 1983"
[parser-unknown-class] "ItemHead", text="1  Subsection 3(1) (at the end of paragraphs (a) and (b) of the definition of exempt material)"
[parser-unknown-class] "ItemHead", text="2  Subsection 3(1) (paragraph (c) of the definition of exempt material)"
[parser-unknown-class] "ItemHead", text="3  Subsection 3(1) (after paragraph (c) of the definition of exempt material)"
[parser-unknown-class] "ItemHead", text="4  Subsection 3(1) (paragraph (d) of the definition of exempt material)"
[parser-unknown-class] "ActHead6", text="Schedule 2—Transitional provisions"
[parser-unknown-class] "ActHead7", text="Part 1—Definitions"
[parser-unknown-class] "ItemHead", text="1  Definitions"
[parser-unknown-class] "ActHead7", text="Part 2—Transfer of assets and liabilities"
[parser-unknown-class] "ItemHead", text="2  Transfer of assets from Commonwealth to National Portrait Gallery of Australia"
[parser-unknown-class] "Subitem", text="(1) This item applies to the assets of the Commonwealth immediately before the transition time th..."
[parser-unknown-class] "Subitem", text="(2) Subitem (1) does not apply to land or buildings, but does apply to structures or other improv..."
[parser-unknown-class] "Subitem", text="(3) At the transition time, the assets to which this item applies cease to be assets of the Commo..."
[parser-unknown-class] "SubitemHead", text="Assets subject to trust"
[parser-unknown-class] "Subitem", text="(4) If an asset vests in the National Portrait Gallery of Australia under this item and the asset..."
[parser-unknown-class] "SubitemHead", text="Exception"
[parser-unknown-class] "Subitem", text="(5) The Minister may, by writing, determine that subitem (1) does not apply in relation to a spec..."
[parser-unknown-class] "Subitem", text="(6) A determination made under subitem (5) is not a legislative instrument."
[parser-unknown-class] "ItemHead", text="3  Transfer of liabilities from Commonwealth to National Portrait Gallery of Australia"
[parser-unknown-class] "Subitem", text="(1) This item applies to the liabilities of the Commonwealth immediately before the transition ti..."
[parser-unknown-class] "Subitem", text="(2) At the transition time, the liabilities cease to be liabilities of the Commonwealth and becom..."
[parser-unknown-class] "Subitem", text="(3) The Minister may, by writing, determine that subitem (1) does not apply in relation to a spec..."
[parser-unknown-class] "Subitem", text="(4) A determination made under subitem (3) is not a legislative instrument."
[parser-unknown-class] "ItemHead", text="4  Other transfers of assets and liabilities"
[parser-unknown-class] "Subitem", text="(1) This item applies in relation to assets and liabilities of the Commonwealth that relate to th..."
[parser-unknown-class] "Subitem", text="(2) The Minister may, in writing, make a declaration that:"
[parser-unknown-class] "Subitem", text="(3) A declaration under subitem (2) has effect accordingly."
[parser-unknown-class] "Subitem", text="(4) A declaration under subitem (2) is not a legislative instrument."
[parser-unknown-class] "SubitemHead", text="Assets subject to trust"
[parser-unknown-class] "Subitem", text="(5) If, at a particular time, an asset vests in the National Portrait Gallery of Australia under ..."
[parser-unknown-class] "ItemHead", text="5  Certificates relating to vesting of assets"
[parser-unknown-class] "Subitem", text="(1) This item applies if:"
[parser-unknown-class] "Subitem", text="(2) The assets official may:"
[parser-unknown-class] "Subitem", text="(3) A certificate under paragraph (1)(b) is not a legislative instrument."
[parser-unknown-class] "ActHead7", text="Part 3—Transfer of other matters"
[parser-unknown-class] "ItemHead", text="6  Legal proceedings of the Commonwealth"
[parser-unknown-class] "Subitem", text="(1) This item applies if:"
[parser-unknown-class] "Subitem", text="(2) The National Portrait Gallery of Australia is substituted for the Commonwealth, from the tran..."
[parser-unknown-class] "ItemHead", text="7  References in certain instruments to the Commonwealth"
[parser-unknown-class] "Subitem", text="(1) This item applies if:"
[parser-unknown-class] "Subitem", text="(2) The instrument has effect, from the transition time, as if the reference to the Commonwealth ..."
[parser-unknown-class] "Subitem", text="(3) The Minister may, by writing, determine that subitem (1) does not apply in relation to a spec..."
[parser-unknown-class] "Subitem", text="(4) A determination made under subitem (3) is not a legislative instrument."
[parser-unknown-class] "Subitem", text="(5) In this item:"
[parser-unknown-class] "ActHead7", text="Part 4—Staff"
[parser-unknown-class] "ItemHead", text="8  Transitional—employees of the National Portrait Gallery of Australia"
[parser-unknown-class] "SubitemHead", text="Transferring employees"
[parser-unknown-class] "Subitem", text="(1) For the purposes of this item, a person is a transferring employee if:"
[parser-unknown-class] "Subitem", text="(2) If:"
[parser-unknown-class] "Subitem", text="(3) If:"
[parser-unknown-class] "SubitemHead", text="New employees"
[parser-unknown-class] "Subitem", text="(4) For the purposes of this item, a person is a new employee if:"
[parser-unknown-class] "Subitem", text="(5) If:"
[parser-unknown-class] "SubitemHead", text="Delegation"
[parser-unknown-class] "Subitem", text="(6) The Director of the National Portrait Gallery of Australia may, in writing, delegate the powe..."
[parser-unknown-class] "SubitemHead", text="Determination is not a legislative instrument"
[parser-unknown-class] "Subitem", text="(7) A determination made under paragraph (5)(d) is not a legislative instrument."
[parser-unknown-class] "SubitemHead", text="Definitions"
[parser-unknown-class] "Subitem", text="(8) In this item:"
[parser-unknown-class] "ItemHead", text="9  Transitional—regulations relating to the transfer of APS employees to the National Portrait Ga..."
[parser-unknown-class] "ItemHead", text="10  Separate agreements relating to employment"
[parser-unknown-class] "Subitem", text="(1) If, under either or both of subitems 8(2) and (5), the designated agreement covers the Common..."
[parser-unknown-class] "SubitemHead", text="Definitions"
[parser-unknown-class] "Subitem", text="(2) In this item:"
[parser-unknown-class] "ActHead7", text="Part 5—Other matters"
[parser-unknown-class] "ItemHead", text="11  Exemption from stamp duty and other State or Territory taxes"
[parser-unknown-class] "Subitem", text="(1) No stamp duty or other tax is payable under a law of a State or a Territory in respect of an ..."
[parser-unknown-class] "Subitem", text="(2) An exempt matter is:"
[parser-unknown-class] "Subitem", text="(3) The Minister may certify in writing:"
[parser-unknown-class] "Subitem", text="(4) A certificate under subitem (3) is not a legislative instrument."
[parser-unknown-class] "ItemHead", text="12  National Portrait Gallery Special Account"
[parser-unknown-class] "Subitem", text="(1) At the transition time, the Special Account established under subsection 20(1) of the Financi..."
[parser-unknown-class] "Subitem", text="(2) If an amount (the old amount) stands to the credit of that Special Account immediately before..."
[parser-unknown-class] "Subitem", text="(3) The amount payable to the National Portrait Gallery of Australia under subitem (2) is to be p..."
[parser-unknown-class] "ItemHead", text="13  Constitutional safety net"
[parser-unknown-class] "Subitem", text="(1) If the operation of this Schedule would result in an acquisition of property from a person ot..."
[parser-unknown-class] "Subitem", text="(2) If the Commonwealth and the person do not agree on the amount of the compensation, the person..."
[parser-unknown-class] "Subitem", text="(3) In this item:"
[parser-unknown-class] "ItemHead", text="14  Certificates taken to be authentic"
[parser-unknown-class] "ItemHead", text="15  Acting Director"
[parser-unknown-class] "ItemHead", text="16  Delegation by Minister"
[parser-unknown-class] "Subitem", text="(1) The Minister may, by writing, delegate all or any of his or her powers under this Schedule to:"
[parser-unknown-class] "Subitem", text="(2) In exercising powers under a delegation, the delegate must comply with any directions of the ..."
[parser-unknown-class] "ItemHead", text="17  Regulations"
[parser-unknown-class] "2ndRd", text=""
[parser-unknown-class] "2ndRd", text="[Minister’s second reading speech made in—"
[parser-unknown-class] "2ndRd", text="House of Representatives on 23 August 2012"
[parser-unknown-class] "2ndRd", text="Senate on 12 September 2012]"
[parser-diag] processed 275 <p> elements
[parser-diag] last section was added at element index: 63
[parser-diag] state phase at end: BODY
[parser-diag] hierarchy stack depth at end: 1
[parser-diag] insideSchedule at end: false
[parse] sections: 3
[parse] compilation: date=(none) no=(none)
[parse] by level:
         section      3
[db] inserted new legislation row: 8191b58e-73da-4bcf-ba63-140f80eaf419
[db] inserting 3 sections (pass 1)
[db] inserted 3 sections
[db] linking parent FKs (pass 2)
[db] linked 0 parent references

[done] ingested National Portrait Gallery of Australia (Consequential and Transitional Provisions) Act 2012
       legislation_id: 8191b58e-73da-4bcf-ba63-140f80eaf419
       sections: 3
       compilation: 2012-11-06
