[fetch] document_1: https://www.legislation.gov.au/C2011A00059/2020-07-01/2020-07-01/text/original/epub/OEBPS/document_1/document_1.html
[fetch] document_1: 199,478 bytes
[fetch] document_2: https://www.legislation.gov.au/C2011A00059/2020-07-01/2020-07-01/text/original/epub/OEBPS/document_2/document_2.html
[fetch] document_2 not found — stopping. Fetched 1 document(s).
[fetch] combined 1 document(s), 199,478 source bytes → 197,368 combined bytes
[citation] Governance of Australian Government Superannuation Schemes Act 2011 (Cth)
[parse] starting
[parser-diag] total <p> elements found: 789
[parser-diag] processed 789 <p> elements
[parser-diag] last section was added at element index: 557
[parse] sections: 61
[parse] compilation: date=2020-07-01 no=7
[parser-diag] state phase at end: ENDNOTES
[parser-diag] hierarchy stack depth at end: 3
[parser-diag] insideSchedule at end: false
[parse] by level:
         part         4
         section      45
         division     9
         subdivision  3
[db] inserted new legislation row: 610ec871-a673-46d7-b02a-c572fb43c5e9
[db] inserting 61 sections (pass 1)
[db] inserted 61 sections
[db] linking parent FKs (pass 2)
[db] linked 57 parent references

[done] ingested Governance of Australian Government Superannuation Schemes Act 2011
       legislation_id: 610ec871-a673-46d7-b02a-c572fb43c5e9
       sections: 61
       compilation: 2020-07-01
