[fetch] document_1: https://www.legislation.gov.au/C2012A00055/2024-10-14/2024-10-14/text/original/epub/OEBPS/document_1/document_1.html
[fetch] document_1: 386,069 bytes
[fetch] document_2: https://www.legislation.gov.au/C2012A00055/2024-10-14/2024-10-14/text/original/epub/OEBPS/document_2/document_2.html
[fetch] document_2 not found — stopping. Fetched 1 document(s).
[fetch] combined 1 document(s), 386,069 source bytes → 383,406 combined bytes
[citation] Coastal Trading (Revitalising Australian Shipping) Act 2012 (Cth)
[parse] starting
[parser-diag] total <p> elements found: 1528
[parser-diag] processed 1528 <p> elements
[parser-diag] last section was added at element index: 1352
[parser-diag] state phase at end: ENDNOTES
[parser-diag] hierarchy stack depth at end: 3
[parser-diag] insideSchedule at end: false
[parse] sections: 150
[parse] compilation: date=2024-10-14 no=5
[parse] by level:
         part         6
         section      115
         division     12
         subdivision  17
[db] inserted new legislation row: 40a0c559-7090-44ee-96c9-c9e2c805efc1
[db] inserting 150 sections (pass 1)
[db] inserted 150 sections
[db] linking parent FKs (pass 2)
[db] linked 144 parent references

[done] ingested Coastal Trading (Revitalising Australian Shipping) Act 2012
       legislation_id: 40a0c559-7090-44ee-96c9-c9e2c805efc1
       sections: 150
       compilation: 2024-10-14
