[fetch] document_1: https://www.legislation.gov.au/C2016A00041/2023-07-04/2023-07-04/text/original/epub/OEBPS/document_1/document_1.html
[fetch] document_1: 156,375 bytes
[fetch] document_2: https://www.legislation.gov.au/C2016A00041/2023-07-04/2023-07-04/text/original/epub/OEBPS/document_2/document_2.html
[fetch] document_2 not found — stopping. Fetched 1 document(s).
[fetch] combined 1 document(s), 156,375 source bytes → 154,554 combined bytes
[citation] Northern Australia Infrastructure Facility Act 2016 (Cth)
[parse] starting
[parser-diag] total <p> elements found: 638
[parser-diag] processed 638 <p> elements
[parser-diag] last section was added at element index: 470
[parser-diag] state phase at end: ENDNOTES
[parser-diag] hierarchy stack depth at end: 2
[parser-diag] insideSchedule at end: false
[parse] sections: 56
[parse] compilation: date=2023-07-04 no=3
[parse] by level:
         part         7
         section      49
[db] inserted new legislation row: 96300531-9352-4edf-a27e-ed6163195717
[db] inserting 56 sections (pass 1)
[db] inserted 56 sections
[db] linking parent FKs (pass 2)
[db] linked 49 parent references

[done] ingested Northern Australia Infrastructure Facility Act 2016
       legislation_id: 96300531-9352-4edf-a27e-ed6163195717
       sections: 56
       compilation: 2023-07-04
