[fetch] document_1: https://www.legislation.gov.au/C2011A00020/2011-04-12/2011-04-12/text/original/epub/OEBPS/document_1/document_1.html
[fetch] document_1: 68,229 bytes
[fetch] document_2: https://www.legislation.gov.au/C2011A00020/2011-04-12/2011-04-12/text/original/epub/OEBPS/document_2/document_2.html
[fetch] document_2 not found — stopping. Fetched 1 document(s).
[fetch] combined 1 document(s), 68,229 source bytes → 66,930 combined bytes
[citation] Screen Australia (Transfer of Assets) Act 2011 (Cth)
[parse] starting
[parser-diag] total <p> elements found: 297
[parser-unknown-class] "ActHead6", text="Schedule 1—Name change"
[parser-unknown-class] "ActHead9", text="Freedom of Information Act 1982"
[parser-unknown-class] "ItemHead", text="1  Paragraph 13(1)(e)"
[parser-unknown-class] "ItemHead", text="2  Paragraph 13(1)(e)"
[parser-unknown-class] "ActHead9", text="National Film and Sound Archive Act 2008"
[parser-unknown-class] "ItemHead", text="3  Bulk amendments"
[parser-unknown-class] "ItemHead", text="4  Title"
[parser-unknown-class] "ItemHead", text="5  Section 1"
[parser-unknown-class] "ItemHead", text="6  Part 2 (heading)"
[parser-unknown-class] "ItemHead", text="7  Part 3 (heading)"
[parser-unknown-class] "ActHead9", text="Screen Australia and the National Film and Sound Archive (Consequential and Transitional Provisio..."
[parser-unknown-class] "ItemHead", text="8  Bulk amendments"
[parser-unknown-class] "ItemHead", text="9  Title"
[parser-unknown-class] "ItemHead", text="10  Item 1 of Schedule 2 (definition of NFSA)"
[parser-unknown-class] "ItemHead", text="11  Item 1 of Schedule 2"
[parser-unknown-class] "ItemHead", text="12  Part 7 of Schedule 2 (heading)"
[parser-unknown-class] "ActHead6", text="Schedule 2—Screen Australia"
[parser-unknown-class] "ActHead7", text="Part 1—Certain assets and liabilities of Screen Australia transferred to NFSAA"
[parser-unknown-class] "ItemHead", text="1  Definitions"
[parser-unknown-class] "ItemHead", text="2  Film library assets and film library liabilities of Screen Australia become assets and liabili..."
[parser-unknown-class] "Subitem", text="(1) This item applies to assets and liabilities of Screen Australia immediately before the transi..."
[parser-unknown-class] "Subitem", text="(2) Subject to this item, at the transition time, all film library assets and film library liabil..."
[parser-unknown-class] "Subitem", text="(3) Before the transition time, the Minister may determine, in writing, that specified assets or ..."
[parser-unknown-class] "Subitem", text="(4) If the Minister makes a determination under subitem (3) that specified assets or liabilities ..."
[parser-unknown-class] "Subitem", text="(5) Before the transition time, the Minister may determine, in writing, that despite subitem (2),..."
[parser-unknown-class] "Subitem", text="(6) A determination under subitem (5) has effect accordingly."
[parser-unknown-class] "Subitem", text="(7) A determination made under subitem (3) or (5) is not a legislative instrument."
[parser-unknown-class] "Subitem", text="(8) If a film library asset or other asset that has become an asset of NFSAA under this item was,..."
[parser-unknown-class] "ItemHead", text="3  Certificates for vesting of assets"
[parser-unknown-class] "Subitem", text="(1) This item applies if:"
[parser-unknown-class] "Subitem", text="(2) The assets official may:"
[parser-unknown-class] "Subitem", text="(3) A certificate made under subitem (1) is not a legislative instrument."
[parser-unknown-class] "Subitem", text="(4) In this item:"
[parser-unknown-class] "ItemHead", text="4  Certificates taken to be authentic"
[parser-unknown-class] "ItemHead", text="5  Exemption from stamp duty and other State or Territory taxes"
[parser-unknown-class] "Subitem", text="(1) No stamp duty or other tax is payable under a law of a State or a Territory in respect of an ..."
[parser-unknown-class] "Subitem", text="(2) For the purposes of this item, an exempt matter is:"
[parser-unknown-class] "Subitem", text="(3) The Minister may certify in writing:"
[parser-unknown-class] "Subitem", text="(4) In all courts, and for all purposes (other than for the purposes of criminal proceedings), a ..."
[parser-unknown-class] "Subitem", text="(5) A certificate made under subitem (3) is not a legislative instrument."
[parser-unknown-class] "ActHead7", text="Part 2—Staff of Screen Australia"
[parser-unknown-class] "ItemHead", text="6  Non‑APS employees of Screen Australia transferred to NFSAA as APS employees"
[parser-unknown-class] "Subitem", text="(1) This item applies to a person who:"
[parser-unknown-class] "SubitemHead", text="Annual leave and personal/carer’s leave"
[parser-unknown-class] "Subitem", text="(2) The person is taken to have accrued an entitlement to annual leave and personal/carer’s leave..."
[parser-unknown-class] "SubitemHead", text="Unpaid parental leave"
[parser-unknown-class] "Subitem", text="(3) The service of the person as a member of the staff of NFSAA engaged under the Public Service ..."
[parser-unknown-class] "SubitemHead", text="Continuous service"
[parser-unknown-class] "Subitem", text="(4) The service of the person as a member of the staff of NFSAA engaged under the Public Service ..."
[parser-unknown-class] "ItemHead", text="7  No transfer of business"
[parser-unknown-class] "ActHead7", text="Part 3—Things done by, references in instruments to, legal proceedings of and records or document..."
[parser-unknown-class] "ItemHead", text="8  Things done by, or in relation to, Screen Australia"
[parser-unknown-class] "Subitem", text="(1) This item applies to a thing done by, or in relation to, Screen Australia before the transiti..."
[parser-unknown-class] "Subitem", text="(2) The Minister may determine, in writing, that the thing is taken, at and after the transition ..."
[parser-unknown-class] "Subitem", text="(3) A determination made under subitem (2) has effect accordingly."
[parser-unknown-class] "Subitem", text="(4) The Minister may make a determination under subitem (2) before or after the transition time."
[parser-unknown-class] "Subitem", text="(5) A determination made under subitem (2) is not a legislative instrument."
[parser-unknown-class] "Subitem", text="(6) This item does not limit the operation of item 2."
[parser-unknown-class] "ItemHead", text="9  References in instruments to Screen Australia"
[parser-unknown-class] "Subitem", text="(1) This item applies to an instrument that:"
[parser-unknown-class] "Subitem", text="(2) If the instrument relates to:"
[parser-unknown-class] "Subitem", text="(3) If subitem (2) does not apply to the instrument, then the Minister may determine, in writing,..."
[parser-unknown-class] "Subitem", text="(4) A determination made under subitem (3) has effect accordingly."
[parser-unknown-class] "Subitem", text="(5) The Minister may make a determination under subitem (3) before or after the transition time."
[parser-unknown-class] "Subitem", text="(6) A determination made under subitem (3) is not a legislative instrument."
[parser-unknown-class] "Subitem", text="(7) In this item:"
[parser-unknown-class] "ItemHead", text="10  Legal proceedings of Screen Australia"
[parser-unknown-class] "Subitem", text="(1) This item applies to any proceedings:"
[parser-unknown-class] "Subitem", text="(2) If the proceedings related, in whole or part, to a film library asset or a film library liabi..."
[parser-unknown-class] "Subitem", text="(3) If subitem (2) does not apply to the proceedings (but the proceedings relate to the operation..."
[parser-unknown-class] "Subitem", text="(4) A determination made under subitem (3) has effect accordingly."
[parser-unknown-class] "Subitem", text="(5) The Minister may make a determination under subitem (3) before or after the transition time."
[parser-unknown-class] "Subitem", text="(6) A determination made under subitem (3) is not a legislative instrument."
[parser-unknown-class] "ItemHead", text="11  Transfer of custody of records or documents of Screen Australia"
[parser-unknown-class] "Subitem", text="(1) This item applies to a record or document that, immediately before the transition time, is in..."
[parser-unknown-class] "Subitem", text="(2) If the record or document relates to:"
[parser-unknown-class] "Subitem", text="(3) If subitem (2) does not apply to the record or document (but the record or document relates t..."
[parser-unknown-class] "Subitem", text="(4) A determination made under subitem (3) has effect accordingly."
[parser-unknown-class] "Subitem", text="(5) The Minister may make a determination under subitem (3) before or after the transition time."
[parser-unknown-class] "Subitem", text="(6) A determination made under subitem (3) is not a legislative instrument."
[parser-unknown-class] "Subitem", text="(7) Section 20 of the Commonwealth Authorities and Companies Act 1997 applies in relation to acco..."
[parser-unknown-class] "ItemHead", text="12  Variation of the operation of this Part"
[parser-unknown-class] "Subitem", text="(1) The Minister may determine, in writing, that a provision of item 9, 10 or 11 does not apply i..."
[parser-unknown-class] "Subitem", text="(2) A determination made under subitem (1) has effect accordingly, and takes effect:"
[parser-unknown-class] "Subitem", text="(3) A determination made under subitem (1) is not a legislative instrument."
[parser-unknown-class] "ActHead7", text="Part 4—Other matters"
[parser-unknown-class] "ItemHead", text="13  Transfer of appropriated money"
[parser-unknown-class] "Subitem", text="(1) For the purposes of the operation of an Appropriation Act after the transition time, the Fina..."
[parser-unknown-class] "Subitem", text="(2) A determination made under subitem (1) has effect accordingly."
[parser-unknown-class] "Subitem", text="(3) A determination made under subitem (1) cannot result in a change in the total amount appropri..."
[parser-unknown-class] "Subitem", text="(4) A determination made under subitem (1) is a legislative instrument, but neither section 42 (d..."
[parser-unknown-class] "Subitem", text="(5) In this item:"
[parser-unknown-class] "ItemHead", text="14  Compensation for acquisition of property"
[parser-unknown-class] "Subitem", text="(1) If the operation of this Act would result in an acquisition of property from a person otherwi..."
[parser-unknown-class] "Subitem", text="(2) If the Commonwealth and the person do not agree on the amount of the compensation, the person..."
[parser-unknown-class] "Subitem", text="(3) In this item:"
[parser-unknown-class] "ItemHead", text="15  Delegation by Minister"
[parser-unknown-class] "Subitem", text="(1) The Minister may delegate, in writing, all or any of his or her powers and functions under th..."
[parser-unknown-class] "Subitem", text="(2) In exercising powers or functions under a delegation, the delegate must comply with any direc..."
[parser-unknown-class] "ItemHead", text="16  Regulations"
[parser-unknown-class] "Subitem", text="(1) The Governor‑General may make regulations prescribing matters:"
[parser-unknown-class] "Subitem", text="(2) In particular, regulations may be made prescribing matters of a transitional nature (includin..."
[parser-unknown-class] "ItemHead", text="17  References in this Schedule"
[parser-unknown-class] "Subitem", text="(1) To avoid doubt, prior to 1 July 2011 this Schedule applies as if references in this Schedule ..."
[parser-unknown-class] "Subitem", text="(2) To avoid doubt, prior to 1 July 2011 this Schedule applies as if references in this Schedule ..."
[parser-unknown-class] "Subitem", text="(3) To avoid doubt, prior to 1 July 2011 this Schedule applies as if references in this Schedule ..."
[parser-unknown-class] "2ndRd", text="[Minister’s second reading speech made in—"
[parser-unknown-class] "2ndRd", text="House of Representatives on 17 November 2010"
[parser-unknown-class] "2ndRd", text="Senate on 28 February 2011]"
[parser-diag] processed 297 <p> elements
[parser-diag] last section was added at element index: 127
[parser-diag] state phase at end: BODY
[parser-diag] hierarchy stack depth at end: 1
[parser-diag] insideSchedule at end: false
[parse] sections: 7
[parse] compilation: date=(none) no=(none)
[parse] by level:
         section      4
         part         3
[db] inserted new legislation row: 0186cc9c-3907-4db5-b78f-75851a8e3b27
[db] inserting 7 sections (pass 1)
[db] inserted 7 sections
[db] linking parent FKs (pass 2)
[db] linked 0 parent references

[done] ingested Screen Australia (Transfer of Assets) Act 2011
       legislation_id: 0186cc9c-3907-4db5-b78f-75851a8e3b27
       sections: 7
       compilation: 2011-04-12
