[fetch] document_1: https://www.legislation.gov.au/C2018A00164/2022-04-01/2022-04-01/text/original/epub/OEBPS/document_1/document_1.html
[fetch] document_1: 170,108 bytes
[fetch] document_2: https://www.legislation.gov.au/C2018A00164/2022-04-01/2022-04-01/text/original/epub/OEBPS/document_2/document_2.html
[fetch] document_2 not found — stopping. Fetched 1 document(s).
[fetch] combined 1 document(s), 170,108 source bytes → 168,041 combined bytes
[citation] Road Vehicle Standards (Consequential and Transitional Provisions) Act 2018 (Cth)
[parse] starting
[parser-diag] total <p> elements found: 695
[parser-unknown-class] "ActHead6", text="Schedule 1—Transitional national road vehicle standards"
[parser-unknown-class] "Transitional", text="1  Transitional national road vehicle standards"
[parser-unknown-class] "Subitem", text="(1) This item applies for the purposes of the operation of the following during the period beginn..."
[parser-unknown-class] "Subitem", text="(2) A vehicle standard as in force from time to time under section 7 of the Motor Vehicle Standar..."
[parser-unknown-class] "ActHead6", text="Schedule 2—Repeal of the Motor Vehicle Standards Act 1989"
[parser-unknown-class] "ActHead9", text="Motor Vehicle Standards Act 1989"
[parser-unknown-class] "ItemHead", text="1  The whole of the Act"
[parser-unknown-class] "ActHead6", text="Schedule 3—Transitional provisions commencing on repeal of the Motor Vehicle Standards Act 1989"
[parser-unknown-class] "ActHead7", text="Part 1—Introduction"
[parser-unknown-class] "ItemHead", text="1  Definitions"
[parser-unknown-class] "Subitem", text="(1) In this Schedule:"
[parser-unknown-class] "Subitem", text="(2) The following expressions used in this Schedule, that are also used in the Road Vehicle Stand..."
[parser-unknown-class] "Subitem", text="(3) To avoid doubt, if a provision of this Schedule provides that the new law does not apply in r..."
[parser-unknown-class] "ActHead7", text="Part 2—National standards"
[parser-unknown-class] "ItemHead", text="2  Vehicle standards"
[parser-unknown-class] "ItemHead", text="3  Procedures for testing vehicles"
[parser-unknown-class] "SubitemHead", text="Procedures relating to retaining records to continue in force"
[parser-unknown-class] "Subitem", text="(1) The Motor Vehicle Standards (Procedures for Inspecting and Testing Used Imported Vehicles) De..."
[parser-unknown-class] "Subitem", text="(2) To avoid doubt, a person to whom subitem (1) applies must retain the records required by the ..."
[parser-unknown-class] "SubitemHead", text="Offence—failure to retain records for retention period"
[parser-unknown-class] "Subitem", text="(3) A person commits an offence if:"
[parser-unknown-class] "ActHead7", text="Part 3—Certification and approval"
[parser-unknown-class] "ActHead8", text="Division 1—Identification plates"
[parser-unknown-class] "ItemHead", text="4  Approval for the placement of identification plates—subsections 10A(1) and (2)"
[parser-unknown-class] "SubitemHead", text="Existing approvals to continue in force"
[parser-unknown-class] "Subitem", text="(1) Despite the repeal of the Motor Vehicle Standards Act 1989, if an approval:"
[parser-unknown-class] "SubitemHead", text="Pending applications"
[parser-unknown-class] "Subitem", text="(2) If, before commencement:"
[parser-unknown-class] "SubitemHead", text="New law does not apply"
[parser-unknown-class] "Subitem", text="(3) If an approval continues, or is taken to continue, in force during the transitional period su..."
[parser-unknown-class] "ItemHead", text="5  Transition of approval for the placement of identification plates to a road vehicle type approval"
[parser-unknown-class] "Subitem", text="(1) If:"
[parser-unknown-class] "Subitem", text="(2) The following provisions have effect in relation to paragraph (1)(b):"
[parser-unknown-class] "Subitem", text="(3) The following provisions have effect in relation to the new approval:"
[parser-unknown-class] "Subitem", text="(4) To avoid doubt, if a person is taken to have been granted a road vehicle type approval under ..."
[parser-unknown-class] "Subitem", text="(5) To avoid doubt, if:"
[parser-unknown-class] "ItemHead", text="6  Approval for the placement of identification plates—subsection 10A(3)"
[parser-unknown-class] "SubitemHead", text="Existing approvals to continue in force"
[parser-unknown-class] "Subitem", text="(1) Despite the repeal of the Motor Vehicle Standards Act 1989, if an approval was given under su..."
[parser-unknown-class] "SubitemHead", text="Pending applications"
[parser-unknown-class] "Subitem", text="(2) If, before commencement:"
[parser-unknown-class] "SubitemHead", text="New law does not apply"
[parser-unknown-class] "Subitem", text="(3) If an approval continues, or is taken to continue, in force during the transitional period su..."
[parser-unknown-class] "ItemHead", text="7  Offences in relation to identification plates"
[parser-unknown-class] "ActHead8", text="Division 2—Used import plates"
[parser-unknown-class] "ItemHead", text="8  Application for approval to place a used import plate"
[parser-unknown-class] "SubitemHead", text="Applications allowed during transitional period"
[parser-unknown-class] "Subitem", text="(1) Despite the repeal of the Motor Vehicle Standards Act 1989:"
[parser-unknown-class] "SubitemHead", text="New law does not apply"
[parser-unknown-class] "Subitem", text="(2) If an approval is granted because of an application allowed by this item:"
[parser-unknown-class] "SubitemHead", text="Number limits on placement of used import plates to apply"
[parser-unknown-class] "Subitem", text="(3) To avoid doubt, the limits on the number of used import plates set out in regulation 6 of the..."
[parser-unknown-class] "ItemHead", text="9  Grant of approval"
[parser-unknown-class] "SubitemHead", text="Existing approvals to continue in force"
[parser-unknown-class] "Subitem", text="(1) Despite the repeal of the Motor Vehicle Standards Act 1989, if an approval was granted under ..."
[parser-unknown-class] "SubitemHead", text="Pending applications"
[parser-unknown-class] "Subitem", text="(2) If, before commencement:"
[parser-unknown-class] "SubitemHead", text="New law does not apply"
[parser-unknown-class] "Subitem", text="(3) If an approval continues, or is taken to continue, in force during the transitional period su..."
[parser-unknown-class] "SubitemHead", text="Number limits on placement of used import plates to apply"
[parser-unknown-class] "Subitem", text="(4) To avoid doubt, the limits on the number of used import plates set out in regulation 6 of the..."
[parser-unknown-class] "ItemHead", text="10  Offence in relation to the placement of used import plates"
[parser-unknown-class] "ActHead7", text="Part 4—Supply and importation of vehicles"
[parser-unknown-class] "ActHead8", text="Division 1—Supply of new vehicles etc."
[parser-unknown-class] "ItemHead", text="11  Supply of nonstandard vehicles"
[parser-unknown-class] "SubitemHead", text="Existing approvals to continue in force"
[parser-unknown-class] "Subitem", text="(1) Despite the repeal of the Motor Vehicle Standards Act 1989, if:"
[parser-unknown-class] "SubitemHead", text="Pending applications"
[parser-unknown-class] "Subitem", text="(2) If, before commencement:"
[parser-unknown-class] "SubitemHead", text="New law does not apply"
[parser-unknown-class] "Subitem", text="(3) If an approval continues, or is taken to continue, in force during the transitional period su..."
[parser-unknown-class] "ItemHead", text="12  Transition of approval to supply nonstandard vehicles to a road vehicle type approval"
[parser-unknown-class] "Subitem", text="(1) If:"
[parser-unknown-class] "Subitem", text="(2) The following provisions have effect in relation to paragraph (1)(b):"
[parser-unknown-class] "Subitem", text="(3) The following provisions have effect in relation to the new approval:"
[parser-unknown-class] "Subitem", text="(4) To avoid doubt, if a person is taken to have been granted a road vehicle type approval under ..."
[parser-unknown-class] "Subitem", text="(5) To avoid doubt, if:"
[parser-unknown-class] "ActHead8", text="Division 2—Supply of used imported vehicles"
[parser-unknown-class] "ItemHead", text="13  Supply of used imported vehicles"
[parser-unknown-class] "SubitemHead", text="Existing approvals to continue in force"
[parser-unknown-class] "Subitem", text="(1) Despite the repeal of the Motor Vehicle Standards Act 1989, if an approval was given under re..."
[parser-unknown-class] "SubitemHead", text="Pending applications"
[parser-unknown-class] "Subitem", text="(2) If, before commencement:"
[parser-unknown-class] "SubitemHead", text="New law does not apply"
[parser-unknown-class] "Subitem", text="(3) If an approval continues in force during the transitional period subject to the provisions of..."
[parser-unknown-class] "ActHead8", text="Division 3—Import of new and used vehicles"
[parser-unknown-class] "ItemHead", text="14  Importation of road vehicles subject to conditions"
[parser-unknown-class] "ItemHead", text="15  Authority to take delivery of imported vehicles"
[parser-unknown-class] "ItemHead", text="16  Importation of vehicles requiring modification"
[parser-unknown-class] "SubitemHead", text="Existing approvals to continue in force"
[parser-unknown-class] "Subitem", text="(1) If:"
[parser-unknown-class] "SubitemHead", text="Pending applications"
[parser-unknown-class] "Subitem", text="(2) If, before commencement:"
[parser-unknown-class] "SubitemHead", text="New law does not apply"
[parser-unknown-class] "Subitem", text="(3) If an approval given under subsection 19(1) of the Motor Vehicle Standards Act 1989:"
[parser-unknown-class] "ItemHead", text="17  Approval to import certain nonstandard vehicles"
[parser-unknown-class] "SubitemHead", text="Existing approvals to continue in force"
[parser-unknown-class] "Subitem", text="(1) If:"
[parser-unknown-class] "SubitemHead", text="Pending applications"
[parser-unknown-class] "Subitem", text="(2) If, before commencement:"
[parser-unknown-class] "SubitemHead", text="New applications"
[parser-unknown-class] "Subitem", text="(3) If a person holds an approval:"
[parser-unknown-class] "SubitemHead", text="New law does not apply"
[parser-unknown-class] "Subitem", text="(4) If an approval given under a regulation made for the purposes of paragraph 20(1)(b) of the Mo..."
[parser-unknown-class] "ItemHead", text="18  Register of Specialist and Enthusiast Vehicles"
[parser-unknown-class] "Subitem", text="(1) Despite the repeal of section 21 of the Motor Vehicle Standards Act 1989, the Register of Spe..."
[parser-unknown-class] "Subitem", text="(2) If:"
[parser-unknown-class] "ActHead7", text="Part 5—Registered automotive workshops"
[parser-unknown-class] "ItemHead", text="19  Approval as a registered automotive workshop"
[parser-unknown-class] "SubitemHead", text="Existing approvals to continue in force"
[parser-unknown-class] "Subitem", text="(1) Despite the repeal of the Motor Vehicle Standards Act 1989, if:"
[parser-unknown-class] "Subitem", text="(2) However, if an approval mentioned in subitem (1) was in force immediately before commencement..."
[parser-unknown-class] "SubitemHead", text="Pending applications"
[parser-unknown-class] "Subitem", text="(3) If, before commencement:"
[parser-unknown-class] "Subitem", text="(4) If, before commencement:"
[parser-unknown-class] "ActHead7", text="Part 6—Continuation of certain conditions"
[parser-unknown-class] "ItemHead", text="20  Obligation to comply with certain conditions after the end of the transitional period"
[parser-unknown-class] "Subitem", text="(1) If:"
[parser-unknown-class] "Subitem", text="(2) If:"
[parser-unknown-class] "ItemHead", text="21  Offences—breach of continued conditions"
[parser-unknown-class] "Subitem", text="(1) A person commits an offence if:"
[parser-unknown-class] "Subitem", text="(2) A person commits an offence if:"
[parser-unknown-class] "ActHead7", text="Part 7—Administration"
[parser-unknown-class] "ItemHead", text="22  Appointment of Administrator and Associate Administrator"
[parser-unknown-class] "ItemHead", text="23  Delegation by Minister"
[parser-unknown-class] "ItemHead", text="24  Fees"
[parser-unknown-class] "ItemHead", text="25  Compliance and enforcement"
[parser-unknown-class] "ActHead7", text="Part 8—Court proceedings"
[parser-unknown-class] "ItemHead", text="26  Evidentiary certificates"
[parser-unknown-class] "ItemHead", text="27  Legal proceedings not to lie"
[parser-unknown-class] "Subitem", text="(1) Despite the repeal of section 37 of the Motor Vehicle Standards Act 1989, that section, and a..."
[parser-unknown-class] "Subitem", text="(2) Section 81 of the Road Vehicle Standards Act 2018 applies in relation to this Schedule as if ..."
[parser-unknown-class] "ActHead7", text="Part 9—Miscellaneous"
[parser-unknown-class] "ItemHead", text="28  Approved forms"
[parser-unknown-class] "ItemHead", text="29  Transitional rules"
[parser-unknown-class] "Subitem", text="(1) The Minister may, by legislative instrument, make rules prescribing matters of a transitional..."
[parser-unknown-class] "Subitem", text="(2) To avoid doubt, the rules may not do the following:"
[parser-unknown-class] "Subitem", text="(3) This Act (other than subitem (2)) does not limit the rules that may be made for the purposes ..."
[parser-unknown-class] "ActHead6", text="Schedule 4—Consequential amendments"
[parser-unknown-class] "ActHead7", text="Part 1—Amendments commencing day after Royal Assent"
[parser-unknown-class] "ActHead9", text="Age Discrimination Act 2004"
[parser-unknown-class] "ItemHead", text="1  Schedule 1 (after table item 41)"
[parser-unknown-class] "ActHead7", text="Part 2—Amendments commencing at beginning of transitional period"
[parser-unknown-class] "ActHead9", text="A New Tax System (Luxury Car Tax) Act 1999"
[parser-unknown-class] "ItemHead", text="2  Subsection 25‑1(4)"
[parser-unknown-class] "ActHead9", text="Customs Act 1901"
[parser-unknown-class] "ItemHead", text="3  At the end of subsection 229(1A)"
[parser-unknown-class] "ActHead9", text="Fuel Tax Act 2006"
[parser-unknown-class] "ItemHead", text="4  Section 110‑5 (definition of Transport Minister)"
[parser-unknown-class] "ActHead9", text="Interstate Road Transport Act 1985"
[parser-unknown-class] "ItemHead", text="5  Subsection 3(1) (at the end of the definition of compliance plate)"
[parser-unknown-class] "ItemHead", text="6  Subsection 3(1) (paragraph (a) of the definition of MRC)"
[parser-unknown-class] "ItemHead", text="7  Subsection 3(1) (after paragraph (a) of the definition of MRC)"
[parser-unknown-class] "ItemHead", text="8  Subsection 3(1) (paragraph (b) of the definition of MRC)"
[parser-unknown-class] "ItemHead", text="9  Subsection 3(1)"
[parser-unknown-class] "ActHead9", text="Interstate Road Transport Charge Act 1985"
[parser-unknown-class] "ItemHead", text="10  Section 3A (at the end of the definition of compliance plate)"
[parser-unknown-class] "ItemHead", text="11  Section 3A (paragraph (a) of the definition of MRC)"
[parser-unknown-class] "ItemHead", text="12  Section 3A (after paragraph (a) of the definition of MRC)"
[parser-unknown-class] "ItemHead", text="13  Subsection 3A (paragraph (b) of the definition of MRC)"
[parser-unknown-class] "ActHead9", text="National Environment Protection Council Act 1994"
[parser-unknown-class] "ItemHead", text="14  Paragraph 14(2)(b)"
[parser-unknown-class] "ActHead9", text="Trans‑Tasman Mutual Recognition Act 1997"
[parser-unknown-class] "ItemHead", text="15  Clause 3 of Part 2 of Schedule 2 (at the end of the table item headed “Road vehicles”)"
[parser-unknown-class] "ActHead7", text="Part 3—Amendments commencing at end of transitional period"
[parser-unknown-class] "ActHead9", text="Age Discrimination Act 2004"
[parser-unknown-class] "ItemHead", text="16  Schedule 1 (table item 31)"
[parser-unknown-class] "ActHead9", text="Customs Act 1901"
[parser-unknown-class] "ItemHead", text="17  Subsection 229(1A)"
[parser-unknown-class] "ActHead9", text="Trans‑Tasman Mutual Recognition Act 1997"
[parser-unknown-class] "ItemHead", text="18  Clause 3 of Part 2 of Schedule 2 (table item headed “Road vehicles”)"
[parser-diag] processed 695 <p> elements
[parser-diag] last section was added at element index: 100
[parser-diag] state phase at end: ENDNOTES
[parser-diag] hierarchy stack depth at end: 1
[parser-diag] insideSchedule at end: false
[parse] sections: 3
[parse] compilation: date=2022-04-01 no=2
[parse] by level:
         section      3
[db] inserted new legislation row: a39f3fd5-0147-40a5-8dcb-a52d1122d91c
[db] inserting 3 sections (pass 1)
[db] inserted 3 sections
[db] linking parent FKs (pass 2)
[db] linked 0 parent references

[done] ingested Road Vehicle Standards (Consequential and Transitional Provisions) Act 2018
       legislation_id: a39f3fd5-0147-40a5-8dcb-a52d1122d91c
       sections: 3
       compilation: 2022-04-01
