[fetch] document_1: https://www.legislation.gov.au/C2014A00016/2016-06-16/2016-06-16/text/original/epub/OEBPS/document_1/document_1.html
[fetch] document_1: 47,460 bytes
[fetch] document_2: https://www.legislation.gov.au/C2014A00016/2016-06-16/2016-06-16/text/original/epub/OEBPS/document_2/document_2.html
[fetch] document_2 not found — stopping. Fetched 1 document(s).
[fetch] combined 1 document(s), 47,460 source bytes → 45,586 combined bytes
[citation] Biosecurity Charges Imposition (Customs) Act 2015 (Cth)
[parse] starting
[parser-diag] total <p> elements found: 221
[parser-diag] processed 221 <p> elements
[parser-diag] last section was added at element index: 105
[parser-diag] state phase at end: ENDNOTES
[parser-diag] hierarchy stack depth at end: 2
[parser-diag] insideSchedule at end: false
[parse] sections: 13
[parse] compilation: date=2016-06-16 no=1
[parse] by level:
         part         3
         section      10
[db] inserted new legislation row: a62809b9-b670-4b05-9ab7-2db87dcb2e71
[db] inserting 13 sections (pass 1)
[db] inserted 13 sections
[db] linking parent FKs (pass 2)
[db] linked 10 parent references

[done] ingested Biosecurity Charges Imposition (Customs) Act 2015
       legislation_id: a62809b9-b670-4b05-9ab7-2db87dcb2e71
       sections: 13
       compilation: 2016-06-16
