[fetch] document_1: https://www.legislation.gov.au/C2010A00030/2025-07-01/2025-07-01/text/original/epub/OEBPS/document_1/document_1.html
[fetch] document_1: 535,230 bytes
[fetch] document_2: https://www.legislation.gov.au/C2010A00030/2025-07-01/2025-07-01/text/original/epub/OEBPS/document_2/document_2.html
[fetch] document_2 not found — stopping. Fetched 1 document(s).
[fetch] combined 1 document(s), 535,230 source bytes → 531,188 combined bytes
[citation] Midwife Professional Indemnity (Commonwealth Contribution) Scheme Act 2010 (Cth)
[parse] starting
[parser-diag] total <p> elements found: 1986
[parser-unknown-class] "BoxStep", text="Step 1. For the first financial year after 30 June 2010 in which an eligible insurer provided mid..."
[parser-unknown-class] "BoxStep", text="Step 2. For each subsequent financial year (if any) until the financial year in which the termina..."
[parser-unknown-class] "BoxStep", text="Step 3. Add together:"
[parser-unknown-class] "BoxStep", text="The result is the practitioner’s total run‑off cover credit."
[parser-diag] processed 1986 <p> elements
[parser-diag] last section was added at element index: 1621
[parser-diag] state phase at end: ENDNOTES
[parser-diag] hierarchy stack depth at end: 2
[parser-diag] insideSchedule at end: false
[parse] sections: 129
[parse] compilation: date=2025-07-01 no=9
[parse] by level:
         chapter      4
         part         8
         division     21
         section      93
         subdivision  3
[db] inserted new legislation row: ab98f721-6e02-4e14-b9cf-2dae16ecbc87
[db] inserting 129 sections (pass 1)
[db] inserted 129 sections
[db] linking parent FKs (pass 2)
[db] linked 125 parent references

[done] ingested Midwife Professional Indemnity (Commonwealth Contribution) Scheme Act 2010
       legislation_id: ab98f721-6e02-4e14-b9cf-2dae16ecbc87
       sections: 129
       compilation: 2025-07-01
