[fetch] document_1: https://www.legislation.gov.au/C2011A00101/2024-10-14/2024-10-14/text/original/epub/OEBPS/document_1/document_1.html
[fetch] document_1: 1,484,712 bytes
[fetch] document_2: https://www.legislation.gov.au/C2011A00101/2024-10-14/2024-10-14/text/original/epub/OEBPS/document_2/document_2.html
[fetch] document_2 not found — stopping. Fetched 1 document(s).
[fetch] combined 1 document(s), 1,484,712 source bytes → 1,481,945 combined bytes
[citation] Carbon Credits (Carbon Farming Initiative) Act 2011 (Cth)
[parse] starting
[parser-diag] total <p> elements found: 5774
[parser-diag] processed 5774 <p> elements
[parser-diag] last section was added at element index: 4705
[parser-diag] state phase at end: ENDNOTES
[parser-diag] hierarchy stack depth at end: 2
[parser-diag] insideSchedule at end: false
[parse] sections: 392
[parse] compilation: date=2024-10-14 no=24
[parse] by level:
         part         27
         section      292
         division     62
         subdivision  11
[db] inserted new legislation row: 075bd78d-0760-41ef-8077-7bc0c5c1501c
[db] inserting 392 sections (pass 1)
[db] inserted 392 sections
[db] linking parent FKs (pass 2)
[db] linked 365 parent references

[done] ingested Carbon Credits (Carbon Farming Initiative) Act 2011
       legislation_id: 075bd78d-0760-41ef-8077-7bc0c5c1501c
       sections: 392
       compilation: 2024-10-14
