[fetch] document_1: https://www.legislation.gov.au/C2012A00133/2012-09-21/2012-09-21/text/original/epub/OEBPS/document_1/document_1.html
[fetch] document_1: 21,732 bytes
[fetch] document_2: https://www.legislation.gov.au/C2012A00133/2012-09-21/2012-09-21/text/original/epub/OEBPS/document_2/document_2.html
[fetch] document_2 not found — stopping. Fetched 1 document(s).
[fetch] combined 1 document(s), 21,732 source bytes → 20,522 combined bytes
[citation] Greenhouse and Energy Minimum Standards (Registration Fees) Act 2012 (Cth)
[parse] starting
[parser-diag] total <p> elements found: 112
[parser-unknown-class] "2ndRd", text=""
[parser-unknown-class] "2ndRd", text="[Minister’s second reading speech made in—"
[parser-unknown-class] "2ndRd", text="House of Representatives on 30 May 2012"
[parser-unknown-class] "2ndRd", text="Senate on 10 September 2012]"
[parser-diag] processed 112 <p> elements
[parser-diag] last section was added at element index: 102
[parser-diag] state phase at end: BODY
[parser-diag] hierarchy stack depth at end: 2
[parser-diag] insideSchedule at end: false
[parse] sections: 13
[parse] compilation: date=(none) no=(none)
[parse] by level:
         part         3
         section      10
[db] inserted new legislation row: 0024dc31-d3f9-4292-961e-8e7c4e410069
[db] inserting 13 sections (pass 1)
[db] inserted 13 sections
[db] linking parent FKs (pass 2)
[db] linked 10 parent references

[done] ingested Greenhouse and Energy Minimum Standards (Registration Fees) Act 2012
       legislation_id: 0024dc31-d3f9-4292-961e-8e7c4e410069
       sections: 13
       compilation: 2012-09-21
