[fetch] document_1: https://www.legislation.gov.au/C2010A00128/2022-12-10/2022-12-10/text/original/epub/OEBPS/document_1/document_1.html
[fetch] document_1: 69,481 bytes
[fetch] document_2: https://www.legislation.gov.au/C2010A00128/2022-12-10/2022-12-10/text/original/epub/OEBPS/document_2/document_2.html
[fetch] document_2 not found — stopping. Fetched 1 document(s).
[fetch] combined 1 document(s), 69,481 source bytes → 67,496 combined bytes
[citation] Parliamentary Joint Committee on Law Enforcement Act 2010 (Cth)
[parse] starting
[parser-diag] total <p> elements found: 287
[parser-diag] processed 287 <p> elements
[parser-diag] last section was added at element index: 170
[parser-diag] state phase at end: ENDNOTES
[parser-diag] hierarchy stack depth at end: 2
[parser-diag] insideSchedule at end: false
[parse] sections: 14
[parse] compilation: date=2022-12-10 no=3
[parse] by level:
         part         3
         section      11
[db] inserted new legislation row: 3de5e746-b2b9-4b96-b3d2-d68d52973d1a
[db] inserting 14 sections (pass 1)
[db] inserted 14 sections
[db] linking parent FKs (pass 2)
[db] linked 11 parent references

[done] ingested Parliamentary Joint Committee on Law Enforcement Act 2010
       legislation_id: 3de5e746-b2b9-4b96-b3d2-d68d52973d1a
       sections: 14
       compilation: 2022-12-10
