[fetch] document_1: https://www.legislation.gov.au/C2015A00095/2021-03-28/2021-03-28/text/original/epub/OEBPS/document_1/document_1.html
[fetch] document_1: 53,283 bytes
[fetch] document_2: https://www.legislation.gov.au/C2015A00095/2021-03-28/2021-03-28/text/original/epub/OEBPS/document_2/document_2.html
[fetch] document_2 not found — stopping. Fetched 1 document(s).
[fetch] combined 1 document(s), 53,283 source bytes → 51,549 combined bytes
[citation] Export Charges (Imposition—General) Act 2015 (Cth)
[parse] starting
[parser-diag] total <p> elements found: 241
[parser-diag] processed 241 <p> elements
[parser-diag] last section was added at element index: 116
[parser-diag] state phase at end: ENDNOTES
[parser-diag] hierarchy stack depth at end: 2
[parser-diag] insideSchedule at end: false
[parse] sections: 16
[parse] compilation: date=2021-03-28 no=1
[parse] by level:
         part         4
         section      12
[db] inserted new legislation row: c286c767-3558-4e2e-a20d-0fbf27320334
[db] inserting 16 sections (pass 1)
[db] inserted 16 sections
[db] linking parent FKs (pass 2)
[db] linked 12 parent references

[done] ingested Export Charges (Imposition—General) Act 2015
       legislation_id: c286c767-3558-4e2e-a20d-0fbf27320334
       sections: 16
       compilation: 2021-03-28
