[fetch] document_1: https://www.legislation.gov.au/C2017A00063/2017-06-23/2017-06-23/text/original/epub/OEBPS/document_1/document_1.html
[fetch] document_1: 27,873 bytes
[fetch] document_2: https://www.legislation.gov.au/C2017A00063/2017-06-23/2017-06-23/text/original/epub/OEBPS/document_2/document_2.html
[fetch] document_2 not found — stopping. Fetched 1 document(s).
[fetch] combined 1 document(s), 27,873 source bytes → 26,818 combined bytes
[citation] Major Bank Levy Act 2017 (Cth)
[parse] starting
[parser-diag] total <p> elements found: 123
[parser-unknown-class] "BoxStep", text="Step 1. For each day during the quarter, work out the amount mentioned in subsection (2) as at th..."
[parser-unknown-class] "BoxStep", text="Step 2. Add together the step 1 amounts."
[parser-unknown-class] "BoxStep", text="Step 3. Divide the step 2 amount by the total number of days in the quarter."
[parser-unknown-class] "2ndRd", text=""
[parser-unknown-class] "2ndRd", text="[Minister’s second reading speech made in—"
[parser-unknown-class] "2ndRd", text="House of Representatives on 30 May 2017"
[parser-unknown-class] "2ndRd", text="Senate on 19 June 2017]"
[parser-diag] processed 123 <p> elements
[parser-diag] last section was added at element index: 109
[parser-diag] state phase at end: BODY
[parser-diag] hierarchy stack depth at end: 1
[parser-diag] insideSchedule at end: false
[parse] sections: 8
[parse] compilation: date=(none) no=(none)
[parse] by level:
         section      8
[db] inserted new legislation row: 23927fd8-71b0-4837-8e5d-ef3c0b007e8d
[db] inserting 8 sections (pass 1)
[db] inserted 8 sections
[db] linking parent FKs (pass 2)
[db] linked 0 parent references

[done] ingested Major Bank Levy Act 2017
       legislation_id: 23927fd8-71b0-4837-8e5d-ef3c0b007e8d
       sections: 8
       compilation: 2017-06-23
