[fetch] document_1: https://www.legislation.gov.au/C2016A00087/2023-10-18/2023-10-18/text/original/epub/OEBPS/document_1/document_1.html
[fetch] document_1: 257,950 bytes
[fetch] document_2: https://www.legislation.gov.au/C2016A00087/2023-10-18/2023-10-18/text/original/epub/OEBPS/document_2/document_2.html
[fetch] document_2 not found — stopping. Fetched 1 document(s).
[fetch] combined 1 document(s), 257,950 source bytes → 255,991 combined bytes
[citation] Federal Safety Commissioner Act 2022 (Cth)
[parse] starting
[parser-diag] total <p> elements found: 1090
[parser-diag] processed 1090 <p> elements
[parser-diag] last section was added at element index: 623
[parser-diag] state phase at end: ENDNOTES
[parser-diag] hierarchy stack depth at end: 3
[parser-diag] insideSchedule at end: false
[parse] sections: 79
[parse] compilation: date=2023-10-18 no=8
[parse] by level:
         chapter      5
         section      56
         part         11
         division     7
[db] inserted new legislation row: 9f497188-4f68-45df-956f-6cf66a96163d
[db] inserting 79 sections (pass 1)
[db] inserted 79 sections
[db] linking parent FKs (pass 2)
[db] linked 74 parent references

[done] ingested Federal Safety Commissioner Act 2022
       legislation_id: 9f497188-4f68-45df-956f-6cf66a96163d
       sections: 79
       compilation: 2023-10-18
