[fetch] document_1: https://www.legislation.gov.au/C2013A00087/2013-06-28/2013-06-28/text/original/epub/OEBPS/document_1/document_1.html
[fetch] document_1: 8,056 bytes
[fetch] document_2: https://www.legislation.gov.au/C2013A00087/2013-06-28/2013-06-28/text/original/epub/OEBPS/document_2/document_2.html
[fetch] document_2 not found — stopping. Fetched 1 document(s).
[fetch] combined 1 document(s), 8,056 source bytes → 7,189 combined bytes
[citation] Superannuation (Sustaining the Superannuation Contribution Concession) Imposition Act 2013 (Cth)
[parse] starting
[parser-diag] total <p> elements found: 59
[parser-unknown-class] "2ndRd", text="[Minister’s second reading speech made in—"
[parser-unknown-class] "2ndRd", text="House of Representatives on 15 May 2013"
[parser-unknown-class] "2ndRd", text="Senate on 17 June 2013]"
[parser-diag] processed 59 <p> elements
[parser-diag] last section was added at element index: 51
[parser-diag] state phase at end: BODY
[parser-diag] hierarchy stack depth at end: 1
[parser-diag] insideSchedule at end: false
[parse] sections: 6
[parse] compilation: date=(none) no=(none)
[parse] by level:
         section      6
[db] inserted new legislation row: 0bd1aed7-7443-4331-86cc-321d7c300110
[db] inserting 6 sections (pass 1)
[db] inserted 6 sections
[db] linking parent FKs (pass 2)
[db] linked 0 parent references

[done] ingested Superannuation (Sustaining the Superannuation Contribution Concession) Imposition Act 2013
       legislation_id: 0bd1aed7-7443-4331-86cc-321d7c300110
       sections: 6
       compilation: 2013-06-28
