[fetch] document_1: https://www.legislation.gov.au/C2018A00086/2018-08-24/2018-08-24/text/original/epub/OEBPS/document_1/document_1.html
[fetch] document_1: 34,788 bytes
[fetch] document_2: https://www.legislation.gov.au/C2018A00086/2018-08-24/2018-08-24/text/original/epub/OEBPS/document_2/document_2.html
[fetch] document_2 not found — stopping. Fetched 1 document(s).
[fetch] combined 1 document(s), 34,788 source bytes → 33,339 combined bytes
[citation] Underwater Cultural Heritage (Consequential and Transitional Provisions) Act 2018 (Cth)
[parse] starting
[parser-diag] total <p> elements found: 176
[parser-unknown-class] "ActHead6", text="Schedule 1—Repeals and amendments"
[parser-unknown-class] "ActHead7", text="Part 1—Repeal of the Historic Shipwrecks Act 1976"
[parser-unknown-class] "ActHead9", text="Historic Shipwrecks Act 1976"
[parser-unknown-class] "ItemHead", text="1  The whole of the Act"
[parser-unknown-class] "ActHead7", text="Part 2—Consequential amendments"
[parser-unknown-class] "ActHead9", text="Australian Heritage Council Act 2003"
[parser-unknown-class] "ItemHead", text="2  Subparagraph 5(d)(v)"
[parser-unknown-class] "ActHead9", text="Navigation Act 2012"
[parser-unknown-class] "ItemHead", text="3  Subsection 14(1) (definition of historic wreck)"
[parser-unknown-class] "ActHead9", text="Protection of the Sea (Powers of Intervention) Act 1981"
[parser-unknown-class] "ItemHead", text="4  Subsection 5(2)"
[parser-unknown-class] "ActHead9", text="Sea Installations Act 1987"
[parser-unknown-class] "ItemHead", text="5  Subsection 4(1) (definition of excluded wreck)"
[parser-unknown-class] "ItemHead", text="6  Subsection 4(1)"
[parser-unknown-class] "ItemHead", text="7  Subsection 4(1) (paragraph (h) of the definition of sea installation)"
[parser-unknown-class] "ActHead6", text="Schedule 2—Transitional provisions"
[parser-unknown-class] "ItemHead", text="1  Definitions"
[parser-unknown-class] "Subitem", text="(1) In this Schedule:"
[parser-unknown-class] "Subitem", text="(2) Expressions used in this Schedule that are defined for the purposes of the new Act, and used ..."
[parser-unknown-class] "Subitem", text="(3) Expressions used in this Schedule that are defined for the purposes of the old Act, and used ..."
[parser-unknown-class] "ItemHead", text="2  Section 4A declarations in relation to shipwrecks"
[parser-unknown-class] "Subitem", text="(1) This item applies in relation to the remains of ships that were covered by a declaration unde..."
[parser-unknown-class] "Subitem", text="(2) To avoid doubt, the remains are covered by paragraph 16(1)(a) of the new Act."
[parser-unknown-class] "ItemHead", text="3  Section 4A declarations in relation to relics"
[parser-unknown-class] "Subitem", text="(1) This item applies in relation to articles that were covered by a declaration under subsection..."
[parser-unknown-class] "Subitem", text="(2) To avoid doubt, the articles are covered by paragraph 16(1)(b) of the new Act."
[parser-unknown-class] "ItemHead", text="4  Transition of section 5 declarations in relation to shipwrecks and relics"
[parser-unknown-class] "Subitem", text="(1) This item applies in relation to a declaration that was in force under section 5 of the old A..."
[parser-unknown-class] "Subitem", text="(2) The declaration is taken, on and after the commencement day, to be a declaration in relation ..."
[parser-unknown-class] "ItemHead", text="5  Transition of provisional declarations in relation to shipwrecks and relics"
[parser-unknown-class] "Subitem", text="(1) This item applies in relation to a declaration that was in force in relation to an article un..."
[parser-unknown-class] "Subitem", text="(2) The declaration is taken, on and after the commencement day, to be a declaration in relation ..."
[parser-unknown-class] "ItemHead", text="6  Transition of notices about possession etc. of articles"
[parser-unknown-class] "Subitem", text="(1) This item applies if, before the commencement day, a person had given the prescribed notice i..."
[parser-unknown-class] "Subitem", text="(2) The Minister is taken to have granted a permit to the person under section 23 of the new Act ..."
[parser-unknown-class] "Subitem", text="(3) For the purposes of subsection 23(5) of the new Act, the following things are taken to be spe..."
[parser-unknown-class] "ItemHead", text="7  Notices about location of articles"
[parser-unknown-class] "SubitemHead", text="Transitioning notices given before commencement"
[parser-unknown-class] "Subitem", text="(1) Subitem (2) applies if:"
[parser-unknown-class] "Subitem", text="(2) The notice is taken to have been given, on the day it was given, to the person under subsecti..."
[parser-unknown-class] "Subitem", text="(3) If the period for compliance specified in the notice is less than 21 days after the notice wa..."
[parser-unknown-class] "SubitemHead", text="Notice may be given under new Act regardless of when possession etc. began"
[parser-unknown-class] "Subitem", text="(4) The Minister may give a notice to a person in relation to an article under section 38 of the ..."
[parser-unknown-class] "ItemHead", text="8  Directions about custody etc. of articles"
[parser-unknown-class] "SubitemHead", text="Transitioning notices given before commencement"
[parser-unknown-class] "Subitem", text="(1) Subitem (2) applies if a notice had been given to a person under subsection 11(1) of the old ..."
[parser-unknown-class] "Subitem", text="(2) On and after that day, the notice has effect in relation to the article as if it had been giv..."
[parser-unknown-class] "SubitemHead", text="Notice may be given under new Act regardless of when possession etc. began"
[parser-unknown-class] "Subitem", text="(3) The Minister may give a direction to a person in relation to an article of protected underwat..."
[parser-unknown-class] "ItemHead", text="9  Pending applications for permits are taken to have been refused"
[parser-unknown-class] "ItemHead", text="10  Transition of permits for exploration or recovery of articles"
[parser-unknown-class] "Subitem", text="(1) This item applies to a permit (the old permit) that was in force under section 15 of the old ..."
[parser-unknown-class] "Subitem", text="(2) The old permit is taken, on and after the commencement day, to be a permit (the new permit) g..."
[parser-unknown-class] "Subitem", text="(3) The conduct authorised by the old permit is taken to be the conduct authorised by the new per..."
[parser-unknown-class] "Subitem", text="(4) If the old permit was granted subject to one or more conditions, the conditions have effect a..."
[parser-unknown-class] "Subitem", text="(5) The new permit ceases to be in force on the day the old permit would have ceased to be in for..."
[parser-unknown-class] "ItemHead", text="11  Continuation of register"
[parser-unknown-class] "Subitem", text="(1) The register that was:"
[parser-unknown-class] "Subitem", text="(2) The Minister may make any changes to the register that the Minister considers appropriate bec..."
[parser-unknown-class] "ItemHead", text="12  Evidentiary certificates"
[parser-unknown-class] "2ndRd", text=""
[parser-unknown-class] "2ndRd", text="[Minister’s second reading speech made in—"
[parser-unknown-class] "2ndRd", text="House of Representatives on 28 March 2018"
[parser-unknown-class] "2ndRd", text="Senate on 27 June 2018]"
[parser-diag] processed 176 <p> elements
[parser-diag] last section was added at element index: 64
[parser-diag] state phase at end: BODY
[parser-diag] hierarchy stack depth at end: 1
[parser-diag] insideSchedule at end: false
[parse] sections: 3
[parse] compilation: date=(none) no=(none)
[parse] by level:
         section      3
[db] inserted new legislation row: dc2160d3-0917-434e-a2f5-11064b4f39d4
[db] inserting 3 sections (pass 1)
[db] inserted 3 sections
[db] linking parent FKs (pass 2)
[db] linked 0 parent references

[done] ingested Underwater Cultural Heritage (Consequential and Transitional Provisions) Act 2018
       legislation_id: dc2160d3-0917-434e-a2f5-11064b4f39d4
       sections: 3
       compilation: 2018-08-24
