[fetch] document_1: https://www.legislation.gov.au/C2015A00087/2015-06-26/2015-06-26/text/original/epub/OEBPS/document_1/document_1.html
[fetch] document_1: 279,810 bytes
[fetch] document_2: https://www.legislation.gov.au/C2015A00087/2015-06-26/2015-06-26/text/original/epub/OEBPS/document_2/document_2.html
[fetch] document_2 not found — stopping. Fetched 1 document(s).
[fetch] combined 1 document(s), 279,810 source bytes → 276,827 combined bytes
[citation] Private Health Insurance (Prudential Supervision) (Consequential Amendments and Transitional Provisions) Act 2015 (Cth)
[parse] starting
[parser-diag] total <p> elements found: 1221
[parser-unknown-class] "ActHead6", text="Schedule 1—Consequential amendments"
[parser-unknown-class] "ActHead7", text="Part 1—Amendments"
[parser-unknown-class] "ActHead8", text="Division 1—Main amendments"
[parser-unknown-class] "ActHead9", text="Australian Prudential Regulation Authority Act 1998"
[parser-unknown-class] "ItemHead", text="1  Subsection 3(1)"
[parser-unknown-class] "ItemHead", text="2  Subsection 3(1) (definition of prudential regulation framework law)"
[parser-unknown-class] "ItemHead", text="3  Subsection 3(1) (after paragraph (j) of the definition of prudential regulation framework law)"
[parser-unknown-class] "ItemHead", text="4  After paragraph 3(2)(e)"
[parser-unknown-class] "ItemHead", text="5  Subsection 8(1)"
[parser-unknown-class] "ItemHead", text="6  Subsection 50(6) (definition of levy)"
[parser-unknown-class] "ItemHead", text="7  Subsection 54(3)"
[parser-unknown-class] "ItemHead", text="8  After Division 2 of Part 5"
[parser-unknown-class] "ActHead9", text="Financial Institutions Supervisory Levies Collection Act 1998"
[parser-unknown-class] "ItemHead", text="9  Section 6"
[parser-unknown-class] "ItemHead", text="10  Section 7 (after paragraph (d) of the definition of leviable body)"
[parser-unknown-class] "ItemHead", text="11  Section 7 (after paragraph (d) of the definition of levy)"
[parser-unknown-class] "ItemHead", text="12  After subsection 8(4)"
[parser-unknown-class] "ItemHead", text="13  Subsection 9(1)"
[parser-unknown-class] "ItemHead", text="14  At the end of section 9"
[parser-unknown-class] "ItemHead", text="15  Subsection 10(1)"
[parser-unknown-class] "ItemHead", text="16  At the end of section 10"
[parser-unknown-class] "ItemHead", text="17  At the end of section 14"
[parser-unknown-class] "ItemHead", text="18  After Part 3A"
[parser-unknown-class] "ItemHead", text="19  Subsection 27(10) (paragraph (b) of the definition of decision maker)"
[parser-unknown-class] "ItemHead", text="20  Subsection 27(10) (at the end of paragraph (b) of the definition of reviewable decision)"
[parser-unknown-class] "ActHead9", text="Financial Sector (Collection of Data) Act 2001"
[parser-unknown-class] "ItemHead", text="21  Paragraph 3(1)(a)"
[parser-unknown-class] "ItemHead", text="22  Paragraph 7(2)(d)"
[parser-unknown-class] "ActHead9", text="Income Tax Assessment Act 1997"
[parser-unknown-class] "ItemHead", text="23  Section 50‑30 (table item 6.3)"
[parser-unknown-class] "ItemHead", text="24  Paragraph 315‑5(b)"
[parser-unknown-class] "ItemHead", text="25  Paragraph 315‑15(a)(note)"
[parser-unknown-class] "ItemHead", text="26  Paragraph 315‑15(b)"
[parser-unknown-class] "ItemHead", text="27  Paragraph 315‑15(c)"
[parser-unknown-class] "ItemHead", text="28  Paragraph 315‑90(1)(a)"
[parser-unknown-class] "ItemHead", text="29  Paragraph 315‑140(a)"
[parser-unknown-class] "ItemHead", text="30  Subparagraph 315‑140(c)(i)"
[parser-unknown-class] "ItemHead", text="31  Paragraph 315‑310(2)(a)"
[parser-unknown-class] "ItemHead", text="32  Subparagraph 316‑5(a)(i)"
[parser-unknown-class] "ItemHead", text="33  Subsection 316‑65(1) (definitions of embedded value of the friendly society’s other business ..."
[parser-unknown-class] "ActHead9", text="Life Insurance Act 1995"
[parser-unknown-class] "ItemHead", text="34  Subsection 16ZB(2) (note)"
[parser-unknown-class] "ActHead9", text="Medibank Private Sale Act 2006"
[parser-unknown-class] "ItemHead", text="35  After paragraph 9(7)(ba) of Schedule 2"
[parser-unknown-class] "ItemHead", text="36  Subitem 10(8) of Schedule 2"
[parser-unknown-class] "ItemHead", text="37  At the end of subitems 14(1) and 14(2) of Schedule 2"
[parser-unknown-class] "ItemHead", text="38  After paragraph 15(3)(ba) of Schedule 2"
[parser-unknown-class] "ItemHead", text="39  Subitems 16(2) and 21(2) of Schedule 2"
[parser-unknown-class] "ItemHead", text="40  After paragraph 22(3)(ba) of Schedule 2"
[parser-unknown-class] "ItemHead", text="41  Subitems 23(2) and 58(8) of Schedule 2"
[parser-unknown-class] "ActHead9", text="Private Health Insurance Act 2007"
[parser-unknown-class] "ItemHead", text="42  Subsection 1‑10(6) (table item 1)"
[parser-unknown-class] "ItemHead", text="43  Paragraph 3‑1(b)"
[parser-unknown-class] "ItemHead", text="44  Paragraph 3‑1(c)"
[parser-unknown-class] "ItemHead", text="45  At the end of section 3‑1"
[parser-unknown-class] "ItemHead", text="46  Section 3‑15"
[parser-unknown-class] "ItemHead", text="47  Paragraph 84‑10(3)(b)"
[parser-unknown-class] "ItemHead", text="48  Section 90‑1"
[parser-unknown-class] "ItemHead", text="49  Subsection 93‑20(4) (note)"
[parser-unknown-class] "ItemHead", text="50  Division 96 (heading)"
[parser-unknown-class] "ItemHead", text="51  Paragraphs 96‑1(b), 96‑5(b), 96‑10(b) and 96‑15(1)(b)"
[parser-unknown-class] "ItemHead", text="52  Section 96‑20 (heading)"
[parser-unknown-class] "ItemHead", text="53  Paragraph 96‑25(b)"
[parser-unknown-class] "ItemHead", text="54  Chapter 4 (heading)"
[parser-unknown-class] "ItemHead", text="55  Section 110‑1"
[parser-unknown-class] "ItemHead", text="56  Part 4‑2 (heading)"
[parser-unknown-class] "ItemHead", text="57  Section 115‑1"
[parser-unknown-class] "ItemHead", text="58  Section 115‑5"
[parser-unknown-class] "ItemHead", text="59  Division 118"
[parser-unknown-class] "ItemHead", text="60  Part 4‑3"
[parser-unknown-class] "ItemHead", text="61  Division 131 (heading)"
[parser-unknown-class] "ItemHead", text="62  Section 131‑1"
[parser-unknown-class] "ItemHead", text="63  Section 131‑5"
[parser-unknown-class] "ItemHead", text="64  After section 131‑15"
[parser-unknown-class] "ItemHead", text="65  Divisions 134 to 152"
[parser-unknown-class] "ItemHead", text="66  Part 4‑5 (heading)"
[parser-unknown-class] "ItemHead", text="67  Section 157‑1"
[parser-unknown-class] "ItemHead", text="68  Section 157‑5 (heading)"
[parser-unknown-class] "ItemHead", text="69  Section 157‑5"
[parser-unknown-class] "ItemHead", text="70  Section 157‑5 (note)"
[parser-unknown-class] "ItemHead", text="71  Divisions 160, 163 and 166"
[parser-unknown-class] "ItemHead", text="72  Division 169 (heading)"
[parser-unknown-class] "ItemHead", text="73  Sections 169‑1 and 169‑5"
[parser-unknown-class] "ItemHead", text="74  Subsection 169‑10(3)"
[parser-unknown-class] "ItemHead", text="75  Section 169‑15"
[parser-unknown-class] "ItemHead", text="76  Division 172 (heading)"
[parser-unknown-class] "ItemHead", text="77  Section 172‑1"
[parser-unknown-class] "ItemHead", text="78  Subparagraphs 172‑15(a)(ii) and (b)(ii)"
[parser-unknown-class] "ItemHead", text="79  Section 180‑1"
[parser-unknown-class] "ItemHead", text="80  Section 185‑1"
[parser-unknown-class] "ItemHead", text="81  Paragraph 185‑5(b)"
[parser-unknown-class] "ItemHead", text="82  Paragraph 185‑5(e)"
[parser-unknown-class] "ItemHead", text="83  Section 185‑10"
[parser-unknown-class] "ItemHead", text="84  Section 191‑1"
[parser-unknown-class] "ItemHead", text="85  Section 191‑5 (heading)"
[parser-unknown-class] "ItemHead", text="86  Section 191‑5"
[parser-unknown-class] "ItemHead", text="87  Paragraphs 191‑5(a) and (b)"
[parser-unknown-class] "ItemHead", text="88  Before section 194‑1"
[parser-unknown-class] "ItemHead", text="89  Section 194‑1 (heading)"
[parser-unknown-class] "ItemHead", text="90  Subsection 194‑1(1)"
[parser-unknown-class] "ItemHead", text="91  Subsection 194‑1(2)"
[parser-unknown-class] "ItemHead", text="92  Subsection 194‑5(1)"
[parser-unknown-class] "ItemHead", text="93  Subsections 194‑5(1), (2) and (3)"
[parser-unknown-class] "ItemHead", text="94  Subsections 194‑10(1) and 194‑15(1)"
[parser-unknown-class] "ItemHead", text="95  Subsections 194‑15(1), (2) and (3)"
[parser-unknown-class] "ItemHead", text="96  Subsection 194‑25(1)"
[parser-unknown-class] "ItemHead", text="97  Section 194‑30"
[parser-unknown-class] "ItemHead", text="98  Section 194‑35 (heading)"
[parser-unknown-class] "ItemHead", text="99  Section 194‑35"
[parser-unknown-class] "ItemHead", text="100  Paragraphs 194‑35(a) and (b)"
[parser-unknown-class] "ItemHead", text="101  Section 197‑1 (heading)"
[parser-unknown-class] "ItemHead", text="102  Paragraph 197‑1(1)(a)"
[parser-unknown-class] "ItemHead", text="103  Subsection 197‑1(2)"
[parser-unknown-class] "ItemHead", text="104  Subsection 197‑5(1)"
[parser-unknown-class] "ItemHead", text="105  Division 200 (heading)"
[parser-unknown-class] "ItemHead", text="106  Section 200‑1 (heading)"
[parser-unknown-class] "ItemHead", text="107  Subsections 200‑1(1) and (2)"
[parser-unknown-class] "ItemHead", text="108  Subsection 200‑1(3)"
[parser-unknown-class] "ItemHead", text="109  Subsection 200‑1(5)"
[parser-unknown-class] "ItemHead", text="110  Paragraph 200‑5(b)"
[parser-unknown-class] "ItemHead", text="111  Section 200‑5 (note)"
[parser-unknown-class] "ItemHead", text="112  Section 203‑1 (heading)"
[parser-unknown-class] "ItemHead", text="113  Subsection 203‑1(1)"
[parser-unknown-class] "ItemHead", text="114  Subsection 203‑1(2)"
[parser-unknown-class] "ItemHead", text="115  Subsection 203‑10(1)"
[parser-unknown-class] "ItemHead", text="116  Subsections 203‑15(1) and 203‑20(1)"
[parser-unknown-class] "ItemHead", text="117  Subsection 203‑25(1)"
[parser-unknown-class] "ItemHead", text="118  Section 203‑60 (heading)"
[parser-unknown-class] "ItemHead", text="119  Paragraph 203‑60(1)(a)"
[parser-unknown-class] "ItemHead", text="120  Subsection 203‑60(2)"
[parser-unknown-class] "ItemHead", text="121  Subsections 203‑60(3) and (5)"
[parser-unknown-class] "ItemHead", text="122  Subsection 203‑60(7)"
[parser-unknown-class] "ItemHead", text="123  Part 5‑3"
[parser-unknown-class] "ItemHead", text="124  Paragraphs 230‑1(b) and (d)"
[parser-unknown-class] "ItemHead", text="125  Paragraph 230‑1(f)"
[parser-unknown-class] "ItemHead", text="126  Parts 6‑3 and 6‑5"
[parser-unknown-class] "ItemHead", text="127  Paragraphs 304‑10(a) and (c)"
[parser-unknown-class] "ItemHead", text="128  At the end of section 304‑10"
[parser-unknown-class] "ItemHead", text="129  Subparagraphs 307‑1(1)(a)(i) and (ii)"
[parser-unknown-class] "ItemHead", text="130  Subsection 307‑1(2)"
[parser-unknown-class] "ItemHead", text="131  Subsection 307‑1(3)"
[parser-unknown-class] "ItemHead", text="132  Subsections 307‑10(2) and (3)"
[parser-unknown-class] "ItemHead", text="133  Paragraph 307‑15(3)(b)"
[parser-unknown-class] "ItemHead", text="134  Section 307‑20 (heading)"
[parser-unknown-class] "ItemHead", text="135  Subsection 307‑20(2)"
[parser-unknown-class] "ItemHead", text="136  Section 307‑25"
[parser-unknown-class] "ItemHead", text="137  Section 310‑1 (heading)"
[parser-unknown-class] "ItemHead", text="138  Subsections 310‑1(1) and (2)"
[parser-unknown-class] "ItemHead", text="139  Paragraphs 310‑1(3)(b) and (c)"
[parser-unknown-class] "ItemHead", text="140  Paragraph 310‑5(2)(b)"
[parser-unknown-class] "ItemHead", text="141  Section 310‑10 (heading)"
[parser-unknown-class] "ItemHead", text="142  Subsection 310‑10(1)"
[parser-unknown-class] "ItemHead", text="143  Division 313 (heading)"
[parser-unknown-class] "ItemHead", text="144  Subsection 313‑1(1)"
[parser-unknown-class] "ItemHead", text="145  Paragraphs 313‑1(2)(a) and (b)"
[parser-unknown-class] "ItemHead", text="146  Subsections 313‑20(1) and (2)"
[parser-unknown-class] "ItemHead", text="147  Part 6‑7"
[parser-unknown-class] "ItemHead", text="148  After paragraph 323‑1(1)(a)"
[parser-unknown-class] "ItemHead", text="149  After subsection 323‑1(1)"
[parser-unknown-class] "ItemHead", text="150  Subparagraph 323‑1(2)(a)(i)"
[parser-unknown-class] "ItemHead", text="151  Subsection 323‑1(3)"
[parser-unknown-class] "ItemHead", text="152  Paragraph 323‑5(a)"
[parser-unknown-class] "ItemHead", text="153  After paragraph 323‑5(a)"
[parser-unknown-class] "ItemHead", text="154  Paragraphs 323‑10(2)(d) and (e)"
[parser-unknown-class] "ItemHead", text="155  Section 323‑25 (heading)"
[parser-unknown-class] "ItemHead", text="156  Section 323‑25"
[parser-unknown-class] "ItemHead", text="157  Section 323‑35"
[parser-unknown-class] "ItemHead", text="158  Section 328‑5 (table items 5 to 30)"
[parser-unknown-class] "ItemHead", text="159  Section 328‑5 (table item 43)"
[parser-unknown-class] "ItemHead", text="160  Section 328‑5 (table item 44)"
[parser-unknown-class] "ItemHead", text="161  Paragraph 333‑1(1)(b)"
[parser-unknown-class] "ItemHead", text="162  Paragraph 333‑1(1)(c)"
[parser-unknown-class] "ItemHead", text="163  Subsection 333‑10(1) (table item 3)"
[parser-unknown-class] "ItemHead", text="164  Subsection 333‑20(1) (table items 7, 10, 12 and 13)"
[parser-unknown-class] "ItemHead", text="165  At the end of subsection 333‑20(1)"
[parser-unknown-class] "ItemHead", text="166  Section 333‑25"
[parser-unknown-class] "ItemHead", text="167  Clause 1 of Schedule 1"
[parser-unknown-class] "ItemHead", text="168  Clause 1 of Schedule 1"
[parser-unknown-class] "ItemHead", text="169  Clause 1 of Schedule 1"
[parser-unknown-class] "ItemHead", text="170  Clause 1 of Schedule 1 (definition of private health insurer)"
[parser-unknown-class] "ItemHead", text="171  Clause 1 of Schedule 1"
[parser-unknown-class] "ItemHead", text="172  Clause 1 of Schedule 1 (definition of referable)"
[parser-unknown-class] "ItemHead", text="173  Clause 1 of Schedule 1"
[parser-unknown-class] "ItemHead", text="174  Clause 1 of Schedule 1 (definition of restricted access insurer)"
[parser-unknown-class] "ItemHead", text="175  Clause 1 of Schedule 1 (definition of risk equalisation jurisdiction)"
[parser-unknown-class] "ItemHead", text="176  Clause 1 of Schedule 1"
[parser-unknown-class] "ItemHead", text="177  Clause 1 of Schedule 1"
[parser-unknown-class] "ActHead8", text="Division 2—Other amendments"
[parser-unknown-class] "ActHead9", text="Ombudsman Act 1976"
[parser-unknown-class] "ItemHead", text="178  Paragraphs 35(6D)(d) and (e)"
[parser-unknown-class] "ActHead9", text="Private Health Insurance Act 2007"
[parser-unknown-class] "ItemHead", text="179  After paragraph 323‑10(1A)(c)"
[parser-unknown-class] "ItemHead", text="180  Section 328‑1"
[parser-unknown-class] "ActHead9", text="Private Health Insurance (Prudential Supervision) Act 2015"
[parser-unknown-class] "ItemHead", text="181  After section 5"
[parser-unknown-class] "ItemHead", text="182  Paragraph 92(7)(b)"
[parser-unknown-class] "ActHead7", text="Part 2—Repeals"
[parser-unknown-class] "ActHead9", text="Private Health Insurance (Council Administration Levy) Act 2003"
[parser-unknown-class] "ItemHead", text="183  The whole of the Act"
[parser-unknown-class] "ActHead6", text="Schedule 2—Transitional provisions"
[parser-unknown-class] "ActHead7", text="Part 1—Introduction"
[parser-unknown-class] "ItemHead", text="1  Interpretation"
[parser-unknown-class] "Subitem", text="(1) In this Schedule:"
[parser-unknown-class] "Subitem", text="(2) Unless rules made under item 43 provide otherwise, if this Schedule provides that an Act (or ..."
[parser-unknown-class] "ActHead7", text="Part 2—Specific transitional provisions"
[parser-unknown-class] "ActHead8", text="Division 1—Registration of private health insurers"
[parser-unknown-class] "ItemHead", text="2  Proceedings for injunctions relating to carrying on health insurance business without registra..."
[parser-unknown-class] "Subitem", text="(1) This item applies if, immediately before the transition time, proceedings for an injunction a..."
[parser-unknown-class] "Subitem", text="(2) If the proceedings were commenced by application made by the Health Minister or by the Counci..."
[parser-unknown-class] "Subitem", text="(3) If the proceedings were commenced by application made by some other person, then, from the tr..."
[parser-unknown-class] "ItemHead", text="3  Continuing the registration of private health insurers"
[parser-unknown-class] "Subitem", text="(1) If, immediately before the transition time, the registration of a body is in force under Part..."
[parser-unknown-class] "Subitem", text="(2) Subitem (1) has effect subject to Division 3 of Part 2 of the Prudential Supervision Act."
[parser-unknown-class] "Subitem", text="(3) After the transition time, the body may, in writing, request APRA to vary the body’s registra..."
[parser-unknown-class] "Subitem", text="(4) If the body makes a request under subitem (3), APRA may, by written notice to the body, vary ..."
[parser-unknown-class] "ItemHead", text="4  Applications for registration as private health insurer"
[parser-unknown-class] "Subitem", text="(1) If an application for registration that was made under section 126‑10 of the PHI Act before t..."
[parser-unknown-class] "Subitem", text="(2) For the purposes of sections 13 and 17 of the Prudential Supervision Act, the application is ..."
[parser-unknown-class] "Subitem", text="(3) If, before the transition time, the Council gave the applicant notice under section 126‑15 of..."
[parser-unknown-class] "ItemHead", text="5  Conversion to for profit status"
[parser-unknown-class] "Subitem", text="(1) An approval that is in force under section 126‑42 of the PHI Act immediately before the trans..."
[parser-unknown-class] "Subitem", text="(2) If an application made to the Council before the transition time under section 126‑42 of the ..."
[parser-unknown-class] "ActHead8", text="Division 2—Health benefits funds—restructures, mergers and acquisitions, and terminating and exte..."
[parser-unknown-class] "ItemHead", text="6  Restructures of health benefits funds"
[parser-unknown-class] "Subitem", text="(1) An approval that is in force under section 146‑1 of the PHI Act immediately before the transi..."
[parser-unknown-class] "Subitem", text="(2) If an application made to the Council before the transition time under section 146‑1 of the P..."
[parser-unknown-class] "ItemHead", text="7  Mergers and acquisitions of health benefits funds"
[parser-unknown-class] "Subitem", text="(1) An approval that is in force under section 146‑5 of the PHI Act immediately before the transi..."
[parser-unknown-class] "Subitem", text="(2) If an application made to the Council before the transition time under section 146‑5 of the P..."
[parser-unknown-class] "ItemHead", text="8  Terminating management and external management of health benefits funds"
[parser-unknown-class] "SubitemHead", text="Approvals of termination of health benefits funds"
[parser-unknown-class] "Subitem", text="(1) An approval that is in force under section 149‑10 of the PHI Act immediately before the trans..."
[parser-unknown-class] "SubitemHead", text="Applications for approval of termination of health benefits funds"
[parser-unknown-class] "Subitem", text="(2) If an application made to the Council before the transition time under section 149‑1 of the P..."
[parser-unknown-class] "Subitem", text="(3) For the purposes of sections 36 and 38 of the Prudential Supervision Act, the application is ..."
[parser-unknown-class] "Subitem", text="(4) If, before the transition time, the Council gave the applicant notice under section 149‑5 of ..."
[parser-unknown-class] "SubitemHead", text="Appointments of terminating managers and external managers"
[parser-unknown-class] "Subitem", text="(5) An appointment of a terminating manager that is in force under the PHI Act immediately before..."
[parser-unknown-class] "SubitemHead", text="Other things done in relation to the terminating management or external management of health bene..."
[parser-unknown-class] "Subitem", text="(6) Subject to subitem (7), if a health benefits fund is under terminating management or external..."
[parser-unknown-class] "Subitem", text="(7) Rules made under item 43 may make provision for or in relation to how a terminating managemen..."
[parser-unknown-class] "ActHead8", text="Division 3—Other obligations of private health insurers"
[parser-unknown-class] "ItemHead", text="9  Directions"
[parser-unknown-class] "Subitem", text="(1) This item applies in relation to a direction given to a private health insurer, under any of ..."
[parser-unknown-class] "Subitem", text="(2) The direction has effect from the transition time as if it were a direction given by APRA to ..."
[parser-unknown-class] "Subitem", text="(3) If the direction specifies a period for which it remains in force, the direction ceases to ha..."
[parser-unknown-class] "ItemHead", text="10  Actuaries"
[parser-unknown-class] "ItemHead", text="11  Disqualified persons"
[parser-unknown-class] "Subitem", text="(1) The Prudential Supervision Act has effect as if the definition of disqualified person in subs..."
[parser-unknown-class] "Subitem", text="(2) Subitem (1) ceases to apply if APRA revokes the disqualification under subitem (3)."
[parser-unknown-class] "Subitem", text="(3) APRA may revoke the disqualification on application by the person or on its own initiative. A..."
[parser-unknown-class] "Subitem", text="(4) APRA must give the person written notice of a revocation of the disqualification, or of a ref..."
[parser-unknown-class] "Subitem", text="(5) Section 168 of the Prudential Supervision Act (review of decisions) applies to a decision und..."
[parser-unknown-class] "ActHead8", text="Division 4—Enforcement"
[parser-unknown-class] "ItemHead", text="12  Investigations"
[parser-unknown-class] "SubitemHead", text="Continuation of investigations in progress under PHI Act at the transition time"
[parser-unknown-class] "Subitem", text="(1) If an investigation commenced by the Council under Division 194 of the PHI Act before the tra..."
[parser-unknown-class] "Subitem", text="(2) If an investigation commenced by the Council under Division 214 of the PHI Act before the tra..."
[parser-unknown-class] "Subitem", text="(3) Without limiting subitem (2), an appointment of an inspector under subsection 214‑1(1) of the..."
[parser-unknown-class] "Subitem", text="(4) Rules made under item 43 may make provision for or in relation to how an investigation to whi..."
[parser-unknown-class] "SubitemHead", text="Use of powers in Prudential Supervision Act to investigate breaches of Council‑supervised obligat..."
[parser-unknown-class] "Subitem", text="(5) Division 3 of Part 6 of the Prudential Supervision Act has effect as if the reference in para..."
[parser-unknown-class] "ItemHead", text="13  Enforceable undertakings"
[parser-unknown-class] "ItemHead", text="14  Federal Court remedies"
[parser-unknown-class] "SubitemHead", text="Continuation of proceedings under Division 203 of the PHI Act"
[parser-unknown-class] "Subitem", text="(1) If, immediately before the transition time, proceedings commenced by the Council are pending ..."
[parser-unknown-class] "Subitem", text="(2) Division 203 of the PHI Act, as in force immediately before the transition time, is taken to ..."
[parser-unknown-class] "SubitemHead", text="Applying Part 8 of the Prudential Supervision Act to contraventions of Council‑supervised obligat..."
[parser-unknown-class] "Subitem", text="(3) Part 8 of the Prudential Supervision Act has effect as if references in that Part to enforcea..."
[parser-unknown-class] "ItemHead", text="15  Proceedings for injunctions relating to non‑complying policies"
[parser-unknown-class] "ActHead8", text="Division 5—Financial matters"
[parser-unknown-class] "ItemHead", text="16  Crediting of Council money to special accounts"
[parser-unknown-class] "Subitem", text="(1) Council money means all money held by the Council immediately before the transition time."
[parser-unknown-class] "Subitem", text="(2) Amounts equal to the following amounts must be credited to the Risk Equalisation Special Acco..."
[parser-unknown-class] "Subitem", text="(3) Amounts equal to the following amounts must be credited to the Collapsed Insurer Special Acco..."
[parser-unknown-class] "Subitem", text="(4) An amount equal to all Council money that is not covered by subitem (2) or (3) must be credit..."
[parser-unknown-class] "ItemHead", text="17  Collection and recovery of Council administration levy and collapsed insurer levy imposed bef..."
[parser-unknown-class] "Subitem", text="(1) This item applies if the imposition day for an amount (the levy amount) of Council administra..."
[parser-unknown-class] "Subitem", text="(2) The following provisions of the PHI Act as in force immediately before the transition time:"
[parser-unknown-class] "Subitem", text="(3) If:"
[parser-unknown-class] "Subitem", text="(4) If:"
[parser-unknown-class] "ItemHead", text="18  Entitlements to be paid an amount out of the Risk Equalisation Trust Fund"
[parser-unknown-class] "Subitem", text="(1) This item applies if, immediately before the transition time, a private health insurer has an..."
[parser-unknown-class] "Subitem", text="(2) APRA must, after the transition time, pay that amount to the private health insurer. The amou..."
[parser-unknown-class] "ActHead8", text="Division 6—Other matters"
[parser-unknown-class] "ItemHead", text="19  Secrecy obligations"
[parser-unknown-class] "ItemHead", text="20  Report on operations of private health insurers before transition time"
[parser-unknown-class] "Subitem", text="(1) This item applies if, in relation to a financial year ending at or before the transition time..."
[parser-unknown-class] "Subitem", text="(2) That section of the PHI Act is taken to continue in force in relation to that financial year,..."
[parser-unknown-class] "ActHead7", text="Part 3—General transitional provisions"
[parser-unknown-class] "ActHead8", text="Division 1—Transitional functions"
[parser-unknown-class] "ItemHead", text="21  Transitional function for Council and APRA"
[parser-unknown-class] "Subitem", text="(1) During the transition period, the functions of the Council include the function of taking suc..."
[parser-unknown-class] "Subitem", text="(2) During the transition period, APRA’s functions include the function of taking such steps as m..."
[parser-unknown-class] "Subitem", text="(3) In this item:"
[parser-unknown-class] "ActHead8", text="Division 2—Transfer of assets and liabilities"
[parser-unknown-class] "ItemHead", text="22  Vesting of assets"
[parser-unknown-class] "Subitem", text="(1) This item applies to the assets of the Council immediately before the transition time."
[parser-unknown-class] "SubitemHead", text="Assets vesting in APRA"
[parser-unknown-class] "Subitem", text="(2) At the transition time, the assets cease to be assets of the Council and become assets of APR..."
[parser-unknown-class] "SubitemHead", text="Assets vesting in the Commonwealth"
[parser-unknown-class] "Subitem", text="(3) Before the transition time, the APRA Minister may determine, in writing, that a specified ass..."
[parser-unknown-class] "Subitem", text="(4) If the APRA Minister makes a determination under subitem (3), then, at the transition time an..."
[parser-unknown-class] "Subitem", text="(5) A determination made under subitem (3) is not a legislative instrument."
[parser-unknown-class] "ItemHead", text="23  Vesting of liabilities"
[parser-unknown-class] "Subitem", text="(1) This item applies to the liabilities of the Council immediately before the transition time."
[parser-unknown-class] "SubitemHead", text="Liabilities vesting in APRA"
[parser-unknown-class] "Subitem", text="(2) At the transition time, the liabilities cease to be liabilities of the Council and become lia..."
[parser-unknown-class] "SubitemHead", text="Liabilities vesting in the Commonwealth"
[parser-unknown-class] "Subitem", text="(3) Before the transition time, the APRA Minister may determine, in writing, that a specified lia..."
[parser-unknown-class] "Subitem", text="(4) If the APRA Minister makes a determination under subitem (3), then, at the transition time an..."
[parser-unknown-class] "Subitem", text="(5) A determination made under subitem (3) is not a legislative instrument."
[parser-unknown-class] "ItemHead", text="24  Transfers of land may be registered"
[parser-unknown-class] "Subitem", text="(1) This item applies if:"
[parser-unknown-class] "Subitem", text="(2) The land registration official may:"
[parser-unknown-class] "Subitem", text="(3) A certificate under paragraph (1)(b) is not a legislative instrument."
[parser-unknown-class] "ItemHead", text="25  Certificates relating to vesting of assets other than land"
[parser-unknown-class] "Subitem", text="(1) This item applies if:"
[parser-unknown-class] "Subitem", text="(2) The assets official may:"
[parser-unknown-class] "Subitem", text="(3) A certificate made under paragraph (1)(b) is not a legislative instrument."
[parser-unknown-class] "ActHead8", text="Division 3—Transfer of other matters"
[parser-unknown-class] "ItemHead", text="26  Things done by, or in relation to, the Council"
[parser-unknown-class] "Subitem", text="(1) This item applies to anything done by, or in relation to, the Council before the transition t..."
[parser-unknown-class] "SubitemHead", text="Attributing things to APRA"
[parser-unknown-class] "Subitem", text="(2) At and after the transition time, the thing has effect as if it had been done by, or in relat..."
[parser-unknown-class] "SubitemHead", text="Attributing things to the Commonwealth"
[parser-unknown-class] "Subitem", text="(3) The APRA Minister may determine, in writing, that:"
[parser-unknown-class] "Subitem", text="(4) A determination made under subitem (3) has effect accordingly, despite subitem (2)."
[parser-unknown-class] "Subitem", text="(5) The APRA Minister may make a determination under subitem (3) before or after the transition t..."
[parser-unknown-class] "Subitem", text="(6) A determination made under subitem (3) is not a legislative instrument."
[parser-unknown-class] "Subitem", text="(7) This item does not limit the operation of items 22 and 23."
[parser-unknown-class] "ItemHead", text="27  References in certain instruments to the Council"
[parser-unknown-class] "Subitem", text="(1) This item applies to an instrument that:"
[parser-unknown-class] "SubitemHead", text="Attributing references in instruments to APRA"
[parser-unknown-class] "Subitem", text="(2) If the instrument relates to:"
[parser-unknown-class] "SubitemHead", text="Attributing references in instruments to the Commonwealth"
[parser-unknown-class] "Subitem", text="(3) If the instrument relates to:"
[parser-unknown-class] "SubitemHead", text="APRA Minister may attribute references"
[parser-unknown-class] "Subitem", text="(4) The APRA Minister may determine, in writing, that the reference to the Council has effect, at..."
[parser-unknown-class] "Subitem", text="(5) A determination made under subitem (4) has effect accordingly, despite subitems (2) and (3) (..."
[parser-unknown-class] "Subitem", text="(6) The APRA Minister may make a determination under subitem (4) before or after the transition t..."
[parser-unknown-class] "Subitem", text="(7) A determination made under subitem (4) is not a legislative instrument."
[parser-unknown-class] "SubitemHead", text="Definitions"
[parser-unknown-class] "Subitem", text="(8) In this item:"
[parser-unknown-class] "ItemHead", text="28  Legal proceedings of the Council"
[parser-unknown-class] "Subitem", text="(1) This item applies if any proceedings to which the Council was a party were pending in any cou..."
[parser-unknown-class] "SubitemHead", text="Substituting APRA as party to proceedings"
[parser-unknown-class] "Subitem", text="(2) APRA is substituted for the Council, from the transition time, as a party to those proceedings."
[parser-unknown-class] "SubitemHead", text="Substituting the Commonwealth as party to proceedings"
[parser-unknown-class] "Subitem", text="(3) The APRA Minister may determine, in writing, that the Commonwealth is substituted for the Cou..."
[parser-unknown-class] "Subitem", text="(4) A determination under subitem (3) has effect accordingly, despite subitem (2)."
[parser-unknown-class] "Subitem", text="(5) The APRA Minister may make a determination under subitem (3) before or after the transition t..."
[parser-unknown-class] "Subitem", text="(6) A determination made under subitem (3) is not a legislative instrument."
[parser-unknown-class] "ItemHead", text="29  Transfer of Council’s records and documents"
[parser-unknown-class] "Subitem", text="(1) This item applies to any records or documents that were in the possession of the Council imme..."
[parser-unknown-class] "SubitemHead", text="Transferring records and documents to APRA"
[parser-unknown-class] "Subitem", text="(2) The records and documents are to be transferred to APRA after the transition time."
[parser-unknown-class] "SubitemHead", text="Transferring records and documents to the Commonwealth"
[parser-unknown-class] "Subitem", text="(3) The APRA Minister may determine, in writing, that a record or document to which this item app..."
[parser-unknown-class] "Subitem", text="(4) A determination made under subitem (3) has effect accordingly, despite subitem (2)."
[parser-unknown-class] "Subitem", text="(5) The APRA Minister may make a determination under subitem (3) before or after the transition t..."
[parser-unknown-class] "Subitem", text="(6) A determination made under subitem (3) is not a legislative instrument."
[parser-unknown-class] "Subitem", text="(7) Sections 37 and 41 of the Public Governance, Performance and Accountability Act 2013 apply in..."
[parser-unknown-class] "ItemHead", text="30  Transfer of Ombudsman investigations"
[parser-unknown-class] "ActHead8", text="Division 4—Staff and officers of the Council"
[parser-unknown-class] "ItemHead", text="31  Transferring employees—transfer to APRA"
[parser-unknown-class] "Subitem", text="(1) At the transition time, a transferring employee:"
[parser-unknown-class] "Subitem", text="(2) A person is a transferring employee if the person was employed by the Council under subsectio..."
[parser-unknown-class] "Subitem", text="(3) A transferring employee is not entitled to receive any payment or other benefit merely becaus..."
[parser-unknown-class] "ItemHead", text="32  Transferring employees—terms and conditions of employment with APRA"
[parser-unknown-class] "Subitem", text="(1) A transferring employee is entitled to terms and conditions of appointment as an employee of ..."
[parser-unknown-class] "Subitem", text="(2) Subitem (1) ceases to have effect on the next occasion when an enterprise agreement (within t..."
[parser-unknown-class] "Subitem", text="(3) The first determination (if any) that the Chair of APRA makes under subsection 45(2) of the A..."
[parser-unknown-class] "Subitem", text="(4) To avoid doubt:"
[parser-unknown-class] "ItemHead", text="33  Transferring employees—accrued leave and prior service"
[parser-unknown-class] "Subitem", text="(1) APRA must recognise leave accrued by a transferring employee immediately before the transitio..."
[parser-unknown-class] "Subitem", text="(2) The service of a transferring employee as an employee of the Council is taken, for all purpos..."
[parser-unknown-class] "ItemHead", text="34  Transferring employees—processes begun before transition time"
[parser-unknown-class] "Subitem", text="(1) Without limiting item 43, rules made under that item may provide for:"
[parser-unknown-class] "Subitem", text="(2) In this item:"
[parser-unknown-class] "ItemHead", text="35  Safety, Rehabilitation and Compensation Act 1988"
[parser-unknown-class] "Subitem", text="(1) This item applies in relation to a person if:"
[parser-unknown-class] "Subitem", text="(2) The SRC Act applies, after the transition time, as if the person had been an employee of APRA..."
[parser-unknown-class] "Subitem", text="(3) This item does not limit item 26 or 27 of this Schedule."
[parser-unknown-class] "ItemHead", text="36  No transfer of Council officers or consultants"
[parser-unknown-class] "SubitemHead", text="Council officers"
[parser-unknown-class] "Subitem", text="(1) Nothing in this Part produces the result that the appointment of a Council officer immediatel..."
[parser-unknown-class] "Subitem", text="(2) Each of the following is a Council officer:"
[parser-unknown-class] "SubitemHead", text="Consultants"
[parser-unknown-class] "Subitem", text="(3) Nothing in this Part produces the result that a person engaged as a consultant to the Council..."
[parser-unknown-class] "ActHead8", text="Division 5—Annual reporting obligation"
[parser-unknown-class] "ItemHead", text="37  Final annual report for the Council"
[parser-unknown-class] "Subitem", text="(1) The Chair of APRA must prepare and give to the APRA Minister, for presentation to the Parliam..."
[parser-unknown-class] "Subitem", text="(2) Sections 39, 40, 42, 43 and 46 of the Public Governance, Performance and Accountability Act 2..."
[parser-unknown-class] "Subitem", text="(3) The Chair of APRA must give the final report to the APRA Minister by the 15th day of the four..."
[parser-unknown-class] "Subitem", text="(4) The APRA Minister must table the final report in each House of the Parliament as soon as prac..."
[parser-unknown-class] "Subitem", text="(5) APRA must publish the final report on its website as soon as practicable after the report is ..."
[parser-unknown-class] "Subitem", text="(6) In this item:"
[parser-unknown-class] "ActHead7", text="Part 4—Miscellaneous"
[parser-unknown-class] "ItemHead", text="38  Relationship between Part 3 and other provisions"
[parser-unknown-class] "ItemHead", text="39  Exemption from stamp duty and other State or Territory taxes"
[parser-unknown-class] "Subitem", text="(1) No stamp duty or other tax is payable under a law of a State or a Territory in respect of an ..."
[parser-unknown-class] "Subitem", text="(2) For the purposes of this item, an exempt matter is:"
[parser-unknown-class] "Subitem", text="(3) The APRA Minister may certify in writing:"
[parser-unknown-class] "Subitem", text="(4) In all courts, and for all purposes (other than for the purposes of criminal proceedings), a ..."
[parser-unknown-class] "Subitem", text="(5) A certificate under subitem (3) is not a legislative instrument."
[parser-unknown-class] "ItemHead", text="40  Certificates taken to be authentic"
[parser-unknown-class] "ItemHead", text="41  Delegation by APRA Minister"
[parser-unknown-class] "Subitem", text="(1) The APRA Minister may, by writing, delegate all or any of his or her powers and functions und..."
[parser-unknown-class] "Subitem", text="(2) In exercising powers or functions under a delegation, the delegate must comply with any direc..."
[parser-unknown-class] "Subitem", text="(3) Subitem (1) does not apply to a power to make, vary or revoke a legislative instrument."
[parser-unknown-class] "ItemHead", text="42  Compensation for acquisition of property"
[parser-unknown-class] "Subitem", text="(1) If the operation of this Act would result in an acquisition of property (within the meaning o..."
[parser-unknown-class] "Subitem", text="(2) If the Commonwealth and the person do not agree on the amount of the compensation, the person..."
[parser-unknown-class] "ItemHead", text="43  Transitional rules"
[parser-unknown-class] "Subitem", text="(1) The APRA Minister may, by legislative instrument (and subject to subitem (3)), make rules pre..."
[parser-unknown-class] "Subitem", text="(2) The rules may allow the APRA Minister or APRA to determine matters in relation to anything in..."
[parser-unknown-class] "Subitem", text="(3) To avoid doubt, the rules may not do the following:"
[parser-unknown-class] "Subitem", text="(4) This Act (other than subitem (3)) does not limit the rules that may be made for the purposes ..."
[parser-unknown-class] "2ndRd", text=""
[parser-unknown-class] "2ndRd", text="[Minister’s second reading speech made in—"
[parser-unknown-class] "2ndRd", text="House of Representatives on 27 May 2015"
[parser-unknown-class] "2ndRd", text="Senate on 16 June 2015]"
[parser-diag] processed 1221 <p> elements
[parser-diag] last section was added at element index: 788
[parser-diag] state phase at end: BODY
[parser-diag] hierarchy stack depth at end: 4
[parser-diag] insideSchedule at end: false
[parse] sections: 58
[parse] compilation: date=(none) no=(none)
[parse] by level:
         section      45
         division     8
         part         4
         chapter      1
[db] inserted new legislation row: 137df12a-a738-43c2-b103-d6687a3e68a9
[db] inserting 58 sections (pass 1)
[db] inserted 58 sections
[db] linking parent FKs (pass 2)
[db] linked 52 parent references

[done] ingested Private Health Insurance (Prudential Supervision) (Consequential Amendments and Transitional Provisions) Act 2015
       legislation_id: 137df12a-a738-43c2-b103-d6687a3e68a9
       sections: 58
       compilation: 2015-06-26
