[fetch] document_1: https://www.legislation.gov.au/C2015A00139/2015-11-12/2015-11-12/text/original/epub/OEBPS/document_1/document_1.html
[fetch] document_1: 39,782 bytes
[fetch] document_2: https://www.legislation.gov.au/C2015A00139/2015-11-12/2015-11-12/text/original/epub/OEBPS/document_2/document_2.html
[fetch] document_2 not found — stopping. Fetched 1 document(s).
[fetch] combined 1 document(s), 39,782 source bytes → 38,692 combined bytes
[citation] Australian Immunisation Register (Consequential and Transitional Provisions) Act 2015 (Cth)
[parse] starting
[parser-diag] total <p> elements found: 253
[parser-unknown-class] "ActHead6", text="Schedule 1—Amendments commencing 1 January 2016"
[parser-unknown-class] "ActHead9", text="A New Tax System (Family Assistance) Act 1999"
[parser-unknown-class] "ItemHead", text="1  Subsection 3(1) (definition of recognised immunisation provider)"
[parser-unknown-class] "ActHead9", text="Child Support (Registration and Collection) Act 1988"
[parser-unknown-class] "ItemHead", text="2  Subsection 16AB(3) (after paragraph (c) of the definition of designated program Act)"
[parser-unknown-class] "ActHead9", text="Freedom of Information Act 1982"
[parser-unknown-class] "ItemHead", text="3  Schedule 3"
[parser-unknown-class] "ActHead9", text="Healthcare Identifiers Act 2010"
[parser-unknown-class] "ItemHead", text="4  Section 5 (definition of Australian Childhood Immunisation Register)"
[parser-unknown-class] "ActHead9", text="Health Insurance Act 1973"
[parser-unknown-class] "ItemHead", text="5  Part IVA"
[parser-unknown-class] "ItemHead", text="6  Subsections 130(3B), (3C), (3D), (3E), (3F) and (3G)"
[parser-unknown-class] "ItemHead", text="7  After subsection 130(5F)"
[parser-unknown-class] "ItemHead", text="8  Subsection 130(11)"
[parser-unknown-class] "ItemHead", text="9  Subsection 130(13)"
[parser-unknown-class] "ActHead9", text="Human Services (Centrelink) Act 1997"
[parser-unknown-class] "ItemHead", text="10  Subsection 40A(3) (after paragraph (b) of the definition of designated program Act)"
[parser-unknown-class] "ActHead9", text="Human Services (Medicare) Act 1973"
[parser-unknown-class] "ItemHead", text="11  Subsection 43A(3) (after paragraph (b) of the definition of designated program Act)"
[parser-unknown-class] "ActHead9", text="National Health Act 1953"
[parser-unknown-class] "ItemHead", text="12  Subparagraph 9BA(6)(a)(iii)"
[parser-unknown-class] "ItemHead", text="13  At the end of subsection 135A(5C)"
[parser-unknown-class] "ActHead6", text="Schedule 2—Amendments commencing later in 2016"
[parser-unknown-class] "ActHead9", text="Australian Immunisation Register Act 2015"
[parser-unknown-class] "ItemHead", text="1  Section 3"
[parser-unknown-class] "ItemHead", text="2  Section 4 (definition of ACI register)"
[parser-unknown-class] "ItemHead", text="3  Section 4"
[parser-unknown-class] "ItemHead", text="4  Section 4 (definition of purposes of the ACI register)"
[parser-unknown-class] "ItemHead", text="5  Section 4"
[parser-unknown-class] "ItemHead", text="6  Section 4 (subparagraph (b)(i) of the definition of recognised vaccination provider)"
[parser-unknown-class] "ItemHead", text="7  Section 4 (paragraph (d) of the definition of relevant identifying information)"
[parser-unknown-class] "ItemHead", text="8  Section 4 (definition of young individual)"
[parser-unknown-class] "ItemHead", text="9  Part 2 (heading)"
[parser-unknown-class] "ItemHead", text="10  Section 7"
[parser-unknown-class] "ItemHead", text="11  Subsection 8(1)"
[parser-unknown-class] "ItemHead", text="12  Section 9"
[parser-unknown-class] "ItemHead", text="13  Section 9"
[parser-unknown-class] "ItemHead", text="14  Paragraph 9(e)"
[parser-unknown-class] "ItemHead", text="15  Subsection 10(1)"
[parser-unknown-class] "ItemHead", text="16  Paragraphs 10(1)(a) and (e)"
[parser-unknown-class] "ItemHead", text="17  Paragraphs 10(1)(f) and (g)"
[parser-unknown-class] "ItemHead", text="18  Paragraph 10(1)(h)"
[parser-unknown-class] "ItemHead", text="19  Paragraph 10(1)(j)"
[parser-unknown-class] "ItemHead", text="20  Subsection 10(2)"
[parser-unknown-class] "ItemHead", text="21  Subsection 11(1) (note)"
[parser-unknown-class] "ItemHead", text="22  Subsection 11(2)"
[parser-unknown-class] "ItemHead", text="23  Paragraph 12(1)(a)"
[parser-unknown-class] "ItemHead", text="24  Subparagraph 12(1)(b)(i)"
[parser-unknown-class] "ItemHead", text="25  Subparagraph 12(1)(b)(iii)"
[parser-unknown-class] "ItemHead", text="26  Paragraph 12(2)(a)"
[parser-unknown-class] "ItemHead", text="27  Subsection 13(1)"
[parser-unknown-class] "ItemHead", text="28  Section 21"
[parser-unknown-class] "ItemHead", text="29  Subsection 22(1) (heading)"
[parser-unknown-class] "ItemHead", text="30  Subsection 22(1)"
[parser-unknown-class] "ItemHead", text="31  Subsection 22(2) (heading)"
[parser-unknown-class] "ItemHead", text="32  Subsection 22(2)"
[parser-unknown-class] "ItemHead", text="33  Subsection 26(2)"
[parser-unknown-class] "ActHead9", text="Healthcare Identifiers Act 2010"
[parser-unknown-class] "ItemHead", text="34  Section 5 (definition of Australian Childhood Immunisation Register)"
[parser-unknown-class] "ItemHead", text="35  Subparagraph 22D(2)(a)(ii)"
[parser-unknown-class] "ActHead6", text="Schedule 3—Amendments commencing 1 January 2017"
[parser-unknown-class] "ActHead9", text="Australian Immunisation Register Act 2015"
[parser-unknown-class] "ItemHead", text="1  Subsection 8(2)"
[parser-unknown-class] "ItemHead", text="2  Paragraph 22(2)(f)"
[parser-unknown-class] "ItemHead", text="3  Paragraph 22(2)(g)"
[parser-unknown-class] "ActHead9", text="National Health Act 1953"
[parser-unknown-class] "ItemHead", text="4  Section 9BA"
[parser-unknown-class] "ItemHead", text="5  Paragraph 135A(5C)(c)"
[parser-unknown-class] "ItemHead", text="6  Paragraph 135A(5C)(d)"
[parser-unknown-class] "2ndRd", text="[Minister’s second reading speech made in—"
[parser-unknown-class] "2ndRd", text="House of Representatives on 10 September 2015"
[parser-unknown-class] "2ndRd", text="Senate on 13 October 2015]"
[parser-diag] processed 253 <p> elements
[parser-diag] last section was added at element index: 163
[parser-diag] state phase at end: BODY
[parser-diag] hierarchy stack depth at end: 2
[parser-diag] insideSchedule at end: false
[parse] sections: 6
[parse] compilation: date=(none) no=(none)
[parse] by level:
         section      5
         part         1
[db] inserted new legislation row: c792022c-548f-4838-8c11-a0a428b8efc9
[db] inserting 6 sections (pass 1)
[db] inserted 6 sections
[db] linking parent FKs (pass 2)
[db] linked 1 parent references

[done] ingested Australian Immunisation Register (Consequential and Transitional Provisions) Act 2015
       legislation_id: c792022c-548f-4838-8c11-a0a428b8efc9
       sections: 6
       compilation: 2015-11-12
