[fetch] document_1: https://www.legislation.gov.au/C2019A00041/2025-11-01/2025-11-01/text/original/epub/OEBPS/document_1/document_1.html
[fetch] document_1: 207,251 bytes
[fetch] document_2: https://www.legislation.gov.au/C2019A00041/2025-11-01/2025-11-01/text/original/epub/OEBPS/document_2/document_2.html
[fetch] document_2 not found — stopping. Fetched 1 document(s).
[fetch] combined 1 document(s), 207,251 source bytes → 205,216 combined bytes
[citation] Treatment Benefits (Special Access) Act 2019 (Cth)
[parse] starting
[parser-diag] total <p> elements found: 808
[parser-diag] processed 808 <p> elements
[parser-diag] last section was added at element index: 655
[parser-diag] state phase at end: ENDNOTES
[parser-diag] hierarchy stack depth at end: 2
[parser-diag] insideSchedule at end: false
[parse] sections: 83
[parse] compilation: date=2025-11-01 no=2
[parse] by level:
         part         7
         section      63
         division     13
[db] inserted new legislation row: cfff94fc-fd05-4871-bc28-d5aa6670f0c5
[db] inserting 83 sections (pass 1)
[db] inserted 83 sections
[db] linking parent FKs (pass 2)
[db] linked 76 parent references

[done] ingested Treatment Benefits (Special Access) Act 2019
       legislation_id: cfff94fc-fd05-4871-bc28-d5aa6670f0c5
       sections: 83
       compilation: 2025-11-01
