[fetch] document_1: https://www.legislation.gov.au/C2018A00166/2018-12-10/2018-12-10/text/original/epub/OEBPS/document_1/document_1.html
[fetch] document_1: 19,074 bytes
[fetch] document_2: https://www.legislation.gov.au/C2018A00166/2018-12-10/2018-12-10/text/original/epub/OEBPS/document_2/document_2.html
[fetch] document_2 not found — stopping. Fetched 1 document(s).
[fetch] combined 1 document(s), 19,074 source bytes → 17,605 combined bytes
[citation] Road Vehicle Standards Charges (Imposition—Excise) Act 2018 (Cth)
[parse] starting
[parser-diag] total <p> elements found: 103
[parser-unknown-class] "2ndRd", text=""
[parser-unknown-class] "2ndRd", text="[Minister’s second reading speech made in—"
[parser-unknown-class] "2ndRd", text="House of Representatives on 7 February 2018"
[parser-unknown-class] "2ndRd", text="Senate on 18 June 2018]"
[parser-diag] processed 103 <p> elements
[parser-diag] last section was added at element index: 89
[parser-diag] state phase at end: BODY
[parser-diag] hierarchy stack depth at end: 2
[parser-diag] insideSchedule at end: false
[parse] sections: 11
[parse] compilation: date=(none) no=(none)
[parse] by level:
         part         3
         section      8
[db] inserted new legislation row: 3981318a-c0aa-4df5-a8fc-0f63e2ce8195
[db] inserting 11 sections (pass 1)
[db] inserted 11 sections
[db] linking parent FKs (pass 2)
[db] linked 8 parent references

[done] ingested Road Vehicle Standards Charges (Imposition—Excise) Act 2018
       legislation_id: 3981318a-c0aa-4df5-a8fc-0f63e2ce8195
       sections: 11
       compilation: 2018-12-10
