[fetch] document_1: https://www.legislation.gov.au/C2011A00151/2024-12-11/2024-12-11/text/original/epub/OEBPS/document_1/document_1.html
[fetch] document_1: 222,218 bytes
[fetch] document_2: https://www.legislation.gov.au/C2011A00151/2024-12-11/2024-12-11/text/original/epub/OEBPS/document_2/document_2.html
[fetch] document_2 not found — stopping. Fetched 1 document(s).
[fetch] combined 1 document(s), 222,218 source bytes → 219,440 combined bytes
[citation] Australian Renewable Energy Agency Act 2011 (Cth)
[parse] starting
[parser-diag] total <p> elements found: 914
[parser-diag] processed 914 <p> elements
[parse] sections: 89
[parse] compilation: date=2024-12-11 no=7
[parse] by level:
         part         6
         section      74
         division     7
         subdivision  2
[parser-diag] last section was added at element index: 673
[parser-diag] state phase at end: ENDNOTES
[parser-diag] hierarchy stack depth at end: 2
[parser-diag] insideSchedule at end: false
[db] inserted new legislation row: 902d2fd5-2a29-402f-83f8-b00a51fb284f
[db] inserting 89 sections (pass 1)
[db] inserted 89 sections
[db] linking parent FKs (pass 2)
[db] linked 83 parent references

[done] ingested Australian Renewable Energy Agency Act 2011
       legislation_id: 902d2fd5-2a29-402f-83f8-b00a51fb284f
       sections: 89
       compilation: 2024-12-11
