[fetch] document_1: https://www.legislation.gov.au/C2014A00024/2014-04-09/2014-04-09/text/original/epub/OEBPS/document_1/document_1.html
[fetch] document_1: 18,794 bytes
[fetch] document_2: https://www.legislation.gov.au/C2014A00024/2014-04-09/2014-04-09/text/original/epub/OEBPS/document_2/document_2.html
[fetch] document_2 not found — stopping. Fetched 1 document(s).
[fetch] combined 1 document(s), 18,794 source bytes → 17,740 combined bytes
[citation] Marriage (Celebrant Registration Charge) Act 2014 (Cth)
[parse] starting
[parser-diag] total <p> elements found: 96
[parser-unknown-class] "2ndRd", text=""
[parser-unknown-class] "2ndRd", text="[Minister’s second reading speech made in—"
[parser-unknown-class] "2ndRd", text="House of Representatives on 20 March 2014"
[parser-unknown-class] "2ndRd", text="Senate on 27 March 2014]"
[parser-diag] processed 96 <p> elements
[parser-diag] last section was added at element index: 76
[parser-diag] state phase at end: BODY
[parser-diag] hierarchy stack depth at end: 1
[parser-diag] insideSchedule at end: false
[parse] sections: 8
[parse] compilation: date=(none) no=(none)
[parse] by level:
         section      8
[db] inserted new legislation row: 47357e7b-5267-4bc1-85a1-a8cc2b749fa8
[db] inserting 8 sections (pass 1)
[db] inserted 8 sections
[db] linking parent FKs (pass 2)
[db] linked 0 parent references

[done] ingested Marriage (Celebrant Registration Charge) Act 2014
       legislation_id: 47357e7b-5267-4bc1-85a1-a8cc2b749fa8
       sections: 8
       compilation: 2014-04-09
