[fetch] document_1: https://www.legislation.gov.au/C2018A00155/2023-09-21/2023-09-21/text/original/epub/OEBPS/document_1/document_1.html
[fetch] document_1: 240,010 bytes
[fetch] document_2: https://www.legislation.gov.au/C2018A00155/2023-09-21/2023-09-21/text/original/epub/OEBPS/document_2/document_2.html
[fetch] document_2 not found — stopping. Fetched 1 document(s).
[fetch] combined 1 document(s), 240,010 source bytes → 236,761 combined bytes
[citation] Office of National Intelligence Act 2018 (Cth)
[parse] starting
[parser-diag] total <p> elements found: 879
[parser-diag] processed 879 <p> elements
[parser-diag] last section was added at element index: 730
[parser-diag] state phase at end: ENDNOTES
[parser-diag] hierarchy stack depth at end: 2
[parser-diag] insideSchedule at end: false
[parse] sections: 72
[parse] compilation: date=2023-09-21 no=4
[parse] by level:
         part         6
         section      54
         division     12
[db] inserted new legislation row: ff8d1c59-ef07-40a7-9871-dcc3db6b32e5
[db] inserting 72 sections (pass 1)
[db] inserted 72 sections
[db] linking parent FKs (pass 2)
[db] linked 66 parent references

[done] ingested Office of National Intelligence Act 2018
       legislation_id: ff8d1c59-ef07-40a7-9871-dcc3db6b32e5
       sections: 72
       compilation: 2023-09-21
