[fetch] document_1: https://www.legislation.gov.au/C2019A00090/2024-07-06/2024-07-06/text/original/epub/OEBPS/document_1/document_1.html
[fetch] document_1: 277,464 bytes
[fetch] document_2: https://www.legislation.gov.au/C2019A00090/2024-07-06/2024-07-06/text/original/epub/OEBPS/document_2/document_2.html
[fetch] document_2 not found — stopping. Fetched 1 document(s).
[fetch] combined 1 document(s), 277,464 source bytes → 275,418 combined bytes
[citation] Disaster Ready Fund Act 2019 (Cth)
[parse] starting
[parser-diag] total <p> elements found: 1055
[parser-diag] processed 1055 <p> elements
[parser-diag] last section was added at element index: 785
[parse] sections: 80
[parse] compilation: date=2024-07-06 no=4
[parser-diag] state phase at end: ENDNOTES
[parser-diag] hierarchy stack depth at end: 2
[parser-diag] insideSchedule at end: false
[parse] by level:
         part         6
         section      65
         division     9
[db] inserted new legislation row: 3660a7ab-9537-403c-9527-ce581760e654
[db] inserting 80 sections (pass 1)
[db] inserted 80 sections
[db] linking parent FKs (pass 2)
[db] linked 74 parent references

[done] ingested Disaster Ready Fund Act 2019
       legislation_id: 3660a7ab-9537-403c-9527-ce581760e654
       sections: 80
       compilation: 2024-07-06
