[fetch] document_1: https://www.legislation.gov.au/C2010A00080/2010-06-29/2010-06-29/text/original/epub/OEBPS/document_1/document_1.html
[fetch] document_1: 15,320 bytes
[fetch] document_2: https://www.legislation.gov.au/C2010A00080/2010-06-29/2010-06-29/text/original/epub/OEBPS/document_2/document_2.html
[fetch] document_2 not found — stopping. Fetched 1 document(s).
[fetch] combined 1 document(s), 15,320 source bytes → 14,117 combined bytes
[citation] Airports (On-Airport Activities Administration) Validation Act 2010 (Cth)
[parse] starting
[parser-diag] total <p> elements found: 77
[parser-unknown-class] "2ndRd", text=""
[parser-unknown-class] "2ndRd", text="[Minister’s second reading speech made in—"
[parser-unknown-class] "2ndRd", text="House of Representatives on 12 May 2010"
[parser-unknown-class] "2ndRd", text="Senate on 15 June 2010]"
[parser-diag] processed 77 <p> elements
[parser-diag] last section was added at element index: 61
[parser-diag] state phase at end: BODY
[parser-diag] hierarchy stack depth at end: 1
[parser-diag] insideSchedule at end: false
[parse] sections: 6
[parse] compilation: date=(none) no=(none)
[parse] by level:
         section      6
[db] inserted new legislation row: 5d156f29-742b-4683-89a2-412518262bee
[db] inserting 6 sections (pass 1)
[db] inserted 6 sections
[db] linking parent FKs (pass 2)
[db] linked 0 parent references

[done] ingested Airports (On-Airport Activities Administration) Validation Act 2010
       legislation_id: 5d156f29-742b-4683-89a2-412518262bee
       sections: 6
       compilation: 2010-06-29
