[fetch] document_1: https://www.legislation.gov.au/C2010A00035/2021-09-01/2021-09-01/text/original/epub/OEBPS/document_1/document_1.html
[fetch] document_1: 368,053 bytes
[fetch] document_2: https://www.legislation.gov.au/C2010A00035/2021-09-01/2021-09-01/text/original/epub/OEBPS/document_2/document_2.html
[fetch] document_2 not found — stopping. Fetched 1 document(s).
[fetch] combined 1 document(s), 368,053 source bytes → 365,964 combined bytes
[citation] Trans-Tasman Proceedings Act 2010 (Cth)
[parse] starting
[parser-diag] total <p> elements found: 1361
[parser-unknown-class] "BoxNote", text="Note: Provisions to implement the Trans‑Tasman Agreement in New Zealand law are in the NZ Act."
[parser-diag] processed 1361 <p> elements
[parser-diag] last section was added at element index: 1128
[parser-diag] state phase at end: ENDNOTES
[parser-diag] hierarchy stack depth at end: 3
[parser-diag] insideSchedule at end: false
[parse] sections: 146
[parse] compilation: date=2021-09-01 no=2
[parse] by level:
         part         10
         section      110
         division     23
         subdivision  3
[db] inserted new legislation row: 2503bdb6-2148-457a-b54c-bc162dce45f5
[db] inserting 146 sections (pass 1)
[db] inserted 146 sections
[db] linking parent FKs (pass 2)
[db] linked 136 parent references

[done] ingested Trans-Tasman Proceedings Act 2010
       legislation_id: 2503bdb6-2148-457a-b54c-bc162dce45f5
       sections: 146
       compilation: 2021-09-01
