[fetch] document_1: https://www.legislation.gov.au/C2016A00044/2016-05-05/2016-05-05/text/original/epub/OEBPS/document_1/document_1.html
[fetch] document_1: 14,928 bytes
[fetch] document_2: https://www.legislation.gov.au/C2016A00044/2016-05-05/2016-05-05/text/original/epub/OEBPS/document_2/document_2.html
[fetch] document_2 not found — stopping. Fetched 1 document(s).
[fetch] combined 1 document(s), 14,928 source bytes → 13,854 combined bytes
[citation] Australian Crime Commission (National Policing Information Charges) Act 2016 (Cth)
[parse] starting
[parser-diag] total <p> elements found: 83
[parser-unknown-class] "2ndRd", text="[Minister’s second reading speech made in—"
[parser-unknown-class] "2ndRd", text="House of Representatives on 3 December 2015"
[parser-unknown-class] "2ndRd", text="Senate on 4 May 2016]"
[parser-diag] processed 83 <p> elements
[parser-diag] last section was added at element index: 76
[parser-diag] state phase at end: BODY
[parser-diag] hierarchy stack depth at end: 1
[parser-diag] insideSchedule at end: false
[parse] sections: 8
[parse] compilation: date=(none) no=(none)
[parse] by level:
         section      8
[db] inserted new legislation row: 97e3470c-8ae9-40dc-a21c-1c1936c8883d
[db] inserting 8 sections (pass 1)
[db] inserted 8 sections
[db] linking parent FKs (pass 2)
[db] linked 0 parent references

[done] ingested Australian Crime Commission (National Policing Information Charges) Act 2016
       legislation_id: 97e3470c-8ae9-40dc-a21c-1c1936c8883d
       sections: 8
       compilation: 2016-05-05
