[fetch] document_1: https://www.legislation.gov.au/C2011A00018/2014-07-01/2014-07-01/text/original/epub/OEBPS/document_1/document_1.html
[fetch] document_1: 110,250 bytes
[fetch] document_2: https://www.legislation.gov.au/C2011A00018/2014-07-01/2014-07-01/text/original/epub/OEBPS/document_2/document_2.html
[fetch] document_2 not found — stopping. Fetched 1 document(s).
[fetch] combined 1 document(s), 110,250 source bytes → 108,466 combined bytes
[citation] Australian Civilian Corps Act 2011 (Cth)
[parse] starting
[parser-diag] total <p> elements found: 479
[parser-diag] processed 479 <p> elements
[parser-diag] last section was added at element index: 313
[parser-diag] state phase at end: ENDNOTES
[parser-diag] hierarchy stack depth at end: 2
[parser-diag] insideSchedule at end: false
[parse] sections: 38
[parse] compilation: date=(none) no=(none)
[parse] by level:
         part         5
         section      33
[db] inserted new legislation row: 94807e97-b961-4970-ad52-9eb966c081de
[db] inserting 38 sections (pass 1)
[db] inserted 38 sections
[db] linking parent FKs (pass 2)
[db] linked 33 parent references

[done] ingested Australian Civilian Corps Act 2011
       legislation_id: 94807e97-b961-4970-ad52-9eb966c081de
       sections: 38
       compilation: 2014-07-01
