[fetch] document_1: https://www.legislation.gov.au/C2011A00170/2011-12-04/2011-12-04/text/original/epub/OEBPS/document_1/document_1.html
[fetch] document_1: 110,709 bytes
[fetch] document_2: https://www.legislation.gov.au/C2011A00170/2011-12-04/2011-12-04/text/original/epub/OEBPS/document_2/document_2.html
[fetch] document_2 not found — stopping. Fetched 1 document(s).
[fetch] combined 1 document(s), 110,709 source bytes → 109,459 combined bytes
[citation] Parliamentary Service Amendment (Parliamentary Budget Officer) Act 2011 (Cth)
[parse] starting
[parser-diag] total <p> elements found: 464
[parser-unknown-class] "ActHead6", text="Schedule 1—Amendment of the Parliamentary Service Act 1999"
[parser-unknown-class] "ActHead9", text="Parliamentary Service Act 1999"
[parser-unknown-class] "ItemHead", text="1  Section 7"
[parser-unknown-class] "ItemHead", text="2  Section 7"
[parser-unknown-class] "ItemHead", text="3  Section 7"
[parser-unknown-class] "ItemHead", text="4  Section 7"
[parser-unknown-class] "ItemHead", text="5  Section 7"
[parser-unknown-class] "ItemHead", text="6  Section 7"
[parser-unknown-class] "ItemHead", text="7  Section 7"
[parser-unknown-class] "ItemHead", text="8  Section 7"
[parser-unknown-class] "ItemHead", text="9  Section 7"
[parser-unknown-class] "ItemHead", text="10  Section 7"
[parser-unknown-class] "ItemHead", text="11  Section 7"
[parser-unknown-class] "ItemHead", text="12  Section 7 (first definition of Secretary)"
[parser-unknown-class] "ItemHead", text="13  Section 7 (after paragraph (b) of the second definition of Secretary)"
[parser-unknown-class] "ItemHead", text="14  Section 7"
[parser-unknown-class] "ItemHead", text="15  Before section 54"
[parser-unknown-class] "ItemHead", text="16  After section 64"
[parser-unknown-class] "ItemHead", text="17  Before section 65"
[parser-unknown-class] "ItemHead", text="18  At the end of subsection 65A(2)"
[parser-unknown-class] "ActHead6", text="Schedule 2—Amendment of the Charter of Budget Honesty Act 1998"
[parser-unknown-class] "ActHead9", text="Charter of Budget Honesty Act 1998"
[parser-unknown-class] "ItemHead", text="1  Subclause 2(5) of Schedule 1"
[parser-unknown-class] "ItemHead", text="2  Subclause 2(6) of Schedule 1"
[parser-unknown-class] "ItemHead", text="3  Subclause 2(6) of Schedule 1"
[parser-unknown-class] "ItemHead", text="4  Subclause 3(1) of Schedule 1 (definition of caretaker period)"
[parser-unknown-class] "ItemHead", text="5  Subclause 3(1) of Schedule 1"
[parser-unknown-class] "ItemHead", text="6  Subclause 3(1) of Schedule 1"
[parser-unknown-class] "ItemHead", text="7  Subclause 3(1) of Schedule 1"
[parser-unknown-class] "ItemHead", text="8  Subclause 3(1) of Schedule 1"
[parser-unknown-class] "ItemHead", text="9  Subclause 3(1) of Schedule 1"
[parser-unknown-class] "ItemHead", text="10  Subclause 3(1) of Schedule 1"
[parser-unknown-class] "ItemHead", text="11  Subclause 3(1) of Schedule 1 (definition of responsible Secretaries)"
[parser-unknown-class] "ItemHead", text="12  Paragraphs 25(b) and (c) of Schedule 1"
[parser-unknown-class] "ItemHead", text="13  Paragraph 26(a) of Schedule 1"
[parser-unknown-class] "ItemHead", text="14  Subparagraph 26(a)(i) of Schedule 1"
[parser-unknown-class] "ItemHead", text="15  Subparagraph 26(a)(iii) of Schedule 1"
[parser-unknown-class] "ItemHead", text="16  Subparagraph 26(a)(iv) of Schedule 1"
[parser-unknown-class] "ItemHead", text="17  Subparagraph 26(a)(v) of Schedule 1"
[parser-unknown-class] "ItemHead", text="18  Paragraph 26(b) of Schedule 1"
[parser-unknown-class] "ItemHead", text="19  Subparagraph 26(b)(i) of Schedule 1"
[parser-unknown-class] "ItemHead", text="20  Subparagraph 26(b)(ii) of Schedule 1"
[parser-unknown-class] "ItemHead", text="21  Subparagraph 26(b)(iii) of Schedule 1"
[parser-unknown-class] "ItemHead", text="22  At the end of subclause 29(1) of Schedule 1"
[parser-unknown-class] "ItemHead", text="23  After subclause 29(1) of Schedule 1"
[parser-unknown-class] "ItemHead", text="24  Subclause 29(4) of Schedule 1"
[parser-unknown-class] "ItemHead", text="25  Subclause 29(5) of Schedule 1"
[parser-unknown-class] "ItemHead", text="26  Subclause 29(5) of Schedule 1"
[parser-unknown-class] "ItemHead", text="27  Paragraph 30(2)(a) of Schedule 1"
[parser-unknown-class] "ItemHead", text="28  Paragraph 30(2)(a) of Schedule 1"
[parser-unknown-class] "ItemHead", text="29  Paragraph 30(2)(b) of Schedule 1"
[parser-unknown-class] "ItemHead", text="30  At the end of paragraph 30(2)(b) of Schedule 1"
[parser-unknown-class] "ItemHead", text="31  Subclause 30(3) of Schedule 1"
[parser-unknown-class] "ItemHead", text="32  Clause 31 of Schedule 1"
[parser-unknown-class] "ItemHead", text="33  Clause 32 of Schedule 1 (heading)"
[parser-unknown-class] "ActHead6", text="Schedule 3—Amendment of other Acts"
[parser-unknown-class] "ActHead9", text="Freedom of Information Act 1982"
[parser-unknown-class] "ItemHead", text="1  Subsection 4(1)"
[parser-unknown-class] "ItemHead", text="2  Subsection 4(1)"
[parser-unknown-class] "ItemHead", text="3  At the end of Division 1 of Part I of Schedule 2"
[parser-unknown-class] "ActHead9", text="Long Service Leave (Commonwealth Employees) Act 1976"
[parser-unknown-class] "ItemHead", text="4  After paragraph 9B(4)(c)"
[parser-unknown-class] "ActHead9", text="Remuneration Tribunal Act 1973"
[parser-unknown-class] "ItemHead", text="5  At the end of paragraph 5(2D)(c)"
[parser-unknown-class] "2ndRd", text="[Minister’s second reading speech made in—"
[parser-unknown-class] "2ndRd", text="House of Representatives on 24 August 2011"
[parser-unknown-class] "2ndRd", text="Senate on 21 September 2011]"
[parser-diag] processed 464 <p> elements
[parser-diag] last section was added at element index: 437
[parser-diag] state phase at end: BODY
[parser-diag] hierarchy stack depth at end: 2
[parser-diag] insideSchedule at end: false
[parse] sections: 40
[parse] compilation: date=(none) no=(none)
[parse] by level:
         section      35
         division     3
         subdivision  2
[db] inserted new legislation row: 462a6fc3-8fc0-419d-9ad3-723d12520f0f
[db] inserting 40 sections (pass 1)
[db] inserted 40 sections
[db] linking parent FKs (pass 2)
[db] linked 34 parent references

[done] ingested Parliamentary Service Amendment (Parliamentary Budget Officer) Act 2011
       legislation_id: 462a6fc3-8fc0-419d-9ad3-723d12520f0f
       sections: 40
       compilation: 2011-12-04
