[fetch] document_1: https://www.legislation.gov.au/C2012A00105/2021-01-01/2021-01-01/text/original/epub/OEBPS/document_1/document_1.html
[fetch] document_1: 62,615 bytes
[fetch] document_2: https://www.legislation.gov.au/C2012A00105/2021-01-01/2021-01-01/text/original/epub/OEBPS/document_2/document_2.html
[fetch] document_2 not found — stopping. Fetched 1 document(s).
[fetch] combined 1 document(s), 62,615 source bytes → 60,000 combined bytes
[citation] National Vocational Education and Training Regulator (Charges) Act 2012 (Cth)
[parse] starting
[parser-diag] total <p> elements found: 266
[parser-diag] processed 266 <p> elements
[parser-diag] last section was added at element index: 146
[parser-diag] state phase at end: ENDNOTES
[parser-diag] hierarchy stack depth at end: 2
[parser-diag] insideSchedule at end: false
[parse] sections: 22
[parse] compilation: date=2021-01-01 no=2
[parse] by level:
         part         5
         section      17
[db] inserted new legislation row: b5057605-63c8-4ba1-bcf7-d15cec046b85
[db] inserting 22 sections (pass 1)
[db] inserted 22 sections
[db] linking parent FKs (pass 2)
[db] linked 17 parent references

[done] ingested National Vocational Education and Training Regulator (Charges) Act 2012
       legislation_id: b5057605-63c8-4ba1-bcf7-d15cec046b85
       sections: 22
       compilation: 2021-01-01
