[fetch] document_1: https://www.legislation.gov.au/C2017A00090/2025-12-05/2025-12-05/text/original/epub/OEBPS/document_1/document_1.html
[fetch] document_1: 225,200 bytes
[fetch] document_2: https://www.legislation.gov.au/C2017A00090/2025-12-05/2025-12-05/text/original/epub/OEBPS/document_2/document_2.html
[fetch] document_2 not found — stopping. Fetched 1 document(s).
[fetch] combined 1 document(s), 225,200 source bytes → 223,132 combined bytes
[citation] Petroleum and Other Fuels Reporting Act 2017 (Cth)
[parse] starting
[parser-diag] total <p> elements found: 886
[parser-diag] processed 886 <p> elements
[parser-diag] last section was added at element index: 684
[parser-diag] state phase at end: ENDNOTES
[parser-diag] hierarchy stack depth at end: 2
[parser-diag] insideSchedule at end: false
[parse] sections: 61
[parse] compilation: date=2025-12-05 no=6
[parse] by level:
         part         6
         section      49
         division     6
[db] inserted new legislation row: 7749976a-7dbc-4e67-931b-b2ec729138b8
[db] inserting 61 sections (pass 1)
[db] inserted 61 sections
[db] linking parent FKs (pass 2)
[db] linked 55 parent references

[done] ingested Petroleum and Other Fuels Reporting Act 2017
       legislation_id: 7749976a-7dbc-4e67-931b-b2ec729138b8
       sections: 61
       compilation: 2025-12-05
