[fetch] document_1: https://www.legislation.gov.au/C2018A00145/2023-11-01/2023-11-01/text/original/epub/OEBPS/document_1/document_1.html
[fetch] document_1: 212,374 bytes
[fetch] document_2: https://www.legislation.gov.au/C2018A00145/2023-11-01/2023-11-01/text/original/epub/OEBPS/document_2/document_2.html
[fetch] document_2 not found — stopping. Fetched 1 document(s).
[fetch] combined 1 document(s), 212,374 source bytes → 210,245 combined bytes
[citation] Aboriginal and Torres Strait Islander Land and Sea Future Fund Act 2018 (Cth)
[parse] starting
[parser-diag] total <p> elements found: 787
[parser-diag] processed 787 <p> elements
[parser-diag] last section was added at element index: 618
[parser-diag] state phase at end: ENDNOTES
[parser-diag] hierarchy stack depth at end: 2
[parser-diag] insideSchedule at end: false
[parse] sections: 68
[parse] compilation: date=2023-11-01 no=5
[parse] by level:
         part         6
         section      58
         division     4
[db] inserted new legislation row: 682ca10d-0ec2-4c22-829b-b7736348c51d
[db] inserting 68 sections (pass 1)
[db] inserted 68 sections
[db] linking parent FKs (pass 2)
[db] linked 62 parent references

[done] ingested Aboriginal and Torres Strait Islander Land and Sea Future Fund Act 2018
       legislation_id: 682ca10d-0ec2-4c22-829b-b7736348c51d
       sections: 68
       compilation: 2023-11-01
