[fetch] document_1: https://www.legislation.gov.au/C2018A00006/2019-09-01/2019-09-01/text/original/epub/OEBPS/document_1/document_1.html
[fetch] document_1: 160,208 bytes
[fetch] document_2: https://www.legislation.gov.au/C2018A00006/2019-09-01/2019-09-01/text/original/epub/OEBPS/document_2/document_2.html
[fetch] document_2 not found — stopping. Fetched 1 document(s).
[fetch] combined 1 document(s), 160,208 source bytes → 158,387 combined bytes
[citation] Regional Investment Corporation Act 2018 (Cth)
[parse] starting
[parser-diag] total <p> elements found: 638
[parser-diag] processed 638 <p> elements
[parser-diag] last section was added at element index: 516
[parser-diag] state phase at end: ENDNOTES
[parser-diag] hierarchy stack depth at end: 2
[parser-diag] insideSchedule at end: false
[parse] sections: 68
[parse] compilation: date=2019-09-01 no=1
[parse] by level:
         part         5
         section      56
         division     7
[db] inserted new legislation row: 84f6d014-3d30-434f-ac86-18c84294adc4
[db] inserting 68 sections (pass 1)
[db] inserted 68 sections
[db] linking parent FKs (pass 2)
[db] linked 63 parent references

[done] ingested Regional Investment Corporation Act 2018
       legislation_id: 84f6d014-3d30-434f-ac86-18c84294adc4
       sections: 68
       compilation: 2019-09-01
