[fetch] document_1: https://www.legislation.gov.au/C2019A00020/2019-04-03/2019-04-03/text/original/epub/OEBPS/document_1/document_1.html
[fetch] document_1: 17,907 bytes
[fetch] document_2: https://www.legislation.gov.au/C2019A00020/2019-04-03/2019-04-03/text/original/epub/OEBPS/document_2/document_2.html
[fetch] document_2 not found — stopping. Fetched 1 document(s).
[fetch] combined 1 document(s), 17,907 source bytes → 16,452 combined bytes
[citation] Industrial Chemicals Charges (General) Act 2019 (Cth)
[parse] starting
[parser-diag] total <p> elements found: 101
[parser-unknown-class] "2ndRd", text=""
[parser-unknown-class] "2ndRd", text="[Minister’s second reading speech made in—"
[parser-unknown-class] "2ndRd", text="House of Representatives on 1 June 2017"
[parser-unknown-class] "2ndRd", text="Senate on 18 October 2017]"
[parser-diag] processed 101 <p> elements
[parser-diag] last section was added at element index: 87
[parser-diag] state phase at end: BODY
[parser-diag] hierarchy stack depth at end: 1
[parser-diag] insideSchedule at end: false
[parse] sections: 9
[parse] compilation: date=(none) no=(none)
[parse] by level:
         section      9
[db] inserted new legislation row: ed6eca92-0c11-4e8f-83e9-d6b29c83bc2a
[db] inserting 9 sections (pass 1)
[db] inserted 9 sections
[db] linking parent FKs (pass 2)
[db] linked 0 parent references

[done] ingested Industrial Chemicals Charges (General) Act 2019
       legislation_id: ed6eca92-0c11-4e8f-83e9-d6b29c83bc2a
       sections: 9
       compilation: 2019-04-03
