[fetch] document_1: https://www.legislation.gov.au/C2011A00012/2024-10-14/2024-10-14/text/original/epub/OEBPS/document_1/document_1.html
[fetch] document_1: 1,108,607 bytes
[fetch] document_2: https://www.legislation.gov.au/C2011A00012/2024-10-14/2024-10-14/text/original/epub/OEBPS/document_2/document_2.html
[fetch] document_2 not found — stopping. Fetched 1 document(s).
[fetch] combined 1 document(s), 1,108,607 source bytes → 1,106,110 combined bytes
[citation] National Vocational Education and Training Regulator Act 2011 (Cth)
[parse] starting
[parser-diag] total <p> elements found: 4186
[parser-diag] processed 4186 <p> elements
[parser-diag] last section was added at element index: 3253
[parser-diag] state phase at end: ENDNOTES
[parser-diag] hierarchy stack depth at end: 3
[parser-diag] insideSchedule at end: false
[parse] sections: 375
[parse] compilation: date=2024-10-14 no=25
[parse] by level:
         part         12
         division     36
         section      281
         subdivision  46
[db] inserted new legislation row: f13eb74e-3b62-48a7-ba55-0029ec98d5ed
[db] inserting 375 sections (pass 1)
[db] inserted 375 sections
[db] linking parent FKs (pass 2)
[db] linked 363 parent references

[done] ingested National Vocational Education and Training Regulator Act 2011
       legislation_id: f13eb74e-3b62-48a7-ba55-0029ec98d5ed
       sections: 375
       compilation: 2024-10-14
