[fetch] document_1: https://www.legislation.gov.au/C2013A00133/2024-10-14/2024-10-14/text/original/epub/OEBPS/document_1/document_1.html
[fetch] document_1: 616,023 bytes
[fetch] document_2: https://www.legislation.gov.au/C2013A00133/2024-10-14/2024-10-14/text/original/epub/OEBPS/document_2/document_2.html
[fetch] document_2 not found — stopping. Fetched 1 document(s).
[fetch] combined 1 document(s), 616,023 source bytes → 613,697 combined bytes
[citation] Public Interest Disclosure Act 2013 (Cth)
[parse] starting
[parser-diag] total <p> elements found: 2236
[parser-diag] processed 2236 <p> elements
[parser-diag] last section was added at element index: 1780
[parser-diag] state phase at end: ENDNOTES
[parser-diag] hierarchy stack depth at end: 2
[parser-diag] insideSchedule at end: false
[parse] sections: 126
[parse] compilation: date=2024-10-14 no=19
[parse] by level:
         part         5
         division     12
         section      96
         subdivision  13
[db] inserted new legislation row: 9d714d50-b950-4df1-87a1-f5e71de2f027
[db] inserting 126 sections (pass 1)
[db] inserted 126 sections
[db] linking parent FKs (pass 2)
[db] linked 121 parent references

[done] ingested Public Interest Disclosure Act 2013
       legislation_id: 9d714d50-b950-4df1-87a1-f5e71de2f027
       sections: 126
       compilation: 2024-10-14
