[fetch] document_1: https://www.legislation.gov.au/C2013A00016/2013-03-27/2013-03-27/text/original/epub/OEBPS/document_1/document_1.html
[fetch] document_1: 71,137 bytes
[fetch] document_2: https://www.legislation.gov.au/C2013A00016/2013-03-27/2013-03-27/text/original/epub/OEBPS/document_2/document_2.html
[fetch] document_2 not found — stopping. Fetched 1 document(s).
[fetch] combined 1 document(s), 71,137 source bytes → 70,098 combined bytes
[citation] Maritime Powers (Consequential Amendments) Act 2013 (Cth)
[parse] starting
[parser-diag] total <p> elements found: 417
[parser-unknown-class] "ActHead6", text="Schedule 1—Amendment of the Customs Act 1901"
[parser-unknown-class] "ItemHead", text="1  Subsection 4(1)"
[parser-unknown-class] "ItemHead", text="2  Subsection 4(1)"
[parser-unknown-class] "ItemHead", text="3  Subsection 4(1)"
[parser-unknown-class] "ItemHead", text="4  Subsection 4(1)"
[parser-unknown-class] "ItemHead", text="5  Subsection 4(1)"
[parser-unknown-class] "ItemHead", text="6  Subsection 183UA(1) (paragraph (f) of the definition of authorised person)"
[parser-unknown-class] "ItemHead", text="7  Sections 184A to 185B"
[parser-unknown-class] "ItemHead", text="8  Subsection 187(1)"
[parser-unknown-class] "ItemHead", text="9  Subsection 187(2)"
[parser-unknown-class] "ItemHead", text="10  Paragraph 189A(1)(a)"
[parser-unknown-class] "ItemHead", text="11  Paragraphs 203CA(1)(a) and (b)"
[parser-unknown-class] "ItemHead", text="12  Paragraphs 203CA(2)(a) and (b)"
[parser-unknown-class] "ItemHead", text="13  Subsection 203CA(3) (note)"
[parser-unknown-class] "ItemHead", text="14  Subsection 203CA(4)"
[parser-unknown-class] "ItemHead", text="15  Subparagraph 203CB(1)(a)(i)"
[parser-unknown-class] "ItemHead", text="16  Subsection 203CB(2) (note)"
[parser-unknown-class] "ItemHead", text="17  Paragraph 207(1)(a)"
[parser-unknown-class] "ItemHead", text="18  Section 208D"
[parser-unknown-class] "ItemHead", text="19  Paragraph 219L(1A)(a)"
[parser-unknown-class] "ItemHead", text="20  Paragraph 219L(1A)(b)"
[parser-unknown-class] "ItemHead", text="21  Paragraph 219L(1A)(c)"
[parser-unknown-class] "ItemHead", text="22  Section 228"
[parser-unknown-class] "ItemHead", text="23  Paragraph 228(1)"
[parser-unknown-class] "ItemHead", text="24  Paragraph 228(2)"
[parser-unknown-class] "ItemHead", text="25  Paragraph 228(2)"
[parser-unknown-class] "ItemHead", text="26  Paragraph 228(3)"
[parser-unknown-class] "ItemHead", text="27  Paragraph 228(3)"
[parser-unknown-class] "ItemHead", text="28  Paragraph 228(4)"
[parser-unknown-class] "ItemHead", text="29  Paragraph 228(5)"
[parser-unknown-class] "ItemHead", text="30  Paragraph 228(6)"
[parser-unknown-class] "ItemHead", text="31  At the end of section 228"
[parser-unknown-class] "ActHead6", text="Schedule 2—Amendment of the Environment Protection and Biodiversity Conservation Act 1999"
[parser-unknown-class] "ItemHead", text="1  Division 11 of Part 17"
[parser-unknown-class] "ActHead6", text="Schedule 3—Amendment of the Fisheries Management Act 1991"
[parser-unknown-class] "ItemHead", text="1  Paragraphs 84(1)(aa), (a), (aaa), (b), (c), (k), (l), (m), (q) and (r)"
[parser-unknown-class] "ItemHead", text="2  Subsection 84(1BA)"
[parser-unknown-class] "ItemHead", text="3  Subsections 84(1C) to (4)"
[parser-unknown-class] "ItemHead", text="4  Section 84AA"
[parser-unknown-class] "ItemHead", text="5  Subsection 84B(4)"
[parser-unknown-class] "ItemHead", text="6  Sections 87 to 87HA"
[parser-unknown-class] "ItemHead", text="7  Section 87J (heading)"
[parser-unknown-class] "ItemHead", text="8  Subsection 87J(1)"
[parser-unknown-class] "ItemHead", text="9  Subsection 88(1)"
[parser-unknown-class] "ItemHead", text="10  Paragraph 88(1)(e)"
[parser-unknown-class] "ItemHead", text="11  Paragraph 88(2)(b)"
[parser-unknown-class] "ItemHead", text="12  Paragraph 88(2)(c)"
[parser-unknown-class] "ItemHead", text="13  Paragraph 102(1)(c)"
[parser-unknown-class] "ItemHead", text="14  Paragraphs 106A(2)(b) and (3)(b) and 106AA(1)(b)"
[parser-unknown-class] "ItemHead", text="15  Subdivision CA of Division 6 of Part 6"
[parser-unknown-class] "ItemHead", text="16  Paragraphs 108(1)(c) and 168(2)(l)"
[parser-unknown-class] "ActHead6", text="Schedule 4—Amendment of the Migration Act 1958"
[parser-unknown-class] "ItemHead", text="1  Subsection 5(1) (definition of foreign boat)"
[parser-unknown-class] "ItemHead", text="2  Subsection 5(1)"
[parser-unknown-class] "ItemHead", text="3  Subsection 5(1)"
[parser-unknown-class] "ItemHead", text="4  Subsection 5(1) (paragraph (b) of the definition of transitory person)"
[parser-unknown-class] "ItemHead", text="5  Subparagraph 42(2A)(c)(i)"
[parser-unknown-class] "ItemHead", text="6  Paragraphs 43(3)(b) and (c)"
[parser-unknown-class] "ItemHead", text="7  Subsection 43(4) (definition of master)"
[parser-unknown-class] "ItemHead", text="8  Subsection 43(5)"
[parser-unknown-class] "ItemHead", text="9  Section 164A (definition of master)"
[parser-unknown-class] "ItemHead", text="10  Subsections 164B(1) and (1A)"
[parser-unknown-class] "ItemHead", text="11  Subsection 164B(2)"
[parser-unknown-class] "ItemHead", text="12  Subsections 164B(3) and (4)"
[parser-unknown-class] "ItemHead", text="13  Subsection 164BA(1)"
[parser-unknown-class] "ItemHead", text="14  Subsections 164BA(3) and (4)"
[parser-unknown-class] "ItemHead", text="15  Division 12A of Part 2 (heading)"
[parser-unknown-class] "ItemHead", text="16  Section 245A (definition of Australian ship)"
[parser-unknown-class] "ItemHead", text="17  Section 245A (definition of Commonwealth ship)"
[parser-unknown-class] "ItemHead", text="18  Section 245A (definition of foreign ship)"
[parser-unknown-class] "ItemHead", text="19  Section 245A (definition of ship)"
[parser-unknown-class] "ItemHead", text="20  Section 245A (definition of territorial sea)"
[parser-unknown-class] "ItemHead", text="21  Section 245A (definition of UNCLOS)"
[parser-unknown-class] "ItemHead", text="22  Sections 245B to 245D"
[parser-unknown-class] "ItemHead", text="23  Section 245F (heading)"
[parser-unknown-class] "ItemHead", text="24  Subsection 245F(1)"
[parser-unknown-class] "ItemHead", text="25  Paragraphs 245F(3)(a) to (c)"
[parser-unknown-class] "ItemHead", text="26  Paragraph 245F(3)(d)"
[parser-unknown-class] "ItemHead", text="27  Subparagraph 245F(3)(d)(i)"
[parser-unknown-class] "ItemHead", text="28  Subparagraph 245F(3)(d)(ii)"
[parser-unknown-class] "ItemHead", text="29  Paragraph 245F(3)(e)"
[parser-unknown-class] "ItemHead", text="30  Paragraph 245F(3)(f)"
[parser-unknown-class] "ItemHead", text="31  Subsection 245F(4)"
[parser-unknown-class] "ItemHead", text="32  Subsection 245F(5)"
[parser-unknown-class] "ItemHead", text="33  Subsections 245F(8) and (8AA)"
[parser-unknown-class] "ItemHead", text="34  Subsection 245F(8A) (heading)"
[parser-unknown-class] "ItemHead", text="35  Subsection 245F(8A)"
[parser-unknown-class] "ItemHead", text="36  Subsection 245F(8A)"
[parser-unknown-class] "ItemHead", text="37  Subsection 245F(9) (heading)"
[parser-unknown-class] "ItemHead", text="38  Subsection 245F(9)"
[parser-unknown-class] "ItemHead", text="39  Paragraph 245F(9)(a)"
[parser-unknown-class] "ItemHead", text="40  Subsection 245F(11) (heading)"
[parser-unknown-class] "ItemHead", text="41  Subsection 245F(11)"
[parser-unknown-class] "ItemHead", text="42  Subsection 245F(11)"
[parser-unknown-class] "ItemHead", text="43  Paragraph 245F(11)(a)"
[parser-unknown-class] "ItemHead", text="44  Subsection 245F(12) (heading)"
[parser-unknown-class] "ItemHead", text="45  Subsections 245F(12) and (13)"
[parser-unknown-class] "ItemHead", text="46  Subsection 245F(14)"
[parser-unknown-class] "ItemHead", text="47  Paragraph 245F(18)(a)"
[parser-unknown-class] "ItemHead", text="48  Subsection 245F(19)"
[parser-unknown-class] "ItemHead", text="49  Paragraph 245FA(1)(a)"
[parser-unknown-class] "ItemHead", text="50  Sections 245FB to 245H"
[parser-unknown-class] "ItemHead", text="51  Subsection 251(1)"
[parser-unknown-class] "ItemHead", text="52  Paragraph 252(1)(a)"
[parser-unknown-class] "ItemHead", text="53  Section 261J"
[parser-unknown-class] "ActHead6", text="Schedule 5—Amendment of the Torres Strait Fisheries Act 1984"
[parser-unknown-class] "ItemHead", text="1  Paragraphs 42(1)(a), (aa), (c), (e), (g), (h), (ha), (hb), (o) and (p)"
[parser-unknown-class] "ItemHead", text="2  Subsection 42(2)"
[parser-unknown-class] "ItemHead", text="3  Subsection 42(2AAA)"
[parser-unknown-class] "ItemHead", text="4  Section 42A"
[parser-unknown-class] "ItemHead", text="5  Paragraphs 43(1)(a) and (ca)"
[parser-unknown-class] "ItemHead", text="6  Subsection 43(1A)"
[parser-unknown-class] "ItemHead", text="7  Paragraphs 52A(2)(b) and (3)(b) and 52AA(1)(b)"
[parser-unknown-class] "ActHead6", text="Schedule 6—Transitional provisions"
[parser-unknown-class] "ItemHead", text="1  Exercise of powers begun before commencement"
[parser-unknown-class] "Subitem", text="(1) Neither:"
[parser-unknown-class] "Subitem", text="(2) In this item:"
[parser-unknown-class] "ItemHead", text="2  Regulations"
[parser-unknown-class] "2ndRd", text="[Minister’s second reading speech made in—"
[parser-unknown-class] "2ndRd", text="House of Representatives on 30 May 2012"
[parser-unknown-class] "2ndRd", text="Senate on 20 August 2012]"
[parser-diag] processed 417 <p> elements
[parser-diag] last section was added at element index: 289
[parser-diag] state phase at end: BODY
[parser-diag] hierarchy stack depth at end: 1
[parser-diag] insideSchedule at end: false
[parse] sections: 4
[parse] compilation: date=(none) no=(none)
[parse] by level:
         section      3
         division     1
[db] inserted new legislation row: 344b839a-4e55-40a2-9602-a6e9d7681c5a
[db] inserting 4 sections (pass 1)
[db] inserted 4 sections
[db] linking parent FKs (pass 2)
[db] linked 0 parent references

[done] ingested Maritime Powers (Consequential Amendments) Act 2013
       legislation_id: 344b839a-4e55-40a2-9602-a6e9d7681c5a
       sections: 4
       compilation: 2013-03-27
