[fetch] document_1: https://www.legislation.gov.au/C2012A00122/2012-09-12/2012-09-12/text/original/epub/OEBPS/document_1/document_1.html
[fetch] document_1: 71,477 bytes
[fetch] document_2: https://www.legislation.gov.au/C2012A00122/2012-09-12/2012-09-12/text/original/epub/OEBPS/document_2/document_2.html
[fetch] document_2 not found — stopping. Fetched 1 document(s).
[fetch] combined 1 document(s), 71,477 source bytes → 70,272 combined bytes
[citation] Marine Safety (Domestic Commercial Vessel) National Law (Consequential Amendments) Act 2012 (Cth)
[parse] starting
[parser-diag] total <p> elements found: 298
[parser-unknown-class] "ActHead6", text="Schedule 1—Consequential amendments"
[parser-unknown-class] "ActHead9", text="Australian Maritime Safety Authority Act 1990"
[parser-unknown-class] "ItemHead", text="1  Subsection 3(1)"
[parser-unknown-class] "ItemHead", text="2  Paragraph 13(1)(e)"
[parser-unknown-class] "ItemHead", text="3  After subsection 13(4)"
[parser-unknown-class] "ItemHead", text="4  Subsection 22(6)"
[parser-unknown-class] "ActHead6", text="Schedule 2—Breaches of general safety duties"
[parser-unknown-class] "ActHead9", text="Marine Safety (Domestic Commercial Vessel) National Law Act 2012"
[parser-unknown-class] "ItemHead", text="1  After section 5 of the Marine Safety (Domestic Commercial Vessel) National Law"
[parser-unknown-class] "ItemHead", text="2  Section 6 of the Marine Safety (Domestic Commercial Vessel) National Law"
[parser-unknown-class] "ItemHead", text="3  Section 6 of the Marine Safety (Domestic Commercial Vessel) National Law"
[parser-unknown-class] "ItemHead", text="4  Section 6 of the Marine Safety (Domestic Commercial Vessel) National Law"
[parser-unknown-class] "ItemHead", text="5  Section 6 of the Marine Safety (Domestic Commercial Vessel) National Law"
[parser-unknown-class] "ItemHead", text="6  After section 6 of the Marine Safety (Domestic Commercial Vessel) National Law"
[parser-unknown-class] "ItemHead", text="7  At the end of Part 1 of the Marine Safety (Domestic Commercial Vessel) National Law"
[parser-unknown-class] "ItemHead", text="8  Section 13 of the Marine Safety (Domestic Commercial Vessel) National Law"
[parser-unknown-class] "ItemHead", text="9  Section 15 of the Marine Safety (Domestic Commercial Vessel) National Law"
[parser-unknown-class] "ItemHead", text="10  Section 18 of the Marine Safety (Domestic Commercial Vessel) National Law"
[parser-unknown-class] "ItemHead", text="11  Section 20 of the Marine Safety (Domestic Commercial Vessel) National Law"
[parser-unknown-class] "ItemHead", text="12  Section 161 of the Marine Safety (Domestic Commercial Vessel) National Law"
[parser-unknown-class] "ItemHead", text="13  Application of amendments made by this Schedule"
[parser-unknown-class] "2ndRd", text="[Minister’s second reading speech made in—"
[parser-unknown-class] "2ndRd", text="House of Representatives on 24 May 2012"
[parser-unknown-class] "2ndRd", text="Senate on 20 June 2012]"
[parser-diag] processed 298 <p> elements
[parser-diag] last section was added at element index: 263
[parser-diag] state phase at end: BODY
[parser-diag] hierarchy stack depth at end: 1
[parser-diag] insideSchedule at end: false
[parse] sections: 11
[parse] compilation: date=(none) no=(none)
[parse] by level:
         section      11
[db] inserted new legislation row: e3bcad14-474e-4fd7-9905-2a629cc32bfc
[db] inserting 11 sections (pass 1)
[db] inserted 11 sections
[db] linking parent FKs (pass 2)
[db] linked 0 parent references

[done] ingested Marine Safety (Domestic Commercial Vessel) National Law (Consequential Amendments) Act 2012
       legislation_id: e3bcad14-474e-4fd7-9905-2a629cc32bfc
       sections: 11
       compilation: 2012-09-12
