[fetch] document_1: https://www.legislation.gov.au/C2015A00152/2024-04-09/2024-04-09/text/original/epub/OEBPS/document_1/document_1.html
[fetch] document_1: 64,748 bytes
[fetch] document_2: https://www.legislation.gov.au/C2015A00152/2024-04-09/2024-04-09/text/original/epub/OEBPS/document_2/document_2.html
[fetch] document_2 not found — stopping. Fetched 1 document(s).
[fetch] combined 1 document(s), 64,748 source bytes → 62,907 combined bytes
[citation] Foreign Acquisitions and Takeovers Fees Imposition Act 2015 (Cth)
[parse] starting
[parser-diag] total <p> elements found: 305
[parser-diag] processed 305 <p> elements
[parser-diag] last section was added at element index: 123
[parser-diag] state phase at end: ENDNOTES
[parser-diag] hierarchy stack depth at end: 2
[parser-diag] insideSchedule at end: false
[parse] sections: 13
[parse] compilation: date=2024-04-09 no=6
[parse] by level:
         part         3
         section      10
[db] inserted new legislation row: e7af8173-2616-43c2-8335-1a13ce2d7ba1
[db] inserting 13 sections (pass 1)
[db] inserted 13 sections
[db] linking parent FKs (pass 2)
[db] linked 10 parent references

[done] ingested Foreign Acquisitions and Takeovers Fees Imposition Act 2015
       legislation_id: e7af8173-2616-43c2-8335-1a13ce2d7ba1
       sections: 13
       compilation: 2024-04-09
