[fetch] document_1: https://www.legislation.gov.au/C2015A00025/2015-03-24/2015-03-24/text/original/epub/OEBPS/document_1/document_1.html
[fetch] document_1: 64,811 bytes
[fetch] document_2: https://www.legislation.gov.au/C2015A00025/2015-03-24/2015-03-24/text/original/epub/OEBPS/document_2/document_2.html
[fetch] document_2 not found — stopping. Fetched 1 document(s).
[fetch] combined 1 document(s), 64,811 source bytes → 63,524 combined bytes
[citation] Enhancing Online Safety for Children (Consequential Amendments) Act 2015 (Cth)
[parse] starting
[parser-diag] total <p> elements found: 348
[parser-unknown-class] "ActHead6", text="Schedule 1—Amendment of the Broadcasting Services Act 1992"
[parser-unknown-class] "ActHead7", text="Part 1—General amendments"
[parser-unknown-class] "ActHead9", text="Broadcasting Services Act 1992"
[parser-unknown-class] "ItemHead", text="1  Subsection 6(1)"
[parser-unknown-class] "ItemHead", text="2  Part 13 (heading)"
[parser-unknown-class] "ItemHead", text="3  At the end of Division 1 of Part 13"
[parser-unknown-class] "ItemHead", text="4  Section 173"
[parser-unknown-class] "ItemHead", text="5  Section 173"
[parser-unknown-class] "ItemHead", text="6  At the end of section 173"
[parser-unknown-class] "ItemHead", text="7  Before subsection 174(1)"
[parser-unknown-class] "ItemHead", text="8  At the end of section 174"
[parser-unknown-class] "ItemHead", text="9  Before subsection 176(1)"
[parser-unknown-class] "ItemHead", text="10  At the end of section 176"
[parser-unknown-class] "ItemHead", text="11  Section 177"
[parser-unknown-class] "ItemHead", text="12  Paragraph 177(a)"
[parser-unknown-class] "ItemHead", text="13  At the end of section 177"
[parser-unknown-class] "ItemHead", text="14  Subsection 200(3)"
[parser-unknown-class] "ItemHead", text="15  At the end of section 200"
[parser-unknown-class] "ItemHead", text="16  Clause 27 of Schedule 5"
[parser-unknown-class] "ItemHead", text="17  Subclause 28(2) of Schedule 5"
[parser-unknown-class] "ItemHead", text="18  Subclause 68(5) of Schedule 5"
[parser-unknown-class] "ItemHead", text="19  Subclause 69(4) of Schedule 5"
[parser-unknown-class] "ItemHead", text="20  Subclause 70(8) of Schedule 5"
[parser-unknown-class] "ItemHead", text="21  Subclause 71(8) of Schedule 5"
[parser-unknown-class] "ItemHead", text="22  Clause 74 of Schedule 5"
[parser-unknown-class] "ItemHead", text="23  Paragraph 94(f) of Schedule 5"
[parser-unknown-class] "ItemHead", text="24  Clause 44 of Schedule 7"
[parser-unknown-class] "ItemHead", text="25  Subclause 45(2) of Schedule 7"
[parser-unknown-class] "ItemHead", text="26  Subclause 91(4) of Schedule 7"
[parser-unknown-class] "ItemHead", text="27  Subclause 92(3) of Schedule 7"
[parser-unknown-class] "ItemHead", text="28  Subclause 93(7) of Schedule 7"
[parser-unknown-class] "ItemHead", text="29  Subclause 94(7) of Schedule 7"
[parser-unknown-class] "ItemHead", text="30  Clause 97 of Schedule 7"
[parser-unknown-class] "ItemHead", text="31  Paragraph 112(1)(b) of Schedule 7"
[parser-unknown-class] "ItemHead", text="32  Paragraph 112(1)(d) of Schedule 7"
[parser-unknown-class] "ItemHead", text="33  Paragraph 112(1)(e) of Schedule 7"
[parser-unknown-class] "ItemHead", text="34  Paragraph 114(f) of Schedule 7"
[parser-unknown-class] "ItemHead", text="35  Subclause 115(3) of Schedule 7"
[parser-unknown-class] "ActHead7", text="Part 2—Amendments to change certain references to the ACMA into references to the Commissioner"
[parser-unknown-class] "ItemHead", text="36  Amendments—changing certain references to the ACMA into references to the Commissioner"
[parser-unknown-class] "ActHead9", text="Broadcasting Services Act 1992"
[parser-unknown-class] "ItemHead", text="37  Schedule 5"
[parser-unknown-class] "ItemHead", text="38  Schedule 7 (other than paragraphs (a) and (b) of the definition of licensed broadcasting serv..."
[parser-unknown-class] "ActHead6", text="Schedule 2—Amendments of other Acts"
[parser-unknown-class] "ActHead7", text="Part 1—General amendments"
[parser-unknown-class] "ActHead9", text="Australian Communications and Media Authority Act 2005"
[parser-unknown-class] "ItemHead", text="1  Section 3 (subparagraph (b)(iia) of the definition of authorised disclosure information)"
[parser-unknown-class] "ItemHead", text="2  Section 3 (paragraph (c) of the definition of investigation)"
[parser-unknown-class] "ItemHead", text="3  Paragraph 4(3)(b)"
[parser-unknown-class] "ItemHead", text="4  Paragraph 10(1)(a)"
[parser-unknown-class] "ItemHead", text="5  Subparagraph 10(1)(o)(ii)"
[parser-unknown-class] "ItemHead", text="6  Paragraphs 53(2)(n), (o), (p) and (pa)"
[parser-unknown-class] "ItemHead", text="7  After paragraph 57(a)"
[parser-unknown-class] "ItemHead", text="8  After paragraph 59D(1)(l)"
[parser-unknown-class] "ActHead9", text="Criminal Code Act 1995"
[parser-unknown-class] "ItemHead", text="9  Paragraph 273.9(5)(a) of the Criminal Code"
[parser-unknown-class] "ItemHead", text="10  Paragraph 273.9(5)(a) of the Criminal Code"
[parser-unknown-class] "ItemHead", text="11  Paragraph 474.21(4)(a) of the Criminal Code"
[parser-unknown-class] "ItemHead", text="12  Paragraph 474.21(4)(a) of the Criminal Code"
[parser-unknown-class] "ItemHead", text="13  Paragraph 474.24(4)(a) of the Criminal Code"
[parser-unknown-class] "ItemHead", text="14  Paragraph 474.24(4)(a) of the Criminal Code"
[parser-unknown-class] "ActHead9", text="Freedom of Information Act 1982"
[parser-unknown-class] "ItemHead", text="15  Division 1 of Part II of Schedule 2 (before the item relating to the Classification Board)"
[parser-unknown-class] "ActHead9", text="Telecommunications Act 1997"
[parser-unknown-class] "ItemHead", text="16  Section 284 (heading)"
[parser-unknown-class] "ItemHead", text="17  After subsection 284(1)"
[parser-unknown-class] "ItemHead", text="18  Section 299 (heading)"
[parser-unknown-class] "ItemHead", text="19  After subsection 299(1)"
[parser-unknown-class] "ItemHead", text="20  Section 299 (note)"
[parser-unknown-class] "ItemHead", text="21  Part 34 (heading)"
[parser-unknown-class] "ItemHead", text="22  At the end of section 579"
[parser-unknown-class] "ItemHead", text="23  After subsection 581(2)"
[parser-unknown-class] "ItemHead", text="24  After subsection 581(4)"
[parser-unknown-class] "ActHead7", text="Part 2—Amendments contingent on the commencement of the Telecommunications Legislation Amendment ..."
[parser-unknown-class] "ActHead9", text="Telecommunications Act 1997"
[parser-unknown-class] "ItemHead", text="25  Section 284 (heading)"
[parser-unknown-class] "ItemHead", text="26  Section 299 (heading)"
[parser-unknown-class] "ItemHead", text="27  Section 299 (note)"
[parser-unknown-class] "ActHead6", text="Schedule 3—Transitional provisions"
[parser-unknown-class] "ItemHead", text="1  Definitions"
[parser-unknown-class] "ItemHead", text="2  Transitional—acts of the ACMA to be attributed to the Commissioner"
[parser-unknown-class] "Subitem", text="(1) This item applies to anything done by, or in relation to, the ACMA before the transition time..."
[parser-unknown-class] "Subitem", text="(2) After the transition time, the thing has effect as if it had been done by, or in relation to,..."
[parser-unknown-class] "ItemHead", text="3  Substitution of Commissioner as a party to certain pending proceedings"
[parser-unknown-class] "Subitem", text="(1) This item applies if:"
[parser-unknown-class] "Subitem", text="(2) The Commissioner is substituted for the ACMA, from the transition time, as a party to the pro..."
[parser-unknown-class] "ItemHead", text="4  Transitional—transfer of records to the Commissioner"
[parser-unknown-class] "Subitem", text="(1) This item applies to any records or documents that:"
[parser-unknown-class] "Subitem", text="(2) If the records or documents wholly concern Schedule 5 or 7 to the Broadcasting Services Act 1..."
[parser-unknown-class] "Subitem", text="(3) If the records or documents partly concern Schedule 5 or 7 to the Broadcasting Services Act 1..."
[parser-unknown-class] "ItemHead", text="5  Transitional—authorised disclosure information"
[parser-unknown-class] "ItemHead", text="6  Transitional—protection from civil proceedings"
[parser-unknown-class] "ItemHead", text="7  Transitional—protection from criminal proceedings"
[parser-unknown-class] "ItemHead", text="8  Transitional rules"
[parser-unknown-class] "2ndRd", text=""
[parser-unknown-class] "2ndRd", text="[Minister’s second reading speech made in—"
[parser-unknown-class] "2ndRd", text="House of Representatives on 3 December 2014"
[parser-unknown-class] "2ndRd", text="Senate on 2 March 2015]"
[parser-diag] processed 348 <p> elements
[parser-diag] last section was added at element index: 292
[parser-diag] state phase at end: BODY
[parser-diag] hierarchy stack depth at end: 2
[parser-diag] insideSchedule at end: false
[parse] sections: 11
[parse] compilation: date=(none) no=(none)
[parse] by level:
         section      9
         part         2
[db] inserted new legislation row: 0fba49af-c15d-4e10-8020-6375e1ad0bfa
[db] inserting 11 sections (pass 1)
[db] inserted 11 sections
[db] linking parent FKs (pass 2)
[db] linked 5 parent references

[done] ingested Enhancing Online Safety for Children (Consequential Amendments) Act 2015
       legislation_id: 0fba49af-c15d-4e10-8020-6375e1ad0bfa
       sections: 11
       compilation: 2015-03-24
