[fetch] document_1: https://www.legislation.gov.au/C2014A00084/2018-06-19/2018-06-19/text/original/epub/OEBPS/document_1/document_1.html
[fetch] document_1: 39,363 bytes
[fetch] document_2: https://www.legislation.gov.au/C2014A00084/2018-06-19/2018-06-19/text/original/epub/OEBPS/document_2/document_2.html
[fetch] document_2 not found — stopping. Fetched 1 document(s).
[fetch] combined 1 document(s), 39,363 source bytes → 37,422 combined bytes
[citation] True-up Shortfall Levy (General) (Carbon Tax Repeal) Act 2014 (Cth)
[parse] starting
[parser-diag] total <p> elements found: 181
[parser-diag] processed 181 <p> elements
[parser-diag] last section was added at element index: 83
[parser-diag] state phase at end: ENDNOTES
[parser-diag] hierarchy stack depth at end: 1
[parser-diag] insideSchedule at end: false
[parse] sections: 9
[parse] compilation: date=2018-06-19 no=1
[parse] by level:
         section      9
[db] inserted new legislation row: c3257f64-2416-4fbf-b7f7-841854b11ace
[db] inserting 9 sections (pass 1)
[db] inserted 9 sections
[db] linking parent FKs (pass 2)
[db] linked 0 parent references

[done] ingested True-up Shortfall Levy (General) (Carbon Tax Repeal) Act 2014
       legislation_id: c3257f64-2416-4fbf-b7f7-841854b11ace
       sections: 9
       compilation: 2018-06-19
