[fetch] document_1: https://www.legislation.gov.au/C2018A00150/2018-12-10/2018-12-10/text/original/epub/OEBPS/document_1/document_1.html
[fetch] document_1: 50,878 bytes
[fetch] document_2: https://www.legislation.gov.au/C2018A00150/2018-12-10/2018-12-10/text/original/epub/OEBPS/document_2/document_2.html
[fetch] document_2 not found — stopping. Fetched 1 document(s).
[fetch] combined 1 document(s), 50,878 source bytes → 49,358 combined bytes
[citation] Aged Care Quality and Safety Commission (Consequential Amendments and Transitional Provisions) Act 2018 (Cth)
[parse] starting
[parser-diag] total <p> elements found: 250
[parser-unknown-class] "ActHead6", text="Schedule 1—Repeals and amendments"
[parser-unknown-class] "ActHead7", text="Part 1—Repeals"
[parser-unknown-class] "ActHead9", text="Australian Aged Care Quality Agency Act 2013"
[parser-unknown-class] "ItemHead", text="1  The whole of the Act"
[parser-unknown-class] "ActHead9", text="Australian Aged Care Quality Agency (Transitional Provisions) Act 2013"
[parser-unknown-class] "ItemHead", text="2  The whole of the Act"
[parser-unknown-class] "ActHead7", text="Part 2—Consequential amendments"
[parser-unknown-class] "ActHead9", text="Aged Care Act 1997"
[parser-unknown-class] "ItemHead", text="3  Paragraph 42‑4(a)"
[parser-unknown-class] "ItemHead", text="4  Paragraph 56‑4(1)(d)"
[parser-unknown-class] "ItemHead", text="5  Paragraph 56‑4(1)(e)"
[parser-unknown-class] "ItemHead", text="6  Paragraph 63‑1(1)(ba)"
[parser-unknown-class] "ItemHead", text="7  Paragraph 63‑1(1)(l)"
[parser-unknown-class] "ItemHead", text="8  Subsection 65‑1A(1)"
[parser-unknown-class] "ItemHead", text="9  Paragraph 65‑1A(1)(a)"
[parser-unknown-class] "ItemHead", text="10  Subsection 65‑1A(2)"
[parser-unknown-class] "ItemHead", text="11  Section 84‑1"
[parser-unknown-class] "ItemHead", text="12  After paragraph 86‑3(1)(b)"
[parser-unknown-class] "ItemHead", text="13  Subsection 86‑3(2)"
[parser-unknown-class] "ItemHead", text="14  Paragraph 86‑3(3)(a)"
[parser-unknown-class] "ItemHead", text="15  Paragraph 86‑3(3)(b)"
[parser-unknown-class] "ItemHead", text="16  Parts 6.4A and 6.6"
[parser-unknown-class] "ItemHead", text="17  Section 96‑1 (table item 9A)"
[parser-unknown-class] "ItemHead", text="18  Section 96‑1 (table items 13A and 17A)"
[parser-unknown-class] "ItemHead", text="19  Subsection 96‑2(2)"
[parser-unknown-class] "ItemHead", text="20  Subsection 96‑2(15)"
[parser-unknown-class] "ItemHead", text="21  Clause 1 of Schedule 1"
[parser-unknown-class] "ItemHead", text="22  Clause 1 of Schedule 1"
[parser-unknown-class] "ActHead9", text="Aged Care (Transitional Provisions) Act 1997"
[parser-unknown-class] "ItemHead", text="23  Clause 1 of Schedule 1 (definition of CEO of the Quality Agency)"
[parser-unknown-class] "ActHead7", text="Part 3—Contingent amendments"
[parser-unknown-class] "ActHead9", text="Aged Care Act 1997"
[parser-unknown-class] "ItemHead", text="24  Paragraph 86‑9(1)(k)"
[parser-unknown-class] "ActHead9", text="Freedom of Information Act 1982"
[parser-unknown-class] "ItemHead", text="25  Schedule 3"
[parser-unknown-class] "ActHead6", text="Schedule 2—Application and transitional provisions"
[parser-unknown-class] "Transitional", text="1  Definitions"
[parser-unknown-class] "Transitional", text="2  Things done by, or in relation to, the CEO or Complaints Commissioner"
[parser-unknown-class] "Subitem", text="(1) If, before the transition time, a thing was done by, or in relation to, the CEO for the purpo..."
[parser-unknown-class] "Subitem", text="(2) If, before the transition time, a thing was done by, or in relation to, the Complaints Commis..."
[parser-unknown-class] "Subitem", text="(3) The rules may provide that subitem (1) or (2) does not apply in relation to a specified thing..."
[parser-unknown-class] "Transitional", text="3  Advisory Council members"
[parser-unknown-class] "Subitem", text="(1) This item applies to a person who, immediately before the transition time, was an Advisory Co..."
[parser-unknown-class] "Subitem", text="(2) The person is taken, after the transition time, to have been appointed under section 41 of th..."
[parser-unknown-class] "Subitem", text="(3) This item does not prevent those terms and conditions being varied after the transition time."
[parser-unknown-class] "Transitional", text="4  Consultants"
[parser-unknown-class] "Subitem", text="(1) This item applies to a person if:"
[parser-unknown-class] "Subitem", text="(2) The person is taken, after the transition time, to be engaged as a consultant under section 3..."
[parser-unknown-class] "Subitem", text="(3) This item does not prevent those terms and conditions being varied after the transition time."
[parser-unknown-class] "Transitional", text="5  Authorised complaints officers"
[parser-unknown-class] "Subitem", text="(1) This item applies to a person who was, immediately before the transition time, appointed unde..."
[parser-unknown-class] "Subitem", text="(2) The person is taken, after the transition time, to have been appointed under subsection 73(1)..."
[parser-unknown-class] "Subitem", text="(3) An identity card issued to the person under subsection 94B‑1(2) of the Aged Care Act before t..."
[parser-unknown-class] "Transitional", text="6  Transfer of records"
[parser-unknown-class] "Subitem", text="(1) This item applies to any records or documents that were in the possession of the following im..."
[parser-unknown-class] "Subitem", text="(2) The records and documents are to be transferred to the Quality and Safety Commissioner after ..."
[parser-unknown-class] "Transitional", text="7  Protected information"
[parser-unknown-class] "Subitem", text="(1) This item applies to the following information:"
[parser-unknown-class] "Subitem", text="(2) For the purposes of the Quality and Safety Commission Act, the information is taken, after th..."
[parser-unknown-class] "Transitional", text="8  References to the CEO etc. in instruments"
[parser-unknown-class] "Subitem", text="(1) This item applies to an instrument if:"
[parser-unknown-class] "Subitem", text="(2) The instrument has effect, after the transition time, as if:"
[parser-unknown-class] "Subitem", text="(3) The rules may provide that subitem (2) does not apply in relation to a specified instrument."
[parser-unknown-class] "Subitem", text="(4) This item does not prevent the instrument from being amended or repealed after the transition..."
[parser-unknown-class] "Transitional", text="9  Legal proceedings"
[parser-unknown-class] "Subitem", text="(1) If any proceedings to which the CEO is a party are pending in any court or tribunal immediate..."
[parser-unknown-class] "Subitem", text="(2) If any proceedings to which the Complaints Commissioner is a party are pending in any court o..."
[parser-unknown-class] "Transitional", text="10  Rules"
[parser-unknown-class] "Subitem", text="(1) The Minister may, by legislative instrument, make rules prescribing matters:"
[parser-unknown-class] "Subitem", text="(2) Without limiting subitem (1), the rules may prescribe matters of a transitional nature (inclu..."
[parser-unknown-class] "Subitem", text="(3) To avoid doubt, the rules may not do the following:"
[parser-unknown-class] "Subitem", text="(4) This Schedule (other than subitem (3)) does not limit the rules that may be made for the purp..."
[parser-unknown-class] "2ndRd", text="[Minister’s second reading speech made in—"
[parser-unknown-class] "2ndRd", text="House of Representatives on 12 September 2018"
[parser-unknown-class] "2ndRd", text="Senate on 17 October 2018]"
[parser-diag] processed 250 <p> elements
[parser-diag] last section was added at element index: 80
[parser-diag] state phase at end: BODY
[parser-diag] hierarchy stack depth at end: 1
[parser-diag] insideSchedule at end: false
[parse] sections: 3
[parse] compilation: date=(none) no=(none)
[parse] by level:
         section      3
[db] inserted new legislation row: c454af61-1e8f-4471-b1ee-2f1899281acd
[db] inserting 3 sections (pass 1)
[db] inserted 3 sections
[db] linking parent FKs (pass 2)
[db] linked 0 parent references

[done] ingested Aged Care Quality and Safety Commission (Consequential Amendments and Transitional Provisions) Act 2018
       legislation_id: c454af61-1e8f-4471-b1ee-2f1899281acd
       sections: 3
       compilation: 2018-12-10
