[fetch] document_1: https://www.legislation.gov.au/C2017A00044/2024-10-14/2024-10-14/text/original/epub/OEBPS/document_1/document_1.html
[fetch] document_1: 98,202 bytes
[fetch] document_2: https://www.legislation.gov.au/C2017A00044/2024-10-14/2024-10-14/text/original/epub/OEBPS/document_2/document_2.html
[fetch] document_2 not found — stopping. Fetched 1 document(s).
[fetch] combined 1 document(s), 98,202 source bytes → 96,440 combined bytes
[citation] ASIC Supervisory Cost Recovery Levy (Collection) Act 2017 (Cth)
[parse] starting
[parser-diag] total <p> elements found: 395
[parser-diag] processed 395 <p> elements
[parser-diag] last section was added at element index: 277
[parser-diag] state phase at end: ENDNOTES
[parser-diag] hierarchy stack depth at end: 1
[parser-diag] insideSchedule at end: false
[parse] sections: 28
[parse] compilation: date=2024-10-14 no=2
[parse] by level:
         section      28
[db] inserted new legislation row: 268ba3f2-222c-4555-8c77-9f117b1421e0
[db] inserting 28 sections (pass 1)
[db] inserted 28 sections
[db] linking parent FKs (pass 2)
[db] linked 0 parent references

[done] ingested ASIC Supervisory Cost Recovery Levy (Collection) Act 2017
       legislation_id: 268ba3f2-222c-4555-8c77-9f117b1421e0
       sections: 28
       compilation: 2024-10-14
