[fetch] document_1: https://www.legislation.gov.au/C2011A00128/2022-06-22/2022-06-22/text/original/epub/OEBPS/document_1/document_1.html
[fetch] document_1: 38,742 bytes
[fetch] document_2: https://www.legislation.gov.au/C2011A00128/2022-06-22/2022-06-22/text/original/epub/OEBPS/document_2/document_2.html
[fetch] document_2 not found — stopping. Fetched 1 document(s).
[fetch] combined 1 document(s), 38,742 source bytes → 36,913 combined bytes
[citation] Business Names Registration (Fees) Act 2011 (Cth)
[parse] starting
[parser-diag] total <p> elements found: 176
[parser-diag] processed 176 <p> elements
[parser-diag] last section was added at element index: 79
[parser-diag] state phase at end: ENDNOTES
[parser-diag] hierarchy stack depth at end: 1
[parser-diag] insideSchedule at end: false
[parse] sections: 7
[parse] compilation: date=2022-06-22 no=1
[parse] by level:
         section      7
[db] inserted new legislation row: 8a430a29-2b28-452a-9ebb-add1aef0c067
[db] inserting 7 sections (pass 1)
[db] inserted 7 sections
[db] linking parent FKs (pass 2)
[db] linked 0 parent references

[done] ingested Business Names Registration (Fees) Act 2011
       legislation_id: 8a430a29-2b28-452a-9ebb-add1aef0c067
       sections: 7
       compilation: 2022-06-22
