[fetch] document_1: https://www.legislation.gov.au/C2018A00085/2024-10-14/2024-10-14/text/original/epub/OEBPS/document_1/document_1.html
[fetch] document_1: 281,316 bytes
[fetch] document_2: https://www.legislation.gov.au/C2018A00085/2024-10-14/2024-10-14/text/original/epub/OEBPS/document_2/document_2.html
[fetch] document_2 not found — stopping. Fetched 1 document(s).
[fetch] combined 1 document(s), 281,316 source bytes → 279,287 combined bytes
[citation] Underwater Cultural Heritage Act 2018 (Cth)
[parse] starting
[parser-diag] total <p> elements found: 1069
[parser-diag] processed 1069 <p> elements
[parser-diag] last section was added at element index: 934
[parser-diag] state phase at end: ENDNOTES
[parser-diag] hierarchy stack depth at end: 2
[parser-diag] insideSchedule at end: false
[parse] sections: 75
[parse] compilation: date=2024-10-14 no=2
[parse] by level:
         part         5
         division     9
         section      61
[db] inserted new legislation row: 6f7049ce-ee14-4b4c-9a74-e134d2d7fc34
[db] inserting 75 sections (pass 1)
[db] inserted 75 sections
[db] linking parent FKs (pass 2)
[db] linked 70 parent references

[done] ingested Underwater Cultural Heritage Act 2018
       legislation_id: 6f7049ce-ee14-4b4c-9a74-e134d2d7fc34
       sections: 75
       compilation: 2024-10-14
