[fetch] document_1: https://www.legislation.gov.au/C2011A00075/2011-07-25/2011-07-25/text/original/epub/OEBPS/document_1/document_1.html
[fetch] document_1: 64,606 bytes
[fetch] document_2: https://www.legislation.gov.au/C2011A00075/2011-07-25/2011-07-25/text/original/epub/OEBPS/document_2/document_2.html
[fetch] document_2 not found — stopping. Fetched 1 document(s).
[fetch] combined 1 document(s), 64,606 source bytes → 63,437 combined bytes
[citation] Remuneration and Other Legislation Amendment Act 2011 (Cth)
[parse] starting
[parser-diag] total <p> elements found: 295
[parser-unknown-class] "ActHead6", text="Schedule 1—Australian Public Service offices"
[parser-unknown-class] "ActHead7", text="Part 1—Main amendments"
[parser-unknown-class] "ActHead9", text="Remuneration Tribunal Act 1973"
[parser-unknown-class] "ItemHead", text="1  Subsection 3(1)"
[parser-unknown-class] "ItemHead", text="2  Subsection 3(1)"
[parser-unknown-class] "ItemHead", text="3  Paragraph 3(4)(k)"
[parser-unknown-class] "ItemHead", text="4  Subsection 5(2B)"
[parser-unknown-class] "ItemHead", text="5  Subsection 7(7)"
[parser-unknown-class] "ItemHead", text="6  At the end of Part II"
[parser-unknown-class] "ActHead7", text="Part 2—Related amendments"
[parser-unknown-class] "ActHead9", text="Public Service Act 1999"
[parser-unknown-class] "ItemHead", text="7  Section 46"
[parser-unknown-class] "ItemHead", text="8  Section 53"
[parser-unknown-class] "ItemHead", text="9  Section 61"
[parser-unknown-class] "ItemHead", text="10  Section 68"
[parser-unknown-class] "ActHead9", text="Remuneration Tribunal Act 1973"
[parser-unknown-class] "ItemHead", text="11  Section 13"
[parser-unknown-class] "ActHead7", text="Part 3—Transitional"
[parser-unknown-class] "ItemHead", text="12  Continuation of existing remuneration determination for Public Service Commissioner"
[parser-unknown-class] "Subitem", text="(1) This item applies to a determination (the existing determination) that was in operation in re..."
[parser-unknown-class] "Subitem", text="(2) Despite those repeals and amendments, the existing determination continues in operation until..."
[parser-unknown-class] "ItemHead", text="13  Continuation of existing remuneration determination for Merit Protection Commissioner"
[parser-unknown-class] "Subitem", text="(1) This item applies to a determination (the existing determination) that was in operation in re..."
[parser-unknown-class] "Subitem", text="(2) Despite those repeals and amendments, the existing determination continues in operation until..."
[parser-unknown-class] "ItemHead", text="14  Continuation of existing remuneration determination for Departmental Secretaries"
[parser-unknown-class] "Subitem", text="(1) This item applies to a determination (the existing determination) that was in operation in re..."
[parser-unknown-class] "Subitem", text="(2) Despite those repeals and amendments, the existing determination continues in operation until..."
[parser-unknown-class] "Subitem", text="(3) This subitem applies to the following Departmental Secretaries:"
[parser-unknown-class] "ItemHead", text="15  Continuation of existing remuneration determinations for Heads of Executive Agencies"
[parser-unknown-class] "Subitem", text="(1) This item applies to a determination (the existing determination) that was in operation in re..."
[parser-unknown-class] "Subitem", text="(2) Despite those repeals and amendments, the existing determination continues in operation until..."
[parser-unknown-class] "ItemHead", text="16  Regulations under the Remuneration Tribunal Act 1973"
[parser-unknown-class] "Subitem", text="(1) This item applies to regulations if:"
[parser-unknown-class] "Subitem", text="(2) The regulations continue to have effect, after the commencement of this Schedule, under secti..."
[parser-unknown-class] "ActHead6", text="Schedule 2—Members of Parliament"
[parser-unknown-class] "ActHead9", text="Parliamentary Contributory Superannuation Act 1948"
[parser-unknown-class] "ItemHead", text="1  Subsection 4(1) (paragraph (c) of the definition of parliamentary allowance)"
[parser-unknown-class] "ItemHead", text="2  Subsection 18(12)"
[parser-unknown-class] "ItemHead", text="3  Subsection 21B(3B)"
[parser-unknown-class] "ItemHead", text="4  Subsection 22T(1A)"
[parser-unknown-class] "ItemHead", text="5  Subclause 4(3) of Schedule 1"
[parser-unknown-class] "ActHead9", text="Parliamentary Superannuation Act 2004"
[parser-unknown-class] "ItemHead", text="6  Section 3 (definition of parliamentary allowance)"
[parser-unknown-class] "ItemHead", text="7  Subsection 8(3)"
[parser-unknown-class] "ActHead9", text="Remuneration and Allowances Act 1990"
[parser-unknown-class] "ItemHead", text="8  Subsection 3(2)"
[parser-unknown-class] "ItemHead", text="9  Section 6"
[parser-unknown-class] "ItemHead", text="10  Part 1 of Schedule 3 (heading)"
[parser-unknown-class] "ItemHead", text="11  Division 1 of Part 1 of Schedule 3"
[parser-unknown-class] "ItemHead", text="12  Division 2 of Part 1 of Schedule 3 (heading)"
[parser-unknown-class] "ItemHead", text="13  Clause 1A of Schedule 3"
[parser-unknown-class] "ItemHead", text="14  Clause 1A of Schedule 3 (definition of parliamentary allowance)"
[parser-unknown-class] "ItemHead", text="15  Subclause 1B(1) of Schedule 3"
[parser-unknown-class] "ItemHead", text="16  Paragraph 1F(a) of Schedule 3"
[parser-unknown-class] "ActHead9", text="Remuneration Tribunal Act 1973"
[parser-unknown-class] "ItemHead", text="16A  Subsection 3(1)"
[parser-unknown-class] "ItemHead", text="17  Subsection 5(2C)"
[parser-unknown-class] "ItemHead", text="17A  After subsection 7(1)"
[parser-unknown-class] "ItemHead", text="18  Subsection 7(7)"
[parser-unknown-class] "ItemHead", text="19  After subsection 7(8)"
[parser-unknown-class] "ItemHead", text="20  After section 7"
[parser-unknown-class] "ItemHead", text="21  Transitional—temporary saving of old law allowances"
[parser-unknown-class] "Subitem", text="(1) This item applies to the following provisions as in force immediately before the commencement..."
[parser-unknown-class] "Subitem", text="(2) Despite the repeals and amendments made by this Schedule, those provisions continue in force ..."
[parser-unknown-class] "2ndRd", text="[Minister’s second reading speech made in—"
[parser-unknown-class] "2ndRd", text="House of Representatives on 24 March 2011"
[parser-unknown-class] "2ndRd", text="Senate on 25 March 2011]"
[parser-diag] processed 295 <p> elements
[parser-diag] last section was added at element index: 275
[parser-diag] state phase at end: BODY
[parser-diag] hierarchy stack depth at end: 2
[parser-diag] insideSchedule at end: false
[parse] sections: 15
[parse] compilation: date=(none) no=(none)
[parse] by level:
         section      13
         division     1
         part         1
[db] inserted new legislation row: 7479b332-3707-4abf-9945-605843f8371d
[db] inserting 15 sections (pass 1)
[db] inserted 15 sections
[db] linking parent FKs (pass 2)
[db] linked 10 parent references

[done] ingested Remuneration and Other Legislation Amendment Act 2011
       legislation_id: 7479b332-3707-4abf-9945-605843f8371d
       sections: 15
       compilation: 2011-07-25
