[fetch] document_1: https://www.legislation.gov.au/C2017A00105/2017-09-14/2017-09-14/text/original/epub/OEBPS/document_1/document_1.html
[fetch] document_1: 14,188 bytes
[fetch] document_2: https://www.legislation.gov.au/C2017A00105/2017-09-14/2017-09-14/text/original/epub/OEBPS/document_2/document_2.html
[fetch] document_2 not found — stopping. Fetched 1 document(s).
[fetch] combined 1 document(s), 14,188 source bytes → 13,085 combined bytes
[citation] Product Emissions Standards (Customs) Charges Act 2017 (Cth)
[parse] starting
[parser-diag] total <p> elements found: 86
[parser-unknown-class] "2ndRd", text=""
[parser-unknown-class] "2ndRd", text="[Minister’s second reading speech made in—"
[parser-unknown-class] "2ndRd", text="House of Representatives on 10 August 2017"
[parser-unknown-class] "2ndRd", text="Senate on 7 September 2017]"
[parser-diag] processed 86 <p> elements
[parser-diag] last section was added at element index: 72
[parser-diag] state phase at end: BODY
[parser-diag] hierarchy stack depth at end: 1
[parser-diag] insideSchedule at end: false
[parse] sections: 8
[parse] compilation: date=(none) no=(none)
[parse] by level:
         section      8
[db] inserted new legislation row: 83238178-22f4-4e37-9e71-93f575175887
[db] inserting 8 sections (pass 1)
[db] inserted 8 sections
[db] linking parent FKs (pass 2)
[db] linked 0 parent references

[done] ingested Product Emissions Standards (Customs) Charges Act 2017
       legislation_id: 83238178-22f4-4e37-9e71-93f575175887
       sections: 8
       compilation: 2017-09-14
