[fetch] document_1: https://www.legislation.gov.au/C2018A00045/2024-09-28/2024-09-28/text/original/epub/OEBPS/document_1/document_1.html
[fetch] document_1: 1,153,378 bytes
[fetch] document_2: https://www.legislation.gov.au/C2018A00045/2024-09-28/2024-09-28/text/original/epub/OEBPS/document_2/document_2.html
[fetch] document_2 not found — stopping. Fetched 1 document(s).
[fetch] combined 1 document(s), 1,153,378 source bytes → 1,149,477 combined bytes
[citation] National Redress Scheme for Institutional Child Sexual Abuse Act 2018 (Cth)
[parse] starting
[parser-diag] total <p> elements found: 4064
[parser-unknown-class] "BoxStep", text="Step 1. Apply the assessment framework to work out the maximum amount of redress payment that cou..."
[parser-unknown-class] "BoxStep", text="Step 2. Work out, in accordance with any requirements prescribed by the rules, the amount that is..."
[parser-unknown-class] "BoxStep", text="Step 3. Work out the amount of any payment (a relevant prior payment) that was paid to the person..."
[parser-unknown-class] "BoxStep", text="Step 4. Multiply the original amount by the following:"
[parser-unknown-class] "BoxStep", text=""
[parser-unknown-class] "BoxStep", text="where:"
[parser-unknown-class] "BoxStep", text="n is the number of whole years since the relevant prior payment was paid to the person."
[parser-unknown-class] "BoxStep", text="The resulting amount is the adjusted amount of the relevant prior payment of the institution."
[parser-unknown-class] "BoxStep", text="Step 5. Add together the adjusted amount of each relevant prior payment of the institution. If th..."
[parser-unknown-class] "BoxStep", text="Step 6. The amount of the institution’s share of the costs of the redress payment is the gross li..."
[parser-unknown-class] "BoxStep", text="Step 1. Work out what would be the institutions’ total share (i.e. what would be the total worked..."
[parser-unknown-class] "BoxStep", text="n is the number of whole years occurring during the period:"
[parser-unknown-class] "BoxStep", text="Step 2. The amount of the Commonwealth’s share of the costs of the redress payment is the differe..."
[parser-unknown-class] "BoxStep", text="Step 1. Work out the amount of the redress payment that has been paid to the credit of the accoun..."
[parser-unknown-class] "BoxStep", text="Step 2. Subtract from the amount of that payment the total amount withdrawn from the account duri..."
[parser-unknown-class] "BoxStep", text="Step 1. Work out the amount of the counselling and psychological services payment that has been p..."
[parser-unknown-class] "BoxStep", text="Step 2. Subtract from the amount of that payment the total amount withdrawn from the account duri..."
[parser-unknown-class] "BoxStep", text="Step 1. Work out the amount of the advance payment that has been paid to the credit of the accoun..."
[parser-unknown-class] "BoxStep", text="Step 2. Subtract from the amount of that payment the total amount withdrawn from the account duri..."
[parser-diag] processed 4064 <p> elements
[parser-diag] last section was added at element index: 3476
[parser-diag] state phase at end: ENDNOTES
[parser-diag] hierarchy stack depth at end: 3
[parser-diag] insideSchedule at end: false
[parse] sections: 381
[parse] compilation: date=2024-09-28 no=9
[parse] by level:
         chapter      8
         part         28
         division     77
         section      256
         subdivision  12
[db] inserted new legislation row: 6efc82b5-c454-4c8a-a670-b370e115e908
[db] inserting 381 sections (pass 1)
[db] inserted 381 sections
[db] linking parent FKs (pass 2)
[db] linked 373 parent references

[done] ingested National Redress Scheme for Institutional Child Sexual Abuse Act 2018
       legislation_id: 6efc82b5-c454-4c8a-a670-b370e115e908
       sections: 381
       compilation: 2024-09-28
