[fetch] document_1: https://www.legislation.gov.au/C2017A00043/2023-10-20/2023-10-20/text/original/epub/OEBPS/document_1/document_1.html
[fetch] document_1: 91,682 bytes
[fetch] document_2: https://www.legislation.gov.au/C2017A00043/2023-10-20/2023-10-20/text/original/epub/OEBPS/document_2/document_2.html
[fetch] document_2 not found — stopping. Fetched 1 document(s).
[fetch] combined 1 document(s), 91,682 source bytes → 89,807 combined bytes
[citation] ASIC Supervisory Cost Recovery Levy Act 2017 (Cth)
[parse] starting
[parser-diag] total <p> elements found: 359
[parser-diag] processed 359 <p> elements
[parser-diag] last section was added at element index: 243
[parser-diag] state phase at end: ENDNOTES
[parser-diag] hierarchy stack depth at end: 1
[parser-diag] insideSchedule at end: false
[parse] sections: 13
[parse] compilation: date=2023-10-20 no=4
[parse] by level:
         section      13
[db] inserted new legislation row: 25f5084d-2cb2-466a-b209-f6e4fef977d4
[db] inserting 13 sections (pass 1)
[db] inserted 13 sections
[db] linking parent FKs (pass 2)
[db] linked 0 parent references

[done] ingested ASIC Supervisory Cost Recovery Levy Act 2017
       legislation_id: 25f5084d-2cb2-466a-b209-f6e4fef977d4
       sections: 13
       compilation: 2023-10-20
