[fetch] document_1: https://www.legislation.gov.au/C2012A00166/2025-03-03/2025-03-03/text/original/epub/OEBPS/document_1/document_1.html
[fetch] document_1: 402,495 bytes
[fetch] document_2: https://www.legislation.gov.au/C2012A00166/2025-03-03/2025-03-03/text/original/epub/OEBPS/document_2/document_2.html
[fetch] document_2 not found — stopping. Fetched 1 document(s).
[fetch] combined 1 document(s), 402,495 source bytes → 399,794 combined bytes
[citation] Illegal Logging Prohibition Act 2012 (Cth)
[parse] starting
[parser-diag] total <p> elements found: 1640
[parser-diag] processed 1640 <p> elements
[parser-diag] last section was added at element index: 1139
[parser-diag] state phase at end: ENDNOTES
[parser-diag] hierarchy stack depth at end: 2
[parser-diag] insideSchedule at end: false
[parse] sections: 104
[parse] compilation: date=2025-03-03 no=6
[parse] by level:
         part         8
         section      70
         division     22
         subdivision  4
[db] inserted new legislation row: cd429919-0c25-462b-bc11-0159f6d73d62
[db] inserting 104 sections (pass 1)
[db] inserted 104 sections
[db] linking parent FKs (pass 2)
[db] linked 96 parent references

[done] ingested Illegal Logging Prohibition Act 2012
       legislation_id: cd429919-0c25-462b-bc11-0159f6d73d62
       sections: 104
       compilation: 2025-03-03
