[fetch] document_1: https://www.legislation.gov.au/C2010A00032/2025-12-05/2025-12-05/text/original/epub/OEBPS/document_1/document_1.html
[fetch] document_1: 197,847 bytes
[fetch] document_2: https://www.legislation.gov.au/C2010A00032/2025-12-05/2025-12-05/text/original/epub/OEBPS/document_2/document_2.html
[fetch] document_2 not found — stopping. Fetched 1 document(s).
[fetch] combined 1 document(s), 197,847 source bytes → 195,242 combined bytes
[citation] Independent National Security Legislation Monitor Act 2010 (Cth)
[parse] starting
[parser-diag] total <p> elements found: 758
[parser-diag] processed 758 <p> elements
[parser-diag] last section was added at element index: 459
[parser-diag] state phase at end: ENDNOTES
[parser-diag] hierarchy stack depth at end: 2
[parser-diag] insideSchedule at end: false
[parse] sections: 49
[parse] compilation: date=2025-12-05 no=20
[parse] by level:
         part         5
         section      42
         division     2
[db] inserted new legislation row: b6ae174d-1a01-4496-81b6-d524fed7b4d4
[db] inserting 49 sections (pass 1)
[db] inserted 49 sections
[db] linking parent FKs (pass 2)
[db] linked 44 parent references

[done] ingested Independent National Security Legislation Monitor Act 2010
       legislation_id: b6ae174d-1a01-4496-81b6-d524fed7b4d4
       sections: 49
       compilation: 2025-12-05
