[fetch] document_1: https://www.legislation.gov.au/C2017A00110/2017-07-01/2017-07-01/text/original/epub/OEBPS/document_1/document_1.html
[fetch] document_1: 68,958 bytes
[fetch] document_2: https://www.legislation.gov.au/C2017A00110/2017-07-01/2017-07-01/text/original/epub/OEBPS/document_2/document_2.html
[fetch] document_2 not found — stopping. Fetched 1 document(s).
[fetch] combined 1 document(s), 68,958 source bytes → 67,892 combined bytes
[citation] Commercial Broadcasting (Tax) Act 2017 (Cth)
[parse] starting
[parser-diag] total <p> elements found: 307
[parser-unknown-class] "2ndRd", text=""
[parser-unknown-class] "2ndRd", text="[Minister’s second reading speech made in—"
[parser-unknown-class] "2ndRd", text="House of Representatives on 15 June 2017"
[parser-unknown-class] "2ndRd", text="Senate on 22 June 2017]"
[parser-diag] processed 307 <p> elements
[parser-diag] last section was added at element index: 295
[parser-diag] state phase at end: BODY
[parser-diag] hierarchy stack depth at end: 1
[parser-diag] insideSchedule at end: false
[parse] sections: 16
[parse] compilation: date=(none) no=(none)
[parse] by level:
         section      16
[db] inserted new legislation row: 378d841f-51d6-42c6-8472-0510d7751f70
[db] inserting 16 sections (pass 1)
[db] inserted 16 sections
[db] linking parent FKs (pass 2)
[db] linked 0 parent references

[done] ingested Commercial Broadcasting (Tax) Act 2017
       legislation_id: 378d841f-51d6-42c6-8472-0510d7751f70
       sections: 16
       compilation: 2017-07-01
