[fetch] document_1: https://www.legislation.gov.au/C2018A00165/2018-12-10/2018-12-10/text/original/epub/OEBPS/document_1/document_1.html
[fetch] document_1: 19,720 bytes
[fetch] document_2: https://www.legislation.gov.au/C2018A00165/2018-12-10/2018-12-10/text/original/epub/OEBPS/document_2/document_2.html
[fetch] document_2 not found — stopping. Fetched 1 document(s).
[fetch] combined 1 document(s), 19,720 source bytes → 18,250 combined bytes
[citation] Road Vehicle Standards Charges (Imposition—Customs) Act 2018 (Cth)
[parse] starting
[parser-diag] total <p> elements found: 106
[parser-unknown-class] "2ndRd", text=""
[parser-unknown-class] "2ndRd", text="[Minister’s second reading speech made in—"
[parser-unknown-class] "2ndRd", text="House of Representatives on 7 February 2018"
[parser-unknown-class] "2ndRd", text="Senate on 18 June 2018]"
[parser-diag] processed 106 <p> elements
[parser-diag] last section was added at element index: 92
[parser-diag] state phase at end: BODY
[parser-diag] hierarchy stack depth at end: 2
[parser-diag] insideSchedule at end: false
[parse] sections: 12
[parse] compilation: date=(none) no=(none)
[parse] by level:
         part         3
         section      9
[db] inserted new legislation row: dbd02dca-3732-4b8d-b75c-55d7c964bf48
[db] inserting 12 sections (pass 1)
[db] inserted 12 sections
[db] linking parent FKs (pass 2)
[db] linked 9 parent references

[done] ingested Road Vehicle Standards Charges (Imposition—Customs) Act 2018
       legislation_id: dbd02dca-3732-4b8d-b75c-55d7c964bf48
       sections: 12
       compilation: 2018-12-10
