[fetch] document_1: https://www.legislation.gov.au/C2017A00104/2021-09-01/2021-09-01/text/original/epub/OEBPS/document_1/document_1.html
[fetch] document_1: 178,180 bytes
[fetch] document_2: https://www.legislation.gov.au/C2017A00104/2021-09-01/2021-09-01/text/original/epub/OEBPS/document_2/document_2.html
[fetch] document_2 not found — stopping. Fetched 1 document(s).
[fetch] combined 1 document(s), 178,180 source bytes → 176,157 combined bytes
[citation] Product Emissions Standards Act 2017 (Cth)
[parse] starting
[parser-diag] total <p> elements found: 731
[parser-diag] processed 731 <p> elements
[parser-diag] last section was added at element index: 595
[parser-diag] state phase at end: ENDNOTES
[parser-diag] hierarchy stack depth at end: 2
[parser-diag] insideSchedule at end: false
[parse] sections: 66
[parse] compilation: date=2021-09-01 no=1
[parse] by level:
         part         7
         section      51
         division     8
[db] inserted new legislation row: aa57cd9d-4642-4930-a2a9-6c09d57fa1e6
[db] inserting 66 sections (pass 1)
[db] inserted 66 sections
[db] linking parent FKs (pass 2)
[db] linked 59 parent references

[done] ingested Product Emissions Standards Act 2017
       legislation_id: aa57cd9d-4642-4930-a2a9-6c09d57fa1e6
       sections: 66
       compilation: 2021-09-01
