[fetch] document_1: https://www.legislation.gov.au/C2014A00117/2016-03-05/2016-03-05/text/original/epub/OEBPS/document_1/document_1.html
[fetch] document_1: 70,744 bytes
[fetch] document_2: https://www.legislation.gov.au/C2014A00117/2016-03-05/2016-03-05/text/original/epub/OEBPS/document_2/document_2.html
[fetch] document_2 not found — stopping. Fetched 1 document(s).
[fetch] combined 1 document(s), 70,744 source bytes → 68,828 combined bytes
[citation] Albury-Wodonga Development Corporation (Abolition) Act 2014 (Cth)
[parse] starting
[parser-diag] total <p> elements found: 338
[parser-unknown-class] "ActHead6", text="Schedule 1—Amendments"
[parser-unknown-class] "ActHead7", text="Part 1—Repeals"
[parser-unknown-class] "ActHead9", text="Albury‑Wodonga Development Act 1973"
[parser-unknown-class] "ItemHead", text="1  The whole of the Act"
[parser-unknown-class] "ActHead7", text="Part 2—Amendments"
[parser-unknown-class] "ActHead9", text="Freedom of Information Act 1982"
[parser-unknown-class] "ItemHead", text="2  Division 1 of Part II of Schedule 2 (item dealing with the Albury‑Wodonga Development Corporat..."
[parser-unknown-class] "ActHead9", text="Remuneration and Allowances Act 1990"
[parser-unknown-class] "ItemHead", text="3  Part 3 of Schedule 2 (table item dealing with the Chair of the Albury‑Wodonga Development Corp..."
[parser-unknown-class] "ActHead9", text="Urban and Regional Development (Financial Assistance) Act 1974"
[parser-unknown-class] "ItemHead", text="4  Section 3 (definition of approved body)"
[parser-unknown-class] "ItemHead", text="5  After section 3"
[parser-unknown-class] "ItemHead", text="6  Transitional—approved bodies"
[parser-unknown-class] "ItemHead", text="7  Subsection 6(3)"
[parser-unknown-class] "ActHead7", text="Part 3—Transitional provisions"
[parser-unknown-class] "ActHead8", text="Division 1—Introduction"
[parser-unknown-class] "ItemHead", text="8  Definitions"
[parser-unknown-class] "ActHead8", text="Division 2—Transfer of assets and liabilities"
[parser-unknown-class] "ItemHead", text="9  Assets"
[parser-unknown-class] "Subitem", text="(1) This item applies to the assets of the Corporation immediately before the commencement time."
[parser-unknown-class] "Subitem", text="(2) At the commencement time, the assets cease to be assets of the Corporation and become assets ..."
[parser-unknown-class] "ItemHead", text="10  Liabilities"
[parser-unknown-class] "Subitem", text="(1) This item applies to the liabilities of the Corporation immediately before the commencement t..."
[parser-unknown-class] "Subitem", text="(2) At the commencement time, the liabilities cease to be liabilities of the Corporation and beco..."
[parser-unknown-class] "ItemHead", text="11  Transfers of land may be registered"
[parser-unknown-class] "Subitem", text="(1) If any land vests in the Commonwealth under this Division and the Minister signs a certificat..."
[parser-unknown-class] "Subitem", text="(2) A certificate under subitem (1) is not a legislative instrument."
[parser-unknown-class] "ItemHead", text="12  Certificates relating to vesting of assets other than land"
[parser-unknown-class] "Subitem", text="(1) If an asset other than land vests in the Commonwealth under this Division and the Minister si..."
[parser-unknown-class] "Subitem", text="(2) A certificate under subitem (1) is not a legislative instrument."
[parser-unknown-class] "ActHead8", text="Division 3—Transfer of other matters"
[parser-unknown-class] "ItemHead", text="13  Acts of Corporation to be attributed to the Commonwealth"
[parser-unknown-class] "ItemHead", text="14  Substitution of the Commonwealth as a party to certain pending proceedings"
[parser-unknown-class] "ItemHead", text="15  Transfer of records to the Department"
[parser-unknown-class] "ItemHead", text="16  Transfer of pending investigations"
[parser-unknown-class] "ItemHead", text="17  References in certain instruments to Corporation"
[parser-unknown-class] "Subitem", text="(1) If:"
[parser-unknown-class] "Subitem", text="(2) Subitem (1) does not apply to a reference in:"
[parser-unknown-class] "Subitem", text="(3) The Minister may, by legislative instrument, specify one or more instruments for the purposes..."
[parser-unknown-class] "ActHead8", text="Division 4—Corporation’s staff"
[parser-unknown-class] "ItemHead", text="18  No transfer of staff under this Part"
[parser-unknown-class] "ActHead8", text="Division 5—Corporation’s final annual report"
[parser-unknown-class] "ItemHead", text="19  Final annual report"
[parser-unknown-class] "Subitem", text="(1) The Secretary must prepare and give to the Minister, for presentation to the Parliament, a re..."
[parser-unknown-class] "Subitem", text="(2) Sections 39 and 43 of the Public Governance, Performance and Accountability Act 2013 apply to..."
[parser-unknown-class] "Subitem", text="(3) The Secretary may include the final report in the Department’s annual report for the period t..."
[parser-unknown-class] "Subitem", text="(4) If the Secretary does not include the final report in that annual report for the Department, ..."
[parser-unknown-class] "Subitem", text="(5) The Minister may extend the period referred to in paragraph (4)(a) if the Minister is satisfi..."
[parser-unknown-class] "Subitem", text="(6) In this item:"
[parser-unknown-class] "ActHead8", text="Division 6—Transitional functions and powers"
[parser-unknown-class] "ItemHead", text="20  Transitional functions and powers"
[parser-unknown-class] "Subitem", text="(1) The Commonwealth may, for the purposes of facilitating the winding‑up of the joint Commonweal..."
[parser-unknown-class] "Subitem", text="(2) This item does not limit what the Commonwealth may do with, or in relation to, those assets."
[parser-unknown-class] "Subitem", text="(3) In this item, joint Commonwealth/State scheme has the same meaning as in the Albury‑Wodonga D..."
[parser-unknown-class] "ActHead8", text="Division 7—Other matters"
[parser-unknown-class] "ItemHead", text="21  Exemption from stamp duty and other State or Territory taxes"
[parser-unknown-class] "ItemHead", text="22  Certificates taken to be authentic"
[parser-unknown-class] "ItemHead", text="23  Delegation by Minister"
[parser-unknown-class] "Subitem", text="(1) The Minister may, by writing, delegate all or any of his or her powers and functions under th..."
[parser-unknown-class] "Subitem", text="(2) In exercising powers or functions under a delegation, the delegate must comply with any direc..."
[parser-unknown-class] "ItemHead", text="24  Compensation for acquisition of property"
[parser-unknown-class] "Subitem", text="(1) If the operation of this Schedule would result in an acquisition of property (within the mean..."
[parser-unknown-class] "Subitem", text="(2) If the Commonwealth and the person do not agree on the amount of the compensation, the person..."
[parser-unknown-class] "ItemHead", text="25  Transitional rules"
[parser-diag] processed 338 <p> elements
[parser-diag] last section was added at element index: 99
[parser-diag] state phase at end: ENDNOTES
[parser-diag] hierarchy stack depth at end: 1
[parser-diag] insideSchedule at end: false
[parse] sections: 4
[parse] compilation: date=2016-03-05 no=1
[parse] by level:
         section      4
[db] inserted new legislation row: c1d2b7e6-9468-4a84-b1a5-6c05d640b4ab
[db] inserting 4 sections (pass 1)
[db] inserted 4 sections
[db] linking parent FKs (pass 2)
[db] linked 0 parent references

[done] ingested Albury-Wodonga Development Corporation (Abolition) Act 2014
       legislation_id: c1d2b7e6-9468-4a84-b1a5-6c05d640b4ab
       sections: 4
       compilation: 2016-03-05
