[fetch] document_1: https://www.legislation.gov.au/C2012A00076/2012-06-27/2012-06-27/text/original/epub/OEBPS/document_1/document_1.html
[fetch] document_1: 100,896 bytes
[fetch] document_2: https://www.legislation.gov.au/C2012A00076/2012-06-27/2012-06-27/text/original/epub/OEBPS/document_2/document_2.html
[fetch] document_2 not found — stopping. Fetched 1 document(s).
[fetch] combined 1 document(s), 100,896 source bytes → 99,412 combined bytes
[citation] Health Insurance Amendment (Professional Services Review) Act 2012 (Cth)
[parse] starting
[parser-diag] total <p> elements found: 523
[parser-unknown-class] "ActHead6", text="Schedule 1—Validation of certain acts"
[parser-unknown-class] "ItemHead", text="1  Validation of acts done under Part VAA, VB or VII of the Health Insurance Act 1973"
[parser-unknown-class] "Subitem", text="(1) This item applies to a thing purportedly done under Part VAA, VB or VII of the Health Insuran..."
[parser-unknown-class] "Subitem", text="(2) The thing purportedly done is as valid and effective, and is taken always to have been as val..."
[parser-unknown-class] "Subitem", text="(3) All persons are, by force of this subitem, declared to be, and always to have been, entitled ..."
[parser-unknown-class] "Subitem", text="(4) This item does not affect rights or liabilities of parties to proceedings for which leave to ..."
[parser-unknown-class] "Subitem", text="(5) Subject to subitem (4), subitems (1), (2) and (3) have effect in relation to:"
[parser-unknown-class] "ItemHead", text="2  Re‑referral to a Committee allowed in certain cases"
[parser-unknown-class] "Subitem", text="(1) This item applies if:"
[parser-unknown-class] "Subitem", text="(2) Despite section 94 of the Health Insurance Act 1973, before the end of 12 months after the pr..."
[parser-unknown-class] "Subitem", text="(3) If subitem (2) applies, the Committee may take into account:"
[parser-unknown-class] "Subitem", text="(4) To avoid doubt, subitem (3) does not limit the evidence that the Committee may take into acco..."
[parser-unknown-class] "ItemHead", text="3  Compensation for acquisition of property"
[parser-unknown-class] "Subitem", text="(1) If the operation of this Schedule would result in an acquisition of property from a person ot..."
[parser-unknown-class] "Subitem", text="(2) If the Commonwealth and the person do not agree on the amount of the compensation, the person..."
[parser-unknown-class] "Subitem", text="(3) In this item:"
[parser-unknown-class] "ActHead6", text="Schedule 2—Amendments relating to the Professional Services Review Scheme"
[parser-unknown-class] "ActHead7", text="Part 1—Prescribed pattern of services"
[parser-unknown-class] "ActHead9", text="Health Insurance Act 1973"
[parser-unknown-class] "ItemHead", text="1  Subsection 81(1)"
[parser-unknown-class] "ItemHead", text="2  Before subsection 82(1)"
[parser-unknown-class] "ItemHead", text="3  After subsection 82(1)"
[parser-unknown-class] "ItemHead", text="4  Paragraphs 82(2)(a) and (b)"
[parser-unknown-class] "ItemHead", text="5  Before subsection 82(3)"
[parser-unknown-class] "ItemHead", text="6  At the end of Division 1 of Part VAA"
[parser-unknown-class] "ItemHead", text="7  Division 3 of Part VAA (heading)"
[parser-unknown-class] "ItemHead", text="8  Section 86 (heading)"
[parser-unknown-class] "ItemHead", text="9  Subsection 86(1)"
[parser-unknown-class] "ItemHead", text="10  After subsection 86(1)"
[parser-unknown-class] "ItemHead", text="11  At the end of subsection 86(3)"
[parser-unknown-class] "ItemHead", text="12  At the end of subsection 93(6)"
[parser-unknown-class] "ItemHead", text="13  Section 106KA"
[parser-unknown-class] "ItemHead", text="14  Paragraph 106KB(1)(b)"
[parser-unknown-class] "ItemHead", text="15  Application"
[parser-unknown-class] "Subitem", text="(1) Despite the repeals and amendments of the Health Insurance Act 1973 made by this Part, the ol..."
[parser-unknown-class] "Subitem", text="(2) In this item:"
[parser-unknown-class] "ActHead7", text="Part 2—Allied health practitioners"
[parser-unknown-class] "ActHead8", text="Division 1—Amendments"
[parser-unknown-class] "ActHead9", text="Health Insurance Act 1973"
[parser-unknown-class] "ItemHead", text="16  Subsection 81(1) (at the end of the definition of practitioner)"
[parser-unknown-class] "ItemHead", text="17  Subsection 81(1) (at the end of the definition of profession)"
[parser-unknown-class] "ItemHead", text="18  After subsection 81(1)"
[parser-unknown-class] "ItemHead", text="19  Before subsection 81(2)"
[parser-unknown-class] "ItemHead", text="20  Paragraph 106ZPA(1)(c)"
[parser-unknown-class] "ItemHead", text="21  Paragraph 106ZPB(2)(c)"
[parser-unknown-class] "ItemHead", text="22  Subsection 106ZPB(3)"
[parser-unknown-class] "ItemHead", text="23  Subsection 106ZPB(3)"
[parser-unknown-class] "ItemHead", text="24  Subsection 106ZPH(3)"
[parser-unknown-class] "ItemHead", text="25  Subsection 124B(1) (at the end of the definition of practitioner)"
[parser-unknown-class] "ItemHead", text="26  At the end of section 124B"
[parser-unknown-class] "ItemHead", text="27  At the end of subsection 124EB(2)"
[parser-unknown-class] "ActHead8", text="Division 2—Transitional and application provisions"
[parser-unknown-class] "ItemHead", text="28  Transitional—review of services rendered or initiated by certain allied health practitioners"
[parser-unknown-class] "ItemHead", text="29  Application—acts and omissions of certain allied health practitioners"
[parser-unknown-class] "Subitem", text="(1) This item applies in relation to a person who is a practitioner for the purposes of Part VB o..."
[parser-unknown-class] "Subitem", text="(2) Part VB of the Health Insurance Act 1973 does not apply in relation to acts and omissions of ..."
[parser-unknown-class] "Subitem", text="(3) For the purposes of this item, if an act or omission is alleged to have taken place between 2..."
[parser-unknown-class] "ItemHead", text="30  Application of item 27"
[parser-unknown-class] "ActHead7", text="Part 3—Meaning of service"
[parser-unknown-class] "ActHead9", text="Health Insurance Act 1973"
[parser-unknown-class] "ItemHead", text="31  Subsection 81(1) (paragraph (a) of the definition of service)"
[parser-unknown-class] "ItemHead", text="32  Application"
[parser-unknown-class] "ActHead7", text="Part 4—Extension of time for certain processes"
[parser-unknown-class] "ActHead9", text="Health Insurance Act 1973"
[parser-unknown-class] "ItemHead", text="33  Subsection 106G(3)"
[parser-unknown-class] "ItemHead", text="34  After subsection 106G(4)"
[parser-unknown-class] "ItemHead", text="35  Subsection 106S(2)"
[parser-unknown-class] "ItemHead", text="36  Section 106SA"
[parser-unknown-class] "ItemHead", text="37  Subsection 106T(1)"
[parser-unknown-class] "ItemHead", text="38  At the end of subsection 106T(2)"
[parser-unknown-class] "ItemHead", text="39  Subsection 106T(4)"
[parser-unknown-class] "ItemHead", text="40  At the end of subsection 106TA(1)"
[parser-unknown-class] "ItemHead", text="41  After section 106TA"
[parser-unknown-class] "ItemHead", text="42  Application of items 35, 36, 37 and 39"
[parser-unknown-class] "ActHead7", text="Part 5—No further action to be taken in certain circumstances"
[parser-unknown-class] "ActHead9", text="Health Insurance Act 1973"
[parser-unknown-class] "ItemHead", text="43  Subsection 106G(6)"
[parser-unknown-class] "ItemHead", text="44  After section 106G"
[parser-unknown-class] "ItemHead", text="45  Division 5 of Part VAA (heading)"
[parser-unknown-class] "ItemHead", text="46  Before section 106R"
[parser-unknown-class] "ItemHead", text="47  Section 106R (heading)"
[parser-unknown-class] "ItemHead", text="48  Subsection 106R(1)"
[parser-unknown-class] "ItemHead", text="49  After section 106R"
[parser-unknown-class] "ActHead7", text="Part 6—Date of effect for final determinations"
[parser-unknown-class] "ActHead9", text="Health Insurance Act 1973"
[parser-unknown-class] "ItemHead", text="50  Subsection 106V(2)"
[parser-unknown-class] "ItemHead", text="51  Application"
[parser-unknown-class] "ActHead7", text="Part 7—Referrals to Medicare Participation Review Committee"
[parser-unknown-class] "ActHead9", text="Health Insurance Act 1973"
[parser-unknown-class] "ItemHead", text="52  Subparagraph 19B(2)(a)(i)"
[parser-unknown-class] "ItemHead", text="53  Subparagraph 19B(2)(b)(i)"
[parser-unknown-class] "ItemHead", text="54  Subparagraph 19B(2)(c)(iii)"
[parser-unknown-class] "ItemHead", text="55  Subparagraph 19B(2)(d)(iii)"
[parser-unknown-class] "ItemHead", text="56  Subsection 19D(11) (paragraph (a) of the definition of disqualified practitioner)"
[parser-unknown-class] "ItemHead", text="57  Paragraphs 92(2)(f) and (g)"
[parser-unknown-class] "ItemHead", text="58  After subsection 92(2)"
[parser-unknown-class] "ItemHead", text="59  Paragraph 92(4)(e)"
[parser-unknown-class] "ItemHead", text="60  Paragraph 92(4)(f)"
[parser-unknown-class] "ItemHead", text="61  Paragraph 106U(1)(g)"
[parser-unknown-class] "ItemHead", text="62  At the end of paragraph 106U(1)(h)"
[parser-unknown-class] "ItemHead", text="63  Subsections 106U(3) and (4)"
[parser-unknown-class] "ItemHead", text="64  Section 106X"
[parser-unknown-class] "ItemHead", text="65  Subsection 106ZPR(2)"
[parser-unknown-class] "ItemHead", text="66  Subsection 124E(2A)"
[parser-unknown-class] "ItemHead", text="67  Subsection 124E(5)"
[parser-unknown-class] "ItemHead", text="68  Subsection 124E(5)"
[parser-unknown-class] "ItemHead", text="69  Subsection 124EA(1)"
[parser-unknown-class] "ItemHead", text="70  Section 124FAA"
[parser-unknown-class] "ItemHead", text="71  Subsection 124H(7)"
[parser-unknown-class] "ItemHead", text="72  Subsection 124J(8)"
[parser-unknown-class] "ItemHead", text="73  Subsection 124S(9)"
[parser-unknown-class] "ItemHead", text="74  Application"
[parser-unknown-class] "ActHead7", text="Part 8—Referrals to appropriate regulatory bodies"
[parser-unknown-class] "ActHead9", text="Health Insurance Act 1973"
[parser-unknown-class] "ItemHead", text="75  Paragraph 93(8)(a)"
[parser-unknown-class] "ItemHead", text="76  Subsection 93(8)"
[parser-unknown-class] "ItemHead", text="77  Section 106XA (heading)"
[parser-unknown-class] "ItemHead", text="78  Before subsection 106XA(1)"
[parser-unknown-class] "ItemHead", text="79  Subsections 106XA(2) to (4)"
[parser-unknown-class] "ItemHead", text="80  Section 106XB (heading)"
[parser-unknown-class] "ItemHead", text="81  Paragraph 106XB(2)(a)"
[parser-unknown-class] "ActHead7", text="Part 9—Disqualified practitioners"
[parser-unknown-class] "ActHead9", text="Health Insurance Act 1973"
[parser-unknown-class] "ItemHead", text="82  Subparagraphs 19B(2)(a)(ii) and (c)(iv)"
[parser-unknown-class] "ItemHead", text="83  Subsection 19D(1)"
[parser-unknown-class] "ItemHead", text="84  Subsection 19D(11) (paragraph (c) of the definition of disqualified practitioner)"
[parser-unknown-class] "ItemHead", text="85  Subsection 19D(11) (paragraph (e) of the definition of disqualified practitioner)"
[parser-unknown-class] "ItemHead", text="86  Subsection 19D(11) (note at the end of the definition of disqualified practitioner)"
[parser-unknown-class] "ActHead7", text="Part 10—Patient referrals"
[parser-unknown-class] "ActHead9", text="Health Insurance Act 1973"
[parser-unknown-class] "ItemHead", text="87  After section 132"
[parser-unknown-class] "ItemHead", text="88  Subsection 133(2)"
[parser-unknown-class] "ActHead6", text="Schedule 3—Technical amendments relating to legislative instruments"
[parser-unknown-class] "ActHead9", text="Health Insurance Act 1973"
[parser-unknown-class] "ItemHead", text="1  Subsection 86(5)"
[parser-unknown-class] "ItemHead", text="2  Subsection 86(6)"
[parser-unknown-class] "ItemHead", text="3  Subsection 93(4)"
[parser-unknown-class] "ItemHead", text="4  Subsection 93(5)"
[parser-unknown-class] "ItemHead", text="5  Subsection 106K(3)"
[parser-unknown-class] "ItemHead", text="6  Subsection 106K(5)"
[parser-unknown-class] "ItemHead", text="7  Subsection 106Q(3)"
[parser-unknown-class] "ItemHead", text="8  Subsection 106Q(4)"
[parser-unknown-class] "ItemHead", text="9  At the end of section 124FAA"
[parser-unknown-class] "2ndRd", text="[Minister’s second reading speech made in—"
[parser-unknown-class] "2ndRd", text="House of Representatives on 9 May 2012"
[parser-unknown-class] "2ndRd", text="Senate on 10 May 2012]"
[parser-diag] processed 523 <p> elements
[parser-diag] last section was added at element index: 486
[parser-diag] state phase at end: BODY
[parser-diag] hierarchy stack depth at end: 3
[parser-diag] insideSchedule at end: false
[parse] sections: 21
[parse] compilation: date=(none) no=(none)
[parse] by level:
         section      16
         division     2
         subdivision  3
[db] inserted new legislation row: 1932050d-6ece-4f87-91f3-237a13ba9609
[db] inserting 21 sections (pass 1)
[db] inserted 21 sections
[db] linking parent FKs (pass 2)
[db] linked 15 parent references

[done] ingested Health Insurance Amendment (Professional Services Review) Act 2012
       legislation_id: 1932050d-6ece-4f87-91f3-237a13ba9609
       sections: 21
       compilation: 2012-06-27
