[fetch] document_1: https://www.legislation.gov.au/C2010A00065/2010-06-28/2010-06-28/text/original/epub/OEBPS/document_1/document_1.html
[fetch] document_1: 448,043 bytes
[fetch] document_2: https://www.legislation.gov.au/C2010A00065/2010-06-28/2010-06-28/text/original/epub/OEBPS/document_2/document_2.html
[fetch] document_2 not found — stopping. Fetched 1 document(s).
[fetch] combined 1 document(s), 448,043 source bytes → 446,820 combined bytes
[citation] Child Support and Family Assistance Legislation Amendment (Budget and Other Measures) Act 2010 (Cth)
[parse] starting
[parser-diag] total <p> elements found: 1703
[parser-unknown-class] "ActHead6", text="Schedule 1—Child support income estimates"
[parser-unknown-class] "ActHead7", text="Part 1—Amendments"
[parser-unknown-class] "ActHead9", text="Child Support (Assessment) Act 1989"
[parser-unknown-class] "ItemHead", text="1  Subsection 5(1) (at the end of the definition of adjusted taxable income)"
[parser-unknown-class] "ItemHead", text="2  Subsection 5(1)"
[parser-unknown-class] "ItemHead", text="3  Subsection 5(1)"
[parser-unknown-class] "ItemHead", text="4  Subsection 5(1)"
[parser-unknown-class] "ItemHead", text="5  Subsection 5(1)"
[parser-unknown-class] "ItemHead", text="6  Subsection 5(1)"
[parser-unknown-class] "ItemHead", text="7  Subsection 5(1)"
[parser-unknown-class] "ItemHead", text="8  Subsection 5(1)"
[parser-unknown-class] "ItemHead", text="9  Subsection 5(1) (definition of remaining period)"
[parser-unknown-class] "ItemHead", text="10  Subsection 5(1)"
[parser-unknown-class] "ItemHead", text="11  Subsection 5(1)"
[parser-unknown-class] "ItemHead", text="12  Subsection 43(1)"
[parser-unknown-class] "ItemHead", text="13  Paragraph 44(1)(d)"
[parser-unknown-class] "ItemHead", text="14  Section 55J"
[parser-unknown-class] "ItemHead", text="15  Paragraphs 56(2)(d) and 57(7)(b)"
[parser-unknown-class] "ItemHead", text="16  Subdivision C of Division 7 of Part 5 (heading)"
[parser-unknown-class] "ItemHead", text="17  Sections 60 to 60B"
[parser-unknown-class] "BoxStep", text="Step 1. Estimate each income component amount for the parent for the period (the remaining period):"
[parser-unknown-class] "BoxStep", text="Step 2. Add up those amounts. The result is the partial year income amount."
[parser-unknown-class] "BoxStep", text="Step 3. Divide the partial year income amount by the number of days in the remaining period."
[parser-unknown-class] "BoxStep", text="Step 4. Multiply the quotient by 365."
[parser-unknown-class] "ItemHead", text="18  Subsection 61(1)"
[parser-unknown-class] "ItemHead", text="19  Subsection 61(2)"
[parser-unknown-class] "ItemHead", text="20  Subsections 61(3) and (4)"
[parser-unknown-class] "ItemHead", text="21  Subsection 62(1)"
[parser-unknown-class] "ItemHead", text="22  Subsection 62(3)"
[parser-unknown-class] "ItemHead", text="23  After section 62"
[parser-unknown-class] "BoxStep", text="Step 1. Estimate each income component amount for the parent for the period (the remaining period):"
[parser-unknown-class] "BoxStep", text="Step 2. Add up those amounts. The result is the partial year income amount."
[parser-unknown-class] "BoxStep", text="Step 3. Divide the partial year income amount by the number of days in the remaining period."
[parser-unknown-class] "BoxStep", text="Step 4. Multiply the quotient by 365."
[parser-unknown-class] "ItemHead", text="24  Subsections 63(1) and (2)"
[parser-unknown-class] "ItemHead", text="25  Subsection 63(3)"
[parser-unknown-class] "ItemHead", text="26  Subsection 63(4)"
[parser-unknown-class] "ItemHead", text="27  Subsection 63(4)"
[parser-unknown-class] "ItemHead", text="28  After section 63"
[parser-unknown-class] "ItemHead", text="29  Paragraph 63A(1)(a)"
[parser-unknown-class] "ItemHead", text="30  Subsection 63A(2)"
[parser-unknown-class] "ItemHead", text="31  Subsection 63A(2)"
[parser-unknown-class] "ItemHead", text="32  Subsection 63A(3)"
[parser-unknown-class] "ItemHead", text="33  Subsection 63A(3)"
[parser-unknown-class] "ItemHead", text="34  Paragraph 63B(1)(a)"
[parser-unknown-class] "ItemHead", text="35  Subsection 63B(2)"
[parser-unknown-class] "ItemHead", text="36  Subsection 63B(2)"
[parser-unknown-class] "ItemHead", text="37  Subsection 63B(3)"
[parser-unknown-class] "ItemHead", text="38  Subsection 63B(3)"
[parser-unknown-class] "ItemHead", text="39  Paragraph 63B(3)(a)"
[parser-unknown-class] "ItemHead", text="40  Subparagraph 63B(3)(b)(i)"
[parser-unknown-class] "ItemHead", text="41  Paragraph 63C(1)(a)"
[parser-unknown-class] "ItemHead", text="42  Paragraph 63C(1)(b)"
[parser-unknown-class] "ItemHead", text="43  Paragraph 63C(1)(c)"
[parser-unknown-class] "ItemHead", text="44  Subsection 63C(2)"
[parser-unknown-class] "ItemHead", text="45  Sections 64 and 64A"
[parser-unknown-class] "BoxStep", text="Step 1. For each income election relating to the year of income that had an application period th..."
[parser-unknown-class] "BoxStep", text="Step 2. For each of those income elections, multiply the result of step 1 by the number of days i..."
[parser-unknown-class] "BoxStep", text="Step 3. Add up each of the amounts worked out under step 2."
[parser-unknown-class] "BoxStep", text="Step 4. Add the result of step 3 and the partial year income amount worked out under subsection 6..."
[parser-unknown-class] "BoxStep", text="Step 1. Subtract the parent’s estimated ATI amount from the parent’s actual ATI amount."
[parser-unknown-class] "BoxStep", text="Step 2. Divide the result by the total number of days in the application periods for each income ..."
[parser-unknown-class] "BoxStep", text="Step 3. For each of those income elections, multiply the additional daily rate by the number of d..."
[parser-unknown-class] "BoxStep", text="Step 4. For each of those income elections, add the underestimated amount for the income election..."
[parser-unknown-class] "BoxStep", text="Step 5. For each of those income elections:"
[parser-unknown-class] "BoxStep", text="Step 1. For each income election relating to the year of income that had an application period th..."
[parser-unknown-class] "BoxStep", text="Step 2. For each of those income elections, multiply the result of step 1 by the number of days i..."
[parser-unknown-class] "BoxStep", text="Step 3. Add up each of the amounts worked out under step 2."
[parser-unknown-class] "BoxStep", text="Step 4. Add the result of step 3 and the partial year income amount worked out under subsection 6..."
[parser-unknown-class] "BoxStep", text="Step 1. Subtract the parent’s estimated ATI amount from the parent’s determined ATI."
[parser-unknown-class] "BoxStep", text="Step 2. Divide the result by the total number of days in the application periods for each income ..."
[parser-unknown-class] "BoxStep", text="Step 3. For each of those income elections, multiply the additional daily rate by the number of d..."
[parser-unknown-class] "BoxStep", text="Step 4. For each of those income elections, add the underestimated amount for the income election..."
[parser-unknown-class] "BoxStep", text="Step 5. For each of those income elections:"
[parser-unknown-class] "ItemHead", text="46  Subparagraphs 65A(1)(b)(i) and (ii)"
[parser-unknown-class] "ItemHead", text="47  Paragraph 146BA(1)(d)"
[parser-unknown-class] "ActHead9", text="Child Support (Registration and Collection) Act 1988"
[parser-unknown-class] "ItemHead", text="48  Subsection 80(1) (after table item 11)"
[parser-unknown-class] "ItemHead", text="49  Subsection 80(1) (table item 12, column headed “Decision”)"
[parser-unknown-class] "ItemHead", text="50  Subsection 110U(1)"
[parser-unknown-class] "ActHead7", text="Part 2—Transitional provisions"
[parser-unknown-class] "ItemHead", text="51  Transitional provision"
[parser-unknown-class] "Subitem", text="(1) This item applies to an election made by a parent if:"
[parser-unknown-class] "Subitem", text="(2) Despite the repeal of section 60 of the CSA Act by this Schedule, the election continues to h..."
[parser-unknown-class] "Subitem", text="(3) Despite the amendments made by this Schedule to the CSA Act, that Act, as in force immediatel..."
[parser-unknown-class] "Subitem", text="(4) Despite subitem (3), section 64 of the CSA Act, as in force immediately before that commencem..."
[parser-unknown-class] "Subitem", text="(5) The parent, or the other parent to whom child support is payable, may request the Registrar t..."
[parser-unknown-class] "Subitem", text="(6) If a request is made under subitem (5), the Registrar may determine that section 64 of the CS..."
[parser-unknown-class] "ItemHead", text="52  Application in relation to Western Australian exnuptial children"
[parser-unknown-class] "Subitem", text="(1) This item applies if, immediately after the commencement of this item, the Child Support (Ass..."
[parser-unknown-class] "Subitem", text="(2) Item 51 of this Schedule applies in Western Australia, after Western Australia adopts those A..."
[parser-unknown-class] "ActHead6", text="Schedule 2—Percentage of care"
[parser-unknown-class] "ActHead7", text="Part 1—Amendments"
[parser-unknown-class] "ActHead9", text="A New Tax System (Family Assistance) Act 1999"
[parser-unknown-class] "ItemHead", text="1  Subsection 3(1)"
[parser-unknown-class] "ItemHead", text="2  Subsection 3(1)"
[parser-unknown-class] "ItemHead", text="3  Subsection 3(1)"
[parser-unknown-class] "ItemHead", text="4  Subsection 3(1)"
[parser-unknown-class] "ItemHead", text="5  Subsection 3(1)"
[parser-unknown-class] "ItemHead", text="6  Subsection 3(1) (subparagraph (b)(i) of the definition of FTB child)"
[parser-unknown-class] "ItemHead", text="7  Subsection 3(1)"
[parser-unknown-class] "ItemHead", text="8  Subsection 3(1)"
[parser-unknown-class] "ItemHead", text="9  Subsection 3(1)"
[parser-unknown-class] "ItemHead", text="10  Subsection 3(1)"
[parser-unknown-class] "ItemHead", text="11  Subsection 3(1) (paragraph (a) of the definition of regular care child)"
[parser-unknown-class] "ItemHead", text="12  Subsections 22(6A) to (6D)"
[parser-unknown-class] "ItemHead", text="13  Subsection 22(7)"
[parser-unknown-class] "ItemHead", text="14  Subsection 22(7) (note)"
[parser-unknown-class] "ItemHead", text="15  Section 25"
[parser-unknown-class] "ItemHead", text="16  Section 25A"
[parser-unknown-class] "ItemHead", text="17  Paragraph 27(2)(b)"
[parser-unknown-class] "ItemHead", text="18  At the end of Division 1 of Part 3"
[parser-unknown-class] "ItemHead", text="19  Paragraph 59(1)(a)"
[parser-unknown-class] "ItemHead", text="20  Subsection 59(1) (note)"
[parser-unknown-class] "ItemHead", text="21  Subsection 59(2) (table, heading to Column 1)"
[parser-unknown-class] "ActHead9", text="A New Tax System (Family Assistance) (Administration) Act 1999"
[parser-unknown-class] "ItemHead", text="22  Subsection 3(1)"
[parser-unknown-class] "ItemHead", text="23  After subsection 105(4)"
[parser-unknown-class] "ItemHead", text="24  Subsection 109A(1)"
[parser-unknown-class] "ItemHead", text="25  Subsection 109A(2)"
[parser-unknown-class] "ItemHead", text="26  After subsection 109A(2)"
[parser-unknown-class] "ItemHead", text="27  Paragraph 109A(4)(a)"
[parser-unknown-class] "ItemHead", text="28  Subsection 109A(4)"
[parser-unknown-class] "ItemHead", text="29  Subsections 109D(1), (2), (3) and (4)"
[parser-unknown-class] "ItemHead", text="30  Paragraph 109E(1)(a)"
[parser-unknown-class] "ItemHead", text="31  Subsections 109E(2) and (3)"
[parser-unknown-class] "ItemHead", text="32  Paragraphs 109G(1)(c) and (2)(c)"
[parser-unknown-class] "ItemHead", text="33  Paragraph 111(2)(d)"
[parser-unknown-class] "ItemHead", text="34  Subsection 111(3) (definition of decision reviewer)"
[parser-unknown-class] "ItemHead", text="35  After subsection 113(1)"
[parser-unknown-class] "ItemHead", text="36  At the end of section 142"
[parser-unknown-class] "ItemHead", text="37  At the end of Part 5"
[parser-unknown-class] "ItemHead", text="38  After section 159"
[parser-unknown-class] "ActHead9", text="Child Support (Assessment) Act 1989"
[parser-unknown-class] "ItemHead", text="39  Subsection 5(1)"
[parser-unknown-class] "ItemHead", text="40  Subsection 5(1)"
[parser-unknown-class] "ItemHead", text="41  Subsection 5(1) (definition of care period)"
[parser-unknown-class] "ItemHead", text="42  Subsection 5(1)"
[parser-unknown-class] "ItemHead", text="43  Subsection 5(1) (definition of court order)"
[parser-unknown-class] "ItemHead", text="44  Subsection 5(1)"
[parser-unknown-class] "ItemHead", text="45  Subsection 5(1)"
[parser-unknown-class] "ItemHead", text="46  Subsection 5(1)"
[parser-unknown-class] "ItemHead", text="47  Subsection 5(1)"
[parser-unknown-class] "ItemHead", text="48  Subsection 5(1) (definition of percentage of care)"
[parser-unknown-class] "ItemHead", text="49  Subsection 5(1)"
[parser-unknown-class] "ItemHead", text="50  Subsection 5(1)"
[parser-unknown-class] "ItemHead", text="51  Subsections 5(2) and (3)"
[parser-unknown-class] "ItemHead", text="52  Section 35 (method statement, step 4)"
[parser-unknown-class] "ItemHead", text="53  Subsections 39(1) and 40(1) (method statements, step 2)"
[parser-unknown-class] "ItemHead", text="54  Section 46 (method statement, step 2)"
[parser-unknown-class] "ItemHead", text="55  Division 4 of Part 5"
[parser-unknown-class] "ItemHead", text="56  Paragraph 74A(b)"
[parser-unknown-class] "ItemHead", text="57  Paragraph 74A(c)"
[parser-unknown-class] "ItemHead", text="58  Paragraph 74A(d)"
[parser-unknown-class] "ItemHead", text="59  Section 74A"
[parser-unknown-class] "ItemHead", text="60  Paragraphs 74A(e) and (f)"
[parser-unknown-class] "ItemHead", text="61  Section 74A (note 1)"
[parser-unknown-class] "ItemHead", text="62  Section 74A (note 2)"
[parser-unknown-class] "ItemHead", text="63  Subsection 75(2)"
[parser-unknown-class] "ItemHead", text="64  Paragraphs 75(2)(aa) to (cb)"
[parser-unknown-class] "ItemHead", text="65  Subsection 75(2) (note)"
[parser-unknown-class] "ItemHead", text="66  Paragraph 146BA(1)(c)"
[parser-unknown-class] "ItemHead", text="67  Paragraph 146BA(1)(c)"
[parser-unknown-class] "ItemHead", text="68  Paragraph 146C(4)(a)"
[parser-unknown-class] "ItemHead", text="69  Subsection 146C(4) (note)"
[parser-unknown-class] "ItemHead", text="70  After section 162B"
[parser-unknown-class] "ActHead9", text="Child Support (Registration and Collection) Act 1988"
[parser-unknown-class] "ItemHead", text="71  Subsection 4(1)"
[parser-unknown-class] "ItemHead", text="72  At the end of section 80"
[parser-unknown-class] "ItemHead", text="73  At the end of Division 2 of Part VII"
[parser-unknown-class] "ItemHead", text="74  Subsection 81(1)"
[parser-unknown-class] "ItemHead", text="75  Section 84"
[parser-unknown-class] "ItemHead", text="76  At the end of section 85"
[parser-unknown-class] "ItemHead", text="77  After section 85"
[parser-unknown-class] "ItemHead", text="78  At the end of Division 4 of Part VII"
[parser-unknown-class] "ItemHead", text="79  Subsection 87(1)"
[parser-unknown-class] "ItemHead", text="80  Paragraph 87(1)(a)"
[parser-unknown-class] "ItemHead", text="81  Paragraph 87(1)(b)"
[parser-unknown-class] "ItemHead", text="82  Subsection 87(1A)"
[parser-unknown-class] "ItemHead", text="83  After subsection 87(1A)"
[parser-unknown-class] "ItemHead", text="84  Paragraph 87(2)(b)"
[parser-unknown-class] "ItemHead", text="85  At the end of Part VII"
[parser-unknown-class] "ItemHead", text="86  Subsection 89(1) (paragraph (a) of table item 2, column headed “Who may apply for review”)"
[parser-unknown-class] "ItemHead", text="87  Subsection 89(1) (at the end of the table)"
[parser-unknown-class] "ItemHead", text="88  Subsection 90(1)"
[parser-unknown-class] "ItemHead", text="89  Subsection 90(2)"
[parser-unknown-class] "ItemHead", text="90  Section 103S"
[parser-unknown-class] "ItemHead", text="91  At the end of section 103S"
[parser-unknown-class] "ItemHead", text="92  Subsection 103V(2)"
[parser-unknown-class] "ItemHead", text="93  At the end of section 103V"
[parser-unknown-class] "ItemHead", text="94  After subsection 103VA(1)"
[parser-unknown-class] "ItemHead", text="95  Subsection 103VA(2)"
[parser-unknown-class] "ItemHead", text="96  Section 110N"
[parser-unknown-class] "ItemHead", text="97  At the end of Part VIIIA"
[parser-unknown-class] "ActHead9", text="Income Tax Assessment Act 1936"
[parser-unknown-class] "ItemHead", text="98  Paragraph 251R(5)(d)"
[parser-unknown-class] "ItemHead", text="99  Subsection 251R(5)"
[parser-unknown-class] "ActHead7", text="Part 2—Application and transitional provisions"
[parser-unknown-class] "ActHead8", text="Division 1—Definitions"
[parser-unknown-class] "ItemHead", text="100  Definitions"
[parser-unknown-class] "ActHead8", text="Division 2—Amendments of the child support law"
[parser-unknown-class] "ItemHead", text="101  Transitional—existing percentage of care under the Assessment Act"
[parser-unknown-class] "Subitem", text="(1) This item applies if:"
[parser-unknown-class] "Subitem", text="(2) The existing care determination is taken to have been revoked immediately before the commence..."
[parser-unknown-class] "Subitem", text="(3) The Registrar is taken, on the commencement day, to have determined (the new care determinati..."
[parser-unknown-class] "Subitem", text="(4) Sections 51 and 52 of the Assessment Act, as inserted by this Act, are taken not to have appl..."
[parser-unknown-class] "Subitem", text="(5) The person’s percentage of care for the child under the new care determination applies, for t..."
[parser-unknown-class] "Subitem", text="(6) The new care determination may be revoked under Subdivision C of Division 4 of Part 5 of the ..."
[parser-unknown-class] "Subitem", text="(7) If:"
[parser-unknown-class] "Subitem", text="(8) If:"
[parser-unknown-class] "Subitem", text="(9) Sections 35T and 35U of the Family Assistance Act do not apply in relation to the new care de..."
[parser-unknown-class] "Subitem", text="(10) The Registrar is taken, on the commencement day, to have notified the person of the effect o..."
[parser-unknown-class] "ItemHead", text="102  Transitional—pending child support applications"
[parser-unknown-class] "Subitem", text="(1) This item applies if:"
[parser-unknown-class] "Subitem", text="(2) Despite the amendments made by this Schedule to the Assessment Act and the Registration and C..."
[parser-unknown-class] "Subitem", text="(3) If a person’s percentage of care is determined under Division 4 of Part 5 of the Assessment A..."
[parser-unknown-class] "ItemHead", text="103  Transitional—change of care event"
[parser-unknown-class] "Subitem", text="(1) This item applies if:"
[parser-unknown-class] "Subitem", text="(2) Despite the amendments made by this Schedule to the Assessment Act and the Registration and C..."
[parser-unknown-class] "Subitem", text="(3) If the person’s percentage of care is determined under Division 4 of Part 5 of the Assessment..."
[parser-unknown-class] "ItemHead", text="104  Transitional—relevant dependent child"
[parser-unknown-class] "Subitem", text="(1) This item applies if:"
[parser-unknown-class] "Subitem", text="(2) Despite the amendments made by this Schedule to the Assessment Act and the Registration and C..."
[parser-unknown-class] "Subitem", text="(3) If the person’s percentage of care is determined under Division 4 of Part 5 of the Assessment..."
[parser-unknown-class] "ItemHead", text="105  Application—sections 49 and 50 of the Assessment Act"
[parser-unknown-class] "Subitem", text="(1) Subparagraph 49(1)(a)(i) or 50(1)(a)(i) of the Assessment Act, as inserted by this Act, appli..."
[parser-unknown-class] "Subitem", text="(2) Subparagraph 49(1)(a)(ii) or 50(1)(a)(ii) of the Assessment Act, as inserted by this Act, app..."
[parser-unknown-class] "ItemHead", text="106  Application—section 54K of the Assessment Act"
[parser-unknown-class] "ActHead8", text="Division 3—Amendments of the family assistance law"
[parser-unknown-class] "ItemHead", text="107  Transitional—existing percentage of care under the Family Assistance Act"
[parser-unknown-class] "Subitem", text="(1) This item applies if:"
[parser-unknown-class] "Subitem", text="(2) The existing care determination is taken to have been revoked immediately before the commence..."
[parser-unknown-class] "Subitem", text="(3) The Secretary is taken, on the commencement day, to have determined (the new care determinati..."
[parser-unknown-class] "Subitem", text="(4) Sections 35C and 35D of the Family Assistance Act, as inserted by this Act, are taken not to ..."
[parser-unknown-class] "Subitem", text="(5) The individual’s percentage of care for the child under the new care determination applies, f..."
[parser-unknown-class] "Subitem", text="(6) The new care determination may be revoked under Subdivision E of Division 1 of Part 3 of the ..."
[parser-unknown-class] "Subitem", text="(7) If:"
[parser-unknown-class] "Subitem", text="(8) If:"
[parser-unknown-class] "Subitem", text="(9) Sections 54K and 54L of the Assessment Act do not apply in relation to the new care determina..."
[parser-unknown-class] "Subitem", text="(10) The Secretary is taken, on the commencement day, to have notified the individual of the effe..."
[parser-unknown-class] "ItemHead", text="108  Transitional—family tax benefit for a past period"
[parser-unknown-class] "Subitem", text="(1) This item applies if:"
[parser-unknown-class] "Subitem", text="(2) Despite the amendments made by this Schedule to the Family Assistance Act and the Family Assi..."
[parser-unknown-class] "ItemHead", text="109  Transitional—pending family tax benefit claims"
[parser-unknown-class] "Subitem", text="(1) This item applies if:"
[parser-unknown-class] "Subitem", text="(2) Despite the amendments made by this Schedule to the Family Assistance Act and the Family Assi..."
[parser-unknown-class] "Subitem", text="(3) If the Secretary makes a determination under subsection 22(6A) of the Family Assistance Act, ..."
[parser-unknown-class] "ItemHead", text="110  Application—sections 35A and 35B of the Family Assistance Act"
[parser-unknown-class] "Subitem", text="(1) Sections 35A and 35B of the Family Assistance Act, as inserted by this Act, apply in relation..."
[parser-unknown-class] "Subitem", text="(2) Subitem (1) does not apply to a claim under that Part if:"
[parser-unknown-class] "ItemHead", text="111  Application—section 35T of the Family Assistance Act"
[parser-unknown-class] "ActHead8", text="Division 4—Application of amendments in relation to Western Australian exnuptial children"
[parser-unknown-class] "ItemHead", text="112  Application of amendments in relation to Western Australian exnuptial children"
[parser-unknown-class] "Subitem", text="(1) This item applies if, immediately after the commencement day, the Assessment Act and the Regi..."
[parser-unknown-class] "Subitem", text="(2) Items 101 to 111 of this Schedule apply in Western Australia, after Western Australia adopts ..."
[parser-unknown-class] "ActHead6", text="Schedule 3—Non‑payment of family tax benefit for non‑lodgment of tax returns"
[parser-unknown-class] "ActHead9", text="A New Tax System (Family Assistance) (Administration) Act 1999"
[parser-unknown-class] "ItemHead", text="1  After subsection 32AB(1)"
[parser-unknown-class] "ItemHead", text="2  Paragraph 32AB(2)(b)"
[parser-unknown-class] "ItemHead", text="3  After subsection 32AB(4)"
[parser-unknown-class] "ItemHead", text="4  After subsection 32AB(5)"
[parser-unknown-class] "ItemHead", text="5  Subparagraph 32AB(6)(b)(iii)"
[parser-unknown-class] "ItemHead", text="6  After subsection 32AB(6)"
[parser-unknown-class] "ItemHead", text="7  After subsection 32AC(1)"
[parser-unknown-class] "ItemHead", text="8  Paragraph 32AC(2)(b)"
[parser-unknown-class] "ItemHead", text="9  After subsection 32AC(4)"
[parser-unknown-class] "ItemHead", text="10  After subsection 32AC(5)"
[parser-unknown-class] "ItemHead", text="11  Paragraph 32AC(6)(b)"
[parser-unknown-class] "ItemHead", text="12  After subsection 32AC(8)"
[parser-unknown-class] "ItemHead", text="13  Subsection 32AE(1)"
[parser-unknown-class] "ItemHead", text="14  Subsections 32AE(2) and (3)"
[parser-unknown-class] "ItemHead", text="15  Application and transitional"
[parser-unknown-class] "Subitem", text="(1) The amendments made by items 1 to 12 apply in relation to variations made before, on or after..."
[parser-unknown-class] "Subitem", text="(2) Subsection 32AE(1) of the A New Tax System (Family Assistance) (Administration) Act 1999, as ..."
[parser-unknown-class] "ActHead6", text="Schedule 4—Other amendments"
[parser-unknown-class] "ActHead9", text="A New Tax System (Family Assistance) Act 1999"
[parser-unknown-class] "ItemHead", text="1  Subsection 3(1) (at the end of the definition of FTB child)"
[parser-unknown-class] "ActHead9", text="Child Support (Registration and Collection) Act 1988"
[parser-unknown-class] "ItemHead", text="2  Section 110N"
[parser-unknown-class] "ItemHead", text="3  After Division 4 of Part VIIIA"
[parser-unknown-class] "2ndRd", text="[Minister’s second reading speech made in—"
[parser-unknown-class] "2ndRd", text="House of Representatives on 26 May 2010"
[parser-unknown-class] "2ndRd", text="Senate on 15 June 2010]"
[parser-diag] processed 1703 <p> elements
[parser-diag] last section was added at element index: 1696
[parser-diag] state phase at end: BODY
[parser-diag] hierarchy stack depth at end: 2
[parser-diag] insideSchedule at end: false
[parse] sections: 93
[parse] compilation: date=(none) no=(none)
[parse] by level:
         section      74
         subdivision  13
         division     6
[db] inserted new legislation row: 07067f1a-ae53-4c1a-a894-097dbccdf1a8
[db] inserting 93 sections (pass 1)
[db] inserted 93 sections
[db] linking parent FKs (pass 2)
[db] linked 81 parent references

[done] ingested Child Support and Family Assistance Legislation Amendment (Budget and Other Measures) Act 2010
       legislation_id: 07067f1a-ae53-4c1a-a894-097dbccdf1a8
       sections: 93
       compilation: 2010-06-28
