[fetch] document_1: https://www.legislation.gov.au/C2017A00133/2017-12-13/2017-12-13/text/original/epub/OEBPS/document_1/document_1.html
[fetch] document_1: 10,269 bytes
[fetch] document_2: https://www.legislation.gov.au/C2017A00133/2017-12-13/2017-12-13/text/original/epub/OEBPS/document_2/document_2.html
[fetch] document_2 not found — stopping. Fetched 1 document(s).
[fetch] combined 1 document(s), 10,269 source bytes → 9,228 combined bytes
[citation] First Home Super Saver Tax Act 2017 (Cth)
[parse] starting
[parser-diag] total <p> elements found: 63
[parser-unknown-class] "2ndRd", text="[Minister’s second reading speech made in—"
[parser-unknown-class] "2ndRd", text="House of Representatives on 7 September 2017"
[parser-unknown-class] "2ndRd", text="Senate on 18 October 2017]"
[parser-diag] processed 63 <p> elements
[parser-diag] last section was added at element index: 56
[parser-diag] state phase at end: BODY
[parser-diag] hierarchy stack depth at end: 1
[parser-diag] insideSchedule at end: false
[parse] sections: 4
[parse] compilation: date=(none) no=(none)
[parse] by level:
         section      4
[db] inserted new legislation row: 4c8a7d49-4ca1-4324-a0ed-1a19ce8cf9b2
[db] inserting 4 sections (pass 1)
[db] inserted 4 sections
[db] linking parent FKs (pass 2)
[db] linked 0 parent references

[done] ingested First Home Super Saver Tax Act 2017
       legislation_id: 4c8a7d49-4ca1-4324-a0ed-1a19ce8cf9b2
       sections: 4
       compilation: 2017-12-13
