[fetch] document_1: https://www.legislation.gov.au/C2012A00009/2012-07-01/2012-07-01/text/original/epub/OEBPS/document_1/document_1.html
[fetch] document_1: 453,913 bytes
[fetch] document_2: https://www.legislation.gov.au/C2012A00009/2012-07-01/2012-07-01/text/original/epub/OEBPS/document_2/document_2.html
[fetch] document_2 not found — stopping. Fetched 1 document(s).
[fetch] combined 1 document(s), 453,913 source bytes → 451,969 combined bytes
[citation] Education Services for Overseas Students Legislation Amendment (Tuition Protection Service and Other Measures) Act 2012 (Cth)
[parse] starting
[parser-diag] total <p> elements found: 1957
[parser-unknown-class] "ActHead6", text="Schedule 1—Tuition protection service"
[parser-unknown-class] "ActHead7", text="Part 1—Main amendments"
[parser-unknown-class] "ActHead9", text="Education Services for Overseas Students Act 2000"
[parser-unknown-class] "ItemHead", text="1  Part 5"
[parser-unknown-class] "ActHead7", text="Part 2—Consequential amendments"
[parser-unknown-class] "ActHead9", text="Education Services for Overseas Students Act 2000"
[parser-unknown-class] "ItemHead", text="2  Paragraph 4A(a)"
[parser-unknown-class] "ItemHead", text="3  Paragraphs 4B(2)(c) and (e)"
[parser-unknown-class] "ItemHead", text="4  Section 5"
[parser-unknown-class] "ItemHead", text="5  Section 5 (definition of annual Fund contribution)"
[parser-unknown-class] "ItemHead", text="6  Section 5"
[parser-unknown-class] "ItemHead", text="7  Section 5"
[parser-unknown-class] "ItemHead", text="8  Section 5"
[parser-unknown-class] "ItemHead", text="9  Section 5 (definition of contributions criteria)"
[parser-unknown-class] "ItemHead", text="10  Section 5"
[parser-unknown-class] "ItemHead", text="11  Section 5"
[parser-unknown-class] "ItemHead", text="12  Section 5 (definition of Fund)"
[parser-unknown-class] "ItemHead", text="13  Section 5 (definition of Fund Manager)"
[parser-unknown-class] "ItemHead", text="14  Section 5"
[parser-unknown-class] "ItemHead", text="15  Section 5"
[parser-unknown-class] "ItemHead", text="16  Section 5"
[parser-unknown-class] "ItemHead", text="17  Section 5 (definition of Panel)"
[parser-unknown-class] "ItemHead", text="18  Section 5"
[parser-unknown-class] "ItemHead", text="19  Section 5 (definition of special levy)"
[parser-unknown-class] "ItemHead", text="20  Section 5"
[parser-unknown-class] "ItemHead", text="21  Section 5 (definition of tuition assurance scheme)"
[parser-unknown-class] "ItemHead", text="22  Section 13"
[parser-unknown-class] "ItemHead", text="23  Section 22"
[parser-unknown-class] "ItemHead", text="24  Sections 24 and 25"
[parser-unknown-class] "ItemHead", text="25  Section 26"
[parser-unknown-class] "ItemHead", text="26  Division 2 of Part 3"
[parser-unknown-class] "ItemHead", text="27  Paragraph 90(1)(a)"
[parser-unknown-class] "ItemHead", text="28  Paragraphs 106(1A)(e) and (f)"
[parser-unknown-class] "ItemHead", text="29  Paragraph 108(a)"
[parser-unknown-class] "ItemHead", text="30  After section 170A"
[parser-unknown-class] "ItemHead", text="31  At the end of section 170"
[parser-unknown-class] "ItemHead", text="32  Paragraph 172(1)(c)"
[parser-unknown-class] "ItemHead", text="33  Paragraph 173(1)(c)"
[parser-unknown-class] "ItemHead", text="34  Subsection 173(2)"
[parser-unknown-class] "ItemHead", text="35  Section 174"
[parser-unknown-class] "ItemHead", text="36  Subsection 175(1) (heading)"
[parser-unknown-class] "ItemHead", text="37  Paragraphs 175(1)(f) and (g)"
[parser-unknown-class] "ItemHead", text="38  Before paragraph 176(1)(b)"
[parser-unknown-class] "ActHead9", text="Tertiary Education Quality and Standards Agency Act 2011"
[parser-unknown-class] "ItemHead", text="39  Paragraph 189(1)(e)"
[parser-unknown-class] "ActHead7", text="Part 3—Contingent amendments"
[parser-unknown-class] "ActHead8", text="Division 1—Amendment that will not commence if the Registration Charges Acts commence first"
[parser-unknown-class] "ActHead9", text="Education Services for Overseas Students Act 2000"
[parser-unknown-class] "ItemHead", text="40  Section 90 (heading)"
[parser-unknown-class] "ActHead8", text="Division 2—Amendment commencing immediately after the later of the commencement of Part 1 of this..."
[parser-unknown-class] "ActHead9", text="Education Services for Overseas Students Act 2000"
[parser-unknown-class] "ItemHead", text="41  Section 90 (heading)"
[parser-unknown-class] "ActHead7", text="Part 4—Repeal of the Education Services for Overseas Students (Assurance Fund Contributions) Act ..."
[parser-unknown-class] "ActHead9", text="Education Services for Overseas Students (Assurance Fund Contributions) Act 2000"
[parser-unknown-class] "ItemHead", text="42  The whole of the Act"
[parser-unknown-class] "ActHead7", text="Part 5—Application, saving and transitional provisions"
[parser-unknown-class] "ActHead8", text="Division 1—Introduction"
[parser-unknown-class] "ItemHead", text="43  Definitions"
[parser-unknown-class] "ActHead8", text="Division 2—Defaults"
[parser-unknown-class] "ItemHead", text="44  Application—defaults after commencement"
[parser-unknown-class] "ItemHead", text="45  Transitional—defaults before commencement"
[parser-unknown-class] "Subitem", text="(1) This item sets out what happens if:"
[parser-unknown-class] "Subitem", text="(2) Despite the repeal of Division 2 of Part 3, and Division 5 of Part 5, of the ESOS Act by this..."
[parser-unknown-class] "Subitem", text="(3) For the purposes of section 52C of the ESOS Act (as inserted by this Schedule), making a paym..."
[parser-unknown-class] "ActHead8", text="Division 3—The old Fund and the OSTF"
[parser-unknown-class] "ItemHead", text="46  Vesting of assets of old Fund"
[parser-unknown-class] "Subitem", text="(1) This item applies to the assets of the old Fund immediately before this item commences."
[parser-unknown-class] "Subitem", text="(2) At that time, the assets cease to be assets of the old Fund and become assets of the Commonwe..."
[parser-unknown-class] "ItemHead", text="47  Transferring amount standing to the credit of the old Fund"
[parser-unknown-class] "ItemHead", text="48  Vesting of liabilities of old Fund"
[parser-unknown-class] "Subitem", text="(1) This item applies to the liabilities of the old Fund immediately before this item commences, ..."
[parser-unknown-class] "Subitem", text="(2) At that time, the liabilities cease to be liabilities of the old Fund and become liabilities ..."
[parser-unknown-class] "ItemHead", text="49  Transitional—financial accountability"
[parser-unknown-class] "ItemHead", text="50  Section 82 of the ESOS Act"
[parser-unknown-class] "ItemHead", text="51  Seed funding for the OSTF"
[parser-unknown-class] "Subitem", text="(1) Despite section 52B of the ESOS Act (as inserted by this Schedule), the amount (the seed fund..."
[parser-unknown-class] "SubitemHead", text="Returning amounts to the Commonwealth"
[parser-unknown-class] "Subitem", text="(2) The difference between:"
[parser-unknown-class] "ActHead8", text="Division 4—The Fund Manager and the Contributions Review Panel"
[parser-unknown-class] "ItemHead", text="52  Termination of appointment of Fund Manager"
[parser-unknown-class] "ItemHead", text="53  References in Acts and instruments—Fund Manager"
[parser-unknown-class] "Subitem", text="(1) If:"
[parser-unknown-class] "Subitem", text="(2) The Minister may, by writing, determine that subitem (1):"
[parser-unknown-class] "Subitem", text="(3) The regulations may provide that an instrument containing a reference specified in a determin..."
[parser-unknown-class] "Subitem", text="(4) A determination made under subitem (2) is not a legislative instrument."
[parser-unknown-class] "ItemHead", text="54  Operation of laws—Fund Manager"
[parser-unknown-class] "Subitem", text="(1) If, before this item commences, a thing was done by, or in relation to, the Fund Manager, the..."
[parser-unknown-class] "Subitem", text="(2) For the purposes of subitem (1), a thing done before this item commences under a provision th..."
[parser-unknown-class] "Subitem", text="(3) The Minister may, by writing, determine that subitem (1):"
[parser-unknown-class] "Subitem", text="(4) The regulations may provide for a thing specified in a determination under paragraph (3)(a) t..."
[parser-unknown-class] "Subitem", text="(5) A determination made under subitem (3) is not a legislative instrument."
[parser-unknown-class] "ItemHead", text="55  Transitional—transfer of Fund Manager’s records"
[parser-unknown-class] "Subitem", text="(1) This item applies to any records or documents that are in the possession of the Fund Manager ..."
[parser-unknown-class] "Subitem", text="(2) The records and documents are, by force of this item, transferred to the Commonwealth after t..."
[parser-unknown-class] "ItemHead", text="56  Termination of appointment of members of Contributions Review Panel"
[parser-unknown-class] "ItemHead", text="57  References in Acts and instruments—Contributions Review Panel"
[parser-unknown-class] "Subitem", text="(1) If:"
[parser-unknown-class] "Subitem", text="(2) The Minister may, by writing, determine that subitem (1):"
[parser-unknown-class] "Subitem", text="(3) The regulations may provide that an instrument containing a reference specified in a determin..."
[parser-unknown-class] "Subitem", text="(4) A determination made under subitem (2) is not a legislative instrument."
[parser-unknown-class] "ItemHead", text="58  Operation of laws—Contributions Review Panel"
[parser-unknown-class] "Subitem", text="(1) If, before this item commences, a thing was done by, or in relation to, the Contributions Rev..."
[parser-unknown-class] "Subitem", text="(2) For the purposes of subitem (1), a thing done before this item commences under a provision th..."
[parser-unknown-class] "Subitem", text="(3) The Minister may, by writing, determine that subitem (1):"
[parser-unknown-class] "Subitem", text="(4) The regulations may provide for a thing specified in a determination under paragraph (3)(a) t..."
[parser-unknown-class] "Subitem", text="(5) A determination made under subitem (3) is not a legislative instrument."
[parser-unknown-class] "ItemHead", text="59  Amending instruments may be retrospective"
[parser-unknown-class] "Subitem", text="(1) If:"
[parser-unknown-class] "Subitem", text="(2) This item has effect despite subsection 12(2) of the Legislative Instruments Act 2003."
[parser-unknown-class] "ItemHead", text="60  Transitional—reviews"
[parser-unknown-class] "Subitem", text="(1) This item applies if, before this item commences:"
[parser-unknown-class] "Subitem", text="(2) Despite the repeal of Subdivision B of Division 4 of Part 5 (rights of review) of the ESOS Ac..."
[parser-unknown-class] "ActHead8", text="Division 5—Payment of TPS levies"
[parser-unknown-class] "ItemHead", text="61  Application—payment of TPS levies"
[parser-unknown-class] "ActHead8", text="Division 6—Miscellaneous"
[parser-unknown-class] "ItemHead", text="62  Constitutional safety net"
[parser-unknown-class] "Subitem", text="(1) If the operation of this Schedule would result in an acquisition of property from a person ot..."
[parser-unknown-class] "Subitem", text="(2) If the Commonwealth and the person do not agree on the amount of the compensation, the person..."
[parser-unknown-class] "Subitem", text="(3) In this item:"
[parser-unknown-class] "ItemHead", text="63  Delegation by Minister"
[parser-unknown-class] "Subitem", text="(1) The Minister may, by writing, delegate all or any of his or her powers and functions under th..."
[parser-unknown-class] "Subitem", text="(2) The delegate must be:"
[parser-unknown-class] "Subitem", text="(3) In exercising powers or functions under a delegation, the delegate must comply with any direc..."
[parser-unknown-class] "ActHead6", text="Schedule 2—National registration"
[parser-unknown-class] "ActHead7", text="Part 1—Main amendments"
[parser-unknown-class] "ActHead9", text="Education Services for Overseas Students Act 2000"
[parser-unknown-class] "ItemHead", text="1  Section 9"
[parser-unknown-class] "ItemHead", text="2  Sections 10 and 11"
[parser-unknown-class] "ItemHead", text="3  Sections 14A and 14B"
[parser-unknown-class] "ActHead7", text="Part 2—Consequential amendments"
[parser-unknown-class] "ActHead9", text="Education Services for Overseas Students Act 2000"
[parser-unknown-class] "ItemHead", text="4  Before section 1"
[parser-unknown-class] "ItemHead", text="5  Paragraph 4B(1)(b)"
[parser-unknown-class] "ItemHead", text="6  Paragraph 4B(2)(d)"
[parser-unknown-class] "ItemHead", text="7  Section 5 (definition of approved provider)"
[parser-unknown-class] "ItemHead", text="8  Section 5 (definition of Commonwealth designated authority)"
[parser-unknown-class] "ItemHead", text="9  Section 5 (definition of condition)"
[parser-unknown-class] "ItemHead", text="10  Section 5 (definition of modification)"
[parser-unknown-class] "ItemHead", text="11  Section 5 (definition of Register)"
[parser-unknown-class] "ItemHead", text="12  Section 5 (definition of registered)"
[parser-unknown-class] "ItemHead", text="13  Section 5 (definition of registered provider)"
[parser-unknown-class] "ItemHead", text="14  After section 5"
[parser-unknown-class] "ItemHead", text="15  Subsection 7A(1)"
[parser-unknown-class] "ItemHead", text="16  Subsection 7A(1) (cell at table item 4, column headed “the designated authority is:”)"
[parser-unknown-class] "ItemHead", text="17  Paragraphs 7A(2)(a) and (b)"
[parser-unknown-class] "ItemHead", text="18  Subsection 7A(3)"
[parser-unknown-class] "ItemHead", text="19  At the end of Part 1"
[parser-unknown-class] "ItemHead", text="20  Before section 8"
[parser-unknown-class] "ItemHead", text="21  Paragraphs 8(1)(a) to (d)"
[parser-unknown-class] "ItemHead", text="22  Paragraph 8(1)(e)"
[parser-unknown-class] "ItemHead", text="23  Paragraph 8(1)(f)"
[parser-unknown-class] "ItemHead", text="24  Subparagraph 8(3)(b)(iii)"
[parser-unknown-class] "ItemHead", text="25  Subparagraph 8(3)(b)(iv)"
[parser-unknown-class] "ItemHead", text="26  Before subsection 9B(1)"
[parser-unknown-class] "ItemHead", text="27  Subsection 9B(1)"
[parser-unknown-class] "ItemHead", text="28  Subsection 9B(2)"
[parser-unknown-class] "ItemHead", text="29  Paragraph 9B(2)(b)"
[parser-unknown-class] "ItemHead", text="30  Section 14 (heading)"
[parser-unknown-class] "ItemHead", text="31  Subparagraph 14(1)(a)(iii)"
[parser-unknown-class] "ItemHead", text="32  At the end of paragraph 14(1)(a)"
[parser-unknown-class] "ItemHead", text="33  At the end of subsection 14(1)"
[parser-unknown-class] "ItemHead", text="34  Subsection 14(1A)"
[parser-unknown-class] "ItemHead", text="35  Before Division 1 of Part 3"
[parser-unknown-class] "ItemHead", text="36  Paragraph 17(1)(b)"
[parser-unknown-class] "ItemHead", text="37  Before section 33"
[parser-unknown-class] "ItemHead", text="38  Subsection 33(1)"
[parser-unknown-class] "ItemHead", text="39  Subsection 33(1) (note)"
[parser-unknown-class] "ItemHead", text="40  Section 34"
[parser-unknown-class] "ItemHead", text="41  Section 36"
[parser-unknown-class] "ItemHead", text="42  Paragraphs 38(a), (c) and (f)"
[parser-unknown-class] "ItemHead", text="43  Section 40 (note)"
[parser-unknown-class] "ItemHead", text="44  Section 43 (heading)"
[parser-unknown-class] "ItemHead", text="45  Paragraph 43(1)(a)"
[parser-unknown-class] "ItemHead", text="46  Before Division 1 of Part 6"
[parser-unknown-class] "ItemHead", text="47  Subsection 83(1B)"
[parser-unknown-class] "ItemHead", text="48  Subsection 83(1B) (note)"
[parser-unknown-class] "ItemHead", text="49  At the end of subsection 83(1B)"
[parser-unknown-class] "ItemHead", text="50  Subsection 83(1C) (note)"
[parser-unknown-class] "ItemHead", text="51  At the end of subsection 83(1C)"
[parser-unknown-class] "ItemHead", text="52  Subsection 83(1D)"
[parser-unknown-class] "ItemHead", text="53  Paragraphs 83(3)(a) to (c)"
[parser-unknown-class] "ItemHead", text="54  Subsection 83(4)"
[parser-unknown-class] "ItemHead", text="55  Section 88"
[parser-unknown-class] "ItemHead", text="56  Subsection 89(1)"
[parser-unknown-class] "ItemHead", text="57  Subsection 89(2)"
[parser-unknown-class] "ItemHead", text="58  Subsections 89A(1) to (2)"
[parser-unknown-class] "ItemHead", text="59  Subsection 90(1)"
[parser-unknown-class] "ItemHead", text="60  Section 91 (heading)"
[parser-unknown-class] "ItemHead", text="61  Section 91"
[parser-unknown-class] "ItemHead", text="62  Section 92"
[parser-unknown-class] "ItemHead", text="63  Before subsection 93(1)"
[parser-unknown-class] "ItemHead", text="64  Subsection 93(1)"
[parser-unknown-class] "ItemHead", text="65  Before subsection 93(1A)"
[parser-unknown-class] "ItemHead", text="66  Subsection 93(1A)"
[parser-unknown-class] "ItemHead", text="67  Before subsection 93(2)"
[parser-unknown-class] "ItemHead", text="68  Subsection 95(1)"
[parser-unknown-class] "ItemHead", text="69  Paragraphs 95(1)(a), (b) and (c)"
[parser-unknown-class] "ItemHead", text="70  Subsection 95(2)"
[parser-unknown-class] "ItemHead", text="71  Section 96"
[parser-unknown-class] "ItemHead", text="72  Paragraphs 101(1)(a) to (c)"
[parser-unknown-class] "ItemHead", text="73  Subsection 107(1)"
[parser-unknown-class] "ItemHead", text="74  Paragraphs 107(1)(a) to (c)"
[parser-unknown-class] "ItemHead", text="75  Subsection 107(1)"
[parser-unknown-class] "ItemHead", text="76  Paragraph 107(1)(d)"
[parser-unknown-class] "ItemHead", text="77  Paragraph 107(1)(e)"
[parser-unknown-class] "ItemHead", text="78  Before Division 1 of Part 7"
[parser-unknown-class] "ItemHead", text="79  Before section 170A"
[parser-unknown-class] "ItemHead", text="80  Paragraphs 176(1)(a) to (ab)"
[parser-unknown-class] "ItemHead", text="81  Paragraph 176(1)(b)"
[parser-unknown-class] "ActHead7", text="Part 3—Contingent amendments"
[parser-unknown-class] "ActHead8", text="Division 1—Amendment that will not commence if the Registration Charges Acts commence first"
[parser-unknown-class] "ActHead9", text="Education Services for Overseas Students Act 2000"
[parser-unknown-class] "ItemHead", text="82  Section 12 (note 1)"
[parser-unknown-class] "ActHead8", text="Division 2—Amendments commencing immediately after the later of the commencement of Part 2 of thi..."
[parser-unknown-class] "ActHead9", text="Education Services for Overseas Students Act 2000"
[parser-unknown-class] "ItemHead", text="83  Paragraph 9AB(1)(c)"
[parser-unknown-class] "ItemHead", text="84  Paragraph 9AB(1)(g)"
[parser-unknown-class] "ItemHead", text="85  Subsection 12(1) (note 1)"
[parser-unknown-class] "ItemHead", text="86  Paragraph 12(2)(a)"
[parser-unknown-class] "ActHead9", text="Education Services for Overseas Students Amendment (Registration Charges Consequentials) Act 2011"
[parser-unknown-class] "ItemHead", text="87  Subitem 17(4) of Schedule 1"
[parser-unknown-class] "ActHead9", text="Education Services for Overseas Students (Registration Charges) Amendment Act 2011"
[parser-unknown-class] "ItemHead", text="88  Subitem 14(2) of Schedule 1"
[parser-unknown-class] "ActHead8", text="Division 3—Repeal of provisions if this Act commences before item 7 of Schedule 1 to the Registra..."
[parser-unknown-class] "ActHead9", text="Education Services for Overseas Students Amendment (Registration Charges Consequentials) Act 2011"
[parser-unknown-class] "ItemHead", text="89  Item 7 of Schedule 1"
[parser-unknown-class] "ItemHead", text="90  Subitems 17(1) and (2) of Schedule 1"
[parser-unknown-class] "ItemHead", text="91  Subitem 17(4) of Schedule 1"
[parser-unknown-class] "ActHead8", text="Division 4—Repeal of provisions if this Act commences before other items in the Registration Char..."
[parser-unknown-class] "ActHead9", text="Education Services for Overseas Students Amendment (Registration Charges Consequentials) Act 2011"
[parser-unknown-class] "ItemHead", text="92  Items 5 and 6 of Schedule 1"
[parser-unknown-class] "ItemHead", text="93  Items 8 and 9 of Schedule 1"
[parser-unknown-class] "ActHead7", text="Part 4—Application, saving and transitional provisions"
[parser-unknown-class] "ActHead8", text="Division 1—Definition of ESOS Act"
[parser-unknown-class] "ItemHead", text="94  Definition of ESOS Act"
[parser-unknown-class] "ActHead8", text="Division 2—Application and transitional provisions for national registration"
[parser-unknown-class] "ItemHead", text="95  Application—recommendations of designated authorities"
[parser-unknown-class] "SubitemHead", text="Recommendations made after commencement"
[parser-unknown-class] "Subitem", text="(1) The amendments made by Parts 1 to 3 of this Schedule apply in relation to any recommendation,..."
[parser-unknown-class] "SubitemHead", text="Recommendations made before commencement"
[parser-unknown-class] "Subitem", text="(2) The amendments made by Parts 1 to 3 of this Schedule also apply in relation to any recommenda..."
[parser-unknown-class] "Subitem", text="(3) If, after this item commences, the Secretary decides:"
[parser-unknown-class] "SubitemHead", text="Choosing a registration to add to"
[parser-unknown-class] "Subitem", text="(4) If:"
[parser-unknown-class] "Subitem", text="(5) The Secretary must use a risk management approach when considering which registration to add ..."
[parser-unknown-class] "SubitemHead", text="Review of decisions"
[parser-unknown-class] "Subitem", text="(6) The ESOS Act applies as if section 176 of that Act included a reference to:"
[parser-unknown-class] "ItemHead", text="96  Transitional—requesting amalgamation of registrations"
[parser-unknown-class] "Subitem", text="(1) This item applies if, at the time this item commences, a provider has more than one registrat..."
[parser-unknown-class] "SubitemHead", text="Request to amalgamate registrations"
[parser-unknown-class] "Subitem", text="(2) The provider may, in the approved form, request the Secretary to amalgamate all of the provid..."
[parser-unknown-class] "Subitem", text="(3) The Secretary may approve a form for the purposes of subitem (2)."
[parser-unknown-class] "SubitemHead", text="Secretary may amalgamate registrations or refuse request"
[parser-unknown-class] "Subitem", text="(4) If a provider makes a request under subitem (2), the Secretary may:"
[parser-unknown-class] "Subitem", text="(5) The Secretary may choose which of the provider’s registrations is to become the provider’s si..."
[parser-unknown-class] "Subitem", text="(6) The Secretary must use a risk management approach when considering which registration to choo..."
[parser-unknown-class] "Subitem", text="(7) The Secretary may remove a provider’s registration from the Register if the Secretary amalgam..."
[parser-unknown-class] "SubitemHead", text="Review of decisions"
[parser-unknown-class] "Subitem", text="(8) The ESOS Act applies as if section 176 of that Act included a reference to:"
[parser-unknown-class] "ActHead8", text="Division 3—Other application, saving and transitional provisions"
[parser-unknown-class] "ItemHead", text="97  Transitional—old registrations"
[parser-unknown-class] "ItemHead", text="98  Saving—cancellation or suspension of registration of courses for States"
[parser-unknown-class] "ItemHead", text="99  Transitional—locations already in Register"
[parser-unknown-class] "Subitem", text="(1) This item applies if:"
[parser-unknown-class] "Subitem", text="(2) For the purposes of the ESOS Act as amended by this Schedule, the provider is taken, after th..."
[parser-unknown-class] "Subitem", text="(3) For the purposes of the ESOS Act as amended by this Schedule, if:"
[parser-unknown-class] "Subitem", text="(4) For the purposes of the ESOS Act as amended by this Schedule, if:"
[parser-unknown-class] "ItemHead", text="100  Transitional—approved form and certificates"
[parser-unknown-class] "SubitemHead", text="Approved form"
[parser-unknown-class] "Subitem", text="(1) A form that has been approved for a State for the purposes of paragraph 9(2)(c) of the ESOS A..."
[parser-unknown-class] "SubitemHead", text="Certificates"
[parser-unknown-class] "Subitem", text="(2) If:"
[parser-unknown-class] "Subitem", text="(3) If a designated authority referred to in subitem (2) tells the Secretary in writing, for the ..."
[parser-unknown-class] "ItemHead", text="101  Application—period of registration"
[parser-unknown-class] "ItemHead", text="102  Application—powers in relation to conditions"
[parser-unknown-class] "ItemHead", text="103  Saving—the Register"
[parser-unknown-class] "ItemHead", text="104  Saving—allocated numbers"
[parser-unknown-class] "ItemHead", text="105  Transitional—regulations"
[parser-unknown-class] "ItemHead", text="106  Transitional—conditions"
[parser-unknown-class] "Subitem", text="(1) A condition that is in force under section 14A of the ESOS Act immediately before this item c..."
[parser-unknown-class] "Subitem", text="(2) A condition that is in force under section 14B of the ESOS Act immediately before this item c..."
[parser-unknown-class] "ItemHead", text="107  Application—amendments to section 89"
[parser-unknown-class] "ItemHead", text="108  Application—amendments to section 89A"
[parser-unknown-class] "Subitem", text="(1) The amendments to section 89A of the ESOS Act made by this Schedule apply in relation to any ..."
[parser-unknown-class] "Subitem", text="(2) The repeal of subsections 89A(1) to (1B) of the ESOS Act by this Schedule does not affect the..."
[parser-unknown-class] "Subitem", text="(3) The repeal of subsection 89A(2) of the ESOS Act by this Schedule does not affect the continui..."
[parser-unknown-class] "ActHead6", text="Schedule 3—Pre‑paid fees"
[parser-unknown-class] "ActHead7", text="Part 1—Amendments"
[parser-unknown-class] "ActHead8", text="Division 1—Main amendments"
[parser-unknown-class] "ActHead9", text="Education Services for Overseas Students Act 2000"
[parser-unknown-class] "ItemHead", text="1  After paragraph 4B(2)(b)"
[parser-unknown-class] "ItemHead", text="2  Section 5"
[parser-unknown-class] "ItemHead", text="3  Section 5"
[parser-unknown-class] "ItemHead", text="4  After section 21A"
[parser-unknown-class] "ItemHead", text="5  After Division 1 of Part 3"
[parser-unknown-class] "ActHead8", text="Division 2—Consequential amendment"
[parser-unknown-class] "ActHead9", text="Education Services for Overseas Students Act 2000"
[parser-unknown-class] "ItemHead", text="6  Section 15A (after the paragraph relating to Division 1)"
[parser-unknown-class] "ActHead7", text="Part 2—Application provision"
[parser-unknown-class] "ItemHead", text="7  Application"
[parser-unknown-class] "ActHead6", text="Schedule 4—Tuition fees"
[parser-unknown-class] "ActHead7", text="Part 1—Amendments"
[parser-unknown-class] "ActHead9", text="Education Services for Overseas Students Act 2000"
[parser-unknown-class] "ItemHead", text="1  Section 5 (definition of course money)"
[parser-unknown-class] "ItemHead", text="2  Section 5 (subparagraph (b)(ii) of the definition of monitoring purpose)"
[parser-unknown-class] "ItemHead", text="3  Section 5"
[parser-unknown-class] "ItemHead", text="4  Section 7"
[parser-unknown-class] "ItemHead", text="5  Subsection 18(1)"
[parser-unknown-class] "ItemHead", text="6  Subsection 18(1A)"
[parser-unknown-class] "ItemHead", text="7  Subsection 18(2) (not including the note)"
[parser-unknown-class] "ItemHead", text="8  Subsection 21(1)"
[parser-unknown-class] "ItemHead", text="9  Paragraph 38(g)"
[parser-unknown-class] "ItemHead", text="10  Paragraph 83(1A)(b)"
[parser-unknown-class] "ActHead7", text="Part 2—Application provision"
[parser-unknown-class] "ItemHead", text="11  Application"
[parser-unknown-class] "ActHead6", text="Schedule 5—Former accepted students"
[parser-unknown-class] "ActHead7", text="Part 1—Amendments"
[parser-unknown-class] "ActHead9", text="Education Services for Overseas Students Act 2000"
[parser-unknown-class] "ItemHead", text="1  After subsection 19(2)"
[parser-unknown-class] "ItemHead", text="2  After subsection 20(1)"
[parser-unknown-class] "ItemHead", text="3  Paragraph 97(2)(b)"
[parser-unknown-class] "ItemHead", text="4  Subsection 109(1)"
[parser-unknown-class] "ItemHead", text="5  Subsection 175(2)"
[parser-unknown-class] "ActHead9", text="Ombudsman Act 1976"
[parser-unknown-class] "ItemHead", text="6  Subsection 19ZJ(3)"
[parser-unknown-class] "ItemHead", text="7  Subsection 19ZK(5) (definition of statutory complaint handler)"
[parser-unknown-class] "ActHead7", text="Part 2—Application provision"
[parser-unknown-class] "ItemHead", text="8  Application"
[parser-unknown-class] "Subitem", text="(1) The amendments to the Education Services for Overseas Students Act 2000 that are made by this..."
[parser-unknown-class] "Subitem", text="(2) The amendments to the Ombudsman Act 1976 that are made by this Schedule apply in relation to ..."
[parser-unknown-class] "ActHead6", text="Schedule 6—Record keeping requirements"
[parser-unknown-class] "ActHead7", text="Part 1—Amendments"
[parser-unknown-class] "ActHead9", text="Education Services for Overseas Students Act 2000"
[parser-unknown-class] "ItemHead", text="1  Section 5"
[parser-unknown-class] "ItemHead", text="2  Before subsection 21(1)"
[parser-unknown-class] "ItemHead", text="3  Subsections 21(2) and (3)"
[parser-unknown-class] "ItemHead", text="4  Before subsection 21(5)"
[parser-unknown-class] "ItemHead", text="5  At the end of section 21"
[parser-unknown-class] "ActHead7", text="Part 2—Application and transitional provision"
[parser-unknown-class] "ItemHead", text="6  Application"
[parser-unknown-class] "Subitem", text="(1) The amendments made by this Schedule (including the amendments made in relation to student de..."
[parser-unknown-class] "Subitem", text="(2) The amendments made by this Schedule (including the amendments made in relation to student de..."
[parser-unknown-class] "ItemHead", text="7  Transitional—regulations"
[parser-unknown-class] "ActHead6", text="Schedule 7—Definition of designated authority"
[parser-unknown-class] "ActHead7", text="Part 1—Amendment that will not commence if the TEQSA Consequential Act commences first"
[parser-unknown-class] "ActHead9", text="Education Services for Overseas Students Act 2000"
[parser-unknown-class] "ItemHead", text="1  Section 5 (after paragraph (a) of the definition of designated authority)"
[parser-unknown-class] "ActHead7", text="Part 2—Amendment commencing immediately after the later of Royal Assent and the commencement of t..."
[parser-unknown-class] "ActHead9", text="Education Services for Overseas Students Act 2000"
[parser-unknown-class] "ItemHead", text="2  Subsection 7A(1) (after table item 2)"
[parser-unknown-class] "ActHead7", text="Part 3—Amendment commencing immediately after the commencement of Division 2 of this Part"
[parser-unknown-class] "ActHead9", text="Education Services for Overseas Students Act 2000"
[parser-unknown-class] "ItemHead", text="3  Subsection 7A(1) (paragraph (b) of cell at table item 2A, column headed “For a provider, to th..."
[parser-unknown-class] "ActHead6", text="Schedule 8—Miscellaneous"
[parser-unknown-class] "ActHead7", text="Part 1—Main amendments"
[parser-unknown-class] "ActHead9", text="Education Services for Overseas Students Act 2000"
[parser-unknown-class] "ItemHead", text="1  Section 9A"
[parser-unknown-class] "ItemHead", text="2  Section 40 (note)"
[parser-unknown-class] "ItemHead", text="3  Sections 92A and 92B"
[parser-unknown-class] "ItemHead", text="4  Section 110"
[parser-unknown-class] "ItemHead", text="5  At the end of Part 6"
[parser-unknown-class] "ItemHead", text="6  At the end of subsection 113(4)"
[parser-unknown-class] "ItemHead", text="7  At the end of subsection 116(3)"
[parser-unknown-class] "ItemHead", text="8  After subsection 170(2)"
[parser-unknown-class] "ItemHead", text="9  Section 176A"
[parser-unknown-class] "ActHead7", text="Part 2—Consequential amendment"
[parser-unknown-class] "ActHead9", text="Education Services for Overseas Students Act 2000"
[parser-unknown-class] "ItemHead", text="10  At the end of section 83A"
[parser-diag] processed 1957 <p> elements
[parser-diag] last section was added at element index: 1808
[parser-diag] state phase at end: ENDNOTES
[parse] sections: 133
[parse] compilation: date=(none) no=(none)
[parser-diag] hierarchy stack depth at end: 3
[parser-diag] insideSchedule at end: false
[parse] by level:
         section      101
         part         2
         division     21
         subdivision  9
[db] inserted new legislation row: 2eda6264-7d6a-472f-a3b7-9569487d872e
[db] inserting 133 sections (pass 1)
[db] inserted 133 sections
[db] linking parent FKs (pass 2)
[db] linked 127 parent references

[done] ingested Education Services for Overseas Students Legislation Amendment (Tuition Protection Service and Other Measures) Act 2012
       legislation_id: 2eda6264-7d6a-472f-a3b7-9569487d872e
       sections: 133
       compilation: 2012-07-01
