[fetch] document_1: https://www.legislation.gov.au/C2015A00083/2015-06-26/2015-06-26/text/original/epub/OEBPS/document_1/document_1.html
[fetch] document_1: 22,371 bytes
[fetch] document_2: https://www.legislation.gov.au/C2015A00083/2015-06-26/2015-06-26/text/original/epub/OEBPS/document_2/document_2.html
[fetch] document_2 not found — stopping. Fetched 1 document(s).
[fetch] combined 1 document(s), 22,371 source bytes → 21,306 combined bytes
[citation] Private Health Insurance Supervisory Levy Imposition Act 2015 (Cth)
[parse] starting
[parser-diag] total <p> elements found: 106
[parser-unknown-class] "2ndRd", text=""
[parser-unknown-class] "2ndRd", text="[Minister’s second reading speech made in—"
[parser-unknown-class] "2ndRd", text="House of Representatives on 27 May 2015"
[parser-unknown-class] "2ndRd", text="Senate on 16 June 2015]"
[parser-diag] processed 106 <p> elements
[parser-diag] last section was added at element index: 76
[parser-diag] state phase at end: BODY
[parser-diag] hierarchy stack depth at end: 1
[parser-diag] insideSchedule at end: false
[parse] sections: 8
[parse] compilation: date=(none) no=(none)
[parse] by level:
         section      8
[db] inserted new legislation row: d4edefb1-ece5-431e-b6ac-c88abf983704
[db] inserting 8 sections (pass 1)
[db] inserted 8 sections
[db] linking parent FKs (pass 2)
[db] linked 0 parent references

[done] ingested Private Health Insurance Supervisory Levy Imposition Act 2015
       legislation_id: d4edefb1-ece5-431e-b6ac-c88abf983704
       sections: 8
       compilation: 2015-06-26
