[fetch] document_1: https://www.legislation.gov.au/C2011A00013/2024-03-29/2024-03-29/text/original/epub/OEBPS/document_1/document_1.html
[fetch] document_1: 230,385 bytes
[fetch] document_2: https://www.legislation.gov.au/C2011A00013/2024-03-29/2024-03-29/text/original/epub/OEBPS/document_2/document_2.html
[fetch] document_2 not found — stopping. Fetched 1 document(s).
[fetch] combined 1 document(s), 230,385 source bytes → 228,190 combined bytes
[citation] National Vocational Education and Training Regulator (Transitional Provisions) Act 2011 (Cth)
[parse] starting
[parser-diag] total <p> elements found: 882
[parser-unknown-class] "ActHead6", text="Schedule 1—Transitional provisions relating to the National Vocational Education and Training Reg..."
[parser-unknown-class] "ActHead7", text="Part 1—Preliminary"
[parser-unknown-class] "ItemHead", text="1  Interpretation"
[parser-unknown-class] "Subitem", text="(1) In this Schedule:"
[parser-unknown-class] "Subitem", text="(2) An expression used in this Schedule that is also used in the new law has the same meaning in ..."
[parser-unknown-class] "Subitem", text="(3) Unless the context otherwise requires, a reference in this Schedule to a State VET Regulator ..."
[parser-unknown-class] "Subitem", text="(4) In relation to a State VET Regulator of a non‑referring State, a reference in this Schedule to:"
[parser-unknown-class] "Subitem", text="(5) In addition to its effect apart from this subitem, subitem (4) also has the effect it would h..."
[parser-unknown-class] "ActHead7", text="Part 2—Continuation of existing registrations etc."
[parser-unknown-class] "ActHead8", text="Division 1—Continuation of existing registrations etc."
[parser-unknown-class] "ItemHead", text="2  Registration of registered training organisations—referring States"
[parser-unknown-class] "Subitem", text="(1) This item applies to a registered training organisation that is, immediately before the relev..."
[parser-unknown-class] "Subitem", text="(2) Before the end of 90 days beginning on the relevant commencement day, the registered training..."
[parser-unknown-class] "Subitem", text="(3) However, subitem (2) does not apply if the registered training organisation and the National ..."
[parser-unknown-class] "Subitem", text="(4) If a registered training organisation gives the National VET Regulator written confirmation, ..."
[parser-unknown-class] "Subitem", text="(5) The registered training organisation is taken to be an NVR registered training organisation f..."
[parser-unknown-class] "ItemHead", text="3  Registration of registered training organisations—non‑referring States"
[parser-unknown-class] "Subitem", text="(1) This item applies to a registered training organisation that is, immediately before commencem..."
[parser-unknown-class] "Subitem", text="(2) Before the end of 90 days beginning on commencement, the registered training organisation must:"
[parser-unknown-class] "Subitem", text="(3) However, subitem (2) does not apply if the registered training organisation and the National ..."
[parser-unknown-class] "Subitem", text="(4) If a registered training organisation gives the National VET Regulator written confirmation, ..."
[parser-unknown-class] "Subitem", text="(5) The registered training organisation is taken to be an NVR registered training organisation f..."
[parser-unknown-class] "ItemHead", text="4  Registration of registered training organisations—Territories"
[parser-unknown-class] "ItemHead", text="5  Conditions of registration etc."
[parser-unknown-class] "Subitem", text="(1) To avoid doubt, if a registered training organisation is taken to be an NVR registered traini..."
[parser-unknown-class] "Subitem", text="(2) An inference that a registered training organisation complies with the VET Quality Framework ..."
[parser-unknown-class] "ItemHead", text="6  Suspension of registered training organisations"
[parser-unknown-class] "ActHead8", text="Division 2—Applications for registration or renewal of registration"
[parser-unknown-class] "ItemHead", text="7  Pending applications for registration—referring States and Territories"
[parser-unknown-class] "Subitem", text="(1) If:"
[parser-unknown-class] "Subitem", text="(2) To avoid doubt, if the National VET Regulator decides to grant the application, the Regulator..."
[parser-unknown-class] "ItemHead", text="8  Pending applications for registration—non‑referring States"
[parser-unknown-class] "Subitem", text="(1) If:"
[parser-unknown-class] "Subitem", text="(2) To avoid doubt, if the National VET Regulator decides to grant the application, the Regulator..."
[parser-unknown-class] "ItemHead", text="9  Pending applications for renewal of registration—referring States and Territories"
[parser-unknown-class] "Subitem", text="(1) If:"
[parser-unknown-class] "Subitem", text="(2) To avoid doubt, if the National VET Regulator decides to grant the application, the Regulator..."
[parser-unknown-class] "Subitem", text="(3) The registered training organisation is taken to be an NVR registered training organisation f..."
[parser-unknown-class] "Subitem", text="(4) An inference that a registered training organisation complies with the VET Quality Framework ..."
[parser-unknown-class] "ItemHead", text="10  Pending applications for renewal of registration—non‑referring States"
[parser-unknown-class] "Subitem", text="(1) If:"
[parser-unknown-class] "Subitem", text="(2) To avoid doubt, if the National VET Regulator decides to grant the application, the Regulator..."
[parser-unknown-class] "Subitem", text="(3) The registered training organisation is taken to be an NVR registered training organisation f..."
[parser-unknown-class] "Subitem", text="(4) An inference that a registered training organisation complies with the VET Quality Framework ..."
[parser-unknown-class] "ItemHead", text="11  Extension of time for considering applications"
[parser-unknown-class] "Subitem", text="(1) If the National VET Regulator is satisfied that, for reasons beyond its control, a decision c..."
[parser-unknown-class] "Subitem", text="(2) If the National VET Regulator determines a longer period, it must do so not later than 6 week..."
[parser-unknown-class] "Subitem", text="(3) If the National VET Regulator determines a longer period under subitem (1), the Regulator mus..."
[parser-unknown-class] "Subitem", text="(4) If:"
[parser-unknown-class] "Subitem", text="(5) If the National VET Regulator is taken to have granted an application, as mentioned in subite..."
[parser-unknown-class] "Subitem", text="(6) An inference that an organisation complies with the VET Quality Framework is not to be made o..."
[parser-unknown-class] "ActHead8", text="Division 3—Applications for change of scope of registration"
[parser-unknown-class] "ItemHead", text="12  Pending applications for change of scope of registration—referring States and Territories"
[parser-unknown-class] "Subitem", text="(1) This item applies to a registered training organisation that is, immediately before the relev..."
[parser-unknown-class] "Subitem", text="(2) If:"
[parser-unknown-class] "Subitem", text="(3) To avoid doubt, if the National VET Regulator decides to grant the application, the Regulator..."
[parser-unknown-class] "ItemHead", text="13  Pending applications for change of scope of registration—non‑referring States"
[parser-unknown-class] "Subitem", text="(1) This item applies to a registered training organisation that is, immediately before commencem..."
[parser-unknown-class] "Subitem", text="(2) If:"
[parser-unknown-class] "Subitem", text="(3) To avoid doubt, if the National VET Regulator decides to grant the application, the Regulator..."
[parser-unknown-class] "ActHead8", text="Division 4—Applications for withdrawal of registration"
[parser-unknown-class] "ItemHead", text="14  Pending applications for withdrawal of registration—referring States and Territories"
[parser-unknown-class] "Subitem", text="(1) This item applies to a registered training organisation that is, immediately before the relev..."
[parser-unknown-class] "Subitem", text="(2) If:"
[parser-unknown-class] "Subitem", text="(3) If:"
[parser-unknown-class] "ItemHead", text="15  Pending applications for withdrawal of registration—non‑referring States"
[parser-unknown-class] "Subitem", text="(1) This item applies to a registered training organisation that is, immediately before commencem..."
[parser-unknown-class] "Subitem", text="(2) If:"
[parser-unknown-class] "Subitem", text="(3) If:"
[parser-unknown-class] "ActHead7", text="Part 3—Continuation of existing course accreditations etc."
[parser-unknown-class] "ActHead8", text="Division 1—Continuation of existing accreditations etc."
[parser-unknown-class] "ItemHead", text="16  Accreditation of VET accredited courses continue in force"
[parser-unknown-class] "Subitem", text="(1) If, immediately before the relevant commencement day, a course was accredited by:"
[parser-unknown-class] "Subitem", text="(2) To avoid doubt, if a course is taken to be a VET accredited course under subitem (1), the Nat..."
[parser-unknown-class] "Subitem", text="(3) An inference that a course meets the Standards for VET Accredited Courses or the Australian Q..."
[parser-unknown-class] "ItemHead", text="17  Suspension of a course’s accreditation"
[parser-unknown-class] "ActHead8", text="Division 2—Applications for accreditation, or renewal of accreditation, of a course"
[parser-unknown-class] "ItemHead", text="18  Pending applications for accreditation—referring States and Territories"
[parser-unknown-class] "Subitem", text="(1) If:"
[parser-unknown-class] "Subitem", text="(2) To avoid doubt, if the National VET Regulator decides to grant the application, the Regulator..."
[parser-unknown-class] "ItemHead", text="19  Pending applications for renewal of accreditation—referring States and Territories"
[parser-unknown-class] "Subitem", text="(1) If:"
[parser-unknown-class] "Subitem", text="(2) To avoid doubt, if the National VET Regulator decides to grant the application, the Regulator..."
[parser-unknown-class] "Subitem", text="(3) The course is taken to be a VET accredited course for the period:"
[parser-unknown-class] "Subitem", text="(4) To avoid doubt, an inference that a course meets the Standards for VET accredited courses or ..."
[parser-unknown-class] "ItemHead", text="20  Extension of time for considering applications"
[parser-unknown-class] "Subitem", text="(1) If the National VET Regulator is satisfied that, for reasons beyond its control, a decision c..."
[parser-unknown-class] "Subitem", text="(2) If the National VET Regulator determines a longer period, it must do so not later than 6 week..."
[parser-unknown-class] "Subitem", text="(3) If the National VET Regulator determines a longer period under subitem (1), the Regulator mus..."
[parser-unknown-class] "Subitem", text="(4) If:"
[parser-unknown-class] "Subitem", text="(5) If the National VET Regulator is taken to have granted an application, as mentioned in subite..."
[parser-unknown-class] "Subitem", text="(6) To avoid doubt, an inference that a course meets the Standards for VET accredited courses or ..."
[parser-unknown-class] "ActHead7", text="Part 4—References to, and things done by, or in relation to, a VET Regulator"
[parser-unknown-class] "ItemHead", text="21  Things done by, or in relation to, a VET Regulator"
[parser-unknown-class] "Subitem", text="(1) If a thing was done by, or in relation to, the State VET Regulator of a referring State under..."
[parser-unknown-class] "Subitem", text="(2) If a thing was done by, or in relation to, the VET Regulator of a Territory under a law of th..."
[parser-unknown-class] "Subitem", text="(3) If a thing was done by, or in relation to, a State VET Regulator of a non‑referring State in ..."
[parser-unknown-class] "Subitem", text="(4) Subitems (1), (2) and (3) apply only to things done by, or in relation to, a State VET Regula..."
[parser-unknown-class] "Subitem", text="(5) The Minister may, by writing, determine that subitem (1), (2) or (3) does not apply in relati..."
[parser-unknown-class] "Subitem", text="(6) To avoid doubt, doing a thing includes making an instrument."
[parser-unknown-class] "Subitem", text="(7) A determination under subitem (5) is not a legislative instrument."
[parser-unknown-class] "ItemHead", text="22  Show cause notices—referring States and Territories"
[parser-unknown-class] "Subitem", text="(1) This item applies to a registered training organisation that is, immediately before the relev..."
[parser-unknown-class] "Subitem", text="(2) If, before the relevant commencement day, a State VET Regulator had given a registered traini..."
[parser-unknown-class] "Subitem", text="(3) If a decision is not made within 60 days after the relevant commencement day, the National VE..."
[parser-unknown-class] "Subitem", text="(4) If, in relation to a show cause notice:"
[parser-unknown-class] "ItemHead", text="23  Show cause notices—non‑referring States"
[parser-unknown-class] "Subitem", text="(1) This item applies to a registered training organisation that is, immediately before commencem..."
[parser-unknown-class] "Subitem", text="(2) If, before commencement, a State VET Regulator had given a registered training organisation a..."
[parser-unknown-class] "Subitem", text="(3) If a decision is not made within 60 days after commencement, the National VET Regulator is ta..."
[parser-unknown-class] "Subitem", text="(4) If, in relation to a show cause notice:"
[parser-unknown-class] "ActHead7", text="Part 5—Review of decisions"
[parser-unknown-class] "ItemHead", text="24  Rights of review of certain decisions"
[parser-unknown-class] "ActHead7", text="Part 6—Treatment of staff employed by VET Regulators etc."
[parser-unknown-class] "ItemHead", text="25  Engagement of staff"
[parser-unknown-class] "Subitem", text="(1) Without limiting item 30, regulations under that item may provide for:"
[parser-unknown-class] "Subitem", text="(2) Regulations made for the purposes of this item have effect despite the Public Service Act 1999."
[parser-unknown-class] "Subitem", text="(3) In this item:"
[parser-unknown-class] "ActHead7", text="Part 7—Legal proceedings"
[parser-unknown-class] "ItemHead", text="26  Substitution of National VET Regulator as a party to pending proceedings"
[parser-unknown-class] "Subitem", text="(1) If, immediately before the relevant commencement day:"
[parser-unknown-class] "Subitem", text="(2) If, immediately before the relevant commencement day:"
[parser-unknown-class] "Subitem", text="(3) Subitems (1) and (2) apply only to proceedings that relate to a decision by a State VET Regul..."
[parser-unknown-class] "ActHead7", text="Part 8—Miscellaneous"
[parser-unknown-class] "ItemHead", text="27  Transfer of custody of records"
[parser-unknown-class] "Subitem", text="(1) If any records, of a kind specified in a determination made by the National VET Regulator, re..."
[parser-unknown-class] "Subitem", text="(2) Subitem (1) does not apply in respect of records that have already been transferred to the Na..."
[parser-unknown-class] "Subitem", text="(3) Subitem (4) applies in relation to an organisation in a non‑referring State if:"
[parser-unknown-class] "Subitem", text="(4) Copies of records, of a kind specified in a determination made by the National VET Regulator,..."
[parser-unknown-class] "Subitem", text="(5) Subitem (4) does not apply in respect of records that have already been transferred to the Na..."
[parser-unknown-class] "ItemHead", text="28  Determination about records"
[parser-unknown-class] "Subitem", text="(1) The National VET Regulator may, for the purposes of this Schedule, determine the kind of reco..."
[parser-unknown-class] "Subitem", text="(2) A determination made under subitem (1) is not a legislative instrument."
[parser-unknown-class] "ItemHead", text="29  Powers of National VET Regulator"
[parser-unknown-class] "ItemHead", text="30  Transitional regulations"
[parser-unknown-class] "Subitem", text="(1) The Governor‑General may make regulations prescribing matters:"
[parser-unknown-class] "Subitem", text="(2) The regulations may prescribe matters of a transitional nature (including matters of an appli..."
[parser-unknown-class] "Subitem", text="(3) The regulations may provide that certain items of this Schedule are taken to be modified as s..."
[parser-unknown-class] "Subitem", text="(4) Despite subsection 12(2) of the Legislative Instruments Act 2003, regulations made under this..."
[parser-unknown-class] "Subitem", text="(5) Subitems (2) and (3) do not limit subitem (1)."
[parser-unknown-class] "ActHead6", text="Schedule 2—Transitional provisions relating to the National Vocational Education and Training Reg..."
[parser-unknown-class] "ItemHead", text="1  Definitions"
[parser-unknown-class] "ItemHead", text="2  Interpretation"
[parser-unknown-class] "ItemHead", text="3  Application of amendment made by item 3—certain pre‑existing publications"
[parser-unknown-class] "ItemHead", text="4  Application of amendment made by item 6"
[parser-unknown-class] "ItemHead", text="5  Application of amendments made by items 13 and 14"
[parser-unknown-class] "Subitem", text="(1) This item applies if, before the commencement of this item, the National VET Regulator had gi..."
[parser-unknown-class] "Subitem", text="(2) Despite the amendments made by items 13 and 14 of Schedule 1 to the Amending Act, sections 36..."
[parser-unknown-class] "ItemHead", text="6  Application of amendment made by item 21"
[parser-unknown-class] "ActHead6", text="Schedule 3—Transitional provision relating to the National Vocational Education and Training Regu..."
[parser-unknown-class] "ItemHead", text="1  Cancellation of registration—saving"
[parser-unknown-class] "Subitem", text="(1) This item applies to the amendment of subsection 39(1) of the National Vocational Education a..."
[parser-unknown-class] "Subitem", text="(2) Despite the amendment of subsection 39(1) of the NVETR Act by Schedule 1 to the Amending Act:"
[parser-unknown-class] "Subitem", text="(3) An annual registration fee is a fee in relation to a financial year, payable by a person for ..."
[parser-unknown-class] "Subitem", text="(4) An ASQA determination is a determination made before the commencement of this section under s..."
[parser-unknown-class] "ActHead6", text="Schedule 4—Transitional provisions relating to the National Vocational Education and Training Reg..."
[parser-unknown-class] "ItemHead", text="1  Definitions"
[parser-unknown-class] "ItemHead", text="2  Interpretation"
[parser-unknown-class] "ItemHead", text="3  Application—audits of applications for registration"
[parser-unknown-class] "ItemHead", text="4  Application—notifying the National VET Regulator of material changes"
[parser-unknown-class] "ItemHead", text="5  Application—provision of information"
[parser-unknown-class] "ItemHead", text="6  Application—renewal of registration"
[parser-unknown-class] "ItemHead", text="7  Application—compliance audits"
[parser-unknown-class] "ItemHead", text="8  Application—suspension of registration"
[parser-unknown-class] "ItemHead", text="9  Application—cancellation of registration"
[parser-unknown-class] "ItemHead", text="10  Application—renewal of accreditation"
[parser-unknown-class] "ItemHead", text="11  Application—provision of VET course on behalf of NVR registered training organisation"
[parser-unknown-class] "ItemHead", text="12  Application—applications for reconsideration of decisions"
[parser-unknown-class] "ItemHead", text="13  Application—review by the Administrative Appeals Tribunal"
[parser-unknown-class] "ItemHead", text="14  Application—VET student records required to be provided to the National VET Regulator"
[parser-unknown-class] "ItemHead", text="15  Application—VET student records requested to be provided to the National VET Regulator"
[parser-unknown-class] "ItemHead", text="16  Application—inclusion of information on the National Register"
[parser-unknown-class] "SubitemHead", text="Amendments commencing at early commencement time"
[parser-unknown-class] "Subitem", text="(1) The amendment of paragraph 216(1)(b) of the Principal Act made by Schedule 2 to the Amending ..."
[parser-unknown-class] "Subitem", text="(2) Paragraph 216(1)(ca) of the Principal Act (as inserted by Schedule 2 to the Amending Act) app..."
[parser-unknown-class] "Subitem", text="(3) Subsection 216(1A) of the Principal Act (as inserted by Schedule 2 to the Amending Act) appli..."
[parser-unknown-class] "SubitemHead", text="Amendments commencing at main commencement time"
[parser-unknown-class] "Subitem", text="(4) The amendments of paragraph 216(1)(a) of the Principal Act made by Schedule 1 to the Amending..."
[parser-unknown-class] "Subitem", text="(5) Paragraph 216(1)(aa) of the Principal Act (as inserted by Schedule 1 to the Amending Act) app..."
[parser-unknown-class] "Subitem", text="(6) Paragraph 216(1)(ab) of the Principal Act (as inserted by Schedule 1 to the Amending Act) app..."
[parser-unknown-class] "Subitem", text="(7) Paragraph 216(1)(da) of the Principal Act (as inserted by Schedule 1 to the Amending Act) app..."
[parser-unknown-class] "Subitem", text="(8) Paragraph 216(1)(db) of the Principal Act (as inserted by Schedule 1 to the Amending Act) app..."
[parser-unknown-class] "ItemHead", text="17  Application—entry of public information on the National Register"
[parser-unknown-class] "ItemHead", text="18  Application—approval of corporate plan"
[parser-unknown-class] "ActHead6", text="Schedule 5—Transitional provisions relating to the National Vocational Education and Training Reg..."
[parser-unknown-class] "ItemHead", text="1  Definitions"
[parser-unknown-class] "ItemHead", text="2  Things done by, or in relation to, a Commissioner or the Chief Executive Officer"
[parser-unknown-class] "Subitem", text="(1) If a thing was done by, or in relation to, a Commissioner (including the Chief Commissioner) ..."
[parser-unknown-class] "Subitem", text="(2) The Minister may, by legislative instrument, determine that subitem (1) does not apply in rel..."
[parser-unknown-class] "Subitem", text="(3) To avoid doubt, doing a thing includes making an instrument."
[parser-unknown-class] "Subitem", text="(4) Nothing in this item produces the result that the appointment of a person as a Commissioner (..."
[parser-unknown-class] "ItemHead", text="3  Effect of things done by the National VET Regulator before the commencement of the Amending Act"
[parser-unknown-class] "ItemHead", text="4  Consultants"
[parser-unknown-class] "ItemHead", text="5  Unauthorised disclosure of VET information"
[parser-unknown-class] "ItemHead", text="6  Protections from civil actions"
[parser-unknown-class] "ItemHead", text="7  Party to pending proceedings"
[parser-unknown-class] "Subitem", text="(1) If, immediately before the later commencement time:"
[parser-unknown-class] "Subitem", text="(2) However, if the Minister determines a different name under which the National VET Regulator i..."
[parser-unknown-class] "Subitem", text="(3) The Minister must notify the court or tribunal in writing of a determination under subitem (2)."
[parser-unknown-class] "ItemHead", text="8  Disclosure of information"
[parser-unknown-class] "ActHead6", text="Schedule 6—Transitional provisions relating to the National Vocational Education and Training Reg..."
[parser-unknown-class] "ItemHead", text="1  Definitions"
[parser-unknown-class] "ItemHead", text="2  Application of amendments"
[parser-unknown-class] "ItemHead", text="3  Saving of Data Provision Requirements"
[parser-unknown-class] "ActHead6", text="Schedule 7—Transitional provisions relating to the National Vocational Education and Training Reg..."
[parser-unknown-class] "ItemHead", text="1  Definitions"
[parser-unknown-class] "ItemHead", text="2  Interpretation"
[parser-unknown-class] "ItemHead", text="3  Application—lapse of registration"
[parser-unknown-class] "SubitemHead", text="General"
[parser-unknown-class] "Subitem", text="(1) The amendments of section 20 of the Principal Act made by Part 1 of the Amending Schedule app..."
[parser-unknown-class] "SubitemHead", text="Lapse due before the second commencement time"
[parser-unknown-class] "Subitem", text="(2) Despite subsection 40A(2) of the Principal Act, as inserted by Part 1 of the Amending Schedul..."
[parser-unknown-class] "Subitem", text="the organisation’s registration lapses at the second commencement time instead of the end of the ..."
[parser-unknown-class] "SubitemHead", text="Applications for extensions before the second commencement time"
[parser-unknown-class] "Subitem", text="(3) An NVR registered training organisation may, before the second commencement time, make an app..."
[parser-unknown-class] "Subitem", text="(4) Subsection 40B(3) of the Principal Act, as inserted by Part 1 of the Amending Schedule, appli..."
[parser-unknown-class] "Subitem", text="(5) Despite subsection 40B(2) of the Principal Act, as inserted by Part 1 of the Amending Schedul..."
[parser-unknown-class] "Subitem", text="an application by the organisation under subsection 40B(1) of the Principal Act, as inserted by P..."
[parser-unknown-class] "Subitem", text="(6) Despite subsection 40B(2) of the Principal Act, as inserted by Part 1 of the Amending Schedul..."
[parser-unknown-class] "Subitem", text="an application by the organisation under subsection 40B(1) of the Principal Act, as inserted by P..."
[parser-unknown-class] "Subitem", text="(7) For the purposes of subitems (5) and (6):"
[parser-unknown-class] "SubitemHead", text="Records"
[parser-unknown-class] "Subitem", text="(8) The amendments of section 211 of the Principal Act made by Part 1 of the Amending Schedule ap..."
[parser-unknown-class] "ItemHead", text="4  Application—change to scope of registration"
[parser-unknown-class] "ItemHead", text="5  Application—period of reconsideration"
[parser-unknown-class] "ItemHead", text="6  Application—order of consideration"
[parser-unknown-class] "ItemHead", text="7  Application—registration"
[parser-unknown-class] "ItemHead", text="8  Application—audit report"
[parser-unknown-class] "ItemHead", text="9  Application—change of scope of registration"
[parser-unknown-class] "ItemHead", text="10  Application—compliance audit report"
[parser-unknown-class] "ItemHead", text="11  Application—reconsideration of a reviewable decision"
[parser-diag] processed 882 <p> elements
[parser-diag] last section was added at element index: 76
[parser-diag] state phase at end: ENDNOTES
[parser-diag] hierarchy stack depth at end: 1
[parser-diag] insideSchedule at end: false
[parse] sections: 3
[parse] compilation: date=2024-03-29 no=6
[parse] by level:
         section      3
[db] inserted new legislation row: 0663b02b-88fe-411d-a0ce-9952e1ff4587
[db] inserting 3 sections (pass 1)
[db] inserted 3 sections
[db] linking parent FKs (pass 2)
[db] linked 0 parent references

[done] ingested National Vocational Education and Training Regulator (Transitional Provisions) Act 2011
       legislation_id: 0663b02b-88fe-411d-a0ce-9952e1ff4587
       sections: 3
       compilation: 2024-03-29
