[fetch] document_1: https://www.legislation.gov.au/C2012A00063/2025-12-05/2025-12-05/text/original/epub/OEBPS/document_1/document_1.html
[fetch] document_1: 788,621 bytes
[fetch] document_2: https://www.legislation.gov.au/C2012A00063/2025-12-05/2025-12-05/text/original/epub/OEBPS/document_2/document_2.html
[fetch] document_2 not found — stopping. Fetched 1 document(s).
[fetch] combined 1 document(s), 788,621 source bytes → 785,503 combined bytes
[citation] My Health Records Act 2012 (Cth)
[parse] starting
[parser-diag] total <p> elements found: 3064
[parser-diag] processed 3064 <p> elements
[parse] sections: 206
[parse] compilation: date=2025-12-05 no=17
[parser-diag] last section was added at element index: 2326
[parser-diag] state phase at end: ENDNOTES
[parser-diag] hierarchy stack depth at end: 3
[parser-diag] insideSchedule at end: true
[parse] by level:
         part         8
         section      138
         division     33
         subdivision  6
         schedule     1
         schedule_part 3
         schedule_clause 17
[db] inserted new legislation row: 5d97e66f-29f7-408c-8031-c4292c925b42
[db] inserting 206 sections (pass 1)
[db] inserted 206 sections
[db] linking parent FKs (pass 2)
[db] linked 197 parent references

[done] ingested My Health Records Act 2012
       legislation_id: 5d97e66f-29f7-408c-8031-c4292c925b42
       sections: 206
       compilation: 2025-12-05
