[fetch] document_1: https://www.legislation.gov.au/C2019A00012/2024-10-14/2024-10-14/text/original/epub/OEBPS/document_1/document_1.html
[fetch] document_1: 686,827 bytes
[fetch] document_2: https://www.legislation.gov.au/C2019A00012/2024-10-14/2024-10-14/text/original/epub/OEBPS/document_2/document_2.html
[fetch] document_2 not found — stopping. Fetched 1 document(s).
[fetch] combined 1 document(s), 686,827 source bytes → 684,541 combined bytes
[citation] Industrial Chemicals Act 2019 (Cth)
[parse] starting
[parser-diag] total <p> elements found: 2575
[parser-diag] processed 2575 <p> elements
[parser-diag] last section was added at element index: 2403
[parser-diag] state phase at end: ENDNOTES
[parser-diag] hierarchy stack depth at end: 2
[parser-diag] insideSchedule at end: false
[parse] sections: 242
[parse] compilation: date=2024-10-14 no=6
[parse] by level:
         part         10
         section      182
         division     32
         subdivision  18
[db] inserted new legislation row: 9e56aba8-57bb-4c30-b5fe-e8b2f1598021
[db] inserting 242 sections (pass 1)
[db] inserted 242 sections
[db] linking parent FKs (pass 2)
[db] linked 232 parent references

[done] ingested Industrial Chemicals Act 2019
       legislation_id: 9e56aba8-57bb-4c30-b5fe-e8b2f1598021
       sections: 242
       compilation: 2024-10-14
