[fetch] document_1: https://www.legislation.gov.au/C2011A00146/2011-11-29/2011-11-29/text/original/epub/OEBPS/document_1/document_1.html
[fetch] document_1: 90,865 bytes
[fetch] document_2: https://www.legislation.gov.au/C2011A00146/2011-11-29/2011-11-29/text/original/epub/OEBPS/document_2/document_2.html
[fetch] document_2 not found — stopping. Fetched 1 document(s).
[fetch] combined 1 document(s), 90,865 source bytes → 89,638 combined bytes
[citation] Work Health and Safety (Transitional and Consequential Provisions) Act 2011 (Cth)
[parse] starting
[parser-diag] total <p> elements found: 377
[parser-unknown-class] "ActHead6", text="Schedule 1—Repeal of the Occupational Health and Safety Act 1991"
[parser-unknown-class] "ActHead9", text="Occupational Health and Safety Act 1991"
[parser-unknown-class] "ItemHead", text="1  The whole of the Act"
[parser-unknown-class] "ActHead6", text="Schedule 2—Transitional provisions"
[parser-unknown-class] "ActHead7", text="Part 1—Application generally"
[parser-unknown-class] "ItemHead", text="1  Application of OHS Act to certain breaches etc."
[parser-unknown-class] "Subitem", text="(1) The OHS Act continues to apply in relation to a breach of the OHS Act that occurred before th..."
[parser-unknown-class] "Subitem", text="(2) However, if the action or failure to act that constitutes the breach continues on or after th..."
[parser-unknown-class] "ActHead7", text="Part 2—Application of duties imposed under WHS Act"
[parser-unknown-class] "ItemHead", text="2  Duties of designers"
[parser-unknown-class] "Subitem", text="(1) Subject to this item, the duties imposed on a designer under section 22 of the WHS Act do not..."
[parser-unknown-class] "Subitem", text="(2) If a designer started designing any plant, substance or structure before the commencing day b..."
[parser-unknown-class] "Subitem", text="(3) If a designer carries out any calculations, analysis, testing or examination that may be rele..."
[parser-unknown-class] "ItemHead", text="3  Duties of manufacturers"
[parser-unknown-class] "Subitem", text="(1) Subject to this item, the duties imposed on a manufacturer under section 23 of the WHS Act do..."
[parser-unknown-class] "Subitem", text="(2) Despite the repeal of the OHS Act, the duties imposed on a manufacturer under subsections 18(..."
[parser-unknown-class] "Subitem", text="(3) If a duty under the OHS Act applies because of subitem (2), the OHS Act applies in relation t..."
[parser-unknown-class] "Subitem", text="(4) If a manufacturer started any process associated with the manufacture of any plant, substance..."
[parser-unknown-class] "Subitem", text="(5) If a manufacturer carries out any calculations, analysis, testing or examination that may be ..."
[parser-unknown-class] "ItemHead", text="4  Duties of importers"
[parser-unknown-class] "Subitem", text="(1) Subject to this item, the duties imposed on an importer under section 24 of the WHS Act do no..."
[parser-unknown-class] "Subitem", text="(2) Despite the repeal of the OHS Act, the duties imposed under subsections 18(1) and (2) of the ..."
[parser-unknown-class] "Subitem", text="(3) If a duty under the OHS Act applies because of subitem (2), the OHS Act applies in relation t..."
[parser-unknown-class] "Subitem", text="(4) If an importer started any process associated with the importing of any plant, substance or s..."
[parser-unknown-class] "Subitem", text="(5) If an importer carries out any calculations, analysis, testing or examination that may be rel..."
[parser-unknown-class] "ItemHead", text="5  Duties of suppliers"
[parser-unknown-class] "Subitem", text="(1) Subject to this item, the duties imposed on a supplier under section 25 of the WHS Act do not..."
[parser-unknown-class] "Subitem", text="(2) Despite the repeal of the OHS Act, the duties imposed under subsection 19(1) of the OHS Act:"
[parser-unknown-class] "Subitem", text="(3) If a duty under the OHS Act applies because of subitem (2), the OHS Act applies in relation t..."
[parser-unknown-class] "Subitem", text="(4) If a supplier started any process associated with the supply of any plant, substance or struc..."
[parser-unknown-class] "Subitem", text="(5) If a supplier carries out any calculations, analysis, testing or examination that may be rele..."
[parser-unknown-class] "ItemHead", text="6  Duties of persons who install, construct or commission plant or structures"
[parser-unknown-class] "Subitem", text="(1) In this item:"
[parser-unknown-class] "Subitem", text="(2) Subject to this item, the duties imposed on a WHS installer under section 26 of the WHS Act d..."
[parser-unknown-class] "Subitem", text="(3) Despite the repeal of the OHS Act, the duties imposed on an OHS installer under subsection 20..."
[parser-unknown-class] "Subitem", text="(4) If a duty under the OHS Act applies because of subitem (3), the OHS Act applies in relation t..."
[parser-unknown-class] "Subitem", text="(5) If a WHS installer started any process associated with the installation, construction or comm..."
[parser-unknown-class] "ActHead7", text="Part 3—Notifiable incidents etc."
[parser-unknown-class] "ItemHead", text="7  Notifiable incidents etc."
[parser-unknown-class] "ItemHead", text="8  Accidents and dangerous occurrences"
[parser-unknown-class] "ActHead7", text="Part 4—Work groups, health and safety representatives and committees"
[parser-unknown-class] "ItemHead", text="9  Work groups, health and safety representatives and health and safety committees continue as such"
[parser-unknown-class] "Subitem", text="(1) On the commencing day:"
[parser-unknown-class] "Subitem", text="(2) If a process or proceeding:"
[parser-unknown-class] "Subitem", text="(3) Subitem (2) will cease to apply in relation to the selection of a health and safety represent..."
[parser-unknown-class] "Subitem", text="(4) If, because of paragraph (1)(c), a health and safety committee established under the OHS Act ..."
[parser-unknown-class] "Subitem", text="(5) Nothing in subitem (4) affects any right or power to change the constitution of the committee..."
[parser-unknown-class] "ItemHead", text="10  Training"
[parser-unknown-class] "Subitem", text="(1) A person who has completed a course of training accredited by the Commission for the purposes..."
[parser-unknown-class] "Subitem", text="(2) Subitem (1) will cease to apply at the expiration of 12 months after the commencing day (and ..."
[parser-unknown-class] "ItemHead", text="11  Provisional improvement notices"
[parser-unknown-class] "Subitem", text="(1) If a provisional improvement notice is in effect under section 29 of the OHS Act immediately ..."
[parser-unknown-class] "Subitem", text="(2) To avoid doubt, paragraph 160(c) of the WHS Act does not apply in relation to a provisional i..."
[parser-unknown-class] "ItemHead", text="12  Disqualification"
[parser-unknown-class] "Subitem", text="(1) If, immediately before the commencing day, a person is disqualified under section 32 of the O..."
[parser-unknown-class] "Subitem", text="(2) The period of the disqualification under the WHS Act is the balance of the period of disquali..."
[parser-unknown-class] "Subitem", text="(3) If an application is made under section 65 of the WHS Act to disqualify a health and safety r..."
[parser-unknown-class] "Subitem", text="(4) This item applies to a deputy health and safety representative in the same way as it applies ..."
[parser-unknown-class] "ActHead7", text="Part 5—Comcare and inspectors"
[parser-unknown-class] "ItemHead", text="13  Residual operation of the OHS Act"
[parser-unknown-class] "ItemHead", text="14  Appointment"
[parser-unknown-class] "Subitem", text="(1) On the commencing day, a person who:"
[parser-unknown-class] "Subitem", text="(2) An identity card held by an investigator under or for the purposes of the OHS Act immediately..."
[parser-unknown-class] "ItemHead", text="15  Use of WHS functions and powers to enforce OHS Act"
[parser-unknown-class] "Subitem", text="(1) An inspector may, on or after the commencing day, perform a function or exercise a power unde..."
[parser-unknown-class] "Subitem", text="(2) The WHS Act will apply in relation to the performance or exercise of such a function or power..."
[parser-unknown-class] "Subitem", text="(3) Without limiting subitem (2), a reference in the WHS Act to an offence against the WHS Act wi..."
[parser-unknown-class] "Subitem", text="(4) Any action taken or information acquired under the WHS Act or because of the operation of thi..."
[parser-unknown-class] "Subitem", text="(5) To avoid doubt, the reference in section 188 of the WHS Act to the compliance powers of an in..."
[parser-unknown-class] "Subitem", text="(6) Nothing in this item affects or limits any action that may be taken under or with respect to ..."
[parser-unknown-class] "ItemHead", text="16  WHS inspectors may exercise functions and powers under OHS Act"
[parser-unknown-class] "ItemHead", text="17  Comcare may use powers of investigation under WHS Act for OHS Act"
[parser-unknown-class] "Subitem", text="(1) Comcare may, on or after the commencing day, exercise a power under section 155 of the WHS Ac..."
[parser-unknown-class] "Subitem", text="(2) The WHS Act will apply in relation to the exercise of the power as if a reference to the WHS ..."
[parser-unknown-class] "Subitem", text="(3) Without limiting subitem (2):"
[parser-unknown-class] "Subitem", text="(4) Any action taken or information acquired under the WHS Act or because of the operation of thi..."
[parser-unknown-class] "Subitem", text="(5) Nothing in this item affects or limits any action that may be taken under or with respect to ..."
[parser-unknown-class] "ActHead7", text="Part 6—Enforcement measures"
[parser-unknown-class] "ItemHead", text="18  Prohibition notices"
[parser-unknown-class] "ItemHead", text="19  Improvement notices"
[parser-unknown-class] "ItemHead", text="20  Undertakings"
[parser-unknown-class] "Subitem", text="(1) This item applies if Comcare accepts a written undertaking under clause 16 of Schedule 2 to t..."
[parser-unknown-class] "Subitem", text="(2) During the transitional period for the undertaking, the OHS Act continues to apply in relatio..."
[parser-unknown-class] "Subitem", text="(3) The transitional period for the undertaking is a period beginning at the start of the commenc..."
[parser-unknown-class] "ActHead7", text="Part 7—Other matters"
[parser-unknown-class] "ItemHead", text="21  Authorisations"
[parser-unknown-class] "Subitem", text="(1) This item applies in relation to a registration, licence, permit, accreditation or other form..."
[parser-unknown-class] "Subitem", text="(2) A preserved authorisation has effect under the WHS Act, subject to any modifications of the W..."
[parser-unknown-class] "ItemHead", text="22  Exemptions"
[parser-unknown-class] "Subitem", text="(1) This item applies in relation to an exemption under the OHS Act that is of a class prescribed..."
[parser-unknown-class] "Subitem", text="(2) A preserved exemption has effect under the WHS Act, subject to any modifications of the WHS A..."
[parser-unknown-class] "ItemHead", text="23  Codes of practice"
[parser-unknown-class] "Subitem", text="(1) This item applies in relation to each Part of the Occupational Health and Safety Code of Prac..."
[parser-unknown-class] "Subitem", text="(2) A preserved code of practice is taken to be a code of practice approved for the purposes of t..."
[parser-unknown-class] "Subitem", text="(3) Subitem (2) ceases to have effect on the second anniversary of the commencing day."
[parser-unknown-class] "Subitem", text="(4) Nothing in this item affects the power of the Minister under section 274 of the WHS Act to va..."
[parser-unknown-class] "ItemHead", text="24  Annual reports"
[parser-unknown-class] "Subitem", text="(1) Despite the repeal of the OHS Act, sections 74, 75 and 75A of that Act continue to apply in r..."
[parser-unknown-class] "Subitem", text="(2) However, where, because of one of those sections, information relating to the financial year ..."
[parser-unknown-class] "ActHead6", text="Schedule 3—Safety, Rehabilitation and Compensation Act 1988"
[parser-unknown-class] "ActHead7", text="Part 1—Consequential amendments"
[parser-unknown-class] "ActHead9", text="Safety, Rehabilitation and Compensation Act 1988"
[parser-unknown-class] "ItemHead", text="1  Subparagraph 69(ef)(ii)"
[parser-unknown-class] "ItemHead", text="2  Section 69 (note)"
[parser-unknown-class] "ItemHead", text="3  Subsection 73(1)"
[parser-unknown-class] "ItemHead", text="4  Subsection 73A(3)"
[parser-unknown-class] "ItemHead", text="5  Section 73B"
[parser-unknown-class] "ItemHead", text="6  Section 73B (note)"
[parser-unknown-class] "ItemHead", text="7  At the end of section 73B"
[parser-unknown-class] "ItemHead", text="8  At the end of section 89B"
[parser-unknown-class] "ItemHead", text="9  Subsection 89D(1)"
[parser-unknown-class] "ItemHead", text="10  Paragraph 89E(1)(b)"
[parser-unknown-class] "ItemHead", text="11  Paragraph 89E(1)(c)"
[parser-unknown-class] "ItemHead", text="12  Subsection 89R(1)"
[parser-unknown-class] "ItemHead", text="13  After subsection 89R(1)"
[parser-unknown-class] "ItemHead", text="14  Subsection 91(3)"
[parser-unknown-class] "ItemHead", text="15  Paragraph 91(3)(a)"
[parser-unknown-class] "ItemHead", text="16  Section 96"
[parser-unknown-class] "ItemHead", text="17  Paragraph 97D(2)(d)"
[parser-unknown-class] "ItemHead", text="18  After subsection 104(2)"
[parser-unknown-class] "ItemHead", text="19  Paragraph 104A(2)(b)"
[parser-unknown-class] "ItemHead", text="20  Subsection 150(2)"
[parser-unknown-class] "ItemHead", text="21  Paragraph 158(2)(b)"
[parser-unknown-class] "ItemHead", text="22  Application of items 17, 19 and 21"
[parser-unknown-class] "ItemHead", text="23  Application of other items"
[parser-unknown-class] "ActHead7", text="Part 2—Transitional provisions relating to regulatory contributions and licence fees"
[parser-unknown-class] "ItemHead", text="24  Variation of determination of regulatory contribution"
[parser-unknown-class] "Subitem", text="(1) Comcare may, in writing, vary a determination of the amount of an Entity’s or Commonwealth au..."
[parser-unknown-class] "Subitem", text="(2) This item applies despite subsection 97M(1) of the SRC Act."
[parser-unknown-class] "Subitem", text="(3) However, the remainder of section 97M of the SRC Act applies in relation to a variation under..."
[parser-unknown-class] "ItemHead", text="25  Variation of licence fee"
[parser-unknown-class] "Subitem", text="(1) Comcare may, by notice in writing to a licensee, vary the amount of the licence fee that the ..."
[parser-unknown-class] "Subitem", text="(2) If the licence fee that the licensee is liable to pay increases as a result of a variation un..."
[parser-unknown-class] "Subitem", text="(3) Nothing in this item affects the power of Comcare to vary the licence fee for any other reason."
[parser-unknown-class] "ItemHead", text="26  Variation of determination of regulatory contribution by Defence Department"
[parser-unknown-class] "Subitem", text="(1) Comcare may, in writing, vary a determination of the amount of the Defence Department’s regul..."
[parser-unknown-class] "Subitem", text="(2) This item applies despite subsection 97M(1) of the SRC Act (as applied under section 159 of t..."
[parser-unknown-class] "Subitem", text="(3) However, the remainder of section 97M of the SRC Act (as applied under section 159 of that Ac..."
[parser-unknown-class] "ActHead6", text="Schedule 4—Other consequential amendments"
[parser-unknown-class] "ActHead9", text="Social Security Act 1991"
[parser-unknown-class] "ItemHead", text="1  Paragraph 120(a)"
[parser-unknown-class] "ItemHead", text="2  Paragraphs 501D(4)(a), 544B(8)(a), 631C(a) and 745L(a)"
[parser-unknown-class] "ItemHead", text="3  Paragraph 1188BB(a)"
[parser-unknown-class] "2ndRd", text=""
[parser-unknown-class] "2ndRd", text="[Minister’s second reading speech made in—"
[parser-unknown-class] "2ndRd", text="House of Representatives on 6 July 2011"
[parser-unknown-class] "2ndRd", text="Senate on 31 October 2011]"
[parser-diag] processed 377 <p> elements
[parser-diag] last section was added at element index: 99
[parser-diag] state phase at end: BODY
[parser-diag] hierarchy stack depth at end: 1
[parser-diag] insideSchedule at end: false
[parse] sections: 5
[parse] compilation: date=(none) no=(none)
[parse] by level:
         section      5
[db] inserted new legislation row: dbe94f87-76c9-4582-a5d4-c2ae7a8f1d7d
[db] inserting 5 sections (pass 1)
[db] inserted 5 sections
[db] linking parent FKs (pass 2)
[db] linked 0 parent references

[done] ingested Work Health and Safety (Transitional and Consequential Provisions) Act 2011
       legislation_id: dbe94f87-76c9-4582-a5d4-c2ae7a8f1d7d
       sections: 5
       compilation: 2011-11-29
