[fetch] document_1: https://www.legislation.gov.au/C2013A00100/2013-06-29/2013-06-29/text/original/epub/OEBPS/document_1/document_1.html
[fetch] document_1: 60,092 bytes
[fetch] document_2: https://www.legislation.gov.au/C2013A00100/2013-06-29/2013-06-29/text/original/epub/OEBPS/document_2/document_2.html
[fetch] document_2 not found — stopping. Fetched 1 document(s).
[fetch] combined 1 document(s), 60,092 source bytes → 58,683 combined bytes
[citation] Charities Act 2013 (Cth)
[parse] starting
[parser-diag] total <p> elements found: 242
[parser-unknown-class] "2ndRd", text=""
[parser-unknown-class] "2ndRd", text="[Minister’s second reading speech made in—"
[parser-unknown-class] "2ndRd", text="House of Representatives on 29 May 2013"
[parser-unknown-class] "2ndRd", text="Senate on 19 June 2013]"
[parser-diag] processed 242 <p> elements
[parser-diag] last section was added at element index: 227
[parser-diag] state phase at end: BODY
[parser-diag] hierarchy stack depth at end: 2
[parser-diag] insideSchedule at end: false
[parse] sections: 27
[parse] compilation: date=(none) no=(none)
[parse] by level:
         part         4
         section      18
         division     5
[db] inserted new legislation row: ee5a5579-9f52-4113-9504-f413e8508e6c
[db] inserting 27 sections (pass 1)
[db] inserted 27 sections
[db] linking parent FKs (pass 2)
[db] linked 23 parent references

[done] ingested Charities Act 2013
       legislation_id: ee5a5579-9f52-4113-9504-f413e8508e6c
       sections: 27
       compilation: 2013-06-29
