[fetch] document_1: https://www.legislation.gov.au/C2011A00074/2011-06-29/2011-06-29/text/original/epub/OEBPS/document_1/document_1.html
[fetch] document_1: 233,412 bytes
[fetch] document_2: https://www.legislation.gov.au/C2011A00074/2011-06-29/2011-06-29/text/original/epub/OEBPS/document_2/document_2.html
[fetch] document_2 not found — stopping. Fetched 1 document(s).
[fetch] combined 1 document(s), 233,412 source bytes → 231,522 combined bytes
[citation] Tertiary Education Quality and Standards Agency (Consequential Amendments and Transitional Provisions) Act 2011 (Cth)
[parse] starting
[parser-diag] total <p> elements found: 1026
[parser-unknown-class] "ActHead6", text="Schedule 1—Education Services for Overseas Students Act 2000"
[parser-unknown-class] "ActHead7", text="Part 1—Amendments after VET law commences"
[parser-unknown-class] "ItemHead", text="1  Section 5 (before paragraph (a) of the definition of authorised employee)"
[parser-unknown-class] "ItemHead", text="2  Section 5"
[parser-unknown-class] "ItemHead", text="3  Section 5 (definition of designated authority)"
[parser-unknown-class] "ItemHead", text="4  After section 7"
[parser-unknown-class] "ItemHead", text="5  Paragraph 89A(1)(b)"
[parser-unknown-class] "ItemHead", text="6  Paragraph 89A(1A)(b)"
[parser-unknown-class] "ItemHead", text="7  Paragraph 89A(1B)(a)"
[parser-unknown-class] "ItemHead", text="8  Paragraph 89A(1B)(b)"
[parser-unknown-class] "ItemHead", text="9  After paragraph 170(1)(a)"
[parser-unknown-class] "ItemHead", text="10  Before paragraph 170(2)(a)"
[parser-unknown-class] "ItemHead", text="11  Before subsection 170(3) (before the heading)"
[parser-unknown-class] "ItemHead", text="12  Subsection 170(4)"
[parser-unknown-class] "ItemHead", text="13  Saving of existing determinations"
[parser-unknown-class] "Subitem", text="(1) This item applies to a determination in force under paragraph (b) of the definition of design..."
[parser-unknown-class] "Subitem", text="(2) The determination continues to have effect, at and after that commencement, as if it were a d..."
[parser-unknown-class] "ItemHead", text="14  Things done by, or in relation to, a designated authority"
[parser-unknown-class] "Subitem", text="(1) This item applies if, before the commencement of this item, a thing was done by, or in relati..."
[parser-unknown-class] "Subitem", text="(2) The thing is taken, after that commencement, to have been done by, or in relation to, the rel..."
[parser-unknown-class] "Subitem", text="(3) The Minister may, by writing, determine that subitem (2) does not apply in relation to a spec..."
[parser-unknown-class] "Subitem", text="(4) To avoid doubt, doing a thing includes making an instrument."
[parser-unknown-class] "Subitem", text="(5) A determination under subitem (3) is not a legislative instrument."
[parser-unknown-class] "ActHead7", text="Part 2—Amendments if VET law has not commenced"
[parser-unknown-class] "ItemHead", text="15  Section 5 (definition of approved provider)"
[parser-unknown-class] "ItemHead", text="16  Section 5 (definition of authorised employee)"
[parser-unknown-class] "ItemHead", text="17  Section 5 (definition of designated authority)"
[parser-unknown-class] "ItemHead", text="18  Subsection 10(5)"
[parser-unknown-class] "ItemHead", text="19  Paragraph 14(1)(b)"
[parser-unknown-class] "ItemHead", text="20  Subsection 14(2)"
[parser-unknown-class] "ItemHead", text="21  Subsection 14(3)"
[parser-unknown-class] "ItemHead", text="22  Paragraph 14A(1)(a)"
[parser-unknown-class] "ItemHead", text="23  Paragraph 14A(2)(a)"
[parser-unknown-class] "ItemHead", text="24  Subsection 14A(4)"
[parser-unknown-class] "ItemHead", text="25  Paragraph 14B(1)(b)"
[parser-unknown-class] "ItemHead", text="26  Paragraph 27(1B)(b)"
[parser-unknown-class] "ItemHead", text="27  Paragraph 43(1)(b)"
[parser-unknown-class] "ItemHead", text="28  Subsection 43(2)"
[parser-unknown-class] "ItemHead", text="29  Subsection 43(2)"
[parser-unknown-class] "ItemHead", text="30  Paragraph 43(3)(a)"
[parser-unknown-class] "ItemHead", text="31  Paragraph 43(3)(b)"
[parser-unknown-class] "ItemHead", text="32  Subsection 89(1)"
[parser-unknown-class] "ItemHead", text="33  Subsection 89A(1)"
[parser-unknown-class] "ItemHead", text="34  Subsection 89A(2)"
[parser-unknown-class] "ItemHead", text="35  Subsection 92B(1)"
[parser-unknown-class] "ItemHead", text="36  Section 170"
[parser-unknown-class] "ItemHead", text="37  Saving of existing authorisations"
[parser-unknown-class] "ItemHead", text="38  Things done by, or in relation to, a designated authority"
[parser-unknown-class] "Subitem", text="(1) This item applies if, before the commencement of this item, a thing was done by, or in relati..."
[parser-unknown-class] "Subitem", text="(2) The thing is taken, after that commencement, to have been done by, or in relation to, the rel..."
[parser-unknown-class] "Subitem", text="(3) The Minister may, by writing, determine that subitem (2) does not apply in relation to a spec..."
[parser-unknown-class] "Subitem", text="(4) To avoid doubt, doing a thing includes making an instrument."
[parser-unknown-class] "Subitem", text="(5) A determination under subitem (3) is not a legislative instrument."
[parser-unknown-class] "ItemHead", text="39  Saving of existing delegations"
[parser-unknown-class] "ActHead7", text="Part 3—Amendments about access"
[parser-unknown-class] "ItemHead", text="40  Section 124"
[parser-unknown-class] "ItemHead", text="41  Section 124"
[parser-unknown-class] "ItemHead", text="42  At the end of section 124"
[parser-unknown-class] "ItemHead", text="43  Subsection 125(1)"
[parser-unknown-class] "ItemHead", text="44  At the end of section 125"
[parser-unknown-class] "ActHead7", text="Part 4—Other amendments"
[parser-unknown-class] "ItemHead", text="45  Section 5"
[parser-unknown-class] "ItemHead", text="46  Section 5"
[parser-unknown-class] "ActHead6", text="Schedule 2—Other amendments"
[parser-unknown-class] "ActHead7", text="Part 1—Amendments about higher education support"
[parser-unknown-class] "ActHead8", text="Division 1—Main amendments"
[parser-unknown-class] "ActHead9", text="Higher Education Support Act 2003"
[parser-unknown-class] "ItemHead", text="1  Section 1‑15"
[parser-unknown-class] "ItemHead", text="2  Section 3‑25"
[parser-unknown-class] "ItemHead", text="3  Subsection 5‑1(2) (table item 1)"
[parser-unknown-class] "ItemHead", text="4  After section 16‑25"
[parser-unknown-class] "ItemHead", text="5  Subsection 16‑40(1)"
[parser-unknown-class] "ItemHead", text="6  After section 16‑40"
[parser-unknown-class] "ItemHead", text="7  Subdivision 19‑C"
[parser-unknown-class] "ItemHead", text="8  Paragraphs 19‑77(c) and (d)"
[parser-unknown-class] "ItemHead", text="9  After section 19‑77"
[parser-unknown-class] "ItemHead", text="10  After subsection 19‑80(2)"
[parser-unknown-class] "ItemHead", text="11  Subsection 19‑102(4)"
[parser-unknown-class] "ItemHead", text="12  Section 22‑1"
[parser-unknown-class] "ItemHead", text="13  At the end of section 22‑1"
[parser-unknown-class] "ItemHead", text="14  Paragraph 22‑10(2A)(b)"
[parser-unknown-class] "ItemHead", text="15  At the end of section 22‑10"
[parser-unknown-class] "ItemHead", text="16  After section 22‑20"
[parser-unknown-class] "ItemHead", text="17  Before paragraph 90‑1(a)"
[parser-unknown-class] "ItemHead", text="18  Paragraph 104‑10(1)(b)"
[parser-unknown-class] "ItemHead", text="19  After paragraph 118‑1(1)(c)"
[parser-unknown-class] "ItemHead", text="20  Section 206‑1 (table item 5)"
[parser-unknown-class] "ItemHead", text="21  Chapter 6"
[parser-unknown-class] "ItemHead", text="22  Subsection 238‑10(1) (table item 6A)"
[parser-unknown-class] "ItemHead", text="23  Subclause 1(1) of Schedule 1 (definition of accredited course)"
[parser-unknown-class] "ItemHead", text="24  Subclause 1(1) of Schedule 1 (definition of Australian Qualifications Framework)"
[parser-unknown-class] "ItemHead", text="25  Subclause 1(1) of Schedule 1 (definition of Australian university)"
[parser-unknown-class] "ItemHead", text="26  Subclause 1(1) of Schedule 1 (definition of government accreditation authority)"
[parser-unknown-class] "ItemHead", text="27  Subclause 1(1) of Schedule 1 (definition of National Protocols)"
[parser-unknown-class] "ItemHead", text="28  Subclause 1(1) of Schedule 1 (definition of non self‑accrediting entity)"
[parser-unknown-class] "ItemHead", text="29  Subclause 1(1) of Schedule 1 (definition of offering)"
[parser-unknown-class] "ItemHead", text="30  Subclause 1(1) of Schedule 1 (definition of operating)"
[parser-unknown-class] "ItemHead", text="31  Subclause 1(1) of Schedule 1 (definition of quality auditing body)"
[parser-unknown-class] "ItemHead", text="32  Subclause 1(1) of Schedule 1"
[parser-unknown-class] "ItemHead", text="33  Subclause 1(1) of Schedule 1 (definition of self‑accrediting entity)"
[parser-unknown-class] "ItemHead", text="34  Subclause 1(1) of Schedule 1"
[parser-unknown-class] "ItemHead", text="35  Subclause 1(1) of Schedule 1"
[parser-unknown-class] "ItemHead", text="36  Application of amendments"
[parser-unknown-class] "Subitem", text="(1) Section 16‑27 of the Higher Education Support Act 2003 (as inserted by this Division) applies..."
[parser-unknown-class] "Subitem", text="(2) Section 16‑40 of the Higher Education Support Act 2003 (as amended by this Division) applies ..."
[parser-unknown-class] "Subitem", text="(3) Section 19‑78 of the Higher Education Support Act 2003 (as inserted by this Division) applies..."
[parser-unknown-class] "Subitem", text="(4) Section 90‑1 of the Higher Education Support Act 2003 (as amended by this Division) applies i..."
[parser-unknown-class] "Subitem", text="(5) Section 104‑10 of the Higher Education Support Act 2003 (as amended by this Division) applies..."
[parser-unknown-class] "Subitem", text="(6) Section 118‑1 of the Higher Education Support Act 2003 (as amended by this Division) applies ..."
[parser-unknown-class] "ActHead8", text="Division 2—Amendments of new law about approvals"
[parser-unknown-class] "ActHead9", text="Higher Education Support Act 2003"
[parser-unknown-class] "ItemHead", text="37  Paragraph 16‑25(1)(d)"
[parser-unknown-class] "ItemHead", text="38  Paragraphs 16‑25(1)(db) and (dc)"
[parser-unknown-class] "ItemHead", text="39  Application of amendments"
[parser-unknown-class] "ActHead8", text="Division 3—Amendments of old law about approvals"
[parser-unknown-class] "ActHead9", text="Higher Education Support Act 2003"
[parser-unknown-class] "ItemHead", text="40  Paragraph 16‑25(d)"
[parser-unknown-class] "ItemHead", text="41  Paragraphs 16‑25(db) and (dc)"
[parser-unknown-class] "ItemHead", text="42  Application of amendments"
[parser-unknown-class] "ActHead7", text="Part 2—Amendments after VET law commences"
[parser-unknown-class] "ActHead9", text="Tertiary Education Quality and Standards Agency Act 2011"
[parser-unknown-class] "ItemHead", text="43  Section 5 (definition of vocational education and training course)"
[parser-unknown-class] "ActHead6", text="Schedule 3—Transitional provisions"
[parser-unknown-class] "ActHead7", text="Part 1—Preliminary"
[parser-unknown-class] "ItemHead", text="1  Interpretation"
[parser-unknown-class] "Subitem", text="(1) In this Schedule:"
[parser-unknown-class] "Subitem", text="(2) For the purposes of this Schedule:"
[parser-unknown-class] "Subitem", text="(3) This Schedule relies on:"
[parser-unknown-class] "ActHead7", text="Part 2—Transferring existing State registrations to TEQSA system etc."
[parser-unknown-class] "ActHead8", text="Division 1—Transferring existing State registrations etc."
[parser-unknown-class] "ItemHead", text="2  State registered provider automatically registered for the TEQSA Act"
[parser-unknown-class] "Subitem", text="(1) If a higher education provider was, immediately before the transition time, registered under ..."
[parser-unknown-class] "Subitem", text="(2) The provider’s registration is for the period:"
[parser-unknown-class] "Subitem", text="(3) The table is as follows:"
[parser-unknown-class] "Subitem", text="(4) Paragraph (2)(b) has effect subject to the following provisions of the TEQSA Act:"
[parser-unknown-class] "Subitem", text="(5) Subitem (2) applies to the registration instead of section 23 (about commencement and duratio..."
[parser-unknown-class] "Subitem", text="(6) Subitems (1) and (2) have effect subject to Division 3 (about suspensions of automatic regist..."
[parser-unknown-class] "ItemHead", text="3  Notice of provider category for TEQSA registration"
[parser-unknown-class] "SubitemHead", text="Advance notice of likely provider category"
[parser-unknown-class] "Subitem", text="(1) If it is likely that a higher education provider will be taken to be a registered higher educ..."
[parser-unknown-class] "Subitem", text="(2) TEQSA must give the notice in writing at least 3 months before the transition time."
[parser-unknown-class] "SubitemHead", text="Notice of provider category"
[parser-unknown-class] "Subitem", text="(3) TEQSA must, no later than 30 days after the transition time, give the provider written notice..."
[parser-unknown-class] "Subitem", text="(4) This item applies to the registration instead of section 22 (about notifications) of the TEQS..."
[parser-unknown-class] "ActHead8", text="Division 2—Pending review decisions about State registrations"
[parser-unknown-class] "ItemHead", text="4  Pending review decisions about State registrations"
[parser-unknown-class] "Subitem", text="(1) A higher education provider is taken to be a registered higher education provider for the pur..."
[parser-unknown-class] "Subitem", text="(2) If item 2 does not apply to the provider, the provider’s registration is for the period:"
[parser-unknown-class] "Subitem", text="(3) Paragraph (2)(b) has effect subject to the following provisions of the TEQSA Act:"
[parser-unknown-class] "Subitem", text="(4) Subitem (2) applies to the registration instead of section 23 (about commencement and duratio..."
[parser-unknown-class] "ItemHead", text="5  Notice of provider category for TEQSA registration"
[parser-unknown-class] "Subitem", text="(1) TEQSA must give the provider notice of the provider category in which the provider is registe..."
[parser-unknown-class] "Subitem", text="(2) TEQSA must give the notice in writing within 30 days after TEQSA is notified of the State rev..."
[parser-unknown-class] "Subitem", text="(3) This item applies to the registration instead of section 22 (about notifications) of the TEQS..."
[parser-unknown-class] "ActHead8", text="Division 3—Suspended automatic TEQSA registrations"
[parser-unknown-class] "ItemHead", text="6  Automatic TEQSA registration is suspended"
[parser-unknown-class] "Subitem", text="(1) This Division applies if, immediately before the transition time, a higher education provider..."
[parser-unknown-class] "Subitem", text="(2) The provider’s registration as a registered higher education provider because of item 2 (the ..."
[parser-unknown-class] "Subitem", text="(3) This suspension does not prevent TEQSA from doing anything under this Act, or the TEQSA Act, ..."
[parser-unknown-class] "ItemHead", text="7  Automatic lifting of suspension if pending review of State suspension"
[parser-unknown-class] "Subitem", text="(1) The suspension of the provider’s automatic TEQSA registration is lifted if:"
[parser-unknown-class] "Subitem", text="(2) The suspension is lifted on the day the provider notifies TEQSA under paragraph (1)(c)."
[parser-unknown-class] "ItemHead", text="8  Lifting suspension if no pending review of State suspension"
[parser-unknown-class] "Subitem", text="(1) TEQSA must decide whether to lift the suspension of the provider’s automatic TEQSA registrati..."
[parser-unknown-class] "Subitem", text="(2) TEQSA must make its decision within 30 days after subitem (1) begins to apply."
[parser-unknown-class] "Subitem", text="(3) If under subitem (1) TEQSA decides to lift the suspension, TEQSA must, within 30 days, give t..."
[parser-unknown-class] "Subitem", text="(4) If under subitem (1) TEQSA decides not to lift the suspension:"
[parser-unknown-class] "ActHead8", text="Division 4—Automatic transitional registration for some overseas providers"
[parser-unknown-class] "ItemHead", text="9  Automatic transitional registration"
[parser-unknown-class] "Subitem", text="(1) A higher education provider is taken to be a registered higher education provider for the pur..."
[parser-unknown-class] "Subitem", text="(2) Division 3 of Part 3 of the TEQSA Act does not apply to this registration (the transitional r..."
[parse] sections: 11
[parse] compilation: date=(none) no=(none)
[parser-unknown-class] "ItemHead", text="10  Notice of provider category for transitional registration"
[parser-unknown-class] "SubitemHead", text="Advance notice of likely provider category"
[parser-unknown-class] "Subitem", text="(1) If TEQSA receives the higher education provider’s notice under paragraph 9(1)(c) at least 60 ..."
[parser-unknown-class] "Subitem", text="(2) TEQSA must give the notice in writing no later than 30 days after it receives the provider’s ..."
[parser-unknown-class] "SubitemHead", text="Notice of provider category"
[parser-unknown-class] "Subitem", text="(3) TEQSA must, no later than 30 days after the transition time, give the higher education provid..."
[parser-unknown-class] "Subitem", text="(4) This item applies to the transitional registration instead of section 22 (about notifications..."
[parser-unknown-class] "ItemHead", text="11  Commencement and duration of transitional registration"
[parser-unknown-class] "SubitemHead", text="Provider applies for ongoing registration"
[parser-unknown-class] "Subitem", text="(1) Subitem (2) applies to the higher education provider if, within 120 days after the transition..."
[parser-unknown-class] "Subitem", text="(2) The provider’s transitional registration is for the period:"
[parser-unknown-class] "SubitemHead", text="Provider does not apply for ongoing registration"
[parser-unknown-class] "Subitem", text="(3) If subitem (2) does not apply to the higher education provider, the provider’s transitional r..."
[parser-unknown-class] "Subitem", text="(4) Paragraphs (2)(b) and (3)(b) have effect subject to Division 1 of Part 7 (about cancelling re..."
[parser-unknown-class] "Subitem", text="(5) This item applies to the transitional registration instead of section 23 (about commencement ..."
[parser-unknown-class] "ActHead8", text="Division 5—Transferring an authorisation to self‑accredit courses of study"
[parser-unknown-class] "ItemHead", text="12  Transferring an authorisation to self‑accredit courses of study"
[parser-unknown-class] "Subitem", text="(1) A registered higher education provider’s registration arising under Division 1 includes the a..."
[parser-unknown-class] "Subitem", text="(2) A registered higher education provider’s registration arising under Division 2 includes the a..."
[parser-unknown-class] "Subitem", text="(3) Nothing in this item prevents an authorisation to self‑accredit one or more courses of study ..."
[parser-unknown-class] "ActHead8", text="Division 6—No inference that Standards met"
[parser-unknown-class] "ItemHead", text="13  No inference that Standards met"
[parser-unknown-class] "ActHead7", text="Part 3—Pending applications for State registration or re‑registration"
[parser-unknown-class] "ItemHead", text="14  Deciding pending applications for State registration or re‑registration"
[parser-unknown-class] "ItemHead", text="15  TEQSA Act operates in a modified way for TEQSA’s consideration of the application"
[parser-unknown-class] "Subitem", text="(1) The TEQSA Act has effect in relation to the application with the changes described in this item."
[parser-unknown-class] "Subitem", text="(2) The application is taken to be made under section 18 of the TEQSA Act if and when TEQSA recei..."
[parser-unknown-class] "Subitem", text="(3) The TEQSA Act has effect as if the following changes were made:"
[parser-unknown-class] "ItemHead", text="16  Automatic transitional TEQSA registration while TEQSA considers pending application for re‑re..."
[parser-unknown-class] "Subitem", text="(1) If the application mentioned in paragraph 14(a) was for re‑registration, the provider is take..."
[parser-unknown-class] "Subitem", text="(2) The provider’s registration is for the period:"
[parser-unknown-class] "Subitem", text="(3) TEQSA must give the provider written notice of the following matters within 30 days after bei..."
[parser-unknown-class] "Subitem", text="(4) Paragraph (2)(b) has effect subject to Division 1 of Part 7 (about cancelling registration an..."
[parser-unknown-class] "Subitem", text="(5) Division 3 of Part 3 of the TEQSA Act does not apply to a registration that exists because of..."
[parser-unknown-class] "Subitem", text="(6) This item applies to the registration instead of sections 22 and 23 of the TEQSA Act."
[parser-unknown-class] "ItemHead", text="17  Consequences if fees already paid to registration authority"
[parser-unknown-class] "ActHead7", text="Part 4—Transferring existing State accreditations to TEQSA system etc."
[parser-unknown-class] "ActHead8", text="Division 1—Transferring existing State accreditations etc."
[parser-unknown-class] "ItemHead", text="18  State accredited courses automatically accredited for the TEQSA Act"
[parser-unknown-class] "Subitem", text="(1) This Division applies in relation to each course of study that, immediately before the transi..."
[parser-unknown-class] "Subitem", text="(2) The course of study is taken to be course accredited by TEQSA in relation to the provider for..."
[parser-unknown-class] "Subitem", text="(3) The accreditation of the course of study is for the period:"
[parser-unknown-class] "Subitem", text="(4) Paragraph (3)(b) has effect subject to the following:"
[parser-unknown-class] "Subitem", text="(5) Subitem (3) applies to the accreditation instead of section 51 (about commencement and durati..."
[parser-unknown-class] "Subitem", text="(6) Subitems (2) and (3) have effect subject to Division 3 (about suspensions of automatic accred..."
[parser-unknown-class] "ActHead8", text="Division 2—Pending review decisions about State accreditations"
[parser-unknown-class] "ItemHead", text="19  Pending review decisions about State accreditations"
[parser-unknown-class] "Subitem", text="(1) A course of study is taken to be accredited by TEQSA, in relation to a higher education provi..."
[parser-unknown-class] "Subitem", text="(2) If item 18 does not apply in relation to the course of study, the accreditation of the course..."
[parser-unknown-class] "Subitem", text="(3) Paragraph (2)(b) has effect subject to the following:"
[parser-unknown-class] "Subitem", text="(4) Subitem (2) applies to the accreditation instead of section 51 (about commencement and durati..."
[parser-unknown-class] "ActHead8", text="Division 3—Suspended automatic TEQSA accreditations"
[parser-unknown-class] "ItemHead", text="20  Automatic TEQSA accreditation is suspended"
[parser-unknown-class] "Subitem", text="(1) This Division applies if, immediately before the transition time, a course of study has a sus..."
[parser-unknown-class] "Subitem", text="(2) The course of study’s accreditation because of item 18 in relation to the provider (the autom..."
[parser-unknown-class] "Subitem", text="(3) This suspension does not prevent TEQSA from doing anything under this Act, or the TEQSA Act, ..."
[parser-unknown-class] "ItemHead", text="21  Automatic lifting of suspension if pending review of State suspension"
[parser-unknown-class] "Subitem", text="(1) The suspension of the course of study’s automatic TEQSA accreditation is lifted if:"
[parser-unknown-class] "Subitem", text="(2) The suspension is lifted on the day the provider notifies TEQSA under paragraph (1)(c)."
[parser-unknown-class] "ItemHead", text="22  Lifting suspension if no pending review of State suspension"
[parser-unknown-class] "Subitem", text="(1) TEQSA must decide whether to lift the suspension of the course of study’s automatic TEQSA acc..."
[parser-unknown-class] "Subitem", text="(2) TEQSA must make its decision within 30 days after subitem (1) begins to apply."
[parser-unknown-class] "Subitem", text="(3) If under subitem (1) TEQSA decides to lift the suspension, TEQSA must, within 30 days, give t..."
[parser-unknown-class] "Subitem", text="(4) If under subitem (1) TEQSA decides not to lift the suspension:"
[parser-unknown-class] "ActHead8", text="Division 4—No inference that Standards met"
[parser-unknown-class] "ItemHead", text="23  No inference that Standards met"
[parser-unknown-class] "ActHead7", text="Part 5—Pending applications for State accreditation or re‑accreditation"
[parser-unknown-class] "ItemHead", text="24  Deciding pending applications for State accreditation or re‑accreditation"
[parser-unknown-class] "ItemHead", text="25  TEQSA Act operates in a modified way for TEQSA’s consideration of the application"
[parser-unknown-class] "Subitem", text="(1) The TEQSA Act has effect in relation to the application with the changes described in this item."
[parser-unknown-class] "Subitem", text="(2) The application is taken to be made under section 46 of the TEQSA Act if and when TEQSA recei..."
[parser-unknown-class] "Subitem", text="(3) The TEQSA Act has effect as if the following changes were made:"
[parser-unknown-class] "ItemHead", text="26  Automatic transitional TEQSA accreditation while TEQSA considers pending application for re‑a..."
[parser-unknown-class] "Subitem", text="(1) If the application mentioned in paragraph 24(a) was for re‑accreditation, the course of study..."
[parser-unknown-class] "Subitem", text="(2) The accreditation is for the period:"
[parser-unknown-class] "Subitem", text="(3) Paragraph (2)(b) has effect subject to the following:"
[parser-unknown-class] "Subitem", text="(4) Division 4 of Part 4 of the TEQSA Act does not apply to an accreditation that exists because ..."
[parser-unknown-class] "Subitem", text="(5) This item applies to the accreditation instead of sections 50 and 51 of the TEQSA Act."
[parser-unknown-class] "ItemHead", text="27  Consequences if fees already paid to registration authority"
[parser-unknown-class] "ActHead7", text="Part 6—Making the first Threshold Standards"
[parser-unknown-class] "ItemHead", text="28  Relevant Threshold Standards"
[parser-unknown-class] "Subitem", text="(1) For each of the Threshold Standards described in subitem (2), this Part applies if:"
[parser-unknown-class] "Subitem", text="(2) The relevant standards are as follows:"
[parser-unknown-class] "ItemHead", text="29  Making the first of those Threshold Standards"
[parser-unknown-class] "Subitem", text="(1) Subsections 58(3) and (4) of the TEQSA Act do not apply in relation to the making of the prop..."
[parser-unknown-class] "Subitem", text="(2) Before making the proposed standards, the Minister must:"
[parser-unknown-class] "Subitem", text="(3) If the proposed standards are made, the Panel must start to review them within the first year..."
[parser-unknown-class] "ActHead7", text="Part 7—Audits"
[parser-unknown-class] "ItemHead", text="30  TEQSA is to complete AUQA audits etc."
[parser-unknown-class] "Subitem", text="(1) For the purposes of the Higher Education Support Act 2003:"
[parser-unknown-class] "Subitem", text="(2) Subitem (3) applies if, before the changeover time, a thing was done by, or in relation to, A..."
[parser-unknown-class] "Subitem", text="(3) For the purposes of the Higher Education Support Act 2003, the thing is taken, after the chan..."
[parser-unknown-class] "Subitem", text="(4) The Minister may, by writing, determine that subitem (3) does not apply in relation to a spec..."
[parser-unknown-class] "Subitem", text="(5) To avoid doubt, doing a thing includes making an instrument."
[parser-unknown-class] "Subitem", text="(6) A determination under subitem (4) is not a legislative instrument."
[parser-unknown-class] "Subitem", text="(7) To avoid doubt, TEQSA may carry out a quality assessment or compliance assessment of a regist..."
[parser-unknown-class] "ActHead7", text="Part 8—Review of decisions"
[parser-unknown-class] "ItemHead", text="31  Rights of review of certain decisions"
[parser-unknown-class] "ActHead7", text="Part 9—Transfer of records"
[parser-unknown-class] "ItemHead", text="32  Transferring records to TEQSA"
[parser-unknown-class] "Subitem", text="(1) This item applies to any records or documents:"
[parser-unknown-class] "Subitem", text="(2) TEQSA may request the registration authority to give it a copy of the records or documents."
[parser-unknown-class] "Subitem", text="(3) The registration authority may comply with the request."
[parser-unknown-class] "ActHead7", text="Part 10—Miscellaneous"
[parser-unknown-class] "ItemHead", text="33  Transitional regulations"
[parser-unknown-class] "2ndRd", text="[Minister’s second reading speech made in—"
[parser-unknown-class] "2ndRd", text="Senate on 23 March 2011"
[parser-unknown-class] "2ndRd", text="House of Representatives on 22 June 2011]"
[parser-diag] processed 1026 <p> elements
[parser-diag] last section was added at element index: 408
[parser-diag] state phase at end: BODY
[parser-diag] hierarchy stack depth at end: 2
[parser-diag] insideSchedule at end: false
[parse] by level:
         section      10
         subdivision  1
[db] inserted new legislation row: 872cd4d4-c81a-4381-9c94-736f926a8985
[db] inserting 11 sections (pass 1)
[db] inserted 11 sections
[db] linking parent FKs (pass 2)
[db] linked 3 parent references

[done] ingested Tertiary Education Quality and Standards Agency (Consequential Amendments and Transitional Provisions) Act 2011
       legislation_id: 872cd4d4-c81a-4381-9c94-736f926a8985
       sections: 11
       compilation: 2011-06-29
