[fetch] document_1: https://www.legislation.gov.au/C2018A00066/2018-06-29/2018-06-29/text/original/epub/OEBPS/document_1/document_1.html
[fetch] document_1: 16,700 bytes
[fetch] document_2: https://www.legislation.gov.au/C2018A00066/2018-06-29/2018-06-29/text/original/epub/OEBPS/document_2/document_2.html
[fetch] document_2 not found — stopping. Fetched 1 document(s).
[fetch] combined 1 document(s), 16,700 source bytes → 15,317 combined bytes
[citation] National Housing Finance and Investment Corporation (Consequential Amendments and Transitional Provisions) Act 2018 (Cth)
[parse] starting
[parser-diag] total <p> elements found: 94
[parser-unknown-class] "ActHead6", text="Schedule 1—Amendments"
[parser-unknown-class] "ActHead9", text="Administrative Decisions (Judicial Review) Act 1977"
[parser-unknown-class] "ItemHead", text="1  At the end of Schedule 2"
[parser-unknown-class] "ActHead9", text="Freedom of Information Act 1982"
[parser-unknown-class] "ItemHead", text="2  Division 1 of Part II of Schedule 2 (after the item relating to the National Health and Medica..."
[parser-unknown-class] "ActHead6", text="Schedule 2—Transitional matters"
[parser-unknown-class] "ItemHead", text="1  Decisions not to be made before a particular day"
[parser-unknown-class] "Subitem", text="(1) The NHFIC must not, before:"
[parser-unknown-class] "Subitem", text="(2) The Minister may, by legislative instrument, determine a day for the purposes of this item. T..."
[parser-unknown-class] "2ndRd", text=""
[parser-unknown-class] "2ndRd", text="[Minister’s second reading speech made in—"
[parser-unknown-class] "2ndRd", text="House of Representatives on 15 February 2018"
[parser-unknown-class] "2ndRd", text="Senate on 19 March 2018]"
[parser-diag] processed 94 <p> elements
[parser-diag] last section was added at element index: 58
[parser-diag] state phase at end: BODY
[parser-diag] hierarchy stack depth at end: 1
[parser-diag] insideSchedule at end: false
[parse] sections: 3
[parse] compilation: date=(none) no=(none)
[parse] by level:
         section      3
[db] inserted new legislation row: ab00a07f-8136-4195-87c0-4a55ccb7ef95
[db] inserting 3 sections (pass 1)
[db] inserted 3 sections
[db] linking parent FKs (pass 2)
[db] linked 0 parent references

[done] ingested National Housing Finance and Investment Corporation (Consequential Amendments and Transitional Provisions) Act 2018
       legislation_id: ab00a07f-8136-4195-87c0-4a55ccb7ef95
       sections: 3
       compilation: 2018-06-29
