[fetch] document_1: https://www.legislation.gov.au/C2013A00015/2025-11-08/2025-11-08/text/original/epub/OEBPS/document_1/document_1.html
[fetch] document_1: 470,521 bytes
[fetch] document_2: https://www.legislation.gov.au/C2013A00015/2025-11-08/2025-11-08/text/original/epub/OEBPS/document_2/document_2.html
[fetch] document_2 not found — stopping. Fetched 1 document(s).
[fetch] combined 1 document(s), 470,521 source bytes → 468,727 combined bytes
[citation] Maritime Powers Act 2013 (Cth)
[parse] starting
[parser-diag] total <p> elements found: 1856
[parser-diag] processed 1856 <p> elements
[parser-diag] last section was added at element index: 1589
[parser-diag] state phase at end: ENDNOTES
[parser-diag] hierarchy stack depth at end: 3
[parser-diag] insideSchedule at end: false
[parse] sections: 183
[parse] compilation: date=2025-11-08 no=7
[parse] by level:
         part         7
         division     34
         section      133
         subdivision  9
[db] inserted new legislation row: 9555a14f-ea55-43d9-ab1c-6a968f9612b1
[db] inserting 183 sections (pass 1)
[db] inserted 183 sections
[db] linking parent FKs (pass 2)
[db] linked 176 parent references

[done] ingested Maritime Powers Act 2013
       legislation_id: 9555a14f-ea55-43d9-ab1c-6a968f9612b1
       sections: 183
       compilation: 2025-11-08
