[fetch] document_1: https://www.legislation.gov.au/C2012A00032/2013-04-12/2013-04-12/text/original/epub/OEBPS/document_1/document_1.html
[fetch] document_1: 72,579 bytes
[fetch] document_2: https://www.legislation.gov.au/C2012A00032/2013-04-12/2013-04-12/text/original/epub/OEBPS/document_2/document_2.html
[fetch] document_2 not found — stopping. Fetched 1 document(s).
[fetch] combined 1 document(s), 72,579 source bytes → 70,968 combined bytes
[citation] Family Law Amendment (Validation of Certain Orders and Other Measures) Act 2012 (Cth)
[parse] starting
[parser-diag] total <p> elements found: 291
[parser-unknown-class] "ActHead6", text="Schedule 1—Validation of certain orders"
[parser-unknown-class] "ActHead7", text="Part 1—Orders relating to de facto financial causes"
[parser-unknown-class] "ItemHead", text="1  Interpretation"
[parser-unknown-class] "Subitem", text="(1) In this Part:"
[parser-unknown-class] "Subitem", text="(2) Any other expression has the same meaning in this Part as in the Family Law Act 1975."
[parser-unknown-class] "ItemHead", text="2  Rights and liabilities of persons"
[parser-unknown-class] "Subitem", text="(1) Subject to subitem (3), the rights and liabilities of all persons are, by force of this item,..."
[parser-unknown-class] "Subitem", text="(2) Without limiting the effect of subitem (1):"
[parser-unknown-class] "Subitem", text="(3) Subitem (1) does not apply to liabilities arising from a conviction (or purported conviction)..."
[parser-unknown-class] "Subitem", text="(4) Subject to subitem (5), an affected order is:"
[parser-unknown-class] "Subitem", text="(5) If, before the commencement of this Part, a court or Registrar purported to vary, revoke, set..."
[parser-unknown-class] "ItemHead", text="3  Additional provisions relating to order‑based rights or liabilities"
[parser-unknown-class] "SubitemHead", text="Item applies to order‑based rights or liabilities"
[parser-unknown-class] "Subitem", text="(1) This item applies in relation to rights or liabilities (order‑based rights or liabilities):"
[parser-unknown-class] "SubitemHead", text="New order made on basis that affected order was or might be invalid"
[parser-unknown-class] "Subitem", text="(2) If:"
[parser-unknown-class] "SubitemHead", text="Variation, revocation etc. of order‑based rights or liabilities"
[parser-unknown-class] "Subitem", text="(3) A court or Registrar may vary, revoke, set aside, revive or suspend an order‑based right or l..."
[parser-unknown-class] "Subitem", text="(4) In addition to the powers of a court or Registrar under subitem (3), a court or Registrar als..."
[parser-unknown-class] "SubitemHead", text="Generality of item 2 not limited"
[parser-unknown-class] "Subitem", text="(5) Nothing in this item limits the generality of item 2."
[parser-unknown-class] "ItemHead", text="4  Evidence"
[parser-unknown-class] "ItemHead", text="5  Part does not apply to certain orders"
[parser-unknown-class] "ItemHead", text="6  Jurisdiction of courts"
[parser-unknown-class] "Subitem", text="(1) Subject to subitem (3), jurisdiction is conferred on:"
[parser-unknown-class] "Subitem", text="(2) Subject to subitem (3), each court of summary jurisdiction of each referring State is investe..."
[parser-unknown-class] "Subitem", text="(3) A court only has jurisdiction with respect to a matter arising under this Part if it has juri..."
[parser-unknown-class] "ItemHead", text="6A  Effect of change of name of Federal Magistrates Court"
[parser-unknown-class] "ActHead7", text="Part 2—Orders on appeal from Family Law Magistrates of Western Australia"
[parser-unknown-class] "ItemHead", text="7  Interpretation"
[parser-unknown-class] "Subitem", text="(1) In this Part:"
[parser-unknown-class] "Subitem", text="(2) Any other expression has the same meaning in this Part as in the Family Law Act 1975."
[parser-unknown-class] "ItemHead", text="8  Rights and liabilities of persons"
[parser-unknown-class] "Subitem", text="(1) Subject to subitem (3), the rights and liabilities of all persons are, by force of this item,..."
[parser-unknown-class] "Subitem", text="(2) Without limiting the effect of subitem (1):"
[parser-unknown-class] "Subitem", text="(3) Subitem (1) does not apply to liabilities arising from a conviction (or purported conviction)..."
[parser-unknown-class] "Subitem", text="(4) Subject to subitem (5), an affected order is:"
[parser-unknown-class] "Subitem", text="(5) If, before the commencement of this Part, a court or Registrar purported to vary, revoke, set..."
[parser-unknown-class] "ItemHead", text="9  Additional provisions relating to order‑based rights or liabilities"
[parser-unknown-class] "SubitemHead", text="Item applies to order‑based rights or liabilities"
[parser-unknown-class] "Subitem", text="(1) This item applies in relation to rights or liabilities (order‑based rights or liabilities):"
[parser-unknown-class] "SubitemHead", text="Variation, revocation etc. of order‑based rights or liabilities"
[parser-unknown-class] "Subitem", text="(2) A court or Registrar may vary, revoke, set aside, revive or suspend an order‑based right or l..."
[parser-unknown-class] "Subitem", text="(3) In addition to the powers of a court or Registrar under subitem (2), a court or Registrar als..."
[parser-unknown-class] "SubitemHead", text="Generality of item 8 not limited"
[parser-unknown-class] "Subitem", text="(4) Nothing in this item limits the generality of item 8."
[parser-unknown-class] "ItemHead", text="10  Evidence"
[parser-unknown-class] "ItemHead", text="11  Part does not apply to certain orders"
[parser-unknown-class] "ItemHead", text="12  Jurisdiction of courts"
[parser-unknown-class] "Subitem", text="(1) Subject to subitem (3), jurisdiction is conferred on:"
[parser-unknown-class] "Subitem", text="(2) Subject to subitem (3):"
[parser-unknown-class] "Subitem", text="(3) A court only has jurisdiction with respect to a matter arising under this Part if it has juri..."
[parser-unknown-class] "ItemHead", text="13  Effect of change of name of Federal Magistrates Court"
[parser-unknown-class] "ActHead6", text="Schedule 2—Amendments"
[parser-unknown-class] "ActHead9", text="Family Law Act 1975"
[parser-unknown-class] "ItemHead", text="1  Section 40 (heading)"
[parser-unknown-class] "ItemHead", text="2  Subsections 40(1) and (2)"
[parser-unknown-class] "ItemHead", text="3  Subsection 40(5)"
[parser-unknown-class] "ItemHead", text="4  Application of amendments"
[parser-diag] processed 291 <p> elements
[parser-diag] last section was added at element index: 231
[parser-diag] state phase at end: ENDNOTES
[parser-diag] hierarchy stack depth at end: 1
[parser-diag] insideSchedule at end: false
[parse] sections: 4
[parse] compilation: date=(none) no=(none)
[parse] by level:
         section      4
[db] inserted new legislation row: 622e8ede-a893-4268-9d88-85a75a70a0fe
[db] inserting 4 sections (pass 1)
[db] inserted 4 sections
[db] linking parent FKs (pass 2)
[db] linked 0 parent references

[done] ingested Family Law Amendment (Validation of Certain Orders and Other Measures) Act 2012
       legislation_id: 622e8ede-a893-4268-9d88-85a75a70a0fe
       sections: 4
       compilation: 2013-04-12
