[fetch] document_1: https://www.legislation.gov.au/C2011A00060/2011-06-28/2011-06-28/text/original/epub/OEBPS/document_1/document_1.html
[fetch] document_1: 217,787 bytes
[fetch] document_2: https://www.legislation.gov.au/C2011A00060/2011-06-28/2011-06-28/text/original/epub/OEBPS/document_2/document_2.html
[fetch] document_2 not found — stopping. Fetched 1 document(s).
[fetch] combined 1 document(s), 217,787 source bytes → 216,159 combined bytes
[citation] Combating the Financing of People Smuggling and Other Measures Act 2011 (Cth)
[parse] starting
[parser-diag] total <p> elements found: 900
[parser-unknown-class] "ActHead6", text="Schedule 1—Remittance dealers"
[parser-unknown-class] "ActHead7", text="Part 1—Amendments"
[parser-unknown-class] "ActHead9", text="Anti‑Money Laundering and Counter‑Terrorism Financing Act 2006"
[parser-unknown-class] "ItemHead", text="1  Section 4 (paragraph beginning “Providers of”)"
[parser-unknown-class] "ItemHead", text="2  Section 5"
[parser-unknown-class] "ItemHead", text="3  Section 5"
[parser-unknown-class] "ItemHead", text="4  Section 5 (definition of Register of Providers of Designated Remittance Services)"
[parser-unknown-class] "ItemHead", text="5  Section 5"
[parser-unknown-class] "ItemHead", text="6  Section 5"
[parser-unknown-class] "ItemHead", text="7  Section 5"
[parser-unknown-class] "ItemHead", text="8  Section 5"
[parser-unknown-class] "ItemHead", text="9  Section 5"
[parser-unknown-class] "ItemHead", text="10  Section 5"
[parser-unknown-class] "ItemHead", text="11  Section 5"
[parser-unknown-class] "ItemHead", text="12  Subsection 6(2) (after table item 32 of table 1)"
[parser-unknown-class] "notedraft", text=""
[parser-unknown-class] "ItemHead", text="13  Subsection 6(6)"
[parser-unknown-class] "ItemHead", text="14  At the end of section 36"
[parser-unknown-class] "ItemHead", text="15  At the end of subsections 42(5) and 44(5)"
[parser-unknown-class] "ItemHead", text="16  Subsection 49(1)"
[parser-unknown-class] "ItemHead", text="17  Paragraph 49(1)(h)"
[parser-unknown-class] "ItemHead", text="18  At the end of paragraph 49(1)(i)"
[parser-unknown-class] "ItemHead", text="18A  After subsection 49(1)"
[parser-unknown-class] "ItemHead", text="19  Subsection 49(2)"
[parser-unknown-class] "ItemHead", text="20  After section 49"
[parser-unknown-class] "ItemHead", text="21  Part 6 (heading)"
[parser-unknown-class] "ItemHead", text="22  Section 73"
[parser-unknown-class] "ItemHead", text="23  Before section 74"
[parser-unknown-class] "ItemHead", text="24  Subsection 74(1)"
[parser-unknown-class] "ItemHead", text="25  Paragraph 74(2)(a)"
[parser-unknown-class] "ItemHead", text="26  Subsection 74(4)"
[parser-unknown-class] "ItemHead", text="27  Subsection 74(6)"
[parser-unknown-class] "ItemHead", text="28  Paragraph 74(8)(a)"
[parser-unknown-class] "ItemHead", text="29  Subsection 74(10)"
[parser-unknown-class] "ItemHead", text="30  Subsections 74(11) and (12)"
[parser-unknown-class] "ItemHead", text="31  Sections 75, 76, 77, 78, 79 and 79A"
[parser-unknown-class] "ItemHead", text="32  After subsection 84(5)"
[parser-unknown-class] "ItemHead", text="33  After subsection 123(7)"
[parser-unknown-class] "ItemHead", text="34  Subparagraph 167(1)(a)(iii)"
[parser-unknown-class] "ItemHead", text="35  Division 3 of Part 15 (heading)"
[parser-unknown-class] "ItemHead", text="36  Subsection 184(1)"
[parser-unknown-class] "ItemHead", text="37  After subsection 184(1)"
[parser-unknown-class] "ItemHead", text="38  Section 185"
[parser-unknown-class] "ItemHead", text="39  Paragraph 185(c)"
[parser-unknown-class] "ItemHead", text="40  At the end of section 185"
[parser-unknown-class] "ItemHead", text="41  After section 186"
[parser-unknown-class] "ItemHead", text="42  Paragraph 188(1)(a)"
[parser-unknown-class] "ItemHead", text="43  Paragraph 189(a)"
[parser-unknown-class] "ItemHead", text="44  Subparagraph 189(b)(i)"
[parser-unknown-class] "ItemHead", text="45  Subparagraph 189(b)(ii)"
[parser-unknown-class] "ItemHead", text="46  Subparagraph 189(c)(i)"
[parser-unknown-class] "ItemHead", text="47  Subparagraph 189(c)(ii)"
[parser-unknown-class] "ItemHead", text="48  After subsection 190(2)"
[parser-unknown-class] "ActHead7", text="Part 2—Transitional provisions relating to reporting entities"
[parser-unknown-class] "ItemHead", text="49  Ongoing customer due diligence"
[parser-unknown-class] "Subitem", text="If an obligation is imposed by subsection 36(1) of the Anti‑Money Laundering and Counter‑Terroris..."
[parser-unknown-class] "ItemHead", text="50  AML/CTF Rules may make provision in relation to reports by certain reporting entities"
[parser-unknown-class] "Subitem", text="(1) The AML/CTF Rules may make provision for and in relation to reports required by Part 3 of the..."
[parser-unknown-class] "Subitem", text="(2) Without limiting subitem (1), the AML/CTF Rules may provide:"
[parser-unknown-class] "ItemHead", text="51  Tipping off"
[parser-unknown-class] "Subitem", text="(1) Subsection 123(2) of the Anti‑Money Laundering and Counter‑Terrorism Financing Act 2006 does ..."
[parser-unknown-class] "Subitem", text="(2) Subsection 123(2) of the Anti‑Money Laundering and Counter‑Terrorism Financing Act 2006 does ..."
[parser-unknown-class] "ItemHead", text="52  Application of the reporting entity provisions of the new law to remittance network providers"
[parser-unknown-class] "Subitem", text="(1) The following provisions of the Anti‑Money Laundering and Counter‑Terrorism Financing Act 200..."
[parser-unknown-class] "Subitem", text="(2) Subject to this Part and Part 4, the remaining provisions of the Anti‑Money Laundering and Co..."
[parser-unknown-class] "ActHead7", text="Part 3—Transitional provisions relating to other matters"
[parser-unknown-class] "ItemHead", text="53  Continuation of old law for certain purposes relating to the old Register"
[parser-unknown-class] "Subitem", text="(1) The Anti‑Money Laundering and Counter‑Terrorism Financing Act 2006 is taken to continue in op..."
[parser-unknown-class] "Subitem", text="(2) After the registration commencement day:"
[parser-unknown-class] "Subitem", text="(3) Despite subitems (1) and (2):"
[parser-unknown-class] "Subitem", text="(4) The AUSTRAC CEO must not give consent as mentioned in paragraph (3)(a) unless he or she is sa..."
[parser-unknown-class] "Subitem", text="(5) The AUSTRAC CEO may cancel a person’s registration on the old Register if the AUSTRAC CEO is ..."
[parser-unknown-class] "Subitem", text="(6) The AUSTRAC CEO must remove a person’s name and registrable details from the old Register if:"
[parser-unknown-class] "Subitem", text="(7) A decision to refuse consent under paragraph (3)(a) and a decision to cancel a person’s regis..."
[parser-unknown-class] "ItemHead", text="54  Cessation of Register"
[parser-unknown-class] "ItemHead", text="55  Modifications of new law for certain purposes"
[parser-unknown-class] "SubitemHead", text="Registrable remittance network services—persons who were providing such services immediately befo..."
[parser-unknown-class] "Subitem", text="(1) Subsection 74(1) of the new law does not apply to the provision of a registrable remittance n..."
[parser-unknown-class] "SubitemHead", text="Registrable designated remittance services—persons entered on old Register have 6 months to apply..."
[parser-unknown-class] "Subitem", text="(2) Subsection 74(1A) of the new law does not apply to the provision of a registrable designated ..."
[parser-unknown-class] "SubitemHead", text="Registrable designated remittance services provided by persons entered on old Register—persons en..."
[parser-unknown-class] "Subitem", text="(3) Subsection 74(1B) of the new law does not apply to the provision of a designated remittance s..."
[parser-unknown-class] "ItemHead", text="56  Continuation of certain provisions of the old law"
[parser-unknown-class] "Subitem", text="(1) Section 79A of the Anti‑Money Laundering and Counter‑Terrorism Financing Act 2006, as in forc..."
[parser-unknown-class] "Subitem", text="(2) Section 167 of the of the Anti‑Money Laundering and Counter‑Terrorism Financing Act 2006 has ..."
[parser-unknown-class] "ItemHead", text="57  Definitions"
[parser-unknown-class] "Subitem", text="(1) In this Part:"
[parser-unknown-class] "Subitem", text="(2) For the purposes of this Division, an application for registration of a person is finally det..."
[parser-unknown-class] "ActHead7", text="Part 4—Transitional regulations"
[parser-unknown-class] "ItemHead", text="58  Transitional regulations"
[parser-unknown-class] "ActHead6", text="Schedule 2—Amendments relating to designated agencies"
[parser-unknown-class] "ActHead9", text="Anti‑Money Laundering and Counter‑Terrorism Financing Act 2006"
[parser-unknown-class] "ItemHead", text="1  Section 5"
[parser-unknown-class] "ItemHead", text="2  Section 5"
[parser-unknown-class] "ItemHead", text="3  Section 5"
[parser-unknown-class] "ItemHead", text="4  Section 5"
[parser-unknown-class] "ItemHead", text="5  Section 5 (after paragraph (k) of the definition of designated agency)"
[parser-unknown-class] "ItemHead", text="6  Section 5 (after paragraph (ga) of the definition of designated agency)"
[parser-unknown-class] "ItemHead", text="7  Section 5"
[parser-unknown-class] "ItemHead", text="8  Section 5"
[parser-unknown-class] "ItemHead", text="9  Section 5"
[parser-unknown-class] "ItemHead", text="10  Section 5"
[parser-unknown-class] "ItemHead", text="11  Section 5"
[parser-unknown-class] "ItemHead", text="12  Paragraph 127(3)(b)"
[parser-unknown-class] "ItemHead", text="13  Subsection 127(4)"
[parser-unknown-class] "ItemHead", text="14  After subsection 128(13A)"
[parser-unknown-class] "ItemHead", text="15  Paragraphs 128(19)(a), (b), (ba), (d), (e), (ea) and (g)"
[parser-unknown-class] "ItemHead", text="16  At the end of Subdivision D of Division 4 of Part 11"
[parser-unknown-class] "ActHead6", text="Schedule 3—Verification of identity"
[parser-unknown-class] "ActHead9", text="Anti‑Money Laundering and Counter‑Terrorism Financing Act 2006"
[parser-unknown-class] "ItemHead", text="1  Section 5"
[parser-unknown-class] "ItemHead", text="2  Section 5"
[parser-unknown-class] "ItemHead", text="3  Section 5"
[parser-unknown-class] "ItemHead", text="4  Section 5"
[parser-unknown-class] "ItemHead", text="5  Section 5"
[parser-unknown-class] "ItemHead", text="6  After Division 5 of Part 2"
[parser-unknown-class] "ItemHead", text="7  Subsection 37(1)"
[parser-unknown-class] "ItemHead", text="8  Subsection 37(2)"
[parser-unknown-class] "ItemHead", text="9  Subsection 37(3)"
[parser-unknown-class] "ItemHead", text="10  At the end of section 37"
[parser-unknown-class] "ActHead9", text="Privacy Act 1988"
[parser-unknown-class] "ItemHead", text="11  Subsection 6(1)"
[parser-unknown-class] "ItemHead", text="12  Subsection 6(1)"
[parser-unknown-class] "ItemHead", text="13  Subsection 6E(1A)"
[parser-unknown-class] "ItemHead", text="14  Subsection 6E(1A)"
[parser-unknown-class] "ItemHead", text="15  Section 13 (note)"
[parser-unknown-class] "ItemHead", text="16  At the end of section 13 (after the note)"
[parser-unknown-class] "ItemHead", text="17  Subsection 13A(1) (note)"
[parser-unknown-class] "ItemHead", text="18  At the end of subsection 13A(1)(after the note)"
[parser-unknown-class] "ItemHead", text="19  Subsection 49(1)"
[parser-unknown-class] "ItemHead", text="20  Subsection 49(4)"
[parser-unknown-class] "ActHead6", text="Schedule 4—Amendment of the Financial Transaction Reports Act 1988"
[parser-unknown-class] "ItemHead", text="1  After section 41"
[parser-unknown-class] "2ndRd", text=""
[parser-unknown-class] "2ndRd", text="[Minister’s second reading speech made in—"
[parser-unknown-class] "2ndRd", text="House of Representatives on 9 February 2011"
[parser-unknown-class] "2ndRd", text="Senate on 23 March 2011]"
[parser-diag] processed 900 <p> elements
[parser-diag] last section was added at element index: 875
[parser-diag] state phase at end: BODY
[parser-diag] hierarchy stack depth at end: 3
[parser-diag] insideSchedule at end: false
[parse] sections: 46
[parse] compilation: date=(none) no=(none)
[parse] by level:
         section      38
         part         1
         division     7
[db] inserted new legislation row: 628d2a41-e22f-4ad7-823d-9e2b2763dc07
[db] inserting 46 sections (pass 1)
[db] inserted 46 sections
[db] linking parent FKs (pass 2)
[db] linked 41 parent references

[done] ingested Combating the Financing of People Smuggling and Other Measures Act 2011
       legislation_id: 628d2a41-e22f-4ad7-823d-9e2b2763dc07
       sections: 46
       compilation: 2011-06-28
