[fetch] document_1: https://www.legislation.gov.au/C2012A00159/2025-02-21/2025-02-21/text/original/epub/OEBPS/document_1/document_1.html
[fetch] document_1: 237,682 bytes
[fetch] document_2: https://www.legislation.gov.au/C2012A00159/2025-02-21/2025-02-21/text/original/epub/OEBPS/document_2/document_2.html
[fetch] document_2 not found — stopping. Fetched 1 document(s).
[fetch] combined 1 document(s), 237,682 source bytes → 235,648 combined bytes
[citation] Fair Entitlements Guarantee Act 2012 (Cth)
[parse] starting
[parser-diag] total <p> elements found: 904
[parser-diag] processed 904 <p> elements
[parser-diag] last section was added at element index: 734
[parser-diag] state phase at end: ENDNOTES
[parser-diag] hierarchy stack depth at end: 2
[parser-diag] insideSchedule at end: false
[parse] sections: 82
[parse] compilation: date=2025-02-21 no=5
[parse] by level:
         part         7
         section      56
         division     11
         subdivision  8
[db] inserted new legislation row: 3f70e9df-317c-42f7-b5bb-cb373496056d
[db] inserting 82 sections (pass 1)
[db] inserted 82 sections
[db] linking parent FKs (pass 2)
[db] linked 75 parent references

[done] ingested Fair Entitlements Guarantee Act 2012
       legislation_id: 3f70e9df-317c-42f7-b5bb-cb373496056d
       sections: 82
       compilation: 2025-02-21
