[fetch] document_1: https://www.legislation.gov.au/C2014A00081/2025-08-03/2025-08-03/text/original/epub/OEBPS/document_1/document_1.html
[fetch] document_1: 389,359 bytes
[fetch] document_2: https://www.legislation.gov.au/C2014A00081/2025-08-03/2025-08-03/text/original/epub/OEBPS/document_2/document_2.html
[fetch] document_2 not found — stopping. Fetched 1 document(s).
[fetch] combined 1 document(s), 389,359 source bytes → 387,199 combined bytes
[citation] Australian Apprenticeship Support Loans Act 2014 (Cth)
[parse] starting
[parser-diag] total <p> elements found: 1505
[parser-unknown-class] "BoxStep", text="Step 1. Take the person’s accumulated AASL debt for the immediately preceding financial year. (Th..."
[parser-unknown-class] "BoxStep", text="Step 2. Add the sum of all of the AASL debts (if any) that the person incurred during the last 6 ..."
[parser-unknown-class] "BoxStep", text="Step 3. Subtract the amount of the completion discount for the person, if the Secretary notified ..."
[parser-unknown-class] "BoxStep", text="Step 4. Subtract the sum of the amounts by which the person’s debts referred to in steps 1 and 2 ..."
[parser-unknown-class] "BoxStep", text="Step 5. Subtract the sum of all of the person’s compulsory AASL repayment amounts that:"
[parser-unknown-class] "BoxStep", text="Step 6. Subtract the sum of the amounts by which any compulsory AASL repayment amount of the pers..."
[parser-unknown-class] "BoxStep", text="Step 7. Add the sum of the amounts by which any compulsory AASL repayment amount of the person is..."
[parser-unknown-class] "BoxStep", text="Step 1. Add:"
[parser-unknown-class] "BoxStep", text="Step 2.  Add:"
[parser-unknown-class] "BoxStep", text="Step 3. The CPI indexation factor for 1 June in the financial year is the amount under step 1 div..."
[parser-unknown-class] "BoxStep", text="Step 1. Add:"
[parser-unknown-class] "BoxStep", text="Step 2. Add:"
[parser-unknown-class] "BoxStep", text="Step 3. The *WPI indexation factor for 1 June in the financial year is the amount under step 1 di..."
[parser-unknown-class] "BoxStep", text="Step 8. Reduce the amount worked out under step 7 by 20%."
[parser-unknown-class] "BoxStep", text="Step 1. Use subsection (4) to work out the annual indexation factor for the amount on the indexat..."
[parser-unknown-class] "BoxStep", text="Step 2. Multiply the amount that is to be indexed by the annual indexation factor."
[parser-unknown-class] "BoxStep", text="Step 3. If the result of step 2 is an amount of whole dollars, the result is the indexed amount. ..."
[parser-diag] processed 1505 <p> elements
[parser-diag] last section was added at element index: 1107
[parser-diag] state phase at end: ENDNOTES
[parser-diag] hierarchy stack depth at end: 3
[parser-diag] insideSchedule at end: false
[parse] sections: 150
[parse] compilation: date=2025-08-03 no=10
[parse] by level:
         chapter      5
         part         11
         section      112
         division     19
         subdivision  3
[db] inserted new legislation row: 4c78b5ca-c49f-4bd6-9984-69ca40416e72
[db] inserting 150 sections (pass 1)
[db] inserted 150 sections
[db] linking parent FKs (pass 2)
[db] linked 145 parent references

[done] ingested Australian Apprenticeship Support Loans Act 2014
       legislation_id: 4c78b5ca-c49f-4bd6-9984-69ca40416e72
       sections: 150
       compilation: 2025-08-03
