[fetch] document_1: https://www.legislation.gov.au/C2013A00072/2013-06-27/2013-06-27/text/original/epub/OEBPS/document_1/document_1.html
[fetch] document_1: 40,485 bytes
[fetch] document_2: https://www.legislation.gov.au/C2013A00072/2013-06-27/2013-06-27/text/original/epub/OEBPS/document_2/document_2.html
[fetch] document_2 not found — stopping. Fetched 1 document(s).
[fetch] combined 1 document(s), 40,485 source bytes → 39,094 combined bytes
[citation] Australia Council (Consequential and Transitional Provisions) Act 2013 (Cth)
[parse] starting
[parser-diag] total <p> elements found: 187
[parser-unknown-class] "ActHead6", text="Schedule 1—Repeal"
[parser-unknown-class] "ActHead9", text="Australia Council Act 1975"
[parser-unknown-class] "ItemHead", text="1  The whole of the Act"
[parser-unknown-class] "ActHead6", text="Schedule 2—Transitional provisions"
[parser-unknown-class] "ActHead7", text="Part 1—Introduction"
[parser-unknown-class] "ItemHead", text="1  Definitions"
[parser-unknown-class] "ActHead7", text="Part 2—The Council"
[parser-unknown-class] "ItemHead", text="2  Continuation of appointments of Chairperson and Deputy Chairperson"
[parser-unknown-class] "SubitemHead", text="Chairperson"
[parser-unknown-class] "Subitem", text="(1) Subitem (2) applies to the person who, immediately before the transition time, holds office a..."
[parser-unknown-class] "Subitem", text="(2) The instrument appointing the person to that office has effect, after the transition time, as..."
[parser-unknown-class] "Subitem", text="(3) A determination, in relation to the Chairperson of the old Council, that is in force immediat..."
[parser-unknown-class] "SubitemHead", text="Deputy Chairperson"
[parser-unknown-class] "Subitem", text="(4) Subitem (5) applies to the person who, immediately before the transition time, holds office a..."
[parser-unknown-class] "Subitem", text="(5) The instrument appointing the person to that office has effect, after the transition time, as..."
[parser-unknown-class] "Subitem", text="(6) A determination, in relation to the Deputy Chairperson of the old Council, that is in force i..."
[parser-unknown-class] "ItemHead", text="3  Continuation of appointment of General Manager"
[parser-unknown-class] "Subitem", text="(1) Subitem (2) applies to the person who, immediately before the transition time:"
[parser-unknown-class] "Subitem", text="(2) The instrument appointing the person to that office, or to act in that office, has effect, af..."
[parser-unknown-class] "Subitem", text="(3) A determination, in relation to the General Manager of the old Council, that is in force imme..."
[parser-unknown-class] "Subitem", text="(4) A determination, in relation to the General Manager of the old Council, that is in force imme..."
[parser-unknown-class] "ItemHead", text="4  Appointments of other members and officers"
[parser-unknown-class] "Subitem", text="(1) This item applies to a person who, immediately before the transition time, holds office as an..."
[parser-unknown-class] "Subitem", text="(2) The person ceases to hold that office at the transition time."
[parser-unknown-class] "Subitem", text="(3) Nothing in this item prevents the person being appointed to an office under the new Act."
[parser-unknown-class] "ItemHead", text="5  Periods of appointment as member of old Council"
[parser-unknown-class] "ItemHead", text="6  Appointments of first members of new Board"
[parser-unknown-class] "ActHead7", text="Part 3—Effect of the Council transition"
[parser-unknown-class] "ItemHead", text="7  Object"
[parser-unknown-class] "Subitem", text="(1) The object of this Part is to avoid doubt about the effect of the Council transition on certa..."
[parser-unknown-class] "Subitem", text="(2) This Part has effect subject to the other provisions of this Schedule."
[parser-unknown-class] "ItemHead", text="8  Employees of old Council"
[parser-unknown-class] "Subitem", text="(1) The Council transition does not affect the continuity of the employment, or the terms and con..."
[parser-unknown-class] "Subitem", text="(2) Those persons are taken, after the transition time, to be employees as referred to in section..."
[parser-unknown-class] "ItemHead", text="9  Assets and liabilities of old Council"
[parser-unknown-class] "ItemHead", text="10  References in instruments to old Council"
[parser-unknown-class] "ItemHead", text="11  Effect of things done by, or in relation to, the old Council"
[parser-unknown-class] "ItemHead", text="12  Legal proceedings"
[parser-unknown-class] "ActHead7", text="Part 4—Reporting obligations"
[parser-unknown-class] "ItemHead", text="13  Final annual report of the old Council"
[parser-unknown-class] "Subitem", text="(1) The members of the new Board must prepare a report in accordance with Schedule 1 to the Commo..."
[parser-unknown-class] "Subitem", text="(2) However, the report need not cover a period that has already been covered by a report given t..."
[parser-unknown-class] "Subitem", text="(3) The report must include the matters described in subsection 38(1) of the old Act as in force ..."
[parser-unknown-class] "Subitem", text="(4) Schedule 1 to the Commonwealth Authorities and Companies Act 1997, and the Finance Minister’s..."
[parser-unknown-class] "Subitem", text="(5) The members of the new Board must give the report to the Minister by the 15th day of the four..."
[parser-unknown-class] "Subitem", text="(6) The Minister must table the report in each House of the Parliament as soon as practicable."
[parser-unknown-class] "Subitem", text="(7) In this item:"
[parser-unknown-class] "ItemHead", text="14  Contravention of final annual reporting requirement"
[parser-unknown-class] "Subitem", text="(1) If a final annual reporting requirement is contravened, each member of the new Board who:"
[parser-unknown-class] "Subitem", text="(2) Schedule 2 to the Commonwealth Authorities and Companies Act 1997 applies in relation to a co..."
[parser-unknown-class] "Subitem", text="(3) If a contravention of a final annual reporting requirement consists of an omission from the f..."
[parser-unknown-class] "Subitem", text="(4) In this item:"
[parser-unknown-class] "ItemHead", text="15  First annual report of the continued Council"
[parser-unknown-class] "ItemHead", text="16  Review of performance in corporate plan"
[parser-unknown-class] "ActHead7", text="Part 5—Miscellaneous"
[parser-unknown-class] "ItemHead", text="17  Exemption from stamp duty and other State or Territory taxes"
[parser-unknown-class] "Subitem", text="(1) No stamp duty or other tax is payable under a law of a State or a Territory in respect of an ..."
[parser-unknown-class] "Subitem", text="(2) For the purpose of this item, an exempt matter is the operation of this Schedule in any respect."
[parser-unknown-class] "Subitem", text="(3) The Minister may certify in writing:"
[parser-unknown-class] "Subitem", text="(4) In all courts, and for all purposes (other than for the purposes of criminal proceedings), a ..."
[parser-unknown-class] "Subitem", text="(5) A certificate made under subitem (3) is not a legislative instrument."
[parser-unknown-class] "ItemHead", text="18  Rules"
[parser-unknown-class] "Subitem", text="(1) The Minister may, by legislative instrument, make rules prescribing matters:"
[parser-unknown-class] "Subitem", text="(2) The rules may prescribe matters of a transitional nature (including prescribing any saving or..."
[parser-unknown-class] "2ndRd", text="[Minister’s second reading speech made in—"
[parser-unknown-class] "2ndRd", text="House of Representatives on 20 March 2013"
[parser-unknown-class] "2ndRd", text="Senate on 17 June 2013]"
[parser-diag] processed 187 <p> elements
[parser-diag] last section was added at element index: 69
[parser-diag] state phase at end: BODY
[parser-diag] hierarchy stack depth at end: 1
[parser-diag] insideSchedule at end: false
[parse] sections: 3
[parse] compilation: date=(none) no=(none)
[parse] by level:
         section      3
[db] inserted new legislation row: e80357b1-a26b-465b-94eb-c3966cc0bd4d
[db] inserting 3 sections (pass 1)
[db] inserted 3 sections
[db] linking parent FKs (pass 2)
[db] linked 0 parent references

[done] ingested Australia Council (Consequential and Transitional Provisions) Act 2013
       legislation_id: e80357b1-a26b-465b-94eb-c3966cc0bd4d
       sections: 3
       compilation: 2013-06-27
