[fetch] document_1: https://www.legislation.gov.au/C2011A00186/2024-06-12/2024-06-12/text/original/epub/OEBPS/document_1/document_1.html
[fetch] document_1: 60,720 bytes
[fetch] document_2: https://www.legislation.gov.au/C2011A00186/2024-06-12/2024-06-12/text/original/epub/OEBPS/document_2/document_2.html
[fetch] document_2 not found — stopping. Fetched 1 document(s).
[fetch] combined 1 document(s), 60,720 source bytes → 58,815 combined bytes
[citation] Human Rights (Parliamentary Scrutiny) Act 2011 (Cth)
[parse] starting
[parser-diag] total <p> elements found: 268
[parser-diag] processed 268 <p> elements
[parser-diag] last section was added at element index: 130
[parser-diag] state phase at end: ENDNOTES
[parser-diag] hierarchy stack depth at end: 2
[parser-diag] insideSchedule at end: false
[parse] sections: 14
[parse] compilation: date=2024-06-12 no=4
[parse] by level:
         part         4
         section      10
[db] inserted new legislation row: f2af1758-c2ac-48e1-8002-2a1350619a92
[db] inserting 14 sections (pass 1)
[db] inserted 14 sections
[db] linking parent FKs (pass 2)
[db] linked 10 parent references

[done] ingested Human Rights (Parliamentary Scrutiny) Act 2011
       legislation_id: f2af1758-c2ac-48e1-8002-2a1350619a92
       sections: 14
       compilation: 2024-06-12
