[fetch] document_1: https://www.legislation.gov.au/C2010A00011/2018-07-01/2018-07-01/text/original/epub/OEBPS/document_1/document_1.html
[fetch] document_1: 53,682 bytes
[fetch] document_2: https://www.legislation.gov.au/C2010A00011/2018-07-01/2018-07-01/text/original/epub/OEBPS/document_2/document_2.html
[fetch] document_2 not found — stopping. Fetched 1 document(s).
[fetch] combined 1 document(s), 53,682 source bytes → 51,834 combined bytes
[citation] Astronomical Functions Act 2010 (Cth)
[parse] starting
[parser-diag] total <p> elements found: 254
[parser-diag] processed 254 <p> elements
[parser-diag] last section was added at element index: 101
[parser-diag] state phase at end: ENDNOTES
[parser-diag] hierarchy stack depth at end: 2
[parser-diag] insideSchedule at end: false
[parse] sections: 16
[parse] compilation: date=2018-07-01 no=3
[parse] by level:
         part         3
         section      13
[db] inserted new legislation row: 8a7092a3-0ae5-4000-9bf0-387aab6e62ee
[db] inserting 16 sections (pass 1)
[db] inserted 16 sections
[db] linking parent FKs (pass 2)
[db] linked 13 parent references

[done] ingested Astronomical Functions Act 2010
       legislation_id: 8a7092a3-0ae5-4000-9bf0-387aab6e62ee
       sections: 16
       compilation: 2018-07-01
