[fetch] document_1: https://www.legislation.gov.au/C2015A00138/2025-12-05/2025-12-05/text/original/epub/OEBPS/document_1/document_1.html
[fetch] document_1: 142,977 bytes
[fetch] document_2: https://www.legislation.gov.au/C2015A00138/2025-12-05/2025-12-05/text/original/epub/OEBPS/document_2/document_2.html
[fetch] document_2 not found — stopping. Fetched 1 document(s).
[fetch] combined 1 document(s), 142,977 source bytes → 141,037 combined bytes
[citation] Australian Immunisation Register Act 2015 (Cth)
[parse] starting
[parser-diag] total <p> elements found: 591
[parser-diag] processed 591 <p> elements
[parser-diag] last section was added at element index: 380
[parser-diag] state phase at end: ENDNOTES
[parser-diag] hierarchy stack depth at end: 2
[parser-diag] insideSchedule at end: false
[parse] sections: 40
[parse] compilation: date=2025-12-05 no=7
[parse] by level:
         part         4
         section      30
         division     6
[db] inserted new legislation row: b5e5d3e1-8f46-4522-80b6-96b78ae0e764
[db] inserting 40 sections (pass 1)
[db] inserted 40 sections
[db] linking parent FKs (pass 2)
[db] linked 36 parent references

[done] ingested Australian Immunisation Register Act 2015
       legislation_id: b5e5d3e1-8f46-4522-80b6-96b78ae0e764
       sections: 40
       compilation: 2025-12-05
