[fetch] document_1: https://www.legislation.gov.au/C2019A00053/2025-11-08/2025-11-08/text/original/epub/OEBPS/document_1/document_1.html
[fetch] document_1: 168,722 bytes
[fetch] document_2: https://www.legislation.gov.au/C2019A00053/2025-11-08/2025-11-08/text/original/epub/OEBPS/document_2/document_2.html
[fetch] document_2 not found — stopping. Fetched 1 document(s).
[fetch] combined 1 document(s), 168,722 source bytes → 166,735 combined bytes
[citation] Counter-Terrorism (Temporary Exclusion Orders) Act 2019 (Cth)
[parse] starting
[parser-diag] total <p> elements found: 635
[parser-diag] processed 635 <p> elements
[parser-diag] last section was added at element index: 500
[parser-diag] state phase at end: ENDNOTES
[parser-diag] hierarchy stack depth at end: 2
[parser-diag] insideSchedule at end: false
[parse] sections: 36
[parse] compilation: date=2025-11-08 no=2
[parse] by level:
         part         3
         section      31
         division     2
[db] inserted new legislation row: 83e1c7b1-36fe-4b2e-a4e3-fc1427e5b37b
[db] inserting 36 sections (pass 1)
[db] inserted 36 sections
[db] linking parent FKs (pass 2)
[db] linked 33 parent references

[done] ingested Counter-Terrorism (Temporary Exclusion Orders) Act 2019
       legislation_id: 83e1c7b1-36fe-4b2e-a4e3-fc1427e5b37b
       sections: 36
       compilation: 2025-11-08
