[fetch] document_1: https://www.legislation.gov.au/C2014A00103/2014-09-24/2014-09-24/text/original/epub/OEBPS/document_1/document_1.html
[fetch] document_1: 61,416 bytes
[fetch] document_2: https://www.legislation.gov.au/C2014A00103/2014-09-24/2014-09-24/text/original/epub/OEBPS/document_2/document_2.html
[fetch] document_2 not found — stopping. Fetched 1 document(s).
[fetch] combined 1 document(s), 61,416 source bytes → 60,363 combined bytes
[citation] Health Workforce Australia (Abolition) Act 2014 (Cth)
[parse] starting
[parser-diag] total <p> elements found: 304
[parser-unknown-class] "ActHead6", text="Schedule 1—Amendments"
[parser-unknown-class] "ActHead7", text="Part 1—Royal Assent"
[parser-unknown-class] "ActHead9", text="Health Workforce Australia Act 2009"
[parser-unknown-class] "ItemHead", text="1  Subsection 4(3)"
[parser-unknown-class] "ItemHead", text="2  Section 7"
[parser-unknown-class] "ItemHead", text="3  Subsection 28(1)"
[parser-unknown-class] "ItemHead", text="4  Subsection 28(2)"
[parser-unknown-class] "ItemHead", text="5  Subsection 31(2)"
[parser-unknown-class] "ItemHead", text="6  Subsection 31(3)"
[parser-unknown-class] "ItemHead", text="7  Section 32"
[parser-unknown-class] "ItemHead", text="8  Subsections 33(1) and (2)"
[parser-unknown-class] "ItemHead", text="9  Subsection 33(3)"
[parser-unknown-class] "ItemHead", text="10  Subsection 34(1)"
[parser-unknown-class] "ItemHead", text="11  Subsection 34(2)"
[parser-unknown-class] "ItemHead", text="12  Subsection 34(3)"
[parser-unknown-class] "ItemHead", text="13  Paragraph 34(3)(d)"
[parser-unknown-class] "ItemHead", text="14  Subsection 34(4)"
[parser-unknown-class] "ItemHead", text="15  Section 35"
[parser-unknown-class] "ItemHead", text="16  After section 38"
[parser-unknown-class] "ItemHead", text="17  Section 40"
[parser-unknown-class] "ItemHead", text="18  Termination of appointment of members"
[parser-unknown-class] "ActHead7", text="Part 2—Repeals at Proclamation date"
[parser-unknown-class] "ActHead9", text="Health Workforce Australia Act 2009"
[parser-unknown-class] "ItemHead", text="19  The whole of the Act"
[parser-unknown-class] "ActHead7", text="Part 3—Transitional provisions"
[parser-unknown-class] "ActHead8", text="Division 1—Introduction"
[parser-unknown-class] "ItemHead", text="20  Definitions"
[parser-unknown-class] "ActHead8", text="Division 2—Transfer of assets and liabilities"
[parser-unknown-class] "ItemHead", text="21  Vesting of assets of HWA"
[parser-unknown-class] "Subitem", text="(1) This item applies to the assets of HWA immediately before the commencement time."
[parser-unknown-class] "Subitem", text="(2) At the commencement time, the assets cease to be assets of HWA and become assets of the Commo..."
[parser-unknown-class] "ItemHead", text="22  Vesting of liabilities of HWA"
[parser-unknown-class] "Subitem", text="(1) This item applies to the liabilities of HWA immediately before the commencement time."
[parser-unknown-class] "Subitem", text="(2) At the commencement time, the liabilities cease to be liabilities of HWA and become liabiliti..."
[parser-unknown-class] "ItemHead", text="23  Transfers of land may be registered"
[parser-unknown-class] "Subitem", text="(1) This item applies if:"
[parser-unknown-class] "Subitem", text="(2) The land registration official may:"
[parser-unknown-class] "Subitem", text="(3) A certificate under paragraph (1)(b) is not a legislative instrument."
[parser-unknown-class] "ItemHead", text="24  Certificates relating to vesting of assets other than land"
[parser-unknown-class] "Subitem", text="(1) This item applies if:"
[parser-unknown-class] "Subitem", text="(2) The assets official may:"
[parser-unknown-class] "Subitem", text="(3) A certificate made under paragraph (1)(b) is not a legislative instrument."
[parser-unknown-class] "ActHead8", text="Division 3—Transfer of other matters"
[parser-unknown-class] "ItemHead", text="25  Acts of HWA to be attributed to the Commonwealth"
[parser-unknown-class] "Subitem", text="(1) This item applies to anything done by, or in relation to, HWA before the commencement time."
[parser-unknown-class] "Subitem", text="(2) After the commencement time, the thing has effect as if it had been done by, or in relation t..."
[parser-unknown-class] "ItemHead", text="26  Substitution of the Commonwealth as a party to certain pending proceedings"
[parser-unknown-class] "Subitem", text="(1) This item applies if any proceedings to which HWA was a party were pending in any court or tr..."
[parser-unknown-class] "Subitem", text="(2) The Commonwealth is substituted for HWA, from the commencement time, as a party to those proc..."
[parser-unknown-class] "ItemHead", text="27  Transfer of records to the Department"
[parser-unknown-class] "Subitem", text="(1) This item applies to any records or documents that were in the possession of HWA immediately ..."
[parser-unknown-class] "Subitem", text="(2) The records and documents are to be transferred to the Department after the commencement time."
[parser-unknown-class] "ItemHead", text="28  Transfer of Ombudsman investigations"
[parser-unknown-class] "ItemHead", text="29  References in certain instruments to HWA"
[parser-unknown-class] "Subitem", text="(1) If:"
[parser-unknown-class] "Subitem", text="(2) For the purposes of this item, instrument:"
[parser-unknown-class] "Subitem", text="(3) For the purposes of this item, exempt instrument means:"
[parser-unknown-class] "Subitem", text="(4) The Minister may, by legislative instrument, specify one or more instruments for the purposes..."
[parser-unknown-class] "ActHead8", text="Division 4—Annual reporting obligation"
[parser-unknown-class] "ItemHead", text="30  Final annual report"
[parser-unknown-class] "ItemHead", text="31  Final annual report based on new law"
[parser-unknown-class] "SubitemHead", text="Secretary to prepare report"
[parser-unknown-class] "Subitem", text="(1) The Secretary must prepare a report for HWA in accordance with section 46 of the Public Gover..."
[parser-unknown-class] "Subitem", text="(2) The final reporting period is the period that:"
[parser-unknown-class] "SubitemHead", text="Report to include financial statements"
[parser-unknown-class] "Subitem", text="(3) The report must include financial statements for the final reporting period."
[parser-unknown-class] "Subitem", text="(4) If the final reporting period begins on or after 1 July 2014, then the financial statements f..."
[parser-unknown-class] "Subitem", text="(5) However, if the final reporting period begins before 1 July 2014, then:"
[parser-unknown-class] "Subitem", text="(6) For subitems (1) and (4) and paragraph (5)(a), sections 42, 43 and 46 of the Public Governanc..."
[parser-unknown-class] "Subitem", text="(7) For paragraph (5)(b), Schedule 1 to the Commonwealth Authorities and Companies Act 1997, and ..."
[parser-unknown-class] "SubitemHead", text="Secretary to give report to Minister"
[parser-unknown-class] "Subitem", text="(8) The Secretary must give the report to the Minister by the 15th day of the fourth month after ..."
[parser-unknown-class] "SubitemHead", text="Minister to table report in Parliament"
[parser-unknown-class] "Subitem", text="(9) The Minister must table the report in each House of the Parliament as soon as practicable."
[parser-unknown-class] "ItemHead", text="32  Final annual report based on old law"
[parser-unknown-class] "Subitem", text="(1) The Secretary must prepare a report for HWA in accordance with Schedule 1 to the Commonwealth..."
[parser-unknown-class] "Subitem", text="(2) The final reporting period is the period that:"
[parser-unknown-class] "Subitem", text="(3) Schedule 1 to that Act, and the Finance Minister’s Orders referred to in that Schedule, apply..."
[parser-unknown-class] "Subitem", text="(4) The Secretary must give the report to the Minister by the 15th day of the fourth month after ..."
[parser-unknown-class] "Subitem", text="(5) The Minister must table the report in each House of the Parliament as soon as practicable."
[parser-unknown-class] "ActHead8", text="Division 5—Staff"
[parser-unknown-class] "ItemHead", text="33  No transfer of appointment, engagement or employment of staff"
[parser-unknown-class] "Subitem", text="(1) Nothing in this Part produces the result that the appointment, engagement or employment of an..."
[parser-unknown-class] "Subitem", text="(2) In this item:"
[parser-unknown-class] "ActHead8", text="Division 6—Miscellaneous"
[parser-unknown-class] "ItemHead", text="34  Exemption from stamp duty and other State or Territory taxes"
[parser-unknown-class] "Subitem", text="(1) No stamp duty or other tax is payable under a law of a State or a Territory in respect of an ..."
[parser-unknown-class] "Subitem", text="(2) For the purposes of this item, an exempt matter is:"
[parser-unknown-class] "Subitem", text="(3) The Minister may certify in writing:"
[parser-unknown-class] "Subitem", text="(4) In all courts, and for all purposes (other than for the purposes of criminal proceedings), a ..."
[parser-unknown-class] "ItemHead", text="35  Certificates taken to be authentic"
[parser-unknown-class] "ItemHead", text="36  Delegation by Minister"
[parser-unknown-class] "Subitem", text="(1) The Minister may, by writing, delegate all or any of his or her powers and functions under th..."
[parser-unknown-class] "Subitem", text="(2) The delegate must be:"
[parser-unknown-class] "Subitem", text="(3) In exercising powers or functions under a delegation, the delegate must comply with any direc..."
[parser-unknown-class] "ItemHead", text="37  Compensation for acquisition of property"
[parser-unknown-class] "Subitem", text="(1) If the operation of this Schedule would result in an acquisition of property (within the mean..."
[parser-unknown-class] "Subitem", text="(2) If the Commonwealth and the person do not agree on the amount of the compensation, the person..."
[parser-unknown-class] "ItemHead", text="38  Transitional rules"
[parser-unknown-class] "2ndRd", text=""
[parser-unknown-class] "2ndRd", text="[Minister’s second reading speech made in—"
[parser-unknown-class] "2ndRd", text="House of Representatives on 15 May 2014"
[parser-unknown-class] "2ndRd", text="Senate on 16 June 2014]"
[parser-diag] processed 304 <p> elements
[parser-diag] last section was added at element index: 110
[parser-diag] state phase at end: BODY
[parser-diag] hierarchy stack depth at end: 1
[parser-diag] insideSchedule at end: false
[parse] sections: 4
[parse] compilation: date=(none) no=(none)
[parse] by level:
         section      4
[db] inserted new legislation row: dcc2dce3-dbac-4118-a675-e6ace5058fd7
[db] inserting 4 sections (pass 1)
[db] inserted 4 sections
[db] linking parent FKs (pass 2)
[db] linked 0 parent references

[done] ingested Health Workforce Australia (Abolition) Act 2014
       legislation_id: dcc2dce3-dbac-4118-a675-e6ace5058fd7
       sections: 4
       compilation: 2014-09-24
