[fetch] document_1: https://www.legislation.gov.au/C2015A00094/2021-03-28/2021-03-28/text/original/epub/OEBPS/document_1/document_1.html
[fetch] document_1: 52,810 bytes
[fetch] document_2: https://www.legislation.gov.au/C2015A00094/2021-03-28/2021-03-28/text/original/epub/OEBPS/document_2/document_2.html
[fetch] document_2 not found — stopping. Fetched 1 document(s).
[fetch] combined 1 document(s), 52,810 source bytes → 51,079 combined bytes
[citation] Export Charges (Imposition—Excise) Act 2015 (Cth)
[parse] starting
[parser-diag] total <p> elements found: 241
[parser-diag] processed 241 <p> elements
[parser-diag] last section was added at element index: 116
[parser-diag] state phase at end: ENDNOTES
[parser-diag] hierarchy stack depth at end: 2
[parser-diag] insideSchedule at end: false
[parse] sections: 16
[parse] compilation: date=2021-03-28 no=1
[parse] by level:
         part         4
         section      12
[db] inserted new legislation row: 737e0a2b-68bb-48d5-82de-6498a46298db
[db] inserting 16 sections (pass 1)
[db] inserted 16 sections
[db] linking parent FKs (pass 2)
[db] linked 12 parent references

[done] ingested Export Charges (Imposition—Excise) Act 2015
       legislation_id: 737e0a2b-68bb-48d5-82de-6498a46298db
       sections: 16
       compilation: 2021-03-28
