[fetch] document_1: https://www.legislation.gov.au/C2017A00071/2017-06-26/2017-06-26/text/original/epub/OEBPS/document_1/document_1.html
[fetch] document_1: 48,971 bytes
[fetch] document_2: https://www.legislation.gov.au/C2017A00071/2017-06-26/2017-06-26/text/original/epub/OEBPS/document_2/document_2.html
[fetch] document_2 not found — stopping. Fetched 1 document(s).
[fetch] combined 1 document(s), 48,971 source bytes → 47,939 combined bytes
[citation] Medicare Guarantee Act 2017 (Cth)
[parse] starting
[parser-diag] total <p> elements found: 211
[parser-unknown-class] "2ndRd", text=""
[parser-unknown-class] "2ndRd", text="[Minister’s second reading speech made in—"
[parser-unknown-class] "2ndRd", text="House of Representatives on 1 June 2017"
[parser-unknown-class] "2ndRd", text="Senate on 19 June 2017]"
[parser-diag] processed 211 <p> elements
[parser-diag] last section was added at element index: 196
[parser-diag] state phase at end: BODY
[parser-diag] hierarchy stack depth at end: 1
[parser-diag] insideSchedule at end: false
[parse] sections: 18
[parse] compilation: date=(none) no=(none)
[parse] by level:
         section      18
[db] inserted new legislation row: 1883423f-b198-4a0a-8747-bbab5f446f0a
[db] inserting 18 sections (pass 1)
[db] inserted 18 sections
[db] linking parent FKs (pass 2)
[db] linked 0 parent references

[done] ingested Medicare Guarantee Act 2017
       legislation_id: 1883423f-b198-4a0a-8747-bbab5f446f0a
       sections: 18
       compilation: 2017-06-26
