[fetch] document_1: https://www.legislation.gov.au/C2013A00096/2014-01-01/2014-01-01/text/original/epub/OEBPS/document_1/document_1.html
[fetch] document_1: 118,367 bytes
[fetch] document_2: https://www.legislation.gov.au/C2013A00096/2014-01-01/2014-01-01/text/original/epub/OEBPS/document_2/document_2.html
[fetch] document_2 not found — stopping. Fetched 1 document(s).
[fetch] combined 1 document(s), 118,367 source bytes → 115,854 combined bytes
[citation] Charities (Consequential Amendments and Transitional Provisions) Act 2013 (Cth)
[parse] starting
[parser-diag] total <p> elements found: 524
[parser-unknown-class] "ActHead6", text="Schedule 1—Consequential amendments"
[parser-unknown-class] "ActHead7", text="Part 1—Main amendments"
[parser-unknown-class] "ActHead9", text="Acts Interpretation Act 1901"
[parser-unknown-class] "ItemHead", text="1  Section 2B"
[parser-unknown-class] "ItemHead", text="2  Section 2B"
[parser-unknown-class] "ItemHead", text="3  Section 2B"
[parser-unknown-class] "ActHead9", text="Age Discrimination Act 2004"
[parser-unknown-class] "ItemHead", text="4  Section 34"
[parser-unknown-class] "ActHead9", text="A New Tax System (Goods and Services Tax) Act 1999"
[parser-unknown-class] "ItemHead", text="5  Section 195‑1 (paragraph (b) of the definition of ACNC‑registered religious institution)"
[parser-unknown-class] "ActHead9", text="Australian Charities and Not‑for‑profits Commission Act 2012"
[parser-unknown-class] "ItemHead", text="6  Subsection 25‑5(4) (note)"
[parser-unknown-class] "ItemHead", text="7  Subsections 25‑5(5) and (6)"
[parser-unknown-class] "ItemHead", text="8  Subsection 60‑95(2) (example)"
[parser-unknown-class] "ItemHead", text="9  Paragraph 205‑35(1)(b)"
[parser-unknown-class] "ActHead9", text="Criminal Code Act 1995"
[parser-unknown-class] "ItemHead", text="10  Section 268.46 of the Criminal Code"
[parser-unknown-class] "ItemHead", text="11  At the end of section 268.46 of the Criminal Code"
[parser-unknown-class] "ItemHead", text="12  Section 268.80 of the Criminal Code"
[parser-unknown-class] "ItemHead", text="13  At the end of section 268.80 of the Criminal Code"
[parser-unknown-class] "ActHead9", text="Disability Discrimination Act 1992"
[parser-unknown-class] "ItemHead", text="14  Section 49"
[parser-unknown-class] "ActHead9", text="Fringe Benefits Tax Assessment Act 1986"
[parser-unknown-class] "ItemHead", text="15  Subparagraph 58(1)(a)(iii)"
[parser-unknown-class] "ItemHead", text="16  Subsection 136(1) (paragraph (b) of the definition of registered health promotion charity)"
[parser-unknown-class] "ItemHead", text="17  Subsection 136(1) (paragraph (b) of the definition of registered public benevolent institution)"
[parser-unknown-class] "ItemHead", text="18  Subsection 136(1) (paragraph (b) of the definition of registered religious institution)"
[parser-unknown-class] "ActHead9", text="Income Tax Assessment Act 1936"
[parser-unknown-class] "ItemHead", text="19  Subsection 121F(1) (paragraph (aa) of the definition of relevant exempting provision)"
[parser-unknown-class] "ItemHead", text="20  Subsection 121F(1) (paragraph (cb) of the definition of relevant exempting provision)"
[parser-unknown-class] "ItemHead", text="21  Subsection 128F(9) (paragraph (a) of the definition of company)"
[parser-unknown-class] "ItemHead", text="22  Paragraph 272‑90(7)(a) in Schedule 2F"
[parser-unknown-class] "ActHead9", text="Income Tax Assessment Act 1997"
[parser-unknown-class] "ItemHead", text="23  Section 11‑5 (table item headed “funds established by will or trust”)"
[parser-unknown-class] "ItemHead", text="24  Subsection 30‑45(1) (table item 4.1.3, column headed “Fund, authority or institution”)"
[parser-unknown-class] "ItemHead", text="25  Section 30‑315 (table item 79, column without a heading)"
[parser-unknown-class] "ItemHead", text="26  Subparagraph 43‑55(1)(a)(i)"
[parser-unknown-class] "ItemHead", text="27  Section 50‑5 (note 1)"
[parser-unknown-class] "ItemHead", text="28  Section 50‑20"
[parser-unknown-class] "ItemHead", text="29  Section 50‑52 (heading)"
[parser-unknown-class] "ItemHead", text="30  Subsection 50‑52(1)"
[parser-unknown-class] "ItemHead", text="31  Section 50‑100"
[parser-unknown-class] "ItemHead", text="32  Subsection 50‑110(2)"
[parser-unknown-class] "ItemHead", text="33  Paragraphs 50‑110(5)(a), (b) and (c)"
[parser-unknown-class] "ItemHead", text="34  Subsection 207‑115(2) (heading)"
[parser-unknown-class] "ItemHead", text="35  Paragraph 207‑115(2)(a)"
[parser-unknown-class] "ItemHead", text="36  Subsection 995‑1(1) (paragraph (b) of the definition of registered health promotion charity)"
[parser-unknown-class] "ItemHead", text="37  Subsection 995‑1(1) (paragraph (b) of the definition of registered public benevolent institut..."
[parser-unknown-class] "ActHead9", text="Racial Discrimination Act 1975"
[parser-unknown-class] "ItemHead", text="38  Subsections 8(2) and (3)"
[parser-unknown-class] "ActHead9", text="Sex Discrimination Act 1984"
[parser-unknown-class] "ItemHead", text="39  Section 36"
[parser-unknown-class] "ActHead9", text="Social Security Act 1991"
[parser-unknown-class] "ItemHead", text="40  Subsection 23(1) (paragraph (b) of the definition of registered public benevolent institution)"
[parser-unknown-class] "ItemHead", text="41  Subsection 23(1) (paragraph (b) of the definition of registered religious institution)"
[parser-unknown-class] "ItemHead", text="42  Subparagraph 1157J(1)(a)(iii)"
[parser-unknown-class] "ActHead7", text="Part 2—Extension of Charitable Purpose Act 2004"
[parser-unknown-class] "ItemHead", text="43  The whole of the Act"
[parser-unknown-class] "ActHead7", text="Part 3—Charities Act 2013"
[parser-unknown-class] "ItemHead", text="44  Subsection 3(1)"
[parser-unknown-class] "ActHead7", text="Part 4—Tax Laws Amendment (Special Conditions for Not‑for‑profit Concessions) Act 2013"
[parser-unknown-class] "ItemHead", text="45  Items 33 and 40 of Schedule 1"
[parser-unknown-class] "ItemHead", text="46  Schedule 1 (heading relating to the Extension of Charitable Purpose Act 2004)"
[parser-unknown-class] "ItemHead", text="47  Item 67 of Schedule 1"
[parser-unknown-class] "ActHead6", text="Schedule 2—Transitional provisions"
[parser-unknown-class] "ActHead7", text="Part 1—Dictionary"
[parser-unknown-class] "ItemHead", text="1  Dictionary"
[parser-unknown-class] "ActHead7", text="Part 2—Registration"
[parser-unknown-class] "ActHead8", text="Division 1—Registered entities"
[parser-unknown-class] "ItemHead", text="2  Registration—old subtypes equivalent to new subtypes"
[parser-unknown-class] "SubitemHead", text="Registration"
[parser-unknown-class] "Subitem", text="(1) The Commissioner of the ACNC is treated as having registered an entity under Division 30 of t..."
[parser-unknown-class] "SubitemHead", text="Applications for registration"
[parser-unknown-class] "Subitem", text="(2) An application for registration under Division 30 of the ACNC Act as the subtype of entity me..."
[parser-unknown-class] "SubitemHead", text="Table"
[parser-unknown-class] "Subitem", text="(3) The table is as follows:"
[parser-unknown-class] "ItemHead", text="3  Registration—old subtypes possibly equivalent to new subtypes"
[parser-unknown-class] "SubitemHead", text="Registration"
[parser-unknown-class] "Subitem", text="(1) The Commissioner of the ACNC is treated as having registered an entity under Division 30 of t..."
[parser-unknown-class] "SubitemHead", text="Applications for registration"
[parser-unknown-class] "Subitem", text="(2) An application for registration under Division 30 of the ACNC Act as the subtype of entity me..."
[parser-unknown-class] "SubitemHead", text="Table"
[parser-unknown-class] "Subitem", text="(3) The table is as follows:"
[parser-unknown-class] "SubitemHead", text="Notices and requests"
[parser-unknown-class] "Subitem", text="(4) A notice given under paragraph (1)(b), or a request made under paragraph (2)(c), must be:"
[parser-unknown-class] "ActHead8", text="Division 2—Funds contributing to other funds"
[parser-unknown-class] "ItemHead", text="4  Funds contributing to other funds"
[parser-unknown-class] "Subitem", text="(1) This item applies to a fund that, on the day before the commencement day, is endorsed as a co..."
[parser-unknown-class] "Subitem", text="(2) The Commissioner of Taxation is treated as having endorsed the fund under Subdivision 50‑B of..."
[parser-unknown-class] "Subitem", text="(3) The Commissioner of the ACNC is treated as having registered the fund on the commencement day..."
[parser-unknown-class] "Subitem", text="(4) The purpose the fund has, on the day before the commencement day, is treated as being a chari..."
[parser-unknown-class] "ItemHead", text="5  Opt‑out"
[parser-unknown-class] "ActHead7", text="Part 3—Purposes of registered charitable trusts"
[parser-unknown-class] "ItemHead", text="6  Purpose of relief of poverty treated as being for public benefit"
[parser-unknown-class] "ActHead7", text="Part 4—Charitable purposes"
[parser-unknown-class] "ItemHead", text="7  Charitable purposes"
[parser-diag] processed 524 <p> elements
[parser-diag] last section was added at element index: 274
[parser-diag] state phase at end: ENDNOTES
[parser-diag] hierarchy stack depth at end: 1
[parser-diag] insideSchedule at end: false
[parse] sections: 6
[parse] compilation: date=2014-01-01 no=1
[parse] by level:
         section      6
[db] inserted new legislation row: 7844d749-32ba-4e7a-9fbc-9eae16cf0b7c
[db] inserting 6 sections (pass 1)
[db] inserted 6 sections
[db] linking parent FKs (pass 2)
[db] linked 0 parent references

[done] ingested Charities (Consequential Amendments and Transitional Provisions) Act 2013
       legislation_id: 7844d749-32ba-4e7a-9fbc-9eae16cf0b7c
       sections: 6
       compilation: 2014-01-01
