[fetch] document_1: https://www.legislation.gov.au/C2011A00017/2024-10-14/2024-10-14/text/original/epub/OEBPS/document_1/document_1.html
[fetch] document_1: 78,329 bytes
[fetch] document_2: https://www.legislation.gov.au/C2011A00017/2024-10-14/2024-10-14/text/original/epub/OEBPS/document_2/document_2.html
[fetch] document_2 not found — stopping. Fetched 1 document(s).
[fetch] combined 1 document(s), 78,329 source bytes → 76,194 combined bytes
[citation] Civil Dispute Resolution Act 2011 (Cth)
[parse] starting
[parser-diag] total <p> elements found: 327
[parser-diag] processed 327 <p> elements
[parser-diag] last section was added at element index: 198
[parse] sections: 24
[parse] compilation: date=2024-10-14 no=4
[parser-diag] state phase at end: ENDNOTES
[parser-diag] hierarchy stack depth at end: 2
[parser-diag] insideSchedule at end: false
[parse] by level:
         part         5
         section      19
[db] inserted new legislation row: 484b0a09-c72a-436d-b70a-0fa88400a07b
[db] inserting 24 sections (pass 1)
[db] inserted 24 sections
[db] linking parent FKs (pass 2)
[db] linked 19 parent references

[done] ingested Civil Dispute Resolution Act 2011
       legislation_id: 484b0a09-c72a-436d-b70a-0fa88400a07b
       sections: 24
       compilation: 2024-10-14
