[fetch] document_1: https://www.legislation.gov.au/C2010A00105/2013-06-28/2013-06-28/text/original/epub/OEBPS/document_1/document_1.html
[fetch] document_1: 170,393 bytes
[fetch] document_2: https://www.legislation.gov.au/C2010A00105/2013-06-28/2013-06-28/text/original/epub/OEBPS/document_2/document_2.html
[fetch] document_2 not found — stopping. Fetched 1 document(s).
[fetch] combined 1 document(s), 170,393 source bytes → 168,524 combined bytes
[citation] Paid Parental Leave (Consequential Amendments) Act 2010 (Cth)
[parse] starting
[parser-diag] total <p> elements found: 754
[parser-unknown-class] "ActHead6", text="Schedule 1—Amendments"
[parser-unknown-class] "ActHead9", text="A New Tax System (Family Assistance) Act 1999"
[parser-unknown-class] "ItemHead", text="1  Subsection 3(1)"
[parser-unknown-class] "ItemHead", text="2  Subsection 3(1)"
[parser-unknown-class] "ItemHead", text="3  Subsection 3(1)"
[parser-unknown-class] "ItemHead", text="4  After paragraph 36(2)(aa)"
[parser-unknown-class] "ItemHead", text="5  After paragraph 36(2)(b)"
[parser-unknown-class] "ItemHead", text="6  Paragraph 36(3)(b)"
[parser-unknown-class] "ItemHead", text="7  After paragraph 36(3)(ca)"
[parser-unknown-class] "ItemHead", text="8  After paragraph 36(3)(d)"
[parser-unknown-class] "ItemHead", text="9  Paragraph 36(4)(aa)"
[parser-unknown-class] "ItemHead", text="10  After paragraph 36(4)(b)"
[parser-unknown-class] "ItemHead", text="11  After paragraph 36(5)(bb)"
[parser-unknown-class] "ItemHead", text="12  After paragraph 36(5)(c)"
[parser-unknown-class] "ItemHead", text="13  At the end of section 36"
[parser-unknown-class] "ItemHead", text="14  After section 36"
[parser-unknown-class] "ItemHead", text="15  Subsections 37(2) and (3)"
[parser-unknown-class] "ItemHead", text="16  Paragraph 39(3)(b)"
[parser-unknown-class] "ItemHead", text="17  At the end of Division 2 of Part 4"
[parser-unknown-class] "ItemHead", text="18  At the end of Subdivision AA of Division 1 of Part 4 of Schedule 1"
[parser-unknown-class] "ActHead9", text="A New Tax System (Family Assistance) (Administration) Act 1999"
[parser-unknown-class] "ItemHead", text="19  Subsection 3(1)"
[parser-unknown-class] "ItemHead", text="20  Subsection 3(1)"
[parser-unknown-class] "ItemHead", text="21  At the end of section 7"
[parser-unknown-class] "ItemHead", text="22  After section 15A"
[parser-unknown-class] "ItemHead", text="23  After subsection 38(2)"
[parser-unknown-class] "ItemHead", text="24  After subsection 39(1)"
[parser-unknown-class] "ItemHead", text="25  Subsection 39(2)"
[parser-unknown-class] "ItemHead", text="26  After subsection 39(3)"
[parser-unknown-class] "ItemHead", text="27  Subsections 41(3) and (4)"
[parser-unknown-class] "ItemHead", text="28  Subsection 41(7)"
[parser-unknown-class] "ItemHead", text="29  Paragraph 47B(1)(c)"
[parser-unknown-class] "ItemHead", text="30  Paragraph 84(1)(b)"
[parser-unknown-class] "ItemHead", text="31  Subparagraphs 84A(1)(b)(ii), 92(1)(a)(i) and 92A(1)(a)(i)"
[parser-unknown-class] "ActHead9", text="Child Support (Registration and Collection) Act 1988"
[parser-unknown-class] "ItemHead", text="32  Subsection 4(1)"
[parser-unknown-class] "ItemHead", text="33  After section 72AC"
[parser-unknown-class] "ActHead9", text="Data‑matching Program (Assistance and Tax) Act 1990"
[parser-unknown-class] "ItemHead", text="34  Subsection 3(1) (at the end of paragraphs (d), (daa) and (dd) of the definition of personal a..."
[parser-unknown-class] "ItemHead", text="35  Subsection 3(1) (after paragraph (df) of the definition of personal assistance)"
[parser-unknown-class] "ActHead9", text="Fringe Benefits Tax Assessment Act 1986"
[parser-unknown-class] "ItemHead", text="36  Subsection 136(1) (after paragraph (a) of the definition of salary or wages)"
[parser-unknown-class] "ActHead9", text="Income Tax Assessment Act 1936"
[parser-unknown-class] "ItemHead", text="37  Subsection 6(1)"
[parser-unknown-class] "ItemHead", text="38  After paragraph 16(4)(fc)"
[parser-unknown-class] "ItemHead", text="39  Sub‑subparagraph 23AB(7)(a)(ii)(AA)"
[parser-unknown-class] "ItemHead", text="40  Sub‑subparagraph 23AB(7)(a)(ii)(BA)"
[parser-unknown-class] "ItemHead", text="41  Sub‑subparagraph 23AB(7)(a)(ii)(D)"
[parser-unknown-class] "ItemHead", text="42  Subsection 79A(4) (paragraph (aa) of the definition of relevant rebate amount)"
[parser-unknown-class] "ItemHead", text="43  Subsection 79A(4) (paragraph (ba) of the definition of relevant rebate amount)"
[parser-unknown-class] "ItemHead", text="44  Subsection 79A(4) (paragraph (d) of the definition of relevant rebate amount)"
[parser-unknown-class] "ItemHead", text="45  Subsection 79B(6) (paragraph (aa) of the definition of concessional rebate amount)"
[parser-unknown-class] "ItemHead", text="46  Subsection 79B(6) (paragraph (ba) of the definition of concessional rebate amount)"
[parser-unknown-class] "ItemHead", text="47  Subsection 79B(6) (paragraph (d) of the definition of concessional rebate amount)"
[parser-unknown-class] "ItemHead", text="48  Subsections 159J(1AA), (3AA) and (3AB)"
[parser-unknown-class] "ItemHead", text="49  After section 159J"
[parser-unknown-class] "ItemHead", text="50  Subsections 159L(3A), (5A) and (5B)"
[parser-unknown-class] "ItemHead", text="51  After section 159L"
[parser-unknown-class] "ItemHead", text="52  After paragraph 202(l)"
[parser-unknown-class] "ActHead9", text="Income Tax Assessment Act 1997"
[parser-unknown-class] "ItemHead", text="53  Subsection 995‑1(1)"
[parser-unknown-class] "ActHead9", text="Medicare Levy Act 1986"
[parser-unknown-class] "ItemHead", text="54  Paragraph 8(1)(b)"
[parser-unknown-class] "ItemHead", text="55  Paragraph 8(1)(d)"
[parser-unknown-class] "ItemHead", text="56  Paragraph 8(2)(b)"
[parser-unknown-class] "ItemHead", text="57  Paragraph 8(2)(d)"
[parser-unknown-class] "ActHead9", text="Social Security Act 1991"
[parser-unknown-class] "ItemHead", text="58  Subsection 8(1)"
[parser-unknown-class] "ItemHead", text="59  After paragraph 8(8)(c)"
[parser-unknown-class] "ItemHead", text="60  After paragraph 93WC(2)(a)"
[parser-unknown-class] "ItemHead", text="61  Point 1064‑F14 (at the end of the definition of leave payment)"
[parser-unknown-class] "ItemHead", text="62  Point 1066A‑G14 (at the end of the definition of leave payment)"
[parser-unknown-class] "ItemHead", text="63  Point 1067G‑H20 (at the end of the definition of leave payment)"
[parser-unknown-class] "ItemHead", text="64  Point 1067L‑D16 (at the end of the definition of leave payment)"
[parser-unknown-class] "ItemHead", text="65  Point 1068‑G7AR (at the end of the definition of leave payment)"
[parser-unknown-class] "ItemHead", text="66  Point 1068A‑E12 (at the end of the definition of leave payment)"
[parser-unknown-class] "ItemHead", text="67  Point 1068B‑D18 (at the end of the definition of leave payment)"
[parser-unknown-class] "ItemHead", text="68  Point 1071A‑4 (at the end of the definition of income)"
[parser-unknown-class] "ItemHead", text="69  After paragraph 1228(2)(c)"
[parser-unknown-class] "ItemHead", text="70  Paragraph 1234A(1)(a)"
[parser-unknown-class] "ActHead9", text="Taxation Administration Act 1953"
[parser-unknown-class] "ItemHead", text="71  Paragraphs 8WA(1AA)(b) and 8WB(1A)(a) and (b)"
[parser-unknown-class] "ItemHead", text="72  After paragraph 12‑110(1)(c) in Schedule 1"
[parser-unknown-class] "ItemHead", text="73  At the end of section 16‑155 in Schedule 1"
[parser-unknown-class] "ItemHead", text="74  At the end of section 16‑160 in Schedule 1"
[parser-unknown-class] "ItemHead", text="75  Paragraph 18‑65(1)(b) in Schedule 1"
[parser-unknown-class] "ItemHead", text="76  Subparagraph 18‑65(1)(c)(i) in Schedule 1"
[parser-unknown-class] "ItemHead", text="77  Paragraph 18‑65(1)(c) in Schedule 1"
[parser-unknown-class] "ItemHead", text="78  Paragraph 18‑65(3)(e) in Schedule 1"
[parser-unknown-class] "ItemHead", text="79  Subsection 18‑65(4) in Schedule 1"
[parser-unknown-class] "ItemHead", text="80  Paragraph 18‑70(1)(b) in Schedule 1"
[parser-unknown-class] "ItemHead", text="81  Paragraph 18‑70(1)(c) in Schedule 1"
[parser-unknown-class] "ItemHead", text="82  Paragraph 18‑70(2)(e) in Schedule 1"
[parser-unknown-class] "ItemHead", text="83  Subsection 355‑65(2) in Schedule 1 (after table item 5)"
[parser-unknown-class] "ActHead9", text="Veterans’ Entitlements Act 1986"
[parser-unknown-class] "ItemHead", text="84  Subsection 5H(1)"
[parser-unknown-class] "ItemHead", text="85  After paragraph 5H(8)(c)"
[parser-unknown-class] "ItemHead", text="86  After paragraph 45UUC(2)(a)"
[parser-unknown-class] "ItemHead", text="87  After paragraph 205(1)(ca)"
[parser-unknown-class] "ItemHead", text="88  Paragraph 205(2)(a)"
[parser-unknown-class] "ItemHead", text="89  Subsection 205(8) (paragraph (ba) of the definition of excluded amount)"
[parser-unknown-class] "ItemHead", text="90  Subsection 205(8) (paragraph (a) of the definition of recoverable amount)"
[parser-unknown-class] "ActHead6", text="Schedule 2—Transitional provisions"
[parser-unknown-class] "ActHead7", text="Part 1—Transitional provisions relating to employer determinations under the Paid Parental Leave ..."
[parser-unknown-class] "ItemHead", text="1  Employer determination made where expected or actual date of birth is before 1 July 2011"
[parser-unknown-class] "Subitem", text="(1) The Paid Parental Leave Act 2010 applies, with the modifications set out in this item, in rel..."
[parser-unknown-class] "Subitem", text="(2) Section 101 of that Act (and the other provisions of that Act so far as they relate to that s..."
[parser-unknown-class] "Subitem", text="(3) For the purposes of this item, an employer determination made under subsection 101(1), as tha..."
[parser-unknown-class] "Subitem", text="(4) The following provisions of that Act do not apply in relation to a transitional employer dete..."
[parser-unknown-class] "Subitem", text="(5) Within 14 days after the date of the notice given under section 102 of that Act in relation t..."
[parser-unknown-class] "Subitem", text="(6) If the employer gives the acceptance notice to the Secretary within that 14 day period, the t..."
[parser-unknown-class] "Subitem", text="(7) If the employer does not give the acceptance notice to the Secretary within that 14 day perio..."
[parser-unknown-class] "Subitem", text="(8) The Secretary may extend the 14 day period referred to in subitem (5) in relation to an emplo..."
[parser-unknown-class] "Subitem", text="(9) Despite paragraph (1)(a) and subitem (2) of this item, if the person’s child is born on or af..."
[parser-unknown-class] "Subitem", text="(10) The following provisions of the Paid Parental Leave Act 2010, apply in relation to this item..."
[parser-unknown-class] "ItemHead", text="2  Employer determination made where expected date of birth is on or after 1 July 2011 but child ..."
[parser-unknown-class] "Subitem", text="(1) This item applies if:"
[parser-unknown-class] "Subitem", text="(2) If, after the employer determination is made, the Secretary makes a payability determination ..."
[parser-unknown-class] "Subitem", text="(3) If the employer does not give the notice referred to in subparagraph (2)(c)(ii) to the Secret..."
[parser-unknown-class] "Subitem", text="(4) The following provisions of that Act apply in relation to this item as if it were a provision..."
[parser-unknown-class] "ActHead7", text="Part 2—Other transitional provisions"
[parser-unknown-class] "ItemHead", text="3  Eligibility for baby bonus"
[parser-unknown-class] "ItemHead", text="4  Eligibility for maternity immunisation allowance"
[parser-unknown-class] "ItemHead", text="5  Claims for family tax benefit, baby bonus or maternity immunisation allowance"
[parser-unknown-class] "Subitem", text="(1) The amendments of the A New Tax System (Family Assistance) (Administration) Act 1999 made by ..."
[parser-unknown-class] "Subitem", text="(2) Without limiting subitem (1), the amendment of section 47B of the A New Tax System (Family As..."
[parser-unknown-class] "ItemHead", text="6  Existing notifications given under section 45 of the Child Support (Registration and Collectio..."
[parser-unknown-class] "ItemHead", text="7  Application of section 72AD of the Child Support (Registration and Collection) Act 1988 to exi..."
[parser-diag] processed 754 <p> elements
[parser-diag] last section was added at element index: 422
[parser-diag] state phase at end: ENDNOTES
[parser-diag] hierarchy stack depth at end: 1
[parser-diag] insideSchedule at end: false
[parse] sections: 10
[parse] compilation: date=(none) no=(none)
[parse] by level:
         section      10
[db] inserted new legislation row: ebfd9b19-101b-4c52-8ec7-58de4c6e4493
[db] inserting 10 sections (pass 1)
[db] inserted 10 sections
[db] linking parent FKs (pass 2)
[db] linked 0 parent references

[done] ingested Paid Parental Leave (Consequential Amendments) Act 2010
       legislation_id: ebfd9b19-101b-4c52-8ec7-58de4c6e4493
       sections: 10
       compilation: 2013-06-28
