[fetch] document_1: https://www.legislation.gov.au/C2016A00055/2021-09-01/2021-09-01/text/original/epub/OEBPS/document_1/document_1.html
[fetch] document_1: 907,619 bytes
[fetch] document_2: https://www.legislation.gov.au/C2016A00055/2021-09-01/2021-09-01/text/original/epub/OEBPS/document_2/document_2.html
[fetch] document_2 not found — stopping. Fetched 1 document(s).
[fetch] combined 1 document(s), 907,619 source bytes → 903,745 combined bytes
[citation] Budget Savings (Omnibus) Act 2016 (Cth)
[parse] starting
[parser-diag] total <p> elements found: 3727
[parser-unknown-class] "ActHead6", text="Schedule 1—Minimum repayment income for HELP debts"
[parser-unknown-class] "ActHead9", text="Higher Education Support Act 2003"
[parser-unknown-class] "ItemHead", text="1  Paragraph 154‑10(a)"
[parser-unknown-class] "ItemHead", text="2  Section 154‑20 (table)"
[parser-unknown-class] "ItemHead", text="3  Subsection 154‑25(1)"
[parser-unknown-class] "ItemHead", text="4  Section 154‑30"
[parser-unknown-class] "ItemHead", text="5  Paragraph 154‑30(b)"
[parser-unknown-class] "ItemHead", text="6  Application of amendments"
[parser-unknown-class] "ActHead6", text="Schedule 2—Indexation of higher education support amounts"
[parser-unknown-class] "ActHead9", text="Higher Education Support Act 2003"
[parser-unknown-class] "ItemHead", text="1  Subsection 198‑10(1)"
[parser-unknown-class] "ItemHead", text="2  Subsection 198‑15(1) (formula)"
[parser-unknown-class] "ItemHead", text="3  Section 198‑20"
[parser-unknown-class] "ItemHead", text="4  Subclause 1(1) of Schedule 1 (definition of indexation period)"
[parser-unknown-class] "ActHead6", text="Schedule 3—Removal of HECS‑HELP benefit"
[parser-unknown-class] "ActHead9", text="Higher Education Support Act 2003"
[parser-unknown-class] "ItemHead", text="1  Paragraphs 140‑1(2)(d) and (e)"
[parser-unknown-class] "ItemHead", text="2  Subsection 140‑5(1) (method statement, step 4A)"
[parser-unknown-class] "ItemHead", text="3  Subsection 140‑5(1) (example)"
[parser-unknown-class] "ItemHead", text="4  Subsection 140‑5(3)"
[parser-unknown-class] "ItemHead", text="5  Section 148‑1"
[parser-unknown-class] "ItemHead", text="6  Section 148‑5"
[parser-unknown-class] "ItemHead", text="7  Subsection 154‑1(1)"
[parser-unknown-class] "ItemHead", text="8  Section 154‑3"
[parser-unknown-class] "ItemHead", text="9  Section 154‑35 (note)"
[parser-unknown-class] "ItemHead", text="10  Section 154‑40"
[parser-unknown-class] "ItemHead", text="11  Section 154‑85"
[parser-unknown-class] "ItemHead", text="12  Division 157"
[parser-unknown-class] "ItemHead", text="13  Section 206‑1 (table item 4A)"
[parser-unknown-class] "ItemHead", text="14  Subsection 238‑10(1) (table item 4A)"
[parser-unknown-class] "ItemHead", text="15  Subclause 1(1) of Schedule 1 (definition of HECS‑HELP benefit)"
[parser-unknown-class] "ActHead9", text="Income Tax Assessment Act 1997"
[parser-unknown-class] "ItemHead", text="16  Section 11‑15 (table item headed “education and training”)"
[parser-unknown-class] "tableIndentText", text="HECS‑HELP benefit, recipient of.........."
[parser-unknown-class] "tableText0", text="51‑10"
[parser-unknown-class] "ItemHead", text="17  Subsection 51‑10 (table item 2.9)"
[parser-unknown-class] "ItemHead", text="18  Subsection 995‑1(1) (definition of HECS‑HELP benefit)"
[parser-unknown-class] "ItemHead", text="19  Application and saving provision"
[parser-unknown-class] "Subitem", text="(1) In this item:"
[parser-unknown-class] "Subitem", text="(2) The amendments made by this Schedule do not apply in relation to HECS‑HELP benefit for an ear..."
[parser-unknown-class] "Subitem", text="(3) Without limiting subitem (2):"
[parser-unknown-class] "Subitem", text="(4) The HECS‑HELP Benefit Guidelines in force immediately before commencement continue in force f..."
[parser-unknown-class] "ActHead6", text="Schedule 4—Job commitment bonus"
[parser-unknown-class] "ActHead7", text="Part 1—Main amendments"
[parser-unknown-class] "ActHead9", text="Social Security Act 1991"
[parser-unknown-class] "ItemHead", text="1  Subsection 23(1) (definition of job commitment bonus)"
[parser-unknown-class] "ItemHead", text="2  Part 2.16A"
[parser-unknown-class] "ActHead9", text="Social Security (Administration) Act 1999"
[parser-unknown-class] "ItemHead", text="3  Subsection 13(6)"
[parser-unknown-class] "ItemHead", text="4  Subdivision FD of Division 1 of Part 3"
[parser-unknown-class] "ItemHead", text="5  Subsection 37(6A)"
[parser-unknown-class] "ItemHead", text="6  Paragraph 47(1) (paragraph (hsa) of the definition of lump sum benefit)"
[parser-unknown-class] "ItemHead", text="7  Section 47BA"
[parser-unknown-class] "ActHead7", text="Part 2—Consequential amendments"
[parser-unknown-class] "ActHead9", text="Farm Household Support Act 2014"
[parser-unknown-class] "ItemHead", text="8  Section 95 (table item 1A)"
[parser-unknown-class] "ActHead9", text="Income Tax Assessment Act 1997"
[parser-unknown-class] "ItemHead", text="9  Section 11‑15 (table item headed “social security or like payments”)"
[parser-unknown-class] "ItemHead", text="10  Paragraph 52‑10(1)(wb)"
[parser-unknown-class] "ItemHead", text="11  Subsection 52‑10(1EB)"
[parser-unknown-class] "ItemHead", text="12  Section 52‑40 (table item 14)"
[parser-unknown-class] "ActHead7", text="Part 3—Saving and transitional provisions"
[parser-unknown-class] "ItemHead", text="13  Saving and transitional provisions"
[parser-unknown-class] "Subitem", text="(1) To avoid doubt, a person cannot become qualified for a job commitment bonus on or after the c..."
[parser-unknown-class] "Subitem", text="(2) Despite the amendments made by this Schedule, Chapter 5 of the Social Security Act 1991, as i..."
[parser-unknown-class] "Subitem", text="(3) Despite the amendments made by this Schedule, section 27D of the Social Security (Administrat..."
[parser-unknown-class] "Subitem", text="(4) Despite the amendments made by this Schedule, Part 3 of the Social Security (Administration) ..."
[parser-unknown-class] "Subitem", text="(5) Despite the amendments made by this Schedule, Parts 4 and 4A of the Social Security (Administ..."
[parser-unknown-class] "Subitem", text="(6) Despite the amendments made by this Schedule, subsection 52‑10(1EB) of the Income Tax Assessm..."
[parser-unknown-class] "ActHead6", text="Schedule 5—Australian Renewable Energy Agency’s finances"
[parser-unknown-class] "ActHead9", text="Australian Renewable Energy Agency Act 2011"
[parser-unknown-class] "ItemHead", text="1  Subsection 64(1) (table items 5 to 9)"
[parser-unknown-class] "ActHead6", text="Schedule 6—Indexation of private health insurance thresholds"
[parser-unknown-class] "ActHead9", text="Private Health Insurance Act 2007"
[parser-unknown-class] "ItemHead", text="1  Subsection 22‑45(3A)"
[parser-unknown-class] "ActHead6", text="Schedule 7—Abolishing the National Health Performance Authority"
[parser-unknown-class] "ActHead7", text="Part 1—Amendments"
[parser-unknown-class] "ActHead9", text="National Health Reform Act 2011"
[parser-unknown-class] "ItemHead", text="1  Paragraph 3(b)"
[parser-unknown-class] "ItemHead", text="2  Section 4"
[parser-unknown-class] "ItemHead", text="3  Section 4"
[parser-unknown-class] "ItemHead", text="4  Section 5 (definition of local hospital network, first occurring)"
[parser-unknown-class] "ItemHead", text="5  Section 5 (definition of local hospital network, second occurring)"
[parser-unknown-class] "ItemHead", text="6  Section 5"
[parser-unknown-class] "ItemHead", text="7  Section 5 (paragraph (b) of the definition of vacancy)"
[parser-unknown-class] "ItemHead", text="8  Subsection 6(2)"
[parser-unknown-class] "ItemHead", text="9  Paragraph 54H(1)(a)"
[parser-unknown-class] "ItemHead", text="10  Chapter 3"
[parser-unknown-class] "ItemHead", text="11  Paragraph 220(1)(a)"
[parser-unknown-class] "ItemHead", text="12  Paragraph 275(1)(b)"
[parser-unknown-class] "ItemHead", text="13  Paragraph 279(1)(b)"
[parser-unknown-class] "ActHead7", text="Part 2—Application and transitional provisions"
[parser-unknown-class] "ActHead8", text="Division 1—Interpretation"
[parser-unknown-class] "ItemHead", text="14  Interpretation"
[parser-unknown-class] "ActHead8", text="Division 2—Transfer of assets and liabilities"
[parser-unknown-class] "ItemHead", text="15  Vesting of assets"
[parser-unknown-class] "Subitem", text="(1) This item applies to the assets of the NHPA immediately before the transition time."
[parser-unknown-class] "Subitem", text="(2) At the transition time, the assets cease to be assets of the NHPA and become assets of the AI..."
[parser-unknown-class] "ItemHead", text="16  Vesting of liabilities"
[parser-unknown-class] "Subitem", text="(1) This item applies to the liabilities of the NHPA immediately before the transition time."
[parser-unknown-class] "Subitem", text="(2) At the transition time, the liabilities cease to be liabilities of the NHPA and become liabil..."
[parser-unknown-class] "ItemHead", text="17  Transfers of land may be registered"
[parser-unknown-class] "Subitem", text="(1) This item applies if:"
[parser-unknown-class] "Subitem", text="(2) The land registration official may:"
[parser-unknown-class] "Subitem", text="(3) A certificate under paragraph (1)(b) is not a legislative instrument."
[parser-unknown-class] "ItemHead", text="18  Certificates relating to vesting of assets other than land"
[parser-unknown-class] "Subitem", text="(1) This item applies if:"
[parser-unknown-class] "Subitem", text="(2) The assets official may:"
[parser-unknown-class] "Subitem", text="(3) A certificate under paragraph (1)(b) is not a legislative instrument."
[parser-unknown-class] "ActHead8", text="Division 3—Transfer of other matters"
[parser-unknown-class] "ItemHead", text="19  Things done by, or in relation to, the NHPA or the NHPA CEO"
[parser-unknown-class] "Subitem", text="(1) Anything done by, or in relation to, the NHPA before the transition time has effect at and af..."
[parser-unknown-class] "Subitem", text="(2) Anything done by, or in relation to, the NHPA CEO before the transition time has effect at an..."
[parser-unknown-class] "Subitem", text="(3) This item does not limit the operation of items 15 and 16."
[parser-unknown-class] "ItemHead", text="20  References in certain instruments to the NHPA or the NHPA CEO"
[parser-unknown-class] "Subitem", text="(1) This item applies to an instrument that:"
[parser-unknown-class] "Subitem", text="(2) If the instrument relates to:"
[parser-unknown-class] "Subitem", text="(3) In this item:"
[parser-unknown-class] "ItemHead", text="21  Transfer of appropriated money"
[parser-unknown-class] "Subitem", text="(1) For the purposes of the operation of an Appropriation Act after the transition time, referenc..."
[parser-unknown-class] "Subitem", text="(2) In this item:"
[parser-unknown-class] "ItemHead", text="22  Legal proceedings of the NHPA"
[parser-unknown-class] "Subitem", text="(1) If any proceedings to which the NHPA was a party were pending in any court or tribunal immedi..."
[parser-unknown-class] "Subitem", text="(2) If any proceedings to which the NHPA CEO was a party were pending in any court or tribunal im..."
[parser-unknown-class] "ItemHead", text="23  Transfer of NHPA’s records and documents"
[parser-unknown-class] "Subitem", text="(1) This item applies to any records or documents that were in the possession of the NHPA immedia..."
[parser-unknown-class] "Subitem", text="(2) The records and documents are to be transferred to the AIHW after the transition time."
[parser-unknown-class] "Subitem", text="(3) Sections 37 and 41 of the Public Governance, Performance and Accountability Act 2013 apply in..."
[parser-unknown-class] "ItemHead", text="24  Safety, Rehabilitation and Compensation Act 1988"
[parser-unknown-class] "Subitem", text="(1) This item applies in relation to a person if:"
[parser-unknown-class] "Subitem", text="(2) The SRC Act applies, after the transition time, as if the person had been an employee of the ..."
[parser-unknown-class] "Subitem", text="(3) This item does not limit item 19 or 20 of this Schedule."
[parser-unknown-class] "ItemHead", text="25  No transfer of appointment, engagement or employment of staff"
[parser-unknown-class] "ActHead8", text="Division 4—Annual reporting obligation"
[parser-unknown-class] "ItemHead", text="26  Final annual report for the NHPA"
[parser-unknown-class] "Subitem", text="(1) The Health Secretary must prepare and give to the Health Minister, for presentation to the Pa..."
[parser-unknown-class] "Subitem", text="(2) Sections 39, 40, 42, 43 and 46 of the Public Governance, Performance and Accountability Act 2..."
[parser-unknown-class] "Subitem", text="(3) The Health Secretary must give the final report to the Health Minister by the 15th day of the..."
[parser-unknown-class] "Subitem", text="(4) The Health Minister must table the final report in each House of the Parliament as soon as pr..."
[parser-unknown-class] "Subitem", text="(5) The Health Secretary must publish the final report on the Health Department’s website as soon..."
[parser-unknown-class] "Subitem", text="(6) In this item:"
[parser-unknown-class] "ActHead8", text="Division 5—Disclosure and use of information"
[parser-unknown-class] "ItemHead", text="27  Protected Performance Authority information"
[parser-unknown-class] "Subitem", text="(1) Section 113 (secrecy) of the National Health Reform Act 2011, as in force immediately before ..."
[parser-unknown-class] "Subitem", text="(2) Subsection 120(3) (disclosure to agencies, bodies or persons other than the NHPA) of the Nati..."
[parser-unknown-class] "ItemHead", text="28  Personal information—reports"
[parser-unknown-class] "ItemHead", text="29  Protection of patient confidentiality"
[parser-unknown-class] "ActHead8", text="Division 6—Miscellaneous"
[parser-unknown-class] "ItemHead", text="30  Exemption from stamp duty and other State or Territory taxes"
[parser-unknown-class] "Subitem", text="(1) No stamp duty or other tax is payable under a law of a State or a Territory in respect of an ..."
[parser-unknown-class] "Subitem", text="(2) For the purposes of this item, an exempt matter is:"
[parser-unknown-class] "Subitem", text="(3) The Health Minister may certify in writing:"
[parser-unknown-class] "Subitem", text="(4) In all courts, and for all purposes (other than for the purposes of criminal proceedings), a ..."
[parser-unknown-class] "Subitem", text="(5) A certificate under subitem (3) is not a legislative instrument."
[parser-unknown-class] "ItemHead", text="31  Certificates taken to be authentic"
[parser-unknown-class] "ItemHead", text="32  Delegation by Health Minister"
[parser-unknown-class] "Subitem", text="(1) The Health Minister may, by writing, delegate all or any of his or her powers and functions u..."
[parser-unknown-class] "Subitem", text="(2) In exercising powers or functions under a delegation, the delegate must comply with any direc..."
[parser-unknown-class] "Subitem", text="(3) Subitem (1) does not apply to a power to make, vary or revoke a legislative instrument."
[parser-unknown-class] "ItemHead", text="33  Compensation for acquisition of property"
[parser-unknown-class] "Subitem", text="(1) If the operation of this Part would result in an acquisition of property (within the meaning ..."
[parser-unknown-class] "Subitem", text="(2) If the Commonwealth and the person do not agree on the amount of the compensation, the person..."
[parser-unknown-class] "ItemHead", text="34  Transitional rules"
[parser-unknown-class] "Subitem", text="(1) The Health Minister may, by legislative instrument (and subject to subitem (3)), make rules p..."
[parser-unknown-class] "Subitem", text="(2) Without limiting subitem (1), rules made for the purposes of that subitem, before the end of ..."
[parser-unknown-class] "Subitem", text="(3) To avoid doubt, the rules may not do the following:"
[parser-unknown-class] "Subitem", text="(4) This Schedule (other than subitem (3)) does not limit the rules that may be made for the purp..."
[parser-unknown-class] "ActHead6", text="Schedule 8—Aged care"
[parser-unknown-class] "ActHead7", text="Part 1—Compliance"
[parser-unknown-class] "ActHead9", text="Aged Care Act 1997"
[parser-unknown-class] "ItemHead", text="1  After subsection 25‑1(3)"
[parser-unknown-class] "ItemHead", text="2  Validation of Classification Principles"
[parser-unknown-class] "Subitem", text="(1) This item applies to a thing purportedly done under the Aged Care Act 1997 at any time before..."
[parser-unknown-class] "Subitem", text="(2) The thing purportedly done is as valid and effective, and is taken always to have been as val..."
[parser-unknown-class] "Subitem", text="(3) All persons are, by force of this subitem, declared to be, and always to have been, entitled ..."
[parser-unknown-class] "Subitem", text="(4) This item does not affect rights or liabilities of parties to proceedings for which leave to ..."
[parser-unknown-class] "Subitem", text="(5) Subject to subitem (4), subitems (1), (2) and (3) have effect in relation to:"
[parser-unknown-class] "Subitem", text="(6) To avoid doubt, a reference in this item to the Classification Principles includes a referenc..."
[parser-unknown-class] "Subitem", text="(7) This item does not apply to the extent (if any) to which its operation would result in the ac..."
[parser-unknown-class] "ItemHead", text="3  Paragraph 25‑4(1)(b)"
[parser-unknown-class] "ItemHead", text="4  Paragraph 25‑4(1)(c)"
[parser-unknown-class] "ItemHead", text="5  At the end of subsection 25‑4(1)"
[parser-unknown-class] "ItemHead", text="6  Before subsection 27‑3(1)"
[parser-unknown-class] "ItemHead", text="7  Paragraph 27‑3(1)(b)"
[parser-unknown-class] "ItemHead", text="8  Paragraph 27‑3(1)(c)"
[parser-unknown-class] "ItemHead", text="9  Application of amendments"
[parser-unknown-class] "ItemHead", text="10  At the end of subsection 27‑3(1)"
[parser-unknown-class] "ItemHead", text="11  After subsection 27‑3(3)"
[parser-unknown-class] "ItemHead", text="12  Subsection 27‑3(4)"
[parser-unknown-class] "ItemHead", text="13  Before subsection 27‑3(5)"
[parser-unknown-class] "ItemHead", text="14  At the end of subsection 27‑3(5)"
[parser-unknown-class] "ItemHead", text="15  Section 29‑2"
[parser-unknown-class] "ItemHead", text="16  Application of amendments"
[parser-unknown-class] "Subitem", text="(1) The amendment of section 29‑2 of the Aged Care Act 1997 made by this Part applies in relation..."
[parser-unknown-class] "Subitem", text="(2) Subitem (1) has no effect to the extent (if any) to which:"
[parser-unknown-class] "ItemHead", text="17  At the end of Part 2.4"
[parser-unknown-class] "ItemHead", text="18  Before subsection 85‑5(1)"
[parser-unknown-class] "ItemHead", text="19  After subsection 85‑5(4)"
[parser-unknown-class] "ItemHead", text="20  After section 85‑5"
[parser-unknown-class] "ItemHead", text="21  Before Division 96"
[parser-unknown-class] "ItemHead", text="22  Section 96‑1 (at the end of the cell at table item 9, column headed “Part or provision”)"
[parser-unknown-class] "ItemHead", text="23  Clause 1 of Schedule 1"
[parser-unknown-class] "ActHead7", text="Part 2—Adviser and administrator panels"
[parser-unknown-class] "ActHead9", text="Aged Care Act 1997"
[parser-unknown-class] "ItemHead", text="24  Paragraph 25‑4A(1)(b)"
[parser-unknown-class] "ItemHead", text="25  Subsection 25‑4A(2)"
[parser-unknown-class] "ItemHead", text="26  Subsection 25‑4A(3)"
[parser-unknown-class] "ItemHead", text="27  At the end of section 25‑4A"
[parser-unknown-class] "ItemHead", text="28  Paragraph 25‑4B(1)(a)"
[parser-unknown-class] "ItemHead", text="29  Subparagraphs 66‑2(1)(a)(iii) and (iv)"
[parser-unknown-class] "ItemHead", text="30  Subsections 66‑2(2) and (3)"
[parser-unknown-class] "ItemHead", text="31  Division 66A (heading)"
[parser-unknown-class] "ItemHead", text="32  Sections 66A‑1, 66A‑2 and 66A‑3"
[parser-unknown-class] "ItemHead", text="33  Application of amendments"
[parser-unknown-class] "Subitem", text="(1) The amendments of sections 25‑4A and 25‑4B of the Aged Care Act 1997 made by this Part apply ..."
[parser-unknown-class] "Subitem", text="(2) The amendments of section 66‑2 of the Aged Care Act 1997 made by this Part apply in relation ..."
[parser-unknown-class] "ActHead7", text="Part 3—Approved provider obligations"
[parser-unknown-class] "ActHead9", text="Aged Care Act 1997"
[parser-unknown-class] "ItemHead", text="34  Subsection 9‑1(1)"
[parser-unknown-class] "ItemHead", text="35  Subsection 9‑1(3)"
[parser-unknown-class] "ItemHead", text="36  Paragraph 9‑1(3A)(a)"
[parser-unknown-class] "ItemHead", text="37  Subsections 9‑1(6), (7) and (8)"
[parser-unknown-class] "ItemHead", text="38  Application of amendments"
[parser-unknown-class] "ActHead6", text="Schedule 10—Newly arrived resident’s waiting period"
[parser-unknown-class] "ActHead7", text="Part 1—Social security amendments"
[parser-unknown-class] "ActHead9", text="Social Security Act 1991"
[parser-unknown-class] "ItemHead", text="1  Subsection 7(1) (definition of designated temporary entry permit)"
[parser-unknown-class] "ItemHead", text="2  Subsection 7(1) (definitions of permanent visa, special category visa, temporary visa and visa)"
[parser-unknown-class] "ItemHead", text="3  Subsection 7(6)"
[parser-unknown-class] "ItemHead", text="4  Paragraph 7(6AA)(b)"
[parser-unknown-class] "ItemHead", text="5  Paragraph 7(6AA)(f)"
[parser-unknown-class] "ItemHead", text="6  Subsection 23(1) (definition of designated temporary entry permit)"
[parser-unknown-class] "ItemHead", text="7  Subsection 23(1) (paragraph (b) of the definition of newly arrived resident’s waiting period)"
[parser-unknown-class] "ItemHead", text="8  Subsection 23(1) (definition of temporary visa)"
[parser-unknown-class] "ItemHead", text="9  Subsection 23(1) (paragraph (ab) of the definition of waiting period)"
[parser-unknown-class] "ItemHead", text="10  Paragraph 201AA(1)(a)"
[parser-unknown-class] "ItemHead", text="11  At the end of subsection 201AA(2)"
[parser-unknown-class] "ItemHead", text="12  Subsection 201AA(5)"
[parser-unknown-class] "ItemHead", text="13  Subsection 201AA(6)"
[parser-unknown-class] "ItemHead", text="14  Subparagraphs 408BA(2)(d)(i) and (ia)"
[parser-unknown-class] "ItemHead", text="15  Subparagraph 408BA(2)(d)(ib)"
[parser-unknown-class] "ItemHead", text="16  Subsection 408BA(6)"
[parser-unknown-class] "ItemHead", text="17  After subparagraph 500(1)(d)(iii)"
[parser-unknown-class] "ItemHead", text="18  Subsection 500(1) (note 1)"
[parser-unknown-class] "ItemHead", text="19  At the end of section 500"
[parser-unknown-class] "ItemHead", text="20  Paragraph 549D(1)(a)"
[parser-unknown-class] "ItemHead", text="21  Subsection 549D(2) (note)"
[parser-unknown-class] "ItemHead", text="22  Subsections 549D(3) to (5)"
[parser-unknown-class] "ItemHead", text="23  At the end of section 549D"
[parser-unknown-class] "ItemHead", text="24  Paragraph 549E(a)"
[parser-unknown-class] "ItemHead", text="25  Paragraph 575D(1)(a)"
[parser-unknown-class] "ItemHead", text="26  Subsection 575D(2) (note)"
[parser-unknown-class] "ItemHead", text="27  Subsections 575D(3) and (4)"
[parser-unknown-class] "ItemHead", text="28  Paragraph 575E(a)"
[parser-unknown-class] "ItemHead", text="29  Paragraph 623A(1)(a)"
[parser-unknown-class] "ItemHead", text="30  Subsection 623A(2) (note)"
[parser-unknown-class] "ItemHead", text="31  Subsections 623A(3) to (6)"
[parser-unknown-class] "ItemHead", text="32  At the end of section 623A"
[parser-unknown-class] "ItemHead", text="33  Subsection 623B(2)"
[parser-unknown-class] "ItemHead", text="34  Subsection 623B(3)"
[parser-unknown-class] "ItemHead", text="35  Subsection 623B(3) (note)"
[parser-unknown-class] "ItemHead", text="36  Paragraph 696B(1)(a)"
[parser-unknown-class] "ItemHead", text="37  Subsection 696B(2) (note)"
[parser-unknown-class] "ItemHead", text="38  Subsections 696B(3) to (6)"
[parser-unknown-class] "ItemHead", text="39  Subsection 696C(2)"
[parser-unknown-class] "ItemHead", text="40  Subsection 696C(3)"
[parser-unknown-class] "ItemHead", text="41  Subsection 696C(3) (note)"
[parser-unknown-class] "ItemHead", text="42  At the end of subsection 739A(7) (before the note)"
[parser-unknown-class] "ItemHead", text="43  Subsection 739A(8)"
[parser-unknown-class] "ItemHead", text="44  Paragraph 771HNA(1)(a)"
[parser-unknown-class] "ItemHead", text="45  Subsection 771HNA(2) (note)"
[parser-unknown-class] "ItemHead", text="46  Subsections 771HNA(4) and (5)"
[parser-unknown-class] "ItemHead", text="47  Subsection 771HNB(3) (note)"
[parser-unknown-class] "ItemHead", text="48  Subsection 1039AA(1)"
[parser-unknown-class] "ItemHead", text="49  Subsection 1039AA(2) (note)"
[parser-unknown-class] "ItemHead", text="50  Subsection 1039AA(3)"
[parser-unknown-class] "ItemHead", text="51  Subsection 1039AA(5)"
[parser-unknown-class] "ItemHead", text="52  Paragraph 1061PU(1)(a)"
[parser-unknown-class] "ItemHead", text="53  Subsection 1061PU(2) (note)"
[parser-unknown-class] "ItemHead", text="54  Subsections 1061PU(3) and (4)"
[parser-unknown-class] "ItemHead", text="55  Paragraph 1061PV(a)"
[parser-unknown-class] "ItemHead", text="56  Subsection 1061ZH(1)"
[parser-unknown-class] "ItemHead", text="57  Paragraph 1061ZH(1)(a)"
[parser-unknown-class] "ItemHead", text="58  At the end of subsection 1061ZH(2)"
[parser-unknown-class] "ItemHead", text="59  Subsections 1061ZH(3) to (5)"
[parser-unknown-class] "ItemHead", text="60  Subsection 1061ZQ(1)"
[parser-unknown-class] "ItemHead", text="61  Subsection 1061ZQ(1)"
[parser-unknown-class] "ItemHead", text="62  Paragraph 1061ZQ(2)(b)"
[parser-unknown-class] "ItemHead", text="63  At the end of subsection 1061ZQ(2)"
[parser-unknown-class] "ItemHead", text="64  At the end of section 1061ZQ"
[parser-unknown-class] "ItemHead", text="65  Section 1061ZR"
[parser-unknown-class] "ItemHead", text="66  At the end of section 1061ZR"
[parser-unknown-class] "ItemHead", text="67  Clause 121 of Schedule 1A"
[parser-unknown-class] "ItemHead", text="68  Application provision—qualifying residence exemption"
[parser-unknown-class] "ItemHead", text="69  Application and saving provisions—carer payment"
[parser-unknown-class] "Subitem", text="(1) Paragraph 201AA(1)(a) of the Social Security Act 1991 applies on and after the commencement o..."
[parser-unknown-class] "Subitem", text="(2) Subsections 201AA(5) to (5B) of the Social Security Act 1991, as substituted by this Schedule..."
[parser-unknown-class] "Subitem", text="(3) Subsection 201AA(5) of the Social Security Act 1991, as in force immediately before the comme..."
[parser-unknown-class] "Subitem", text="(4) A determination in force under paragraph 201AA(5)(d) of the Social Security Act 1991 immediat..."
[parser-unknown-class] "ItemHead", text="70  Application provision—widow allowance"
[parser-unknown-class] "ItemHead", text="71  Application provision—parenting payment"
[parser-unknown-class] "ItemHead", text="72  Application and saving provisions—youth allowance"
[parser-unknown-class] "Subitem", text="(1) Paragraph 549D(1)(a) of the Social Security Act 1991 applies on and after the commencement of..."
[parser-unknown-class] "Subitem", text="(2) Subsections 549D(3) to (5) of the Social Security Act 1991, as in force immediately before th..."
[parser-unknown-class] "Subitem", text="(3) Subsections 549D(7) and (8) of the Social Security Act 1991, as added by this Schedule, apply..."
[parser-unknown-class] "Subitem", text="(4) The amendment of paragraph 549E(a) of the Social Security Act 1991 made by this Schedule appl..."
[parser-unknown-class] "ItemHead", text="73  Application and saving provisions—austudy payment"
[parser-unknown-class] "Subitem", text="(1) Paragraph 575D(1)(a) of the Social Security Act 1991 applies on and after the commencement of..."
[parser-unknown-class] "Subitem", text="(2) Subsections 575D(3) and (4) of the Social Security Act 1991, as substituted by this Schedule,..."
[parser-unknown-class] "Subitem", text="(3) Subsections 575D(3) and (4) of the Social Security Act 1991, as in force immediately before t..."
[parser-unknown-class] "Subitem", text="(4) The amendment of paragraph 575E(a) of the Social Security Act 1991 made by this Schedule appl..."
[parser-unknown-class] "ItemHead", text="74  Application and saving provisions—newstart allowance"
[parser-unknown-class] "Subitem", text="(1) Paragraph 623A(1)(a) of the Social Security Act 1991 applies on and after the commencement of..."
[parser-unknown-class] "Subitem", text="(2) Subsections 623A(3) to (6) and 623B(2) of the Social Security Act 1991, as in force immediate..."
[parser-unknown-class] "Subitem", text="(3) Subsections 623A(8) and (9) of the Social Security Act 1991, as added by this Schedule, apply..."
[parser-unknown-class] "ItemHead", text="75  Application and saving provisions—sickness allowance"
[parser-unknown-class] "Subitem", text="(1) Paragraph 696B(1)(a) of the Social Security Act 1991 applies on and after the commencement of..."
[parser-unknown-class] "Subitem", text="(2) Subsections 696B(3) and (4) of the Social Security Act 1991, as substituted by this Schedule,..."
[parser-unknown-class] "Subitem", text="(3) Subsections 696B(3) to (6) and 696C(2) of the Social Security Act 1991, as in force immediate..."
[parser-unknown-class] "ItemHead", text="76  Application provision—special benefit"
[parser-unknown-class] "ItemHead", text="77  Application and saving provisions—partner allowance"
[parser-unknown-class] "Subitem", text="(1) Paragraph 771HNA(1)(a) of the Social Security Act 1991 applies on and after the commencement ..."
[parser-unknown-class] "Subitem", text="(2) Subsections 771HNA(3) and (4) of the Social Security Act 1991, as substituted by this Schedul..."
[parser-unknown-class] "Subitem", text="(3) Subsections 771HNA(4) and (5) of the Social Security Act 1991, as in force immediately before..."
[parser-unknown-class] "ItemHead", text="78  Application and saving provisions—mobility allowance"
[parser-unknown-class] "Subitem", text="(1) Subsection 1039AA(1) of the Social Security Act 1991 applies on and after the commencement of..."
[parser-unknown-class] "Subitem", text="(2) Subsections 1039AA(3) and (5) of the Social Security Act 1991, as in force immediately before..."
[parser-unknown-class] "Subitem", text="(3) Subsections 1039AA(5) and (6) of the Social Security Act 1991, as substituted by this Schedul..."
[parser-unknown-class] "ItemHead", text="79  Application and saving provisions—pensioner education supplement"
[parser-unknown-class] "Subitem", text="(1) Paragraph 1061PU(1)(a) of the Social Security Act 1991 applies on and after the commencement ..."
[parser-unknown-class] "Subitem", text="(2) Subsections 1061PU(3) and (4) of the Social Security Act 1991, as substituted by this Schedul..."
[parser-unknown-class] "Subitem", text="(3) Subsections 1061PU(3) and (4) of the Social Security Act 1991, as in force immediately before..."
[parser-unknown-class] "Subitem", text="(4) The amendment of paragraph 1061PV(a) of the Social Security Act 1991 made by this Schedule ap..."
[parser-unknown-class] "ItemHead", text="80  Application and saving provisions—seniors health card"
[parser-unknown-class] "Subitem", text="(1) Paragraph 1061ZH(1)(a) of the Social Security Act 1991 applies on and after the commencement ..."
[parser-unknown-class] "Subitem", text="(2) Subsections 1061ZH(3) and (4) of the Social Security Act 1991, as substituted by this Schedul..."
[parser-unknown-class] "Subitem", text="(3) Subsections 1061ZH(3) to (5) of the Social Security Act 1991, as in force immediately before ..."
[parser-unknown-class] "ItemHead", text="81  Application and saving provisions—health care card"
[parser-unknown-class] "Subitem", text="(1) Subsection 1061ZQ(1) of the Social Security Act 1991 applies on and after the commencement of..."
[parser-unknown-class] "Subitem", text="(2) Paragraph 1061ZQ(2)(b) of the Social Security Act 1991, as in force immediately before the co..."
[parser-unknown-class] "Subitem", text="(3) Subsections 1061ZQ(3) and (4) of the Social Security Act 1991, as added by this Schedule, app..."
[parser-unknown-class] "Subitem", text="(4) Section 1061ZR of the Social Security Act 1991, as amended by this Schedule, applies in relat..."
[parser-unknown-class] "ActHead9", text="Social Security Legislation Amendment (Newly Arrived Resident’s Waiting Periods and Other Measure..."
[parser-unknown-class] "ItemHead", text="82  Section 3"
[parser-unknown-class] "ItemHead", text="83  Saving provision"
[parser-unknown-class] "ActHead7", text="Part 2—Farm household support amendments"
[parser-unknown-class] "ActHead9", text="Farm Household Support Act 2014"
[parser-unknown-class] "ItemHead", text="84  Subsection 5(1)"
[parser-unknown-class] "ItemHead", text="85  Paragraphs 42(2)(a), (b), (d), (e), (f) and (g)"
[parser-unknown-class] "ItemHead", text="86  At the end of subsection 42(2)"
[parser-unknown-class] "ItemHead", text="87  Subsection 43(1)"
[parser-unknown-class] "ItemHead", text="88  Paragraph 43(1)(b)"
[parser-unknown-class] "ItemHead", text="89  Subsection 43(2)"
[parser-unknown-class] "ItemHead", text="90  Application provision"
[parser-unknown-class] "ActHead6", text="Schedule 11—Student start‑up scholarships"
[parser-unknown-class] "ActHead9", text="Social Security Act 1991"
[parser-unknown-class] "ItemHead", text="1  Section 19AA (definition of scholarship‑entitled person)"
[parser-unknown-class] "ItemHead", text="2  Subsection 23(1) (definition of scholarship‑entitled person)"
[parser-unknown-class] "ItemHead", text="3  Division 1 of Part 2.11B"
[parser-unknown-class] "ItemHead", text="4  Subsection 1061ZVBC(1)"
[parser-unknown-class] "ItemHead", text="5  Subparagraph 1061ZVBC(1)(a)(iii)"
[parser-unknown-class] "ItemHead", text="6  Subsection 1061ZVBC(2)"
[parser-unknown-class] "ItemHead", text="7  Section 1190 (table item 68)"
[parser-unknown-class] "ItemHead", text="8  Subsection 1191(1) (table item 40)"
[parser-unknown-class] "ItemHead", text="9  Subsection 1192(8A)"
[parser-unknown-class] "ItemHead", text="10  Subsection 1222(2) (table item 4D, column 2)"
[parser-unknown-class] "ItemHead", text="11  Section 1223ABE (heading)"
[parser-unknown-class] "ItemHead", text="12  Paragraphs 1223ABE(1)(a), (2)(a) and (3)(a)"
[parser-unknown-class] "ActHead9", text="Social Security (Administration) Act 1999"
[parser-unknown-class] "ItemHead", text="13  Section 12H (heading)"
[parser-unknown-class] "ItemHead", text="14  Section 12H"
[parser-unknown-class] "ItemHead", text="15  Subsection 47(1) (paragraph (ba) of the definition of lump sum benefit)"
[parser-unknown-class] "ItemHead", text="16  Section 47DA (heading)"
[parser-unknown-class] "ItemHead", text="17  Paragraph 47DA(a)"
[parser-unknown-class] "ItemHead", text="18  Subdivision DC of Division 5 of Part 3B (heading)"
[parser-unknown-class] "ItemHead", text="19  Section 123XPF"
[parser-unknown-class] "ActHead9", text="Student Assistance Act 1973"
[parser-unknown-class] "ItemHead", text="20  Subsection 3(1) (definition of scholarship‑entitled person)"
[parser-unknown-class] "ItemHead", text="21  Subsection 7D(1)"
[parser-unknown-class] "ItemHead", text="22  Subparagraph 7D(1)(a)(iii)"
[parser-unknown-class] "ItemHead", text="23  Subsection 7D(2)"
[parser-unknown-class] "ItemHead", text="24  Application and saving provisions"
[parser-unknown-class] "Subitem", text="(1) Despite the repeal of Division 1 of Part 2.11B of the Social Security Act 1991 made by this S..."
[parser-unknown-class] "Subitem", text="(2) The amendments of section 1061ZVBC of the Social Security Act 1991 made by this Schedule appl..."
[parser-unknown-class] "Subitem", text="(3) Despite the amendments of section 1223ABE of the Social Security Act 1991 made by this Schedu..."
[parser-unknown-class] "Subitem", text="(4) Despite the amendments of section 12H of the Social Security (Administration) Act 1999 made b..."
[parser-unknown-class] "Subitem", text="(5) Despite the amendments of sections 47 and 47DA of the Social Security (Administration) Act 19..."
[parser-unknown-class] "Subitem", text="(6) Despite the amendments made by this Schedule, Part 3B of the Social Security (Administration)..."
[parser-unknown-class] "Subitem", text="(7) The amendments of section 7D of the Student Assistance Act 1973 made by this Schedule apply i..."
[parser-unknown-class] "ActHead6", text="Schedule 12—Interest charge"
[parser-unknown-class] "ActHead7", text="Part 1—Amendments"
[parser-unknown-class] "ActHead9", text="A New Tax System (Family Assistance) (Administration) Act 1999"
[parser-unknown-class] "ItemHead", text="1  After paragraph 77(1)(e)"
[parser-unknown-class] "ItemHead", text="2  Subsections 77(3) and (4)"
[parser-unknown-class] "ItemHead", text="3  Sections 78 to 79A"
[parser-unknown-class] "ItemHead", text="4  Subsection 82(3) (paragraph (a) of the definition of debt)"
[parser-unknown-class] "ItemHead", text="5  After subsection 91(1A)"
[parser-unknown-class] "ActHead9", text="Paid Parental Leave Act 2010"
[parser-unknown-class] "ItemHead", text="6  Section 6"
[parser-unknown-class] "ItemHead", text="7  Section 6"
[parser-unknown-class] "ItemHead", text="8  Section 6 (definition of interest exemption determination)"
[parser-unknown-class] "ItemHead", text="9  Section 6 (definition of penalty interest rate)"
[parser-unknown-class] "ItemHead", text="10  Section 164"
[parser-unknown-class] "ItemHead", text="11  Section 165 (paragraph (a) of the note)"
[parser-unknown-class] "ItemHead", text="12  Section 165 (paragraph (b) of the note)"
[parser-unknown-class] "ItemHead", text="13  Section 173 (heading)"
[parser-unknown-class] "ItemHead", text="14  Subsection 173(1) (heading)"
[parser-unknown-class] "ItemHead", text="15  Paragraph 173(1)(a)"
[parser-unknown-class] "ItemHead", text="16  Paragraph 173(1)(e)"
[parser-unknown-class] "ItemHead", text="17  After paragraph 173(1)(f)"
[parser-unknown-class] "ItemHead", text="18  Subsection 173(2)"
[parser-unknown-class] "ItemHead", text="19  Subsection 173(3)"
[parser-unknown-class] "ItemHead", text="20  Sections 174 to 180"
[parser-unknown-class] "ItemHead", text="21  Section 181 (paragraph (b) of the note)"
[parser-unknown-class] "ItemHead", text="22  After subsection 190(1)"
[parser-unknown-class] "ItemHead", text="23  Subsection 193(1) (paragraph (b) of the note)"
[parser-unknown-class] "ItemHead", text="24  Subsection 194(1) (paragraph (b) of the note)"
[parser-unknown-class] "ActHead9", text="Social Security Act 1991"
[parser-unknown-class] "ItemHead", text="25  Subsection 1222(2) (table item 16)"
[parser-unknown-class] "ItemHead", text="26  Subsection 1222(2) (table item 17)"
[parser-unknown-class] "ItemHead", text="27  Subsection 1223AA(1) (note)"
[parser-unknown-class] "ItemHead", text="28  Subsection 1224B(1) (note)"
[parser-unknown-class] "ItemHead", text="29  Section 1224C (note)"
[parser-unknown-class] "ItemHead", text="30  Subsection 1224D(1) (note)"
[parser-unknown-class] "ItemHead", text="31  After subsection 1228B(2)"
[parser-unknown-class] "ItemHead", text="32  Subsection 1228B(5)"
[parser-unknown-class] "ItemHead", text="33  After paragraph 1229(1)(e)"
[parser-unknown-class] "ItemHead", text="34  Subsections 1229(3) and (4)"
[parser-unknown-class] "ItemHead", text="35  Sections 1229A to 1229C"
[parser-unknown-class] "ItemHead", text="36  Subsection 1230(1) (note 3)"
[parser-unknown-class] "ItemHead", text="37  Subsection 1230A(1) (note 3)"
[parser-unknown-class] "ItemHead", text="38  After subsection 1234(1)"
[parser-unknown-class] "ActHead9", text="Student Assistance Act 1973"
[parser-unknown-class] "ItemHead", text="39  Subsection 3(1) (definition of late payment charge)"
[parser-unknown-class] "ItemHead", text="40  Section 38 (heading)"
[parser-unknown-class] "ItemHead", text="41  Section 38 (paragraph (c) of the definition of debt)"
[parser-unknown-class] "ItemHead", text="42  Section 38"
[parser-unknown-class] "ItemHead", text="43  Sections 39A, 40 and 41"
[parser-unknown-class] "ItemHead", text="44  Paragraph 51(1)(b)"
[parser-unknown-class] "ActHead9", text="Veterans’ Entitlements Act 1986"
[parser-unknown-class] "ItemHead", text="45  Section 205AAE"
[parser-unknown-class] "ActHead7", text="Part 2—Application, saving and transitional provisions"
[parser-unknown-class] "ItemHead", text="46  Application and transitional provisions—family assistance amendments"
[parser-unknown-class] "Subitem", text="(1) Paragraph 78(1)(a) of the A New Tax System (Family Assistance) (Administration) Act 1999, as ..."
[parser-unknown-class] "Subitem", text="(2) If:"
[parser-unknown-class] "Subitem", text="(3) Paragraph 78A(1)(b) of the A New Tax System (Family Assistance) (Administration) Act 1999, as..."
[parser-unknown-class] "Subitem", text="(4) Paragraph 78A(4)(b) of the A New Tax System (Family Assistance) (Administration) Act 1999, as..."
[parser-unknown-class] "Subitem", text="(5) Subsection 91(1B) of the A New Tax System (Family Assistance) (Administration) Act 1999, as a..."
[parser-unknown-class] "ItemHead", text="47  Application and transitional provisions—paid parental leave amendments"
[parser-unknown-class] "Subitem", text="(1) Paragraph 174(1)(a) of the Paid Parental Leave Act 2010, as amended by this Act, applies in r..."
[parser-unknown-class] "Subitem", text="(2) If:"
[parser-unknown-class] "Subitem", text="(3) Paragraph 175(1)(b) of the Paid Parental Leave Act 2010, as amended by this Act, applies in r..."
[parser-unknown-class] "Subitem", text="(4) Paragraph 175(4)(b) of the Paid Parental Leave Act 2010, as amended by this Act, applies in r..."
[parser-unknown-class] "Subitem", text="(5) Subsection 190(1A) of the Paid Parental Leave Act 2010, as amended by this Act, applies in re..."
[parser-unknown-class] "ItemHead", text="48  Application and transitional provisions—social security amendments"
[parser-unknown-class] "Subitem", text="(1) Paragraph 1229A(1)(a) of the Social Security Act 1991, as amended by this Act, applies in rel..."
[parser-unknown-class] "Subitem", text="(2) If:"
[parser-unknown-class] "Subitem", text="(3) Paragraph 1229B(1)(b) of the Social Security Act 1991, as amended by this Act, applies in rel..."
[parser-unknown-class] "Subitem", text="(4) Paragraph 1229B(4)(b) of the Social Security Act 1991, as amended by this Act, applies in rel..."
[parser-unknown-class] "Subitem", text="(5) Subsection 1234(1A) of the Social Security Act 1991, as amended by this Act, applies in relat..."
[parser-unknown-class] "ItemHead", text="49  Application, saving and transitional provisions—student assistance amendments"
[parser-unknown-class] "Subitem", text="(1) Sections 40 to 41G of the Student Assistance Act 1973, as amended by this Act, apply in relat..."
[parser-unknown-class] "Subitem", text="(2) The repeal of section 39A of the Student Assistance Act 1973 made by this Schedule does not a..."
[parser-unknown-class] "Subitem", text="(3) A decision made under subsection 39A(1) of the Student Assistance Act 1973 before the commenc..."
[parser-unknown-class] "ActHead6", text="Schedule 13—Debt recovery"
[parser-unknown-class] "ActHead7", text="Part 1—Departure prohibition orders"
[parser-unknown-class] "ActHead9", text="A New Tax System (Family Assistance) Act 1999"
[parser-unknown-class] "ItemHead", text="1  Subsection 3(1) (at the end of the definition of Australia)"
[parser-unknown-class] "ActHead9", text="A New Tax System (Family Assistance) (Administration) Act 1999"
[parser-unknown-class] "ItemHead", text="2  Subsection 3(1)"
[parser-unknown-class] "ItemHead", text="3  At the end of Part 4"
[parser-unknown-class] "ItemHead", text="4  Part 5 (after the heading)"
[parser-unknown-class] "ActHead9", text="Paid Parental Leave Act 2010"
[parser-unknown-class] "ItemHead", text="5  Section 6 (at the end of the definition of Australia)"
[parser-unknown-class] "ItemHead", text="6  Section 6"
[parser-unknown-class] "ItemHead", text="7  Section 164"
[parser-unknown-class] "ItemHead", text="8  After Division 7 of Part 4‑3"
[parser-unknown-class] "ItemHead", text="9  Chapter 5 (after the heading)"
[parser-unknown-class] "ActHead9", text="Social Security Act 1991"
[parser-unknown-class] "ItemHead", text="10  Subsection 23(1) (definition of Australia, before the note)"
[parser-unknown-class] "ItemHead", text="11  Subsection 23(1) (note at the end of the definition of Australia)"
[parser-unknown-class] "ItemHead", text="12  Subsection 23(1)"
[parser-unknown-class] "ItemHead", text="13  At the end of Chapter 5"
[parser-unknown-class] "ActHead9", text="Student Assistance Act 1973"
[parser-unknown-class] "ItemHead", text="14  Subsection 3(1) (at the end of the definition of Australia)"
[parser-unknown-class] "ItemHead", text="15  Subsection 3(1)"
[parser-unknown-class] "ItemHead", text="16  At the end of Part 6"
[parser-unknown-class] "ItemHead", text="17  Application provision"
[parser-unknown-class] "ActHead7", text="Part 2—Removal of 6‑year limit on debt recovery"
[parser-unknown-class] "ActHead9", text="A New Tax System (Family Assistance) (Administration) Act 1999"
[parser-unknown-class] "ItemHead", text="18  Section 86"
[parser-unknown-class] "ItemHead", text="19  Subsections 87(3) and (4)"
[parser-unknown-class] "ItemHead", text="20  Subsection 88(1)"
[parser-unknown-class] "ItemHead", text="21  Subsections 88(2) to (6)"
[parser-unknown-class] "ItemHead", text="22  Section 90"
[parser-unknown-class] "ItemHead", text="23  At the end of Division 3 of Part 4"
[parser-unknown-class] "ItemHead", text="24  Paragraph 95(3)(a)"
[parser-unknown-class] "ActHead9", text="Paid Parental Leave Act 2010"
[parser-unknown-class] "ItemHead", text="25  Section 183 (note)"
[parser-unknown-class] "ItemHead", text="26  Subsection 184(1) (note 1)"
[parser-unknown-class] "ItemHead", text="27  Subsection 184(1) (note 2)"
[parser-unknown-class] "ItemHead", text="28  Section 189"
[parser-unknown-class] "ItemHead", text="29  At the end of Division 5 of Part 4‑3"
[parser-unknown-class] "ItemHead", text="30  Paragraph 193(3)(a)"
[parser-unknown-class] "ActHead9", text="Social Security Act 1991"
[parser-unknown-class] "ItemHead", text="31  Subsection 1231(2)"
[parser-unknown-class] "ItemHead", text="32  Subsections 1231(2A) to (2E)"
[parser-unknown-class] "ItemHead", text="33  Subsection 1232(1)"
[parser-unknown-class] "ItemHead", text="34  Subsections 1232(2) to (6)"
[parser-unknown-class] "ItemHead", text="35  Subsections 1233(7A) to (7E)"
[parser-unknown-class] "ItemHead", text="36  At the end of Part 5.3"
[parser-unknown-class] "ItemHead", text="37  Paragraphs 1236(1B)(a) and (aa)"
[parser-unknown-class] "ActHead9", text="Student Assistance Act 1973"
[parser-unknown-class] "ItemHead", text="38  At the end of Division 2 of Part 6"
[parser-unknown-class] "ItemHead", text="39  Application provisions—family assistance amendments"
[parser-unknown-class] "Subitem", text="(1) The amendments of the A New Tax System (Family Assistance) (Administration) Act 1999 made by ..."
[parser-unknown-class] "Subitem", text="(2) Paragraph (1)(b) applies in relation to a debt only if, immediately before the commencement o..."
[parser-unknown-class] "ItemHead", text="40  Application provisions—paid parental leave amendments"
[parser-unknown-class] "Subitem", text="(1) The amendments of the Paid Parental Leave Act 2010 made by this Part apply in relation to:"
[parser-unknown-class] "Subitem", text="(2) Paragraph (1)(b) applies in relation to a debt only if, immediately before the commencement o..."
[parser-unknown-class] "ItemHead", text="41  Application provisions—social security amendments"
[parser-unknown-class] "Subitem", text="(1) The amendments of the Social Security Act 1991 made by this Part apply in relation to:"
[parser-unknown-class] "Subitem", text="(2) Paragraph (1)(b) applies in relation to a debt or overpayment only if, immediately before the..."
[parser-unknown-class] "ItemHead", text="42  Application provision—student assistance amendments"
[parser-unknown-class] "ActHead6", text="Schedule 14—Parental leave payments"
[parser-unknown-class] "ActHead7", text="Part 1—Parental leave pay and dad and partner pay to count as income"
[parser-unknown-class] "ActHead9", text="Social Security Act 1991"
[parser-unknown-class] "ItemHead", text="1  At the end of subsection 8(1A)"
[parser-unknown-class] "ItemHead", text="2  Paragraphs 8(8)(d) and (da)"
[parser-unknown-class] "ActHead9", text="Veterans’ Entitlements Act 1986"
[parser-unknown-class] "ItemHead", text="3  Paragraphs 5H(8)(d) and (da)"
[parser-unknown-class] "ItemHead", text="4  Application provision"
[parser-unknown-class] "ActHead7", text="Part 2—Parental leave pay and dad and partner pay deductions to avoid overpayments"
[parser-unknown-class] "ActHead9", text="Paid Parental Leave Act 2010"
[parser-unknown-class] "ItemHead", text="5  Section 6"
[parser-unknown-class] "ItemHead", text="6  Subsection 66(2)"
[parser-unknown-class] "ItemHead", text="7  After section 69"
[parser-unknown-class] "ItemHead", text="8  Subsection 70(1)"
[parser-unknown-class] "ItemHead", text="9  After subsection 101(3)"
[parser-unknown-class] "ItemHead", text="10  Subsection 108(1) (after table item 2)"
[parser-unknown-class] "ItemHead", text="11  Subsection 115EG(2)"
[parser-unknown-class] "ItemHead", text="12  After section 115EH"
[parser-unknown-class] "ItemHead", text="13  Section 115EJ"
[parser-unknown-class] "ItemHead", text="14  Application provisions"
[parser-unknown-class] "SubitemHead", text="Deductions from instalments of parental leave pay"
[parser-unknown-class] "Subitem", text="(1) Paragraph 69A(a) of the Paid Parental Leave Act 2010, as inserted by this Part, applies in re..."
[parser-unknown-class] "Subitem", text="(2) Paragraph 69A(b) of the Paid Parental Leave Act 2010, as inserted by this Part, applies in re..."
[parser-unknown-class] "SubitemHead", text="Employer determinations"
[parser-unknown-class] "Subitem", text="(3) The amendment of section 101 of the Paid Parental Leave Act 2010 made by this Part applies in..."
[parser-unknown-class] "Subitem", text="(4) The amendment of section 108 of the Paid Parental Leave Act 2010 made by this Part applies in..."
[parser-unknown-class] "SubitemHead", text="Deductions from dad and partner pay"
[parser-unknown-class] "Subitem", text="(5) Paragraph 115EI(a) of the Paid Parental Leave Act 2010, as inserted by this Part, applies in ..."
[parser-unknown-class] "Subitem", text="(6) Paragraph 115EI(b) of the Paid Parental Leave Act 2010, as inserted by this Part, applies in ..."
[parser-unknown-class] "ActHead6", text="Schedule 15—Fringe benefits"
[parser-unknown-class] "ActHead9", text="A New Tax System (Family Assistance) Act 1999"
[parser-unknown-class] "ItemHead", text="1  Clause 4 of Schedule 3"
[parser-unknown-class] "ActHead9", text="Income Tax Assessment Act 1936"
[parser-unknown-class] "ItemHead", text="2  Subsection 6(1) (definition of adjusted fringe benefits total)"
[parser-unknown-class] "ItemHead", text="3  Subsection 6(1) (definition of reportable fringe benefits total)"
[parser-unknown-class] "ActHead9", text="Social Security Act 1991"
[parser-unknown-class] "ItemHead", text="4  Subpoint 1067G‑F11(2)"
[parser-unknown-class] "ItemHead", text="5  Application provisions"
[parser-unknown-class] "SubitemHead", text="Family tax benefit"
[parser-unknown-class] "Subitem", text="(1) The amendments made by this Schedule apply in relation to working out the rate of family tax ..."
[parser-unknown-class] "SubitemHead", text="Child care benefit"
[parser-unknown-class] "Subitem", text="(2) The amendments made by this Schedule apply in relation to working out the rate of child care ..."
[parser-unknown-class] "SubitemHead", text="Stillborn baby payment"
[parser-unknown-class] "Subitem", text="(3) The amendments made by this Schedule apply in relation to working out an individual’s eligibi..."
[parser-unknown-class] "SubitemHead", text="Parental leave pay and dad and partner pay"
[parser-unknown-class] "Subitem", text="(4) The amendments made by this Schedule apply in relation to a claim for parental leave pay, or ..."
[parser-unknown-class] "SubitemHead", text="Youth allowance"
[parser-unknown-class] "Subitem", text="(5) The amendments made by this Schedule apply in relation to working out the rate of youth allow..."
[parser-unknown-class] "SubitemHead", text="Low income supplement"
[parser-unknown-class] "Subitem", text="(6) The amendments made by this Schedule do not apply in relation to working out a person’s quali..."
[parser-unknown-class] "SubitemHead", text="Low income superannuation contribution"
[parser-unknown-class] "Subitem", text="(7) The amendments made by this Schedule do not apply in relation to working out whether a low in..."
[parser-unknown-class] "SubitemHead", text="Rebate for medical expenses"
[parser-unknown-class] "Subitem", text="(8) The amendments made by this Schedule apply in relation to working out whether a taxpayer is e..."
[parser-unknown-class] "SubitemHead", text="Rebate for low income aged persons and pensioners"
[parser-unknown-class] "Subitem", text="(9) The amendments made by this Schedule apply in relation to working out whether a taxpayer is e..."
[parser-unknown-class] "Subitem", text="(10) The amendments made by this Schedule apply in relation to working out whether a trustee is e..."
[parser-unknown-class] "SubitemHead", text="Dependant (invalid and carer) tax offset"
[parser-unknown-class] "Subitem", text="(11) The amendments made by this Schedule apply in relation to working out whether an individual ..."
[parser-unknown-class] "SubitemHead", text="Dependant (non‑student child under 21 or student) notional tax offset"
[parser-unknown-class] "Subitem", text="(12) The amendments made by this Schedule apply in relation to working out the amount of an indiv..."
[parser-unknown-class] "ActHead6", text="Schedule 16—Carer allowance"
[parser-unknown-class] "ActHead9", text="Social Security (Administration) Act 1999"
[parser-unknown-class] "ItemHead", text="1  Clauses 16 and 17 of Schedule 2"
[parser-unknown-class] "ItemHead", text="2  Application provision"
[parser-unknown-class] "ActHead6", text="Schedule 17—Indexation of family tax benefit and parental leave thresholds"
[parser-unknown-class] "ActHead9", text="A New Tax System (Family Assistance) Act 1999"
[parser-unknown-class] "ItemHead", text="1  Subclause 3(7) of Schedule 4"
[parser-unknown-class] "ActHead9", text="Paid Parental Leave Act 2010"
[parser-unknown-class] "ItemHead", text="2  Section 30"
[parser-unknown-class] "ItemHead", text="3  Paragraph 41(a)"
[parser-unknown-class] "ItemHead", text="4  Subsection 42(1)"
[parser-unknown-class] "ItemHead", text="5  Section 115CA"
[parser-unknown-class] "ActHead6", text="Schedule 18—Pension means testing for aged care residents"
[parser-unknown-class] "ActHead9", text="Social Security Act 1991"
[parser-unknown-class] "ItemHead", text="1  At the end of paragraphs 8(8)(zn), (zna) and (znaa)"
[parser-unknown-class] "ItemHead", text="2  After subsection 8(10)"
[parser-unknown-class] "ItemHead", text="3  After subsection 11A(8)"
[parser-unknown-class] "ActHead9", text="Veterans’ Entitlements Act 1986"
[parser-unknown-class] "ItemHead", text="4  At the end of paragraph 5H(8)(nc)"
[parser-unknown-class] "ItemHead", text="5  At the end of paragraph 5H(8)(nd)"
[parser-unknown-class] "ItemHead", text="6  At the end of paragraph 5H(8)(nf)"
[parser-unknown-class] "ItemHead", text="7  After subsection 5H(11)"
[parser-unknown-class] "ItemHead", text="8  After subsection 5LA(8)"
[parser-unknown-class] "ActHead6", text="Schedule 19—Employment income"
[parser-unknown-class] "ActHead9", text="A New Tax System (Family Assistance) Act 1999"
[parser-unknown-class] "ItemHead", text="1  Subsection 3(1) (subparagraph (b)(i) of the definition of receiving)"
[parser-unknown-class] "ActHead9", text="Social Security Act 1991"
[parser-unknown-class] "ItemHead", text="2  Paragraph 23(4AA)(e)"
[parser-unknown-class] "ItemHead", text="3  Paragraph 1067G‑F3(c)"
[parser-unknown-class] "ItemHead", text="4  Paragraph 1067G‑F3(d)"
[parser-unknown-class] "ItemHead", text="5  Application provisions"
[parser-unknown-class] "Subitem", text="(1) The amendment made by item 1 applies in relation to working out the rate of family tax benefi..."
[parser-unknown-class] "Subitem", text="(2) The amendments made by items 2 to 4 apply in relation to working out the rate of youth allowa..."
[parser-unknown-class] "ActHead6", text="Schedule 21—Closing carbon tax compensation to new welfare recipients"
[parser-unknown-class] "ActHead7", text="Part 1—Energy supplement under the family assistance law"
[parser-unknown-class] "ActHead9", text="A New Tax System (Family Assistance) Act 1999"
[parser-unknown-class] "ItemHead", text="1  At the end of subsection 58(2)"
[parser-unknown-class] "ItemHead", text="2  After subsection 58(2B)"
[parser-unknown-class] "ItemHead", text="3  After subsection 58A(1)"
[parser-unknown-class] "ItemHead", text="4  After subsection 58A(3)"
[parser-unknown-class] "ItemHead", text="5  Application provision"
[parser-unknown-class] "ItemHead", text="6  Clause 3 of Schedule 1"
[parser-unknown-class] "ItemHead", text="7  Clause 3 of Schedule 1 (at the end of step 1 of the method statement)"
[parser-unknown-class] "BoxNote", text="Note: Paragraph (cb) does not apply to certain individuals: see clause 6A."
[parser-unknown-class] "ItemHead", text="8  At the end of Division 1 of Part 2 of Schedule 1"
[parser-unknown-class] "ItemHead", text="9  Clause 24HA of Schedule 1"
[parser-unknown-class] "ItemHead", text="10  At the end of clause 24HA of Schedule 1"
[parser-unknown-class] "ItemHead", text="11  Clause 24RA of Schedule 1"
[parser-unknown-class] "ItemHead", text="12  At the end of clause 24RA of Schedule 1"
[parser-unknown-class] "ItemHead", text="13  Clause 25 of Schedule 1"
[parser-unknown-class] "ItemHead", text="14  Clause 25 of Schedule 1 (at the end of step 1 of the method statement)"
[parser-unknown-class] "BoxNote", text="Note: Paragraph (e) does not apply to certain individuals: see clause 25C."
[parser-unknown-class] "ItemHead", text="15  At the end of Division 1 of Part 3 of Schedule 1"
[parser-unknown-class] "ItemHead", text="16  Subclause 29(1) of Schedule 1"
[parser-unknown-class] "ItemHead", text="17  At the end of subclause 29(1) of Schedule 1"
[parser-unknown-class] "ItemHead", text="18  Subclause 29(2) of Schedule 1 (at the end of step 1 of the method statement)"
[parser-unknown-class] "BoxNote", text="Note: Paragraph (c) does not apply to certain individuals: see clause 29AA."
[parser-unknown-class] "ItemHead", text="19  At the end of Subdivision A of Division 1 of Part 4 of Schedule 1"
[parser-unknown-class] "ItemHead", text="20  Subclause 29A(2) of Schedule 1"
[parser-unknown-class] "ItemHead", text="21  At the end of subclause 29A(2) of Schedule 1"
[parser-unknown-class] "ItemHead", text="22  At the end of Subdivision B of Division 1 of Part 4 of Schedule 1"
[parser-unknown-class] "ItemHead", text="23  At the end of subclause 31B(1) of Schedule 1"
[parser-unknown-class] "ItemHead", text="24  At the end of subclause 38AA(1) of Schedule 1"
[parser-unknown-class] "ItemHead", text="25  At the end of subclause 38AF(1) of Schedule 1"
[parser-unknown-class] "ActHead7", text="Part 2—Energy supplement under the social security law"
[parser-unknown-class] "ActHead9", text="Social Security Act 1991"
[parser-unknown-class] "ItemHead", text="36  Section 1061U"
[parser-unknown-class] "ItemHead", text="37  At the end of section 1061U"
[parser-unknown-class] "ItemHead", text="38  Transitional provision"
[parser-unknown-class] "Subitem", text="If:"
[parser-unknown-class] "ActHead7", text="Part 4—Energy supplement under the Veterans’ Entitlements Act"
[parser-unknown-class] "ActHead9", text="Veterans’ Entitlements Act 1986"
[parser-unknown-class] "ItemHead", text="104  After subsection 118P(1)"
[parser-unknown-class] "ItemHead", text="106  At the end of section 118P"
[parser-unknown-class] "ItemHead", text="107  Transitional provision"
[parser-unknown-class] "Subitem", text="If:"
[parser-unknown-class] "ActHead7", text="Part 6—Telephone allowance"
[parser-unknown-class] "ActHead9", text="Social Security Act 1991"
[parser-unknown-class] "ItemHead", text="125  Subsection 17(1) (subparagraph (l)(ii) of the definition of compensation affected payment)"
[parser-unknown-class] "ItemHead", text="126  Subsection 1061Q(4A)"
[parser-unknown-class] "ItemHead", text="127  Subsection 1061SA(1) (cell at table item 10, column 2)"
[parser-unknown-class] "ItemHead", text="128  Paragraphs 1061SB(2)(a) and (b)"
[parser-unknown-class] "ActHead9", text="Social Security (Administration) Act 1999"
[parser-unknown-class] "ItemHead", text="129  Subsection 48(4) (definition of telephone allowance payday)"
[parser-unknown-class] "ItemHead", text="130  Subsection 48(4) (definition of working day)"
[parser-unknown-class] "ItemHead", text="131  Application provisions"
[parser-unknown-class] "Subitem", text="(1) The repeal of subsection 1061Q(4A) of the Social Security Act 1991 made by this Part applies ..."
[parser-unknown-class] "Subitem", text="(2) The amendments of sections 1061SA and 1061SB of the Social Security Act 1991 made by this Par..."
[parser-unknown-class] "ActHead7", text="Part 7—Single income family supplement"
[parser-unknown-class] "ActHead9", text="A New Tax System (Family Assistance) Act 1999"
[parser-unknown-class] "ItemHead", text="132  At the end of subsection 57G(1)"
[parser-unknown-class] "ItemHead", text="133  At the end of Subdivision A of Division 6 of Part 3"
[parser-unknown-class] "ActHead6", text="Schedule 21A—Income limit for FTB Part A supplement"
[parser-unknown-class] "ActHead9", text="A New Tax System (Family Assistance) Act 1999"
[parser-unknown-class] "ItemHead", text="1  Before subclause 38A(1) of Schedule 1"
[parser-unknown-class] "ItemHead", text="2  Application provision"
[parser-unknown-class] "ActHead6", text="Schedule 22—Rates of R&D tax offset"
[parser-unknown-class] "ActHead9", text="Income Tax Assessment Act 1997"
[parser-unknown-class] "ItemHead", text="1  Subsection 355‑100(1) (cell at table item 1, column headed “The percentage is:”)"
[parser-unknown-class] "ItemHead", text="2  Subsection 355‑100(1) (cell at table item 2, column headed “The percentage is:”)"
[parser-unknown-class] "ItemHead", text="3  Subsection 355‑100(1) (cell at table item 3, column headed “The percentage is:”)"
[parser-unknown-class] "ItemHead", text="4  Subsection 355‑100(1) (note)"
[parser-unknown-class] "ItemHead", text="5  Application of amendments"
[parser-unknown-class] "ActHead6", text="Schedule 23—Single touch payroll reporting"
[parser-unknown-class] "ActHead7", text="Part 1—Reporting by employers"
[parser-unknown-class] "ActHead8", text="Division 1—Main amendments"
[parser-unknown-class] "ActHead9", text="Taxation Administration Act 1953"
[parser-unknown-class] "ItemHead", text="1  After Division 388 in Schedule 1"
[parser-unknown-class] "ActHead8", text="Division 2—Other amendments"
[parser-unknown-class] "ActHead9", text="Income Tax Assessment Act 1997"
[parser-unknown-class] "ItemHead", text="2  Subsection 995‑1(1) (at the end of the definition of BAS provisions)"
[parser-unknown-class] "ItemHead", text="3  Subsection 995‑1(1)"
[parser-unknown-class] "ActHead9", text="Taxation Administration Act 1953"
[parser-unknown-class] "ItemHead", text="4  After section 8AAZLGA"
[parser-unknown-class] "ItemHead", text="5  After subsection 8K(2)"
[parser-unknown-class] "ItemHead", text="6  Section 8N"
[parser-unknown-class] "ItemHead", text="7  At the end of section 8N"
[parser-unknown-class] "ItemHead", text="8  After paragraph 14ZW(1)(aad)"
[parser-unknown-class] "ItemHead", text="9  At the end of section 16‑150 in Schedule 1"
[parser-unknown-class] "ItemHead", text="10  At the end of subsection 16‑153(1) in Schedule 1"
[parser-unknown-class] "ItemHead", text="11  At the end of subsection 16‑153(2) in Schedule 1"
[parser-unknown-class] "ItemHead", text="12  At the end of subsection 16‑155(2) in Schedule 1"
[parser-unknown-class] "ItemHead", text="13  At the end of subsection 16‑160(1) in Schedule 1"
[parser-unknown-class] "ItemHead", text="14  Paragraph 16‑160(1)(c) in Schedule 1"
[parser-unknown-class] "ItemHead", text="15  Paragraph 16‑160(1)(d) in Schedule 1"
[parser-unknown-class] "ItemHead", text="16  Subsection 16‑160(2) in Schedule 1"
[parser-unknown-class] "ItemHead", text="17  At the end of section 16‑165 in Schedule 1"
[parser-unknown-class] "ItemHead", text="18  Subsection 269‑30(2) in Schedule 1 (cell at table item 1, column 3)"
[parser-unknown-class] "ItemHead", text="19  At the end of section 284‑75 in Schedule 1"
[parser-unknown-class] "ItemHead", text="20  At the end of subsection 286‑75(1) in Schedule 1"
[parser-unknown-class] "ActHead9", text="Taxation (Interest on Overpayments and Early Payments) Act 1983"
[parser-unknown-class] "ItemHead", text="21  Section 12AF (paragraph (b) of the definition of RBA interest day)"
[parser-unknown-class] "ActHead8", text="Division 3—Application"
[parser-unknown-class] "ItemHead", text="22  Application—required reporting"
[parser-unknown-class] "Subitem", text="(1) The amendments made by this Part apply in relation to an amount that an entity is required to..."
[parser-unknown-class] "Subitem", text="(2) Despite subitem (1), the entity is not liable to a penalty under subsection 286‑75(1) in Sche..."
[parser-unknown-class] "ItemHead", text="23  Application—voluntary reporting"
[parser-unknown-class] "ItemHead", text="24  Determining the application day"
[parser-unknown-class] "ActHead7", text="Part 2—Choice of fund"
[parser-unknown-class] "ActHead9", text="Superannuation Guarantee (Administration) Act 1992"
[parser-unknown-class] "ItemHead", text="25  Paragraph 32C(2B)(b)"
[parser-unknown-class] "ItemHead", text="26  Paragraph 32C(2B)(c)"
[parser-unknown-class] "ItemHead", text="27  Subparagraph 32C(2B)(c)(i)"
[parser-unknown-class] "ItemHead", text="28  Subsection 32F(1)"
[parser-unknown-class] "ItemHead", text="29  Subsection 32F(2)"
[parser-unknown-class] "ItemHead", text="30  Paragraph 32F(3)(a)"
[parser-unknown-class] "ItemHead", text="31  Subsection 32FA(1)"
[parser-unknown-class] "ItemHead", text="32  Paragraph 32H(1)(b)"
[parser-unknown-class] "ItemHead", text="33  After subsection 32H(1)"
[parser-unknown-class] "ItemHead", text="34  Before section 32X"
[parser-unknown-class] "ActHead9", text="Taxation Administration Act 1953"
[parser-unknown-class] "ItemHead", text="35  Subsection 355‑50(2) in Schedule 1 (at the end of the table)"
[parser-unknown-class] "ItemHead", text="36  Application"
[parser-unknown-class] "Subitem", text="(1) The amendments made by items 34 and 35 apply in relation to disclosures of information on or ..."
[parser-unknown-class] "Subitem", text="(2) The other amendments made to the Superannuation Guarantee (Administration) Act 1992 by this P..."
[parser-unknown-class] "ActHead7", text="Part 3—TFN declarations"
[parser-unknown-class] "ActHead9", text="Income Tax Assessment Act 1936"
[parser-unknown-class] "ItemHead", text="37  Subsection 202C(2)"
[parser-unknown-class] "ItemHead", text="38  After subsection 202CF(1)"
[parser-unknown-class] "ItemHead", text="39  At the end of Division 3 of Part VA"
[parser-unknown-class] "ActHead9", text="Superannuation Industry (Supervision) Act 1993"
[parser-unknown-class] "ItemHead", text="40  At the end of section 299C"
[parser-unknown-class] "ItemHead", text="41  Application"
[parser-unknown-class] "Subitem", text="(1) The amendment made by item 37 applies in relation to declarations made on or after 1 January ..."
[parser-unknown-class] "Subitem", text="(2) The amendment made by item 38 applies in relation to relationships (of a kind referred to in ..."
[parser-unknown-class] "Subitem", text="(3) The amendments made by items 39 and 40 apply in relation to disclosures of tax file numbers o..."
[parser-unknown-class] "ActHead7", text="Part 4—TFN validation"
[parser-unknown-class] "ActHead9", text="Income Tax Assessment Act 1936"
[parser-unknown-class] "ItemHead", text="42  After section 202CE"
[parser-unknown-class] "ItemHead", text="43  Application"
[parser-unknown-class] "ActHead6", text="Schedule 24—Single appeal path under the Military Rehabilitation and Compensation Act"
[parser-unknown-class] "ActHead9", text="Military Rehabilitation and Compensation Act 2004"
[parser-unknown-class] "ItemHead", text="1  Section 344"
[parser-unknown-class] "ItemHead", text="2  Section 344"
[parser-unknown-class] "ItemHead", text="3  Section 344"
[parser-unknown-class] "ItemHead", text="4  Section 344"
[parser-unknown-class] "ItemHead", text="5  Paragraph 345A(2)(c)"
[parser-unknown-class] "ItemHead", text="6  Subsection 346(5)"
[parser-unknown-class] "ItemHead", text="7  Section 349 (heading)"
[parser-unknown-class] "ItemHead", text="8  Subsections 349(1) to (3)"
[parser-unknown-class] "ItemHead", text="9  Subsection 352(2)"
[parser-unknown-class] "ItemHead", text="10  After subsection 354(1A)"
[parser-unknown-class] "ItemHead", text="11  After subsection 357(6)"
[parser-unknown-class] "ItemHead", text="12  Section 359"
[parser-unknown-class] "ItemHead", text="13  Application provision"
[parser-diag] processed 3727 <p> elements
[parser-diag] last section was added at element index: 3588
[parser-diag] state phase at end: ENDNOTES
[parser-diag] hierarchy stack depth at end: 4
[parser-diag] insideSchedule at end: false
[parse] sections: 194
[parse] compilation: date=2021-09-01 no=1
[parse] by level:
         section      156
         division     14
         subdivision  23
         part         1
[db] inserted new legislation row: a287179b-8a72-4c26-a636-746b030cfcea
[db] inserting 194 sections (pass 1)
[db] inserted 194 sections
[db] linking parent FKs (pass 2)
[db] linked 182 parent references

[done] ingested Budget Savings (Omnibus) Act 2016
       legislation_id: a287179b-8a72-4c26-a636-746b030cfcea
       sections: 194
       compilation: 2021-09-01
