[fetch] document_1: https://www.legislation.gov.au/C2013A00058/2024-05-31/2024-05-31/text/original/epub/OEBPS/document_1/document_1.html
[fetch] document_1: 207,964 bytes
[fetch] document_2: https://www.legislation.gov.au/C2013A00058/2024-05-31/2024-05-31/text/original/epub/OEBPS/document_2/document_2.html
[fetch] document_2 not found — stopping. Fetched 1 document(s).
[fetch] combined 1 document(s), 207,964 source bytes → 205,555 combined bytes
[citation] Asbestos and Silica Safety and Eradication Agency Act 2013 (Cth)
[parse] starting
[parser-diag] total <p> elements found: 851
[parser-diag] processed 851 <p> elements
[parser-diag] last section was added at element index: 587
[parser-diag] state phase at end: ENDNOTES
[parser-diag] hierarchy stack depth at end: 2
[parser-diag] insideSchedule at end: false
[parse] sections: 75
[parse] compilation: date=2024-05-31 no=4
[parse] by level:
         part         9
         section      58
         division     8
[db] inserted new legislation row: c38ddd82-ca18-46d0-b4c0-9677c32f3b78
[db] inserting 75 sections (pass 1)
[db] inserted 75 sections
[db] linking parent FKs (pass 2)
[db] linked 66 parent references

[done] ingested Asbestos and Silica Safety and Eradication Agency Act 2013
       legislation_id: c38ddd82-ca18-46d0-b4c0-9677c32f3b78
       sections: 75
       compilation: 2024-05-31
