[fetch] document_1: https://www.legislation.gov.au/C2012A00082/2012-06-28/2012-06-28/text/original/epub/OEBPS/document_1/document_1.html
[fetch] document_1: 437,613 bytes
[fetch] document_2: https://www.legislation.gov.au/C2012A00082/2012-06-28/2012-06-28/text/original/epub/OEBPS/document_2/document_2.html
[fetch] document_2 not found — stopping. Fetched 1 document(s).
[fetch] combined 1 document(s), 437,613 source bytes → 435,967 combined bytes
[citation] Financial Framework Legislation Amendment Act (No. 2) 2012 (Cth)
[parse] starting
[parser-diag] total <p> elements found: 1695
[parser-unknown-class] "ActHead6", text="Schedule 1—Amendments"
[parser-unknown-class] "ActHead9", text="Australian Animal Health Council (Live‑stock Industries) Funding Act 1996"
[parser-unknown-class] "ItemHead", text="1  Before subsection 4(1)"
[parser-unknown-class] "ItemHead", text="2  Subsection 4(2)"
[parser-unknown-class] "ItemHead", text="3  After subsection 4(2)"
[parser-unknown-class] "ItemHead", text="4  Subsection 4(3)"
[parser-unknown-class] "ItemHead", text="5  After subsection 4(3)"
[parser-unknown-class] "ItemHead", text="6  Subsection 4(4)"
[parser-unknown-class] "ItemHead", text="7  Subsection 4(5)"
[parser-unknown-class] "ItemHead", text="8  Subsections 4(6) and (7)"
[parser-unknown-class] "ItemHead", text="9  At the end of section 4"
[parser-unknown-class] "ItemHead", text="10  Subsection 4A(1)"
[parser-unknown-class] "ItemHead", text="11  After subsection 4A(1)"
[parser-unknown-class] "ItemHead", text="12  Subsection 4A(2) (heading)"
[parser-unknown-class] "ItemHead", text="13  After subsection 4A(2)"
[parser-unknown-class] "ItemHead", text="14  Subsection 4A(3) (heading)"
[parser-unknown-class] "ItemHead", text="15  Subsection 4A(3)"
[parser-unknown-class] "ItemHead", text="16  Subsection 4A(4) (heading)"
[parser-unknown-class] "ItemHead", text="17  Subsection 4A(4)"
[parser-unknown-class] "ItemHead", text="18  Subsection 4A(5) (heading)"
[parser-unknown-class] "ItemHead", text="19  Subsection 4A(5)"
[parser-unknown-class] "ItemHead", text="20  After subsection 4A(7)"
[parser-unknown-class] "ItemHead", text="21  Subsection 4A(8) (heading)"
[parser-unknown-class] "ItemHead", text="22  Subsections 6(5) and 7(5)"
[parser-unknown-class] "ItemHead", text="23  Application—sections 4 and 4A of the Australian Animal Health Council (Live‑stock Industries)..."
[parser-unknown-class] "Subitem", text="(1) The amendments of subsections 4(2) and 4A(1) of the Australian Animal Health Council (Live‑st..."
[parser-unknown-class] "Subitem", text="(2) Subsections 4(2A) and 4A(1A) of the Australian Animal Health Council (Live‑stock Industries) ..."
[parser-unknown-class] "ActHead9", text="Australian Maritime Safety Authority Act 1990"
[parser-unknown-class] "ItemHead", text="24  Subsection 48(1)"
[parser-unknown-class] "ItemHead", text="25  Section 57"
[parser-unknown-class] "ItemHead", text="26  Application—section 48 of the Australian Maritime Safety Authority Act 1990"
[parser-unknown-class] "Subitem", text="(1) Despite the repeal of subsection 48(1) of the Australian Maritime Safety Authority Act 1990 b..."
[parser-unknown-class] "Subitem", text="(2) Subsection 48(1) of the Australian Maritime Safety Authority Act 1990 as amended by this Sche..."
[parser-unknown-class] "ActHead9", text="Australian Meat and Live‑stock Industry Act 1997"
[parser-unknown-class] "ItemHead", text="27  Subsection 66(3)"
[parser-unknown-class] "ItemHead", text="28  At the end of section 66"
[parser-unknown-class] "ItemHead", text="29  Before paragraph 67(3)(a)"
[parser-unknown-class] "ItemHead", text="30  Application—section 66 of the Australian Meat and Live‑stock Industry Act 1997"
[parser-unknown-class] "Subitem", text="(1) Despite the amendments of the Australian Meat and Live‑stock Industry Act 1997 by this Schedu..."
[parser-unknown-class] "Subitem", text="(2) Subsection 66(3) of the Australian Meat and Live‑stock Industry Act 1997 as amended by this S..."
[parser-unknown-class] "ItemHead", text="31  Transitional—determinations made under section 66 of the Australian Meat and Live‑stock Indus..."
[parser-unknown-class] "ActHead9", text="ComSuper Act 2011"
[parser-unknown-class] "ItemHead", text="32  Subsection 25(1)"
[parser-unknown-class] "ActHead9", text="Dairy Produce Act 1986"
[parser-unknown-class] "ItemHead", text="33  Paragraph 5(2)(b)"
[parser-unknown-class] "ItemHead", text="34  Section 6 (heading)"
[parser-unknown-class] "ItemHead", text="35  Subsection 6(4)"
[parser-unknown-class] "ItemHead", text="36  Subsection 6(6) (note)"
[parser-unknown-class] "ItemHead", text="37  Paragraph 6(7)(b)"
[parser-unknown-class] "ItemHead", text="38  Paragraph 6(7)(b)"
[parser-unknown-class] "ItemHead", text="39  Subsection 6(7) (formula)"
[parser-unknown-class] "ItemHead", text="40  At the end of section 6"
[parser-unknown-class] "ItemHead", text="41  Application—section 6 of the Dairy Produce Act 1986"
[parser-unknown-class] "Subitem", text="(1) Despite the amendments of the Dairy Produce Act 1986 by this Schedule, section 6 of that Act ..."
[parser-unknown-class] "Subitem", text="(2) Subsection 6(4) of the Dairy Produce Act 1986 as amended by this Schedule applies in relation..."
[parser-unknown-class] "ItemHead", text="42  Transitional—determinations made under section 6 of the Dairy Produce Act 1986"
[parser-unknown-class] "ActHead9", text="Defence Force Retirement and Death Benefits Act 1973"
[parser-unknown-class] "ItemHead", text="43  After section 124A"
[parser-unknown-class] "ActHead9", text="Egg Industry Service Provision Act 2002"
[parser-unknown-class] "ItemHead", text="44  Paragraph 7(2)(c)"
[parser-unknown-class] "ItemHead", text="45  Section 8 (heading)"
[parser-unknown-class] "ItemHead", text="46  Subsection 8(3)"
[parser-unknown-class] "ItemHead", text="47  Subsection 8(5) (note)"
[parser-unknown-class] "ItemHead", text="48  Paragraph 8(6)(b)"
[parser-unknown-class] "ItemHead", text="49  Paragraph 8(6)(b)"
[parser-unknown-class] "ItemHead", text="50  Subsection 8(6) (formula)"
[parser-unknown-class] "ItemHead", text="51  At the end of section 8"
[parser-unknown-class] "ItemHead", text="52  Application—section 8 of the Egg Industry Service Provision Act 2002"
[parser-unknown-class] "Subitem", text="(1) Despite the amendments of the Egg Industry Service Provision Act 2002 by this Schedule, secti..."
[parser-unknown-class] "Subitem", text="(2) Subsection 8(3) of the Egg Industry Service Provision Act 2002 as amended by this Schedule ap..."
[parser-unknown-class] "ItemHead", text="53  Transitional—determinations made under section 8 of the Egg Industry Service Provision Act 2002"
[parser-unknown-class] "ActHead9", text="Forestry Marketing and Research and Development Services Act 2007"
[parser-unknown-class] "ItemHead", text="54  Section 7"
[parser-unknown-class] "ItemHead", text="55  Paragraph 8(2)(b)"
[parser-unknown-class] "ItemHead", text="56  After subparagraph 8(2)(b)(i)"
[parser-unknown-class] "ItemHead", text="57  Section 9 (heading)"
[parser-unknown-class] "ItemHead", text="58  Subsection 9(4)"
[parser-unknown-class] "ItemHead", text="59  Subsection 9(6) (note)"
[parser-unknown-class] "ItemHead", text="60  Paragraph 9(7)(b)"
[parser-unknown-class] "ItemHead", text="61  Paragraph 9(7)(b)"
[parser-unknown-class] "ItemHead", text="62  Subsection 9(7) (formula)"
[parser-unknown-class] "ItemHead", text="63  At the end of section 9"
[parser-unknown-class] "ItemHead", text="64  Application—section 9 of the Forestry Marketing and Research and Development Services Act 2007"
[parser-unknown-class] "Subitem", text="(1) Despite the amendments of the Forestry Marketing and Research and Development Services Act 20..."
[parser-unknown-class] "Subitem", text="(2) Subsection 9(4) of the Forestry Marketing and Research and Development Services Act 2007 as a..."
[parser-unknown-class] "ItemHead", text="65  Transitional—determinations made under section 9 of the Forestry Marketing and Research and D..."
[parser-unknown-class] "ActHead9", text="Governor‑General Act 1974"
[parser-unknown-class] "ItemHead", text="66  After section 4B"
[parser-unknown-class] "ActHead9", text="Horticulture Marketing and Research and Development Services Act 2000"
[parser-unknown-class] "ItemHead", text="67  Subsections 16(3) and (4)"
[parser-unknown-class] "ItemHead", text="68  After subsection 16(7)"
[parser-unknown-class] "ItemHead", text="69  After subsection 16(8)"
[parser-unknown-class] "ItemHead", text="70  Application—section 16 of the Horticulture Marketing and Research and Development Services Ac..."
[parser-unknown-class] "Subitem", text="(1) Despite the amendments of the Horticulture Marketing and Research and Development Services Ac..."
[parser-unknown-class] "Subitem", text="(2) Subsection 16(7A) of the Horticulture Marketing and Research and Development Services Act 200..."
[parser-unknown-class] "ItemHead", text="71  Transitional—determinations made under section 16 of the Horticulture Marketing and Research ..."
[parser-unknown-class] "ActHead9", text="Local Government (Financial Assistance) Act 1995"
[parser-unknown-class] "ItemHead", text="72  After section 18"
[parser-unknown-class] "ActHead9", text="Military Superannuation and Benefits Act 1991"
[parser-unknown-class] "ItemHead", text="73  After section 16A"
[parser-unknown-class] "ItemHead", text="74  After section 51A"
[parser-unknown-class] "ActHead9", text="National Residue Survey Administration Act 1992"
[parser-unknown-class] "ItemHead", text="75  Paragraph 8(1)(a)"
[parser-unknown-class] "ItemHead", text="76  Subparagraphs 8(1)(a)(ii), (iii) and (iv)"
[parser-unknown-class] "ActHead9", text="Parliamentary Contributory Superannuation Act 1948"
[parser-unknown-class] "ItemHead", text="77  Subsection 24(2)"
[parser-unknown-class] "ItemHead", text="78  After section 24"
[parser-unknown-class] "ActHead9", text="Pig Industry Act 2001"
[parser-unknown-class] "ItemHead", text="79  Paragraph 9(2)(c)"
[parser-unknown-class] "ItemHead", text="80  Section 10 (heading)"
[parser-unknown-class] "ItemHead", text="81  Subsection 10(8)"
[parser-unknown-class] "ItemHead", text="82  Subsection 10(10) (note)"
[parser-unknown-class] "ItemHead", text="83  Paragraph 10(11)(b)"
[parser-unknown-class] "ItemHead", text="84  Paragraph 10(11)(b)"
[parser-unknown-class] "ItemHead", text="85  Subsection 10(11) (formula)"
[parser-unknown-class] "ItemHead", text="86  After subsection 10(11)"
[parser-unknown-class] "ItemHead", text="87  At the end of section 10"
[parser-unknown-class] "ItemHead", text="88  Application—section 10 of the Pig Industry Act 2001"
[parser-unknown-class] "Subitem", text="(1) Despite the amendments of the Pig Industry Act 2001 by this Schedule, section 10 of that Act ..."
[parser-unknown-class] "Subitem", text="(2) Subsection 10(8) of the Pig Industry Act 2001 as amended by this Schedule applies in relation..."
[parser-unknown-class] "ItemHead", text="89  Transitional—determinations made under section 10 of the Pig Industry Act 2001"
[parser-unknown-class] "ActHead9", text="Primary Industries and Energy Research and Development Act 1989"
[parser-unknown-class] "ItemHead", text="90  Paragraph 30A(2)(a)"
[parser-unknown-class] "ItemHead", text="91  Paragraph 30A(2)(b)"
[parser-unknown-class] "ItemHead", text="92  Subparagraph 30A(2)(b)(i)"
[parser-unknown-class] "ItemHead", text="93  Subparagraph 30A(2)(b)(i)"
[parser-unknown-class] "ItemHead", text="94  Subparagraph 30A(2)(b)(ii)"
[parser-unknown-class] "ItemHead", text="95  Subparagraph 30A(2)(b)(ii)"
[parser-unknown-class] "ItemHead", text="96  Subparagraph 30A(2)(b)(ii)"
[parser-unknown-class] "ItemHead", text="97  Paragraph 30A(2)(c)"
[parser-unknown-class] "ItemHead", text="98  Subparagraph 30A(2)(c)(i)"
[parser-unknown-class] "ItemHead", text="99  Subparagraph 30A(2)(c)(i)"
[parser-unknown-class] "ItemHead", text="100  Subparagraph 30A(2)(c)(ii)"
[parser-unknown-class] "ItemHead", text="101  Subparagraph 30A(2)(c)(ii)"
[parser-unknown-class] "ItemHead", text="102  Subparagraph 30A(2)(c)(ii)"
[parser-unknown-class] "ItemHead", text="103  After subsection 30A(2A)"
[parser-unknown-class] "ItemHead", text="104  Subsection 30A(3)"
[parser-unknown-class] "ItemHead", text="105  Subsection 30A(4)"
[parser-unknown-class] "ItemHead", text="106  Section 32 (heading)"
[parser-unknown-class] "ItemHead", text="107  Subsection 32(1)"
[parser-unknown-class] "ItemHead", text="108  After paragraph 33(1)(c)"
[parser-unknown-class] "ItemHead", text="109  Paragraph 108(1)(b)"
[parser-unknown-class] "ItemHead", text="110  Paragraph 108(1)(b)"
[parser-unknown-class] "ItemHead", text="111  Section 110 (heading)"
[parser-unknown-class] "ItemHead", text="112  Subsection 110(1)"
[parser-unknown-class] "ItemHead", text="113  After paragraph 112(1)(c)"
[parser-unknown-class] "ItemHead", text="114  Application—section 30A of the Primary Industries and Energy Research and Development Act 1989"
[parser-unknown-class] "Subitem", text="(1) Despite the amendments of the Primary Industries and Energy Research and Development Act 1989..."
[parser-unknown-class] "Subitem", text="(2) Subsections 30A(2B) and (2C) of the Primary Industries and Energy Research and Development Ac..."
[parser-unknown-class] "ItemHead", text="115  Application—section 32 of the Primary Industries and Energy Research and Development Act 1989"
[parser-unknown-class] "Subitem", text="(1) Despite the amendments of the Primary Industries and Energy Research and Development Act 1989..."
[parser-unknown-class] "Subitem", text="(2) Subsection 32(1A) of the Primary Industries and Energy Research and Development Act 1989 as a..."
[parser-unknown-class] "ItemHead", text="116  Application—section 110 of the Primary Industries and Energy Research and Development Act 1989"
[parser-unknown-class] "Subitem", text="(1) Despite the amendments of the Primary Industries and Energy Research and Development Act 1989..."
[parser-unknown-class] "Subitem", text="(2) Subsection 110(1A) of the Primary Industries and Energy Research and Development Act 1989 as ..."
[parser-unknown-class] "ItemHead", text="117  Transitional—determinations made under section 30A of the Primary Industries and Energy Rese..."
[parser-unknown-class] "ItemHead", text="118  Transitional—determinations made under section 32 of the Primary Industries and Energy Resea..."
[parser-unknown-class] "ItemHead", text="119  Transitional—determinations made under section 110 of the Primary Industries and Energy Rese..."
[parser-unknown-class] "ActHead9", text="Same‑Sex Relationships (Equal Treatment in Commonwealth Laws—Superannuation) Act 2008"
[parser-unknown-class] "ItemHead", text="120  After section 4"
[parser-unknown-class] "ActHead9", text="Superannuation Act 1976"
[parser-unknown-class] "ItemHead", text="121  Subsections 156(4) and (5)"
[parser-unknown-class] "ItemHead", text="122  After section 156A"
[parser-unknown-class] "ActHead9", text="Superannuation Act 1990"
[parser-unknown-class] "ItemHead", text="123  After section 39"
[parser-unknown-class] "ActHead9", text="Taxation Administration Act 1953"
[parser-unknown-class] "ItemHead", text="124  After section 15A"
[parser-unknown-class] "ActHead9", text="Wool Services Privatisation Act 2000"
[parser-unknown-class] "ItemHead", text="125  Paragraph 31(2)(b)"
[parser-unknown-class] "ItemHead", text="126  Subsection 31(7)"
[parser-unknown-class] "ItemHead", text="127  Subsection 31(8A) (note)"
[parser-unknown-class] "ItemHead", text="128  Paragraph 31(8B)(b)"
[parser-unknown-class] "ItemHead", text="129  Paragraph 31(8B)(b)"
[parser-unknown-class] "ItemHead", text="130  Subsection 31(8B) (formula)"
[parser-unknown-class] "ItemHead", text="131  After subsection 31(8B)"
[parser-unknown-class] "ItemHead", text="132  Application—section 31 of the Wool Services Privatisation Act 2000"
[parser-unknown-class] "Subitem", text="(1) Despite the amendments of the Wool Services Privatisation Act 2000 by this Schedule, section ..."
[parser-unknown-class] "Subitem", text="(2) Subsection 31(7) of the Wool Services Privatisation Act 2000 as amended by this Schedule appl..."
[parser-unknown-class] "ItemHead", text="133  Transitional—determinations made under section 31 of the Wool Services Privatisation Act 2000"
[parser-unknown-class] "ActHead6", text="Schedule 2—Validation of certain benefits under the Defence Force Retirement and Death Benefits A..."
[parser-unknown-class] "ItemHead", text="1  Definitions"
[parser-unknown-class] "ItemHead", text="2  Validation of certain pensions—members of DFRDB scheme"
[parser-unknown-class] "SubitemHead", text="Scope"
[parser-unknown-class] "Subitem", text="(1) This item applies if:"
[parse] sections: 37
[parse] compilation: date=(none) no=(none)
[parser-unknown-class] "SubitemHead", text="Recovery of overpayment"
[parser-unknown-class] "Subitem", text="(2) The total amount of the relevant portion paid to the person during the interim period:"
[parser-unknown-class] "Subitem", text="(3) An amount recoverable under subitem (2) is not recoverable under subsection 126(4) or (5) of ..."
[parser-unknown-class] "SubitemHead", text="Substitute payment"
[parser-unknown-class] "Subitem", text="(4) There is payable to the person a benefit equal to the total amount of the relevant portion th..."
[parser-unknown-class] "SubitemHead", text="Set‑off"
[parser-unknown-class] "Subitem", text="(5) The amount payable by the person under subitem (2) may be set off against the amount payable ..."
[parser-unknown-class] "SubitemHead", text="Deemed election under section 61B of the Defence Force Retirement and Death Benefits Act 1973 etc."
[parser-unknown-class] "Subitem", text="(6) The Defence Force Retirement and Death Benefits Act 1973 and the Military Superannuation and ..."
[parser-unknown-class] "Subitem", text="(7) However, the person is not entitled during:"
[parser-unknown-class] "SubitemHead", text="Substitute payment taken to be a benefit under the Defence Force Retirement and Death Benefits Ac..."
[parser-unknown-class] "Subitem", text="(8) The payment under subitem (4):"
[parser-unknown-class] "ItemHead", text="3  Validation of certain lump sums—members of DFRDB scheme"
[parser-unknown-class] "SubitemHead", text="Scope"
[parser-unknown-class] "Subitem", text="(1) This item applies if:"
[parser-unknown-class] "SubitemHead", text="Recovery of overpayment"
[parser-unknown-class] "Subitem", text="(2) The amount of the relevant portion:"
[parser-unknown-class] "Subitem", text="(3) An amount recoverable under subitem (2) is not recoverable under subsection 126(4) or (5) of ..."
[parser-unknown-class] "SubitemHead", text="Substitute payment"
[parser-unknown-class] "Subitem", text="(4) There is payable to the person a benefit equal to the relevant portion that would have been p..."
[parser-unknown-class] "SubitemHead", text="Set‑off"
[parser-unknown-class] "Subitem", text="(5) The amount payable by the person under subitem (2) may be set off against the amount payable ..."
[parser-unknown-class] "SubitemHead", text="Deemed election under section 61B of the Defence Force Retirement and Death Benefits Act 1973 etc."
[parser-unknown-class] "Subitem", text="(6) The Defence Force Retirement and Death Benefits Act 1973 and the Military Superannuation and ..."
[parser-unknown-class] "Subitem", text="(7) However, the person is not entitled to so much of a lump sum under the Defence Force Retireme..."
[parser-unknown-class] "SubitemHead", text="Substitute payment taken to be a benefit under the Defence Force Retirement and Death Benefits Ac..."
[parser-unknown-class] "Subitem", text="(8) The payment under subitem (4):"
[parser-unknown-class] "ItemHead", text="4  Validation of certain pensions—associates of members of DFRDB scheme"
[parser-unknown-class] "SubitemHead", text="Scope"
[parser-unknown-class] "Subitem", text="(1) This item applies if:"
[parser-unknown-class] "SubitemHead", text="Recovery of overpayment"
[parser-unknown-class] "Subitem", text="(2) The total amount of the relevant portion paid to the first person during the interim period:"
[parser-unknown-class] "Subitem", text="(3) An amount recoverable under subitem (2) is not recoverable under subsection 126(4) or (5) of ..."
[parser-unknown-class] "SubitemHead", text="Substitute payment"
[parser-unknown-class] "Subitem", text="(4) There is payable to the first person a benefit equal to the total amount of the relevant port..."
[parser-unknown-class] "SubitemHead", text="Set‑off"
[parser-unknown-class] "Subitem", text="(5) The amount payable by the first person under subitem (2) may be set off against the amount pa..."
[parser-unknown-class] "SubitemHead", text="Deemed election under section 61B of the Defence Force Retirement and Death Benefits Act 1973 etc."
[parser-unknown-class] "Subitem", text="(6) The Defence Force Retirement and Death Benefits Act 1973 and the Military Superannuation and ..."
[parser-unknown-class] "Subitem", text="(7) However, the first person is not entitled during:"
[parser-unknown-class] "SubitemHead", text="Substitute payment taken to be a benefit under the Defence Force Retirement and Death Benefits Ac..."
[parser-unknown-class] "Subitem", text="(8) The payment under subitem (4):"
[parser-unknown-class] "ItemHead", text="5  Validation of certain lump sums—associates of members of DFRDB scheme"
[parser-unknown-class] "SubitemHead", text="Scope"
[parser-unknown-class] "Subitem", text="(1) This item applies if:"
[parser-unknown-class] "SubitemHead", text="Recovery of overpayment"
[parser-unknown-class] "Subitem", text="(2) The amount of the relevant portion:"
[parser-unknown-class] "Subitem", text="(3) An amount recoverable under subitem (2) is not recoverable under subsection 126(4) or (5) of ..."
[parser-unknown-class] "SubitemHead", text="Substitute payment"
[parser-unknown-class] "Subitem", text="(4) There is payable to the first person a benefit equal to the relevant portion that would have ..."
[parser-unknown-class] "SubitemHead", text="Set‑off"
[parser-unknown-class] "Subitem", text="(5) The amount payable by the first person under subitem (2) may be set off against the amount pa..."
[parser-unknown-class] "SubitemHead", text="Deemed election under section 61B of the Defence Force Retirement and Death Benefits Act 1973 etc."
[parser-unknown-class] "Subitem", text="(6) The Defence Force Retirement and Death Benefits Act 1973 and the Military Superannuation and ..."
[parser-unknown-class] "Subitem", text="(7) However, the first person is not entitled to so much of a lump sum under the Defence Force Re..."
[parser-unknown-class] "SubitemHead", text="Substitute payment taken to be a benefit under the Defence Force Retirement and Death Benefits Ac..."
[parser-unknown-class] "Subitem", text="(8) The payment under subitem (4):"
[parser-unknown-class] "ItemHead", text="6  Compensation for acquisition of property"
[parser-unknown-class] "Subitem", text="(1) If the operation of this Schedule would result in an acquisition of property from a person ot..."
[parser-unknown-class] "Subitem", text="(2) If the Commonwealth and the person do not agree on the amount of the compensation, the person..."
[parser-unknown-class] "Subitem", text="(3) In this item:"
[parser-unknown-class] "2ndRd", text="[Minister’s second reading speech made in—"
[parser-unknown-class] "2ndRd", text="House of Representatives on 30 May 2012"
[parser-unknown-class] "2ndRd", text="Senate on 20 June 2012]"
[parser-diag] processed 1695 <p> elements
[parser-diag] last section was added at element index: 1426
[parser-diag] state phase at end: BODY
[parser-diag] hierarchy stack depth at end: 1
[parser-diag] insideSchedule at end: false
[parse] by level:
         section      37
[db] inserted new legislation row: 0be149ae-add5-4b38-ac15-be362160f35f
[db] inserting 37 sections (pass 1)
[db] inserted 37 sections
[db] linking parent FKs (pass 2)
[db] linked 0 parent references

[done] ingested Financial Framework Legislation Amendment Act (No. 2) 2012
       legislation_id: 0be149ae-add5-4b38-ac15-be362160f35f
       sections: 37
       compilation: 2012-06-28
