[fetch] document_1: https://www.legislation.gov.au/C2012A00095/2012-06-29/2012-06-29/text/original/epub/OEBPS/document_1/document_1.html
[fetch] document_1: 12,117 bytes
[fetch] document_2: https://www.legislation.gov.au/C2012A00095/2012-06-29/2012-06-29/text/original/epub/OEBPS/document_2/document_2.html
[fetch] document_2 not found — stopping. Fetched 1 document(s).
[fetch] combined 1 document(s), 12,117 source bytes → 10,618 combined bytes
[citation] Pay As You Go Withholding Non-compliance Tax Act 2012 (Cth)
[parse] starting
[parser-diag] total <p> elements found: 67
[parser-unknown-class] "2ndRd", text="[Minister’s second reading speech made in—"
[parser-unknown-class] "2ndRd", text="House of Representatives on 24 May 2012"
[parser-unknown-class] "2ndRd", text="Senate on 21 June 2012]"
[parser-diag] processed 67 <p> elements
[parser-diag] last section was added at element index: 58
[parser-diag] state phase at end: BODY
[parser-diag] hierarchy stack depth at end: 1
[parser-diag] insideSchedule at end: false
[parse] sections: 4
[parse] compilation: date=(none) no=(none)
[parse] by level:
         section      4
[db] inserted new legislation row: 689fa6ba-2b17-4f8e-951b-a1ad324eaeba
[db] inserting 4 sections (pass 1)
[db] inserted 4 sections
[db] linking parent FKs (pass 2)
[db] linked 0 parent references

[done] ingested Pay As You Go Withholding Non-compliance Tax Act 2012
       legislation_id: 689fa6ba-2b17-4f8e-951b-a1ad324eaeba
       sections: 4
       compilation: 2012-06-29
