[fetch] document_1: https://www.legislation.gov.au/C2011A00022/2025-12-05/2025-12-05/text/original/epub/OEBPS/document_1/document_1.html
[fetch] document_1: 393,319 bytes
[fetch] document_2: https://www.legislation.gov.au/C2011A00022/2025-12-05/2025-12-05/text/original/epub/OEBPS/document_2/document_2.html
[fetch] document_2 not found — stopping. Fetched 1 document(s).
[fetch] combined 1 document(s), 393,319 source bytes → 390,570 combined bytes
[citation] National Broadband Network Companies Act 2011 (Cth)
[parse] starting
[parser-diag] total <p> elements found: 1536
[parser-diag] processed 1536 <p> elements
[parser-diag] last section was added at element index: 1136
[parser-diag] state phase at end: ENDNOTES
[parser-diag] hierarchy stack depth at end: 2
[parser-diag] insideSchedule at end: true
[parse] sections: 102
[parse] compilation: date=2025-12-05 no=10
[parse] by level:
         part         6
         section      76
         division     9
         subdivision  7
         schedule     1
         schedule_clause 3
[db] inserted new legislation row: e011f800-110e-46a4-b40d-943f4e2a43c9
[db] inserting 102 sections (pass 1)
[db] inserted 102 sections
[db] linking parent FKs (pass 2)
[db] linked 95 parent references

[done] ingested National Broadband Network Companies Act 2011
       legislation_id: e011f800-110e-46a4-b40d-943f4e2a43c9
       sections: 102
       compilation: 2025-12-05
