[fetch] document_1: https://www.legislation.gov.au/C2017A00021/2017-04-04/2017-04-04/text/original/epub/OEBPS/document_1/document_1.html
[fetch] document_1: 10,570 bytes
[fetch] document_2: https://www.legislation.gov.au/C2017A00021/2017-04-04/2017-04-04/text/original/epub/OEBPS/document_2/document_2.html
[fetch] document_2 not found — stopping. Fetched 1 document(s).
[fetch] combined 1 document(s), 10,570 source bytes → 9,140 combined bytes
[citation] Diverted Profits Tax Act 2017 (Cth)
[parse] starting
[parser-diag] total <p> elements found: 67
[parser-unknown-class] "2ndRd", text=""
[parser-unknown-class] "2ndRd", text="[Minister’s second reading speech made in—"
[parser-unknown-class] "2ndRd", text="House of Representatives on 9 February 2017"
[parser-unknown-class] "2ndRd", text="Senate on 23 March 2017]"
[parser-diag] processed 67 <p> elements
[parser-diag] last section was added at element index: 56
[parser-diag] state phase at end: BODY
[parser-diag] hierarchy stack depth at end: 1
[parser-diag] insideSchedule at end: false
[parse] sections: 4
[parse] compilation: date=(none) no=(none)
[parse] by level:
         section      4
[db] inserted new legislation row: afd275df-1029-42dd-aad2-b5f596da78ff
[db] inserting 4 sections (pass 1)
[db] inserted 4 sections
[db] linking parent FKs (pass 2)
[db] linked 0 parent references

[done] ingested Diverted Profits Tax Act 2017
       legislation_id: afd275df-1029-42dd-aad2-b5f596da78ff
       sections: 4
       compilation: 2017-04-04
