[fetch] document_1: https://www.legislation.gov.au/C2012A00148/2021-05-01/2021-05-01/text/original/epub/OEBPS/document_1/document_1.html
[fetch] document_1: 155,815 bytes
[fetch] document_2: https://www.legislation.gov.au/C2012A00148/2021-05-01/2021-05-01/text/original/epub/OEBPS/document_2/document_2.html
[fetch] document_2 not found — stopping. Fetched 1 document(s).
[fetch] combined 1 document(s), 155,815 source bytes → 153,864 combined bytes
[citation] National Portrait Gallery of Australia Act 2012 (Cth)
[parse] starting
[parser-diag] total <p> elements found: 631
[parser-diag] processed 631 <p> elements
[parser-diag] last section was added at element index: 448
[parser-diag] state phase at end: ENDNOTES
[parser-diag] hierarchy stack depth at end: 2
[parser-diag] insideSchedule at end: false
[parse] sections: 65
[parse] compilation: date=2021-05-01 no=3
[parse] by level:
         part         6
         section      55
         division     4
[db] inserted new legislation row: 1d079df2-f955-412e-958f-8083f238a526
[db] inserting 65 sections (pass 1)
[db] inserted 65 sections
[db] linking parent FKs (pass 2)
[db] linked 59 parent references

[done] ingested National Portrait Gallery of Australia Act 2012
       legislation_id: 1d079df2-f955-412e-958f-8083f238a526
       sections: 65
       compilation: 2021-05-01
