[fetch] document_1: https://www.legislation.gov.au/C2015A00027/2017-09-20/2017-09-20/text/original/epub/OEBPS/document_1/document_1.html
[fetch] document_1: 67,184 bytes
[fetch] document_2: https://www.legislation.gov.au/C2015A00027/2017-09-20/2017-09-20/text/original/epub/OEBPS/document_2/document_2.html
[fetch] document_2 not found — stopping. Fetched 1 document(s).
[fetch] combined 1 document(s), 67,184 source bytes → 65,449 combined bytes
[citation] Australian River Co. Limited Act 2015 (Cth)
[parse] starting
[parser-diag] total <p> elements found: 301
[parser-unknown-class] "ActHead6", text="Schedule 1—The Australian River Co. Limited"
[parser-unknown-class] "ActHead7", text="Part 1—Preliminary"
[parser-unknown-class] "ItemHead", text="1  Definitions"
[parser-unknown-class] "ActHead7", text="Part 2—Transfer of assets and liabilities of ARCo"
[parser-unknown-class] "ItemHead", text="2  Transfer of assets and liabilities of ARCo"
[parser-unknown-class] "Subitem", text="(1) This item applies to assets and liabilities of ARCo immediately before the transfer time."
[parser-unknown-class] "Subitem", text="(2) At the transfer time the assets and liabilities cease to be assets and liabilities of ARCo an..."
[parser-unknown-class] "ItemHead", text="3  Certificates relating to vesting of land"
[parser-unknown-class] "Subitem", text="(1) This item applies if:"
[parser-unknown-class] "Subitem", text="(2) The land registration official may:"
[parser-unknown-class] "Subitem", text="(3) A certificate made under subitem (1) is not a legislative instrument."
[parser-unknown-class] "ItemHead", text="4  Certificates for vesting of assets other than land"
[parser-unknown-class] "Subitem", text="(1) This item applies if:"
[parser-unknown-class] "Subitem", text="(2) The assets official may:"
[parser-unknown-class] "Subitem", text="(3) A certificate made under subitem (1) is not a legislative instrument."
[parser-unknown-class] "ActHead7", text="Part 3—Transfer of other matters relating to ARCo"
[parser-unknown-class] "ItemHead", text="5  Things done by, or in relation to, ARCo"
[parser-unknown-class] "Subitem", text="(1) This item applies to a thing done by, or in relation to, ARCo before the transfer time."
[parser-unknown-class] "Subitem", text="(2) The Minister may determine, in writing, that the thing is taken, at and after the transfer ti..."
[parser-unknown-class] "Subitem", text="(3) A determination made under subitem (2) has effect accordingly."
[parser-unknown-class] "Subitem", text="(4) The Minister may make a determination under subitem (2) before or after the transfer time."
[parser-unknown-class] "Subitem", text="(5) A determination made under subitem (2) is not a legislative instrument."
[parser-unknown-class] "Subitem", text="(6) This item does not limit the operation of item 2."
[parser-unknown-class] "ItemHead", text="6  References in instruments to ARCo"
[parser-unknown-class] "Subitem", text="(1) This item applies to an instrument that:"
[parser-unknown-class] "Subitem", text="(2) If the instrument relates to:"
[parser-unknown-class] "Subitem", text="(3) If subitem (2) does not apply to the instrument, then the Minister may determine, in writing,..."
[parser-unknown-class] "Subitem", text="(4) A determination made under subitem (3) has effect accordingly."
[parser-unknown-class] "Subitem", text="(5) The Minister may make a determination under subitem (3) before or after the transfer time."
[parser-unknown-class] "Subitem", text="(6) A determination made under subitem (3) is not a legislative instrument."
[parser-unknown-class] "ItemHead", text="7  Legal proceedings of ARCo"
[parser-unknown-class] "Subitem", text="(1) This item applies to any proceedings to which ARCo was a party that were pending in any court..."
[parser-unknown-class] "Subitem", text="(2) If the proceedings related, in whole or part, to an asset or liability that, as a result of t..."
[parser-unknown-class] "Subitem", text="(3) If subitem (2) does not apply to the proceedings, then the Minister may determine, in writing..."
[parser-unknown-class] "Subitem", text="(4) A determination made under subitem (3) has effect accordingly."
[parser-unknown-class] "Subitem", text="(5) The Minister may make a determination under subitem (3) before or after the transfer time."
[parser-unknown-class] "Subitem", text="(6) A determination made under subitem (3) is not a legislative instrument."
[parser-unknown-class] "ItemHead", text="8  Transfer of custody of records of ARCo"
[parser-unknown-class] "Subitem", text="(1) This item applies to a record or document that, immediately before the transfer time, is in t..."
[parser-unknown-class] "Subitem", text="(2) After the transfer time, the record or document is to be transferred into the custody of the ..."
[parser-unknown-class] "ActHead7", text="Part 4—Other matters"
[parser-unknown-class] "ItemHead", text="9  Additional function of specified Commonwealth entities"
[parser-unknown-class] "Subitem", text="(1) The rules may provide that a specified Commonwealth entity (within the meaning of the Public ..."
[parser-unknown-class] "Subitem", text="(2) An entity specified in rules made for the purposes of subitem (1) has the function referred t..."
[parser-unknown-class] "ItemHead", text="10  Directors’ obligations—ARCo’s books"
[parser-unknown-class] "ItemHead", text="11  Exemption from stamp duty and other State or Territory taxes"
[parser-unknown-class] "Subitem", text="(1) No stamp duty or other tax is payable under a law of a State or Territory in relation to an e..."
[parser-unknown-class] "Subitem", text="(2) For the purposes of this item, an exempt matter is:"
[parser-unknown-class] "Subitem", text="(3) The Minister may certify in writing that:"
[parser-unknown-class] "Subitem", text="(4) In all courts, and for all purposes (other than for the purposes of criminal proceedings), a ..."
[parser-unknown-class] "Subitem", text="(5) A certificate made under subitem (3) is not a legislative instrument."
[parser-unknown-class] "ItemHead", text="12  Certificates taken to be authentic"
[parser-unknown-class] "ItemHead", text="13  Compensation for acquisition of property"
[parser-unknown-class] "Subitem", text="(1) If the operation of this Act would result in an acquisition of property (within the meaning o..."
[parser-unknown-class] "Subitem", text="(2) If the Commonwealth and the person do not agree on the amount of the compensation, the person..."
[parser-unknown-class] "ItemHead", text="14  Delegation by Minister"
[parser-unknown-class] "Subitem", text="(1) The Minister may delegate, in writing, all or any of his or her powers and functions under th..."
[parser-unknown-class] "Subitem", text="(2) In exercising powers or functions under a delegation, the delegate must comply with any direc..."
[parser-unknown-class] "ItemHead", text="15  Rules"
[parser-unknown-class] "Subitem", text="(1) The Minister may, by legislative instrument (and subject to subitem (5)), make rules prescrib..."
[parser-unknown-class] "Subitem", text="(2) The rules may prescribe matters relating to any one or more of the following:"
[parser-unknown-class] "Subitem", text="(3) Subsection 12(2) (retrospective application of legislative instruments) of the Legislation Ac..."
[parser-unknown-class] "Subitem", text="(4) The rules may provide that provisions of this Schedule are taken to be modified as set out in..."
[parser-unknown-class] "Subitem", text="(5) To avoid doubt, the rules may not do the following:"
[parser-unknown-class] "Subitem", text="(6) This Act does not limit the rules that may be made under this item."
[parser-diag] processed 301 <p> elements
[parser-diag] last section was added at element index: 66
[parser-diag] state phase at end: ENDNOTES
[parser-diag] hierarchy stack depth at end: 1
[parser-diag] insideSchedule at end: false
[parse] sections: 4
[parse] compilation: date=2017-09-20 no=1
[parse] by level:
         section      4
[db] inserted new legislation row: 00fa2b3e-72ae-481d-89af-a2bddffd4804
[db] inserting 4 sections (pass 1)
[db] inserted 4 sections
[db] linking parent FKs (pass 2)
[db] linked 0 parent references

[done] ingested Australian River Co. Limited Act 2015
       legislation_id: 00fa2b3e-72ae-481d-89af-a2bddffd4804
       sections: 4
       compilation: 2017-09-20
