[fetch] document_1: https://www.legislation.gov.au/C2018A00129/2021-09-01/2021-09-01/text/original/epub/OEBPS/document_1/document_1.html
[fetch] document_1: 98,388 bytes
[fetch] document_2: https://www.legislation.gov.au/C2018A00129/2021-09-01/2021-09-01/text/original/epub/OEBPS/document_2/document_2.html
[fetch] document_2 not found — stopping. Fetched 1 document(s).
[fetch] combined 1 document(s), 98,388 source bytes → 96,375 combined bytes
[citation] Government Procurement (Judicial Review) Act 2018 (Cth)
[parse] starting
[parser-diag] total <p> elements found: 400
[parser-diag] processed 400 <p> elements
[parser-diag] last section was added at element index: 280
[parser-diag] state phase at end: ENDNOTES
[parser-diag] hierarchy stack depth at end: 2
[parser-diag] insideSchedule at end: false
[parse] sections: 30
[parse] compilation: date=2021-09-01 no=1
[parse] by level:
         part         5
         section      25
[db] inserted new legislation row: 5470267d-6c0b-4387-9015-45f9e8de1773
[db] inserting 30 sections (pass 1)
[db] inserted 30 sections
[db] linking parent FKs (pass 2)
[db] linked 25 parent references

[done] ingested Government Procurement (Judicial Review) Act 2018
       legislation_id: 5470267d-6c0b-4387-9015-45f9e8de1773
       sections: 30
       compilation: 2021-09-01
