[fetch] document_1: https://www.legislation.gov.au/C2015A00040/2026-01-22/2026-01-22/text/original/epub/OEBPS/document_1/document_1.html
[fetch] document_1: 266,312 bytes
[fetch] document_2: https://www.legislation.gov.au/C2015A00040/2026-01-22/2026-01-22/text/original/epub/OEBPS/document_2/document_2.html
[fetch] document_2 not found — stopping. Fetched 1 document(s).
[fetch] combined 1 document(s), 266,312 source bytes → 264,242 combined bytes
[citation] Australian Border Force Act 2015 (Cth)
[parse] starting
[parser-diag] total <p> elements found: 987
[parser-diag] processed 987 <p> elements
[parser-diag] last section was added at element index: 796
[parser-diag] state phase at end: ENDNOTES
[parser-diag] hierarchy stack depth at end: 2
[parser-diag] insideSchedule at end: false
[parse] sections: 74
[parse] compilation: date=2026-01-22 no=9
[parse] by level:
         part         7
         section      60
         division     7
[db] inserted new legislation row: a4bfc881-9692-4612-9dc9-003a0ab6a032
[db] inserting 74 sections (pass 1)
[db] inserted 74 sections
[db] linking parent FKs (pass 2)
[db] linked 67 parent references

[done] ingested Australian Border Force Act 2015
       legislation_id: a4bfc881-9692-4612-9dc9-003a0ab6a032
       sections: 74
       compilation: 2026-01-22
