[fetch] document_1: https://www.legislation.gov.au/C2018A00163/2025-01-01/2025-01-01/text/original/epub/OEBPS/document_1/document_1.html
[fetch] document_1: 367,119 bytes
[fetch] document_2: https://www.legislation.gov.au/C2018A00163/2025-01-01/2025-01-01/text/original/epub/OEBPS/document_2/document_2.html
[fetch] document_2 not found — stopping. Fetched 1 document(s).
[fetch] combined 1 document(s), 367,119 source bytes → 364,811 combined bytes
[citation] Road Vehicle Standards Act 2018 (Cth)
[parse] starting
[parser-diag] total <p> elements found: 1460
[parser-diag] processed 1460 <p> elements
[parser-diag] last section was added at element index: 1297
[parser-diag] state phase at end: ENDNOTES
[parser-diag] hierarchy stack depth at end: 3
[parser-diag] insideSchedule at end: false
[parse] sections: 133
[parse] compilation: date=2025-01-01 no=3
[parse] by level:
         part         6
         division     35
         section      83
         subdivision  9
[db] inserted new legislation row: 2b61b15e-4f1f-4bfb-962d-d18d3155d0e0
[db] inserting 133 sections (pass 1)
[db] inserted 133 sections
[db] linking parent FKs (pass 2)
[db] linked 127 parent references

[done] ingested Road Vehicle Standards Act 2018
       legislation_id: 2b61b15e-4f1f-4bfb-962d-d18d3155d0e0
       sections: 133
       compilation: 2025-01-01
