[fetch] document_1: https://www.legislation.gov.au/C2024A00057/2024-07-09/2024-07-09/text/original/epub/OEBPS/document_1/document_1.html
[fetch] document_1: 63,899 bytes
[fetch] document_2: https://www.legislation.gov.au/C2024A00057/2024-07-09/2024-07-09/text/original/epub/OEBPS/document_2/document_2.html
[fetch] document_2 not found — stopping. Fetched 1 document(s).
[fetch] combined 1 document(s), 63,899 source bytes → 61,379 combined bytes
[citation] Primary Industries (Services) Levies Act 2024 (Cth)
[parse] starting
[parser-diag] total <p> elements found: 271
[parser-unknown-class] "2ndRd", text=""
[parser-unknown-class] "2ndRd", text="[Minister’s second reading speech made in—"
[parser-unknown-class] "2ndRd", text="House of Representatives on 18 October 2023"
[parser-unknown-class] "2ndRd", text="Senate on 16 November 2023]"
[parser-diag] processed 271 <p> elements
[parser-diag] last section was added at element index: 238
[parser-diag] state phase at end: BODY
[parser-diag] hierarchy stack depth at end: 2
[parser-diag] insideSchedule at end: false
[parse] sections: 26
[parse] compilation: date=(none) no=(none)
[parse] by level:
         part         5
         section      21
[db] inserted new legislation row: d916e091-1823-413f-aa46-3d3c1e7bf134
[db] inserting 26 sections (pass 1)
[db] inserted 26 sections
[db] linking parent FKs (pass 2)
[db] linked 21 parent references

[done] ingested Primary Industries (Services) Levies Act 2024
       legislation_id: d916e091-1823-413f-aa46-3d3c1e7bf134
       sections: 26
       compilation: 2024-07-09
