[fetch] document_1: https://www.legislation.gov.au/C2026A00032/2026-04-08/2026-04-08/text/original/epub/OEBPS/document_1/document_1.html
[fetch] document_1: 125,232 bytes
[fetch] document_2: https://www.legislation.gov.au/C2026A00032/2026-04-08/2026-04-08/text/original/epub/OEBPS/document_2/document_2.html
[fetch] document_2 not found — stopping. Fetched 1 document(s).
[fetch] combined 1 document(s), 125,232 source bytes → 122,424 combined bytes
[citation] Commonwealth Parole Board Act 2026 (Cth)
[parse] starting
[parser-diag] total <p> elements found: 477
[parser-unknown-class] "2ndRd", text=""
[parser-unknown-class] "2ndRd", text="[Minister’s second reading speech made in—"
[parser-unknown-class] "2ndRd", text="House of Representatives on 8 October 2025"
[parser-unknown-class] "2ndRd", text="Senate on 27 November 2025]"
[parser-diag] processed 477 <p> elements
[parser-diag] last section was added at element index: 461
[parser-diag] state phase at end: BODY
[parser-diag] hierarchy stack depth at end: 2
[parser-diag] insideSchedule at end: false
[parse] sections: 51
[parse] compilation: date=(none) no=(none)
[parse] by level:
         part         6
         section      45
[db] inserted new legislation row: f877ee89-c0c4-4c11-a4dc-d55af5f5f41d
[db] inserting 51 sections (pass 1)
[db] inserted 51 sections
[db] linking parent FKs (pass 2)
[db] linked 45 parent references

[done] ingested Commonwealth Parole Board Act 2026
       legislation_id: f877ee89-c0c4-4c11-a4dc-d55af5f5f41d
       sections: 51
       compilation: 2026-04-08
