[fetch] document_1: https://www.legislation.gov.au/C2026A00027/2026-04-01/2026-04-01/text/original/epub/OEBPS/document_1/document_1.html
[fetch] document_1: 407,355 bytes
[fetch] document_2: https://www.legislation.gov.au/C2026A00027/2026-04-01/2026-04-01/text/original/epub/OEBPS/document_2/document_2.html
[fetch] document_2 not found — stopping. Fetched 1 document(s).
[fetch] combined 1 document(s), 407,355 source bytes → 404,158 combined bytes
[citation] Defence and Veterans’ Service Commissioner Act 2026 (Cth)
[parse] starting
[parser-diag] total <p> elements found: 1493
[parser-unknown-class] "2ndRd", text="[Minister’s second reading speech made in—"
[parser-unknown-class] "2ndRd", text="House of Representatives on 27 November 2025"
[parser-unknown-class] "2ndRd", text="Senate on 3 March 2026]"
[parser-diag] processed 1493 <p> elements
[parser-diag] last section was added at element index: 1475
[parser-diag] state phase at end: BODY
[parser-diag] hierarchy stack depth at end: 3
[parser-diag] insideSchedule at end: false
[parse] sections: 131
[parse] compilation: date=(none) no=(none)
[parse] by level:
         part         7
         section      96
         division     26
         subdivision  2
[db] inserted new legislation row: f28d3b9b-0379-4a2a-9007-14c66dd00cc4
[db] inserting 131 sections (pass 1)
[db] inserted 131 sections
[db] linking parent FKs (pass 2)
[db] linked 124 parent references

[done] ingested Defence and Veterans’ Service Commissioner Act 2026
       legislation_id: f28d3b9b-0379-4a2a-9007-14c66dd00cc4
       sections: 131
       compilation: 2026-04-01
