[fetch] document_1: https://www.legislation.gov.au/C2024A00121/2024-12-10/2024-12-10/text/original/epub/OEBPS/document_1/document_1.html
[fetch] document_1: 606,699 bytes
[fetch] document_2: https://www.legislation.gov.au/C2024A00121/2024-12-10/2024-12-10/text/original/epub/OEBPS/document_2/document_2.html
[fetch] document_2 not found — stopping. Fetched 1 document(s).
[fetch] combined 1 document(s), 606,699 source bytes → 603,531 combined bytes
[citation] Future Made in Australia (Guarantee of Origin) Act 2024 (Cth)
[parse] starting
[parser-diag] total <p> elements found: 2278
[parser-unknown-class] "2ndRd", text="[Minister’s second reading speech made in—"
[parser-unknown-class] "2ndRd", text="House of Representatives on 12 September 2024"
[parser-unknown-class] "2ndRd", text="Senate on 28 November 2024]"
[parser-diag] processed 2278 <p> elements
[parser-diag] last section was added at element index: 2239
[parser-diag] state phase at end: BODY
[parser-diag] hierarchy stack depth at end: 4
[parser-diag] insideSchedule at end: false
[parse] sections: 234
[parse] compilation: date=(none) no=(none)
[parse] by level:
         part         9
         section      164
         division     34
         subdivision  27
[db] inserted new legislation row: 29d74300-9d6e-443d-91a9-c6f7f74af922
[db] inserting 234 sections (pass 1)
[db] inserted 234 sections
[db] linking parent FKs (pass 2)
[db] linked 225 parent references

[done] ingested Future Made in Australia (Guarantee of Origin) Act 2024
       legislation_id: 29d74300-9d6e-443d-91a9-c6f7f74af922
       sections: 234
       compilation: 2024-12-10
