[fetch] document_1: https://www.legislation.gov.au/C2022A00039/2022-09-30/2022-09-30/text/original/epub/OEBPS/document_1/document_1.html
[fetch] document_1: 198,588 bytes
[fetch] document_2: https://www.legislation.gov.au/C2022A00039/2022-09-30/2022-09-30/text/original/epub/OEBPS/document_2/document_2.html
[fetch] document_2 not found — stopping. Fetched 1 document(s).
[fetch] combined 1 document(s), 198,588 source bytes → 195,902 combined bytes
[citation] Social Security (Administration) Amendment (Repeal of Cashless Debit Card and Other Measures) Act 2022 (Cth)
[parse] starting
[parser-diag] total <p> elements found: 821
[parser-unknown-class] "ActHead6", text="Schedule 1—Amendments"
[parser-unknown-class] "ActHead7", text="Part 1—Stage 1 amendments"
[parser-unknown-class] "ActHead9", text="A New Tax System (Family Assistance) (Administration) Act 1999"
[parser-unknown-class] "ItemHead", text="1A  After paragraph 66(2)(f)"
[parser-unknown-class] "ActHead9", text="National Emergency Declaration Act 2020"
[parser-unknown-class] "ItemHead", text="1B  Section 10 (after paragraph (zb) of the definition of national emergency law)"
[parser-unknown-class] "ActHead9", text="Social Security Act 1991"
[parser-unknown-class] "ItemHead", text="1C  Subsection 1061EK(1)"
[parser-unknown-class] "ItemHead", text="1D  Paragraph 1222(1)(ba)"
[parser-unknown-class] "ItemHead", text="1E  Subsection 1222(2) (table item 20, column 2)"
[parser-unknown-class] "ItemHead", text="1F  Paragraph 1230(1)(a)"
[parser-unknown-class] "ItemHead", text="1G  Subsections 1230C(1) and (2)"
[parser-unknown-class] "ItemHead", text="1H  Paragraph 1234A(1)(a)"
[parser-unknown-class] "ItemHead", text="1J  Subsection 1237AB(1)"
[parser-unknown-class] "ActHead9", text="Social Security (Administration) Act 1999"
[parser-unknown-class] "ItemHead", text="1K  After paragraph 60(2)(a)"
[parser-unknown-class] "ItemHead", text="1L  After section 70"
[parser-unknown-class] "ItemHead", text="1M  After paragraph 72(3)(d)"
[parser-unknown-class] "ItemHead", text="1N  Paragraph 72(4)(a)"
[parser-unknown-class] "ItemHead", text="1P  Subsections 72(6) and (7)"
[parser-unknown-class] "ItemHead", text="1Q  Subsection 74(1)"
[parser-unknown-class] "ItemHead", text="1R  After Part 3A"
[parser-unknown-class] "ItemHead", text="1  Section 123TC"
[parser-unknown-class] "ItemHead", text="1S  Section 123TC (before subparagraph (b)(i) of the definition of excluded Part 3B payment nominee)"
[parser-unknown-class] "ItemHead", text="1T  Section 123TC"
[parser-unknown-class] "ItemHead", text="7  At the end of section 123UCA"
[parser-unknown-class] "ItemHead", text="11  At the end of section 123UCB"
[parser-unknown-class] "ItemHead", text="15  At the end of section 123UCC"
[parser-unknown-class] "ItemHead", text="17  After subsection 123UD(4)"
[parser-unknown-class] "ItemHead", text="19  At the end of section 123UE"
[parser-unknown-class] "ItemHead", text="28  At the end of section 123UFAA"
[parser-unknown-class] "ItemHead", text="29  Subdivision E of Division 2 of Part 3B"
[parser-unknown-class] "ItemHead", text="30  Paragraph 123ZN(1)(aa)"
[parser-unknown-class] "ItemHead", text="31  Subsection 124PD(1)"
[parser-unknown-class] "ItemHead", text="32  Section 124PF"
[parser-unknown-class] "ItemHead", text="33  At the end of section 124PG"
[parser-unknown-class] "ItemHead", text="34  At the end of section 124PGA"
[parser-unknown-class] "ItemHead", text="35  At the end of section 124PGB"
[parser-unknown-class] "ItemHead", text="36  At the end of section 124PGC"
[parser-unknown-class] "ItemHead", text="37  After paragraph 124PGD(1)(c)"
[parser-unknown-class] "ItemHead", text="39  After subsection 124PGE(7)"
[parser-unknown-class] "ItemHead", text="41  After subsection 124PH(1)"
[parser-unknown-class] "ItemHead", text="42  At the end of section 124PHA"
[parser-unknown-class] "ItemHead", text="43  At the end of section 124PHB"
[parser-unknown-class] "ItemHead", text="44  Paragraph 127(4)(aa)"
[parser-unknown-class] "ItemHead", text="45  After paragraph 127(4)(ac)"
[parser-unknown-class] "ItemHead", text="46  Paragraph 144(l)"
[parser-unknown-class] "ItemHead", text="47  After paragraph 144(lb)"
[parser-unknown-class] "ItemHead", text="47A  After paragraph 192(da)"
[parser-unknown-class] "ItemHead", text="47B  After paragraph 195(1)(c)"
[parser-unknown-class] "ItemHead", text="47C  After subsection 202(8)"
[parser-unknown-class] "ActHead9", text="Social Security (Administration) Amendment (Continuation of Cashless Welfare) Act 2020"
[parser-unknown-class] "ItemHead", text="47D  At the end of subitem 97(3) of Schedule 1"
[parser-unknown-class] "ItemHead", text="47E  Paragraph 97(4)(a) of Schedule 1"
[parser-unknown-class] "ItemHead", text="47F  At the end of subitem 97(5) of Schedule 1"
[parser-unknown-class] "Transitional", text="48  Saving provisions"
[parser-unknown-class] "Subitem", text="(1) Subsections 123UP(2) and (3) and paragraph 123ZN(1)(aa) of the Social Security (Administratio..."
[parser-unknown-class] "Subitem", text="(2) Paragraphs 127(4)(aa) and 144(l) of the Social Security (Administration) Act 1999, as in forc..."
[parser-unknown-class] "ActHead7", text="Part 1A—Stage 1A amendments"
[parser-unknown-class] "ActHead9", text="National Emergency Declaration Act 2020"
[parser-unknown-class] "ItemHead", text="48A  Section 10 (paragraph (zba) of the definition of national emergency law)"
[parser-unknown-class] "ActHead9", text="Social Security (Administration) Act 1999"
[parser-unknown-class] "ItemHead", text="48B  Section 123SA"
[parser-unknown-class] "ItemHead", text="48C  Section 123SB"
[parser-unknown-class] "ItemHead", text="48D  After section 123SC"
[parser-unknown-class] "ItemHead", text="48E  After Subdivision A of Division 3 of Part 3AA"
[parser-unknown-class] "ItemHead", text="48F  Paragraph 127(4)(ad)"
[parser-unknown-class] "ItemHead", text="48G   Paragraph 144(lc)"
[parser-unknown-class] "ActHead7", text="Part 1B—Stage 1B amendments"
[parser-unknown-class] "ActHead9", text="National Emergency Declaration Act 2020"
[parser-unknown-class] "ItemHead", text="48H  Section 10 (before paragraph (zc) of the definition of national emergency law)"
[parser-unknown-class] "ActHead9", text="Social Security (Administration) Act 1999"
[parser-unknown-class] "ItemHead", text="48J  Section 123SA"
[parser-unknown-class] "ItemHead", text="48K  Section 123SB"
[parser-unknown-class] "ItemHead", text="48L  Before section 123SI"
[parser-unknown-class] "ItemHead", text="48M  Before Division 4 of Part 3AA"
[parser-unknown-class] "ActHead7", text="Part 2—Stage 2 amendments"
[parser-unknown-class] "ActHead9", text="A New Tax System (Family Assistance) (Administration) Act 1999"
[parser-unknown-class] "ItemHead", text="49  Paragraph 66(2)(g)"
[parser-unknown-class] "ActHead9", text="National Emergency Declaration Act 2020"
[parser-unknown-class] "ItemHead", text="50  Section 10 (paragraph (zc) of the definition of national emergency law)"
[parser-unknown-class] "ActHead9", text="Social Security Act 1991"
[parser-unknown-class] "ItemHead", text="51  Subsection 1061EK(1)"
[parser-unknown-class] "ItemHead", text="52  Paragraph 1222(1)(ba)"
[parser-unknown-class] "ItemHead", text="53  Subsection 1222(2) (table item 20, column 2)"
[parser-unknown-class] "ItemHead", text="54  Paragraph 1230(1)(a)"
[parser-unknown-class] "ItemHead", text="55  Subsections 1230C(1) and (2)"
[parser-unknown-class] "ItemHead", text="56  Paragraph 1234A(1)(a)"
[parser-unknown-class] "ItemHead", text="57  Subsection 1237AB(1)"
[parser-unknown-class] "Transitional", text="58  Saving provision"
[parser-unknown-class] "ActHead9", text="Social Security (Administration) Act 1999"
[parser-unknown-class] "ItemHead", text="59  Paragraph 60(2)(aa)"
[parser-unknown-class] "ItemHead", text="60  Section 70B"
[parser-unknown-class] "ItemHead", text="60A  Section 123SI"
[parser-unknown-class] "ItemHead", text="61  Section 123TC (paragraph (b) of the definition of excluded Part 3B payment nominee)"
[parser-unknown-class] "ItemHead", text="62  Paragraph 123UC(1)(h)"
[parser-unknown-class] "ItemHead", text="64  Part 3D"
[parser-unknown-class] "ItemHead", text="65  Paragraphs 127(4)(ab), (ac) and (ad)"
[parser-unknown-class] "ItemHead", text="66  Paragraphs 144(la), (lb) and (lc)"
[parser-unknown-class] "ItemHead", text="67  Paragraph 192(db)"
[parser-unknown-class] "ItemHead", text="68  Paragraph 195(1)(cc)"
[parser-unknown-class] "ItemHead", text="69  Subsection 202(9)"
[parser-unknown-class] "Transitional", text="70  Saving provisions"
[parser-unknown-class] "Subitem", text="(1) Paragraphs 127(4)(ab), (ac) and (ad) and 144(la), (lb) and (lc) of the Social Security (Admin..."
[parser-unknown-class] "Subitem", text="(2) A legislative instrument in force under subsections 124PP(1) and 124PQ(2) of the Social Secur..."
[parser-unknown-class] "Transitional", text="71  Transitional rules"
[parser-unknown-class] "Subitem", text="(1) The Minister may, by legislative instrument, make rules prescribing matters of a transitional..."
[parser-unknown-class] "Subitem", text="(2) To avoid doubt, the rules may not do the following:"
[parser-unknown-class] "ActHead6", text="Schedule 2—Obligations of Minister: Local services plan"
[parser-unknown-class] "ItemHead", text="1  Definitions"
[parser-unknown-class] "Subitem", text="(1) In this Schedule:"
[parser-unknown-class] "Subitem", text="(2) An expression that is used in Part 3D of the Social Security (Administration) Act 1999 as in ..."
[parser-unknown-class] "ItemHead", text="2  Local services plans"
[parser-unknown-class] "Subitem", text="(1) The Minister must, for each plan area, prepare a written plan (a local services plan) for:"
[parser-unknown-class] "Subitem", text="(2) In preparing a local services plan for a plan area, the Minister must:"
[parser-unknown-class] "Subitem", text="(3) The Minister must cause the local services plan for each plan area to be:"
[parser-unknown-class] "Subitem", text="(4) A local services plan:"
[parser-unknown-class] "ActHead6", text="Schedule 2A—Obligations of Minister: Cost of scheme"
[parser-unknown-class] "ItemHead", text="1  Definitions"
[parser-unknown-class] "Subitem", text="(1) In this Schedule:"
[parser-unknown-class] "Subitem", text="(2) An expression that is used in Part 3D of the Social Security (Administration) Act 1999 as in ..."
[parser-unknown-class] "ItemHead", text="2  Cost of cashless debit card scheme"
[parser-unknown-class] "Subitem", text="(1) The Minister must prepare a written estimate of the full cost to the Commonwealth of the oper..."
[parser-unknown-class] "Subitem", text="(2) The Minister must cause the estimate to be:"
[parser-unknown-class] "2ndRd", text=""
[parser-unknown-class] "2ndRd", text="[Minister’s second reading speech made in—"
[parser-unknown-class] "2ndRd", text="House of Representatives on 27 July 2022"
[parser-unknown-class] "2ndRd", text="Senate on 3 August 2022]"
[parser-diag] processed 821 <p> elements
[parser-diag] last section was added at element index: 700
[parser-diag] state phase at end: BODY
[parser-diag] hierarchy stack depth at end: 4
[parser-diag] insideSchedule at end: false
[parse] sections: 36
[parse] compilation: date=(none) no=(none)
[parse] by level:
         section      27
         part         1
         division     5
         subdivision  3
[db] inserted new legislation row: 40f194fe-bb61-4f7c-b657-a679519fc704
[db] inserting 36 sections (pass 1)
[db] inserted 36 sections
[db] linking parent FKs (pass 2)
[db] linked 31 parent references

[done] ingested Social Security (Administration) Amendment (Repeal of Cashless Debit Card and Other Measures) Act 2022
       legislation_id: 40f194fe-bb61-4f7c-b657-a679519fc704
       sections: 36
       compilation: 2022-09-30
