[fetch] document_1: https://www.legislation.gov.au/C2022A00081/2022-12-12/2022-12-12/text/original/epub/OEBPS/document_1/document_1.html
[fetch] document_1: 104,576 bytes
[fetch] document_2: https://www.legislation.gov.au/C2022A00081/2022-12-12/2022-12-12/text/original/epub/OEBPS/document_2/document_2.html
[fetch] document_2 not found — stopping. Fetched 1 document(s).
[fetch] combined 1 document(s), 104,576 source bytes → 101,991 combined bytes
[citation] High Speed Rail Authority Act 2022 (Cth)
[parse] starting
[parser-diag] total <p> elements found: 437
[parser-unknown-class] "2ndRd", text=""
[parser-unknown-class] "2ndRd", text="[Minister’s second reading speech made in—"
[parser-unknown-class] "2ndRd", text="House of Representatives on 8 September 2022"
[parser-unknown-class] "2ndRd", text="Senate on 21 November 2022]"
[parser-diag] processed 437 <p> elements
[parser-diag] last section was added at element index: 415
[parser-diag] state phase at end: BODY
[parser-diag] hierarchy stack depth at end: 2
[parser-diag] insideSchedule at end: false
[parse] sections: 66
[parse] compilation: date=(none) no=(none)
[parse] by level:
         part         5
         section      51
         division     10
[db] inserted new legislation row: fea48b8f-92a9-40c9-b66c-6a1234c8ad4a
[db] inserting 66 sections (pass 1)
[db] inserted 66 sections
[db] linking parent FKs (pass 2)
[db] linked 61 parent references

[done] ingested High Speed Rail Authority Act 2022
       legislation_id: fea48b8f-92a9-40c9-b66c-6a1234c8ad4a
       sections: 66
       compilation: 2022-12-12
