[fetch] document_1: https://www.legislation.gov.au/C2024A00122/2024-12-10/2024-12-10/text/original/epub/OEBPS/document_1/document_1.html
[fetch] document_1: 29,835 bytes
[fetch] document_2: https://www.legislation.gov.au/C2024A00122/2024-12-10/2024-12-10/text/original/epub/OEBPS/document_2/document_2.html
[fetch] document_2 not found — stopping. Fetched 1 document(s).
[fetch] combined 1 document(s), 29,835 source bytes → 27,290 combined bytes
[citation] Future Made in Australia (Guarantee of Origin Charges) Act 2024 (Cth)
[parse] starting
[parser-diag] total <p> elements found: 141
[parser-unknown-class] "2ndRd", text=""
[parser-unknown-class] "2ndRd", text="[Minister’s second reading speech made in—"
[parser-unknown-class] "2ndRd", text="House of Representatives on 12 September 2024"
[parser-unknown-class] "2ndRd", text="Senate on 28 November 2024]"
[parser-diag] processed 141 <p> elements
[parser-diag] last section was added at element index: 127
[parser-diag] state phase at end: BODY
[parser-diag] hierarchy stack depth at end: 2
[parser-diag] insideSchedule at end: false
[parse] sections: 21
[parse] compilation: date=(none) no=(none)
[parse] by level:
         part         3
         section      18
[db] inserted new legislation row: 8550920a-3c92-4457-a399-c54e68abc28e
[db] inserting 21 sections (pass 1)
[db] inserted 21 sections
[db] linking parent FKs (pass 2)
[db] linked 18 parent references

[done] ingested Future Made in Australia (Guarantee of Origin Charges) Act 2024
       legislation_id: 8550920a-3c92-4457-a399-c54e68abc28e
       sections: 21
       compilation: 2024-12-10
