[fetch] document_1: https://www.legislation.gov.au/C2024A00058/2025-02-21/2025-02-21/text/original/epub/OEBPS/document_1/document_1.html
[fetch] document_1: 312,474 bytes
[fetch] document_2: https://www.legislation.gov.au/C2024A00058/2025-02-21/2025-02-21/text/original/epub/OEBPS/document_2/document_2.html
[fetch] document_2 not found — stopping. Fetched 1 document(s).
[fetch] combined 1 document(s), 312,474 source bytes → 309,195 combined bytes
[citation] Primary Industries Levies and Charges Collection Act 2024 (Cth)
[parse] starting
[parser-diag] total <p> elements found: 1178
[parser-unknown-class] "BoxStep", text="Step 1. Divide 0.02 by the number of days in the calendar month in which the penalty day occurs."
[parser-unknown-class] "BoxStep", text="Step 2. Multiply the amount at step 1 by the sum of:"
[parser-unknown-class] "BoxStep", text="Step 3. Round the amount at step 2 to the nearest cent (rounding 0.5 cents upwards): the result i..."
[parser-unknown-class] "BoxStep", text="Step 1. Divide 0.02 by the number of days in the calendar month in which the penalty day occurs."
[parser-unknown-class] "BoxStep", text="Step 2. Multiply the amount at step 1 by the sum of:"
[parser-unknown-class] "BoxStep", text="Step 3. Round the amount at step 2 to the nearest cent (rounding 0.5 cents upwards): the result i..."
[parser-diag] processed 1178 <p> elements
[parser-diag] last section was added at element index: 1044
[parser-diag] state phase at end: ENDNOTES
[parser-diag] hierarchy stack depth at end: 3
[parser-diag] insideSchedule at end: false
[parse] sections: 87
[parse] compilation: date=2025-02-21 no=1
[parse] by level:
         part         6
         section      59
         division     20
         subdivision  2
[db] inserted new legislation row: d0d6a192-45d5-47e1-83e5-5ad98d2f6fde
[db] inserting 87 sections (pass 1)
[db] inserted 87 sections
[db] linking parent FKs (pass 2)
[db] linked 81 parent references

[done] ingested Primary Industries Levies and Charges Collection Act 2024
       legislation_id: d0d6a192-45d5-47e1-83e5-5ad98d2f6fde
       sections: 87
       compilation: 2025-02-21
