[fetch] document_1: https://www.legislation.gov.au/C2020A00091/2025-02-21/2025-02-21/text/original/epub/OEBPS/document_1/document_1.html
[fetch] document_1: 443,223 bytes
[fetch] document_2: https://www.legislation.gov.au/C2020A00091/2025-02-21/2025-02-21/text/original/epub/OEBPS/document_2/document_2.html
[fetch] document_2 not found — stopping. Fetched 1 document(s).
[fetch] combined 1 document(s), 443,223 source bytes → 441,092 combined bytes
[citation] Payment Times Reporting Act 2020 (Cth)
[parse] starting
[parser-diag] total <p> elements found: 1705
[parser-diag] processed 1705 <p> elements
[parse] sections: 132
[parse] compilation: date=2025-02-21 no=5
[parser-diag] last section was added at element index: 1335
[parser-diag] state phase at end: ENDNOTES
[parser-diag] hierarchy stack depth at end: 3
[parser-diag] insideSchedule at end: false
[parse] by level:
         part         7
         section      99
         division     26
[db] inserted new legislation row: a70bbab9-2bd7-4832-b15d-95862af3e699
[db] inserting 132 sections (pass 1)
[db] inserted 132 sections
[db] linking parent FKs (pass 2)
[db] linked 125 parent references

[done] ingested Payment Times Reporting Act 2020
       legislation_id: a70bbab9-2bd7-4832-b15d-95862af3e699
       sections: 132
       compilation: 2025-02-21
