[fetch] document_1: https://www.legislation.gov.au/C2025A00077/2025-12-04/2025-12-04/text/original/epub/OEBPS/document_1/document_1.html
[fetch] document_1: 25,196 bytes
[fetch] document_2: https://www.legislation.gov.au/C2025A00077/2025-12-04/2025-12-04/text/original/epub/OEBPS/document_2/document_2.html
[fetch] document_2 not found — stopping. Fetched 1 document(s).
[fetch] combined 1 document(s), 25,196 source bytes → 22,557 combined bytes
[citation] VET Student Loans (Miscellaneous Measures) Act 2025 (Cth)
[parse] starting
[parser-diag] total <p> elements found: 111
[parser-unknown-class] "2ndRd", text="[Minister’s second reading speech made in—"
[parser-unknown-class] "2ndRd", text="House of Representatives on 29 October 2025"
[parser-unknown-class] "2ndRd", text="Senate on 26 November 2025]"
[parser-diag] processed 111 <p> elements
[parser-diag] last section was added at element index: 96
[parser-diag] state phase at end: BODY
[parser-diag] hierarchy stack depth at end: 1
[parser-diag] insideSchedule at end: false
[parse] sections: 5
[parse] compilation: date=(none) no=(none)
[parse] by level:
         section      5
[db] inserted new legislation row: 3572e469-01ee-4a50-b07d-70123320230f
[db] inserting 5 sections (pass 1)
[db] inserted 5 sections
[db] linking parent FKs (pass 2)
[db] linked 0 parent references

[done] ingested VET Student Loans (Miscellaneous Measures) Act 2025
       legislation_id: 3572e469-01ee-4a50-b07d-70123320230f
       sections: 5
       compilation: 2025-12-04
