[fetch] document_1: https://www.legislation.gov.au/C2026A00001/2026-01-21/2026-01-21/text/original/epub/OEBPS/document_1/document_1.html
[fetch] document_1: 339,468 bytes
[fetch] document_2: https://www.legislation.gov.au/C2026A00001/2026-01-21/2026-01-21/text/original/epub/OEBPS/document_2/document_2.html
[fetch] document_2 not found — stopping. Fetched 1 document(s).
[fetch] combined 1 document(s), 339,468 source bytes → 336,894 combined bytes
[citation] Combatting Antisemitism, Hate and Extremism (Firearms and Customs Laws) Act 2026 (Cth)
[parse] starting
[parser-diag] total <p> elements found: 1521
[parser-unknown-class] "ActHead6", text="Schedule 1—Customs amendments"
[parser-unknown-class] "ActHead7", text="Part 1—Prohibited material"
[parser-unknown-class] "ActHead8", text="Division 1—Amendments"
[parser-unknown-class] "ActHead9", text="Customs (Prohibited Exports) Regulations 1958"
[parser-unknown-class] "ItemHead", text="1  After subregulation 3(2AA)"
[parser-unknown-class] "ItemHead", text="2  At the end of subregulation 3(4)"
[parser-unknown-class] "ActHead9", text="Customs (Prohibited Imports) Regulations 1956"
[parser-unknown-class] "ItemHead", text="3  After subregulation 4A(1AA)"
[parser-unknown-class] "ItemHead", text="4  At the end of subregulation 4A(2)"
[parser-unknown-class] "ActHead9", text="Customs Regulation 2015"
[parser-unknown-class] "ItemHead", text="5  Section 4 (definition of commercial quantity of objectionable goods)"
[parser-unknown-class] "ItemHead", text="6  Subclause 1(1) of Schedule 7 (table items 22 and 23)"
[parser-unknown-class] "ItemHead", text="7  Subclause 1(2) of Schedule 7 (definition of commercial quantity of objectionable goods)"
[parser-unknown-class] "ActHead8", text="Division 2—Application and transitional provisions"
[parser-unknown-class] "ActHead9", text="Customs (Prohibited Exports) Regulations 1958"
[parser-unknown-class] "ItemHead", text="8  In the appropriate position in Part 5"
[parser-unknown-class] "ActHead9", text="Customs (Prohibited Imports) Regulations 1956"
[parser-unknown-class] "ItemHead", text="9  In the appropriate position before Schedule 1"
[parser-unknown-class] "ActHead9", text="Customs Regulation 2015"
[parser-unknown-class] "ItemHead", text="10  In the appropriate position in Part 18"
[parser-unknown-class] "ActHead7", text="Part 2—Powers relating to instruments"
[parser-unknown-class] "ActHead9", text="Customs Act 1901"
[parser-unknown-class] "ItemHead", text="11  At the end of section 4A"
[parser-unknown-class] "ItemHead", text="12  After subsection 50(3A)"
[parser-unknown-class] "ItemHead", text="13  After subsection 112(2AA)"
[parser-unknown-class] "ActHead6", text="Schedule 2—Firearms amendments"
[parser-unknown-class] "ActHead7", text="Part 1—National gun buyback"
[parser-unknown-class] "ActHead8", text="Division 1—National gun buyback"
[parser-unknown-class] "Transitional", text="1  Object of Part"
[parser-unknown-class] "Transitional", text="2  Definitions"
[parser-unknown-class] "Subitem", text="(1) In this Part:"
[parser-unknown-class] "Subitem", text="(2) For the purposes of paragraph (b) of the definition of buyback period in subitem (1), the AFP..."
[parser-unknown-class] "Subitem", text="(3) For the purposes of paragraph (b) of the definition of national firearms program in subitem (..."
[parser-unknown-class] "Transitional", text="3  Qualifying compensation paid by a State"
[parser-unknown-class] "Subitem", text="(1) Compensation paid by a State is qualifying compensation to the extent that the compensation i..."
[parser-unknown-class] "Subitem", text="(2) For the purposes of paragraph (1)(b), the AFP Minister may, by notifiable instrument, approve..."
[parser-unknown-class] "Transitional", text="4  Determination under Federal Financial Relations Act 2009"
[parser-unknown-class] "Subitem", text="(1) The Minister administering the Federal Financial Relations Act 2009 must make a determination..."
[parser-unknown-class] "Subitem", text="(2) Subitem (1) does not limit the application of section 16 of the Federal Financial Relations A..."
[parser-unknown-class] "Transitional", text="5  Other financial assistance and payments"
[parser-unknown-class] "Subitem", text="(1) The AFP Minister may authorise payments by the Commonwealth in connection with activities rel..."
[parser-unknown-class] "Subitem", text="(2) Subitem (1) does not apply in relation to a payment to a State."
[parser-unknown-class] "SubitemHead", text="Overall limit on payments under this item"
[parser-unknown-class] "Subitem", text="(3) The total amount that may be authorised by the AFP Minister under this item must not be more ..."
[parser-unknown-class] "SubitemHead", text="AFP Minister’s instrument"
[parser-unknown-class] "Subitem", text="(4) Before authorising any payment under this item, the AFP Minister must, by notifiable instrume..."
[parser-unknown-class] "SubitemHead", text="Implied nationhood power"
[parser-unknown-class] "Subitem", text="(5) Subitem (1) relies on the legislative power that the Parliament has under the Constitution wi..."
[parser-unknown-class] "SubitemHead", text="Defence power"
[parser-unknown-class] "Subitem", text="(6) In addition to subitem (5), subitem (1) also has the effect it would have if a reference to a..."
[parser-unknown-class] "SubitemHead", text="Corporations power"
[parser-unknown-class] "Subitem", text="(7) In addition to subitem (5), subitem (1) also has the effect it would have if a reference to a..."
[parser-unknown-class] "SubitemHead", text="Territories power"
[parser-unknown-class] "Subitem", text="(8) In addition to subitem (5), subitem (1) also has the effect it would have if a reference to a..."
[parser-unknown-class] "SubitemHead", text="Commonwealth places power"
[parser-unknown-class] "Subitem", text="(9) In addition to subitem (5), subitem (1) also has the effect it would have if a reference to a..."
[parser-unknown-class] "SubitemHead", text="Appropriation"
[parser-unknown-class] "Subitem", text="(10) The Consolidated Revenue Fund is appropriated for payments under this item."
[parser-unknown-class] "ActHead8", text="Division 2—Consequential amendments"
[parser-unknown-class] "ActHead9", text="Income Tax Assessment Act 1997"
[parser-unknown-class] "ItemHead", text="6  Subsection 995‑1(1) (definition of firearms surrender arrangements)"
[parser-unknown-class] "Transitional", text="7  Application provision"
[parser-unknown-class] "ActHead7", text="Part 2—Firearms background checks"
[parser-unknown-class] "ActHead8", text="Division 1—AusCheck amendments"
[parser-unknown-class] "ActHead9", text="AusCheck Act 2007"
[parser-unknown-class] "ItemHead", text="8  Subsection 4(1)"
[parser-unknown-class] "ItemHead", text="9  Paragraph 5(ba)"
[parser-unknown-class] "ItemHead", text="10  At the end of subsection 8(1)"
[parser-unknown-class] "ItemHead", text="11  After subsection 8(4)"
[parser-unknown-class] "ItemHead", text="12  After section 10A"
[parser-unknown-class] "ItemHead", text="13  Subsection 13(1)"
[parser-unknown-class] "ItemHead", text="14  Paragraph 13(1)(a)"
[parser-unknown-class] "ItemHead", text="15  At the end of section 13"
[parser-unknown-class] "ItemHead", text="16  At the end of subsection 14(1)"
[parser-unknown-class] "ItemHead", text="17  At the end of section 14"
[parser-unknown-class] "Transitional", text="18  Transitional provision"
[parser-unknown-class] "ActHead9", text="Australian Security Intelligence Organisation Act 1979"
[parser-unknown-class] "ItemHead", text="19  Subsection 39(3)"
[parser-unknown-class] "ActHead8", text="Division 2—ACC and ASIO amendments"
[parser-unknown-class] "ActHead9", text="Australian Crime Commission Act 2002"
[parser-unknown-class] "ItemHead", text="20  Subsection 4(1) (at the end of the definition of serious and organised crime)"
[parser-unknown-class] "ItemHead", text="21  After paragraph 7A(d)"
[parser-unknown-class] "ItemHead", text="22  Division 2A of Part II"
[parser-unknown-class] "ItemHead", text="23  Subsection 46A(8)"
[parser-unknown-class] "ItemHead", text="24  After Part II"
[parser-unknown-class] "ItemHead", text="25  Section 59A"
[parser-unknown-class] "ActHead9", text="Australian Security Intelligence Organisation Act 1979"
[parser-unknown-class] "ItemHead", text="26  Section 4"
[parser-unknown-class] "ItemHead", text="27  Subsection 35(1) (subparagraph (h)(ii) of the definition of prescribed administrative action)"
[parser-unknown-class] "ItemHead", text="28  At the end of subsection 36(1)"
[parser-unknown-class] "ItemHead", text="29  After subsection 36(2)"
[parser-unknown-class] "ItemHead", text="30  Before section 93A"
[parser-unknown-class] "Transitional", text="31  Application and saving provisions"
[parser-unknown-class] "Subitem", text="(1) Division 2A of Part II of the Australian Crime Commission Act 2002, as in force immediately b..."
[parser-unknown-class] "Subitem", text="(2) The amendment of subsection 36(1) of the Australian Security Intelligence Organisation Act 19..."
[parser-unknown-class] "ActHead8", text="Division 3—Spent etc. convictions"
[parser-unknown-class] "ActHead9", text="Crimes Act 1914"
[parser-unknown-class] "ItemHead", text="32  Subsection 85ZP(3) (note)"
[parser-unknown-class] "ItemHead", text="33  After section 85ZZJ"
[parser-unknown-class] "ItemHead", text="34  Section 85ZZJA (heading)"
[parser-unknown-class] "ItemHead", text="35  Subsection 85ZZJA(1)"
[parser-unknown-class] "ItemHead", text="36  Before Subdivision C of Division 6 of Part VIIC"
[parser-unknown-class] "Transitional", text="37  Application provision"
[parser-unknown-class] "ActHead8", text="Division 4—Consequential amendments"
[parser-unknown-class] "ActHead9", text="Administrative Decisions (Judicial Review) Act 1977"
[parser-unknown-class] "ItemHead", text="38  Paragraph (wa) of Schedule 1"
[parser-unknown-class] "ActHead9", text="Administrative Review Tribunal Act 2024"
[parser-unknown-class] "ItemHead", text="39  Section 4 (definition of criminal intelligence assessment)"
[parser-unknown-class] "ItemHead", text="40  Section 4 (subparagraph (b)(iii) of the definition of exempt security record decision)"
[parser-unknown-class] "ItemHead", text="41  Section 4 (definition of law enforcement interests)"
[parser-unknown-class] "ItemHead", text="42  Section 4"
[parser-unknown-class] "ItemHead", text="43  Subsection 141(3) (table item 1, column 2)"
[parser-unknown-class] "ItemHead", text="44  Paragraph 156(2)(b)"
[parser-unknown-class] "ItemHead", text="45  Paragraph 158(3)(b)"
[parser-unknown-class] "ItemHead", text="46  Paragraph 161(2)(c)"
[parser-unknown-class] "ItemHead", text="47  Subsection 162(1) (table item 1, column 2)"
[parser-unknown-class] "ActHead9", text="AusCheck Act 2007"
[parser-unknown-class] "ItemHead", text="48  Paragraph 5(ba)"
[parser-unknown-class] "ActHead9", text="AusCheck Regulations 2017"
[parser-unknown-class] "ItemHead", text="49  Section 4 (definition of adverse criminal intelligence assessment)"
[parser-unknown-class] "ItemHead", text="50  Section 4 (definition of high risk criminal intelligence assessment)"
[parser-unknown-class] "ItemHead", text="51  Subsection 13(4A) (heading)"
[parser-unknown-class] "ItemHead", text="52  Subsection 13(4A)"
[parser-unknown-class] "ItemHead", text="53  Subsection 14(6) (heading)"
[parser-unknown-class] "ItemHead", text="54  Subsection 14(6)"
[parser-unknown-class] "ItemHead", text="55  Subparagraph 23(b)(iia)"
[parser-unknown-class] "ItemHead", text="56  In the appropriate position in Part 5"
[parser-unknown-class] "ActHead9", text="Australian Border Force Act 2015"
[parser-unknown-class] "ItemHead", text="57  After paragraph 46(j)"
[parser-unknown-class] "ActHead9", text="Aviation Transport Security Act 2004"
[parser-unknown-class] "ItemHead", text="58  Section 4"
[parser-unknown-class] "ItemHead", text="59  Section 9"
[parser-unknown-class] "ItemHead", text="60  Section 27"
[parser-unknown-class] "ItemHead", text="61  Division 4A of Part 3 (heading)"
[parser-unknown-class] "ItemHead", text="62  Section 38AA"
[parser-unknown-class] "ItemHead", text="63  Subsection 38AB(1)"
[parser-unknown-class] "ItemHead", text="64  Subsection 44C(1)"
[parser-unknown-class] "ActHead9", text="Aviation Transport Security Regulations 2005"
[parser-unknown-class] "ItemHead", text="65  Subregulation 6.01(1) (definition of adverse criminal intelligence assessment)"
[parser-unknown-class] "ItemHead", text="66  Subregulation 6.01(1) (note to the definition of adverse criminal intelligence assessment)"
[parser-unknown-class] "ItemHead", text="67  Paragraph 6.27AA(3)(c)"
[parser-unknown-class] "ItemHead", text="68  Paragraph 6.28(1)(ea)"
[parser-unknown-class] "ItemHead", text="69  Paragraph 6.28(1)(ea)"
[parser-unknown-class] "ItemHead", text="70  Paragraph 6.28(4G)(a)"
[parser-unknown-class] "ItemHead", text="71  Subparagraph 6.42A(1)(b)(ii)"
[parser-unknown-class] "ItemHead", text="72  Paragraph 6.43(2)(bb)"
[parser-unknown-class] "ItemHead", text="73  Paragraph 6.43(2)(bb)"
[parser-unknown-class] "ItemHead", text="74  Subregulation 6.44(2)"
[parser-unknown-class] "ItemHead", text="75  In the appropriate position in Part 10"
[parser-unknown-class] "ActHead9", text="Crimes Act 1914"
[parser-unknown-class] "ItemHead", text="76  After paragraph 3ZQU(1)(d)"
[parser-unknown-class] "ActHead9", text="Maritime Transport and Offshore Facilities Security Act 2003"
[parser-unknown-class] "ItemHead", text="77  Section 10"
[parser-unknown-class] "ItemHead", text="78  Section 101"
[parser-unknown-class] "ItemHead", text="79  Division 6 of Part 6 (heading)"
[parser-unknown-class] "ItemHead", text="80  Section 113E"
[parser-unknown-class] "ItemHead", text="81  Subsection 113F(1)"
[parser-unknown-class] "ActHead9", text="Maritime Transport and Offshore Facilities Security Regulations 2003"
[parser-unknown-class] "ItemHead", text="82  Subregulation 6.07B(1) (definition of adverse criminal intelligence assessment)"
[parser-unknown-class] "ItemHead", text="83  Paragraph 6.08C(1)(da)"
[parser-unknown-class] "ItemHead", text="84  Paragraph 6.08C(1)(da)"
[parser-unknown-class] "ItemHead", text="85  At the end of subregulation 6.08C(5)"
[parser-unknown-class] "ItemHead", text="86  Paragraph 6.08D(1)(b)"
[parser-unknown-class] "ItemHead", text="87  Paragraph 6.08D(1)(b)"
[parser-unknown-class] "ItemHead", text="88  Subregulation 6.08D(1) (note)"
[parser-unknown-class] "ItemHead", text="89  Subregulation 6.08D(3)"
[parser-unknown-class] "ItemHead", text="90  Subregulation 6.08F(8)"
[parser-unknown-class] "ItemHead", text="91  Paragraph 6.08LC(1)(c)"
[parser-unknown-class] "ItemHead", text="92  Subparagraph 6.08LE(1)(b)(ii)"
[parser-unknown-class] "ItemHead", text="93  Paragraph 6.08M(1)(cb)"
[parser-unknown-class] "ItemHead", text="94  Paragraph 6.08M(1)(cb)"
[parser-unknown-class] "ItemHead", text="95  Subregulation 6.08O(3)"
[parser-unknown-class] "ItemHead", text="96  In the appropriate position in Schedule 2"
[parser-unknown-class] "ActHead9", text="Surveillance Devices Act 2004"
[parser-unknown-class] "ItemHead", text="97  After paragraph 45(5)(g)"
[parser-unknown-class] "ItemHead", text="98  After subsection 45(7)"
[parser-unknown-class] "ItemHead", text="99  After paragraph 45B(5)(b)"
[parser-unknown-class] "ActHead9", text="Telecommunications (Interception and Access) Act 1979"
[parser-unknown-class] "ItemHead", text="100  Subsection 5(1) (before subparagraph (aa)(i) of the definition of permitted purpose)"
[parser-unknown-class] "ItemHead", text="101  After paragraph 5B(1)(a)"
[parser-unknown-class] "ItemHead", text="102  After subsection 67(1C)"
[parser-unknown-class] "ItemHead", text="103  After paragraph 68(a)"
[parser-unknown-class] "ItemHead", text="104  Subsection 73(1)"
[parser-unknown-class] "ItemHead", text="105  After subsection 73(1)"
[parser-unknown-class] "ItemHead", text="106  At the end of subsection 139(2)"
[parser-unknown-class] "ItemHead", text="107  Section 142"
[parser-unknown-class] "ItemHead", text="108  At the end of section 142"
[parser-unknown-class] "ItemHead", text="109  Section 178 (at the end of the heading)"
[parser-unknown-class] "ItemHead", text="110  Subsection 178(3)"
[parser-unknown-class] "ItemHead", text="111  Subsection 180(4)"
[parser-unknown-class] "ItemHead", text="112  Paragraph 180(4)(a)"
[parser-unknown-class] "ItemHead", text="113  Paragraph 180(4)(b)"
[parser-unknown-class] "ItemHead", text="114  At the end of subsection 180(4)"
[parser-unknown-class] "ItemHead", text="115  After subparagraph 181A(3)(b)(ii)"
[parser-unknown-class] "ItemHead", text="116  After subparagraph 181A(6)(b)(ii)"
[parser-unknown-class] "ItemHead", text="117  After subparagraph 181B(3)(b)(iib)"
[parser-unknown-class] "ItemHead", text="118  After subparagraph 181B(6)(b)(iab)"
[parser-unknown-class] "ItemHead", text="119  After subparagraph 182(2)(a)(iiib)"
[parser-unknown-class] "ItemHead", text="120  After subparagraph 182(3)(a)(iib)"
[parser-unknown-class] "ItemHead", text="121  After subparagraph 182B(b)(ivb)"
[parser-unknown-class] "ActHead7", text="Part 3—Transmission of firearms information and other information to ACIC"
[parser-unknown-class] "ActHead9", text="Customs Act 1901"
[parser-unknown-class] "ItemHead", text="122  Section 273L"
[parser-unknown-class] "Transitional", text="123  Application provision"
[parser-unknown-class] "ActHead7", text="Part 4—Public safety tests for firearms and weapons"
[parser-unknown-class] "ActHead8", text="Division 1—Amendments"
[parser-unknown-class] "ActHead9", text="Customs (Prohibited Imports) Regulations 1956"
[parser-unknown-class] "ItemHead", text="124  Subregulation 2(1)"
[parser-unknown-class] "ItemHead", text="125  At the end of subregulation 4F(1)"
[parser-unknown-class] "ItemHead", text="126  After subregulation 4F(1)"
[parser-unknown-class] "ItemHead", text="127  After regulation 4F"
[parser-unknown-class] "ItemHead", text="128  Subregulation 4H(1)"
[parser-unknown-class] "ItemHead", text="129  After regulation 4H"
[parser-unknown-class] "ItemHead", text="130  Part 1 of Schedule 6"
[parser-unknown-class] "ItemHead", text="131  Part 1 of Schedule 13"
[parser-unknown-class] "ActHead8", text="Division 2—Application of amendments made by this Part"
[parser-unknown-class] "ActHead9", text="Customs (Prohibited Imports) Regulations 1956"
[parser-unknown-class] "ItemHead", text="132  At the end of regulation 22"
[parser-unknown-class] "ActHead7", text="Part 5—Importation of firearms"
[parser-unknown-class] "ActHead8", text="Division 1—Assisted repeating action and straight pull repeating action firearms"
[parser-unknown-class] "ActHead9", text="Customs (Prohibited Imports) Regulations 1956"
[parser-unknown-class] "ItemHead", text="133  Subregulation 2(1)"
[parser-unknown-class] "ItemHead", text="134  Subregulation 4F(4)"
[parser-unknown-class] "ItemHead", text="135  Part 2 of Schedule 6 (table item 1, column 2, paragraph (c))"
[parser-unknown-class] "ItemHead", text="136  Part 2 of Schedule 6 (table item 2, column 2, paragraph (d))"
[parser-unknown-class] "ItemHead", text="137  Part 2 of Schedule 6 (table item 2, column 2, paragraph (f))"
[parser-unknown-class] "ItemHead", text="138  Part 2 of Schedule 6 (table item 2, column 2, paragraph (g))"
[parser-unknown-class] "ItemHead", text="139  Part 2 of Schedule 6 (table item 2, column 2, paragraph (ga))"
[parser-unknown-class] "ItemHead", text="140  Part 2 of Schedule 6 (at the end of table item 3, column 2)"
[parser-unknown-class] "ItemHead", text="141  Part 2 of Schedule 6 (table item 3, column 3)"
[parser-unknown-class] "ItemHead", text="142  Part 2 of Schedule 6 (table item 3, column 3)"
[parser-unknown-class] "ItemHead", text="143  Part 2 of Schedule 6 (table item 6, column 2, after paragraph (b))"
[parser-unknown-class] "ItemHead", text="144  Part 2 of Schedule 6 (table item 6, column 2, paragraph (da))"
[parser-unknown-class] "ItemHead", text="145  Part 2 of Schedule 6 (table item 15, column 2, paragraph (d))"
[parser-unknown-class] "ItemHead", text="146  Part 2 of Schedule 6 (table item 16, column 2, after paragraph (c))"
[parser-unknown-class] "ItemHead", text="147  Part 2 of Schedule 6 (cell at table item 16A, column 2)"
[parser-unknown-class] "ActHead8", text="Division 2—Belt feeders"
[parser-unknown-class] "ActHead9", text="Customs (Prohibited Imports) Regulations 1956"
[parser-unknown-class] "ItemHead", text="148  Part 2 of Schedule 6 (table item 1, column 2, paragraph (e))"
[parser-unknown-class] "ItemHead", text="149  Part 2 of Schedule 6 (table item 2, column 2, paragraph (h))"
[parser-unknown-class] "ItemHead", text="150  Part 2 of Schedule 6 (table item 3, column 2, paragraph (a))"
[parser-unknown-class] "ItemHead", text="151  Part 2 of Schedule 6 (table item 6, column 2, paragraph (e))"
[parser-unknown-class] "ItemHead", text="152  Part 2 of Schedule 6 (table item 9, column 2, paragraph (d))"
[parser-unknown-class] "ActHead8", text="Division 3—Magazines over 30 rounds"
[parser-unknown-class] "ActHead9", text="Customs (Prohibited Imports) Regulations 1956"
[parser-unknown-class] "ItemHead", text="153  Part 2 of Schedule 6 (after table item 16A)"
[parser-unknown-class] "ItemHead", text="154  Part 2 of Schedule 6 (table item 17, column 2, paragraph (a))"
[parser-unknown-class] "ActHead8", text="Division 4—Handguns"
[parser-unknown-class] "ActHead9", text="Customs (Prohibited Imports) Regulations 1956"
[parser-unknown-class] "ItemHead", text="155  Paragraph 4.1(c) of Part 1 of Schedule 6"
[parser-unknown-class] "ItemHead", text="156  Subparagraph 4.1(d)(ii) of Part 1 of Schedule 6"
[parser-unknown-class] "ItemHead", text="157  Subitem 4.2 of Part 1 of Schedule 6"
[parser-unknown-class] "ItemHead", text="158  Subitem 5.1 of Part 1 of Schedule 6"
[parser-unknown-class] "ItemHead", text="159  Subitem 5.2 of Part 1 of Schedule 6 (note)"
[parser-unknown-class] "ItemHead", text="160  Subitem 5A.1 of Part 1 of Schedule 6"
[parser-unknown-class] "ItemHead", text="161  Subitem 5A.2 of Part 1 of Schedule 6 (note)"
[parser-unknown-class] "ItemHead", text="162  Item 6 of Part 1 of Schedule 6 (heading)"
[parser-unknown-class] "ItemHead", text="163  Subitem 6.1 of Part 1 of Schedule 6"
[parser-unknown-class] "ItemHead", text="164  Subitem 6.2 of Part 1 of Schedule 6 (note)"
[parser-unknown-class] "ItemHead", text="165  Item 7 of Part 1 of Schedule 6"
[parser-unknown-class] "ItemHead", text="166  Part 2 of Schedule 6 (cell at table item 9, column 3)"
[parser-unknown-class] "ItemHead", text="167  Part 2 of Schedule 6 (table item 9B, column 3, paragraph (d))"
[parser-unknown-class] "ItemHead", text="168  Part 2 of Schedule 6 (table item 9B, column 3, after paragraph (e))"
[parser-unknown-class] "ItemHead", text="169  Part 2 of Schedule 6 (table item 10, column 3, paragraph (d))"
[parser-unknown-class] "ItemHead", text="170  Part 2 of Schedule 6 (at the end of the cell at table item 17, column 3)"
[parser-unknown-class] "ItemHead", text="171  At the end of subitem 3A.1 of Part 4 of Schedule 6"
[parser-unknown-class] "ActHead8", text="Division 5—Frames and receivers"
[parser-unknown-class] "ActHead9", text="Customs (Prohibited Imports) Regulations 1956"
[parser-unknown-class] "ItemHead", text="172  After paragraph 3E(1)(b)"
[parser-unknown-class] "ItemHead", text="173  Part 2 of Schedule 6 (after table item 2)"
[parser-unknown-class] "ItemHead", text="174  Part 2 of Schedule 6 (table item 2B, column 2)"
[parser-unknown-class] "ItemHead", text="175  Part 2 of Schedule 6 (after table item 3)"
[parser-unknown-class] "ItemHead", text="176  Part 2 of Schedule 6 (at the end of the cell at table item 4, column 2)"
[parser-unknown-class] "ItemHead", text="177  Part 2 of Schedule 6 (after table item 6)"
[parser-unknown-class] "ItemHead", text="178  Part 2 of Schedule 6 (at the end of the cell at table item 7, column 2)"
[parser-unknown-class] "ItemHead", text="179  Part 2 of Schedule 6 (table item 7, column 3)"
[parser-unknown-class] "ItemHead", text="180  Part 2 of Schedule 6 (after table item 12)"
[parser-unknown-class] "ItemHead", text="181  Part 2 of Schedule 6 (table item 13, column 2)"
[parser-unknown-class] "ItemHead", text="182  Part 2 of Schedule 6 (table item 13, column 3)"
[parser-unknown-class] "ActHead8", text="Division 6—Skirmish markers"
[parser-unknown-class] "ActHead9", text="Customs (Prohibited Imports) Regulations 1956"
[parser-unknown-class] "ItemHead", text="183  Subregulation 2(1)"
[parser-unknown-class] "ItemHead", text="184  After paragraph 3E(1)(g)"
[parser-unknown-class] "ItemHead", text="185  Subregulation 4F(4) (at the end of paragraph (c) of the definition of firearm)"
[parser-unknown-class] "ItemHead", text="186  Subregulation 4F(4)"
[parser-unknown-class] "ItemHead", text="187  Part 2 of Schedule 6 (table item 1, column 2, paragraph (b))"
[parser-unknown-class] "ItemHead", text="188  Part 2 of Schedule 6 (cell at table item 1, column 3)"
[parser-unknown-class] "ItemHead", text="189  Part 2 of Schedule 6 (table item 9, column 2, paragraph (c))"
[parser-unknown-class] "ItemHead", text="190  Part 2 of Schedule 6 (table item 12, column 2, paragraph (a))"
[parser-unknown-class] "ItemHead", text="191  Part 2 of Schedule 6 (after table item 14A)"
[parser-unknown-class] "ItemHead", text="192  Part 2 of Schedule 6 (table items 15 and 16, column 2)"
[parser-unknown-class] "ItemHead", text="193  Part 2 of Schedule 6 (table item 17, column 2, paragraph (a))"
[parser-unknown-class] "ActHead8", text="Division 7—Proof of citizenship"
[parser-unknown-class] "ActHead9", text="Customs (Prohibited Imports) Regulations 1956"
[parser-unknown-class] "ItemHead", text="194  At the end of subitem 3.2 of Part 1 of Schedule 6"
[parser-unknown-class] "ActHead8", text="Division 8—Firearm sound suppressors and speed loaders"
[parser-unknown-class] "ActHead9", text="Customs (Prohibited Imports) Regulations 1956"
[parser-unknown-class] "ItemHead", text="195  Subregulation 2(1)"
[parser-unknown-class] "ItemHead", text="196  After paragraph 3E(1)(f)"
[parser-unknown-class] "ItemHead", text="197  Subregulation 4F(4) (before paragraph (f) of the definition of firearm accessory)"
[parser-unknown-class] "ItemHead", text="198  Part 2 of Schedule 6 (at the end of the cell at table item 11, column 2)"
[parser-unknown-class] "ItemHead", text="199  Part 2 of Schedule 6 (after table item 13)"
[parser-unknown-class] "ItemHead", text="200  Part 2 of Schedule 6 (at the end of the cell at table item 14, column 2)"
[parser-unknown-class] "ItemHead", text="201  After item 1A of Part 3 of Schedule 6"
[parser-unknown-class] "ItemHead", text="202  After paragraph 3A.1(c) of Part 4 of Schedule 6"
[parser-unknown-class] "ActHead8", text="Division 9—Application of amendments made by this Part"
[parser-unknown-class] "ActHead9", text="Customs (Prohibited Imports) Regulations 1956"
[parser-unknown-class] "Transitional", text="203  At the end of regulation 22"
[parser-unknown-class] "ActHead7", text="Part 6—Approved forms for police certification for firearms imports"
[parser-unknown-class] "ActHead8", text="Division 1—Amendments"
[parser-unknown-class] "ActHead9", text="Customs (Prohibited Imports) Regulations 1956"
[parser-unknown-class] "ItemHead", text="204  At the end of item 4 of Part 1 of Schedule 6"
[parser-unknown-class] "ItemHead", text="205  Paragraph 1.2(b) of Part 4 of Schedule 6"
[parser-unknown-class] "ItemHead", text="206  Paragraph 1.2(c) of Part 4 of Schedule 6"
[parser-unknown-class] "ItemHead", text="207  Paragraph 1A.2(d) of Part 4 of Schedule 6"
[parser-unknown-class] "ItemHead", text="208  Paragraph 1A.2(e) of Part 4 of Schedule 6"
[parser-unknown-class] "ItemHead", text="209  Item 6 of Part 1 of Schedule 13"
[parser-unknown-class] "ItemHead", text="210  At the end of item 6 of Part 1 of Schedule 13"
[parser-unknown-class] "ActHead8", text="Division 2—Application provisions"
[parser-unknown-class] "ActHead9", text="Customs (Prohibited Imports) Regulations 1956"
[parser-unknown-class] "ItemHead", text="211  At the end of regulation 22"
[parser-unknown-class] "ActHead7", text="Part 7—Offences relating to use of carriage service for firearms and explosives manufacture material"
[parser-unknown-class] "ActHead8", text="Division 1—Main amendments"
[parser-unknown-class] "ActHead9", text="Criminal Code Act 1995"
[parser-unknown-class] "ItemHead", text="212  After Subdivision HA of Division 474 of the Criminal Code"
[parser-unknown-class] "ItemHead", text="213  Subsections 475.1A(1) and (2) of the Criminal Code"
[parser-unknown-class] "ItemHead", text="214  Dictionary in the Criminal Code"
[parser-unknown-class] "Transitional", text="215  Transitional provision"
[parser-unknown-class] "ActHead8", text="Division 2—Consequential amendments"
[parser-unknown-class] "ActHead9", text="Crimes Act 1914"
[parser-unknown-class] "ItemHead", text="216  At the end of subsection 15GE(3)"
[parser-unknown-class] "ActHead6", text="Schedule 3—Transitional rules"
[parser-unknown-class] "Transitional", text="1  Transitional rules"
[parser-unknown-class] "Subitem", text="(1) The Minister administering the Australian Federal Police Act 1979, the Minister administering..."
[parser-unknown-class] "Subitem", text="(2) Subsection 12(2) (retrospective application of legislative instruments) of the Legislation Ac..."
[parser-unknown-class] "Subitem", text="(3) To avoid doubt, the rules may not do the following:"
[parser-unknown-class] "2ndRd", text="[Minister’s second reading speech made in—"
[parser-unknown-class] "2ndRd", text="House of Representatives on 20 January 2026"
[parser-unknown-class] "2ndRd", text="Senate on 20 January 2026]"
[parser-diag] processed 1521 <p> elements
[parser-diag] last section was added at element index: 1439
[parser-diag] state phase at end: BODY
[parser-diag] hierarchy stack depth at end: 3
[parser-diag] insideSchedule at end: false
[parse] sections: 55
[parse] compilation: date=(none) no=(none)
[parse] by level:
         section      41
         part         2
         division     9
         subdivision  3
[db] inserted new legislation row: 1def73e9-d8c6-46a4-832a-96e6a1b6c854
[db] inserting 55 sections (pass 1)
[db] inserted 55 sections
[db] linking parent FKs (pass 2)
[db] linked 46 parent references

[done] ingested Combatting Antisemitism, Hate and Extremism (Firearms and Customs Laws) Act 2026
       legislation_id: 1def73e9-d8c6-46a4-832a-96e6a1b6c854
       sections: 55
       compilation: 2026-01-21
