[fetch] document_1: https://www.legislation.gov.au/C2025A00019/2025-03-27/2025-03-27/text/original/epub/OEBPS/document_1/document_1.html
[fetch] document_1: 2,706,677 bytes
[fetch] document_2: https://www.legislation.gov.au/C2025A00019/2025-03-27/2025-03-27/text/original/epub/OEBPS/document_2/document_2.html
[fetch] document_2 not found — stopping. Fetched 1 document(s).
[fetch] combined 1 document(s), 2,706,677 source bytes → 2,699,586 combined bytes
[citation] Supply Act (No. 1) 2025-2026 (Cth)
[parse] starting
[parser-diag] total <p> elements found: 10734
[parser-unknown-class] "2ndRd", text=""
[parser-unknown-class] "2ndRd", text="[Minister’s second reading speech made in—"
[parser-unknown-class] "2ndRd", text="House of Representatives on 25 March 2025"
[parser-unknown-class] "2ndRd", text="Senate on 26 March 2025]"
[parser-diag] processed 10734 <p> elements
[parser-diag] last section was added at element index: 138
[parser-diag] state phase at end: BODY
[parser-diag] hierarchy stack depth at end: 1
[parser-diag] insideSchedule at end: true
[parse] sections: 18
[parse] compilation: date=(none) no=(none)
[parse] by level:
         part         4
         section      13
         schedule     1
[db] inserted new legislation row: e7176f83-9d10-4e59-b790-e9ac8f7e875b
[db] inserting 18 sections (pass 1)
[db] inserted 18 sections
[db] linking parent FKs (pass 2)
[db] linked 13 parent references

[done] ingested Supply Act (No. 1) 2025-2026
       legislation_id: e7176f83-9d10-4e59-b790-e9ac8f7e875b
       sections: 18
       compilation: 2025-03-27
