[fetch] document_1: https://www.legislation.gov.au/C2025A00067/2025-12-01/2025-12-01/text/original/epub/OEBPS/document_1/document_1.html
[fetch] document_1: 42,431 bytes
[fetch] document_2: https://www.legislation.gov.au/C2025A00067/2025-12-01/2025-12-01/text/original/epub/OEBPS/document_2/document_2.html
[fetch] document_2 not found — stopping. Fetched 1 document(s).
[fetch] combined 1 document(s), 42,431 source bytes → 39,725 combined bytes
[citation] Environment Protection and Biodiversity Conservation (Restoration Charge Imposition) Act 2025 (Cth)
[parse] starting
[parser-diag] total <p> elements found: 172
[parser-unknown-class] "2ndRd", text=""
[parser-unknown-class] "2ndRd", text="[Minister’s second reading speech made in—"
[parser-unknown-class] "2ndRd", text="House of Representatives on 30 October 2025"
[parser-unknown-class] "2ndRd", text="Senate on 24 November 2025]"
[parser-diag] processed 172 <p> elements
[parser-diag] last section was added at element index: 158
[parser-diag] state phase at end: BODY
[parser-diag] hierarchy stack depth at end: 2
[parser-diag] insideSchedule at end: false
[parse] sections: 21
[parse] compilation: date=(none) no=(none)
[parse] by level:
         part         3
         section      18
[db] inserted new legislation row: a6813cba-dd5e-4749-81ce-5dd3ee55512a
[db] inserting 21 sections (pass 1)
[db] inserted 21 sections
[db] linking parent FKs (pass 2)
[db] linked 18 parent references

[done] ingested Environment Protection and Biodiversity Conservation (Restoration Charge Imposition) Act 2025
       legislation_id: a6813cba-dd5e-4749-81ce-5dd3ee55512a
       sections: 21
       compilation: 2025-12-01
