[fetch] document_1: https://www.legislation.gov.au/C2023A00112/2023-12-08/2023-12-08/text/original/epub/OEBPS/document_1/document_1.html
[fetch] document_1: 65,541 bytes
[fetch] document_2: https://www.legislation.gov.au/C2023A00112/2023-12-08/2023-12-08/text/original/epub/OEBPS/document_2/document_2.html
[fetch] document_2 not found — stopping. Fetched 1 document(s).
[fetch] combined 1 document(s), 65,541 source bytes → 63,078 combined bytes
[citation] Economic Inclusion Advisory Committee Act 2023 (Cth)
[parse] starting
[parser-diag] total <p> elements found: 283
[parser-unknown-class] "2ndRd", text=""
[parser-unknown-class] "2ndRd", text="[Minister’s second reading speech made in—"
[parser-unknown-class] "2ndRd", text="House of Representatives on 19 October 2023"
[parser-unknown-class] "2ndRd", text="Senate on 4 December 2023]"
[parser-diag] processed 283 <p> elements
[parser-diag] last section was added at element index: 269
[parser-diag] state phase at end: BODY
[parser-diag] hierarchy stack depth at end: 2
[parser-diag] insideSchedule at end: false
[parse] sections: 37
[parse] compilation: date=(none) no=(none)
[parse] by level:
         part         3
         section      30
         division     4
[db] inserted new legislation row: 55513274-f6ef-4d56-984b-cfa0a8548899
[db] inserting 37 sections (pass 1)
[db] inserted 37 sections
[db] linking parent FKs (pass 2)
[db] linked 34 parent references

[done] ingested Economic Inclusion Advisory Committee Act 2023
       legislation_id: 55513274-f6ef-4d56-984b-cfa0a8548899
       sections: 37
       compilation: 2023-12-08
