[fetch] document_1: https://www.legislation.gov.au/C2023A00025/2023-06-23/2023-06-23/text/original/epub/OEBPS/document_1/document_1.html
[fetch] document_1: 35,062 bytes
[fetch] document_2: https://www.legislation.gov.au/C2023A00025/2023-06-23/2023-06-23/text/original/epub/OEBPS/document_2/document_2.html
[fetch] document_2 not found — stopping. Fetched 1 document(s).
[fetch] combined 1 document(s), 35,062 source bytes → 32,610 combined bytes
[citation] Creative Australia (Consequential and Transitional Provisions) Act 2023 (Cth)
[parse] starting
[parser-diag] total <p> elements found: 175
[parser-unknown-class] "ActHead6", text="Schedule 1—Repeals"
[parser-unknown-class] "ActHead9", text="Australia Council Act 2013"
[parser-unknown-class] "ItemHead", text="1  The whole of the Act"
[parser-unknown-class] "ActHead6", text="Schedule 2—Transitional provisions"
[parser-unknown-class] "ActHead7", text="Part 1—Preliminary"
[parser-unknown-class] "Transitional", text="1  Definitions"
[parser-unknown-class] "ActHead7", text="Part 2—Effect of transition to Creative Australia"
[parser-unknown-class] "Transitional", text="2  Object"
[parser-unknown-class] "Transitional", text="3  Appointment of CEO"
[parser-unknown-class] "Subitem", text="(1) This item applies to a person who was, immediately before the transition time, holding office..."
[parser-unknown-class] "Subitem", text="(2) The person is taken, after the transition time, to have been appointed under section 66 of th..."
[parser-unknown-class] "Subitem", text="(3) This item does not prevent those terms and conditions being varied after the transition time."
[parser-unknown-class] "Transitional", text="4  Employees of the Australia Council"
[parser-unknown-class] "Subitem", text="(1) A person who, immediately before the transition time, was employed by the Australia Council u..."
[parser-unknown-class] "Subitem", text="(2) The repeal of the old Act does not affect the continuity of employment of the person."
[parser-unknown-class] "Transitional", text="5  Consultants to the Australia Council"
[parser-unknown-class] "Subitem", text="A person who, immediately before the transition time, was engaged by the Australia Council as a c..."
[parser-unknown-class] "Transitional", text="6  Assets and liabilities of the Australia Council"
[parser-unknown-class] "Transitional", text="7  References in instruments to the Australia Council"
[parser-unknown-class] "Subitem", text="(1) This item applies to an instrument that:"
[parser-unknown-class] "Subitem", text="(2) The instrument has effect, after the transition time, as if the reference to the Australia Co..."
[parser-unknown-class] "Subitem", text="(3) This item does not prevent the instrument from being amended or repealed after the transition..."
[parser-unknown-class] "Subitem", text="(4) The rules may provide that subitem (2) does not apply in relation to a specified instrument o..."
[parser-unknown-class] "Transitional", text="8  Effect of things done by, or in relation to, the Australia Council"
[parser-unknown-class] "Subitem", text="(1) A thing done by, or in relation to, the Australia Council before the transition time has effe..."
[parser-unknown-class] "Subitem", text="(2) The rules may provide that subitem (1) does not apply in relation to a specified thing done b..."
[parser-unknown-class] "Transitional", text="9  Legal proceedings"
[parser-unknown-class] "ActHead7", text="Part 3—Appointments"
[parser-unknown-class] "Transitional", text="10  Cessation of appointments of old Board members"
[parser-unknown-class] "Subitem", text="(1) This item applies to a person (other than the Chief Executive Officer of the Australia Counci..."
[parser-unknown-class] "Subitem", text="(2) The person ceases to hold that office at the transition time."
[parser-unknown-class] "Subitem", text="(3) Nothing in this item prevents the person being appointed to an office under the new Act."
[parser-unknown-class] "Transitional", text="11  Committees cease to exist"
[parser-unknown-class] "Subitem", text="(1) This item applies in relation to a committee that:"
[parser-unknown-class] "Subitem", text="(2) The committee ceases to exist at the transition time."
[parser-unknown-class] "Transitional", text="12  Consultation for new appointments"
[parser-unknown-class] "SubitemHead", text="Appointment of new Board members"
[parser-unknown-class] "Subitem", text="(1) Subsection 22(2) of the new Act does not apply in relation to an appointment made under subse..."
[parser-unknown-class] "SubitemHead", text="Appointment of new Music Australia Council members"
[parser-unknown-class] "Subitem", text="(2) Subsection 40(2) of the new Act does not apply in relation to an appointment made under subse..."
[parser-unknown-class] "SubitemHead", text="Appointment of new Creative Workplaces Council members"
[parser-unknown-class] "Subitem", text="(3) Subsection 52(2) of the new Act does not apply in relation to an appointment made under subse..."
[parser-unknown-class] "ActHead7", text="Part 4—Reporting and finance"
[parser-unknown-class] "Transitional", text="13  Transfer of appropriated money"
[parser-unknown-class] "Transitional", text="14  Annual reports for financial year ended before transition time"
[parser-unknown-class] "Subitem", text="(1) This item applies if:"
[parser-unknown-class] "Subitem", text="(2) The new Board must, as soon as reasonably practicable after the transition time, prepare the ..."
[parser-unknown-class] "Transitional", text="15  Annual reports for financial year in which transition time occurs"
[parser-unknown-class] "Subitem", text="(1) This item applies:"
[parser-unknown-class] "Subitem", text="(2) The first annual report prepared by the new Board under section 77 of the new Act must cover ..."
[parser-unknown-class] "ActHead7", text="Part 5—Miscellaneous"
[parser-unknown-class] "Transitional", text="16  Compensation for acquisition of property"
[parser-unknown-class] "Subitem", text="(1) If the operation of this Act would result in an acquisition of property (within the meaning o..."
[parser-unknown-class] "Subitem", text="(2) If the Commonwealth and the person do not agree on the amount of the compensation, the person..."
[parser-unknown-class] "Transitional", text="17  Rules"
[parser-unknown-class] "Subitem", text="(1) The Minister may, by legislative instrument, make rules prescribing matters:"
[parser-unknown-class] "Subitem", text="(2) Without limiting subitem (1), the rules may prescribe matters of a transitional nature (inclu..."
[parser-unknown-class] "Subitem", text="(3) To avoid doubt, the rules may not do the following:"
[parser-unknown-class] "Subitem", text="(4) This Schedule (other than subitem (3)) does not limit the rules that may be made for the purp..."
[parser-unknown-class] "2ndRd", text=""
[parser-unknown-class] "2ndRd", text="[Minister’s second reading speech made in—"
[parser-unknown-class] "2ndRd", text="House of Representatives on 25 May 2023"
[parser-unknown-class] "2ndRd", text="Senate on 13 June 2023]"
[parser-diag] processed 175 <p> elements
[parser-diag] last section was added at element index: 60
[parser-diag] state phase at end: BODY
[parser-diag] hierarchy stack depth at end: 1
[parser-diag] insideSchedule at end: false
[parse] sections: 3
[parse] compilation: date=(none) no=(none)
[parse] by level:
         section      3
[db] inserted new legislation row: 19a8781c-82a2-4965-b1b4-47db0f90a5eb
[db] inserting 3 sections (pass 1)
[db] inserted 3 sections
[db] linking parent FKs (pass 2)
[db] linked 0 parent references

[done] ingested Creative Australia (Consequential and Transitional Provisions) Act 2023
       legislation_id: 19a8781c-82a2-4965-b1b4-47db0f90a5eb
       sections: 3
       compilation: 2023-06-23
