[fetch] document_1: https://www.legislation.gov.au/C2024A00039/2024-05-31/2024-05-31/text/original/epub/OEBPS/document_1/document_1.html
[fetch] document_1: 498,671 bytes
[fetch] document_2: https://www.legislation.gov.au/C2024A00039/2024-05-31/2024-05-31/text/original/epub/OEBPS/document_2/document_2.html
[fetch] document_2 not found — stopping. Fetched 1 document(s).
[fetch] combined 1 document(s), 498,671 source bytes → 495,691 combined bytes
[citation] Administrative Review Tribunal (Consequential and Transitional Provisions No. 2) Act 2024 (Cth)
[parse] starting
[parser-diag] total <p> elements found: 3009
[parser-unknown-class] "ActHead6", text="Schedule 1—Agriculture, Fisheries and Forestry"
[parser-unknown-class] "ActHead9", text="Export Control Act 2020"
[parser-unknown-class] "ItemHead", text="1  Section 4"
[parser-unknown-class] "ItemHead", text="2  Section 380"
[parser-unknown-class] "ItemHead", text="3  Paragraph 383(6)(c)"
[parser-unknown-class] "ItemHead", text="4  Subsection 383(7)"
[parser-unknown-class] "ItemHead", text="5  Section 385 (heading)"
[parser-unknown-class] "ItemHead", text="6  Subsection 385(1)"
[parser-unknown-class] "ItemHead", text="7  Subsection 385(3)"
[parser-unknown-class] "ItemHead", text="8  Subsection 385(3) (note)"
[parser-unknown-class] "ItemHead", text="9  Subsection 386(3)"
[parser-unknown-class] "ItemHead", text="10  Subsection 386(3) (note)"
[parser-unknown-class] "ActHead9", text="Fisheries Management Act 1991"
[parser-unknown-class] "ItemHead", text="11  Subsection 19(5)"
[parser-unknown-class] "ItemHead", text="12  Subsections 50(2) and 57B(5)"
[parser-unknown-class] "ItemHead", text="13  Subsections 57H(4) and 157(1) and (2)"
[parser-unknown-class] "ItemHead", text="14  Section 165 (heading)"
[parser-unknown-class] "ItemHead", text="15  Subsection 165(1) (definition of decision)"
[parser-unknown-class] "ItemHead", text="16  Subsection 165(7)"
[parser-unknown-class] "ItemHead", text="17  Subsections 165(8) to (10)"
[parser-unknown-class] "ItemHead", text="18  Paragraph 165(11)(b)"
[parser-unknown-class] "ItemHead", text="19  Paragraph 165(11)(b)"
[parser-unknown-class] "ItemHead", text="20  Subsection 165(12)"
[parser-unknown-class] "ItemHead", text="21  Subsection 165(12)"
[parser-unknown-class] "ActHead9", text="Horticulture Marketing and Research and Development Services Act 2000"
[parser-unknown-class] "ItemHead", text="22  Subsection 35(1)"
[parser-unknown-class] "ItemHead", text="23  Subsection 35(5)"
[parser-unknown-class] "ActHead9", text="Illegal Logging Prohibition Act 2012"
[parser-unknown-class] "ItemHead", text="24  Paragraph 86(2)(d)"
[parser-unknown-class] "ActHead9", text="Imported Food Charges (Collection) Act 2015"
[parser-unknown-class] "ItemHead", text="25  Paragraph 17(6)(c)"
[parser-unknown-class] "ItemHead", text="26  Section 19 (heading)"
[parser-unknown-class] "ItemHead", text="27  Subsection 19(1)"
[parser-unknown-class] "ItemHead", text="28  Subsection 19(1)"
[parser-unknown-class] "ItemHead", text="29  Subsections 19(2) and (3)"
[parser-unknown-class] "ActHead9", text="Imported Food Control Act 1992"
[parser-unknown-class] "ItemHead", text="30  Subsection 42(1) (definition of decision)"
[parser-unknown-class] "ItemHead", text="31  Subsection 42(3)"
[parser-unknown-class] "ItemHead", text="32  Paragraph 42(8)(b)"
[parser-unknown-class] "ItemHead", text="33  Paragraph 42(8)(b)"
[parser-unknown-class] "ItemHead", text="34  Subparagraph 42(9)(b)(i)"
[parser-unknown-class] "ItemHead", text="35  Subparagraph 42(9)(b)(ii)"
[parser-unknown-class] "ItemHead", text="36  Subsection 42(11)"
[parser-unknown-class] "ActHead9", text="Primary Industries Levies and Charges Collection Act 1991"
[parser-unknown-class] "ItemHead", text="37  Subsection 28(5)"
[parser-unknown-class] "ItemHead", text="38  Paragraph 28(6)(b)"
[parser-unknown-class] "ItemHead", text="39  Paragraph 28(6)(b)"
[parser-unknown-class] "ItemHead", text="40  Subsection 28(7)"
[parser-unknown-class] "ItemHead", text="41  Subsection 28(7)"
[parser-unknown-class] "ItemHead", text="42  Subsection 31(6)"
[parser-unknown-class] "ActHead9", text="Wine Australia Act 2013"
[parser-unknown-class] "ItemHead", text="43  Paragraph 8(2C)(a)"
[parser-unknown-class] "ItemHead", text="44  Paragraph 8(2C)(a)"
[parser-unknown-class] "ItemHead", text="45  Paragraph 8(2C)(b)"
[parser-unknown-class] "ItemHead", text="46  Subsection 8(2E)"
[parser-unknown-class] "ItemHead", text="47  Subsection 8(2F)"
[parser-unknown-class] "ItemHead", text="48  Paragraph 8(2G)(a)"
[parser-unknown-class] "ItemHead", text="49  Paragraph 40X(2)(a)"
[parser-unknown-class] "ItemHead", text="50  Paragraph 40X(2)(a)"
[parser-unknown-class] "ItemHead", text="51  Paragraph 40X(2)(b)"
[parser-unknown-class] "ItemHead", text="52  Paragraph 40X(2)(c)"
[parser-unknown-class] "ItemHead", text="53  Subsection 40Y(1)"
[parser-unknown-class] "ItemHead", text="54  Subsection 40Y(2)"
[parser-unknown-class] "ItemHead", text="55  Paragraph 40Z(1)(a)"
[parser-unknown-class] "ItemHead", text="56  Section 40ZAH (heading)"
[parser-unknown-class] "ItemHead", text="57  Subsection 40ZAH(1)"
[parser-unknown-class] "ItemHead", text="58  Subsections 40ZAH(2) and (3)"
[parser-unknown-class] "ItemHead", text="59  Paragraphs 40ZAI(1)(a), 40ZAQ(2)(d) and 40ZAT(2)(d)"
[parser-unknown-class] "ActHead6", text="Schedule 2—Attorney‑General"
[parser-unknown-class] "ActHead9", text="Administrative Decisions (Judicial Review) Act 1977"
[parser-unknown-class] "ItemHead", text="1  Paragraph 13(11)(a)"
[parser-unknown-class] "ItemHead", text="2  Paragraph (y) of Schedule 1"
[parser-unknown-class] "ItemHead", text="3  Paragraph (yaa) of Schedule 1"
[parser-unknown-class] "ActHead9", text="Age Discrimination Act 2004"
[parser-unknown-class] "ItemHead", text="4  Section 45 (heading)"
[parser-unknown-class] "ItemHead", text="5  Section 45"
[parser-unknown-class] "ItemHead", text="6  Paragraph 46(1)(d)"
[parser-unknown-class] "ItemHead", text="7  Schedule 1 (table item 6, column headed “Law”)"
[parser-unknown-class] "ActHead9", text="Australian Information Commissioner Act 2010"
[parser-unknown-class] "ItemHead", text="8  Paragraph 31(1)(g)"
[parser-unknown-class] "ActHead9", text="Bankruptcy Act 1966"
[parser-unknown-class] "ItemHead", text="9  Subsections 55(3AC) and 57(3AC)"
[parser-unknown-class] "ItemHead", text="10  Subsections 128H(7) and (8)"
[parser-unknown-class] "ItemHead", text="11  Subsections 139ZE(3) and (4)"
[parser-unknown-class] "ItemHead", text="12  Section 139ZF"
[parser-unknown-class] "ItemHead", text="13  Paragraph 139ZG(2)(c)"
[parser-unknown-class] "ItemHead", text="14  Subsection 139ZIS(3) (heading)"
[parser-unknown-class] "ItemHead", text="15  Subsections 139ZIS(3) and (4)"
[parser-unknown-class] "ItemHead", text="16  Section 139ZIT (heading)"
[parser-unknown-class] "ItemHead", text="17  Section 139ZIT"
[parser-unknown-class] "ItemHead", text="18  Paragraph 149N(2)(a)"
[parser-unknown-class] "ItemHead", text="19  Subsections 149P(3) and (4)"
[parser-unknown-class] "ItemHead", text="20  Section 149Q"
[parser-unknown-class] "ItemHead", text="21  Subsections 185E(4), 185ED(4) and 185M(2C)"
[parser-unknown-class] "ItemHead", text="22  Subsections 185MD(4) and 185PD(4)"
[parser-unknown-class] "ItemHead", text="23  Subsections 186C(8) and (11)"
[parser-unknown-class] "ItemHead", text="24  Subsection 186C(12) (definition of decision)"
[parser-unknown-class] "ItemHead", text="25  Subsection 186H(6)"
[parser-unknown-class] "ItemHead", text="26  Subsection 186H(7) (definition of decision)"
[parser-unknown-class] "ItemHead", text="27  Subsections 186K(8), 186L(8) and 186LB(9)"
[parser-unknown-class] "ItemHead", text="28  Paragraph 282(2)(d)"
[parser-unknown-class] "ItemHead", text="29  Subsection 282(2) (note)"
[parser-unknown-class] "ItemHead", text="30  Paragraph 283(2)(d)"
[parser-unknown-class] "ItemHead", text="31  Subsection 283(2) (note)"
[parser-unknown-class] "ItemHead", text="32  Paragraph 305(1)(aa)"
[parser-unknown-class] "ItemHead", text="33  Section 20‑1 of Schedule 2 (paragraph beginning “A decision of a committee”)"
[parser-unknown-class] "ItemHead", text="34  Section 40‑1 of Schedule 2 (paragraph beginning “A decision about the suspension”)"
[parser-unknown-class] "ItemHead", text="35  Section 96‑1 of Schedule 2 (heading)"
[parser-unknown-class] "ItemHead", text="36  Section 96‑1 of Schedule 2"
[parser-unknown-class] "ActHead9", text="Civil Dispute Resolution Act 2011"
[parser-unknown-class] "ItemHead", text="37  Subparagraph 15(c)(i)"
[parser-unknown-class] "ActHead9", text="Court Security Act 2013"
[parser-unknown-class] "ItemHead", text="38  Section 5 (table item 8)"
[parser-unknown-class] "ItemHead", text="39  Section 5 (paragraph (c) of the definition of court)"
[parser-unknown-class] "ItemHead", text="40  Section 5 (paragraph (d) of the definition of member)"
[parser-unknown-class] "ItemHead", text="41  Section 51 (table item 7)"
[parser-unknown-class] "ActHead9", text="Crimes Act 1914"
[parser-unknown-class] "ItemHead", text="42  Section 3UA (definition of nominated AAT member)"
[parser-unknown-class] "ItemHead", text="43  Section 3UA"
[parser-unknown-class] "ItemHead", text="44  Paragraph 3UJC(1)(b)"
[parser-unknown-class] "ItemHead", text="45  Subsection 3UJC(3) (note)"
[parser-unknown-class] "ItemHead", text="46  Section 3UJE (heading)"
[parser-unknown-class] "ItemHead", text="47  Subsection 3UJE(1)"
[parser-unknown-class] "ItemHead", text="48  Paragraph 3UJE(1)(b)"
[parser-unknown-class] "ItemHead", text="49  Subsection 3UJE(2)"
[parser-unknown-class] "ItemHead", text="50  Paragraphs 3UJE(3)(a) and (b)"
[parser-unknown-class] "ItemHead", text="51  Section 3ZZAC (definition of nominated AAT member)"
[parser-unknown-class] "ItemHead", text="52  Section 3ZZAC"
[parser-unknown-class] "ItemHead", text="53  Paragraph 3ZZAD(1)(b)"
[parser-unknown-class] "ItemHead", text="54  Subsection 3ZZAD(3) (note)"
[parser-unknown-class] "ItemHead", text="55  Section 3ZZAF (heading)"
[parser-unknown-class] "ItemHead", text="56  Subsection 3ZZAF(1)"
[parser-unknown-class] "ItemHead", text="57  Paragraph 3ZZAF(1)(b)"
[parser-unknown-class] "ItemHead", text="58  Subsection 3ZZAF(2)"
[parser-unknown-class] "ItemHead", text="59  Paragraphs 3ZZAF(3)(a) and (b)"
[parser-unknown-class] "ItemHead", text="60  Subsection 3ZZBD(3)"
[parser-unknown-class] "ItemHead", text="61  Section 15GG (heading)"
[parser-unknown-class] "ItemHead", text="62  Subsection 15GG(1)"
[parser-unknown-class] "ItemHead", text="63  Paragraphs 15GG(1)(b) and (c)"
[parser-unknown-class] "ItemHead", text="64  Subsection 15GG(2)"
[parser-unknown-class] "ItemHead", text="65  Subsection 15GG(2)"
[parser-unknown-class] "ItemHead", text="66  Paragraph 15GG(3)(b)"
[parser-unknown-class] "ActHead9", text="Federal Proceedings (Costs) Act 1981"
[parser-unknown-class] "ItemHead", text="67  Title"
[parser-unknown-class] "ItemHead", text="68  Subsection 3(1) (paragraph (g) of the definition of Federal appeal)"
[parser-unknown-class] "ItemHead", text="69  Subsection 3(1) (subparagraph (ga)(i) of the definition of Federal appeal)"
[parser-unknown-class] "ItemHead", text="70  Section 10A (heading)"
[parser-unknown-class] "ItemHead", text="71  Subsection 10A(1)"
[parser-unknown-class] "ItemHead", text="72  Subsection 18(2A)"
[parser-unknown-class] "ItemHead", text="73  Schedule (table item dealing with the Administrative Appeals Tribunal)"
[parser-unknown-class] "ActHead9", text="Foreign Influence Transparency Scheme Act 2018"
[parser-unknown-class] "ItemHead", text="74  Section 14H"
[parser-unknown-class] "ItemHead", text="75  Subsection 14J(2)"
[parser-unknown-class] "ItemHead", text="76  Subparagraph 43(2A)(a)(i)"
[parser-unknown-class] "ItemHead", text="77  Paragraph 43(2A)(b)"
[parser-unknown-class] "ActHead9", text="Inspector‑General of Intelligence and Security Act 1986"
[parser-unknown-class] "ItemHead", text="78  Subparagraph 8(1)(c)(ii)"
[parser-unknown-class] "ItemHead", text="79  Paragraph 9AA(c)"
[parser-unknown-class] "ActHead9", text="Inspector of Transport Security Act 2006"
[parser-unknown-class] "ItemHead", text="80  Section 3 (definition of nominated AAT member)"
[parser-unknown-class] "ItemHead", text="81  Section 3"
[parser-unknown-class] "ItemHead", text="82  Subsection 77(1)"
[parser-unknown-class] "ItemHead", text="83  Paragraph 77(5)(a)"
[parser-unknown-class] "ItemHead", text="84  Subparagraphs 77(5)(a)(i) and (ii)"
[parser-unknown-class] "ItemHead", text="85  Paragraphs 77(5)(b) and (c)"
[parser-unknown-class] "ItemHead", text="86  Subsection 77(6)"
[parser-unknown-class] "ItemHead", text="87  Paragraph 77(6)(a)"
[parser-unknown-class] "ItemHead", text="88  Subsections 77(8) and (9)"
[parser-unknown-class] "ItemHead", text="89  Subsection 77(10)"
[parser-unknown-class] "ItemHead", text="90  Subsection 77(11)"
[parser-unknown-class] "ItemHead", text="91  Section 79 (heading)"
[parser-unknown-class] "ItemHead", text="92  Subsection 79(1)"
[parser-unknown-class] "ItemHead", text="93  Paragraph 79(1)(c)"
[parser-unknown-class] "ItemHead", text="94  Paragraph 79(3)(a)"
[parser-unknown-class] "ItemHead", text="95  Subsection 79(4)"
[parser-unknown-class] "ActHead9", text="National Anti‑Corruption Commission Act 2022"
[parser-unknown-class] "ItemHead", text="96  Subsection 12(2) (table item 7)"
[parser-unknown-class] "ActHead9", text="Privacy Act 1988"
[parser-unknown-class] "ItemHead", text="97  Paragraph 62(5)(b)"
[parser-unknown-class] "ItemHead", text="98  Section 96 (heading)"
[parser-unknown-class] "ItemHead", text="99  Subsection 96(1)"
[parser-unknown-class] "ActHead9", text="Proceeds of Crime Act 2002"
[parser-unknown-class] "ItemHead", text="100  Before paragraph 183(5)(a)"
[parser-unknown-class] "ActHead9", text="Public Interest Disclosure Act 2013"
[parser-unknown-class] "ItemHead", text="101  Section 8 (paragraph (h) of the definition of designated publication restriction)"
[parser-unknown-class] "ItemHead", text="102  Paragraph 73(2)(e)"
[parser-unknown-class] "ActHead9", text="Surveillance Devices Act 2004"
[parser-unknown-class] "ItemHead", text="103  Subsection 6(1) (definition of nominated AAT member)"
[parser-unknown-class] "ItemHead", text="104  Subsection 6(1)"
[parser-unknown-class] "ItemHead", text="105  Section 11"
[parser-unknown-class] "ItemHead", text="106  Section 13 (heading)"
[parser-unknown-class] "ItemHead", text="107  Subsection 13(1)"
[parser-unknown-class] "ItemHead", text="108  Paragraphs 13(1)(b) and (c)"
[parser-unknown-class] "ItemHead", text="109  Subsection 13(2)"
[parser-unknown-class] "ItemHead", text="110  Paragraphs 13(3)(a) and (b)"
[parser-unknown-class] "ItemHead", text="111  Subsection 13(4)"
[parser-unknown-class] "ItemHead", text="112  Subsection 14(4)"
[parser-unknown-class] "ItemHead", text="113  Paragraph 14(7)(a)"
[parser-unknown-class] "ItemHead", text="114  Subsection 15(2)"
[parser-unknown-class] "ItemHead", text="115  Section 16"
[parser-unknown-class] "ItemHead", text="116  Paragraph 17(1)(a)"
[parser-unknown-class] "ItemHead", text="117  Subsection 19(2)"
[parser-unknown-class] "ItemHead", text="118  Section 20"
[parser-unknown-class] "ItemHead", text="119  Subsection 21(4)"
[parser-unknown-class] "ItemHead", text="120  Section 22"
[parser-unknown-class] "ItemHead", text="121  Subsection 23(2)"
[parser-unknown-class] "ItemHead", text="122  Section 24"
[parser-unknown-class] "ItemHead", text="123  Paragraph 25(1)(a)"
[parser-unknown-class] "ItemHead", text="124  Sections 27 and 27A"
[parser-unknown-class] "ItemHead", text="125  Subsection 27B(2)"
[parser-unknown-class] "ItemHead", text="126  Section 27C"
[parser-unknown-class] "ItemHead", text="127  Paragraph 27D(1)(a)"
[parser-unknown-class] "ItemHead", text="128  Subsection 27E(2)"
[parser-unknown-class] "ItemHead", text="129  Section 27F"
[parser-unknown-class] "ItemHead", text="130  Section 27G"
[parser-unknown-class] "ItemHead", text="131  Subsection 27H(8)"
[parser-unknown-class] "ItemHead", text="132  Section 27KA"
[parser-unknown-class] "ItemHead", text="133  Subsection 27KB(2)"
[parser-unknown-class] "ItemHead", text="134  Section 27KC"
[parser-unknown-class] "ItemHead", text="135  Paragraph 27KD(1)(a)"
[parser-unknown-class] "ItemHead", text="136  Subsection 27KE(2)"
[parser-unknown-class] "ItemHead", text="137  Section 27KF"
[parser-unknown-class] "ItemHead", text="138  Section 27KG"
[parser-unknown-class] "ItemHead", text="139  Subsection 27KH(3)"
[parser-unknown-class] "ItemHead", text="140  Section 27KK"
[parser-unknown-class] "ItemHead", text="141  Subsection 27KL(2)"
[parser-unknown-class] "ItemHead", text="142  Section 27KM"
[parser-unknown-class] "ItemHead", text="143  Paragraph 27KN(1)(a)"
[parser-unknown-class] "ItemHead", text="144  Subsection 27KP(2)"
[parser-unknown-class] "ItemHead", text="145  Section 27KQ"
[parser-unknown-class] "ItemHead", text="146  Section 27KR"
[parser-unknown-class] "ItemHead", text="147  Paragraph 27KS(3)(b)"
[parser-unknown-class] "ItemHead", text="148  Section 33"
[parser-unknown-class] "ItemHead", text="149  Section 34"
[parser-unknown-class] "ItemHead", text="150  Section 35 (heading)"
[parser-unknown-class] "ItemHead", text="151  Section 35"
[parser-unknown-class] "ItemHead", text="152  Section 35A (heading)"
[parser-unknown-class] "ItemHead", text="153  Section 35A"
[parser-unknown-class] "ItemHead", text="154  Section 35B (heading)"
[parser-unknown-class] "ItemHead", text="155  Section 35B"
[parser-unknown-class] "ItemHead", text="156  Section 42"
[parser-unknown-class] "ItemHead", text="157  Section 43A"
[parser-unknown-class] "ItemHead", text="158  Section 43C"
[parser-unknown-class] "ItemHead", text="159  Subsection 43E(1)"
[parser-unknown-class] "ItemHead", text="160  Paragraph 44(2)(a)"
[parser-unknown-class] "ItemHead", text="161  Paragraph 53(2)(b)"
[parser-unknown-class] "ItemHead", text="162  Section 64A"
[parser-unknown-class] "ItemHead", text="163  Section 64B"
[parser-unknown-class] "ActHead9", text="Telecommunications (Interception and Access) Act 1979"
[parser-unknown-class] "ItemHead", text="164  Subsection 5(1) (definition of nominated AAT member)"
[parser-unknown-class] "ItemHead", text="165  Subsection 5(1)"
[parser-unknown-class] "ItemHead", text="166  Section 6DA (heading)"
[parser-unknown-class] "ItemHead", text="167  Subsection 6DA(1)"
[parser-unknown-class] "ItemHead", text="168  Paragraph 6DA(1)(b)"
[parser-unknown-class] "ItemHead", text="169  Paragraph 6DA(1)(c)"
[parser-unknown-class] "ItemHead", text="170  Subsection 6DA(2)"
[parser-unknown-class] "ItemHead", text="171  Paragraph 6DA(3)(a)"
[parser-unknown-class] "ItemHead", text="172  Subsection 6DA(4)"
[parser-unknown-class] "ItemHead", text="173  Subparagraph 6DB(1)(b)(i)"
[parser-unknown-class] "ItemHead", text="174  Subparagraph 6DC(1)(b)(i)"
[parser-unknown-class] "ItemHead", text="175  Section 6H"
[parser-unknown-class] "ItemHead", text="176  Subsection 7(7)"
[parser-unknown-class] "ItemHead", text="177  Paragraph 39(1)(b)"
[parser-unknown-class] "ItemHead", text="178  Sections 43, 44, 44A, 45, 46, 46A, 48, 49, 50 and 51"
[parser-unknown-class] "ItemHead", text="179  Section 52 (heading)"
[parser-unknown-class] "ItemHead", text="180  Subsection 52(1)"
[parser-unknown-class] "ItemHead", text="181  Sections 81A, 81C, 94A and 103"
[parser-unknown-class] "ItemHead", text="182  Section 103A"
[parser-unknown-class] "ItemHead", text="183  Clause 2 of Schedule 1 (definition of nominated AAT member)"
[parser-unknown-class] "ItemHead", text="184  Clause 2 of Schedule 1 (definition of nominated AAT Security Division member)"
[parser-unknown-class] "ItemHead", text="185  Clause 2 of Schedule 1"
[parser-unknown-class] "ItemHead", text="186  Clause 2 of Schedule 1"
[parser-unknown-class] "ItemHead", text="187  Clause 15 of Schedule 1 (heading)"
[parser-unknown-class] "ItemHead", text="188  Subclause 15(1) of Schedule 1"
[parser-unknown-class] "ItemHead", text="189  Paragraph 15(1)(b) of Schedule 1"
[parser-unknown-class] "ItemHead", text="190  Paragraph 15(1)(c) of Schedule 1"
[parser-unknown-class] "ItemHead", text="191  Subclause 15(2) of Schedule 1"
[parser-unknown-class] "ItemHead", text="192  Subclauses 15(3) and (4) of Schedule 1"
[parser-unknown-class] "ItemHead", text="193  Subparagraph 16(1)(b)(i) of Schedule 1"
[parser-unknown-class] "ItemHead", text="194  Clause 17 of Schedule 1 (heading)"
[parser-unknown-class] "ItemHead", text="195  Paragraph 17(1)(a) of Schedule 1"
[parser-unknown-class] "ItemHead", text="196  Subparagraph 17(1)(a)(ii) of Schedule 1"
[parser-unknown-class] "ItemHead", text="197  Subparagraph 17(1)(a)(iii) of Schedule 1"
[parser-unknown-class] "ItemHead", text="198  Paragraph 17(1)(b)"
[parser-unknown-class] "ItemHead", text="199  Subclause 17(2) of Schedule 1"
[parser-unknown-class] "ItemHead", text="200  Paragraph 17(3)(b) of Schedule 1"
[parser-unknown-class] "ItemHead", text="201  Subclauses 17(3A) and (3B) of Schedule 1"
[parser-unknown-class] "ItemHead", text="202  Subclause 17(4) of Schedule 1"
[parser-unknown-class] "ItemHead", text="203  Subclause 17(5) of Schedule 1"
[parser-unknown-class] "ItemHead", text="204  Paragraph 22(1A)(b) of Schedule 1"
[parser-unknown-class] "ItemHead", text="205  Clause 26 of Schedule 1"
[parser-unknown-class] "ItemHead", text="206  Clause 27 of Schedule 1 (heading)"
[parser-unknown-class] "ItemHead", text="207  Clauses 27, 28 and 29 of Schedule 1"
[parser-unknown-class] "ItemHead", text="208  Subclauses 30(1) and (2) of Schedule 1"
[parser-unknown-class] "ItemHead", text="209  Subclause 30(5) of Schedule 1 (heading)"
[parser-unknown-class] "ItemHead", text="210  Subclauses 30(5), (6) and (7) of Schedule 1"
[parser-unknown-class] "ItemHead", text="211  Clause 31 of Schedule 1"
[parser-unknown-class] "ItemHead", text="212  Paragraph 52(1A)(b) of Schedule 1"
[parser-unknown-class] "ItemHead", text="213  Clause 56 of Schedule 1"
[parser-unknown-class] "ItemHead", text="214  Clause 57 of Schedule 1 (heading)"
[parser-unknown-class] "ItemHead", text="215  Clauses 57, 58 and 59 of Schedule 1"
[parser-unknown-class] "ItemHead", text="216  Subclauses 60(1) and (2) of Schedule 1"
[parser-unknown-class] "ItemHead", text="217  Subclause 60(5) of Schedule 1 (heading)"
[parser-unknown-class] "ItemHead", text="218  Subclauses 60(5), (6), (7) and (8) of Schedule 1"
[parser-unknown-class] "ItemHead", text="219  Subclause 61(2) of Schedule 1"
[parser-unknown-class] "ItemHead", text="220  Subclause 83(1) of Schedule 1"
[parser-unknown-class] "ItemHead", text="221  Clause 87 of Schedule 1"
[parser-unknown-class] "ItemHead", text="222  Clause 88 of Schedule 1 (heading)"
[parser-unknown-class] "ItemHead", text="223  Clause 88 of Schedule 1"
[parser-unknown-class] "ItemHead", text="224  Subclauses 89(1) and (2) of Schedule 1"
[parser-unknown-class] "ItemHead", text="225  Subclause 89(5) of Schedule 1 (heading)"
[parser-unknown-class] "ItemHead", text="226  Subclauses 89(5), (6) and (7) of Schedule 1"
[parser-unknown-class] "ItemHead", text="227  Subclause 90(2) of Schedule 1"
[parser-unknown-class] "ItemHead", text="228  Subclause 92(1) of Schedule 1"
[parser-unknown-class] "ItemHead", text="229  Clause 96 of Schedule 1"
[parser-unknown-class] "ItemHead", text="230  Clause 97 of Schedule 1 (heading)"
[parser-unknown-class] "ItemHead", text="231  Clause 97 of Schedule 1"
[parser-unknown-class] "ItemHead", text="232  Subclauses 98(1) and (2) of Schedule 1"
[parser-unknown-class] "ItemHead", text="233  Subclause 98(3) of Schedule 1 (heading)"
[parser-unknown-class] "ItemHead", text="234  Subclause 98(3) of Schedule 1"
[parser-unknown-class] "ItemHead", text="235  Clauses 99, 101 and 105 of Schedule 1"
[parser-unknown-class] "ItemHead", text="236  Clause 106 of Schedule 1 (heading)"
[parser-unknown-class] "ItemHead", text="237  Clause 106 of Schedule 1"
[parser-unknown-class] "ItemHead", text="238  Subclauses 107(1) and (2) of Schedule 1"
[parser-unknown-class] "ItemHead", text="239  Subclause 107(5) of Schedule 1 (heading)"
[parser-unknown-class] "ItemHead", text="240  Subclause 107(5) of Schedule 1"
[parser-unknown-class] "ItemHead", text="241  Subclause 108(2) of Schedule 1"
[parser-unknown-class] "ItemHead", text="242  Clause 173 of Schedule 1 (heading)"
[parser-unknown-class] "ItemHead", text="243  Clause 173 of Schedule 1"
[parser-unknown-class] "ActHead6", text="Schedule 3—Climate Change, Energy, the Environment and Water"
[parser-unknown-class] "ActHead9", text="Antarctic Treaty (Environment Protection) Act 1980"
[parser-unknown-class] "ItemHead", text="1  Subsections 28(1) and (1A)"
[parser-unknown-class] "ItemHead", text="2  Subsection 28(1A)"
[parser-unknown-class] "ItemHead", text="3  Subsection 28(2)"
[parser-unknown-class] "ActHead9", text="Carbon Credits (Carbon Farming Initiative) Act 2011"
[parser-unknown-class] "ItemHead", text="4  Subsection 164(3)"
[parser-unknown-class] "ItemHead", text="5  Section 239"
[parser-unknown-class] "ItemHead", text="6  Section 244 (heading)"
[parser-unknown-class] "ItemHead", text="7  Subsections 244(1) and (2)"
[parser-unknown-class] "ItemHead", text="8  Paragraphs 245(1)(e) and 2(b)"
[parser-unknown-class] "ActHead9", text="Environment Protection and Biodiversity Conservation Act 1999"
[parser-unknown-class] "ItemHead", text="9  Subsections 206A(1), 221A(1), 243A(1), 263A(1) and 303GJ(1)"
[parser-unknown-class] "ItemHead", text="10  Paragraph 472(2)(a)"
[parser-unknown-class] "ItemHead", text="11  Paragraph 472(2)(b)"
[parser-unknown-class] "ItemHead", text="12  Section 473 (heading)"
[parser-unknown-class] "ItemHead", text="13  Subsection 473(1)"
[parser-unknown-class] "ItemHead", text="14  Subsection 473(2)"
[parser-unknown-class] "ActHead9", text="Fuel Quality Standards Act 2000"
[parser-unknown-class] "ItemHead", text="15  Subsection 35(4)"
[parser-unknown-class] "ItemHead", text="16  Subsections 70(1) and (2)"
[parser-unknown-class] "ItemHead", text="17  Subsection 70(2)"
[parser-unknown-class] "ActHead9", text="Great Barrier Reef Marine Park Act 1975"
[parser-unknown-class] "ItemHead", text="18  Subsection 3(1) (definition of AAT)"
[parser-unknown-class] "ItemHead", text="19  Subsection 3(1)"
[parser-unknown-class] "ItemHead", text="20  Section 39M (heading)"
[parser-unknown-class] "ItemHead", text="21  Subsection 39M(1)"
[parser-unknown-class] "ItemHead", text="22  Subsection 39M(2)"
[parser-unknown-class] "ItemHead", text="23  Subsection 39M(3)"
[parser-unknown-class] "ItemHead", text="24  Paragraph 39N(1)(b)"
[parser-unknown-class] "ItemHead", text="25  Subsection 39N(2)"
[parser-unknown-class] "ItemHead", text="26  Section 59G (heading)"
[parser-unknown-class] "ItemHead", text="27  Subsection 59G(1) (definition of decision)"
[parser-unknown-class] "ItemHead", text="28  Subsection 59G(2)"
[parser-unknown-class] "ItemHead", text="29  Paragraph 59G(3)(b)"
[parser-unknown-class] "ItemHead", text="30  Subsection 64(6) (definition of decision)"
[parser-unknown-class] "ItemHead", text="31  Section 64A (heading)"
[parser-unknown-class] "ItemHead", text="32  Section 64A"
[parser-unknown-class] "ActHead9", text="Industrial Chemicals Environmental Management (Register) Act 2021"
[parser-unknown-class] "ItemHead", text="33  Subsection 47(7) (note)"
[parser-unknown-class] "ItemHead", text="34  Section 48 (heading)"
[parser-unknown-class] "ItemHead", text="35  Section 48"
[parser-unknown-class] "ActHead9", text="National Greenhouse and Energy Reporting Act 2007"
[parser-unknown-class] "ItemHead", text="36  Subsection 22XNG(2)"
[parser-unknown-class] "ItemHead", text="37  Paragraph 22XNN(1)(e)"
[parser-unknown-class] "ItemHead", text="38  Subsection 22XNN(2)"
[parser-unknown-class] "ItemHead", text="39  Section 56 (heading)"
[parser-unknown-class] "ItemHead", text="40  Section 56"
[parser-unknown-class] "ActHead9", text="Nature Repair Act 2023"
[parser-unknown-class] "ItemHead", text="41  Section 4 (paragraph beginning “This Act also contains”)"
[parser-unknown-class] "ItemHead", text="42  Subsection 176(3)"
[parser-unknown-class] "ItemHead", text="43  Section 211"
[parser-unknown-class] "ItemHead", text="44  Subsection 213(2) (note)"
[parser-unknown-class] "ItemHead", text="45  Section 217 (heading)"
[parser-unknown-class] "ItemHead", text="46  Subsections 217(1) and (2)"
[parser-unknown-class] "ItemHead", text="47  Subsection 217(2) (note)"
[parser-unknown-class] "ActHead9", text="Renewable Energy (Electricity) Act 2000"
[parser-unknown-class] "ItemHead", text="48  Subsection 57(6)"
[parser-unknown-class] "ItemHead", text="49  Paragraph 60(a)"
[parser-unknown-class] "ItemHead", text="50  Section 60 (note)"
[parser-unknown-class] "ItemHead", text="51  Section 61"
[parser-unknown-class] "ItemHead", text="52  Subsection 66(3) (note)"
[parser-unknown-class] "ItemHead", text="53  Subsection 66(5)"
[parser-unknown-class] "ActHead9", text="Water Efficiency Labelling and Standards Act 2005"
[parser-unknown-class] "ItemHead", text="54  Subsection 17(1)"
[parser-unknown-class] "ItemHead", text="55  Paragraph 17(2)(a)"
[parser-unknown-class] "ItemHead", text="56  Subsection 17(3)"
[parser-unknown-class] "ItemHead", text="57  Section 72 (heading)"
[parser-unknown-class] "ItemHead", text="58  Subsection 72(1)"
[parser-unknown-class] "ItemHead", text="59  Subsection 72(3)"
[parser-unknown-class] "ActHead6", text="Schedule 4—Defence"
[parser-unknown-class] "ActHead9", text="Defence Act 1903"
[parser-unknown-class] "ItemHead", text="1  Subsection 4(1) (definition of AAT)"
[parser-unknown-class] "ItemHead", text="2  Subsection 4(1) (definition of AAT Act)"
[parser-unknown-class] "ItemHead", text="3  Subsection 4(1)"
[parser-unknown-class] "ItemHead", text="4  Subsection 4(1)"
[parser-unknown-class] "ItemHead", text="5  Section 61CZB"
[parser-unknown-class] "ItemHead", text="6  Section 61CZC (heading)"
[parser-unknown-class] "ItemHead", text="7  Subsection 61CZC(1)"
[parser-unknown-class] "ItemHead", text="8  Subsections 61CZC(2), (3) and (4)"
[parser-unknown-class] "ItemHead", text="9  Section 61CZD (heading)"
[parser-unknown-class] "ItemHead", text="10  Subsections 61CZD(1) and (2)"
[parser-unknown-class] "ItemHead", text="11  Subsection 61CZD(3)"
[parser-unknown-class] "ItemHead", text="12  Subsection 61CZD(4)"
[parser-unknown-class] "ItemHead", text="13  Section 61CZE"
[parser-unknown-class] "ItemHead", text="14  Subsection 72TM(4) (heading)"
[parser-unknown-class] "ItemHead", text="15  Subsection 72TM(4)"
[parser-unknown-class] "ItemHead", text="16  Subsection 110XC(5)"
[parser-unknown-class] "ActHead6", text="Schedule 5—Education"
[parser-unknown-class] "ActHead9", text="Education Services for Overseas Students Act 2000"
[parser-unknown-class] "ItemHead", text="1  Section 5"
[parser-unknown-class] "ItemHead", text="2  Section 5 (definition of tribunal member)"
[parser-unknown-class] "ItemHead", text="3  Paragraph 53B(3)(b)"
[parser-unknown-class] "ItemHead", text="4  Subsection 128(1)"
[parser-unknown-class] "ItemHead", text="5  Paragraph 128(2)(b)"
[parser-unknown-class] "ItemHead", text="6  Subsection 128A(1)"
[parser-unknown-class] "ItemHead", text="7  Paragraph 128A(2)(b)"
[parser-unknown-class] "ItemHead", text="8  Section 129 (heading)"
[parser-unknown-class] "ItemHead", text="9  Subsection 129(1)"
[parser-unknown-class] "ItemHead", text="10  Section 169AA"
[parser-unknown-class] "ItemHead", text="11  Subsection 169AD(1) (note)"
[parser-unknown-class] "ItemHead", text="12  Paragraph 169AE(4)(c)"
[parser-unknown-class] "ItemHead", text="13  Section 169AG (heading)"
[parser-unknown-class] "ItemHead", text="14  Subsection 169AG(1)"
[parser-unknown-class] "ActHead9", text="Higher Education Funding Act 1988"
[parser-unknown-class] "ItemHead", text="15  Subsection 50(1)"
[parser-unknown-class] "ItemHead", text="16  Subsection 50(2)"
[parser-unknown-class] "ItemHead", text="17  Subsection 51(1)"
[parser-unknown-class] "ItemHead", text="18  Subsection 51(1)"
[parser-unknown-class] "ItemHead", text="19  Subsection 78(6)"
[parser-unknown-class] "ItemHead", text="20  Subparagraph 106L(5)(b)(ii)"
[parser-unknown-class] "ItemHead", text="21  Section 106M (heading)"
[parser-unknown-class] "ItemHead", text="22  Paragraph 106M(4)(b)"
[parser-unknown-class] "ItemHead", text="23  Subsection 106M(6)"
[parser-unknown-class] "ItemHead", text="24  Paragraph 106MA(1)(a)"
[parser-unknown-class] "ItemHead", text="25  Subsection 106MA(2)"
[parser-unknown-class] "ItemHead", text="26  Subsection 106MA(2)"
[parser-unknown-class] "ItemHead", text="27  Subsection 106MA(5)"
[parser-unknown-class] "ItemHead", text="28  Subsection 106MA(5)"
[parser-unknown-class] "ItemHead", text="29  Paragraph 106MA(6)(a)"
[parser-unknown-class] "ItemHead", text="30  Subsection 106X(1)"
[parser-unknown-class] "ItemHead", text="31  Paragraph 106X(2)(a)"
[parser-unknown-class] "ItemHead", text="32  Paragraph 106X(2)(b)"
[parser-unknown-class] "ItemHead", text="33  Paragraph 106X(2)(b)"
[parser-unknown-class] "ActHead9", text="Higher Education Support Act 2003"
[parser-unknown-class] "ItemHead", text="34  Paragraph 179‑20(b)"
[parser-unknown-class] "ItemHead", text="35  Section 203‑1"
[parser-unknown-class] "ItemHead", text="36  Section 209‑5 (note)"
[parser-unknown-class] "ItemHead", text="37  Section 209‑10 (note)"
[parser-unknown-class] "ItemHead", text="38  Division 212 of Part 5‑7 (heading)"
[parser-unknown-class] "ItemHead", text="39  Section 212‑1 (heading)"
[parser-unknown-class] "ItemHead", text="40  Subsection 212‑1(1)"
[parser-unknown-class] "ItemHead", text="41  Paragraph 75(b) of Schedule 1A"
[parser-unknown-class] "ItemHead", text="42  Clause 90 of Schedule 1A"
[parser-unknown-class] "ItemHead", text="43  Clause 95 of Schedule 1A (note)"
[parser-unknown-class] "ItemHead", text="44  Clause 96 of Schedule 1A (note)"
[parser-unknown-class] "ItemHead", text="45  Subdivision 16‑D of Schedule 1A (heading)"
[parser-unknown-class] "ItemHead", text="46  Clause 97 of Schedule 1A (heading)"
[parser-unknown-class] "ItemHead", text="47  Clause 97 of Schedule 1A"
[parser-unknown-class] "ActHead9", text="Tertiary Education Quality and Standards Agency Act 2011"
[parser-unknown-class] "ItemHead", text="48  Section 183 (notes 1 and 2)"
[parser-unknown-class] "ItemHead", text="49  Section 187 (heading)"
[parser-unknown-class] "ItemHead", text="50  Section 187"
[parser-unknown-class] "ItemHead", text="51  Section 187C (note)"
[parser-unknown-class] "ItemHead", text="52  Section 187D (note)"
[parser-unknown-class] "ItemHead", text="53  Section 187E (heading)"
[parser-unknown-class] "ItemHead", text="54  Subsection 187E(1)"
[parser-unknown-class] "ActHead6", text="Schedule 6—Employment and Workplace Relations"
[parser-unknown-class] "ActHead9", text="Australian Apprenticeship Support Loans Act 2014"
[parser-unknown-class] "ItemHead", text="1  Section 76"
[parser-unknown-class] "ItemHead", text="2  Section 80 (note)"
[parser-unknown-class] "ItemHead", text="3  Paragraph 81(2)(b)"
[parser-unknown-class] "ItemHead", text="4  Subsection 81(3) (note)"
[parser-unknown-class] "ItemHead", text="5  Section 82"
[parser-unknown-class] "ItemHead", text="6  Subsection 85(1) (note)"
[parser-unknown-class] "ItemHead", text="7  Division 3 of Part 4.2 (heading)"
[parser-unknown-class] "ItemHead", text="8  Section 86 (heading)"
[parser-unknown-class] "ItemHead", text="9  Section 86"
[parser-unknown-class] "ItemHead", text="10  Section 87 (heading)"
[parser-unknown-class] "ItemHead", text="11  Subsections 87(1) and (2)"
[parser-unknown-class] "ItemHead", text="12  Section 88 (heading)"
[parser-unknown-class] "ItemHead", text="13  Subsections 88(1) and (2)"
[parser-unknown-class] "ActHead9", text="Fair Entitlements Guarantee Act 2012"
[parser-unknown-class] "ItemHead", text="14  Subsection 37(2)"
[parser-unknown-class] "ItemHead", text="15  Subsection 37(7) (heading)"
[parser-unknown-class] "ItemHead", text="16  Subsection 37(7)"
[parser-unknown-class] "ItemHead", text="17  Subdivision C of Division 2 of Part 6 (heading)"
[parser-unknown-class] "ItemHead", text="18  Section 40 (heading)"
[parser-unknown-class] "ItemHead", text="19  Subsection 40(1)"
[parser-unknown-class] "ItemHead", text="20  Subsection 40(2)"
[parser-unknown-class] "ItemHead", text="21  Subsection 40(3)"
[parser-unknown-class] "ItemHead", text="22  Subsection 41(1)"
[parser-unknown-class] "ItemHead", text="23  Subsection 41(4)"
[parser-unknown-class] "ItemHead", text="24  Subparagraph 50(2)(c)(iii)"
[parser-unknown-class] "ActHead9", text="Safety, Rehabilitation and Compensation Act 1988"
[parser-unknown-class] "ItemHead", text="25  Subsection 4(12)"
[parser-unknown-class] "ItemHead", text="26  Subsection 28(4)"
[parser-unknown-class] "ItemHead", text="27  Subsection 34R(1)"
[parser-unknown-class] "ItemHead", text="28  Subsection 34R(2) (definition of decision)"
[parser-unknown-class] "ItemHead", text="29  Subsection 60(1) (definition of decision)"
[parser-unknown-class] "ItemHead", text="30  Paragraph 63(c)"
[parser-unknown-class] "ItemHead", text="31  Section 64 (heading)"
[parser-unknown-class] "ItemHead", text="32  Subsection 64(1)"
[parser-unknown-class] "ItemHead", text="33  Subsection 64(3)"
[parser-unknown-class] "ItemHead", text="34  Section 65 (heading)"
[parser-unknown-class] "ItemHead", text="35  Subsection 65(1)"
[parser-unknown-class] "ItemHead", text="36  Subsection 65(3)"
[parser-unknown-class] "ItemHead", text="37  Subsection 65(4)"
[parser-unknown-class] "ItemHead", text="38  Section 66 (heading)"
[parser-unknown-class] "ItemHead", text="39  Paragraph 66(1)(a)"
[parser-unknown-class] "ItemHead", text="40  Subsections 66(2) and (3)"
[parser-unknown-class] "ItemHead", text="41  Section 67 (heading)"
[parser-unknown-class] "ItemHead", text="42  Paragraphs 67(3)(e) and (4)(e)"
[parser-unknown-class] "ItemHead", text="43  Subsections 67(7) to (12)"
[parser-unknown-class] "ItemHead", text="44  Subsection 67(13)"
[parser-unknown-class] "ItemHead", text="45  Subsection 67(14)"
[parser-unknown-class] "ActHead9", text="Seafarers Rehabilitation and Compensation Act 1992"
[parser-unknown-class] "ItemHead", text="46  Section 3 (definition of AAT)"
[parser-unknown-class] "ItemHead", text="47  Section 3"
[parser-unknown-class] "ItemHead", text="48  Subsection 42(4)"
[parser-unknown-class] "ItemHead", text="49  Section 74"
[parser-unknown-class] "ItemHead", text="50  Part 6 (heading)"
[parser-unknown-class] "ItemHead", text="51  Subsection 76(1) (definition of AAT Act)"
[parser-unknown-class] "ItemHead", text="52  Subsection 76(1) (definition of AAT extension application)"
[parser-unknown-class] "ItemHead", text="53  Subsection 76(1)"
[parser-unknown-class] "ItemHead", text="54  Subsection 76(1) (definition of decision)"
[parser-unknown-class] "ItemHead", text="55  Section 80"
[parser-unknown-class] "ItemHead", text="56  Paragraph 87(c)"
[parser-unknown-class] "ItemHead", text="57  Section 88 (heading)"
[parser-unknown-class] "ItemHead", text="58  Subsection 88(1)"
[parser-unknown-class] "ItemHead", text="59  Subsection 88(2)"
[parser-unknown-class] "ItemHead", text="60  Division 3 of Part 6 (heading)"
[parser-unknown-class] "ItemHead", text="61  Section 89 (heading)"
[parser-unknown-class] "ItemHead", text="62  Subsection 89(1)"
[parser-unknown-class] "ItemHead", text="63  Subsection 89(2)"
[parser-unknown-class] "ItemHead", text="64  Subsection 89(3)"
[parser-unknown-class] "ItemHead", text="65  Subsection 89(4)"
[parser-unknown-class] "ItemHead", text="66  Section 90 (heading)"
[parser-unknown-class] "ItemHead", text="67  Subsection 90(1)"
[parser-unknown-class] "ItemHead", text="68  Subsections 90(2) and (2A)"
[parser-unknown-class] "ItemHead", text="69  Subsection 90(3)"
[parser-unknown-class] "ItemHead", text="70  Section 91 (heading)"
[parser-unknown-class] "ItemHead", text="71  Paragraphs 91(3)(e) and (4)(e)"
[parser-unknown-class] "ItemHead", text="72  Subsection 91(6)"
[parser-unknown-class] "ItemHead", text="73  Section 92 (heading)"
[parser-unknown-class] "ItemHead", text="74  Subsections 92(1) to (5)"
[parser-unknown-class] "ItemHead", text="75  Subsections 92(6) and (7)"
[parser-unknown-class] "ItemHead", text="76  Paragraph 130(4)(b)"
[parser-unknown-class] "ActHead9", text="VET Student Loans Act 2016"
[parser-unknown-class] "ItemHead", text="77  Paragraph 77(2)(c)"
[parser-unknown-class] "ItemHead", text="78  Section 80 (heading)"
[parser-unknown-class] "ItemHead", text="79  Subsection 80(1)"
[parser-unknown-class] "ItemHead", text="80  Subsection 80(2)"
[parser-unknown-class] "ActHead6", text="Schedule 7—Finance"
[parser-unknown-class] "ActHead9", text="Commonwealth Electoral Act 1918"
[parser-unknown-class] "ItemHead", text="1  Paragraph 104(9)(a)"
[parser-unknown-class] "ItemHead", text="2  Subsection 120(5) (note)"
[parser-unknown-class] "ItemHead", text="3  Section 121 (heading)"
[parser-unknown-class] "ItemHead", text="4  Subsection 121(1)"
[parser-unknown-class] "ItemHead", text="5  Subsection 121(2)"
[parser-unknown-class] "ItemHead", text="6  Section 127"
[parser-unknown-class] "ItemHead", text="7  Subsection 141(1) (definition of decision)"
[parser-unknown-class] "ItemHead", text="8  Subsection 141(5)"
[parser-unknown-class] "ItemHead", text="9  Subsection 141(6)"
[parser-unknown-class] "ItemHead", text="10  Paragraph 141(8)(b)"
[parser-unknown-class] "ItemHead", text="11  Subsection 141(9)"
[parser-unknown-class] "ItemHead", text="12  Section 202AK (heading)"
[parser-unknown-class] "ItemHead", text="13  Section 202AK"
[parser-unknown-class] "ActHead9", text="Judges’ Pensions Act 1968"
[parser-unknown-class] "ItemHead", text="14  Section 4 (subparagraph (b)(ii) of the definition of period of exempt service)"
[parser-unknown-class] "ItemHead", text="15  Section 17A"
[parser-unknown-class] "ItemHead", text="16  Paragraph 20(2)(b)"
[parser-unknown-class] "ActHead9", text="Lands Acquisition Act 1989"
[parser-unknown-class] "ItemHead", text="17  Section 6 (definition of Tribunal)"
[parser-unknown-class] "ItemHead", text="18  Paragraph 22(6)(b)"
[parser-unknown-class] "ItemHead", text="19  Subsection 28(1)"
[parser-unknown-class] "ItemHead", text="20  Subsections 28(3) to (5)"
[parser-unknown-class] "ItemHead", text="21  Section 29 (heading)"
[parser-unknown-class] "ItemHead", text="22  Subsection 29(1)"
[parser-unknown-class] "ItemHead", text="23  Subsection 29(1)"
[parser-unknown-class] "ItemHead", text="24  Subsection 29(2)"
[parser-unknown-class] "ItemHead", text="25  Subsection 30(1)"
[parser-unknown-class] "ItemHead", text="26  Subsection 31(1)"
[parser-unknown-class] "ItemHead", text="27  Paragraph 31(1)(g)"
[parser-unknown-class] "ItemHead", text="28  Section 33 (heading)"
[parser-unknown-class] "ItemHead", text="29  Subsection 33(1)"
[parser-unknown-class] "ItemHead", text="30  Paragraphs 43(4)(a) and (5)(a)"
[parser-unknown-class] "ItemHead", text="31  Subsection 47(6)"
[parser-unknown-class] "ItemHead", text="32  Section 71 (heading)"
[parser-unknown-class] "ItemHead", text="33  Subsection 71(1)"
[parser-unknown-class] "ItemHead", text="34  Subsection 71(2)"
[parser-unknown-class] "ItemHead", text="35  Subsection 71(3)"
[parser-unknown-class] "ItemHead", text="36  Paragraph 72(1)(b)"
[parser-unknown-class] "ItemHead", text="37  Paragraph 74(1)(a)"
[parser-unknown-class] "ItemHead", text="38  Section 81 (heading)"
[parser-unknown-class] "ItemHead", text="39  Subsection 81(1)"
[parser-unknown-class] "ItemHead", text="40  Subsection 81(2)"
[parser-unknown-class] "ItemHead", text="41  Subsection 81(3)"
[parser-unknown-class] "ItemHead", text="42  Paragraph 87(2)(c)"
[parser-unknown-class] "ItemHead", text="43  Section 99 (heading)"
[parser-unknown-class] "ItemHead", text="44  Subsection 99(1)"
[parser-unknown-class] "ItemHead", text="45  Subsection 99(2)"
[parser-unknown-class] "ItemHead", text="46  Subsection 99(3)"
[parser-unknown-class] "ItemHead", text="47  Paragraph 100(1)(b)"
[parser-unknown-class] "ItemHead", text="48  Section 107 (heading)"
[parser-unknown-class] "ItemHead", text="49  Subsection 107(1)"
[parser-unknown-class] "ItemHead", text="50  Subsection 107(2)"
[parser-unknown-class] "ItemHead", text="51  Subsection 107(3)"
[parser-unknown-class] "ItemHead", text="52  Subsection 121(5)"
[parser-unknown-class] "ItemHead", text="53  Subsection 121(6)"
[parser-unknown-class] "ItemHead", text="54  Subsections 121(7) and 129(2)"
[parser-unknown-class] "ItemHead", text="55  Section 131 (heading)"
[parser-unknown-class] "ItemHead", text="56  Subsection 131(1)"
[parser-unknown-class] "ItemHead", text="57  Subsection 131(1)"
[parser-unknown-class] "ItemHead", text="58  Subsection 131(2)"
[parser-unknown-class] "ItemHead", text="59  Paragraph 139(2)(d)"
[parser-unknown-class] "ActHead9", text="Parliamentary Contributory Superannuation Act 1948"
[parser-unknown-class] "ItemHead", text="60  Subsection 25(1) (definition of decision)"
[parser-unknown-class] "ItemHead", text="61  Subsection 25(6)"
[parser-unknown-class] "ActHead6", text="Schedule 8—Foreign Affairs and Trade"
[parser-unknown-class] "ActHead9", text="Australian Passports Act 2005"
[parser-unknown-class] "ItemHead", text="1  Section 48 (note)"
[parser-unknown-class] "ItemHead", text="2  Subsection 48A(7) (heading)"
[parser-unknown-class] "ItemHead", text="3  Subsection 48A(7)"
[parser-unknown-class] "ItemHead", text="4  Subsection 48A(7) (note)"
[parser-unknown-class] "ItemHead", text="5  Subsection 49(4) (note)"
[parser-unknown-class] "ItemHead", text="6  Section 50 (heading)"
[parser-unknown-class] "ItemHead", text="7  Subsection 50(1)"
[parser-unknown-class] "ItemHead", text="8  Subsection 50(3)"
[parser-unknown-class] "ItemHead", text="9  Subsection 50(3)"
[parser-unknown-class] "ItemHead", text="10  Paragraph 50(3)(b)"
[parser-unknown-class] "ActHead9", text="Foreign Passports (Law Enforcement and Security) Act 2005"
[parser-unknown-class] "ItemHead", text="11  Subsection 16(7)"
[parser-unknown-class] "ItemHead", text="12  Subsection 23(1)"
[parser-unknown-class] "ItemHead", text="13  Subsection 23(2)"
[parser-unknown-class] "ItemHead", text="14  Subsection 23(4)"
[parser-unknown-class] "ItemHead", text="15  Subsection 23(4)"
[parser-unknown-class] "ItemHead", text="16  Paragraph 23(4)(b)"
[parser-unknown-class] "ActHead9", text="Nuclear Non‑Proliferation (Safeguards) Act 1987"
[parser-unknown-class] "ItemHead", text="17  Subsection 13(8)"
[parser-unknown-class] "ItemHead", text="18  Subsection 13(8)"
[parser-unknown-class] "ItemHead", text="19  Subsection 16(7)"
[parser-unknown-class] "ItemHead", text="20  Subsection 16(7)"
[parser-unknown-class] "ItemHead", text="21  Subsection 18(5)"
[parser-unknown-class] "ItemHead", text="22  Subsection 18(5)"
[parser-unknown-class] "ItemHead", text="23  Subsection 22(2)"
[parser-unknown-class] "ItemHead", text="24  Subsections 22(2), (4) and (5)"
[parser-unknown-class] "ItemHead", text="25  Subsection 22(10)"
[parser-unknown-class] "ItemHead", text="26  Subsection 73(7)"
[parser-unknown-class] "ItemHead", text="27  Subsection 73(7)"
[parser-unknown-class] "ActHead6", text="Schedule 9—Health and Aged Care"
[parser-unknown-class] "ActHead9", text="Aged Care Quality and Safety Commission Act 2018"
[parser-unknown-class] "ItemHead", text="1  Paragraph 74GI(1)(g)"
[parser-unknown-class] "ItemHead", text="2  Subsection 74L(3) (note)"
[parser-unknown-class] "ItemHead", text="3  Subsection 74M(4) (note)"
[parser-unknown-class] "ItemHead", text="4  Section 74N (heading)"
[parser-unknown-class] "ItemHead", text="5  Section 74N"
[parser-unknown-class] "ActHead9", text="Biosecurity Act 2015"
[parser-unknown-class] "ItemHead", text="6  Subparagraph 61(1)(i)(iii)"
[parser-unknown-class] "ItemHead", text="7  Subsection 72(5) (note 2)"
[parser-unknown-class] "ItemHead", text="8  Paragraph 73(e)"
[parser-unknown-class] "ItemHead", text="9  Subdivision D of Division 2 of Part 3 of Chapter 2 (heading)"
[parser-unknown-class] "ItemHead", text="10  Section 75 (heading)"
[parser-unknown-class] "ItemHead", text="11  Paragraph 75(1)(a)"
[parser-unknown-class] "ItemHead", text="12  Subsection 76(1)"
[parser-unknown-class] "ItemHead", text="13  Subsection 76(2)"
[parser-unknown-class] "ItemHead", text="14  Paragraph 76(3)(b)"
[parser-unknown-class] "ItemHead", text="15  Paragraph 76(4)(b)"
[parser-unknown-class] "ItemHead", text="16  Subsection 76(5)"
[parser-unknown-class] "ItemHead", text="17  Subsection 77(1)"
[parser-unknown-class] "ItemHead", text="18  Subsection 77(2)"
[parser-unknown-class] "ItemHead", text="19  Subsections 77(2), (3) and (4)"
[parser-unknown-class] "ItemHead", text="20  Subsections 78(1) to (4)"
[parser-unknown-class] "ItemHead", text="21  Subsection 78(4)"
[parser-unknown-class] "ItemHead", text="22  Subsection 78(5)"
[parser-unknown-class] "ItemHead", text="23  Section 79 (heading)"
[parser-unknown-class] "ItemHead", text="24  Section 79"
[parser-unknown-class] "ItemHead", text="25  Section 469"
[parser-unknown-class] "ItemHead", text="26  Section 573"
[parser-unknown-class] "ItemHead", text="27  Paragraph 576(6)(c)"
[parser-unknown-class] "ItemHead", text="28  Subsection 576(7)"
[parser-unknown-class] "ItemHead", text="29  Section 578 (heading)"
[parser-unknown-class] "ItemHead", text="30  Subsection 578(1)"
[parser-unknown-class] "ItemHead", text="31  Subsection 578(1) (note 1)"
[parser-unknown-class] "ItemHead", text="32  Subsection 578(3)"
[parser-unknown-class] "ActHead9", text="Food Standards Australia New Zealand Act 1991"
[parser-unknown-class] "ItemHead", text="33  Subsection 109(8)"
[parser-unknown-class] "ItemHead", text="34  After subsection 109(8)"
[parser-unknown-class] "ItemHead", text="35  Subsection 143(1)"
[parser-unknown-class] "ItemHead", text="36  Subsection 143(2)"
[parser-unknown-class] "ItemHead", text="37  Paragraph 144(1)(c)"
[parser-unknown-class] "ItemHead", text="38  Paragraph 144(1)(d)"
[parser-unknown-class] "ItemHead", text="39  Paragraphs 152(1)(q) and (r)"
[parser-unknown-class] "ActHead9", text="Health and Other Services (Compensation) Act 1995"
[parser-unknown-class] "ItemHead", text="40  Subsection 18(10)"
[parser-unknown-class] "ItemHead", text="41  Subsection 18(10) (note)"
[parser-unknown-class] "ItemHead", text="42  Section 23D (heading)"
[parser-unknown-class] "ItemHead", text="43  Subsection 23D(1)"
[parser-unknown-class] "ItemHead", text="44  Subsection 23D(1) (note)"
[parser-unknown-class] "ItemHead", text="45  Subsection 23D(2)"
[parser-unknown-class] "ActHead9", text="Health Insurance Act 1973"
[parser-unknown-class] "ItemHead", text="46  Section 3AAB (heading)"
[parser-unknown-class] "ItemHead", text="47  Section 3AAB"
[parser-unknown-class] "ItemHead", text="48  Subsection 19ABD(5) (note)"
[parser-unknown-class] "ItemHead", text="49  Subsection 19ABD(6) (heading)"
[parser-unknown-class] "ItemHead", text="50  Subsections 19ABD(6) and 19AC(6)"
[parser-unknown-class] "ItemHead", text="51  Subsection 19CA(1) (definition of decision)"
[parser-unknown-class] "ItemHead", text="52  Paragraph 19CA(5)(b)"
[parser-unknown-class] "ItemHead", text="53  Subsection 19CA(8)"
[parser-unknown-class] "ItemHead", text="54  Subsection 20AB(4) (note)"
[parser-unknown-class] "ItemHead", text="55  Subsection 20AC(4) (note)"
[parser-unknown-class] "ItemHead", text="56  Subsection 20AD(4) (note)"
[parser-unknown-class] "ItemHead", text="57  Subsection 20AD(5)"
[parser-unknown-class] "ItemHead", text="58  Subsection 20AD(6) (definition of decision)"
[parser-unknown-class] "ItemHead", text="59  Subsections 21C(2) and (4)"
[parser-unknown-class] "ItemHead", text="60  Subsections 22B(2) and (4)"
[parser-unknown-class] "ItemHead", text="61  Paragraph 23DC(10)(d)"
[parser-unknown-class] "ItemHead", text="62  Paragraph 23DC(11)(b)"
[parser-unknown-class] "ItemHead", text="63  Paragraph 23DF(11)(d)"
[parser-unknown-class] "ItemHead", text="64  Paragraph 23DF(12)(b)"
[parser-unknown-class] "ItemHead", text="65  Subsections 23DL(9), 23DN(7) and 23DO(4)"
[parser-unknown-class] "ItemHead", text="66  Subsection 23DO(5)"
[parser-unknown-class] "ItemHead", text="67  Subsection 23DO(6) (definition of decision)"
[parser-unknown-class] "ItemHead", text="68  Section 23DZD"
[parser-unknown-class] "ItemHead", text="69  Subsection 23DZE(1)"
[parser-unknown-class] "ItemHead", text="70  Section 23DZZE (heading)"
[parser-unknown-class] "ItemHead", text="71  Subsection 23DZZE(1)"
[parser-unknown-class] "ItemHead", text="72  Section 23DZZZD (heading)"
[parser-unknown-class] "ItemHead", text="73  Subsection 23DZZZD(1)"
[parser-unknown-class] "ItemHead", text="74  Subsection 124Q(2)"
[parser-unknown-class] "ItemHead", text="75  Section 124R (heading)"
[parser-unknown-class] "ItemHead", text="76  Section 124R"
[parser-unknown-class] "ItemHead", text="77  Subsections 124S(1) and 124T(3)"
[parser-unknown-class] "ItemHead", text="78  Subsection 124ZL(4)(note)"
[parser-unknown-class] "ItemHead", text="79  Paragraph 124ZM(1)(c)"
[parser-unknown-class] "ItemHead", text="80  Paragraph 124ZM(2)(b)"
[parser-unknown-class] "ItemHead", text="81  Subsection 124ZM(2)"
[parser-unknown-class] "ItemHead", text="82  Subsection 124ZM(2)"
[parser-unknown-class] "ItemHead", text="83  Section 124ZN (heading)"
[parser-unknown-class] "ItemHead", text="84  Section 124ZN"
[parser-unknown-class] "ItemHead", text="85  Subsection 129AAJ(7)"
[parser-unknown-class] "ItemHead", text="86  Subsection 129AAJ(9)"
[parser-unknown-class] "ItemHead", text="87  Subsection 129ACB(7)"
[parser-unknown-class] "ItemHead", text="88  Subsection 129ACB(9)"
[parser-unknown-class] "ItemHead", text="89  Subsection 129AEC(2)"
[parser-unknown-class] "ItemHead", text="90  Subsection 129AEC(4)"
[parser-unknown-class] "ItemHead", text="91  Subsection 129AEG(13)"
[parser-unknown-class] "ActHead9", text="Industrial Chemicals Act 2019"
[parser-unknown-class] "ItemHead", text="92  Section 9 (definition of AAT)"
[parser-unknown-class] "ItemHead", text="93  Section 9"
[parser-unknown-class] "ItemHead", text="94  Section 165"
[parser-unknown-class] "ItemHead", text="95  Subsection 166(8) (note)"
[parser-unknown-class] "ItemHead", text="96  Subsection 166(9)"
[parser-unknown-class] "ActHead9", text="Narcotic Drugs Act 1967"
[parser-unknown-class] "ItemHead", text="97  Subsection 4(1) (paragraph (b) of the definition of issuing officer)"
[parser-unknown-class] "ItemHead", text="98  Subsection 4(1) (paragraph (c) of the definition of issuing officer)"
[parser-unknown-class] "ItemHead", text="99  Subsection 13J(4) (heading)"
[parser-unknown-class] "ItemHead", text="100  Subsection 13J(4)"
[parser-unknown-class] "ItemHead", text="101  Paragraph 15J(1)(c)"
[parser-unknown-class] "ItemHead", text="102  Subsection 15J(2)"
[parser-unknown-class] "ItemHead", text="103  Section 15L (heading)"
[parser-unknown-class] "ItemHead", text="104  Subsection 15L(1)"
[parser-unknown-class] "ItemHead", text="105  Subsection 15L(2)"
[parser-unknown-class] "ItemHead", text="106  Section 15M (heading)"
[parser-unknown-class] "ItemHead", text="107  Subsection 15M(1)"
[parser-unknown-class] "ItemHead", text="108  Subsection 15M(2)"
[parser-unknown-class] "ItemHead", text="109  Subsection 15M(3)"
[parser-unknown-class] "ItemHead", text="110  Subsection 15N(1)"
[parser-unknown-class] "ItemHead", text="111  Subsection 15N(2)"
[parser-unknown-class] "ItemHead", text="112  Subsection 15N(3)"
[parser-unknown-class] "ActHead9", text="National Health Act 1953"
[parser-unknown-class] "ItemHead", text="113  Subsection 12(4)"
[parser-unknown-class] "ItemHead", text="114  Subparagraph 14(4)(c)(ii)"
[parser-unknown-class] "ItemHead", text="115  Subsection 14(5)"
[parser-unknown-class] "ItemHead", text="116  Subparagraph 15(4)(c)(ii)"
[parser-unknown-class] "ItemHead", text="117  Subsection 15(5)"
[parser-unknown-class] "ItemHead", text="118  Subsection 84AAB(4) (note)"
[parser-unknown-class] "ItemHead", text="119  Subsection 84AAC(4) (note)"
[parser-unknown-class] "ItemHead", text="120  Subsection 84AAD(4) (note)"
[parser-unknown-class] "ItemHead", text="121  Subsection 84AAD(5) (definition of decision)"
[parser-unknown-class] "ItemHead", text="122  Subsection 84AAF(4) (note)"
[parser-unknown-class] "ItemHead", text="123  Subsection 84AAG(4) (note)"
[parser-unknown-class] "ItemHead", text="124  Subsection 84AAH(4) (note)"
[parser-unknown-class] "ItemHead", text="125  Subsection 84AAH(5) (definition of decision)"
[parser-unknown-class] "ItemHead", text="126  Subsection 84AAJ(4) (note)"
[parser-unknown-class] "ItemHead", text="127  Subsection 84AAK(4) (note)"
[parser-unknown-class] "ItemHead", text="128  Subsection 84AAL(4) (note)"
[parser-unknown-class] "ItemHead", text="129  Subsection 84AAL(5) (definition of decision)"
[parser-unknown-class] "ItemHead", text="130  Subsections 84H(4) and 90A(7)"
[parser-unknown-class] "ItemHead", text="131  Subsection 90A(8)"
[parser-unknown-class] "ItemHead", text="132  Paragraph 90B(3)(b)"
[parser-unknown-class] "ItemHead", text="133  Subparagraph 90B(3)(b)(i)"
[parser-unknown-class] "ItemHead", text="134  Paragraph 90B(3)(c)"
[parser-unknown-class] "ItemHead", text="135  Subparagraph 90B(3)(c)(i)"
[parser-unknown-class] "ItemHead", text="136  After subsection 90B(3)"
[parser-unknown-class] "ItemHead", text="137  Subsections 90C(1) and (2)"
[parser-unknown-class] "ItemHead", text="138  Subsection 99ABD(8)"
[parser-unknown-class] "ItemHead", text="139  Subsection 99ABD(10)"
[parser-unknown-class] "ItemHead", text="140  Subsection 99ABG(4)"
[parser-unknown-class] "ItemHead", text="141  Subsection 99ABG(6)"
[parser-unknown-class] "ItemHead", text="142  Subsection 99ABJ(14)"
[parser-unknown-class] "ItemHead", text="143  Part VIIA (heading)"
[parser-unknown-class] "ItemHead", text="144  Section 105AA (definition of decision)"
[parser-unknown-class] "ItemHead", text="145  Section 105AA (definition of Tribunal)"
[parser-unknown-class] "ItemHead", text="146  Subsection 105AB(7) (note)"
[parser-unknown-class] "ItemHead", text="147  Subsection 105AC(1)"
[parser-unknown-class] "ItemHead", text="148  Paragraph 105AD(3)(d)"
[parser-unknown-class] "ItemHead", text="149  Paragraph 105AD(3)(e)"
[parser-unknown-class] "ItemHead", text="150  Subsection 105AE(2)"
[parser-unknown-class] "ActHead9", text="Therapeutic Goods Act 1989"
[parser-unknown-class] "ItemHead", text="151  Subsection 6B(1)"
[parser-unknown-class] "ItemHead", text="152  Paragraph 6B(2)(a)"
[parser-unknown-class] "ItemHead", text="153  Subsection 6B(3)"
[parser-unknown-class] "ItemHead", text="154  Subsection 44A(5)"
[parser-unknown-class] "ItemHead", text="155  Subsection 60(1) (definition of decision)"
[parser-unknown-class] "ItemHead", text="156  Subsection 60(5)"
[parser-unknown-class] "ItemHead", text="157  Paragraph 60(6)(b)"
[parser-unknown-class] "ItemHead", text="158  Subsection 60(8)"
[parser-unknown-class] "ItemHead", text="159  Section 60A"
[parser-unknown-class] "ActHead6", text="Schedule 10—Home Affairs"
[parser-unknown-class] "ActHead9", text="AusCheck Act 2007"
[parser-unknown-class] "ItemHead", text="1  Subparagraph 8(3)(a)(v)"
[parser-unknown-class] "ItemHead", text="2  Subparagraph 10(3)(a)(v)"
[parser-unknown-class] "ActHead9", text="Australian Citizenship Act 2007"
[parser-unknown-class] "ItemHead", text="3  Subsection 52(1)"
[parser-unknown-class] "ItemHead", text="4  At the end of subsection 52(1)"
[parser-unknown-class] "ItemHead", text="5  Subsection 52(3)"
[parser-unknown-class] "ActHead9", text="Aviation Transport Security Act 2004"
[parser-unknown-class] "ItemHead", text="6  Section 4"
[parser-unknown-class] "ItemHead", text="7  Subsection 19(4) (note)"
[parser-unknown-class] "ItemHead", text="8  Section 126 (heading)"
[parser-unknown-class] "ItemHead", text="9  Subsections 126(1) and (2)"
[parser-unknown-class] "ItemHead", text="10  Subsection 126(2)"
[parser-unknown-class] "ItemHead", text="11  Subsection 126(3) (note)"
[parser-unknown-class] "ActHead9", text="Commerce (Trade Descriptions) Act 1905"
[parser-unknown-class] "ItemHead", text="12  Subsection 15(1)"
[parser-unknown-class] "ItemHead", text="13  Subsection 15(2) (definition of decision)"
[parser-unknown-class] "ItemHead", text="14  Subsection 15(2) (note)"
[parser-unknown-class] "ActHead9", text="Counter‑Terrorism (Temporary Exclusion Orders) Act 2019"
[parser-unknown-class] "ItemHead", text="15  Subparagraph 23(1)(d)(i)"
[parser-unknown-class] "ItemHead", text="16  Paragraph 23(5)(b)"
[parser-unknown-class] "ActHead9", text="Customs Act 1901"
[parser-unknown-class] "ItemHead", text="17  Paragraph 67EM(5)(b)"
[parser-unknown-class] "ItemHead", text="18  Paragraph 269N(1)(b)"
[parser-unknown-class] "ItemHead", text="19  Paragraph 269SD(2)(b)"
[parser-unknown-class] "ItemHead", text="20  Section 269SHA (heading)"
[parser-unknown-class] "ItemHead", text="21  Subsection 269SHA(1)"
[parser-unknown-class] "ItemHead", text="22  Subsection 269SHA(3)"
[parser-unknown-class] "ItemHead", text="23  Subsection 269SHA(5)"
[parser-unknown-class] "ItemHead", text="24  Subsection 273GA(1)"
[parser-unknown-class] "ItemHead", text="25  Subsection 273GA(8)"
[parser-unknown-class] "ItemHead", text="26  Subsection 273H(1)"
[parser-unknown-class] "ItemHead", text="27  Subsection 273H(2)"
[parser-unknown-class] "ItemHead", text="28  Subsection 273K(1)"
[parser-unknown-class] "ActHead6", text="Schedule 11—Industry, Science and Resources"
[parser-unknown-class] "ActHead9", text="Australian Jobs Act 2013"
[parser-unknown-class] "ItemHead", text="1  Section 112 (heading)"
[parser-unknown-class] "ItemHead", text="2  Section 112"
[parser-unknown-class] "ActHead9", text="Designs Act 2003"
[parser-unknown-class] "ItemHead", text="3  Section 129"
[parser-unknown-class] "ItemHead", text="4  Section 136 (heading)"
[parser-unknown-class] "ItemHead", text="5  Subsection 136(1)"
[parser-unknown-class] "ItemHead", text="6  Subsections 136(1A) and (2)"
[parser-unknown-class] "ItemHead", text="7  Subsection 136(2)"
[parser-unknown-class] "ItemHead", text="8  Subsection 136(4) (definition of decision)"
[parser-unknown-class] "ActHead9", text="Industry Research and Development Act 1986"
[parser-unknown-class] "ItemHead", text="9  Section 30"
[parser-unknown-class] "ItemHead", text="10  Subsection 30D(2) (note)"
[parser-unknown-class] "ItemHead", text="11  Subsection 30D(3) (note)"
[parser-unknown-class] "ItemHead", text="12  Paragraph 30D(4)(b)"
[parser-unknown-class] "ItemHead", text="13  Section 30E (heading)"
[parser-unknown-class] "ItemHead", text="14  Subsection 30E(1)"
[parser-unknown-class] "ItemHead", text="15  Subsection 30E(2)"
[parser-unknown-class] "ItemHead", text="16  Paragraph 30E(2)(a)"
[parser-unknown-class] "ItemHead", text="17  Subsection 30E(3)"
[parser-unknown-class] "ItemHead", text="18  Subsection 30E(4)"
[parser-unknown-class] "ItemHead", text="19  Subparagraph 31E(1)(b)(ii)"
[parser-unknown-class] "ActHead9", text="National Measurement Act 1960"
[parser-unknown-class] "ItemHead", text="20  Paragraph 18QC(3)(a)"
[parser-unknown-class] "ItemHead", text="21  Paragraph 18QC(3)(b)"
[parser-unknown-class] "ItemHead", text="22  Section 19J (heading)"
[parser-unknown-class] "ItemHead", text="23  Section 19J"
[parser-unknown-class] "ActHead9", text="Offshore Minerals Act 1994"
[parser-unknown-class] "ItemHead", text="24  Section 406 (definition of decision)"
[parser-unknown-class] "ItemHead", text="25  Section 406 (note to the definition of decision)"
[parser-unknown-class] "ItemHead", text="26  Paragraph 407(6)(b)"
[parser-unknown-class] "ItemHead", text="27  Paragraph 407(6)(c)"
[parser-unknown-class] "ItemHead", text="28  Subsection 407(9)"
[parser-unknown-class] "ActHead9", text="Patents Act 1990"
[parser-unknown-class] "ItemHead", text="29  Subsection 224(1)"
[parser-unknown-class] "ItemHead", text="30  Subsection 224(1A)"
[parser-unknown-class] "ItemHead", text="31  Subsection 224(2)"
[parser-unknown-class] "ItemHead", text="32  Subsection 224(4) (definition of decision)"
[parser-unknown-class] "ItemHead", text="33  Subsections 227AB(3) and (4)"
[parser-unknown-class] "ItemHead", text="34  Subsection 228(4C)"
[parser-unknown-class] "ActHead9", text="Plant Breeder’s Rights Act 1994"
[parser-unknown-class] "ItemHead", text="35  Subsection 3(1) (definition of AAT)"
[parser-unknown-class] "ItemHead", text="36  Subsection 3(1) (definition of AAT Act)"
[parser-unknown-class] "ItemHead", text="37  Subsection 3(1)"
[parser-unknown-class] "ItemHead", text="38  Subsection 3(1) (definition of relevant proceedings)"
[parser-unknown-class] "ItemHead", text="39  Subsection 19(7) (note)"
[parser-unknown-class] "ItemHead", text="40  Subsection 19(10) (note)"
[parser-unknown-class] "ItemHead", text="41  Subsection 19(11) (note)"
[parser-unknown-class] "ItemHead", text="42  Subsection 21(5) (note 2)"
[parser-unknown-class] "ItemHead", text="43  Subsection 30(5) (note)"
[parser-unknown-class] "ItemHead", text="44  Subsection 31(6) (note)"
[parser-unknown-class] "ItemHead", text="45  Subsection 34(1) (note)"
[parser-unknown-class] "ItemHead", text="46  Subsection 37(1) (note)"
[parser-unknown-class] "ItemHead", text="47  Subsection 37(2B) (note)"
[parser-unknown-class] "ItemHead", text="48  Subsection 38(5) (note)"
[parser-unknown-class] "ItemHead", text="49  Subsection 39(2) (note)"
[parser-unknown-class] "ItemHead", text="50  Subsection 39(3)"
[parser-unknown-class] "ItemHead", text="51  Paragraph 39(5)(a)"
[parser-unknown-class] "ItemHead", text="52  Paragraph 39(5)(b)"
[parser-unknown-class] "ItemHead", text="53  Subsection 39(5)"
[parser-unknown-class] "ItemHead", text="54  Subsection 40(8) (note)"
[parser-unknown-class] "ItemHead", text="55  Subsection 40(12) (note 2)"
[parser-unknown-class] "ItemHead", text="56  Subsection 41(1A) (note)"
[parser-unknown-class] "ItemHead", text="57  Subsection 41A(5) (note)"
[parser-unknown-class] "ItemHead", text="58  Subsection 41B(3) (note)"
[parser-unknown-class] "ItemHead", text="59  Subsection 41D(1) (note 1)"
[parser-unknown-class] "ItemHead", text="60  Paragraph 41D(7)(b)"
[parser-unknown-class] "ItemHead", text="61  Subsection 41E(1) (note)"
[parser-unknown-class] "ItemHead", text="62  Subsection 44(12) (note)"
[parser-unknown-class] "ItemHead", text="63  Paragraph 48(2)(b)"
[parser-unknown-class] "ItemHead", text="64  Subsection 49(3) (note)"
[parser-unknown-class] "ItemHead", text="65  Paragraph 50(6)(a)"
[parser-unknown-class] "ItemHead", text="66  Paragraph 50(6)(b)"
[parser-unknown-class] "ItemHead", text="67  Paragraph 50(7)(a)"
[parser-unknown-class] "ItemHead", text="68  Paragraph 50(7)(b)"
[parser-unknown-class] "ItemHead", text="69  Subsection 50(10) (note)"
[parser-unknown-class] "ItemHead", text="70  Section 62A"
[parser-unknown-class] "ItemHead", text="71  Section 76B (note)"
[parser-unknown-class] "ItemHead", text="72  Subsection 77(1)"
[parser-unknown-class] "ItemHead", text="73  Subsection 77(1A)"
[parser-unknown-class] "ItemHead", text="74  Subsection 77(2)"
[parser-unknown-class] "ItemHead", text="75  Subsection 77(3)"
[parser-unknown-class] "ItemHead", text="76  Subsection 77(4) (definition of decision)"
[parser-unknown-class] "ActHead9", text="Pooled Development Funds Act 1992"
[parser-unknown-class] "ItemHead", text="77  Paragraph 55(7)(c)"
[parser-unknown-class] "ItemHead", text="78  Section 56 (heading)"
[parser-unknown-class] "ItemHead", text="79  Subsection 56(1)"
[parser-unknown-class] "ActHead9", text="Trade Marks Act 1995"
[parser-unknown-class] "ItemHead", text="80  Subsections 99A(2), 136B(3), 175(5), 178(5), 180(4) and 180A(4)"
[parser-unknown-class] "ItemHead", text="81  Subsection 222A(4)"
[parser-unknown-class] "ItemHead", text="82  Subsection 224(7)"
[parser-unknown-class] "ItemHead", text="83  Section 227 (heading)"
[parser-unknown-class] "ItemHead", text="84  Subsection 227(1)"
[parser-unknown-class] "ItemHead", text="85  Paragraph 227(1)(b)"
[parser-unknown-class] "ItemHead", text="86  Subsection 227(3) (definition of decision)"
[parser-unknown-class] "ItemHead", text="87  Subsection 228A(7)"
[parser-unknown-class] "ItemHead", text="88  Paragraph 231(3)(d)"
[parser-unknown-class] "ActHead9", text="Venture Capital Act 2002"
[parser-unknown-class] "ItemHead", text="89  Paragraph 29‑10(6)(c)"
[parser-unknown-class] "ItemHead", text="90  Section 29‑15 (heading)"
[parser-unknown-class] "ItemHead", text="91  Subsection 29‑15(1)"
[parser-unknown-class] "ActHead6", text="Schedule 12—Infrastructure, Transport, Regional Development, Communications and the Arts"
[parser-unknown-class] "ActHead9", text="Airports Act 1996"
[parser-unknown-class] "ItemHead", text="1  Section 241"
[parser-unknown-class] "ItemHead", text="2  Section 242 (heading)"
[parser-unknown-class] "ItemHead", text="3  Subsection 242(1)"
[parser-unknown-class] "ItemHead", text="4  Subsection 242(3)"
[parser-unknown-class] "ItemHead", text="5  Subsection 242(5) (definition of decision)"
[parser-unknown-class] "ItemHead", text="6  Subsection 242(6) (heading)"
[parser-unknown-class] "ItemHead", text="7  Subsection 242(6)"
[parser-unknown-class] "ActHead9", text="Broadcasting Services Act 1992"
[parser-unknown-class] "ItemHead", text="8  Subparagraph 61AN(4C)(b)(ii)"
[parser-unknown-class] "ItemHead", text="9  Paragraph 61AN(4C)(e)"
[parser-unknown-class] "ItemHead", text="10  Subsection 61AZ(5) (heading)"
[parser-unknown-class] "ItemHead", text="11  Subparagraph 61AZ(5)(b)(ii)"
[parser-unknown-class] "ItemHead", text="12  Subsection 61AZ(7)"
[parser-unknown-class] "ItemHead", text="13  Paragraphs 61AZ(8)(a) and (b)"
[parser-unknown-class] "ItemHead", text="14  Subsection 61AZ(12)"
[parser-unknown-class] "ItemHead", text="15  Part 14 (heading)"
[parser-unknown-class] "ItemHead", text="16  Section 204 (heading)"
[parser-unknown-class] "ItemHead", text="17  Subsections 204(1) to (4)"
[parser-unknown-class] "ItemHead", text="18  Paragraph 205(b)"
[parser-unknown-class] "ItemHead", text="19  Clause 1 of Schedule 4"
[parser-unknown-class] "ItemHead", text="20  Clause 2 of Schedule 4 (definition of AAT)"
[parser-unknown-class] "ItemHead", text="21  Clause 2 of Schedule 4"
[parser-unknown-class] "ItemHead", text="22  Clause 62 of Schedule 4 (heading)"
[parser-unknown-class] "ItemHead", text="23  Subclauses 62(5), (7) and (9) of Schedule 4"
[parser-unknown-class] "ItemHead", text="24  Paragraph 63(a) of Schedule 4"
[parser-unknown-class] "ItemHead", text="25  Paragraph 63(b) of Schedule 4"
[parser-unknown-class] "ItemHead", text="26  Paragraph 57(5)(a) of Schedule 6"
[parser-unknown-class] "ItemHead", text="27  Paragraph 57(5)(b) of Schedule 6"
[parser-unknown-class] "ItemHead", text="28  Clause 58 of Schedule 6 (heading)"
[parser-unknown-class] "ItemHead", text="29  Clause 58 of Schedule 6"
[parser-unknown-class] "ItemHead", text="30  Paragraph 59(b) of Schedule 6"
[parser-unknown-class] "ActHead9", text="Civil Aviation Act 1988"
[parser-unknown-class] "ItemHead", text="31  Paragraph 30DV(c)"
[parser-unknown-class] "ItemHead", text="32  Section 30EB (example)"
[parser-unknown-class] "ItemHead", text="33  Subsection 31(1) (definition of decision)"
[parser-unknown-class] "ItemHead", text="34  Subsection 31(2)"
[parser-unknown-class] "ItemHead", text="35  Subsection 31(3)"
[parser-unknown-class] "ItemHead", text="36  Subsection 31A(1)"
[parser-unknown-class] "ItemHead", text="37  Subsections 31A(4) and (5)"
[parser-unknown-class] "ActHead9", text="Classification (Publications, Films and Computer Games) Act 1995"
[parser-unknown-class] "ItemHead", text="38  Subsection 6H(6)"
[parser-unknown-class] "ItemHead", text="39  Paragraph 14B(4)(f)"
[parser-unknown-class] "ItemHead", text="40  Section 17D (heading)"
[parser-unknown-class] "ItemHead", text="41  Section 17D"
[parser-unknown-class] "ItemHead", text="42  Section 22G (heading)"
[parser-unknown-class] "ItemHead", text="43  Section 22G"
[parser-unknown-class] "ItemHead", text="44  Section 22J (heading)"
[parser-unknown-class] "ItemHead", text="45  Section 22J"
[parser-unknown-class] "ItemHead", text="46  Paragraph 31(3)(f)"
[parser-unknown-class] "ItemHead", text="47  Subsection 91(3)"
[parser-unknown-class] "ItemHead", text="48  Subsection 91(5) (heading)"
[parser-unknown-class] "ItemHead", text="49  Subsection 91(5)"
[parser-unknown-class] "ActHead9", text="Coastal Trading (Revitalising Australian Shipping) Act 2012"
[parser-unknown-class] "ItemHead", text="50  Section 5"
[parser-unknown-class] "ItemHead", text="51  Subsection 25(3) (note)"
[parser-unknown-class] "ItemHead", text="52  Subsection 59(3) (note)"
[parser-unknown-class] "ItemHead", text="53  Section 107 (heading)"
[parser-unknown-class] "ItemHead", text="54  Subsections 107(1) to (4)"
[parser-unknown-class] "ItemHead", text="55  Subsection 107(4) (note)"
[parser-unknown-class] "ItemHead", text="56  Subsection 107(5)"
[parser-unknown-class] "ItemHead", text="57  Subsection 107(5) (note)"
[parser-unknown-class] "ItemHead", text="58  Subsections 107(6) and (7)"
[parser-unknown-class] "ActHead9", text="Online Safety Act 2021"
[parser-unknown-class] "ItemHead", text="59  Section 220 (heading)"
[parser-unknown-class] "ItemHead", text="60  Section 220"
[parser-unknown-class] "ActHead9", text="Radiocommunications Act 1992"
[parser-unknown-class] "ItemHead", text="61  Section 5 (definition of AAT)"
[parser-unknown-class] "ItemHead", text="62  Section 5"
[parser-unknown-class] "ItemHead", text="63  Paragraph 116(4)(b)"
[parser-unknown-class] "ItemHead", text="64  Subsection 231(7)"
[parser-unknown-class] "ItemHead", text="65  Paragraph 287(1)(b)"
[parser-unknown-class] "ItemHead", text="66  Paragraph 291(1)(a)"
[parser-unknown-class] "ItemHead", text="67  Paragraph 291(1)(b)"
[parser-unknown-class] "ItemHead", text="68  Section 292 (heading)"
[parser-unknown-class] "ItemHead", text="69  Section 292"
[parser-unknown-class] "ItemHead", text="70  Paragraph 3(2)(b) of Part 1 of the Schedule"
[parser-unknown-class] "ItemHead", text="71  Paragraph 3(2)(c) of Part 1 of the Schedule"
[parser-unknown-class] "ItemHead", text="72  Paragraph 2(1)(c) of Part 2 of the Schedule"
[parser-unknown-class] "ItemHead", text="73  Clause 7 of Part 2 of the Schedule (heading)"
[parser-unknown-class] "ItemHead", text="74  Subclause 7(1) of Part 2 of the Schedule"
[parser-unknown-class] "ItemHead", text="75  Subclause 7(2) of Part 2 of the Schedule"
[parser-unknown-class] "ItemHead", text="76  Subclause 7(3) of Part 2 of the Schedule"
[parser-unknown-class] "ItemHead", text="77  Subclauses 7(4) and (5) of Part 2 of the Schedule"
[parser-unknown-class] "ItemHead", text="78  Subclauses 8(3) and 9(4) of Part 2 of the Schedule"
[parser-unknown-class] "ActHead9", text="Telecommunications Act 1997"
[parser-unknown-class] "ItemHead", text="79  Subparagraphs 56AA(7)(b)(iii) and (iv)"
[parser-unknown-class] "ItemHead", text="80  Paragraph 58A(3)(b)"
[parser-unknown-class] "ItemHead", text="81  Subsection 314A(5C)"
[parser-unknown-class] "ItemHead", text="82  Section 554"
[parser-unknown-class] "ItemHead", text="83  Subparagraph 557(1)(b)(i)"
[parser-unknown-class] "ItemHead", text="84  Subparagraph 557(1)(b)(ii)"
[parser-unknown-class] "ItemHead", text="85  Paragraph 561(1)(a)"
[parser-unknown-class] "ItemHead", text="86  Paragraph 561(1)(b)"
[parser-unknown-class] "ItemHead", text="87  Section 562 (heading)"
[parser-unknown-class] "ItemHead", text="88  Section 562"
[parser-unknown-class] "ItemHead", text="89  Clause 35 of Schedule 3 (heading)"
[parser-unknown-class] "ItemHead", text="90  Subclause 35(1) of Schedule 3"
[parser-unknown-class] "ItemHead", text="91  Subclause 35(2) of Schedule 3"
[parser-unknown-class] "ItemHead", text="92  Subclause 35(4) of Schedule 3 (definition of decision)"
[parser-unknown-class] "ItemHead", text="93  Paragraph 57A(3)(b) of Schedule 3A"
[parser-unknown-class] "ItemHead", text="94  Paragraph 72A(3)(b) of Schedule 3A"
[parser-unknown-class] "ActHead6", text="Schedule 13—Prime Minister and Cabinet"
[parser-unknown-class] "ActHead9", text="Aboriginal and Torres Strait Islander Act 2005"
[parser-unknown-class] "ItemHead", text="1  Subsection 143R(2)"
[parser-unknown-class] "ItemHead", text="2  Section 181B"
[parser-unknown-class] "ItemHead", text="3  Section 196A (heading)"
[parser-unknown-class] "ItemHead", text="4  Subsection 196A(1)"
[parser-unknown-class] "ItemHead", text="5  Subsection 196A(2)"
[parser-unknown-class] "ActHead9", text="Aboriginal and Torres Strait Islander Commission Amendment Act 2005"
[parser-unknown-class] "ItemHead", text="6  Subitem 208(1) of Schedule 1"
[parser-unknown-class] "ActHead9", text="Corporations (Aboriginal and Torres Strait Islander) Act 2006"
[parser-unknown-class] "ItemHead", text="7  Subsection 404‑15(7)"
[parser-unknown-class] "ItemHead", text="8  Subsection 404‑15(7)"
[parser-unknown-class] "ItemHead", text="9  Section 614‑1 (paragraph beginning “Division 620”)"
[parser-unknown-class] "ItemHead", text="10  Section 614‑1 (paragraph beginning “Division 623”)"
[parser-unknown-class] "ItemHead", text="11  Subsection 617‑10(5)"
[parser-unknown-class] "ItemHead", text="12  Division 623 (heading)"
[parser-unknown-class] "ItemHead", text="13  Section 623‑1 (heading)"
[parser-unknown-class] "ItemHead", text="14  Section 623‑1"
[parser-unknown-class] "ItemHead", text="15  Section 700‑1 (definition of AAT)"
[parser-unknown-class] "ActHead6", text="Schedule 14—Treasury"
[parser-unknown-class] "ActHead9", text="Banking Act 1959"
[parser-unknown-class] "ItemHead", text="1  Paragraph 22A(5)(c)"
[parser-unknown-class] "ItemHead", text="2  Section 51A (definition of decision)"
[parser-unknown-class] "ItemHead", text="3  Subsection 51C(1)"
[parser-unknown-class] "ItemHead", text="4  Subsection 51C(2)"
[parser-unknown-class] "ItemHead", text="5  Subsection 51C(3)"
[parser-unknown-class] "ItemHead", text="6  After subsection 51C(3)"
[parser-unknown-class] "ItemHead", text="7  Paragraph 51D(1)(b)"
[parser-unknown-class] "ItemHead", text="8  Paragraph 51D(1)(b)"
[parser-unknown-class] "ItemHead", text="9  Subsection 51D(4)"
[parser-unknown-class] "ItemHead", text="10  Subsection 51D(4)"
[parser-unknown-class] "ActHead9", text="Financial Institutions Supervisory Levies Collection Act 1998"
[parser-unknown-class] "ItemHead", text="11  Subsection 27(6)"
[parser-unknown-class] "ItemHead", text="12  Subsection 27(7)"
[parser-unknown-class] "ItemHead", text="13  Subsection 27(8)"
[parser-unknown-class] "ItemHead", text="14  Subsection 27(9)"
[parser-unknown-class] "ItemHead", text="15  Paragraph 28(1)(b)"
[parser-unknown-class] "ItemHead", text="16  Subsection 28(2)"
[parser-unknown-class] "ActHead9", text="Financial Sector (Collection of Data) Act 2001"
[parser-unknown-class] "ItemHead", text="17  Paragraph 25A(2)(b)"
[parser-unknown-class] "ItemHead", text="18  Paragraph 25A(2)(b)"
[parser-unknown-class] "ItemHead", text="19  Paragraphs 25C(3)(b) to (d)"
[parser-unknown-class] "ItemHead", text="20  Subparagraph 25C(3)(e)(ii)"
[parser-unknown-class] "ItemHead", text="21  Section 25D (heading)"
[parser-unknown-class] "ItemHead", text="22  Subsection 25D(1)"
[parser-unknown-class] "ItemHead", text="23  Subsection 25D(2)"
[parser-unknown-class] "ItemHead", text="24  Paragraph 25D(2)(b)"
[parser-unknown-class] "ItemHead", text="25  Subsection 25D(3)"
[parser-unknown-class] "ItemHead", text="26  Subsections 25D(4) and (5)"
[parser-unknown-class] "ItemHead", text="27  Subsection 25D(6)"
[parser-unknown-class] "ItemHead", text="28  Section 31 (definition of decision)"
[parser-unknown-class] "ActHead9", text="Insurance Acquisitions and Takeovers Act 1991"
[parser-unknown-class] "ItemHead", text="29  Section 67 (heading)"
[parser-unknown-class] "ItemHead", text="30  Subsection 67(1)"
[parser-unknown-class] "ItemHead", text="31  Subsection 67(2)"
[parser-unknown-class] "ItemHead", text="32  Subsection 67(3)"
[parser-unknown-class] "ItemHead", text="33  Subsection 67(5)"
[parser-unknown-class] "ItemHead", text="34  Subsection 67(6)"
[parser-unknown-class] "ItemHead", text="35  Subsection 67(7)"
[parser-unknown-class] "ItemHead", text="36  Paragraph 68(1)(b)"
[parser-unknown-class] "ItemHead", text="37  Subsection 68(2)"
[parser-unknown-class] "ActHead9", text="Insurance Act 1973"
[parser-unknown-class] "ItemHead", text="38  Paragraph 26A(5)(c)"
[parser-unknown-class] "ItemHead", text="39  Subsection 63(1) (definition of decision)"
[parser-unknown-class] "ItemHead", text="40  Subsection 63(7)"
[parser-unknown-class] "ItemHead", text="41  Subsection 63(8)"
[parser-unknown-class] "ItemHead", text="42  Subsection 63(9)"
[parser-unknown-class] "ItemHead", text="43  Subsections 63(12) and (12A)"
[parser-unknown-class] "ItemHead", text="44  Subsection 63(13)"
[parser-unknown-class] "ItemHead", text="45  Paragraph 64(1)(b)"
[parser-unknown-class] "ItemHead", text="46  Subsection 64(2)"
[parser-unknown-class] "ItemHead", text="47  Subparagraph 93(6)(c)(ii)"
[parser-unknown-class] "ActHead9", text="Life Insurance Act 1995"
[parser-unknown-class] "ItemHead", text="48  Subsection 236(8)"
[parser-unknown-class] "ItemHead", text="49  Subsection 236(9)"
[parser-unknown-class] "ItemHead", text="50  Subsection 236(10)"
[parser-unknown-class] "ItemHead", text="51  Subsection 237(3)"
[parser-unknown-class] "ItemHead", text="52  Subsection 237(4)"
[parser-unknown-class] "ItemHead", text="53  Paragraph 245C(5)(b)"
[parser-unknown-class] "ActHead9", text="Private Health Insurance (Prudential Supervision) Act 2015"
[parser-unknown-class] "ItemHead", text="54  Paragraph 122(5)(c)"
[parser-unknown-class] "ItemHead", text="55  Subsection 168(7) (heading)"
[parser-unknown-class] "ItemHead", text="56  Subsection 168(7)"
[parser-unknown-class] "ItemHead", text="57  Subsection 168(8)"
[parser-unknown-class] "ItemHead", text="58  Subsection 168(9)"
[parser-unknown-class] "ItemHead", text="59  At the end of section 168"
[parser-unknown-class] "ItemHead", text="60  Paragraph 169(1)(b)"
[parser-unknown-class] "ItemHead", text="61  Subsection 169(2)"
[parser-unknown-class] "ActHead9", text="Product Grants and Benefits Administration Act 2000"
[parser-unknown-class] "ItemHead", text="62  Subsection 24A(4) (paragraph (b) of the definition of decision to which this section applies)"
[parser-unknown-class] "ActHead6", text="Schedule 15—Acts with State and Territory consultation requirements"
[parser-unknown-class] "ActHead7", text="Part 1—Main amendments"
[parser-unknown-class] "ActHead9", text="Agricultural and Veterinary Chemical Products (Collection of Levy) Act 1994"
[parser-unknown-class] "ItemHead", text="1  Subsection 18(9)"
[parser-unknown-class] "ItemHead", text="2  Subsection 18(10)"
[parser-unknown-class] "ActHead9", text="Agricultural and Veterinary Chemicals (Administration) Act 1992"
[parser-unknown-class] "ItemHead", text="3  Paragraphs 69D(1C)(a) and (b)"
[parser-unknown-class] "ActHead9", text="Agricultural and Veterinary Chemicals Code Act 1994"
[parser-unknown-class] "ItemHead", text="4  Paragraphs 168(1)(a) and (b) of the Code set out in the Schedule"
[parser-unknown-class] "ActHead9", text="Australian Education Act 2013"
[parser-unknown-class] "ItemHead", text="5  Subsection 122(4)"
[parser-unknown-class] "ActHead9", text="Criminal Code Act 1995"
[parser-unknown-class] "ItemHead", text="6  Section 72.30 of the Criminal Code (heading)"
[parser-unknown-class] "ItemHead", text="7  Subsections 72.30(1) and (2) of the Criminal Code"
[parser-unknown-class] "ItemHead", text="8  Paragraph 105.47(2)(f) of the Criminal Code"
[parser-unknown-class] "ItemHead", text="9  Subsections 105.51(5) to (9) of the Criminal Code"
[parser-unknown-class] "ActHead9", text="Fair Work Act 2009"
[parser-unknown-class] "ItemHead", text="10  Section 12 (definition of AAT presidential member)"
[parser-unknown-class] "ItemHead", text="11  Section 12"
[parser-unknown-class] "ActHead9", text="Gene Technology Act 2000"
[parser-unknown-class] "ItemHead", text="12  Subsection 19(3)"
[parser-unknown-class] "ActHead9", text="Greenhouse and Energy Minimum Standards Act 2012"
[parser-unknown-class] "ItemHead", text="13  Section 3 (paragraph beginning “Decisions about registration”)"
[parser-unknown-class] "ItemHead", text="14  Section 163 (paragraph beginning “Reviewable decisions made by”)"
[parser-unknown-class] "ItemHead", text="15  Subsection 167(3)"
[parser-unknown-class] "ActHead9", text="Mutual Recognition Act 1992"
[parser-unknown-class] "ItemHead", text="16  Paragraphs 34(3)(a) and (b)"
[parser-unknown-class] "ActHead9", text="National Vocational Education and Training Regulator Act 2011"
[parser-unknown-class] "ItemHead", text="17  Subsection 59(2)"
[parser-unknown-class] "ItemHead", text="18  Subsection 197(3)"
[parser-unknown-class] "ActHead9", text="Research Involving Human Embryos Act 2002"
[parser-unknown-class] "ItemHead", text="19  Subsection 45(3)"
[parser-unknown-class] "ActHead9", text="Trans‑Tasman Mutual Recognition Act 1997"
[parser-unknown-class] "ItemHead", text="20  Subsection 4(1) (definition of Australian Tribunal)"
[parser-unknown-class] "ItemHead", text="21  Paragraphs 33(3)(a) and (b)"
[parser-unknown-class] "ItemHead", text="22  Subsection 35(3)"
[parser-unknown-class] "ItemHead", text="23  Subsection 35(5)"
[parser-unknown-class] "ActHead7", text="Part 2—Bulk amendments"
[parser-unknown-class] "ActHead9", text="Agricultural and Veterinary Chemical Products (Collection of Levy) Act 1994"
[parser-unknown-class] "ItemHead", text="24  Amendments of listed provisions"
[parser-unknown-class] "ActHead9", text="Agricultural and Veterinary Chemicals Act 1994"
[parser-unknown-class] "ItemHead", text="25  Amendments of listed provisions"
[parser-unknown-class] "ActHead9", text="Agricultural and Veterinary Chemicals (Administration) Act 1992"
[parser-unknown-class] "ItemHead", text="26  Amendments of listed provisions"
[parser-unknown-class] "ActHead9", text="Agricultural and Veterinary Chemicals Code Act 1994"
[parser-unknown-class] "ItemHead", text="27  Amendments of listed provisions"
[parser-unknown-class] "ActHead9", text="Australian Education Act 2013"
[parser-unknown-class] "ItemHead", text="28  Amendments of listed provisions"
[parser-unknown-class] "ActHead9", text="Fair Work Act 2009"
[parser-unknown-class] "ItemHead", text="29  Amendments of listed provisions"
[parser-unknown-class] "ActHead9", text="Gene Technology Act 2000"
[parser-unknown-class] "ItemHead", text="30  Amendments of listed provisions"
[parser-unknown-class] "ActHead9", text="Greenhouse and Energy Minimum Standards Act 2012"
[parser-unknown-class] "ItemHead", text="31  Amendments of listed provisions"
[parser-unknown-class] "ActHead9", text="Mutual Recognition Act 1992"
[parser-unknown-class] "ItemHead", text="32  Amendments of listed provisions"
[parser-unknown-class] "ActHead9", text="National Vocational Education and Training Regulator Act 2011"
[parser-unknown-class] "ItemHead", text="33  Amendments of listed provisions"
[parser-unknown-class] "ActHead9", text="Personal Property Securities Act 2009"
[parser-unknown-class] "ItemHead", text="34  Amendments of listed provisions"
[parser-unknown-class] "ActHead9", text="Research Involving Human Embryos Act 2002"
[parser-unknown-class] "ItemHead", text="35  Amendments of listed provisions"
[parser-unknown-class] "ActHead9", text="Trans‑Tasman Mutual Recognition Act 1997"
[parser-unknown-class] "ItemHead", text="36  Amendments of listed provisions"
[parser-unknown-class] "ActHead6", text="Schedule 16—Amendment of the Administrative Review Tribunal Act 2024"
[parser-unknown-class] "ActHead9", text="Administrative Review Tribunal Act 2024"
[parser-unknown-class] "ItemHead", text="1  Section 4 (paragraph (e) of the definition of agency head)"
[parser-unknown-class] "ItemHead", text="2  Section 4 (paragraph (d) of the definition of intelligence and security decision)"
[parser-unknown-class] "ItemHead", text="3  Section 4 (definition of preventative detention decision)"
[parser-unknown-class] "ItemHead", text="4  Subsection 135(2) (table item 3)"
[parser-unknown-class] "ItemHead", text="5  Subsection 137(2) (table item 3)"
[parser-unknown-class] "ItemHead", text="6  Subsection 138(1)"
[parser-unknown-class] "ItemHead", text="7  Subsection 140(1)"
[parser-unknown-class] "ItemHead", text="8  Paragraph 145(1)(a)"
[parser-unknown-class] "ItemHead", text="9  Section 146"
[parser-unknown-class] "ItemHead", text="10  Subsection 147(2) (table item 3)"
[parser-unknown-class] "ItemHead", text="11  Section 164"
[parser-unknown-class] "ItemHead", text="12  Paragraph 165(a)"
[parser-unknown-class] "2ndRd", text=""
[parser-unknown-class] "2ndRd", text="[Minister’s second reading speech made in—"
[parser-unknown-class] "2ndRd", text="House of Representatives on 7 February 2024"
[parser-unknown-class] "2ndRd", text="Senate on 25 March 2024]"
[parser-diag] processed 3009 <p> elements
[parser-diag] last section was added at element index: 2404
[parser-diag] state phase at end: BODY
[parser-diag] hierarchy stack depth at end: 2
[parser-diag] insideSchedule at end: false
[parse] sections: 6
[parse] compilation: date=(none) no=(none)
[parse] by level:
         section      5
         division     1
[db] inserted new legislation row: 0fc04772-b9a2-495d-8fae-a2a227ecdcf8
[db] inserting 6 sections (pass 1)
[db] inserted 6 sections
[db] linking parent FKs (pass 2)
[db] linked 1 parent references

[done] ingested Administrative Review Tribunal (Consequential and Transitional Provisions No. 2) Act 2024
       legislation_id: 0fc04772-b9a2-495d-8fae-a2a227ecdcf8
       sections: 6
       compilation: 2024-05-31
