[fetch] document_1: https://www.legislation.gov.au/C2025A00052/2025-11-04/2025-11-04/text/original/epub/OEBPS/document_1/document_1.html
[fetch] document_1: 164,698 bytes
[fetch] document_2: https://www.legislation.gov.au/C2025A00052/2025-11-04/2025-11-04/text/original/epub/OEBPS/document_2/document_2.html
[fetch] document_2 not found — stopping. Fetched 1 document(s).
[fetch] combined 1 document(s), 164,698 source bytes → 162,041 combined bytes
[citation] Commonwealth Workplace Protection Orders Act 2025 (Cth)
[parse] starting
[parser-diag] total <p> elements found: 633
[parser-unknown-class] "2ndRd", text="[Minister’s second reading speech made in—"
[parser-unknown-class] "2ndRd", text="House of Representatives on 31 July 2025"
[parser-unknown-class] "2ndRd", text="Senate on 1 September 2025]"
[parser-diag] processed 633 <p> elements
[parser-diag] last section was added at element index: 614
[parser-diag] state phase at end: BODY
[parser-diag] hierarchy stack depth at end: 2
[parser-diag] insideSchedule at end: false
[parse] sections: 67
[parse] compilation: date=(none) no=(none)
[parse] by level:
         part         4
         section      48
         division     9
         subdivision  6
[db] inserted new legislation row: 80b33f15-532c-4352-ab5b-34feb512d6e4
[db] inserting 67 sections (pass 1)
[db] inserted 67 sections
[db] linking parent FKs (pass 2)
[db] linked 63 parent references

[done] ingested Commonwealth Workplace Protection Orders Act 2025
       legislation_id: 80b33f15-532c-4352-ab5b-34feb512d6e4
       sections: 67
       compilation: 2025-11-04
