[fetch] document_1: https://www.legislation.gov.au/C2024A00034/2025-02-21/2025-02-21/text/original/epub/OEBPS/document_1/document_1.html
[fetch] document_1: 347,133 bytes
[fetch] document_2: https://www.legislation.gov.au/C2024A00034/2025-02-21/2025-02-21/text/original/epub/OEBPS/document_2/document_2.html
[fetch] document_2 not found — stopping. Fetched 1 document(s).
[fetch] combined 1 document(s), 347,133 source bytes → 343,915 combined bytes
[citation] New Vehicle Efficiency Standard Act 2024 (Cth)
[parse] starting
[parser-diag] total <p> elements found: 1388
[parser-diag] processed 1388 <p> elements
[parser-diag] last section was added at element index: 1254
[parser-diag] state phase at end: ENDNOTES
[parser-diag] hierarchy stack depth at end: 3
[parser-diag] insideSchedule at end: false
[parse] sections: 134
[parse] compilation: date=2025-02-21 no=1
[parse] by level:
         part         6
         section      93
         division     27
         subdivision  8
[db] inserted new legislation row: c80eb0bd-b32e-4c5a-b3c0-64a0bfbd99f2
[db] inserting 134 sections (pass 1)
[db] inserted 134 sections
[db] linking parent FKs (pass 2)
[db] linked 128 parent references

[done] ingested New Vehicle Efficiency Standard Act 2024
       legislation_id: c80eb0bd-b32e-4c5a-b3c0-64a0bfbd99f2
       sections: 134
       compilation: 2025-02-21
