[fetch] document_1: https://www.legislation.gov.au/C2026A00042/2026-04-08/2026-04-08/text/original/epub/OEBPS/document_1/document_1.html
[fetch] document_1: 588,357 bytes
[fetch] document_2: https://www.legislation.gov.au/C2026A00042/2026-04-08/2026-04-08/text/original/epub/OEBPS/document_2/document_2.html
[fetch] document_2 not found — stopping. Fetched 1 document(s).
[fetch] combined 1 document(s), 588,357 source bytes → 585,842 combined bytes
[citation] High Seas Biodiversity Act 2026 (Cth)
[parse] starting
[parser-diag] total <p> elements found: 2259
[parser-unknown-class] "2ndRd", text="[Minister’s second reading speech made in—"
[parser-unknown-class] "2ndRd", text="Senate on 4 February 2026"
[parser-unknown-class] "2ndRd", text="House of Representatives on 26 March 2026]"
[parser-diag] processed 2259 <p> elements
[parser-diag] last section was added at element index: 2230
[parser-diag] state phase at end: BODY
[parser-diag] hierarchy stack depth at end: 3
[parser-diag] insideSchedule at end: false
[parse] sections: 224
[parse] compilation: date=(none) no=(none)
[parse] by level:
         part         8
         division     29
         section      156
         subdivision  31
[db] inserted new legislation row: ffe581fe-a5b1-4bc7-8ba0-dbac8ebdd1de
[db] inserting 224 sections (pass 1)
[db] inserted 224 sections
[db] linking parent FKs (pass 2)
[db] linked 216 parent references

[done] ingested High Seas Biodiversity Act 2026
       legislation_id: ffe581fe-a5b1-4bc7-8ba0-dbac8ebdd1de
       sections: 224
       compilation: 2026-04-08
