[fetch] document_1: https://www.legislation.gov.au/C2020A00119/2024-10-14/2024-10-14/text/original/epub/OEBPS/document_1/document_1.html
[fetch] document_1: 832,344 bytes
[fetch] document_2: https://www.legislation.gov.au/C2020A00119/2024-10-14/2024-10-14/text/original/epub/OEBPS/document_2/document_2.html
[fetch] document_2 not found — stopping. Fetched 1 document(s).
[fetch] combined 1 document(s), 832,344 source bytes → 829,369 combined bytes
[citation] Recycling and Waste Reduction Act 2020 (Cth)
[parse] starting
[parser-diag] total <p> elements found: 3090
[parser-diag] processed 3090 <p> elements
[parser-diag] last section was added at element index: 2958
[parser-diag] state phase at end: ENDNOTES
[parser-diag] hierarchy stack depth at end: 2
[parser-diag] insideSchedule at end: false
[parse] sections: 250
[parse] compilation: date=2024-10-14 no=2
[parse] by level:
         chapter      5
         part         26
         section      189
         division     22
         subdivision  8
[db] inserted new legislation row: 2cc89f80-678f-447b-a51a-49271e16aca4
[db] inserting 250 sections (pass 1)
[db] inserted 250 sections
[db] linking parent FKs (pass 2)
[db] linked 245 parent references

[done] ingested Recycling and Waste Reduction Act 2020
       legislation_id: 2cc89f80-678f-447b-a51a-49271e16aca4
       sections: 250
       compilation: 2024-10-14
