[fetch] document_1: https://www.legislation.gov.au/C2022A00089/2023-07-01/2023-07-01/text/original/epub/OEBPS/document_1/document_1.html
[fetch] document_1: 360,968 bytes
[fetch] document_2: https://www.legislation.gov.au/C2022A00089/2023-07-01/2023-07-01/text/original/epub/OEBPS/document_2/document_2.html
[fetch] document_2 not found — stopping. Fetched 1 document(s).
[fetch] combined 1 document(s), 360,968 source bytes → 354,966 combined bytes
[citation] National Anti-Corruption Commission (Consequential and Transitional Provisions) Act 2022 (Cth)
[parse] starting
[parser-diag] total <p> elements found: 1560
[parser-unknown-class] "ActHead6", text="Schedule 1—Amendments"
[parser-unknown-class] "ActHead7", text="Part 1—Repeals"
[parser-unknown-class] "ActHead9", text="Law Enforcement Integrity Commissioner Act 2006"
[parser-unknown-class] "ItemHead", text="1  The whole of the Act"
[parser-unknown-class] "ActHead7", text="Part 2—Consequential amendments"
[parser-unknown-class] "ActHead9", text="Administrative Decisions (Judicial Review) Act 1977"
[parser-unknown-class] "ItemHead", text="2  At the end of Schedule 1"
[parser-unknown-class] "ItemHead", text="3  Paragraph (eaa) of Schedule 2"
[parser-unknown-class] "ActHead9", text="Anti‑Money Laundering and Counter‑Terrorism Financing Act 2006"
[parser-unknown-class] "ItemHead", text="4  Section 5 (definition of Australian Commission for Law Enforcement Integrity officer)"
[parser-unknown-class] "ItemHead", text="5  Section 5 (paragraph (e) of the definition of entrusted investigating official)"
[parser-unknown-class] "ItemHead", text="6  Section 5 (definition of Integrity Commissioner)"
[parser-unknown-class] "ItemHead", text="7  Section 5 (paragraph (f) of the definition of investigating officer)"
[parser-unknown-class] "ItemHead", text="8  Section 5"
[parser-unknown-class] "ItemHead", text="9  Paragraph 49(1)(f)"
[parser-unknown-class] "ItemHead", text="10  Paragraph 121(2)(e)"
[parser-unknown-class] "ActHead9", text="Archives Act 1983"
[parser-unknown-class] "ItemHead", text="11  Paragraph 33(1A)(ba)"
[parser-unknown-class] "ActHead9", text="Australian Border Force Act 2015"
[parser-unknown-class] "ItemHead", text="12  Section 43 (heading)"
[parser-unknown-class] "ItemHead", text="13  Paragraph 43(b)"
[parser-unknown-class] "ActHead9", text="Australian Crime Commission Act 2002"
[parser-unknown-class] "ItemHead", text="14  Subparagraph 7A(ca)(iii)"
[parser-unknown-class] "ItemHead", text="15  Paragraph 21C(2)(g)"
[parser-unknown-class] "ItemHead", text="16  Paragraph 21C(4)(e)"
[parser-unknown-class] "ItemHead", text="17  Paragraph 29B(2)(g)"
[parser-unknown-class] "ItemHead", text="18  Paragraph 29B(4)(e)"
[parser-unknown-class] "ItemHead", text="19  Subsection 51(4) (paragraph (c) of the definition of relevant Act)"
[parser-unknown-class] "ActHead9", text="Australian Federal Police Act 1979"
[parser-unknown-class] "ItemHead", text="20  Subsection 4(1) (definition of corrupt conduct)"
[parser-unknown-class] "ItemHead", text="21  Subsection 4(1) (definition of corruption issue)"
[parser-unknown-class] "ItemHead", text="22  Subsection 4(1) (definition of engages in corrupt conduct)"
[parser-unknown-class] "ItemHead", text="23  Subsection 4(1)"
[parser-unknown-class] "ItemHead", text="24  Paragraph 40RB(2)(c)"
[parser-unknown-class] "ItemHead", text="25  At the end of paragraphs 40TL(1)(b) and (2)(b)"
[parser-unknown-class] "ItemHead", text="26  Subsection 40TL(3)"
[parser-unknown-class] "ItemHead", text="27  Subsection 40TO(7)"
[parser-unknown-class] "ItemHead", text="28  Paragraph 40UB(1)(b)"
[parser-unknown-class] "ItemHead", text="29  Subsections 40UD(3) and 40WA(4)"
[parser-unknown-class] "ItemHead", text="30  Subsection 40WA(4)"
[parser-unknown-class] "ItemHead", text="31  Subsection 40WB(1) (including the note)"
[parser-unknown-class] "ItemHead", text="32  Paragraph 60A(2)(d)"
[parser-unknown-class] "ItemHead", text="33  Subsection 60A(3) (subparagraph (a)(ii) of the definition of prescribed information)"
[parser-unknown-class] "ActHead9", text="Australian Securities and Investments Commission Act 2001"
[parser-unknown-class] "ItemHead", text="34  Section 39H (modified paragraph 3ZQU(4)(h) of the Crimes Act 1914)"
[parser-unknown-class] "ActHead9", text="Crimes Act 1914"
[parser-unknown-class] "ItemHead", text="35  Subsection 3(1)"
[parser-unknown-class] "ItemHead", text="36  Subsection 3(1) (definition of Integrity Commissioner)"
[parser-unknown-class] "ItemHead", text="37  Subsection 3(1) (paragraph (ba) of the definition of law enforcement officer)"
[parser-unknown-class] "ItemHead", text="38  Subsection 3(1)"
[parser-unknown-class] "ItemHead", text="39  Subsection 3(1) (definition of staff member of ACLEI)"
[parser-unknown-class] "ItemHead", text="40  Paragraph 3ZQU(1)(i)"
[parser-unknown-class] "ItemHead", text="41  Paragraph 3ZZEA(1)(h)"
[parser-unknown-class] "ItemHead", text="42  Section 15GC (definition of ACLEI authorising officer)"
[parser-unknown-class] "ItemHead", text="43  Section 15GC (paragraph (c) of the definition of appropriate authorising officer)"
[parser-unknown-class] "ItemHead", text="44  Section 15GC (paragraph (c) of the definition of authorising agency)"
[parser-unknown-class] "ItemHead", text="45  Section 15GC (paragraph (e) of the definition of chief officer)"
[parser-unknown-class] "ItemHead", text="46  Section 15GC (paragraph (c) of the definition of disciplinary or legal action)"
[parser-unknown-class] "ItemHead", text="47  Section 15GC"
[parser-unknown-class] "ItemHead", text="48  Section 15GC (subparagraph (b)(iii) of the definition of entrusted person)"
[parser-unknown-class] "ItemHead", text="49  Section 15GC (subparagraph (b)(v) of the definition of entrusted person)"
[parser-unknown-class] "ItemHead", text="50  Section 15GC (paragraph (c) of the definition of entrusted person)"
[parser-unknown-class] "ItemHead", text="51  Section 15GC (paragraph (e) of the definition of law enforcement agency)"
[parser-unknown-class] "ItemHead", text="52  Section 15GC"
[parser-unknown-class] "ItemHead", text="53  Section 15GC (definition of staff member)"
[parser-unknown-class] "ItemHead", text="54  Section 15GC (note to definition of staff member)"
[parser-unknown-class] "ItemHead", text="55  Section 15GC (at the end of the definition of target agency)"
[parser-unknown-class] "ItemHead", text="56  Paragraph 15GF(1)(d)"
[parser-unknown-class] "ItemHead", text="57  Subsection 15GF(4)"
[parser-unknown-class] "ItemHead", text="58  Paragraph 15HG(5)(d)"
[parser-unknown-class] "ItemHead", text="59  Paragraph 15HK(2A)(b)"
[parser-unknown-class] "ItemHead", text="60  Paragraph 15HK(3)(a)"
[parser-unknown-class] "ItemHead", text="61  Subparagraph 15HK(3)(c)(i)"
[parser-unknown-class] "ItemHead", text="62  Paragraph 15J(1)(a)"
[parser-unknown-class] "ItemHead", text="63  Section 15JA (paragraph beginning “This Part provides”)"
[parser-unknown-class] "ItemHead", text="64  Section 15JA (paragraph beginning “Integrity testing”)"
[parser-unknown-class] "ItemHead", text="65  Section 15JC"
[parser-unknown-class] "ItemHead", text="66  Section 15JC (definition of corruption issue)"
[parser-unknown-class] "ItemHead", text="67  Section 15JC (note to definition of corruption issue)"
[parser-unknown-class] "ItemHead", text="68  Section 15JC (paragraph (c) of the definition of disciplinary or legal action)"
[parser-unknown-class] "ItemHead", text="69  Section 15JC"
[parser-unknown-class] "ItemHead", text="70  Section 15JC (paragraph (b) of the definition of integrity testing agency)"
[parser-unknown-class] "ItemHead", text="71  Section 15JC (at the end of the definition of integrity testing agency)"
[parser-unknown-class] "ItemHead", text="72  Section 15JC (paragraph (b) of the definition of law enforcement participant)"
[parser-unknown-class] "ItemHead", text="73  Section 15JC (definition of staff member)"
[parser-unknown-class] "ItemHead", text="74  Section 15JC (note to definition of staff member)"
[parser-unknown-class] "ItemHead", text="75  Section 15JC (at the end of the definition of target agency)"
[parser-unknown-class] "ItemHead", text="76  Subsection 15JD(2) (note 1)"
[parser-unknown-class] "ItemHead", text="77  Subsection 15JE(1) (table item 4)"
[parser-unknown-class] "ItemHead", text="78  Subsection 15JE(1) (note 1)"
[parser-unknown-class] "ItemHead", text="79  Subsection 15JE(2)"
[parser-unknown-class] "ItemHead", text="80  Paragraph 15JG(2)(c)"
[parser-unknown-class] "ItemHead", text="81  Section 15JI (heading)"
[parser-unknown-class] "ItemHead", text="82  Paragraphs 15JI(b) and 15JK(3)(b)"
[parser-unknown-class] "ItemHead", text="83  Paragraph 15JQ(2)(d)"
[parser-unknown-class] "ItemHead", text="84  Paragraphs 15JQ(3)(a) and (d)"
[parser-unknown-class] "ItemHead", text="85  Paragraph 15JR(2)(d)"
[parser-unknown-class] "ItemHead", text="86  Paragraphs 15JR(3)(a) and (d)"
[parser-unknown-class] "ItemHead", text="87  Subsection 15JS(5) (paragraph (d) of the definition of chief officer)"
[parser-unknown-class] "ItemHead", text="88  Subsection 15JS(5) (definition of Law Enforcement Minister)"
[parser-unknown-class] "ItemHead", text="89  Section 15K (subparagraph (c)(iv) of the definition of chief officer)"
[parser-unknown-class] "ItemHead", text="90  Section 15K (paragraph (d) of the definition of law enforcement agency)"
[parser-unknown-class] "ItemHead", text="91  Section 15K (paragraph (d) of the definition of law enforcement officer)"
[parser-unknown-class] "ItemHead", text="92  Paragraph 15KB(4)(d)"
[parser-unknown-class] "ItemHead", text="93  Paragraph 15KB(4)(d)"
[parser-unknown-class] "ItemHead", text="94  After paragraph 15LC(4)(d)"
[parser-unknown-class] "ItemHead", text="95  Subsection 15LD(1)"
[parser-unknown-class] "ItemHead", text="96  Paragraph 15LD(1)(g)"
[parser-unknown-class] "ItemHead", text="97  Subsections 15LD(2) and (3)"
[parser-unknown-class] "ItemHead", text="98  Subsection 15LH(3) (paragraph (d) of the definition of senior officer)"
[parser-unknown-class] "ItemHead", text="99  Subsection 15M(1) (paragraph (d) of the definition of chief officer)"
[parser-unknown-class] "ItemHead", text="100  Subsection 15M(1) (paragraph (d) of the definition of law enforcement agency)"
[parser-unknown-class] "ItemHead", text="101  Section 85ZL (paragraph (bb) of the definition of law enforcement agency)"
[parser-unknown-class] "ActHead9", text="Criminal Code Act 1995"
[parser-unknown-class] "ItemHead", text="102  Subparagraph 122.5(3)(a)(iii) of the Criminal Code"
[parser-unknown-class] "ItemHead", text="103  Paragraph 122.5(3)(b) of the Criminal Code"
[parser-unknown-class] "ItemHead", text="104  Subparagraph 122.5(12)(b)(ii) of the Criminal Code"
[parser-unknown-class] "ItemHead", text="105  Section 146.1 of the Criminal Code (paragraph (aa) of the definition of Commonwealth law enf..."
[parser-unknown-class] "ItemHead", text="106  Section 146.1 of the Criminal Code (paragraph (ab) of the definition of Commonwealth law enf..."
[parser-unknown-class] "ItemHead", text="107  Section 473.1 of the Criminal Code (at the end of the definition of law enforcement officer)"
[parser-unknown-class] "ActHead9", text="Data Availability and Transparency Act 2022"
[parser-unknown-class] "ItemHead", text="108  Subsection 11(3) (paragraph (a) of the definition of excluded entity)"
[parser-unknown-class] "ItemHead", text="109  Subsection 11(3) (after paragraph (a) of the definition of excluded entity)"
[parser-unknown-class] "ItemHead", text="110  Paragraph 108(2)(k)"
[parser-unknown-class] "ItemHead", text="111  After paragraph 108(2)(k)"
[parser-unknown-class] "ActHead9", text="Financial Transaction Reports Act 1988"
[parser-unknown-class] "ItemHead", text="112  Subsection 3(1) (definition of Integrity Commissioner)"
[parser-unknown-class] "ItemHead", text="113  Subsection 3(1)"
[parser-unknown-class] "ItemHead", text="114  Subsection 3(1) (definition of staff member of ACLEI)"
[parser-unknown-class] "ItemHead", text="115  Subsection 16(6) (paragraph (d) of the definition of investigating officer)"
[parser-unknown-class] "ItemHead", text="116  Subsection 16(6) (paragraph (aa) of the definition of relevant authority)"
[parser-unknown-class] "ActHead9", text="Inspector‑General of Intelligence and Security Act 1986"
[parser-unknown-class] "ItemHead", text="117  Subsection 3(1) (subparagraph (a)(iv) of the definition of integrity body)"
[parser-unknown-class] "ItemHead", text="118  Subsection 3(1) (definition of Integrity Commissioner)"
[parser-unknown-class] "ItemHead", text="119  Subparagraph 11(4A)(a)(iv)"
[parser-unknown-class] "ItemHead", text="120  Section 32AD (note)"
[parser-unknown-class] "ItemHead", text="121  After section 34AA"
[parser-unknown-class] "ItemHead", text="122  At the end of section 34B"
[parser-unknown-class] "ActHead9", text="National Consumer Credit Protection Act 2009"
[parser-unknown-class] "ItemHead", text="123  Section 272F (modified paragraph 3ZQU(4)(h) of the Crimes Act 1914)"
[parser-unknown-class] "ActHead9", text="National Emergency Declaration Act 2020"
[parser-unknown-class] "ItemHead", text="124  Paragraph 15(8)(ge)"
[parser-unknown-class] "ActHead9", text="Ombudsman Act 1976"
[parser-unknown-class] "ItemHead", text="125  Subsection 3(1)"
[parser-unknown-class] "ItemHead", text="126  Subsection 5(3B)"
[parser-unknown-class] "ItemHead", text="127  Subsections 6(16) to (19)"
[parser-unknown-class] "ItemHead", text="128  Section 6B (heading)"
[parser-unknown-class] "ItemHead", text="129  Subparagraph 6B(1)(a)(i)"
[parser-unknown-class] "ItemHead", text="130  After section 6F"
[parser-unknown-class] "ItemHead", text="131  Section 8C (heading)"
[parser-unknown-class] "ItemHead", text="132  Subsection 8C(1)"
[parser-unknown-class] "ItemHead", text="133  Subsection 8C(1)"
[parser-unknown-class] "ItemHead", text="134  Subsection 8C(3)"
[parser-unknown-class] "ItemHead", text="135  Subsection 8C(7)"
[parser-unknown-class] "ItemHead", text="136  Paragraph 9(3)(f)"
[parser-unknown-class] "ItemHead", text="137  Paragraph 20ZK(1)(h)"
[parser-unknown-class] "ItemHead", text="138  Paragraph 20ZK(1)(k)"
[parser-unknown-class] "ItemHead", text="139  Subsection 20ZS(1) (table item 10, column 1)"
[parser-unknown-class] "ItemHead", text="140  Subsection 20ZS(1) (table items 11 and 12, column 1)"
[parser-unknown-class] "ItemHead", text="141  Section 35AA (heading)"
[parser-unknown-class] "ItemHead", text="142  At the end of paragraph 35AA(1)(b)"
[parser-unknown-class] "ItemHead", text="143  Subsection 35AA(2)"
[parser-unknown-class] "ItemHead", text="144  Subsection 35AA(3) (definition of corruption issue)"
[parser-unknown-class] "ItemHead", text="145  Subsection 35AA(3) (definition of Integrity Commissioner)"
[parser-unknown-class] "ItemHead", text="146  Subsection 35AA(3)"
[parser-unknown-class] "ItemHead", text="147  Section 35C (heading)"
[parser-unknown-class] "ItemHead", text="148  Subsection 35C(1)"
[parser-unknown-class] "ItemHead", text="149  Paragraph 35C(1)(c)"
[parser-unknown-class] "ItemHead", text="150  Subsection 35C(2) (definition of ACLEI information)"
[parser-unknown-class] "ItemHead", text="151  Subsection 35C(2)"
[parser-unknown-class] "ActHead9", text="Privacy Act 1988"
[parser-unknown-class] "ItemHead", text="152  Subsection 6(1) (paragraph (aa) of the definition of enforcement body)"
[parser-unknown-class] "ItemHead", text="153  Subsection 6(1) (definition of Integrity Commissioner)"
[parser-unknown-class] "ItemHead", text="154  Subparagraph 7(1)(a)(iiia)"
[parser-unknown-class] "ItemHead", text="155  Paragraph 7(1)(ga)"
[parser-unknown-class] "ItemHead", text="156  Subsection 20E(5) (note)"
[parser-unknown-class] "ItemHead", text="157  Paragraph 70(2)(c)"
[parser-unknown-class] "ActHead9", text="Proceeds of Crime Act 2002"
[parser-unknown-class] "ItemHead", text="158  Subsection 15B(1) (note 1)"
[parser-unknown-class] "ItemHead", text="159  Section 15C (note)"
[parser-unknown-class] "ItemHead", text="160  Subsections 15D(1) and 15P(1) (note)"
[parser-unknown-class] "ItemHead", text="161  Paragraph 213(3)(ca)"
[parser-unknown-class] "ItemHead", text="162  Section 338 (paragraph (aa) of the definition of authorised officer)"
[parser-unknown-class] "ActHead9", text="Public Interest Disclosure Act 2013"
[parser-unknown-class] "ItemHead", text="164  Section 8 (paragraphs (l) and (m) of the definition of designated publication restriction)"
[parser-unknown-class] "ItemHead", text="165  Section 8"
[parser-unknown-class] "ItemHead", text="166  Section 25 (paragraph beginning “a disclosure to an Australian legal practitioner”)"
[parse] sections: 7
[parse] compilation: date=2023-07-01 no=1
[parser-unknown-class] "ItemHead", text="167  Section 25 (after the paragraph beginning “a disclosure to an Australian legal practitioner”)"
[parser-unknown-class] "ItemHead", text="168  After subsection 26(1)"
[parser-unknown-class] "ItemHead", text="169  At the end of section 28"
[parser-unknown-class] "ItemHead", text="170  Section 42 (after the paragraph beginning “If a disclosure”)"
[parser-unknown-class] "ItemHead", text="175  Section 46 (after the paragraph beginning “The principal officer of”)"
[parser-unknown-class] "ItemHead", text="176  At the end of section 47"
[parser-unknown-class] "ItemHead", text="177  At the end of subsection 50(1)"
[parser-unknown-class] "ItemHead", text="178  Subsection 50(4)"
[parser-unknown-class] "ItemHead", text="179  After subsection 50(4)"
[parser-unknown-class] "ItemHead", text="180  Section 50A (heading)"
[parser-unknown-class] "ItemHead", text="181  At the end of section 50A"
[parser-unknown-class] "ItemHead", text="183  Paragraph 69(3)(c)"
[parser-unknown-class] "ActHead9", text="Radiocommunications Act 1992"
[parser-unknown-class] "ItemHead", text="184  Paragraph 27(1)(baa)"
[parser-unknown-class] "ActHead9", text="Royal Commissions Act 1902"
[parser-unknown-class] "ItemHead", text="185  Subsection 6P(2B)"
[parser-unknown-class] "ItemHead", text="186  Subsection 6P(2B)"
[parser-unknown-class] "ItemHead", text="187  Paragraph 9(3)(h)"
[parser-unknown-class] "ActHead9", text="Surveillance Devices Act 2004"
[parser-unknown-class] "ItemHead", text="188  Subsection 6(1) (note to definition of appropriate authorising officer)"
[parser-unknown-class] "ItemHead", text="189  Subsection 6(1) (definition of disciplinary proceeding)"
[parser-unknown-class] "ItemHead", text="190  Subsection 6(1)"
[parser-unknown-class] "ItemHead", text="191  Subsection 6(1) (definition of staff member of ACLEI)"
[parser-unknown-class] "ItemHead", text="191A  Subsection 6(1)"
[parser-unknown-class] "ItemHead", text="192  Subsection 6(1) (at the end of the definition of target agency)"
[parser-unknown-class] "ItemHead", text="193  Paragraph 6(4)(c)"
[parser-unknown-class] "ItemHead", text="194  Paragraph 6(4)(d)"
[parser-unknown-class] "ItemHead", text="195  Subsection 6A(6) (table item 10)"
[parser-unknown-class] "ItemHead", text="196  Section 6B"
[parser-unknown-class] "ItemHead", text="197  Section 6B"
[parser-unknown-class] "ItemHead", text="197A  Section 11"
[parser-unknown-class] "ItemHead", text="197B  Subsection 12(1) (definition of eligible Judge)"
[parser-unknown-class] "ItemHead", text="197C  Subsection 13(1)"
[parser-unknown-class] "ItemHead", text="197D  Subsection 33(1)"
[parser-unknown-class] "ItemHead", text="198  Paragraphs 37(1)(aa) and 38(1)(aa)"
[parser-unknown-class] "ItemHead", text="199  Subsection 45A(5) (definition of staff member)"
[parser-unknown-class] "ItemHead", text="200  Subparagraphs 64(1)(a)(ii) and (2)(b)(ii)"
[parser-unknown-class] "ItemHead", text="200A  Subsection 64A(1)"
[parser-unknown-class] "ItemHead", text="200B  After subsection 64A(1)"
[parser-unknown-class] "ActHead9", text="Taxation Administration Act 1953"
[parser-unknown-class] "ItemHead", text="201  Subsection 355‑65(5) in Schedule 1 (at the end of the table)"
[parser-unknown-class] "ItemHead", text="202  Paragraph 355‑70(4)(d) in Schedule 1"
[parser-unknown-class] "ItemHead", text="203  After section 355‑190 in Schedule 1"
[parser-unknown-class] "Transitional", text="204  Application provision—amendments of Taxation Administration Act 1953"
[parser-unknown-class] "ActHead9", text="Telecommunications Act 1997"
[parser-unknown-class] "ItemHead", text="205  Subsection 280(1A)"
[parser-unknown-class] "ActHead9", text="Telecommunications (Interception and Access) Act 1979"
[parser-unknown-class] "ItemHead", text="206  Subsection 5(1) (definition of Assistant Integrity Commissioner)"
[parser-unknown-class] "ItemHead", text="207  Subsection 5(1) (paragraph (aa) of the definition of certifying officer)"
[parser-unknown-class] "ItemHead", text="208  Subsection 5(1) (subparagraphs (aa)(i) and (ii) of the definition of certifying officer)"
[parser-unknown-class] "ItemHead", text="209  Subsection 5(1) (subparagraph (aa)(iii) of the definition of certifying officer)"
[parser-unknown-class] "ItemHead", text="210  Subsection 5(1) (paragraph (aa) of the definition of chief officer)"
[parser-unknown-class] "ItemHead", text="211  Subsection 5(1) (paragraph (aa) of the definition of Commonwealth agency)"
[parser-unknown-class] "ItemHead", text="212  Subsection 5(1)"
[parser-unknown-class] "ItemHead", text="213  Subsection 5(1) (definition of Integrity Commissioner)"
[parser-unknown-class] "ItemHead", text="213A  Subsection 5(1) (definition of issuing authority)"
[parser-unknown-class] "ItemHead", text="214  Subsection 5(1)"
[parser-unknown-class] "ItemHead", text="215  Subsection 5(1) (paragraph (aa) of the definition of officer)"
[parser-unknown-class] "ItemHead", text="215A  Subsection 5(1) (definition of Part 4‑1 issuing authority)"
[parser-unknown-class] "ItemHead", text="216  Subsection 5(1) (definition of permitted purpose)"
[parser-unknown-class] "ItemHead", text="217  Subsection 5(1) (paragraph (baa) of the definition of permitted purpose)"
[parser-unknown-class] "ItemHead", text="218  Subsection 5(1) (subparagraph (baa)(i) of the definition of permitted purpose)"
[parser-unknown-class] "ItemHead", text="219  Subsection 5(1) (after paragraph (baa) of the definition of permitted purpose)"
[parser-unknown-class] "ItemHead", text="220  Subsection 5(1)"
[parser-unknown-class] "ItemHead", text="221  Subsection 5(1) (paragraph (aa) of the definition of prescribed investigation)"
[parser-unknown-class] "ItemHead", text="222  Subsection 5(1) (paragraph (aa) of the definition of relevant offence)"
[parser-unknown-class] "ItemHead", text="223  Subsection 5(1) (definition of staff member of ACLEI)"
[parser-unknown-class] "ItemHead", text="224  Subsection 5(1)"
[parser-unknown-class] "ItemHead", text="224A  Subsection 5(1)"
[parser-unknown-class] "ItemHead", text="225  Subsection 5AC(2)"
[parser-unknown-class] "ItemHead", text="226  Subsection 5AC(2)"
[parser-unknown-class] "ItemHead", text="227  After paragraph 5B(1)(kc)"
[parser-unknown-class] "ItemHead", text="228  Subparagraph 6A(1)(c)(ia)"
[parser-unknown-class] "ItemHead", text="228A  Subsection 6D(1) (definition of eligible Judge)"
[parser-unknown-class] "ItemHead", text="228B  Subsection 6DA(1)"
[parser-unknown-class] "ItemHead", text="229  Paragraph 6L(2)(a)"
[parser-unknown-class] "ItemHead", text="230  Subsection 6S(1) (table items 1 and 2, column 1, paragraph (c))"
[parser-unknown-class] "ItemHead", text="231  Subsection 6S(1) (note)"
[parser-unknown-class] "ItemHead", text="232  Subsection 6S(2) (paragraph (c) of the definition of disciplinary or legal action)"
[parser-unknown-class] "ItemHead", text="233  Subsection 6S(2)"
[parser-unknown-class] "ItemHead", text="234  Subsection 6S(2) (definition of eligible staff member)"
[parser-unknown-class] "ItemHead", text="234A  Subsection 39(1)"
[parser-unknown-class] "ItemHead", text="235  Paragraph 39(2)(aa)"
[parser-unknown-class] "ItemHead", text="236  Subparagraph 39(2)(aa)(i)"
[parser-unknown-class] "ItemHead", text="237  Subparagraph 39(2)(aa)(ii)"
[parser-unknown-class] "ItemHead", text="238  Subparagraph 39(2)(aa)(iii)"
[parser-unknown-class] "ItemHead", text="239  Subparagraph 39(2)(aa)(iii)"
[parser-unknown-class] "ItemHead", text="240  After subsection 63AB(3)"
[parser-unknown-class] "ItemHead", text="241  After subsection 63AB(4)"
[parser-unknown-class] "ItemHead", text="242  After subsection 63AB(5)"
[parser-unknown-class] "ItemHead", text="243  After subsection 67(3)"
[parser-unknown-class] "ItemHead", text="244  Paragraph 68(db)"
[parser-unknown-class] "ItemHead", text="245  Paragraph 68(n)"
[parser-unknown-class] "ItemHead", text="246  Subparagraph 68(n)(ii)"
[parser-unknown-class] "ItemHead", text="247  Paragraph 68(o)"
[parser-unknown-class] "ItemHead", text="248  At the end of section 68"
[parser-unknown-class] "ItemHead", text="249  Paragraph 71(2)(ca)"
[parser-unknown-class] "ItemHead", text="250  Paragraph 110A(1)(c)"
[parser-unknown-class] "ItemHead", text="251  Subsection 140(1)"
[parser-unknown-class] "ItemHead", text="251A  Clause 2 of Schedule 1 (definition of issuing authority)"
[parser-unknown-class] "ItemHead", text="251B  Subclause 14(1) of Schedule 1"
[parser-unknown-class] "ItemHead", text="251C  Subclause 15(1) of Schedule 1"
[parser-unknown-class] "ItemHead", text="251D  Subclause 22(1) of Schedule 1"
[parser-unknown-class] "ItemHead", text="251E  After subclause 22(1) of Schedule 1"
[parser-unknown-class] "ItemHead", text="252  Paragraph 22(3)(b) of Schedule 1"
[parser-unknown-class] "ItemHead", text="253  Subparagraph 22(3)(b)(i) of Schedule 1"
[parser-unknown-class] "ItemHead", text="254  Subparagraph 22(3)(b)(ii) of Schedule 1"
[parser-unknown-class] "ItemHead", text="255  Subparagraph 22(3)(b)(iii) of Schedule 1"
[parser-unknown-class] "ItemHead", text="256  Subparagraph 22(3)(b)(iii) of Schedule 1"
[parser-unknown-class] "ItemHead", text="256A  Subclause 52(1) of Schedule 1"
[parser-unknown-class] "ItemHead", text="256B  After subclause 52(1) of Schedule 1"
[parser-unknown-class] "ItemHead", text="257  After paragraph 153(1)(q) of Schedule 1"
[parser-unknown-class] "ItemHead", text="258  Paragraph 157(1)(zc) of Schedule 1"
[parser-unknown-class] "ItemHead", text="259  Paragraph 157(2)(c) of Schedule 1 (definition of eligible purpose)"
[parser-unknown-class] "ItemHead", text="260  Subparagraph 157(2)(c)(i) of Schedule 1 (definition of eligible purpose)"
[parser-unknown-class] "ActHead9", text="Witness Protection Act 1994"
[parser-unknown-class] "ItemHead", text="261  Section 3 (paragraph (aa) of the definition of approved authority)"
[parser-unknown-class] "ItemHead", text="262  Paragraphs 22(5)(c), 22A(5)(c) and 22B(3)(c)"
[parser-unknown-class] "ActHead7", text="Part 3—Other amendments"
[parser-unknown-class] "ActHead9", text="Telecommunications Act 1997"
[parser-unknown-class] "ItemHead", text="263  Section 317B (after paragraph (b) of the definition of interception agency)"
[parser-unknown-class] "ItemHead", text="264  Section 317B (at the end of the definition of interception agency)"
[parser-unknown-class] "ItemHead", text="265  Section 317B"
[parser-unknown-class] "ItemHead", text="266  Section 317ZM (after table item 3)"
[parser-unknown-class] "ItemHead", text="267  Section 317ZM (at the end of the table)"
[parser-unknown-class] "ItemHead", text="268  Subsection 317ZR(1) (after table item 3)"
[parser-unknown-class] "ItemHead", text="269  Subsection 317ZR(1) (at the end of the table)"
[parser-unknown-class] "ItemHead", text="270  At the end of section 317ZR"
[parser-unknown-class] "ActHead6", text="Schedule 2—Application, saving and transitional provisions"
[parser-unknown-class] "ActHead7", text="Part 1—Introduction"
[parser-unknown-class] "Transitional", text="1  Definitions"
[parser-unknown-class] "Subitem", text="(1) In this Schedule:"
[parser-unknown-class] "Subitem", text="(2) Expressions used in this Schedule that are defined for the purposes of the new Act, and are u..."
[parser-unknown-class] "Subitem", text="(3) Expressions used in this Schedule that were defined for the purposes of the old Act, and are ..."
[parser-unknown-class] "Subitem", text="(4) For the purposes of the operation of the old Act after the transition time, as provided for b..."
[parser-unknown-class] "ActHead7", text="Part 2—Existing investigations and inquiries"
[parser-unknown-class] "Transitional", text="2  Transitional—continuation of existing investigations and inquiries"
[parser-unknown-class] "Subitem", text="(1) This item applies in relation to the following:"
[parser-unknown-class] "Subitem", text="(2) The National Anti‑Corruption Commissioner may continue to conduct the existing investigation ..."
[parser-unknown-class] "Subitem", text="(3) However, subitem (2) does not apply if the National Anti‑Corruption Commissioner makes a tran..."
[parser-unknown-class] "Transitional", text="3  Transitional—transition determinations"
[parser-unknown-class] "Subitem", text="(1) The National Anti‑Corruption Commissioner may, by notice in writing (the transition determina..."
[parser-unknown-class] "Subitem", text="(2) The National Anti‑Corruption Commissioner must, as soon as reasonably practicable, give a cop..."
[parser-unknown-class] "Subitem", text="(3) The new Act applies to the existing investigation or existing inquiry from the later of the f..."
[parser-unknown-class] "Subitem", text="(4) A transition determination is not a legislative instrument."
[parser-unknown-class] "Transitional", text="4  Transitional—investigations managed or overseen by Integrity Commissioner"
[parser-unknown-class] "Subitem", text="(1) This item applies if, at the transition time, any of the following investigations had been co..."
[parser-unknown-class] "Subitem", text="(2) The National Anti‑Corruption Commissioner may continue to manage, or oversee, the investigati..."
[parser-unknown-class] "Subitem", text="(3) The law enforcement agency investigating the corruption issue must comply with any reporting ..."
[parser-unknown-class] "Transitional", text="5  Transitional—investigations conducted solely by law enforcement agencies"
[parser-unknown-class] "Subitem", text="(1) This item applies if:"
[parser-unknown-class] "Subitem", text="(2) The referral is taken, after the transition time, to have been made by the National Anti‑Corr..."
[parser-unknown-class] "Transitional", text="6  Transitional—investigation of corruption issues relating to conduct of secondees"
[parser-unknown-class] "Subitem", text="(1) This item applies if, immediately before the transition time:"
[parser-unknown-class] "Subitem", text="(2) The government agency, or the integrity agency for the State or Territory, may continue to in..."
[parser-unknown-class] "ActHead7", text="Part 3—Corruption issues previously referred or notified"
[parser-unknown-class] "Transitional", text="7  Transitional—referral and notification of corruption issues"
[parser-unknown-class] "Subitem", text="(1) This item applies if, before the transition time:"
[parser-unknown-class] "Subitem", text="(2) The allegation or information is taken, or the corruption issue is taken, after the transitio..."
[parser-unknown-class] "Transitional", text="8  Transitional—protection of persons referring or notifying corruption issues"
[parser-unknown-class] "Subitem", text="If subitem 7(1) applies in relation to a person and a referral or notification, the person is tak..."
[parser-unknown-class] "ActHead7", text="Part 4—Facilitating investigations and inquiries"
[parser-unknown-class] "Transitional", text="9  Transitional—notices to give information or produce documents or things"
[parser-unknown-class] "Subitem", text="(1) This item applies in relation to any of the following:"
[parser-unknown-class] "Subitem", text="(2) The old Act continues to apply in relation to the notice and the notation as if the old Act h..."
[parser-unknown-class] "Subitem", text="(3) However, if the notice or notation relates to an existing investigation or existing inquiry t..."
[parser-unknown-class] "Transitional", text="10  Transitional—protection of persons who comply with notices and protection of witnesses etc."
[parser-unknown-class] "Subitem", text="(1) This item applies if one of the following was in effect immediately before the transition time:"
[parser-unknown-class] "Subitem", text="(2) The arrangement continues in effect, after the transition time, as if it had been made under ..."
[parser-unknown-class] "Transitional", text="11  Transitional—summons to attend hearings"
[parser-unknown-class] "Subitem", text="(1) This item applies in relation to any of the following:"
[parser-unknown-class] "Subitem", text="(2) The old Act continues to apply in relation to the summons and the notation as if the old Act ..."
[parser-unknown-class] "Subitem", text="(3) However, if the summons and any notation relates to an existing investigation or existing inq..."
[parser-unknown-class] "Transitional", text="12  Transitional—directions in relation to confidentiality"
[parser-unknown-class] "Subitem", text="(1) This item applies if the Integrity Commissioner gave a direction, under subsection 90(1) of t..."
[parse] by level:
         section      7
[parser-unknown-class] "Subitem", text="(2) The old Act continues to apply in relation to the direction as if the old Act had not been re..."
[parser-unknown-class] "Subitem", text="(3) However, if the direction relates to a hearing conducted, or to be conducted, as part of an e..."
[parser-unknown-class] "Transitional", text="13  Transitional—applications to Court to deal with contempt"
[parser-unknown-class] "Subitem", text="(1) This item applies if an application made to the Federal Court or a Supreme Court under sectio..."
[parser-unknown-class] "Subitem", text="(2) The old Act continues to apply in relation to the application as if the old Act had not been ..."
[parser-unknown-class] "Subitem", text="(3) Subitem (2) applies whether or not the application relates to an existing investigation or ex..."
[parser-unknown-class] "Transitional", text="14  Transitional—directions to detain in relation to contempt"
[parser-unknown-class] "Subitem", text="(1) This item applies if:"
[parser-unknown-class] "Subitem", text="(2) The old Act continues to apply in relation to the direction as if the old Act had not been re..."
[parser-unknown-class] "Subitem", text="(3) Subitem (2) applies whether or not the direction relates to an existing investigation or exis..."
[parser-unknown-class] "Transitional", text="15  Transitional—applications for order to deliver travel documents"
[parser-unknown-class] "Subitem", text="(1) This item applies if an application for an order to deliver travel documents made by the Inte..."
[parser-unknown-class] "Subitem", text="(2) The old Act continues to apply in relation to the application as if the old Act had not been ..."
[parser-unknown-class] "Subitem", text="(3) Subitem (2) applies whether or not the application relates to an existing investigation or ex..."
[parser-unknown-class] "Transitional", text="16  Transitional—orders regarding delivery of travel documents"
[parser-unknown-class] "Subitem", text="(1) This item applies if:"
[parser-unknown-class] "Subitem", text="(2) The old Act continues to apply in relation to the order as if the old Act had not been repealed."
[parser-unknown-class] "Subitem", text="(3) Subitem (2) applies whether or not the order relates to an existing investigation or existing..."
[parser-unknown-class] "Transitional", text="17  Transitional—applications for revocation of order to deliver travel documents"
[parser-unknown-class] "Subitem", text="(1) This item applies if an application for a revocation of an order made under subsection 98(6) ..."
[parser-unknown-class] "Subitem", text="(2) The old Act continues to apply in relation to the application as if the old Act had not been ..."
[parser-unknown-class] "Subitem", text="(3) Subitem (2) applies whether or not the application relates to an existing investigation or ex..."
[parser-unknown-class] "Transitional", text="18  Transitional—applications for arrest warrants"
[parser-unknown-class] "Subitem", text="(1) This item applies if an application for an arrest warrant made by an authorised officer under..."
[parser-unknown-class] "Subitem", text="(2) The old Act continues to apply in relation to the application as if the old Act had not been ..."
[parser-unknown-class] "Subitem", text="(3) Subitem (2) applies whether or not the application relates to an existing investigation or ex..."
[parser-unknown-class] "Transitional", text="19  Transitional—warrants not executed"
[parser-unknown-class] "Subitem", text="(1) This item applies if, before the transition time:"
[parser-unknown-class] "Subitem", text="(2) The old Act continues to apply in relation to the warrant as if the old Act had not been repe..."
[parser-unknown-class] "Subitem", text="(3) Subitem (2) applies whether or not the warrant relates to an existing investigation or existi..."
[parser-unknown-class] "ActHead7", text="Part 5—Requirements or permissions etc. under other Acts"
[parser-unknown-class] "Transitional", text="20  Transitional—notices under the Anti‑Money Laundering and Counter‑Terrorism Financing Act 2006"
[parser-unknown-class] "Subitem", text="(1) This item applies if:"
[parser-unknown-class] "Subitem", text="(2) The notice has effect, after the transition time, as if it had been given by the National Ant..."
[parser-unknown-class] "Transitional", text="21  Transitional—controlled operation authorities under the Crimes Act 1914"
[parser-unknown-class] "Subitem", text="(1) This item applies if an authority to conduct a controlled operation granted under section 15G..."
[parser-unknown-class] "Subitem", text="(2) The authority has effect, after the transition time, as if it had been granted by a NACC auth..."
[parser-unknown-class] "Subitem", text="(3) To avoid doubt, a reference in this item to an authority to conduct a controlled operation in..."
[parser-unknown-class] "Transitional", text="22  Transitional—integrity testing operation authorities under the Crimes Act 1914"
[parser-unknown-class] "Subitem", text="(1) This item applies if an authority to conduct an integrity testing operation granted by one of..."
[parser-unknown-class] "Subitem", text="(2) The authority has effect, after the transition time, as if it had been granted by the Nationa..."
[parser-unknown-class] "Subitem", text="(3) To avoid doubt, a reference in this item to an authority to conduct an integrity testing oper..."
[parser-unknown-class] "Transitional", text="23  Transitional—assumed identity authorities under the Crimes Act 1914"
[parser-unknown-class] "Subitem", text="(1) This item applies if an authority to acquire or use an assumed identity granted by the Integr..."
[parser-unknown-class] "Subitem", text="(2) The authority has effect, after the transition time, as if it had been granted by the Nationa..."
[parser-unknown-class] "Subitem", text="(3) To avoid doubt, a reference in this item to an authority to acquire or use an assumed identit..."
[parser-unknown-class] "Transitional", text="24  Transitional—witness identity protection certificates under the Crimes Act 1914"
[parser-unknown-class] "Subitem", text="(1) This item applies if a witness identity protection certificate given by the Integrity Commiss..."
[parser-unknown-class] "Subitem", text="(2) The certificate has effect, after the transition time, as if it had been given by the Nationa..."
[parser-unknown-class] "Transitional", text="25  Transitional—requests for information from cash dealers under the Financial Transaction Repor..."
[parser-unknown-class] "Subitem", text="(1) This item applies if a request given to a cash dealer by one of the following under subsectio..."
[parser-unknown-class] "Subitem", text="(2) The request has effect, after the transition time, as if it had been given by the National An..."
[parser-unknown-class] "Transitional", text="26  Transitional—freezing and production orders under the Proceeds of Crime Act 2002"
[parser-unknown-class] "Subitem", text="(1) This item applies if one of the following orders, issued by a magistrate on application by th..."
[parser-unknown-class] "Subitem", text="(2) The order has effect, after the transition time, as if it had been issued by the magistrate o..."
[parser-unknown-class] "Subitem", text="(3) To avoid doubt, a reference in this item to a freezing order includes a reference to a freezi..."
[parser-unknown-class] "Transitional", text="27  Transitional—notices to financial institutions under the Proceeds of Crime Act 2002"
[parser-unknown-class] "Subitem", text="(1) This item applies if a day specified in a notice given by the Integrity Commissioner under su..."
[parser-unknown-class] "Subitem", text="(2) The notice has effect, after the transition time, as if it had been given by the National Ant..."
[parser-unknown-class] "Transitional", text="28  Transitional—monitoring orders under the Proceeds of Crime Act 2002"
[parser-unknown-class] "Subitem", text="(1) This item applies if:"
[parser-unknown-class] "Subitem", text="(2) The order has effect, after the transition time, as if it had been made on application by an ..."
[parser-unknown-class] "Transitional", text="29  Transitional—search warrants under the Proceeds of Crime Act 2002"
[parser-unknown-class] "Subitem", text="(1) This item applies if:"
[parser-unknown-class] "Subitem", text="(2) The warrant has effect, after the transition time, as if it had been issued by the magistrate..."
[parser-unknown-class] "Transitional", text="30  Transitional—surveillance device, retrieval and computer access warrants under the Surveillan..."
[parser-unknown-class] "Subitem", text="(1) This item applies if one of the following warrants issued by an eligible Judge or a nominated..."
[parser-unknown-class] "Subitem", text="(2) The warrant has effect, after the transition time, as if it had been issued on application by..."
[parser-unknown-class] "Transitional", text="31  Transitional—emergency and tracking device authorisations under the Surveillance Devices Act ..."
[parser-unknown-class] "Subitem", text="(1) This item applies if one of the following authorisations given by an appropriate authorising ..."
[parser-unknown-class] "Subitem", text="(2) The authorisation has effect, after the transition time, as if it had been given by an approp..."
[parser-unknown-class] "Transitional", text="32  Transitional—warrants under the Telecommunications (Interception and Access) Act 1979"
[parser-unknown-class] "Subitem", text="(1) This item applies if one of the following warrants issued to the Australian Commission for La..."
[parser-unknown-class] "Subitem", text="(2) The warrant has effect, after the transition time, as if it had been issued to the National A..."
[parser-unknown-class] "Transitional", text="33  Transitional—preservation notices under the Telecommunications (Interception and Access) Act ..."
[parser-unknown-class] "Subitem", text="(1) This item applies if a preservation notice issued by the Australian Commission for Law Enforc..."
[parser-unknown-class] "Subitem", text="(2) The notice has effect, after the transition time, as if it had been issued by the National An..."
[parser-unknown-class] "Transitional", text="34  Transitional—telecommunications data authorisations under the Telecommunications (Interceptio..."
[parser-unknown-class] "Subitem", text="(1) This item applies if a telecommunication data authorisation made by an authorising officer of..."
[parser-unknown-class] "Subitem", text="(2) The authorisation has effect, after the transition time, as if it had been made by an authori..."
[parser-unknown-class] "Transitional", text="35  Transitional—international production orders under the Telecommunications (Interception and A..."
[parser-unknown-class] "Subitem", text="(1) This item applies if an international production order issued on application by the Australia..."
[parser-unknown-class] "Subitem", text="(2) The order has effect, after the transition time, as if it had been issued on application by t..."
[parser-unknown-class] "ActHead7", text="Part 6—ACLEI corruption issues"
[parser-unknown-class] "Transitional", text="36  Transitional—investigations into ACLEI corruption issues"
[parser-unknown-class] "Subitem", text="(1) This item applies if, immediately before the transition time, any of the following investigat..."
[parser-unknown-class] "Subitem", text="(2) The National Anti‑Corruption Commissioner may continue to conduct the investigation as if the..."
[parser-unknown-class] "Subitem", text="(3) The special investigator may continue to conduct the special investigation as if the old Act ..."
[parser-unknown-class] "Subitem", text="(4) However, the Inspector may, by notice in writing (the NACC corruption issue transition notice..."
[parser-unknown-class] "Subitem", text="(5) If the Inspector issues the NACC corruption issue transition notice:"
[parser-unknown-class] "Subitem", text="(6) The Inspector must, as soon as reasonably practicable, give a copy of the NACC corruption iss..."
[parser-unknown-class] "Subitem", text="(7) The new Act applies to the investigation from the later of the following times:"
[parser-unknown-class] "Subitem", text="(8) A NACC corruption issue transition notice is not a legislative instrument."
[parser-unknown-class] "ActHead7", text="Part 7—Information disclosure—prevention on public interest grounds"
[parser-unknown-class] "Transitional", text="37  Transitional—Attorney‑General’s certificates about release of information"
[parser-unknown-class] "Subitem", text="(1) This item applies if:"
[parser-unknown-class] "Subitem", text="(2) The old Act continues to apply in relation to the information or contents as if the old Act h..."
[parser-unknown-class] "Subitem", text="(3) However, if the information or contents relate to an existing investigation or existing inqui..."
[parser-unknown-class] "ActHead7", text="Part 8—Reporting"
[parser-unknown-class] "Transitional", text="38  Transitional—reports on corruption investigations"
[parser-unknown-class] "Subitem", text="(1) This item applies if, before the transition time, the Integrity Commissioner:"
[parser-unknown-class] "Subitem", text="(2) The National Anti‑Corruption Commissioner must prepare the report as if the old Act had not b..."
[parser-unknown-class] "Transitional", text="39  Transitional—reports on public inquiries"
[parser-unknown-class] "Subitem", text="(1) This item applies if, before the transition time, the Integrity Commissioner:"
[parser-unknown-class] "Subitem", text="(2) The National Anti‑Corruption Commissioner must prepare the report as if the old Act had not b..."
[parser-unknown-class] "Transitional", text="40  Transitional—annual reports for financial year ended before transition time"
[parser-unknown-class] "Subitem", text="(1) This item applies if:"
[parser-unknown-class] "Subitem", text="(2) The National Anti‑Corruption Commissioner must, as soon as reasonably practicable, prepare th..."
[parser-unknown-class] "Subitem", text="(3) The Parliamentary Joint Committee on the National Anti‑Corruption Commission may:"
[parser-unknown-class] "Transitional", text="41  Transitional—annual reports for financial year in which transition time occurs"
[parser-unknown-class] "Subitem", text="(1) This item applies:"
[parser-unknown-class] "Subitem", text="(2) The first annual report prepared by the National Anti‑Corruption Commissioner under section 2..."
[parser-unknown-class] "Transitional", text="42  Transitional—special reports not completed"
[parser-unknown-class] "Subitem", text="(1) This item applies if, before the transition time, the Integrity Commissioner had started prep..."
[parser-unknown-class] "Subitem", text="(2) The National Anti‑Corruption Commissioner may complete the report in accordance with the old ..."
[parser-unknown-class] "Subitem", text="(3) If the National Anti‑Corruption Commissioner completes the report, the Parliamentary Joint Co..."
[parser-unknown-class] "Transitional", text="43  Transitional—special reports not tabled"
[parser-unknown-class] "Subitem", text="(1) This item applies if, before the transition time, the Integrity Commissioner had given the Mi..."
[parser-unknown-class] "Subitem", text="(2) The old Act continues to apply, in relation to the report as if the old Act had not been repe..."
[parser-unknown-class] "ActHead7", text="Part 9—Staffing"
[parser-unknown-class] "Transitional", text="44  Transitional—current ACLEI staff"
[parser-unknown-class] "Subitem", text="(1) This item applies to a person who, immediately before the transition time, was engaged as a s..."
[parser-unknown-class] "Subitem", text="(2) The person is taken, after the transition time, to be engaged as a member of the staff of the..."
[parser-unknown-class] "Subitem", text="(3) The repeal of the old Act does not affect the continuity of employment of the person."
[parser-unknown-class] "Transitional", text="45  Transitional—consultants to ACLEI"
[parser-unknown-class] "Subitem", text="(1) This item applies to a person who, immediately before the transition time, was engaged as a c..."
[parser-unknown-class] "Subitem", text="(2) The person is taken, after the transition time, to be engaged as a consultant to the NACC und..."
[parser-unknown-class] "Transitional", text="46  Transitional—secondees to ACLEI"
[parser-unknown-class] "Subitem", text="(1) This item applies to a person whose services were, immediately before the transition time, ma..."
[parser-unknown-class] "Subitem", text="(2) The person is taken, after the transition time, to be a person whose services are made availa..."
[parser-unknown-class] "Transitional", text="47  Transitional—counsel assisting Integrity Commissioner"
[parser-unknown-class] "Subitem", text="(1) This item applies to a person who, immediately before the transition time, was appointed as c..."
[parser-unknown-class] "Subitem", text="(2) The person is taken, after the transition time, to be appointed as counsel assisting the Nati..."
[parser-unknown-class] "Transitional", text="48  Transitional—authorised officers of ACLEI"
[parser-unknown-class] "Subitem", text="(1) This item applies to a person for whom an authorisation was in effect under section 140 of th..."
[parser-unknown-class] "Subitem", text="(2) The person is taken, after the transition time, to be a person appointed as an authorised off..."
[parser-unknown-class] "Subitem", text="(3) An identity card issued to the person under section 141 of the old Act is taken, after the tr..."
[parser-unknown-class] "ActHead7", text="Part 10—Miscellaneous transitional provisions"
[parser-unknown-class] "Transitional", text="49  Transitional—pending proceedings"
[parser-unknown-class] "Subitem", text="(1) This item applies to any proceedings:"
[parser-unknown-class] "Subitem", text="(2) The National Anti‑Corruption Commissioner is, after the transition time, substituted for the ..."
[parser-unknown-class] "Transitional", text="50  Transitional—judicial review"
[parser-unknown-class] "Subitem", text="(1) This item applies if, immediately before the transition time, a person was entitled to make a..."
[parser-unknown-class] "Subitem", text="(2) Despite the repeal of the old Act, the person may, after the transition time and subject to t..."
[parser-unknown-class] "Transitional", text="51  Transitional—transfer of records"
[parser-unknown-class] "Subitem", text="(1) This item applies to any records or documents that were in the possession of the following im..."
[parser-unknown-class] "Subitem", text="(2) The records and documents are to be transferred to the National Anti‑Corruption Commissioner ..."
[parser-unknown-class] "Transitional", text="52  Transitional—confidential information provided under old Act"
[parser-unknown-class] "Subitem", text="(1) This item applies to any confidential information provided to the following, under the old Ac..."
[parser-unknown-class] "Subitem", text="(2) The information is taken, immediately after the transition time, to have been provided to the..."
[parser-unknown-class] "Transitional", text="53  Transitional—references to the Integrity Commissioner etc. in instruments"
[parser-unknown-class] "Subitem", text="(1) This item applies to an instrument if:"
[parser-unknown-class] "Subitem", text="(2) The instrument has effect, after the transition time, as if:"
[parser-unknown-class] "Subitem", text="(3) The rules may provide that subitem (2) does not apply in relation to a specified instrument."
[parser-unknown-class] "Subitem", text="(4) This item does not prevent the instrument from being amended or repealed after the transition..."
[parser-unknown-class] "ActHead7", text="Part 11—Transitional application of certain provisions in new Act"
[parser-unknown-class] "Transitional", text="54  Application—protection for journalists’ informants"
[parser-unknown-class] "Transitional", text="55  Application—mandatory referrals"
[parser-unknown-class] "Subitem", text="(1) This item applies if, in the 28 day period beginning on the day the transition time occurs:"
[parser-unknown-class] "Subitem", text="(2) The person is not required to refer the corruption issue to the National Anti‑Corruption Comm..."
[parser-unknown-class] "Transitional", text="56  Application—appointment of first CEO"
[parser-unknown-class] "Subitem", text="Subsection 254(2) of the new Act does not apply in relation to the first appointment made under s..."
[parser-unknown-class] "ActHead7", text="Part 12—Transitional rules"
[parser-unknown-class] "Transitional", text="57  Transitional rules"
[parser-unknown-class] "Subitem", text="(1) The Minister may, by legislative instrument, make rules prescribing matters:"
[parser-unknown-class] "Subitem", text="(2) Without limiting subitem (1), the rules may prescribe matters of a transitional nature (inclu..."
[parser-unknown-class] "Subitem", text="(3) To avoid doubt, the rules may not do the following:"
[parser-unknown-class] "Subitem", text="(4) This Schedule (other than subitem (3)) does not limit the rules that may be made for the purp..."
[parser-diag] processed 1560 <p> elements
[parser-diag] last section was added at element index: 766
[parser-diag] state phase at end: ENDNOTES
[parser-diag] hierarchy stack depth at end: 1
[parser-diag] insideSchedule at end: false
[db] inserted new legislation row: 630c3ccf-5684-47b1-9e84-69f804e0b6f3
[db] inserting 7 sections (pass 1)
[db] inserted 7 sections
[db] linking parent FKs (pass 2)
[db] linked 0 parent references

[done] ingested National Anti-Corruption Commission (Consequential and Transitional Provisions) Act 2022
       legislation_id: 630c3ccf-5684-47b1-9e84-69f804e0b6f3
       sections: 7
       compilation: 2023-07-01
