[fetch] document_1: https://www.legislation.gov.au/C2025A00049/2025-10-29/2025-10-29/text/original/epub/OEBPS/document_1/document_1.html
[fetch] document_1: 135,465 bytes
[fetch] document_2: https://www.legislation.gov.au/C2025A00049/2025-10-29/2025-10-29/text/original/epub/OEBPS/document_2/document_2.html
[fetch] document_2 not found — stopping. Fetched 1 document(s).
[fetch] combined 1 document(s), 135,465 source bytes → 132,690 combined bytes
[citation] Appropriation (Parliamentary Departments) Act (No. 1) 2025-2026 (Cth)
[parse] starting
[parser-diag] total <p> elements found: 544
[parser-unknown-class] "2ndRd", text="[Minister’s second reading speech made in—"
[parser-unknown-class] "2ndRd", text="House of Representatives on 30 July 2025"
[parser-unknown-class] "2ndRd", text="Senate on 27 October 2025]"
[parser-diag] processed 544 <p> elements
[parser-diag] last section was added at element index: 146
[parser-diag] state phase at end: BODY
[parser-diag] hierarchy stack depth at end: 1
[parser-diag] insideSchedule at end: true
[parse] sections: 19
[parse] compilation: date=(none) no=(none)
[parse] by level:
         part         4
         section      14
         schedule     1
[db] inserted new legislation row: 0a019e9e-d4be-4039-b4fd-152f3eff74ff
[db] inserting 19 sections (pass 1)
[db] inserted 19 sections
[db] linking parent FKs (pass 2)
[db] linked 14 parent references

[done] ingested Appropriation (Parliamentary Departments) Act (No. 1) 2025-2026
       legislation_id: 0a019e9e-d4be-4039-b4fd-152f3eff74ff
       sections: 19
       compilation: 2025-10-29
