[fetch] document_1: https://www.legislation.gov.au/C2021A00077/2021-07-23/2021-07-23/text/original/epub/OEBPS/document_1/document_1.html
[fetch] document_1: 126,237 bytes
[fetch] document_2: https://www.legislation.gov.au/C2021A00077/2021-07-23/2021-07-23/text/original/epub/OEBPS/document_2/document_2.html
[fetch] document_2 not found — stopping. Fetched 1 document(s).
[fetch] combined 1 document(s), 126,237 source bytes → 124,592 combined bytes
[citation] Online Safety (Transitional Provisions and Consequential Amendments) Act 2021 (Cth)
[parse] starting
[parser-diag] total <p> elements found: 571
[parser-unknown-class] "ActHead6", text="Schedule 1—Repeal of the Enhancing Online Safety Act 2015"
[parser-unknown-class] "ActHead9", text="Enhancing Online Safety Act 2015"
[parser-unknown-class] "ItemHead", text="1  The whole of the Act"
[parser-unknown-class] "ActHead6", text="Schedule 2—Amendments"
[parser-unknown-class] "ActHead7", text="Part 1—General amendments"
[parser-unknown-class] "ActHead9", text="A New Tax System (Goods and Services Tax) Act 1999"
[parser-unknown-class] "ItemHead", text="1  Subparagraph 38‑570(3)(a)(ii)"
[parser-unknown-class] "ActHead9", text="Broadcasting Services Act 1992"
[parser-unknown-class] "ItemHead", text="2  Paragraphs 3(1)(ha), (k), (l) and (m)"
[parser-unknown-class] "ItemHead", text="3  Subsection 3(2) (definition of designated content/hosting service provider)"
[parser-unknown-class] "ItemHead", text="4  Subsection 3(2) (definition of internet content)"
[parser-unknown-class] "ItemHead", text="5  Subsection 4(1)"
[parser-unknown-class] "ItemHead", text="6  Subsections 4(3) and (3AA)"
[parser-unknown-class] "ItemHead", text="7  Subsection 4(4) (definition of designated content/hosting service)"
[parser-unknown-class] "ItemHead", text="8  Subsection 4(4) (definition of internet carriage service)"
[parser-unknown-class] "ItemHead", text="9  Subsection 4(4) (definition of internet content)"
[parser-unknown-class] "ItemHead", text="10  Subsection 4(4) (definition of internet service provider)"
[parser-unknown-class] "ItemHead", text="11  Paragraph 5(1)(a)"
[parser-unknown-class] "ItemHead", text="12  Subsection 5(4) (definition of commercial content service)"
[parser-unknown-class] "ItemHead", text="13  Subsection 6(1) (definition of Commissioner)"
[parser-unknown-class] "ItemHead", text="14  Subsection 6(1) (paragraph (b) of the definition of registered code of practice)"
[parser-unknown-class] "ItemHead", text="15  Subsection 6(1) (paragraph (c) of the definition of registered code of practice)"
[parser-unknown-class] "ItemHead", text="16  Subsection 6(1) (paragraph (d) of the definition of registered code of practice)"
[parser-unknown-class] "ItemHead", text="17  Subsection 10A(1)"
[parser-unknown-class] "ItemHead", text="18  Subsection 10A(2)"
[parser-unknown-class] "ItemHead", text="19  Paragraph 130L(e)"
[parser-unknown-class] "ItemHead", text="20  Paragraph 130L(fa)"
[parser-unknown-class] "ItemHead", text="21  Part 13 (heading)"
[parser-unknown-class] "ItemHead", text="22  Section 169A"
[parser-unknown-class] "ItemHead", text="23  Subsection 173(1)"
[parser-unknown-class] "ItemHead", text="24  Subsection 173(2)"
[parser-unknown-class] "ItemHead", text="25  Subsections 174(4), (5) and (6)"
[parser-unknown-class] "ItemHead", text="26  Subsections 176(3) and (4)"
[parser-unknown-class] "ItemHead", text="27  Subsection 177(2)"
[parser-unknown-class] "ItemHead", text="28  Subsection 200(4)"
[parser-unknown-class] "ItemHead", text="29  Section 216B"
[parser-unknown-class] "ItemHead", text="30  Schedule 5"
[parser-unknown-class] "ItemHead", text="31  Subclause 2(1) of Schedule 6 (definition of internet carriage service)"
[parser-unknown-class] "ItemHead", text="32  Paragraph 24(1)(h) of Schedule 6"
[parser-unknown-class] "ItemHead", text="33  Schedule 7 (heading)"
[parser-unknown-class] "ItemHead", text="34  Part 1 of Schedule 7 (heading)"
[parser-unknown-class] "ItemHead", text="35  Clause 1 of Schedule 7"
[parser-unknown-class] "ItemHead", text="36  Clause 2 of Schedule 7 (definitions of access‑control system and adult)"
[parser-unknown-class] "ItemHead", text="37  Clause 2 of Schedule 7 (definition of adult chat service)"
[parser-unknown-class] "ItemHead", text="38  Clause 2 of Schedule 7 (definitions of ancillary subscription television content service, Aus..."
[parser-unknown-class] "ItemHead", text="39  Clause 2 of Schedule 7 (definitions of carriage service intermediary, carriage service provid..."
[parser-unknown-class] "ItemHead", text="40  Clause 2 of Schedule 7"
[parser-unknown-class] "ItemHead", text="41  Clause 2 of Schedule 7 (definitions of classification application, Classification Board, Clas..."
[parser-unknown-class] "ItemHead", text="42  Clause 2 of Schedule 7 (definitions of commercial content service provider and computer game)"
[parser-unknown-class] "ItemHead", text="43  Clause 2 of Schedule 7 (definition of corresponding print publication)"
[parser-unknown-class] "ItemHead", text="44  Clause 2 of Schedule 7 (definitions of data storage device, designated content/hosting servic..."
[parser-unknown-class] "ItemHead", text="45  Clause 2 of Schedule 7 (paragraph (a) of the definition of exempt internet directory service)"
[parser-unknown-class] "ItemHead", text="46  Clause 2 of Schedule 7 (paragraph (a) of the definition of exempt internet search engine serv..."
[parser-unknown-class] "ItemHead", text="47  Clause 2 of Schedule 7 (paragraph (b) of the definition of exempt point‑to‑point content serv..."
[parser-unknown-class] "ItemHead", text="48  Clause 2 of Schedule 7 (definitions of film, final link‑deletion notice, final service‑cessat..."
[parser-unknown-class] "ItemHead", text="49  Clause 2 of Schedule 7 (definitions of links service, links service provider, live content, l..."
[parser-unknown-class] "ItemHead", text="50  Clause 2 of Schedule 7 (definitions of potential prohibited content, prohibited content, prov..."
[parser-unknown-class] "ItemHead", text="51  Clause 2 of Schedule 7 (definitions of special link‑deletion notice, special service‑cessatio..."
[parser-unknown-class] "ItemHead", text="52  Clauses 3, 4, 6, 8, 9A, 10, 11, 14, 15, 16, 18, and 19 of Schedule 7"
[parser-unknown-class] "ItemHead", text="53  Parts 2 to 9 of Schedule 7"
[parser-unknown-class] "ItemHead", text="54  Clause 2 of Schedule 8 (definition of internet carriage service)"
[parser-unknown-class] "ItemHead", text="55  Clause 30 of Schedule 8"
[parser-unknown-class] "ItemHead", text="56  Clause 31 of Schedule 8"
[parser-unknown-class] "ActHead9", text="Crimes Act 1914"
[parser-unknown-class] "ItemHead", text="57  Subsection 3C(1) (definition of electronic service)"
[parser-unknown-class] "ItemHead", text="58  Subsection 3CAA(3)"
[parser-unknown-class] "ActHead9", text="Criminal Code Act 1995"
[parser-unknown-class] "ItemHead", text="59  Paragraphs 273.9(5)(a) and (b) of the Criminal Code"
[parser-unknown-class] "ItemHead", text="60  Section 473.1 of the Criminal Code"
[parser-unknown-class] "ItemHead", text="61  Section 473.1 of the Criminal Code (definition of internet content host)"
[parser-unknown-class] "ItemHead", text="62  Section 473.1 of the Criminal Code (definition of internet service provider)"
[parser-unknown-class] "ItemHead", text="63  Paragraph 473.5(d) of the Criminal Code"
[parser-unknown-class] "ItemHead", text="64  Subsection 474.17(1) of the Criminal Code (penalty)"
[parser-unknown-class] "ItemHead", text="65  Subsection 474.17A(1) of the Criminal Code (penalty)"
[parser-unknown-class] "ItemHead", text="66  Paragraph 474.17A(4)(d) of the Criminal Code"
[parser-unknown-class] "ItemHead", text="67  Paragraph 474.17A(13)(a) of the Criminal Code"
[parser-unknown-class] "ItemHead", text="68  Paragraphs 474.24(4)(a) and (b) of the Criminal Code"
[parser-unknown-class] "ItemHead", text="69  Paragraph 474.25(a) of the Criminal Code"
[parser-unknown-class] "ItemHead", text="70  Section 474.30 of the Criminal Code (paragraphs (a) and (b) of the definition of content serv..."
[parser-unknown-class] "ItemHead", text="71  Section 474.30 of the Criminal Code (definition of hosting service)"
[parser-unknown-class] "ItemHead", text="72  Section 474.30 of the Criminal Code (definition of hosting service)"
[parser-unknown-class] "ItemHead", text="73  Paragraph 474.41(1)(a) of the Criminal Code"
[parser-unknown-class] "ItemHead", text="74  Section 474.44 of the Criminal Code"
[parser-unknown-class] "ActHead9", text="Enhancing Online Safety (Non‑consensual Sharing of Intimate Images) Act 2018"
[parser-unknown-class] "ItemHead", text="75  Section 4"
[parser-unknown-class] "ActHead9", text="Freedom of Information Act 1982"
[parser-unknown-class] "ItemHead", text="76  Subsection 4(1) (paragraph (a) of the definition of exempt internet‑content document)"
[parser-unknown-class] "ItemHead", text="77  Subsection 4(1)"
[parser-unknown-class] "ItemHead", text="78  Subsection 4(1) (subparagraphs (b)(i) and (ii) of the definition of offensive content‑service..."
[parser-unknown-class] "ItemHead", text="79  Subsection 4(1)"
[parser-unknown-class] "ItemHead", text="80  Subsection 4(1) (definition of offensive internet content)"
[parser-unknown-class] "ItemHead", text="81  Division 1 of Part II of Schedule 2 (paragraph (a) of the item dealing with Australian Commun..."
[parser-unknown-class] "ItemHead", text="82  Division 1 of Part II of Schedule 2 (paragraph (b) of the item dealing with Australian Commun..."
[parser-unknown-class] "ItemHead", text="83  Division 1 of Part II of Schedule 2 (at the end of the item dealing with Australian Communica..."
[parser-unknown-class] "ItemHead", text="84  Division 1 of Part II of Schedule 2 (paragraph (a) of the item dealing with Classification Bo..."
[parser-unknown-class] "ItemHead", text="85  Division 1 of Part II of Schedule 2 (paragraph (b) of the item dealing with Classification Bo..."
[parser-unknown-class] "ItemHead", text="86  Division 1 of Part II of Schedule 2 (at the end of the item dealing with Classification Board)"
[parser-unknown-class] "ItemHead", text="87  Division 1 of Part II of Schedule 2 (paragraph (a) of the item dealing with Classification Re..."
[parser-unknown-class] "ItemHead", text="88  Division 1 of Part II of Schedule 2 (paragraph (b) of the item dealing with Classification Re..."
[parser-unknown-class] "ItemHead", text="89  Division 1 of Part II of Schedule 2 (paragraph (a) of the item dealing with eSafety Commissio..."
[parser-unknown-class] "ItemHead", text="90  Division 1 of Part II of Schedule 2 (paragraph (b) of the item dealing with eSafety Commissio..."
[parser-unknown-class] "ItemHead", text="91  Division 1 of Part II of Schedule 2 (at the end of the item dealing with eSafety Commissioner)"
[parser-unknown-class] "ActHead9", text="Interactive Gambling Act 2001"
[parser-unknown-class] "ItemHead", text="92  Section 4 (definition of access)"
[parser-unknown-class] "ItemHead", text="93  Section 4 (definition of internet content)"
[parser-unknown-class] "ItemHead", text="94  Section 4 (definition of internet service provider)"
[parser-unknown-class] "ItemHead", text="95  Subsection 36(2)"
[parser-unknown-class] "ItemHead", text="96  Subsection 36(3)"
[parser-unknown-class] "ActHead9", text="Telecommunications Act 1997"
[parser-unknown-class] "ItemHead", text="97  Section 7 (definition of internet service provider)"
[parser-unknown-class] "ActHead9", text="Telecommunications (Interception and Access) Act 1979"
[parser-unknown-class] "ItemHead", text="98  Subparagraph 187A(3)(b)(ii)"
[parser-unknown-class] "ActHead9", text="Tobacco Advertising Prohibition Act 1992"
[parser-unknown-class] "ItemHead", text="99  Paragraph 16B(1)(d)"
[parser-unknown-class] "ItemHead", text="100  Subsection 16B(2)"
[parser-unknown-class] "ItemHead", text="101  Subsection 16B(2) (definition of internet content host)"
[parser-unknown-class] "ItemHead", text="102  Subsection 16B(2) (definition of internet service provider)"
[parser-unknown-class] "ActHead7", text="Part 2—Amendments contingent on the commencement of the Surveillance Legislation Amendment (Ident..."
[parser-unknown-class] "ActHead9", text="Crimes Act 1914"
[parser-unknown-class] "ItemHead", text="103  Section 3ZZUK (definition of account)"
[parser-unknown-class] "ItemHead", text="104  Section 3ZZUK (definition of electronic service)"
[parser-unknown-class] "ActHead7", text="Part 3—Amendments contingent on the non‑commencement of the Export Market Development Grants Legi..."
[parser-unknown-class] "ActHead9", text="Export Market Development Grants Act 1997"
[parser-unknown-class] "ItemHead", text="105  Section 57A (heading)"
[parser-unknown-class] "ItemHead", text="106  Paragraphs 57A(a) and (b)"
[parser-unknown-class] "ItemHead", text="107  Section 57A (note)"
[parser-unknown-class] "ItemHead", text="108  Subsection 107(1) (definition of potential prohibited content)"
[parser-unknown-class] "ItemHead", text="109  Subsection 107(1) (definition of prohibited content)"
[parser-unknown-class] "ActHead7", text="Part 4—Amendments contingent on the commencement of the Federal Circuit and Family Court of Austr..."
[parser-unknown-class] "ActHead9", text="Online Safety Act 2021"
[parser-unknown-class] "ItemHead", text="110  Subsection 162(3)"
[parser-unknown-class] "ItemHead", text="111  Subsection 164(3)"
[parser-unknown-class] "ItemHead", text="112  Subsection 165(3)"
[parser-unknown-class] "ActHead6", text="Schedule 3—Transitional and application provisions"
[parser-unknown-class] "ActHead7", text="Part 1—eSafety Commissioner"
[parser-unknown-class] "Transitional", text="1  Transitional—continuity of eSafety Commissioner"
[parser-unknown-class] "Transitional", text="2  Transitional—instrument of appointment of the eSafety Commissioner"
[parser-unknown-class] "Subitem", text="(1) This item applies to an instrument of appointment of the eSafety Commissioner under subsectio..."
[parser-unknown-class] "Subitem", text="(2) The instrument has effect after the commencement of this item as if it had been made under su..."
[parser-unknown-class] "Transitional", text="3  Transitional—instrument of appointment of a person to act as the eSafety Commissioner"
[parser-unknown-class] "Subitem", text="(1) This item applies if an instrument of appointment of a person to act as the eSafety Commissio..."
[parser-unknown-class] "Subitem", text="(2) The instrument has effect after the commencement of this item as if it had been made under su..."
[parser-unknown-class] "ActHead7", text="Part 2—Complaints and objections"
[parser-unknown-class] "Transitional", text="4  Transitional—complaints about cyber‑bullying material (complaint made by an Australian child)"
[parser-unknown-class] "Subitem", text="(1) This item applies to a complaint made under subsection 18(1) of the Enhancing Online Safety A..."
[parser-unknown-class] "Subitem", text="(2) The complaint has effect, after the commencement of this item, as if it were a complaint made..."
[parser-unknown-class] "Transitional", text="5  Transitional—complaints about cyber‑bullying material (complaint made on behalf of an Australi..."
[parser-unknown-class] "Subitem", text="(1) This item applies to a complaint made under subsection 18(2) of the Enhancing Online Safety A..."
[parser-unknown-class] "Subitem", text="(2) The complaint has effect, after the commencement of this item, as if it were a complaint made..."
[parser-unknown-class] "Transitional", text="6  Transitional—complaints about cyber‑bullying material (complaint made by an adult who was an A..."
[parser-unknown-class] "Subitem", text="(1) This item applies to a complaint made under subsection 18(3) of the Enhancing Online Safety A..."
[parser-unknown-class] "Subitem", text="(2) The complaint has effect, after the commencement of this item, as if it were a complaint made..."
[parser-unknown-class] "Transitional", text="7  Transitional—complaints about intimate images (complaint made by a person depicted in an intim..."
[parser-unknown-class] "Subitem", text="(1) This item applies to a complaint made under subsection 19A(1) of the Enhancing Online Safety ..."
[parser-unknown-class] "Subitem", text="(2) The complaint has effect, after the commencement of this item, as if it were a complaint made..."
[parser-unknown-class] "Transitional", text="8  Transitional—complaints about intimate images (complaint made on behalf of a person depicted i..."
[parser-unknown-class] "Subitem", text="(1) This item applies to a complaint made under subsection 19A(3) of the Enhancing Online Safety ..."
[parser-unknown-class] "Subitem", text="(2) The complaint has effect, after the commencement of this item, as if it were a complaint made..."
[parser-unknown-class] "Transitional", text="9  Transitional—objection notices (objection notice given by a person depicted in an intimate image)"
[parser-unknown-class] "Subitem", text="(1) This item applies to an objection notice given under subsection 19B(1) of the Enhancing Onlin..."
[parser-unknown-class] "Subitem", text="(2) The objection notice has effect, after the commencement of this item, as if it were an object..."
[parser-unknown-class] "Transitional", text="10  Transitional—objection notices (objection notice given on behalf of a person depicted in an i..."
[parser-unknown-class] "Subitem", text="(1) This item applies to an objection notice given under subsection 19B(3) of the Enhancing Onlin..."
[parser-unknown-class] "Subitem", text="(2) The objection notice has effect, after the commencement of this item, as if it were an object..."
[parser-unknown-class] "ActHead7", text="Part 3—Provision of material etc."
[parser-unknown-class] "Transitional", text="11  Transitional—material etc."
[parser-unknown-class] "Subitem", text="(1) The following provisions:"
[parser-unknown-class] "Subitem", text="(2) The following provisions:"
[parser-unknown-class] "Subitem", text="(3) The following provisions:"
[parser-unknown-class] "Subitem", text="(4) The following provisions:"
[parser-unknown-class] "Subitem", text="(5) Sections 113A, 118A and 123A of the Online Safety Act 2021 apply in relation to material prov..."
[parser-unknown-class] "ActHead7", text="Part 4—Notices"
[parser-unknown-class] "Transitional", text="12  Transitional—pre‑commencement social media service notices"
[parser-unknown-class] "Subitem", text="(1) Despite the repeal of the following provisions of the Enhancing Online Safety Act 2015 by thi..."
[parser-unknown-class] "Subitem", text="(2) Despite the repeal of Part 6 of the Enhancing Online Safety Act 2015 by this Act, that Part c..."
[parser-unknown-class] "Transitional", text="13  Transitional—pre‑commencement end‑user notices"
[parser-unknown-class] "Subitem", text="(1) Despite the repeal of the following provisions of the Enhancing Online Safety Act 2015 by thi..."
[parser-unknown-class] "Subitem", text="(2) Despite the repeal of section 48 of the Enhancing Online Safety Act 2015 by this Act, that se..."
[parser-unknown-class] "Transitional", text="14  Transitional—pre‑commencement removal notices"
[parser-unknown-class] "Subitem", text="(1) Despite the repeal of the following provisions of the Enhancing Online Safety Act 2015 by thi..."
[parser-unknown-class] "Subitem", text="(2) Despite the repeal of Part 6 of the Enhancing Online Safety Act 2015 by this Act, that Part c..."
[parser-unknown-class] "ActHead7", text="Part 5—Protection from proceedings"
[parser-unknown-class] "Transitional", text="15  Transitional—protection from civil proceedings"
[parser-unknown-class] "Subitem", text="(1) Despite the repeal of subsection 89(1) of the Enhancing Online Safety Act 2015 by this Act, t..."
[parser-unknown-class] "Subitem", text="(2) Despite the repeal of subsection 89(2) of the Enhancing Online Safety Act 2015 by this Act, t..."
[parser-unknown-class] "Subitem", text="(3) Despite the repeal of subclause 88(1) of Schedule 5 to the Broadcasting Services Act 1992 by ..."
[parser-unknown-class] "Subitem", text="(4) Despite the repeal of subclause 88(2) of Schedule 5 to the Broadcasting Services Act 1992 by ..."
[parser-unknown-class] "Subitem", text="(5) Despite the repeal of subclause 111(1) of Schedule 7 to the Broadcasting Services Act 1992 by..."
[parser-unknown-class] "Subitem", text="(6) Despite the repeal of subclause 111(2) of Schedule 7 to the Broadcasting Services Act 1992 by..."
[parser-unknown-class] "Subitem", text="(7) Despite the repeal of subclause 111(3) of Schedule 7 to the Broadcasting Services Act 1992 by..."
[parser-unknown-class] "Transitional", text="16  Transitional—liability for damages"
[parser-unknown-class] "Transitional", text="17  Transitional—protection from criminal proceedings"
[parser-unknown-class] "Subitem", text="(1) Despite the repeal of section 91 of the Enhancing Online Safety Act 2015 by this Act, that se..."
[parser-unknown-class] "Subitem", text="(2) Despite the repeal of clause 112 of Schedule 7 to the Broadcasting Services Act 1992 by this ..."
[parser-unknown-class] "Subitem", text="(3) For the purposes of this item, possession includes have in custody or control."
[parser-unknown-class] "ActHead7", text="Part 6—Miscellaneous"
[parser-unknown-class] "Transitional", text="18  Transitional—copies of material"
[parser-unknown-class] "Transitional", text="19  Transitional—disclosure of information"
[parser-unknown-class] "Transitional", text="20  Transitional—compensation for acquisition of property"
[parser-unknown-class] "Transitional", text="21  Application—subsection 273.9(5) of the Criminal Code"
[parser-unknown-class] "Transitional", text="22  Application—subsection 474.24(4) of the Criminal Code"
[parser-unknown-class] "2ndRd", text="[Minister’s second reading speech made in—"
[parser-unknown-class] "2ndRd", text="House of Representatives on 24 February 2021"
[parser-unknown-class] "2ndRd", text="Senate on 17 March 2021]"
[parser-diag] processed 571 <p> elements
[parser-diag] last section was added at element index: 292
[parser-diag] state phase at end: BODY
[parser-diag] hierarchy stack depth at end: 1
[parser-diag] insideSchedule at end: false
[parse] sections: 5
[parse] compilation: date=(none) no=(none)
[parse] by level:
         section      5
[db] inserted new legislation row: 4beb690b-7067-4791-aa29-06be316fc0fc
[db] inserting 5 sections (pass 1)
[db] inserted 5 sections
[db] linking parent FKs (pass 2)
[db] linked 0 parent references

[done] ingested Online Safety (Transitional Provisions and Consequential Amendments) Act 2021
       legislation_id: 4beb690b-7067-4791-aa29-06be316fc0fc
       sections: 5
       compilation: 2021-07-23
