[fetch] document_1: https://www.legislation.gov.au/C2021A00122/2021-12-02/2021-12-02/text/original/epub/OEBPS/document_1/document_1.html
[fetch] document_1: 21,470 bytes
[fetch] document_2: https://www.legislation.gov.au/C2021A00122/2021-12-02/2021-12-02/text/original/epub/OEBPS/document_2/document_2.html
[fetch] document_2 not found — stopping. Fetched 1 document(s).
[fetch] combined 1 document(s), 21,470 source bytes → 19,917 combined bytes
[citation] Offshore Electricity Infrastructure (Regulatory Levies) Act 2021 (Cth)
[parse] starting
[parser-diag] total <p> elements found: 116
[parser-unknown-class] "2ndRd", text=""
[parser-unknown-class] "2ndRd", text="[Minister’s second reading speech made in—"
[parser-unknown-class] "2ndRd", text="House of Representatives on 2 September 2021"
[parser-unknown-class] "2ndRd", text="Senate on 22 November 2021]"
[parser-diag] processed 116 <p> elements
[parser-diag] last section was added at element index: 102
[parser-diag] state phase at end: BODY
[parser-diag] hierarchy stack depth at end: 2
[parser-diag] insideSchedule at end: false
[parse] sections: 13
[parse] compilation: date=(none) no=(none)
[parse] by level:
         part         3
         section      10
[db] inserted new legislation row: 31d7a13d-dfb6-4ebe-a051-30f607b0015c
[db] inserting 13 sections (pass 1)
[db] inserted 13 sections
[db] linking parent FKs (pass 2)
[db] linked 10 parent references

[done] ingested Offshore Electricity Infrastructure (Regulatory Levies) Act 2021
       legislation_id: 31d7a13d-dfb6-4ebe-a051-30f607b0015c
       sections: 13
       compilation: 2021-12-02
