[fetch] document_1: https://www.legislation.gov.au/C2020A00029/2020-04-09/2020-04-09/text/original/epub/OEBPS/document_1/document_1.html
[fetch] document_1: 41,893 bytes
[fetch] document_2: https://www.legislation.gov.au/C2020A00029/2020-04-09/2020-04-09/text/original/epub/OEBPS/document_2/document_2.html
[fetch] document_2 not found — stopping. Fetched 1 document(s).
[fetch] combined 1 document(s), 41,893 source bytes → 39,729 combined bytes
[citation] Guarantee of Lending to Small and Medium Enterprises (Coronavirus Economic Response Package) Act 2020 (Cth)
[parse] starting
[parser-diag] total <p> elements found: 186
[parser-diag] processed 186 <p> elements
[parser-diag] last section was added at element index: 88
[parser-diag] state phase at end: ENDNOTES
[parser-diag] hierarchy stack depth at end: 1
[parser-diag] insideSchedule at end: false
[parse] sections: 9
[parse] compilation: date=2020-04-09 no=1
[parse] by level:
         section      9
[db] inserted new legislation row: 82c159d0-c2b3-4ec4-b662-fc8824249de8
[db] inserting 9 sections (pass 1)
[db] inserted 9 sections
[db] linking parent FKs (pass 2)
[db] linked 0 parent references

[done] ingested Guarantee of Lending to Small and Medium Enterprises (Coronavirus Economic Response Package) Act 2020
       legislation_id: 82c159d0-c2b3-4ec4-b662-fc8824249de8
       sections: 9
       compilation: 2020-04-09
