[fetch] document_1: https://www.legislation.gov.au/C2021A00065/2025-12-05/2025-12-05/text/original/epub/OEBPS/document_1/document_1.html
[fetch] document_1: 352,954 bytes
[fetch] document_2: https://www.legislation.gov.au/C2021A00065/2025-12-05/2025-12-05/text/original/epub/OEBPS/document_2/document_2.html
[fetch] document_2 not found — stopping. Fetched 1 document(s).
[fetch] combined 1 document(s), 352,954 source bytes → 350,929 combined bytes
[citation] Fuel Security Act 2021 (Cth)
[parse] starting
[parser-diag] total <p> elements found: 1252
[parser-unknown-class] "BoxStep", text="Step 1. For each FSSP fuel refined by the person at the committed refinery in the quarter:"
[parser-unknown-class] "BoxStep", text="Step 2. Add up the amounts worked out under step 1 for each FSSP fuel."
[parser-diag] processed 1252 <p> elements
[parser-diag] last section was added at element index: 1093
[parser-diag] state phase at end: ENDNOTES
[parser-diag] hierarchy stack depth at end: 3
[parser-diag] insideSchedule at end: false
[parse] sections: 106
[parse] compilation: date=2025-12-05 no=3
[parse] by level:
         part         5
         section      85
         division     16
[db] inserted new legislation row: 786fbdf9-6f5f-4cb0-904b-28eee39dde52
[db] inserting 106 sections (pass 1)
[db] inserted 106 sections
[db] linking parent FKs (pass 2)
[db] linked 101 parent references

[done] ingested Fuel Security Act 2021
       legislation_id: 786fbdf9-6f5f-4cb0-904b-28eee39dde52
       sections: 106
       compilation: 2025-12-05
