[fetch] document_1: https://www.legislation.gov.au/C2020A00027/2020-03-24/2020-03-24/text/original/epub/OEBPS/document_1/document_1.html
[fetch] document_1: 49,320 bytes
[fetch] document_2: https://www.legislation.gov.au/C2020A00027/2020-03-24/2020-03-24/text/original/epub/OEBPS/document_2/document_2.html
[fetch] document_2 not found — stopping. Fetched 1 document(s).
[fetch] combined 1 document(s), 49,320 source bytes → 47,796 combined bytes
[citation] Structured Finance Support (Coronavirus Economic Response Package) Act 2020 (Cth)
[parse] starting
[parser-diag] total <p> elements found: 212
[parser-unknown-class] "2ndRd", text=""
[parser-unknown-class] "2ndRd", text="[Minister’s second reading speech made in—"
[parser-unknown-class] "2ndRd", text="House of Representatives on 23 March 2020"
[parser-unknown-class] "2ndRd", text="Senate on 23 March 2020]"
[parser-diag] processed 212 <p> elements
[parser-diag] last section was added at element index: 191
[parser-diag] state phase at end: BODY
[parser-diag] hierarchy stack depth at end: 2
[parser-diag] insideSchedule at end: false
[parse] sections: 23
[parse] compilation: date=(none) no=(none)
[parse] by level:
         part         3
         section      20
[db] inserted new legislation row: 4c4d3bf4-c305-46de-a4a7-77e61e4e8e1c
[db] inserting 23 sections (pass 1)
[db] inserted 23 sections
[db] linking parent FKs (pass 2)
[db] linked 20 parent references

[done] ingested Structured Finance Support (Coronavirus Economic Response Package) Act 2020
       legislation_id: 4c4d3bf4-c305-46de-a4a7-77e61e4e8e1c
       sections: 23
       compilation: 2020-03-24
