[fetch] document_1: https://www.legislation.gov.au/C2024A00101/2024-12-02/2024-12-02/text/original/epub/OEBPS/document_1/document_1.html
[fetch] document_1: 19,386 bytes
[fetch] document_2: https://www.legislation.gov.au/C2024A00101/2024-12-02/2024-12-02/text/original/epub/OEBPS/document_2/document_2.html
[fetch] document_2 not found — stopping. Fetched 1 document(s).
[fetch] combined 1 document(s), 19,386 source bytes → 16,864 combined bytes
[citation] Commonwealth Entities (Payment Surcharges) Act 2024 (Cth)
[parse] starting
[parser-diag] total <p> elements found: 93
[parser-unknown-class] "2ndRd", text=""
[parser-unknown-class] "2ndRd", text="[Minister’s second reading speech made in—"
[parser-unknown-class] "2ndRd", text="House of Representatives on 25 November 2024"
[parser-unknown-class] "2ndRd", text="Senate on 27 November 2024]"
[parser-diag] processed 93 <p> elements
[parser-diag] last section was added at element index: 75
[parser-diag] state phase at end: BODY
[parser-diag] hierarchy stack depth at end: 1
[parser-diag] insideSchedule at end: false
[parse] sections: 7
[parse] compilation: date=(none) no=(none)
[parse] by level:
         section      7
[db] inserted new legislation row: a1596d7a-091e-47e1-b72b-e0d5ee7d373f
[db] inserting 7 sections (pass 1)
[db] inserted 7 sections
[db] linking parent FKs (pass 2)
[db] linked 0 parent references

[done] ingested Commonwealth Entities (Payment Surcharges) Act 2024
       legislation_id: a1596d7a-091e-47e1-b72b-e0d5ee7d373f
       sections: 7
       compilation: 2024-12-02
