[fetch] document_1: https://www.legislation.gov.au/C2024A00112/2024-12-10/2024-12-10/text/original/epub/OEBPS/document_1/document_1.html
[fetch] document_1: 12,356 bytes
[fetch] document_2: https://www.legislation.gov.au/C2024A00112/2024-12-10/2024-12-10/text/original/epub/OEBPS/document_2/document_2.html
[fetch] document_2 not found — stopping. Fetched 1 document(s).
[fetch] combined 1 document(s), 12,356 source bytes → 9,850 combined bytes
[citation] Capital Works (Build to Rent Misuse Tax) Act 2024 (Cth)
[parse] starting
[parser-diag] total <p> elements found: 68
[parser-unknown-class] "2ndRd", text="[Minister’s second reading speech made in—"
[parser-unknown-class] "2ndRd", text="House of Representatives on 5 June 2024"
[parser-unknown-class] "2ndRd", text="Senate on 28 November 2024]"
[parser-diag] processed 68 <p> elements
[parser-diag] last section was added at element index: 59
[parser-diag] state phase at end: BODY
[parser-diag] hierarchy stack depth at end: 1
[parser-diag] insideSchedule at end: false
[parse] sections: 5
[parse] compilation: date=(none) no=(none)
[parse] by level:
         section      5
[db] inserted new legislation row: b4c769bb-243b-4fdb-8b54-8810437f5f58
[db] inserting 5 sections (pass 1)
[db] inserted 5 sections
[db] linking parent FKs (pass 2)
[db] linked 0 parent references

[done] ingested Capital Works (Build to Rent Misuse Tax) Act 2024
       legislation_id: b4c769bb-243b-4fdb-8b54-8810437f5f58
       sections: 5
       compilation: 2024-12-10
