[fetch] document_1: https://www.legislation.gov.au/C2024A00109/2025-11-01/2025-11-01/text/original/epub/OEBPS/document_1/document_1.html
[fetch] document_1: 391,175 bytes
[fetch] document_2: https://www.legislation.gov.au/C2024A00109/2025-11-01/2025-11-01/text/original/epub/OEBPS/document_2/document_2.html
[fetch] document_2 not found — stopping. Fetched 1 document(s).
[fetch] combined 1 document(s), 391,175 source bytes → 387,505 combined bytes
[citation] Aged Care (Consequential and Transitional Provisions) Act 2024 (Cth)
[parse] starting
[parser-diag] total <p> elements found: 1434
[parser-unknown-class] "ActHead6", text="Schedule 1—Consequential amendments"
[parser-unknown-class] "ActHead9", text="Crimes Act 1914"
[parser-unknown-class] "ItemHead", text="1  After Subdivision AA of Division 6 of Part VIIC"
[parser-unknown-class] "ActHead9", text="Freedom of Information Act 1982"
[parser-unknown-class] "ItemHead", text="2  Schedule 3"
[parser-unknown-class] "ActHead9", text="National Disability Insurance Scheme Act 2013"
[parser-unknown-class] "ItemHead", text="3  Section 9"
[parser-unknown-class] "ItemHead", text="4  Subparagraph 67A(1)(da)(i)"
[parser-unknown-class] "ItemHead", text="5  Subparagraph 67A(1)(da)(ii)"
[parser-unknown-class] "ItemHead", text="6  After paragraph 67A(1)(da)"
[parser-unknown-class] "ItemHead", text="7  Paragraph 181Y(3)(c)"
[parser-unknown-class] "ItemHead", text="8  After subsection 181Y(6)"
[parser-unknown-class] "ItemHead", text="9  Subsection 181Y(7)"
[parser-unknown-class] "ItemHead", text="10  After section 181Y"
[parser-unknown-class] "ActHead6", text="Schedule 2—Application, saving and transitional provisions"
[parser-unknown-class] "ActHead7", text="Part 1—Preliminary"
[parser-unknown-class] "Transitional", text="1  Definitions"
[parser-unknown-class] "Subitem", text="(1) In this Schedule:"
[parser-unknown-class] "Subitem", text="(2) An expression used in a provision of this Schedule and in the new law has the same meaning in..."
[parser-unknown-class] "Subitem", text="(3) An expression used in a provision of this Schedule and in the old law has the same meaning in..."
[parser-unknown-class] "Transitional", text="1A  Section 7 of the Acts Interpretation Act 1901"
[parser-unknown-class] "ActHead7", text="Part 2—Transitional provisions for Chapter 2 of the new Act"
[parser-unknown-class] "Transitional", text="2  Access approvals for service groups home support, assistive technology and home modifications"
[parser-unknown-class] "SubitemHead", text="Access approvals and related decisions"
[parser-unknown-class] "Subitem", text="(1) The System Governor is taken to have made the following decisions at the transition time, in ..."
[parser-unknown-class] "SubitemHead", text="Individuals to whom transition applies"
[parser-unknown-class] "Subitem", text="(2) This subitem applies to the individual if, as at immediately before the transition time, the ..."
[parser-unknown-class] "Subitem", text="(3) The System Governor may, by legislative instrument, determine that individuals included in a ..."
[parser-unknown-class] "Subitem", text="(4) A determination under subitem (3) may be made after the transition time."
[parser-unknown-class] "SubitemHead", text="Limitations on funded aged care services to which transition applies for individuals eligible for..."
[parser-unknown-class] "Subitem", text="(5) Despite subparagraph (1)(h)(i), that subparagraph does not apply in relation to an individual..."
[parser-unknown-class] "SubitemHead", text="Limitations on funded aged care services to which transition applies for individuals who are not ..."
[parser-unknown-class] "Subitem", text="(6) Despite subparagraph (1)(h)(i) or (ii), that subparagraph does not apply in relation to an in..."
[parser-unknown-class] "Subitem", text="(7) For the purposes of paragraph (6)(a), an impairment may be long‑term despite the fact it is e..."
[parser-unknown-class] "Transitional", text="3  Access approvals for service group residential care"
[parser-unknown-class] "Subitem", text="(1) The System Governor is taken to have made the following decisions at the transition time, in ..."
[parser-unknown-class] "Subitem", text="(2) This subitem applies to the individual if, as at immediately before the transition time:"
[parser-unknown-class] "Subitem", text="(3) This subitem applies in relation to the individual if:"
[parser-unknown-class] "Subitem", text="(4) The System Governor may, by legislative instrument, determine that individuals included in a ..."
[parser-unknown-class] "Subitem", text="(5) A determination under subitem (4) may be made after the transition time."
[parser-unknown-class] "Transitional", text="4  Classification levels, priority category and place allocation decisions"
[parser-unknown-class] "Subitem", text="(1) The System Governor must determine, by legislative instrument, for one or more classes of ind..."
[parser-unknown-class] "Subitem", text="(2) The System Governor must determine, by legislative instrument, for one or more classes of ind..."
[parser-unknown-class] "ActHead7", text="Part 3—Transitional provisions for Chapter 3 of the new Act"
[parser-unknown-class] "ActHead8", text="Division 1—Provider registration"
[parser-unknown-class] "Transitional", text="5  Registration of entities"
[parser-unknown-class] "SubitemHead", text="Deeming of registered providers"
[parser-unknown-class] "Subitem", text="(1) The following entities (within the meaning of the new Act) are taken, at the transition time,..."
[parser-unknown-class] "Subitem", text="(2) Despite subitem (1), that subitem does not apply in relation to an entity if the System Gover..."
[parser-unknown-class] "SubitemHead", text="Registration period"
[parser-unknown-class] "Subitem", text="(3) For the purposes of subitem (1), the entity’s registration period for the purposes of section..."
[parser-unknown-class] "Subitem", text="(4) Before making a determination under subitem (3), the System Governor must seek, and take into..."
[parser-unknown-class] "Subitem", text="(5) In providing advice for the purposes of subitem (4), the Commissioner must have regard to:"
[parser-unknown-class] "SubitemHead", text="Registration categories"
[parser-unknown-class] "Subitem", text="(6) For the purposes of subitem (1), the entity is, for the purposes of paragraph 105(1)(a) of th..."
[parser-unknown-class] "SubitemHead", text="Residential care homes and service delivery branches"
[parser-unknown-class] "Subitem", text="(7) For the purposes of subitem (1), each of the following places is taken, as determined by the ..."
[parser-unknown-class] "Subitem", text="(8) For the purposes of subitem (1), each of the following aged care services through which the e..."
[parser-unknown-class] "Subitem", text="(9) For the purposes of subitem (7), the System Governor may, by legislative instrument and havin..."
[parser-unknown-class] "Subitem", text="(10) Despite subitem (7), the System Governor must not determine a place to be, or be part of, an..."
[parser-unknown-class] "Subitem", text="(11) For the purposes of subitem (7), the determination of an approved residential care home must..."
[parser-unknown-class] "Subitem", text="(12) The total number of beds for an approved residential care home determined in accordance with..."
[parser-unknown-class] "SubitemHead", text="Suspended providers"
[parser-unknown-class] "Subitem", text="(13) For the purposes of applying the new Act to an entity that is suspended as referred to in pa..."
[parser-unknown-class] "SubitemHead", text="Determinations by System Governor"
[parser-unknown-class] "Subitem", text="(14) For the purposes of subitem (2), (3) or (6), the System Governor may, by legislative instrum..."
[parser-unknown-class] "Transitional", text="6  Deemed registered providers"
[parser-unknown-class] "Subitem", text="(1) The System Governor may determine, in writing, that an entity is taken to be registered as a ..."
[parser-unknown-class] "Subitem", text="(2) The determination must specify:"
[parser-unknown-class] "Subitem", text="(3) The System Governor must not make a determination under subitem (1) unless the System Governo..."
[parser-unknown-class] "Subitem", text="(4) The System Governor must give notice of the determination to the entity and the Commissioner."
[parser-unknown-class] "Subitem", text="(5) The Commissioner must record or update the details of the entity’s registration on the Provid..."
[parser-unknown-class] "Subitem", text="(6) A determination under subitem (1) is not a legislative instrument."
[parser-unknown-class] "Transitional", text="7  Deemed approval of residential care homes"
[parser-unknown-class] "Subitem", text="(1) For the purposes of paragraph 6(2)(f) of this Schedule, the System Governor may determine, in..."
[parser-unknown-class] "Subitem", text="(2) The determination must specify:"
[parser-unknown-class] "Subitem", text="(3) The System Governor must not make the determination unless the System Governor is satisfied t..."
[parser-unknown-class] "Subitem", text="(4) The System Governor must give notice of the determination to the registered provider and the ..."
[parser-unknown-class] "Subitem", text="(5) The Commissioner must update the details of the registered provider’s registration on the Pro..."
[parser-unknown-class] "Subitem", text="(6) A determination under subitem (1) is not a legislative instrument."
[parser-unknown-class] "Transitional", text="8  Provider Register and information to be provided by registered providers"
[parser-unknown-class] "Subitem", text="(1) An entity that is taken to be a registered provider under subitem 6(1) of this Schedule must,..."
[parser-unknown-class] "Subitem", text="(2) Subitem (1) does not apply if the registered provider makes an application to renew the provi..."
[parser-unknown-class] "Subitem", text="(3) Subsection 141(3) (other than paragraphs (3)(a), (e) and (f)) and subsections 141(4), (5) and..."
[parser-unknown-class] "Transitional", text="9  Pending applications for approval as a provider"
[parser-unknown-class] "Subitem", text="(1) An application made by a person in accordance with section 63B of the Commission Act for whic..."
[parser-unknown-class] "Subitem", text="(2) For the purposes of subitem (1):"
[parser-unknown-class] "Transitional", text="10  Revocations of provider approvals"
[parser-unknown-class] "SubitemHead", text="Pending notices of revocation of approval"
[parser-unknown-class] "Subitem", text="(1) A notice given to a person by the Commissioner in accordance with section 63K of the Commissi..."
[parser-unknown-class] "Subitem", text="(2) For the purposes of subitem (1), the period within which the person may make submissions in r..."
[parser-unknown-class] "SubitemHead", text="Pending requests for revocation of approval"
[parser-unknown-class] "Subitem", text="(3) A request given to the Commissioner in accordance with section 63H of the Commission Act for ..."
[parser-unknown-class] "SubitemHead", text="Pending revocations of approval on request by provider"
[parser-unknown-class] "Subitem", text="(4) If, before the transition time, the Commissioner has revoked the approval of an entity as an ..."
[parser-unknown-class] "Subitem", text="(5) For the purposes of subitem (4), if, before the transition time, a notice of the decision had..."
[parser-unknown-class] "SubitemHead", text="Pending revocations of approval on initiative of Commissioner"
[parser-unknown-class] "Subitem", text="(6) If, before the transition time, the Commissioner had revoked the approval of an entity as an ..."
[parser-unknown-class] "Subitem", text="(7) For the purposes of subitem (6), if, before the transition time, a notice of the decision had..."
[parser-unknown-class] "SubitemHead", text="Notices about revocation sanctions"
[parser-unknown-class] "Subitem", text="(8) If:"
[parser-unknown-class] "Subitem", text="(9) For the purposes of subitem (8), the period within which the entity may make submissions in r..."
[parser-unknown-class] "SubitemHead", text="Revocation sanctions that have not come into effect"
[parser-unknown-class] "Subitem", text="(10) If:"
[parser-unknown-class] "Transitional", text="11  Suspensions of provider approvals"
[parser-unknown-class] "SubitemHead", text="Notices about suspension sanctions"
[parser-unknown-class] "Subitem", text="(1) If:"
[parser-unknown-class] "Subitem", text="(2) For the purposes of subitem (1), the period within which the entity may make submissions in r..."
[parser-unknown-class] "SubitemHead", text="Pending requests for lifting of suspension sanctions"
[parser-unknown-class] "Subitem", text="(3) Subitem (4) applies if:"
[parser-unknown-class] "Subitem", text="(4) The application is taken, after the transition time, to be a request, by the entity and made ..."
[parser-unknown-class] "Subitem", text="(5) For the purposes of subitem (4):"
[parser-unknown-class] "ActHead8", text="Division 2—General information gathering requirements"
[parser-unknown-class] "Transitional", text="12  Statutory requirement to give documents or information"
[parser-unknown-class] "Subitem", text="(1) This item applies if:"
[parser-unknown-class] "Subitem", text="(2) Despite the repeal of the old Act by this Act, the requirement continues to apply as if the r..."
[parser-unknown-class] "Transitional", text="13  Notice to give documents or information"
[parser-unknown-class] "Subitem", text="(1) This item applies if:"
[parser-unknown-class] "Subitem", text="(2) Despite the repeal of the old Act by this Act, the requirement continues to apply as if the r..."
[parser-unknown-class] "ActHead8", text="Division 3—Specific information gathering requirements"
[parser-unknown-class] "Transitional", text="14  Obligations relating to reporting, notifications and information etc."
[parser-unknown-class] "Subitem", text="(1) Despite the repeal of the old Act by this Act, section 9‑1 of the old Act continues to apply ..."
[parser-unknown-class] "Subitem", text="(2) Despite the repeal of the old Act by this Act, section 9‑2A of the old Act continues to apply..."
[parser-unknown-class] "Subitem", text="(3) Despite the repeal of the old Act by this Act, sections 9‑2, 9‑3, 9‑3A and 9‑3B of the old Ac..."
[parser-unknown-class] "Subitem", text="(4) Despite the repeal of the Commission Act by this Act, sections 63 and 63A of the Commission R..."
[parser-unknown-class] "Transitional", text="15  Agreements relating to considered revocations"
[parser-unknown-class] "Subitem", text="(1) Subitem (2) applies if:"
[parser-unknown-class] "Subitem", text="(2) The agreement is taken, after the transition time, to be an agreement referred to in paragrap..."
[parser-unknown-class] "Subitem", text="(3) Subitem (4) applies if:"
[parser-unknown-class] "Subitem", text="(4) The notice is taken, after the transition time, to be a notice given under subsection 133(2) ..."
[parser-unknown-class] "Transitional", text="16  Conditions of registration—determinations relating to membership of governing bodies"
[parser-unknown-class] "SubitemHead", text="Determinations in force"
[parser-unknown-class] "Subitem", text="(1) A determination under section 63‑1E of the old Act that is in force immediately before the tr..."
[parser-unknown-class] "SubitemHead", text="Pending applications for determinations"
[parser-unknown-class] "Subitem", text="(2) Subitem (3) applies in relation to an application made in accordance with section 63‑1E of th..."
[parser-unknown-class] "Subitem", text="(3) The application is taken, after the transition time, to be an application made in accordance ..."
[parser-unknown-class] "Transitional", text="17  Conditions of registration—Commission Act sanctions"
[parser-unknown-class] "Subitem", text="(1) This item applies if:"
[parser-unknown-class] "Subitem", text="(2) The sanction has effect (except for the purposes of section 556 of the new Act), and may be d..."
[parser-unknown-class] "Subitem", text="(3) To avoid doubt, this item does not limit:"
[parser-unknown-class] "Transitional", text="18  Non‑compliance notices"
[parser-unknown-class] "Subitem", text="(1) This item applies if:"
[parser-unknown-class] "Subitem", text="(2) The notice is taken, after the transition time, to be a notice given to the entity under sect..."
[parser-unknown-class] "Subitem", text="(3) For the purposes of subitem (2), the period within which the entity may make submissions in r..."
[parser-unknown-class] "Transitional", text="19  Responsible person determinations"
[parser-unknown-class] "SubitemHead", text="Determinations in force"
[parser-unknown-class] "Subitem", text="(1) A determination under subsection 10A‑2(1) of the old Act in relation to an individual that is..."
[parser-unknown-class] "SubitemHead", text="Notices of intention to make determination"
[parser-unknown-class] "Subitem", text="(2) Subitem (3) applies in relation to a notice in relation to an individual given in accordance ..."
[parser-unknown-class] "Subitem", text="(3) The notice is taken, after the transition time, to be a notice in relation to the individual ..."
[parser-unknown-class] "Subitem", text="(4) To avoid doubt, the notice is taken to invite, for the purposes of paragraph 170(5)(b) of the..."
[parser-unknown-class] "Transitional", text="20  Notice to complete aged care workforce census"
[parser-unknown-class] "Subitem", text="(1) This item applies if:"
[parser-unknown-class] "Subitem", text="(2) Despite the repeal of the old Act by this Act, the requirement continues to apply as if the r..."
[parser-unknown-class] "ActHead7", text="Part 3A—Transitional provisions for Chapter 4 of the new Act"
[parser-unknown-class] "ActHead8", text="Division 1—Home care subsidy under the old law"
[parser-unknown-class] "Transitional", text="20B  Claims for home care subsidy—pre‑transition time payment periods"
[parser-unknown-class] "Subitem", text="(1) Despite the repeal of the old law, a claim for home care subsidy, or a variation of a claim f..."
[parser-unknown-class] "Subitem", text="(2) If an overpayment to a person of an amount by way of home care subsidy is made before or afte..."
[parser-unknown-class] "Transitional", text="20C  Pending application for hardship supplement"
[parser-unknown-class] "ActHead8", text="Division 2—Subsidy for home support"
[parser-unknown-class] "Transitional", text="20D  Notification of service delivery branches"
[parser-unknown-class] "Subitem", text="(1) This item applies if, at the transition time:"
[parser-unknown-class] "Subitem", text="(2) The registered provider is taken, at the transition time, to have given the System Governor a..."
[parser-unknown-class] "ActHead8", text="Division 3—Unspent home care amounts"
[parser-unknown-class] "Transitional", text="20DA  Unspent home care amounts—Commonwealth portions and home care accounts"
[parser-unknown-class] "SubitemHead", text="Responsibility to pay Commonwealth portion after the transition time"
[parser-unknown-class] "Subitem", text="(1) Subitem (2) applies if, before the transition time:"
[parser-unknown-class] "Subitem", text="(2) Despite the repeal of the old law, that section continues to apply after the transition time,..."
[parser-unknown-class] "SubitemHead", text="Recovery of Commonwealth portion—registered providers"
[parser-unknown-class] "Subitem", text="(3) If a person who is, at the transition time, taken to be a registered provider because of subi..."
[parser-unknown-class] "SubitemHead", text="Recovery of Commonwealth portion—persons who are not registered providers"
[parser-unknown-class] "Subitem", text="(4) Despite the repeal of the old law, Division 95 of the old Act continues to apply after the tr..."
[parser-unknown-class] "SubitemHead", text="Credit to new Act home care account for return of Commonwealth portion after the transition time"
[parser-unknown-class] "Subitem", text="(5) Subitem (6) applies in relation to an individual if:"
[parser-unknown-class] "Subitem", text="(6) The individual’s home care account is credited, at the start of a day prescribed by the trans..."
[parser-unknown-class] "Transitional", text="20DB  Unspent home care amounts—care recipient portions"
[parser-unknown-class] "Subitem", text="(1) Subitem (2) applies if, before the transition time:"
[parser-unknown-class] "Subitem", text="(2) Despite the repeal of the old law, section 21F and subsection 21G(1) of the User Rights Princ..."
[parser-unknown-class] "ActHead8", text="Division 4—Residential care subsidy under the old law"
[parser-unknown-class] "Transitional", text="20E  Claims for residential care subsidy—pre‑transition time payment periods"
[parser-unknown-class] "Subitem", text="(1) Despite the repeal of the old law, a claim for residential care subsidy, or a variation of a ..."
[parser-unknown-class] "Subitem", text="(2) If an overpayment to a person of an amount by way of residential care subsidy is made before ..."
[parser-unknown-class] "Transitional", text="20F  Pending application for hardship supplement"
[parser-unknown-class] "ActHead8", text="Division 5—Subsidy for residential care"
[parser-unknown-class] "Transitional", text="20G  Leave from an approved residential care home"
[parser-unknown-class] "Subitem", text="(1) This item applies if, at the transition time:"
[parser-unknown-class] "SubitemHead", text="Hospital leave"
[parser-unknown-class] "Subitem", text="(2) A day before the transition time on which an individual was on leave from the residential car..."
[parser-unknown-class] "SubitemHead", text="Hospital transition leave"
[parser-unknown-class] "Subitem", text="(3) A day before the transition time on which an individual was on leave from the residential car..."
[parser-unknown-class] "SubitemHead", text="Social leave"
[parser-unknown-class] "Subitem", text="(4) In determining, for the purposes of paragraph 244(7)(c) of the new Act, the number of days du..."
[parser-unknown-class] "ActHead8", text="Division 6—Flexible care subsidy under the old law"
[parser-unknown-class] "Transitional", text="20H  Flexible care provided as short‑term restorative care—claims for flexible care subsidy—pre‑t..."
[parser-unknown-class] "Subitem", text="(1) Despite the repeal of the old law, a claim for flexible care subsidy in respect of a flexible..."
[parser-unknown-class] "Subitem", text="(2) If an overpayment to a person of an amount by way of flexible care subsidy in respect of a fl..."
[parser-unknown-class] "ActHead7", text="Part 4—Transitional provisions for Chapter 5 of the new Act"
[parser-unknown-class] "ActHead8", text="Division 1—Establishment of the Aged Care Quality and Safety Commission"
[parser-unknown-class] "Transitional", text="21  Commissioner’s report for period ended before transition time"
[parser-unknown-class] "Subitem", text="(1) This item applies if:"
[parser-unknown-class] "Subitem", text="(2) The Commissioner under the new Act must prepare the report."
[parser-unknown-class] "Transitional", text="22  Commissioner’s report for period in which transition time occurs"
[parser-unknown-class] "Subitem", text="(1) This item applies if the transition time occurs during a reporting period for the Commission ..."
[parser-unknown-class] "Subitem", text="(2) The first annual report prepared by the Commissioner under the new Act under section 46 of th..."
[parser-unknown-class] "Transitional", text="23  Records"
[parser-unknown-class] "Transitional", text="24  Staff"
[parser-unknown-class] "Subitem", text="(1) This item applies to a person who, immediately before the transition time, was a staff member..."
[parser-unknown-class] "Subitem", text="(2) The person is taken, at the transition time, to be engaged as a staff member of the Commissio..."
[parser-unknown-class] "Subitem", text="(3) The repeal of the Commission Act by this Act does not affect the continuity of employment of ..."
[parser-unknown-class] "Transitional", text="25  Persons assisting the Commissioner"
[parser-unknown-class] "Subitem", text="(1) This item applies to a person who, immediately before the transition time, was made available..."
[parser-unknown-class] "Subitem", text="(2) The person is taken, at the transition time, to be made available to the Commission under sec..."
[parser-unknown-class] "Subitem", text="(3) Nothing in this item is taken to affect the time at which the person was made available to th..."
[parser-unknown-class] "Transitional", text="26  Consultants"
[parser-unknown-class] "Subitem", text="(1) This item applies to a person who, immediately before the transition time, was engaged as a c..."
[parser-unknown-class] "Subitem", text="(2) The person is taken, at the transition time, to be engaged as a consultant under section 371 ..."
[parser-unknown-class] "Subitem", text="(3) The repeal of the Commission Act by this Act does not affect the continuity of the engagement..."
[parser-unknown-class] "Transitional", text="27  Chief Clinical Advisor"
[parser-unknown-class] "Subitem", text="(1) This item applies to the person who, immediately before the transition time, was appointed as..."
[parser-unknown-class] "Subitem", text="(2) The person is taken, at the transition time, to have been appointed as the Chief Clinical Adv..."
[parser-unknown-class] "Subitem", text="(3) Nothing in this item is taken to affect the time at which the person was appointed."
[parser-unknown-class] "Transitional", text="28  Requirement to prepare reports or give information—Commissioner"
[parser-unknown-class] "Subitem", text="(1) This item applies if:"
[parser-unknown-class] "Subitem", text="(2) The Commissioner under the new Act must comply with the requirement."
[parser-unknown-class] "Subitem", text="(3) However, if the specified matter or specified information relates, in whole or in part, to th..."
[parser-unknown-class] "Transitional", text="29  Things done by or in relation to Commission under the Commission Act"
[parser-unknown-class] "Subitem", text="(1) This item applies if:"
[parser-unknown-class] "Subitem", text="(2) The thing has effect, and may be dealt with, after the transition time as if it had been done..."
[parser-unknown-class] "Subitem", text="(3) However, subitem (2) is not intended to change the initial time the thing was done."
[parser-unknown-class] "Transitional", text="30  Things done by or in relation to Commissioner under the Commission Act"
[parser-unknown-class] "Subitem", text="(1) This item applies if:"
[parser-unknown-class] "Subitem", text="(2) The thing has effect, and may be dealt with, after the transition time as if it had been done..."
[parser-unknown-class] "Subitem", text="(3) However, subitem (2) is not intended to change the initial time the thing was done."
[parser-unknown-class] "ActHead8", text="Division 2—Commissioner of the Commission"
[parser-unknown-class] "Transitional", text="31  Commissioner"
[parser-unknown-class] "Subitem", text="(1) This item applies to the person who, immediately before the transition time, was appointed as..."
[parser-unknown-class] "Subitem", text="(2) The person is taken, at the transition time, to have been appointed as the Commissioner under..."
[parser-unknown-class] "Transitional", text="32  Acting Commissioner"
[parser-unknown-class] "Subitem", text="(1) This item applies to a person who, immediately before the transition time, was appointed to a..."
[parser-unknown-class] "Subitem", text="(2) The person is taken, at the transition time, to have been appointed to act as an acting Commi..."
[parser-unknown-class] "ActHead8", text="Division 3—Establishment of the Aged Care Quality and Safety Advisory Council"
[parser-unknown-class] "Transitional", text="33  Records"
[parser-unknown-class] "Transitional", text="34  Chair of Advisory Council"
[parser-unknown-class] "Subitem", text="(1) This item applies to the person who, immediately before the transition time, was appointed as..."
[parser-unknown-class] "Subitem", text="(2) The person is taken, at the transition time, to have been appointed as the Chair of the Advis..."
[parser-unknown-class] "Transitional", text="35  Other members of Advisory Council"
[parser-unknown-class] "Subitem", text="(1) This item applies to a person who, immediately before the transition time, was appointed as a..."
[parser-unknown-class] "Subitem", text="(2) The person is taken, at the transition time, to have been appointed as a member, other than t..."
[parser-unknown-class] "Transitional", text="36  Acting Chair of Advisory Council"
[parser-unknown-class] "Subitem", text="(1) This item applies to the person who, immediately before the transition time, was appointed to..."
[parser-unknown-class] "Subitem", text="(2) The person is taken, at the transition time, to have been appointed to act as the Chair under..."
[parser-unknown-class] "Transitional", text="37  Acting members of Advisory Council"
[parser-unknown-class] "Subitem", text="(1) This item applies to a person who, immediately before the transition time, was appointed to a..."
[parser-unknown-class] "Subitem", text="(2) The person is taken, at the transition time, to have been appointed to act as an Advisory Cou..."
[parser-unknown-class] "Transitional", text="38  Procedures of Advisory Council"
[parser-unknown-class] "Transitional", text="39  Disclosure of interests to the Minister"
[parser-unknown-class] "Subitem", text="(1) This item applies to a person who is taken, by this Division, to be a member of the Advisory ..."
[parser-unknown-class] "Subitem", text="(2) A notice that was given under section 45 of the Commission Act before the transition time is ..."
[parser-unknown-class] "ActHead7", text="Part 5—Transitional provisions for Chapter 6 of the new Act"
[parser-unknown-class] "ActHead8", text="Division 1—Regulatory powers"
[parser-unknown-class] "Transitional", text="40  Application of regulatory powers provisions of the new Act"
[parser-unknown-class] "SubitemHead", text="Monitoring powers"
[parser-unknown-class] "Subitem", text="(1) Part 2 of Chapter 6 of the new Act applies as if:"
[parser-unknown-class] "Subitem", text="(2) However, subitem (1) does not authorise or apply in relation to an entry to premises that occ..."
[parser-unknown-class] "SubitemHead", text="Investigation powers"
[parser-unknown-class] "Subitem", text="(3) Part 3 of Chapter 6 of the new Act applies as if:"
[parser-unknown-class] "ActHead8", text="Division 2—Notices to answer questions or give information or documents"
[parser-unknown-class] "Transitional", text="41  Saving notices under the old Act to attend to answer questions or give information or documents"
[parser-unknown-class] "Subitem", text="(1) This item applies if:"
[parser-unknown-class] "Subitem", text="(2) Division 93 of the old Act continues to apply after the transition time in relation to the no..."
[parser-unknown-class] "Transitional", text="42  Saving notices under the Commission Act to attend to answer questions or give information or ..."
[parser-unknown-class] "Subitem", text="(1) This item applies if:"
[parser-unknown-class] "Subitem", text="(2) Division 3 of Part 8A of the Commission Act continues to apply after the transition time in r..."
[parser-unknown-class] "Transitional", text="43  Saving notices under the Commission Act to give information or produce documents"
[parser-unknown-class] "Subitem", text="(1) This item applies if:"
[parser-unknown-class] "Subitem", text="(2) Division 3 of Part 8A of the Commission Act continues to apply after the transition time in r..."
[parser-unknown-class] "ActHead8", text="Division 3—Compliance notices and banning orders"
[parser-unknown-class] "Transitional", text="44  Compliance notices"
[parser-unknown-class] "Subitem", text="(1) This item applies if:"
[parser-unknown-class] "Subitem", text="(2) The notice is taken, after the transition time, to be a notice given under section 481 of the..."
[parser-unknown-class] "Transitional", text="45  Banning orders in force immediately before the transition time"
[parser-unknown-class] "Subitem", text="(1) This item applies in relation to a banning order against an individual made under subsection ..."
[parser-unknown-class] "Subitem", text="(2) The banning order continues in force (and may be dealt with), after the transition time, as i..."
[parser-unknown-class] "Subitem", text="(3) For the purposes of the application of the new Act to the banning order after the transition ..."
[parser-unknown-class] "Subitem", text="(4) To avoid doubt, the banning order is taken, for the purposes of the new Act:"
[parser-unknown-class] "Transitional", text="46  Banning orders that had expired before the transition time"
[parser-unknown-class] "Subitem", text="(1) This item applies in relation to a banning order (an expired banning order) against an indivi..."
[parser-unknown-class] "Subitem", text="(2) Paragraph 13(1)(b) of the new Act (which relates to suitability matters) applies, after the t..."
[parser-unknown-class] "Subitem", text="(3) Subsection 141(6) of the new Act (which relates to the Provider Register) applies, after the ..."
[parser-unknown-class] "Subitem", text="(4) Section 507 of the new Act (which relates to the register of banning orders) applies, after t..."
[parse] sections: 13
[parse] compilation: date=2025-11-01 no=2
[parser-unknown-class] "Transitional", text="47  Notices of intention to make banning orders"
[parser-unknown-class] "Subitem", text="(1) This item applies in relation to a notice given to an individual in accordance with section 7..."
[parser-unknown-class] "Subitem", text="(2) The notice is taken, after the transition time:"
[parser-unknown-class] "Transitional", text="48  Pending applications for variations or revocations of banning orders"
[parser-unknown-class] "Subitem", text="(1) This item applies in relation to an application made in accordance with section 74GG or 74GH ..."
[parser-unknown-class] "Subitem", text="(2) The application is taken, after the transition time, to be an application made in accordance ..."
[parser-unknown-class] "Subitem", text="(3) If a notice of intention in relation to the application was given in accordance with subsecti..."
[parser-unknown-class] "ActHead8", text="Division 4—Sanctions, undertakings and Code of Conduct requirements"
[parser-unknown-class] "Transitional", text="49  Commission Act sanctions not complied with before the transition time"
[parser-unknown-class] "Subitem", text="(1) This item applies if:"
[parser-unknown-class] "Subitem", text="(2) Despite the repeal of the Commission Act by this Act, the obligation to comply with the sanct..."
[parser-unknown-class] "Transitional", text="50  Commission Act undertakings not complied with before transition time"
[parser-unknown-class] "Subitem", text="(1) This item applies if:"
[parser-unknown-class] "Subitem", text="(2) Despite the repeal of the Commission Act by this Act, the obligation to comply with the under..."
[parser-unknown-class] "Transitional", text="51  Commission Act Code of Conduct requirements not complied with before transition time"
[parser-unknown-class] "Subitem", text="(1) This item applies if:"
[parser-unknown-class] "Subitem", text="(2) Despite the repeal of the Commission Act by this Act, the requirement continues after the tra..."
[parser-unknown-class] "ActHead7", text="Part 6—Transitional provisions for Chapter 7 of the new Act"
[parser-unknown-class] "Transitional", text="52  Protected information"
[parser-unknown-class] "Subitem", text="(1) This item applies to information that, immediately before the transition time, was:"
[parser-unknown-class] "Subitem", text="(2) For the purposes of the new Act, the information is taken, after the transition time, to be r..."
[parser-unknown-class] "Subitem", text="(3) To avoid doubt, a reference in paragraph (1)(a) to protected information within the meaning o..."
[parser-unknown-class] "Transitional", text="52A  Public interest certificates and determinations"
[parser-unknown-class] "Subitem", text="(1) A certificate issued by the Secretary under paragraph 86‑3(1)(a) of the old Act that is in fo..."
[parser-unknown-class] "Subitem", text="(2) A determination made by the Commissioner under paragraph 61(1)(a) of the Commission Act that ..."
[parser-unknown-class] "Transitional", text="52B  Modification of provision relating to unauthorised use or disclosure of protected information"
[parser-unknown-class] "Subitem", text="(1) For the purposes of applying subsection 535(2) of the new Act after the transition time, in r..."
[parser-unknown-class] "Subitem", text="(2) For the purposes of applying subsection 535(2) of the new Act after the transition time, in r..."
[parser-unknown-class] "Transitional", text="53  Retention of records by approved providers"
[parser-unknown-class] "Subitem", text="(1) This item applies to a person or body who, immediately before the transition time, was an app..."
[parser-unknown-class] "Subitem", text="(2) Despite the repeal of the old Act by this Act, sections 88‑1 to 88‑3 and 89‑1 of that Act con..."
[parser-unknown-class] "Subitem", text="(3) For the purposes of subitem (2), the reference in section 88‑2 of the old Act to the Records ..."
[parser-unknown-class] "Subitem", text="(4) Nothing in this item is intended to change the time at which the requirement to retain a reco..."
[parser-unknown-class] "Transitional", text="54  Retention of records by former approved providers"
[parser-unknown-class] "Subitem", text="(1) This item applies to a person or body who, immediately before the transition time, was requir..."
[parser-unknown-class] "Subitem", text="(2) Despite the repeal of the old Act by this Act, section 89‑1 of that Act continues to apply to..."
[parser-unknown-class] "ActHead7", text="Part 7—Transitional provisions for Chapter 8 of the new Act"
[parser-unknown-class] "ActHead8", text="Division 1—Reconsideration and review of decisions"
[parser-unknown-class] "Transitional", text="55  Notice of decisions"
[parser-unknown-class] "Subitem", text="(1) This item applies if:"
[parser-unknown-class] "Subitem", text="(2) Despite the repeal of the old Act, the Commission Act and the old Transitional Provisions Act..."
[parser-unknown-class] "Transitional", text="56  Notice of review rights"
[parser-unknown-class] "Subitem", text="(1) This item applies if:"
[parser-unknown-class] "Subitem", text="(2) Despite the repeal of the old Act, the Commission Act and the old Transitional Provisions Act..."
[parser-unknown-class] "Transitional", text="57  Reasons for decisions"
[parser-unknown-class] "Subitem", text="(1) This item applies if:"
[parser-unknown-class] "Subitem", text="(2) Despite the repeal of the old Act, the Commission Act and the old Transitional Provisions Act..."
[parser-unknown-class] "Transitional", text="58  Review of decisions made under old law"
[parser-unknown-class] "SubitemHead", text="Continued application of Part 6.1 of old Act"
[parser-unknown-class] "Subitem", text="(1) Despite the repeal of the old Act by this Act, Part 6.1 (reconsideration and review of decisi..."
[parser-unknown-class] "SubitemHead", text="Continued application of Part 6.1 of old Transitional Provisions Act"
[parser-unknown-class] "Subitem", text="(2) Despite the repeal of the old Transitional Provisions Act by this Act, Part 6.1 (reconsiderat..."
[parser-unknown-class] "SubitemHead", text="Continued application of Part 8B of Commission Act"
[parser-unknown-class] "Subitem", text="(3) Despite the repeal of the Commission Act by this Act, Part 8B (reconsideration and review of ..."
[parser-unknown-class] "SubitemHead", text="Continued application of Part 7 of Commission Rules"
[parser-unknown-class] "Subitem", text="(4) Despite the repeal of the Commission Act by this Act, Part 7 (reconsideration and review of d..."
[parser-unknown-class] "Transitional", text="58A  System Governor may make a determination about a reconsidered decision"
[parser-unknown-class] "ActHead8", text="Division 2—Annual reports"
[parser-unknown-class] "Transitional", text="59  Annual report for financial year ending before transition time"
[parser-unknown-class] "Subitem", text="(1) This item applies if:"
[parser-unknown-class] "Subitem", text="(2) Despite the repeal of the old Act by this Act, section 63‑2 of the old Act continues to apply..."
[parser-unknown-class] "Transitional", text="60  Annual report for financial year in which transition time occurs"
[parser-unknown-class] "Subitem", text="(1) This item applies if the transition time occurs during a financial year."
[parser-unknown-class] "Subitem", text="(2) The first annual report prepared by the System Governor under section 599 of the new Act must..."
[parser-unknown-class] "ActHead7", text="Part 8—Miscellaneous"
[parser-unknown-class] "Transitional", text="61  Delegation of System Governor’s functions and powers under this Act"
[parser-unknown-class] "Transitional", text="62  Delegation and subdelegation of Commissioner’s functions and powers under this Act"
[parser-unknown-class] "Subitem", text="(1) This item applies to the Commissioner under the new Act."
[parser-unknown-class] "Subitem", text="(2) Sections 574 and 575 of the new Act apply in relation to the Commissioner’s functions and pow..."
[parser-unknown-class] "ActHead7", text="Part 9—Transitional provisions for amendments to the National Disability Insurance Scheme Act 2013"
[parser-unknown-class] "Transitional", text="63  Protected Commission information"
[parser-unknown-class] "Transitional", text="64  NDIS worker screening database"
[parser-unknown-class] "ActHead7", text="Part 10—Transitional rules"
[parser-unknown-class] "Transitional", text="65  Transitional rules"
[parser-unknown-class] "Subitem", text="(1) The Minister may, by legislative instrument, make rules prescribing matters:"
[parser-unknown-class] "Subitem", text="(2) Without limiting subitem (1), the rules may prescribe matters of a transitional nature (inclu..."
[parser-unknown-class] "Subitem", text="(3) Without limiting subitem (2), rules made for the purposes of that subitem before the end of t..."
[parser-unknown-class] "Subitem", text="(4) Despite subsection 12(2) of the Legislation Act 2003 and subject to subitems (4A) and (5), th..."
[parser-unknown-class] "Subitem", text="(4A) Rules expressed to take effect from a date before the rules are registered under the Legisla..."
[parser-unknown-class] "Subitem", text="(5) If:"
[parser-unknown-class] "Subitem", text="(6) To avoid doubt, the rules may not do the following:"
[parser-unknown-class] "Subitem", text="(7) This Schedule does not limit the rules that may be made for the purposes of subitem (1)."
[parser-unknown-class] "ActHead6", text="Schedule 3—Repeals"
[parser-unknown-class] "ActHead9", text="Aged Care Act 1997"
[parser-unknown-class] "ItemHead", text="1  The whole of the Act"
[parser-unknown-class] "ActHead9", text="Aged Care Quality and Safety Commission Act 2018"
[parser-unknown-class] "ItemHead", text="2  The whole of the Act"
[parser-unknown-class] "ActHead9", text="Aged Care (Transitional Provisions) Act 1997"
[parser-unknown-class] "ItemHead", text="3  The whole of the Act"
[parser-unknown-class] "ActHead6", text="Schedule 4—Special rules about provisions for information management for transitional purposes"
[parser-unknown-class] "ActHead7", text="Part 1—Interpretation"
[parser-unknown-class] "Transitional", text="1  Meaning of expressions—general"
[parser-unknown-class] "Transitional", text="2  Meaning of transitional purpose"
[parser-unknown-class] "Subitem", text="(1) A transitional purpose, in relation to the performance of a function or duty, the exercise of..."
[parser-unknown-class] "Subitem", text="(2) Without limiting subitem (1), the performance of a function or duty, the exercise of a power ..."
[parser-unknown-class] "ActHead7", text="Part 2—Dealing with information in performing functions, etc. for a transitional purpose"
[parser-unknown-class] "Transitional", text="3  Authorisations to collect, use or disclose protected information for transitional purpose"
[parser-unknown-class] "Subitem", text="(1) A person may, for a purpose mentioned in subitem (2), collect, use or disclose the following:"
[parser-unknown-class] "Subitem", text="(2) The purposes are as follows:"
[parser-unknown-class] "Subitem", text="(3) This item applies to the collection, use or disclosure of information on or after the day the..."
[parser-unknown-class] "Subitem", text="(4) The status and rights of all persons are, by force of this subitem, declared to be, and alway..."
[parser-unknown-class] "Subitem", text="(5) To avoid doubt, a reference in paragraph (1)(a) to protected information within the meaning o..."
[parser-unknown-class] "Transitional", text="4  System Governor may request information or documents from persons or bodies"
[parser-unknown-class] "Subitem", text="(1) If the System Governor reasonably believes that a person or body has information or documents..."
[parser-unknown-class] "Subitem", text="(2) The person or body is not required to comply with the request."
[parser-unknown-class] "Transitional", text="5  Notices to give information or produce documents required for System Governor’s functions"
[parser-unknown-class] "Subitem", text="(1) The System Governor may, by notice in writing given to a person before the transition time, r..."
[parser-unknown-class] "Subitem", text="specified in the notice that the System Governor requires for the performance of the System Gover..."
[parser-unknown-class] "Subitem", text="(2) The System Governor may, by notice in writing given to the person, before or after the transi..."
[parser-unknown-class] "Transitional", text="6  Failing to comply with notice"
[parser-unknown-class] "SubitemHead", text="Strict liability offence"
[parser-unknown-class] "Subitem", text="(1) A person commits an offence of strict liability if:"
[parser-unknown-class] "SubitemHead", text="Civil penalty provision"
[parser-unknown-class] "Subitem", text="(2) A person is liable to a civil penalty if:"
[parser-unknown-class] "Transitional", text="7  Privilege against self‑incrimination not abrogated"
[parser-unknown-class] "Subitem", text="(1) Nothing in this Part affects the right of a person to refuse to answer a question, give infor..."
[parser-unknown-class] "Subitem", text="(2) The fact that this item is included in this Part does not imply that the privilege against se..."
[parser-unknown-class] "Transitional", text="8  Meaning of protected information—information acquired or generated for transitional purposes"
[parser-unknown-class] "Transitional", text="9  Use of protected information for transitional purposes"
[parser-unknown-class] "Transitional", text="10  Compensation for acquisition of property"
[parser-unknown-class] "Subitem", text="(1) If the operation of this Part would result in an acquisition of property (within the meaning ..."
[parser-unknown-class] "Subitem", text="(2) If the Commonwealth and the person do not agree on the amount of the compensation, the person..."
[parser-unknown-class] "ActHead6", text="Schedule 5—Automation of administrative action"
[parser-unknown-class] "Transitional", text="1  Definitions"
[parser-unknown-class] "Subitem", text="In this Schedule:"
[parser-unknown-class] "Transitional", text="2  Automation of administrative action"
[parser-unknown-class] "Subitem", text="(1) The System Governor may, in writing, arrange for the use, under the System Governor’s oversig..."
[parser-unknown-class] "Subitem", text="(2) Administrative action is any of the following:"
[parser-unknown-class] "Subitem", text="(3) For the purposes of subitem (2), the provisions are the following:"
[parser-unknown-class] "SubitemHead", text="System Governor is treated as having taken administrative action"
[parser-unknown-class] "Subitem", text="(4) Administrative action taken by the operation of a computer program under an arrangement under..."
[parser-unknown-class] "SubitemHead", text="Substituted actions"
[parser-unknown-class] "Subitem", text="(5) The System Governor may take administrative action (the substituted action) in substitution f..."
[parser-unknown-class] "Subitem", text="(6) The substituted action takes effect on:"
[parser-unknown-class] "Subitem", text="(7) The day specified under paragraph (6)(a) may be earlier than the day the substituted action i..."
[parser-unknown-class] "SubitemHead", text="System Governor may still take administrative action"
[parser-unknown-class] "Subitem", text="(8) An arrangement under subitem (1) does not prevent the System Governor from taking administrat..."
[parser-unknown-class] "Subitem", text="(9) Subitem (5) does not limit any other provision of this Act, or a provision of a legislative i..."
[parser-unknown-class] "SubitemHead", text="Arrangement not a legislative instrument"
[parser-unknown-class] "Subitem", text="(10) An arrangement under subitem (1) is not a legislative instrument."
[parser-unknown-class] "SubitemHead", text="Rule‑making power"
[parser-unknown-class] "Subitem", text="(11) The Minister may, by legislative instrument, make rules prescribing matters:"
[parser-unknown-class] "Transitional", text="3  Oversight and safeguards for automation of administrative action"
[parser-unknown-class] "SubitemHead", text="System Governor to ensure administrative action is action that could be validly taken"
[parser-unknown-class] "Subitem", text="(1) The System Governor must take all reasonable steps to ensure that administrative action taken..."
[parser-unknown-class] "Subitem", text="(2) Without limiting subitem (1), the System Governor must do the things (if any) prescribed by r..."
[parser-unknown-class] "Subitem", text="(3) A failure to comply with subitem (1) or (2) does not affect the validity of the administrativ..."
[parser-unknown-class] "SubitemHead", text="Notice to entities of substituted decisions"
[parser-unknown-class] "Subitem", text="(4) If, under subitem 2(5), the System Governor makes a decision in substitution for a decision t..."
[parser-unknown-class] "Subitem", text="(5) The notice must include how the entity may apply for reconsideration of the substituted decis..."
[parser-unknown-class] "Subitem", text="(6) A failure to comply with subitem (4) or (5) of this item does not affect the validity of the ..."
[parser-unknown-class] "SubitemHead", text="Publication"
[parser-unknown-class] "Subitem", text="(7) If the System Governor makes an arrangement under subitem 2(1) in relation to particular prov..."
[parser-unknown-class] "SubitemHead", text="Details in annual report"
[parser-unknown-class] "Subitem", text="(8) The System Governor, when preparing the Department’s annual report under section 46 of the Pu..."
[parser-unknown-class] "Subitem", text="(9) The System Governor may also include in the report any other information (other than personal..."
[parser-unknown-class] "ActHead6", text="Schedule 6—Modification of operation of Commonwealth aged care system during first 12 months"
[parser-unknown-class] "Transitional", text="1  Definitions"
[parser-unknown-class] "Transitional", text="2  Modification of operation of Commonwealth aged care system during first 12 months"
[parser-unknown-class] "Subitem", text="(1) If the Minister is satisfied that it is necessary or appropriate to do so, the Minister may, ..."
[parser-unknown-class] "Subitem", text="(2) Without limiting paragraph (1)(a), modifications made by the rules may be expressed to apply:"
[parser-unknown-class] "Subitem", text="(3) Without limiting subitem (1), the rules may include application, saving or transitional provi..."
[parser-unknown-class] "SubitemHead", text="Expiry of rules"
[parser-unknown-class] "Subitem", text="(4) Rules made under subitem (1) are repealed:"
[parser-unknown-class] "SubitemHead", text="Time limit on making rules"
[parser-unknown-class] "Subitem", text="(5) Rules must not be made under subitem (1) after the end of the period of 12 months beginning o..."
[parser-unknown-class] "SubitemHead", text="Retrospective effect of rules"
[parser-unknown-class] "Subitem", text="(6) Despite subsection 12(2) of the Legislation Act 2003 and subject to subitem (7), rules made u..."
[parser-unknown-class] "Subitem", text="(7) If:"
[parser-unknown-class] "SubitemHead", text="Relationship with other provisions"
[parser-unknown-class] "Subitem", text="(8) Neither of the following limit the rules that may be made under subitem (1):"
[parser-unknown-class] "SubitemHead", text="Review by Senate Committee"
[parser-unknown-class] "Subitem", text="(9) The Senate Community Affairs Legislation Committee, or such other committee constituted under..."
[parser-unknown-class] "ActHead6", text="Schedule 7—Delegation"
[parser-unknown-class] "Transitional", text="1  Definitions"
[parser-unknown-class] "Transitional", text="2  Delegation—general"
[parser-unknown-class] "Subitem", text="(1) The System Governor may, in writing, delegate all or any of the System Governor’s functions o..."
[parser-unknown-class] "SubitemHead", text="Delegation to holders of specified non‑SES offices or positions"
[parser-unknown-class] "Subitem", text="(2) Before subdelegating a function or power under subitem (1) to an APS employee in the Departme..."
[parser-unknown-class] "SubitemHead", text="Delegation to persons who are not APS employees"
[parser-unknown-class] "Subitem", text="(3) Before delegating a function or power under subitem (1) to a person who is not an APS employe..."
[parser-unknown-class] "SubitemHead", text="Limitation—automation of administrative action"
[parser-unknown-class] "Subitem", text="(4) The System Governor may only delegate a function or power under subitem 2(1) of Schedule 5 (w..."
[parser-unknown-class] "Transitional", text="3  Delegation to the Chief Executive Centrelink"
[parser-unknown-class] "Subitem", text="(1) The System Governor may, in writing, delegate all or any of the System Governor’s functions o..."
[parser-unknown-class] "SubitemHead", text="Subdelegation"
[parser-unknown-class] "Subitem", text="(2) Subject to subitem (5), if the System Governor delegates a power or function to the Chief Exe..."
[parser-unknown-class] "SubitemHead", text="Subdelegation to holders of specified non‑SES offices or positions"
[parser-unknown-class] "Subitem", text="(3) Before subdelegating a function or power under subitem (2) to an APS employee in Services Aus..."
[parser-unknown-class] "SubitemHead", text="Subdelegation to persons who are not APS employees"
[parser-unknown-class] "Subitem", text="(4) Before subdelegating a function or power under subitem (2) to a person who is not an APS empl..."
[parser-unknown-class] "SubitemHead", text="Limitation—automation of administrative action"
[parser-unknown-class] "Subitem", text="(5) The Chief Executive Centrelink may only subdelegate a function or power under subitem 2(1) of..."
[parser-unknown-class] "Transitional", text="4  Delegation to the Chief Executive Medicare"
[parser-unknown-class] "Subitem", text="(1) The System Governor may, in writing, delegate all or any of the System Governor’s functions o..."
[parser-unknown-class] "SubitemHead", text="Subdelegation"
[parser-unknown-class] "Subitem", text="(2) Subject to subitem (5), if the System Governor delegates a power or function to the Chief Exe..."
[parser-unknown-class] "SubitemHead", text="Subdelegation to holders of specified non‑SES offices or positions"
[parser-unknown-class] "Subitem", text="(3) Before subdelegating a function or power under subitem (2) to an APS employee in Services Aus..."
[parser-unknown-class] "SubitemHead", text="Subdelegation to persons who are not APS employees"
[parser-unknown-class] "Subitem", text="(4) Before subdelegating a function or power under subitem (2) to a person who is not an APS empl..."
[parser-unknown-class] "SubitemHead", text="Limitation—automation of administrative action"
[parser-unknown-class] "Subitem", text="(5) The Chief Executive Medicare may only subdelegate a function or power under subitem 2(1) of S..."
[parser-unknown-class] "Transitional", text="5  Delegations in relation to specified kinds of matters"
[parser-unknown-class] "Transitional", text="6  Subdelegation"
[parser-unknown-class] "Transitional", text="7  Complying with directions"
[parse] by level:
         section      12
         subdivision  1
[parser-diag] processed 1434 <p> elements
[parser-diag] last section was added at element index: 216
[parser-diag] state phase at end: ENDNOTES
[parser-diag] hierarchy stack depth at end: 2
[parser-diag] insideSchedule at end: false
[db] inserted new legislation row: dfcc00a5-76ce-40b3-a8b6-283ab39456e0
[db] inserting 13 sections (pass 1)
[db] inserted 13 sections
[db] linking parent FKs (pass 2)
[db] linked 8 parent references

[done] ingested Aged Care (Consequential and Transitional Provisions) Act 2024
       legislation_id: dfcc00a5-76ce-40b3-a8b6-283ab39456e0
       sections: 13
       compilation: 2025-11-01
