[fetch] document_1: https://www.legislation.gov.au/C2021A00081/2022-01-01/2022-01-01/text/original/epub/OEBPS/document_1/document_1.html
[fetch] document_1: 39,794 bytes
[fetch] document_2: https://www.legislation.gov.au/C2021A00081/2022-01-01/2022-01-01/text/original/epub/OEBPS/document_2/document_2.html
[fetch] document_2 not found — stopping. Fetched 1 document(s).
[fetch] combined 1 document(s), 39,794 source bytes → 37,762 combined bytes
[citation] Tertiary Education Quality and Standards Agency (Charges) Act 2021 (Cth)
[parse] starting
[parser-diag] total <p> elements found: 182
[parser-diag] processed 182 <p> elements
[parser-diag] last section was added at element index: 83
[parser-diag] state phase at end: ENDNOTES
[parser-diag] hierarchy stack depth at end: 1
[parser-diag] insideSchedule at end: false
[parse] sections: 9
[parse] compilation: date=2022-01-01 no=1
[parse] by level:
         section      9
[db] inserted new legislation row: c81b1e49-64bd-4ed2-a613-4c0be3d5b5ba
[db] inserting 9 sections (pass 1)
[db] inserted 9 sections
[db] linking parent FKs (pass 2)
[db] linked 0 parent references

[done] ingested Tertiary Education Quality and Standards Agency (Charges) Act 2021
       legislation_id: c81b1e49-64bd-4ed2-a613-4c0be3d5b5ba
       sections: 9
       compilation: 2022-01-01
