[fetch] document_1: https://www.legislation.gov.au/C2023A00119/2023-12-14/2023-12-14/text/original/epub/OEBPS/document_1/document_1.html
[fetch] document_1: 64,345 bytes
[fetch] document_2: https://www.legislation.gov.au/C2023A00119/2023-12-14/2023-12-14/text/original/epub/OEBPS/document_2/document_2.html
[fetch] document_2 not found — stopping. Fetched 1 document(s).
[fetch] combined 1 document(s), 64,345 source bytes → 61,665 combined bytes
[citation] Public Health (Tobacco and Other Products) (Consequential Amendments and Transitional Provisions) Act 2023 (Cth)
[parse] starting
[parser-diag] total <p> elements found: 308
[parser-unknown-class] "ActHead6", text="Schedule 1—Repeals and consequential amendments"
[parser-unknown-class] "ActHead7", text="Part 1—Repeals"
[parser-unknown-class] "ActHead9", text="Tobacco Advertising Prohibition Act 1992"
[parser-unknown-class] "ItemHead", text="1  The whole of the Act"
[parser-unknown-class] "ActHead9", text="Tobacco Plain Packaging Act 2011"
[parser-unknown-class] "ItemHead", text="2  The whole of the Act"
[parser-unknown-class] "ActHead7", text="Part 2—Consequential amendments"
[parser-unknown-class] "ActHead9", text="Broadcasting Services Act 1992"
[parser-unknown-class] "ItemHead", text="3  Paragraph 7(1)(a) of Schedule 2"
[parser-unknown-class] "ItemHead", text="4  Paragraph 8(1)(a) of Schedule 2"
[parser-unknown-class] "ItemHead", text="5  Paragraph 9(1)(a) of Schedule 2"
[parser-unknown-class] "ItemHead", text="6  Paragraph 10(1)(a) of Schedule 2"
[parser-unknown-class] "ItemHead", text="7  Paragraph 11(1)(a) of Schedule 2"
[parser-unknown-class] "ItemHead", text="8  Clause 6 of Schedule 6"
[parser-unknown-class] "ItemHead", text="9  Clause 6 of Schedule 6"
[parser-unknown-class] "ItemHead", text="10  At the end of clause 6 of Schedule 6"
[parser-unknown-class] "ItemHead", text="11  Paragraph 24(1)(b) of Schedule 6"
[parser-unknown-class] "ActHead9", text="Competition and Consumer Act 2010"
[parser-unknown-class] "ItemHead", text="12  Section 87D (definition of smoking)"
[parser-unknown-class] "ItemHead", text="13  Section 87D (definition of tobacco product)"
[parser-unknown-class] "ItemHead", text="14  Section 130 (definition of smoking)"
[parser-unknown-class] "ItemHead", text="15  Section 130 (definition of tobacco product)"
[parser-unknown-class] "ActHead9", text="Criminal Code Act 1995"
[parser-unknown-class] "ItemHead", text="16  Paragraph 320.2(2)(b) of the Criminal Code"
[parser-unknown-class] "ActHead9", text="Social Security (Administration) Act 1999"
[parser-unknown-class] "ItemHead", text="17  Section 123TC (definition of tobacco product)"
[parser-unknown-class] "ActHead9", text="Taxation Administration Act 1953"
[parser-unknown-class] "ItemHead", text="18  Paragraph 308‑55(1)(a) in Schedule 1"
[parser-unknown-class] "ItemHead", text="19  Paragraph 308‑55(1)(b) in Schedule 1"
[parser-unknown-class] "ItemHead", text="20  After paragraph 308‑55(1)(e) in Schedule 1"
[parser-unknown-class] "ActHead9", text="Trade Marks Act 1995"
[parser-unknown-class] "ItemHead", text="21  Subsection 231(2) (note)"
[parser-unknown-class] "ItemHead", text="22  Section 231A (heading)"
[parser-unknown-class] "ItemHead", text="23  Subsection 231A(1)"
[parser-unknown-class] "ItemHead", text="24  Subsection 231A(1) (note)"
[parser-unknown-class] "ItemHead", text="25  Subsection 231A(2)"
[parser-unknown-class] "ActHead6", text="Schedule 2—Application, saving and transitional provisions"
[parser-unknown-class] "ActHead7", text="Part 1—Preliminary"
[parser-unknown-class] "Transitional", text="1  Definitions"
[parser-unknown-class] "Subitem", text="(1) In this Schedule:"
[parser-unknown-class] "Subitem", text="(2) An expression used in this Schedule that is also used in the new Act has the same meaning in ..."
[parser-unknown-class] "ItemHead", text="2  Section 7 of the Acts Interpretation Act 1901"
[parser-unknown-class] "ActHead7", text="Part 2—Tobacco and e‑cigarette sponsorships"
[parser-unknown-class] "Transitional", text="3  Prohibition of tobacco sponsorships—application"
[parser-unknown-class] "Transitional", text="4  Prohibition of e‑cigarette sponsorships—application"
[parser-unknown-class] "ActHead7", text="Part 3—Tobacco product requirements—transitional arrangements"
[parser-unknown-class] "ActHead8", text="Division 1—Preliminary"
[parser-unknown-class] "Transitional", text="5  Purpose of this Part"
[parser-unknown-class] "ActHead8", text="Division 2—Main transitional arrangements"
[parser-unknown-class] "Transitional", text="6  Plain packaging—physical features"
[parser-unknown-class] "Subitem", text="(1) This item applies if the retail packaging of tobacco products complies with the requirements ..."
[parser-unknown-class] "Subitem", text="(2) For the purposes of the new Act, during the main transition period, the retail packaging is t..."
[parser-unknown-class] "Transitional", text="7  Plain packaging—colour and finish"
[parser-unknown-class] "Subitem", text="(1) This item applies if the retail packaging of tobacco products complies with the requirements ..."
[parser-unknown-class] "Subitem", text="(2) For the purposes of the new Act, during the main transition period, the retail packaging is t..."
[parser-unknown-class] "Transitional", text="8  Plain packaging—marks"
[parser-unknown-class] "Subitem", text="(1) This item applies if the retail packaging of tobacco products complies with the requirements ..."
[parser-unknown-class] "Subitem", text="(2) For the purposes of the new Act, during the main transition period, the retail packaging is t..."
[parser-unknown-class] "Transitional", text="9  Plain packaging—brand names and variant names"
[parser-unknown-class] "Subitem", text="(1) This item applies if the retail packaging of tobacco products complies with the requirements ..."
[parser-unknown-class] "Subitem", text="(2) For the purposes of the new Act, during the main transition period, the retail packaging is t..."
[parser-unknown-class] "Transitional", text="10  Plain packaging—health warnings"
[parser-unknown-class] "Subitem", text="(1) This item applies if, subject to subitem (2), the retail packaging of tobacco products compli..."
[parser-unknown-class] "Subitem", text="(2) If the retail packaging of cigarettes or other smoked tobacco products displays the combinati..."
[parser-unknown-class] "Subitem", text="then, despite section 9.5 of the Standard, for the purposes of subitem (1), the retail packaging ..."
[parser-unknown-class] "Subitem", text="(3) For the purposes of the new Act, during the main transition period, the retail packaging is t..."
[parser-unknown-class] "Transitional", text="11  Plain packaging—mandatory markings"
[parser-unknown-class] "Subitem", text="(1) This item applies if the retail packaging of tobacco products complies with the requirements of:"
[parser-unknown-class] "Subitem", text="of the old TPP Act, as in force immediately before the commencement day."
[parser-unknown-class] "Subitem", text="(2) For the purposes of the new Act, during the main transition period, the retail packaging is t..."
[parser-unknown-class] "Transitional", text="12  Plain packaging—wrappers"
[parser-unknown-class] "Subitem", text="(1) This item applies if the retail packaging of tobacco products complies with the requirements ..."
[parser-unknown-class] "Subitem", text="(2) For the purposes of the new Act, during the main transition period, the retail packaging is t..."
[parser-unknown-class] "Transitional", text="13  Plain packaging—inserts and onserts (other than health promotion inserts)"
[parser-unknown-class] "Subitem", text="(1) This item applies if the retail packaging of tobacco products complies with the requirements ..."
[parser-unknown-class] "Subitem", text="(2) For the purposes of the new Act, during the main transition period, the retail packaging is t..."
[parser-unknown-class] "Transitional", text="14  Tobacco products—appearance and physical features (other than prohibited terms)"
[parser-unknown-class] "Subitem", text="(1) This item applies if a tobacco product complies with the requirements of section 26 of the ol..."
[parser-unknown-class] "Subitem", text="(2) For the purposes of the new Act, during the main transition period, the tobacco product is ta..."
[parser-unknown-class] "ActHead8", text="Division 3—Extended transitional arrangements for retailers"
[parser-unknown-class] "Transitional", text="15  Scope of Division"
[parser-unknown-class] "SubitemHead", text="Application"
[parser-unknown-class] "Subitem", text="(1) This Division applies in relation to a person (a retailer) who, on or after the commencement ..."
[parser-unknown-class] "SubitemHead", text="Sell‑through provisions"
[parser-unknown-class] "Subitem", text="(2) This Division applies in relation to the following provisions (the sell‑through provisions) o..."
[parser-unknown-class] "Transitional", text="16  Extended transitional arrangements for retailers"
[parser-unknown-class] "ActHead7", text="Part 4—Tobacco product requirements—application of new measures"
[parser-unknown-class] "ActHead8", text="Division 1—Preliminary"
[parser-unknown-class] "Transitional", text="17  Purpose of this Part"
[parser-unknown-class] "ActHead8", text="Division 2—Application of new tobacco product requirements"
[parser-unknown-class] "Transitional", text="18  Plain packaging—standardisation"
[parser-unknown-class] "Transitional", text="19  Plain packaging—prohibited tobacco product accessories"
[parser-unknown-class] "Transitional", text="20  Plain packaging—health promotion inserts"
[parser-unknown-class] "Transitional", text="21  Prohibited terms—brand names and variant names"
[parser-unknown-class] "Transitional", text="22  Tobacco products—appearance of prohibited terms"
[parser-unknown-class] "Transitional", text="23  Tobacco products—physical features (dimensions of a cigarette)"
[parser-unknown-class] "Transitional", text="24  Tobacco products—physical features (filter tips)"
[parser-unknown-class] "Transitional", text="25  Tobacco products—contents (ingredients)"
[parser-unknown-class] "Transitional", text="26  Tobacco products—prohibited devices"
[parser-unknown-class] "Transitional", text="27  Tobacco product accessories—prohibited functions"
[parser-unknown-class] "ActHead7", text="Part 5—Reporting"
[parser-unknown-class] "Transitional", text="28  Reporting entities—financial year reports"
[parser-unknown-class] "Subitem", text="(1) This item applies in relation to the obligation of a reporting entity to give a report to the..."
[parser-unknown-class] "Subitem", text="(2) The obligations of the reporting entity apply in relation to:"
[parser-unknown-class] "ActHead7", text="Part 6—Administration"
[parser-unknown-class] "Transitional", text="29  Compliance and enforcement"
[parser-unknown-class] "Subitem", text="(1) Parts 6.2 and 6.3 of the new Act and any related provisions apply for the purposes of ensurin..."
[parser-unknown-class] "Subitem", text="(2) For the purposes of subitem (1), Parts 6.2 and 6.3 apply as if references to “this Act” in th..."
[parser-unknown-class] "Subitem", text="(3) A reference in Part 6.2 or 6.3 of the new Act, as it applies under this item, to that Part or..."
[parser-unknown-class] "Transitional", text="30  Reports under repealed Tobacco Advertising Prohibition Act 1992"
[parser-unknown-class] "Transitional", text="31  Reports under old TPP Act"
[parser-unknown-class] "Transitional", text="32  Reports under new Act"
[parser-unknown-class] "ActHead7", text="Part 7—Transitional rules"
[parser-unknown-class] "Transitional", text="33  Transitional rules"
[parser-unknown-class] "Subitem", text="(1) The Minister may, by legislative instrument, make rules prescribing matters:"
[parser-unknown-class] "Subitem", text="(2) Without limiting subitem (1), the rules may prescribe matters of a transitional nature (inclu..."
[parser-unknown-class] "Subitem", text="(3) To avoid doubt, the rules may not do the following:"
[parser-unknown-class] "Subitem", text="(4) This Schedule (other than subitem (3)) does not limit the rules that may be made for the purp..."
[parser-unknown-class] "2ndRd", text="[Minister’s second reading speech made in—"
[parser-unknown-class] "2ndRd", text="House of Representatives on 13 September 2023"
[parser-unknown-class] "2ndRd", text="Senate on 19 October 2023]"
[parser-diag] processed 308 <p> elements
[parser-diag] last section was added at element index: 79
[parser-diag] state phase at end: BODY
[parser-diag] hierarchy stack depth at end: 1
[parser-diag] insideSchedule at end: false
[parse] sections: 3
[parse] compilation: date=(none) no=(none)
[parse] by level:
         section      3
[db] inserted new legislation row: 227ba5f6-0982-4286-9ac3-9b71b8d87ffa
[db] inserting 3 sections (pass 1)
[db] inserted 3 sections
[db] linking parent FKs (pass 2)
[db] linked 0 parent references

[done] ingested Public Health (Tobacco and Other Products) (Consequential Amendments and Transitional Provisions) Act 2023
       legislation_id: 227ba5f6-0982-4286-9ac3-9b71b8d87ffa
       sections: 3
       compilation: 2023-12-14
