[fetch] document_1: https://www.legislation.gov.au/C2024A00132/2024-12-10/2024-12-10/text/original/epub/OEBPS/document_1/document_1.html
[fetch] document_1: 180,357 bytes
[fetch] document_2: https://www.legislation.gov.au/C2024A00132/2024-12-10/2024-12-10/text/original/epub/OEBPS/document_2/document_2.html
[fetch] document_2 not found — stopping. Fetched 1 document(s).
[fetch] combined 1 document(s), 180,357 source bytes → 177,353 combined bytes
[citation] Taxation (Multinational—Global and Domestic Minimum Tax) Act 2024 (Cth)
[parse] starting
[parser-diag] total <p> elements found: 623
[parser-unknown-class] "2ndRd", text=""
[parser-unknown-class] "2ndRd", text="[Minister’s second reading speech made in—"
[parser-unknown-class] "2ndRd", text="House of Representatives on 4 July 2024"
[parser-unknown-class] "2ndRd", text="Senate on 22 August 2024]"
[parser-diag] processed 623 <p> elements
[parser-diag] last section was added at element index: 611
[parser-diag] state phase at end: BODY
[parser-diag] hierarchy stack depth at end: 3
[parser-diag] insideSchedule at end: false
[parse] sections: 59
[parse] compilation: date=(none) no=(none)
[parse] by level:
         part         5
         section      44
         division     10
[db] inserted new legislation row: 6af82143-7301-4d09-a3d5-d73c4fdf1b32
[db] inserting 59 sections (pass 1)
[db] inserted 59 sections
[db] linking parent FKs (pass 2)
[db] linked 54 parent references

[done] ingested Taxation (Multinational—Global and Domestic Minimum Tax) Act 2024
       legislation_id: 6af82143-7301-4d09-a3d5-d73c4fdf1b32
       sections: 59
       compilation: 2024-12-10
