[fetch] document_1: https://www.legislation.gov.au/C2023A00115/2024-12-11/2024-12-11/text/original/epub/OEBPS/document_1/document_1.html
[fetch] document_1: 260,337 bytes
[fetch] document_2: https://www.legislation.gov.au/C2023A00115/2024-12-11/2024-12-11/text/original/epub/OEBPS/document_2/document_2.html
[fetch] document_2 not found — stopping. Fetched 1 document(s).
[fetch] combined 1 document(s), 260,337 source bytes → 257,112 combined bytes
[citation] Identity Verification Services Act 2023 (Cth)
[parse] starting
[parser-diag] total <p> elements found: 944
[parser-diag] processed 944 <p> elements
[parser-diag] last section was added at element index: 807
[parser-diag] state phase at end: ENDNOTES
[parser-diag] hierarchy stack depth at end: 2
[parser-diag] insideSchedule at end: false
[parse] sections: 61
[parse] compilation: date=2024-12-11 no=1
[parse] by level:
         part         5
         division     7
         section      44
         subdivision  5
[db] inserted new legislation row: 0a6aa99d-751e-494d-bc7e-ddbcd6d8b2f1
[db] inserting 61 sections (pass 1)
[db] inserted 61 sections
[db] linking parent FKs (pass 2)
[db] linked 56 parent references

[done] ingested Identity Verification Services Act 2023
       legislation_id: 0a6aa99d-751e-494d-bc7e-ddbcd6d8b2f1
       sections: 61
       compilation: 2024-12-11
