[fetch] document_1: https://www.legislation.gov.au/C2023A00055/2025-11-01/2025-11-01/text/original/epub/OEBPS/document_1/document_1.html
[fetch] document_1: 297,655 bytes
[fetch] document_2: https://www.legislation.gov.au/C2023A00055/2025-11-01/2025-11-01/text/original/epub/OEBPS/document_2/document_2.html
[fetch] document_2 not found — stopping. Fetched 1 document(s).
[fetch] combined 1 document(s), 297,655 source bytes → 292,371 combined bytes
[citation] Inspector-General of Aged Care Act 2023 (Cth)
[parse] starting
[parser-diag] total <p> elements found: 1089
[parser-diag] processed 1089 <p> elements
[parser-diag] last section was added at element index: 962
[parser-diag] state phase at end: ENDNOTES
[parser-diag] hierarchy stack depth at end: 2
[parser-diag] insideSchedule at end: false
[parse] sections: 99
[parse] compilation: date=2025-11-01 no=1
[parse] by level:
         part         6
         section      73
         division     11
         subdivision  9
[db] inserted new legislation row: f792942b-dd97-4e59-ae5e-bb1f890495ac
[db] inserting 99 sections (pass 1)
[db] inserted 99 sections
[db] linking parent FKs (pass 2)
[db] linked 93 parent references

[done] ingested Inspector-General of Aged Care Act 2023
       legislation_id: f792942b-dd97-4e59-ae5e-bb1f890495ac
       sections: 99
       compilation: 2025-11-01
