[fetch] document_1: https://www.legislation.gov.au/C2023A00030/2023-06-28/2023-06-28/text/original/epub/OEBPS/document_1/document_1.html
[fetch] document_1: 134,017 bytes
[fetch] document_2: https://www.legislation.gov.au/C2023A00030/2023-06-28/2023-06-28/text/original/epub/OEBPS/document_2/document_2.html
[fetch] document_2 not found — stopping. Fetched 1 document(s).
[fetch] combined 1 document(s), 134,017 source bytes → 131,368 combined bytes
[citation] Appropriation (Parliamentary Departments) Act (No. 1) 2023-2024 (Cth)
[parse] starting
[parser-diag] total <p> elements found: 545
[parser-unknown-class] "2ndRd", text=""
[parser-unknown-class] "2ndRd", text="[Minister’s second reading speech made in—"
[parser-unknown-class] "2ndRd", text="House of Representatives on 9 May 2023"
[parser-unknown-class] "2ndRd", text="Senate on 16 June 2023]"
[parser-diag] processed 545 <p> elements
[parser-diag] last section was added at element index: 147
[parser-diag] state phase at end: BODY
[parser-diag] hierarchy stack depth at end: 1
[parser-diag] insideSchedule at end: true
[parse] sections: 19
[parse] compilation: date=(none) no=(none)
[parse] by level:
         part         4
         section      14
         schedule     1
[db] inserted new legislation row: b6c789be-b7ae-455d-b73d-7f38423fd740
[db] inserting 19 sections (pass 1)
[db] inserted 19 sections
[db] linking parent FKs (pass 2)
[db] linked 14 parent references

[done] ingested Appropriation (Parliamentary Departments) Act (No. 1) 2023-2024
       legislation_id: b6c789be-b7ae-455d-b73d-7f38423fd740
       sections: 19
       compilation: 2023-06-28
