[fetch] document_1: https://www.legislation.gov.au/C2024A00059/2025-02-21/2025-02-21/text/original/epub/OEBPS/document_1/document_1.html
[fetch] document_1: 465,437 bytes
[fetch] document_2: https://www.legislation.gov.au/C2024A00059/2025-02-21/2025-02-21/text/original/epub/OEBPS/document_2/document_2.html
[fetch] document_2 not found — stopping. Fetched 1 document(s).
[fetch] combined 1 document(s), 465,437 source bytes → 461,924 combined bytes
[citation] Primary Industries Levies and Charges Disbursement Act 2024 (Cth)
[parse] starting
[parser-diag] total <p> elements found: 1699
[parser-unknown-class] "BoxStep", text="Step 1. Work out the amount equal to 0.25% of the average Commonwealth main fishing industry GVP ..."
[parser-unknown-class] "BoxStep", text="Step 2. Work out the sum of the following:"
[parser-unknown-class] "BoxStep", text="Step 3. If the amount at step 1 is less than or equal to the amount at step 2, the amount at step..."
[parser-unknown-class] "BoxStep", text="Step 4. If the amount at step 1 exceeds the amount at step 2, the amount at step 2 is a payable a..."
[parser-unknown-class] "BoxStep", text="Step 1. Work out the amount equal to 0.5% of the average total main fishing industry GVP amount f..."
[parser-unknown-class] "BoxStep", text="Step 2. Subtract the amount at step 1 from the relevant fishing expenditure amount."
[parser-unknown-class] "BoxStep", text="Step 3. Express the amount at step 2 as a percentage of the average total main fishing industry G..."
[parser-unknown-class] "BoxStep", text="Step 4. Multiply the percentage at step 3 by the average Commonwealth main fishing industry GVP a..."
[parser-unknown-class] "BoxStep", text="Step 5. Work out half of the amount at step 4."
[parser-unknown-class] "BoxStep", text="Step 6. Work out the sum of the following:"
[parser-unknown-class] "BoxStep", text="Step 7. If the amount at step 5 is less than or equal to the amount at step 6, the amount at step..."
[parser-unknown-class] "BoxStep", text="Step 8. If the amount at step 5 exceeds the amount at step 6, the amount at step 6 is a payable a..."
[parser-unknown-class] "BoxStep", text="Step 1. Work out the amount equal to 0.25% of the average State/Territory main fishing industry G..."
[parser-unknown-class] "BoxStep", text="Step 2. If the amount at step 1 is less than or equal to the total of the payments made by the St..."
[parser-unknown-class] "BoxStep", text="Step 3. If the amount at step 1 exceeds the total of the payments made by the State or Territory,..."
[parser-unknown-class] "BoxStep", text="Step 1. Work out the amount equal to 0.5% of the average total main fishing industry GVP amount f..."
[parser-unknown-class] "BoxStep", text="Step 2. Subtract the amount at step 1 from the relevant fishing expenditure amount."
[parser-unknown-class] "BoxStep", text="Step 3. Express the amount at step 2 as a percentage of the average total main fishing industry G..."
[parser-unknown-class] "BoxStep", text="Step 4. Multiply the percentage at step 3 by the average State/Territory main fishing industry GV..."
[parser-unknown-class] "BoxStep", text="Step 5. Work out half of the amount at step 4."
[parser-unknown-class] "BoxStep", text="Step 6. If the amount at step 5 is less than or equal to the total payments made by the State or ..."
[parser-unknown-class] "BoxStep", text="Step 7. If the amount at step 5 exceeds the total payments made by the State or Territory, the to..."
[parser-unknown-class] "BoxStep", text="Step 1. Work out the amount equal to 0.25% of the average declared fishery GVP amount for the rel..."
[parser-unknown-class] "BoxStep", text="Step 2. For each declared fishery levy or charge, in relation to the declared fishery, work out s..."
[parser-unknown-class] "BoxStep", text="Step 3. Work out the sum of the amounts at step 2."
[parser-unknown-class] "BoxStep", text="Step 4. If the amount at step 1 is less than or equal to the amount at step 3, the amount at step..."
[parser-unknown-class] "BoxStep", text="Step 5. If the amount at step 1 exceeds the amount at step 3, the amount at step 3 is a payable a..."
[parser-unknown-class] "BoxStep", text="Step 1. Work out the amount equal to 0.5% of the average declared fishery GVP amount for the rele..."
[parser-unknown-class] "BoxStep", text="Step 2. Subtract the amount at step 1 from the declared fishery expenditure amount."
[parser-unknown-class] "BoxStep", text="Step 3. Work out half of the amount at step 2."
[parser-unknown-class] "BoxStep", text="Step 4. For each declared fishery levy or charge, in relation to the declared fishery, work out s..."
[parser-unknown-class] "BoxStep", text="Step 5. Work out the sum of the amounts at step 4."
[parser-unknown-class] "BoxStep", text="Step 6. If the amount at step 3 is less than or equal to the amount at step 5, the amount at step..."
[parser-unknown-class] "BoxStep", text="Step 7. If the amount at step 3 exceeds the amount at step 5, the amount at step 5 is a payable a..."
[parser-diag] processed 1699 <p> elements
[parser-diag] last section was added at element index: 1579
[parser-diag] state phase at end: ENDNOTES
[parser-diag] hierarchy stack depth at end: 3
[parser-diag] insideSchedule at end: false
[parse] sections: 130
[parse] compilation: date=2025-02-21 no=1
[parse] by level:
         part         6
         section      90
         division     17
         subdivision  17
[db] inserted new legislation row: d97daaf7-f35f-4be0-8594-8df4d0b528df
[db] inserting 130 sections (pass 1)
[db] inserted 130 sections
[db] linking parent FKs (pass 2)
[db] linked 124 parent references

[done] ingested Primary Industries Levies and Charges Disbursement Act 2024
       legislation_id: d97daaf7-f35f-4be0-8594-8df4d0b528df
       sections: 130
       compilation: 2025-02-21
