[fetch] document_1: https://www.legislation.gov.au/C2025A00063/2025-12-01/2025-12-01/text/original/epub/OEBPS/document_1/document_1.html
[fetch] document_1: 122,707 bytes
[fetch] document_2: https://www.legislation.gov.au/C2025A00063/2025-12-01/2025-12-01/text/original/epub/OEBPS/document_2/document_2.html
[fetch] document_2 not found — stopping. Fetched 1 document(s).
[fetch] combined 1 document(s), 122,707 source bytes → 120,147 combined bytes
[citation] Environment Information Australia Act 2025 (Cth)
[parse] starting
[parser-diag] total <p> elements found: 503
[parser-unknown-class] "2ndRd", text=""
[parser-unknown-class] "2ndRd", text="[Minister’s second reading speech made in—"
[parser-unknown-class] "2ndRd", text="House of Representatives on 30 October 2025"
[parser-unknown-class] "2ndRd", text="Senate on 24 November 2025]"
[parser-diag] processed 503 <p> elements
[parser-diag] last section was added at element index: 481
[parser-diag] state phase at end: BODY
[parser-diag] hierarchy stack depth at end: 2
[parser-diag] insideSchedule at end: false
[parse] sections: 66
[parse] compilation: date=(none) no=(none)
[parse] by level:
         part         6
         section      51
         division     5
         subdivision  4
[db] inserted new legislation row: 5f507b75-3eb8-427b-af58-9e01b8d7ec33
[db] inserting 66 sections (pass 1)
[db] inserted 66 sections
[db] linking parent FKs (pass 2)
[db] linked 60 parent references

[done] ingested Environment Information Australia Act 2025
       legislation_id: 5f507b75-3eb8-427b-af58-9e01b8d7ec33
       sections: 66
       compilation: 2025-12-01
