[fetch] document_1: https://www.legislation.gov.au/C2023A00080/2023-09-28/2023-09-28/text/original/epub/OEBPS/document_1/document_1.html
[fetch] document_1: 78,956 bytes
[fetch] document_2: https://www.legislation.gov.au/C2023A00080/2023-09-28/2023-09-28/text/original/epub/OEBPS/document_2/document_2.html
[fetch] document_2 not found — stopping. Fetched 1 document(s).
[fetch] combined 1 document(s), 78,956 source bytes → 76,475 combined bytes
[citation] National Housing Supply and Affordability Council Act 2023 (Cth)
[parse] starting
[parser-diag] total <p> elements found: 326
[parser-unknown-class] "2ndRd", text=""
[parser-unknown-class] "2ndRd", text="[Minister’s second reading speech made in—"
[parser-unknown-class] "2ndRd", text="House of Representatives on 9 February 2023"
[parser-unknown-class] "2ndRd", text="Senate on 6 March 2023]"
[parser-diag] processed 326 <p> elements
[parser-diag] last section was added at element index: 311
[parser-diag] state phase at end: BODY
[parser-diag] hierarchy stack depth at end: 2
[parser-diag] insideSchedule at end: false
[parse] sections: 42
[parse] compilation: date=(none) no=(none)
[parse] by level:
         part         5
         section      34
         division     3
[db] inserted new legislation row: 4422d498-cccb-4cff-b840-526f6de52eb1
[db] inserting 42 sections (pass 1)
[db] inserted 42 sections
[db] linking parent FKs (pass 2)
[db] linked 37 parent references

[done] ingested National Housing Supply and Affordability Council Act 2023
       legislation_id: 4422d498-cccb-4cff-b840-526f6de52eb1
       sections: 42
       compilation: 2023-09-28
