[fetch] document_1: https://www.legislation.gov.au/C2023A00031/2023-06-28/2023-06-28/text/original/epub/OEBPS/document_1/document_1.html
[fetch] document_1: 2,632,349 bytes
[fetch] document_2: https://www.legislation.gov.au/C2023A00031/2023-06-28/2023-06-28/text/original/epub/OEBPS/document_2/document_2.html
[fetch] document_2 not found — stopping. Fetched 1 document(s).
[fetch] combined 1 document(s), 2,632,349 source bytes → 2,625,325 combined bytes
[citation] Appropriation Act (No. 1) 2023-2024 (Cth)
[parse] starting
[parser-diag] total <p> elements found: 10422
[parser-unknown-class] "2ndRd", text=""
[parser-unknown-class] "2ndRd", text="[Minister’s second reading speech made in—"
[parser-unknown-class] "2ndRd", text="House of Representatives on 9 May 2023"
[parser-unknown-class] "2ndRd", text="Senate on 16 June 2023]"
[parser-diag] processed 10422 <p> elements
[parser-diag] last section was added at element index: 134
[parser-diag] state phase at end: BODY
[parser-diag] hierarchy stack depth at end: 1
[parser-diag] insideSchedule at end: true
[parse] sections: 18
[parse] compilation: date=(none) no=(none)
[parse] by level:
         part         4
         section      13
         schedule     1
[db] inserted new legislation row: 819aafa6-733b-4c04-8124-2ddbc3ce1831
[db] inserting 18 sections (pass 1)
[db] inserted 18 sections
[db] linking parent FKs (pass 2)
[db] linked 13 parent references

[done] ingested Appropriation Act (No. 1) 2023-2024
       legislation_id: 819aafa6-733b-4c04-8124-2ddbc3ce1831
       sections: 18
       compilation: 2023-06-28
