[fetch] document_1: https://www.legislation.gov.au/C2025A00021/2025-03-27/2025-03-27/text/original/epub/OEBPS/document_1/document_1.html
[fetch] document_1: 138,733 bytes
[fetch] document_2: https://www.legislation.gov.au/C2025A00021/2025-03-27/2025-03-27/text/original/epub/OEBPS/document_2/document_2.html
[fetch] document_2 not found — stopping. Fetched 1 document(s).
[fetch] combined 1 document(s), 138,733 source bytes → 135,807 combined bytes
[citation] Supply (Parliamentary Departments) Act (No. 1) 2025-2026 (Cth)
[parse] starting
[parser-diag] total <p> elements found: 548
[parser-unknown-class] "2ndRd", text=""
[parser-unknown-class] "2ndRd", text="[Minister’s second reading speech made in—"
[parser-unknown-class] "2ndRd", text="House of Representatives on 25 March 2025"
[parser-unknown-class] "2ndRd", text="Senate on 26 March 2025]"
[parser-diag] processed 548 <p> elements
[parser-diag] last section was added at element index: 151
[parser-diag] state phase at end: BODY
[parser-diag] hierarchy stack depth at end: 1
[parser-diag] insideSchedule at end: true
[parse] sections: 19
[parse] compilation: date=(none) no=(none)
[parse] by level:
         part         4
         section      14
         schedule     1
[db] inserted new legislation row: 250f983a-b025-479b-95d8-56f458db8f86
[db] inserting 19 sections (pass 1)
[db] inserted 19 sections
[db] linking parent FKs (pass 2)
[db] linked 14 parent references

[done] ingested Supply (Parliamentary Departments) Act (No. 1) 2025-2026
       legislation_id: 250f983a-b025-479b-95d8-56f458db8f86
       sections: 19
       compilation: 2025-03-27
