[fetch] document_1: https://www.legislation.gov.au/C2025A00034/2025-08-28/2025-08-28/text/original/epub/OEBPS/document_1/document_1.html
[fetch] document_1: 168,245 bytes
[fetch] document_2: https://www.legislation.gov.au/C2025A00034/2025-08-28/2025-08-28/text/original/epub/OEBPS/document_2/document_2.html
[fetch] document_2 not found — stopping. Fetched 1 document(s).
[fetch] combined 1 document(s), 168,245 source bytes → 166,307 combined bytes
[citation] Universities Accord (National Higher Education Code to Prevent and Respond to Gender-based Violence) Act 2025 (Cth)
[parse] starting
[parser-diag] total <p> elements found: 658
[parser-unknown-class] "2ndRd", text="[Minister’s second reading speech made in—"
[parser-unknown-class] "2ndRd", text="Senate on 23 July 2025"
[parser-unknown-class] "2ndRd", text="House of Representatives on 25 August 2025]"
[parser-diag] processed 658 <p> elements
[parser-diag] last section was added at element index: 639
[parser-diag] state phase at end: BODY
[parser-diag] hierarchy stack depth at end: 3
[parser-diag] insideSchedule at end: false
[parse] sections: 79
[parse] compilation: date=(none) no=(none)
[parse] by level:
         part         8
         division     21
         section      50
[db] inserted new legislation row: 1902f7dd-080b-47f7-be1c-3a81883ddcc4
[db] inserting 79 sections (pass 1)
[db] inserted 79 sections
[db] linking parent FKs (pass 2)
[db] linked 71 parent references

[done] ingested Universities Accord (National Higher Education Code to Prevent and Respond to Gender-based Violence) Act 2025
       legislation_id: 1902f7dd-080b-47f7-be1c-3a81883ddcc4
       sections: 79
       compilation: 2025-08-28
