[fetch] document_1: https://www.legislation.gov.au/C2025A00044/2025-09-05/2025-09-05/text/original/epub/OEBPS/document_1/document_1.html
[fetch] document_1: 14,977 bytes
[fetch] document_2: https://www.legislation.gov.au/C2025A00044/2025-09-05/2025-09-05/text/original/epub/OEBPS/document_2/document_2.html
[fetch] document_2 not found — stopping. Fetched 1 document(s).
[fetch] combined 1 document(s), 14,977 source bytes → 12,403 combined bytes
[citation] Pacific Banking Guarantee Act 2025 (Cth)
[parse] starting
[parser-diag] total <p> elements found: 80
[parser-unknown-class] "2ndRd", text="[Minister’s second reading speech made in—"
[parser-unknown-class] "2ndRd", text="House of Representatives on 24 July 2025"
[parser-unknown-class] "2ndRd", text="Senate on 31 July 2025]"
[parser-diag] processed 80 <p> elements
[parser-diag] last section was added at element index: 64
[parser-diag] state phase at end: BODY
[parser-diag] hierarchy stack depth at end: 1
[parser-diag] insideSchedule at end: false
[parse] sections: 5
[parse] compilation: date=(none) no=(none)
[parse] by level:
         section      5
[db] inserted new legislation row: b73bd976-f28e-4617-b4f5-b6ba8bffad51
[db] inserting 5 sections (pass 1)
[db] inserted 5 sections
[db] linking parent FKs (pass 2)
[db] linked 0 parent references

[done] ingested Pacific Banking Guarantee Act 2025
       legislation_id: b73bd976-f28e-4617-b4f5-b6ba8bffad51
       sections: 5
       compilation: 2025-09-05
