[fetch] document_1: https://www.legislation.gov.au/C2024A00086/2024-09-17/2024-09-17/text/original/epub/OEBPS/document_1/document_1.html
[fetch] document_1: 447,429 bytes
[fetch] document_2: https://www.legislation.gov.au/C2024A00086/2024-09-17/2024-09-17/text/original/epub/OEBPS/document_2/document_2.html
[fetch] document_2 not found — stopping. Fetched 1 document(s).
[fetch] combined 1 document(s), 447,429 source bytes → 444,262 combined bytes
[citation] Parliamentary Workplace Support Service Amendment (Independent Parliamentary Standards Commission) Act 2024 (Cth)
[parse] starting
[parser-diag] total <p> elements found: 1702
[parser-unknown-class] "ActHead6", text="Schedule 1—Amendments"
[parser-unknown-class] "ActHead7", text="Part 1—Amendments commencing day after Royal Assent"
[parser-unknown-class] "ActHead9", text="Parliamentary Workplace Support Service Act 2023"
[parser-unknown-class] "ItemHead", text="1  Section 4 (at the end of the paragraph beginning “This Act also establishes”)"
[parser-unknown-class] "ItemHead", text="2  Section 5"
[parser-unknown-class] "ItemHead", text="3  After Part 6"
[parser-unknown-class] "ActHead7", text="Part 2—Amendments commencing on Proclamation"
[parser-unknown-class] "ActHead9", text="Archives Act 1983"
[parser-unknown-class] "ItemHead", text="4  Subsection 3(1) (subparagraph (a)(iii) of the definition of PWSS document)"
[parser-unknown-class] "ItemHead", text="5  Subsection 3(1) (at the end of paragraph (a) of the definition of PWSS document)"
[parser-unknown-class] "ActHead9", text="Freedom of Information Act 1982"
[parser-unknown-class] "ItemHead", text="6  At the end of subsection 7(2AAA)"
[parser-unknown-class] "ActHead9", text="Members of Parliament (Staff) Act 1984"
[parser-unknown-class] "ItemHead", text="7  Section 3"
[parser-unknown-class] "ItemHead", text="8  Paragraph 7(3)(b)"
[parser-unknown-class] "ItemHead", text="9  Subsection 7(4) (note)"
[parser-unknown-class] "ItemHead", text="10  Section 10 (after the paragraph beginning “Parliamentarians and office‑holders can suspend”)"
[parser-unknown-class] "ItemHead", text="11  Subsection 13(4)"
[parser-unknown-class] "ItemHead", text="12  Subsection 15(6)"
[parser-unknown-class] "ItemHead", text="13  At the end of Part III"
[parser-unknown-class] "ActHead9", text="National Anti‑Corruption Commission Act 2022"
[parser-unknown-class] "ItemHead", text="14  After paragraph 15(pa)"
[parser-unknown-class] "ActHead9", text="Parliamentary Workplace Support Service Act 2023"
[parser-unknown-class] "ItemHead", text="15  At the end of section 3"
[parser-unknown-class] "ItemHead", text="16  Section 4 (paragraph (f) of the paragraph beginning “The functions of the PWSS”)"
[parser-unknown-class] "ItemHead", text="17  Section 4 (after the paragraph beginning “The functions of the PWSS”)"
[parser-unknown-class] "ItemHead", text="18  Section 4 (paragraph beginning “The PWSS has”)"
[parser-unknown-class] "ItemHead", text="19  Section 5"
[parser-unknown-class] "ItemHead", text="20  Section 5 (after paragraph (c) of the definition of core participant)"
[parser-unknown-class] "ItemHead", text="21  Section 5 (paragraph (c) of the definition of designated worker)"
[parser-unknown-class] "ItemHead", text="22  Section 5"
[parser-unknown-class] "ItemHead", text="23  Section 5 (definition of relevant conduct)"
[parser-unknown-class] "ItemHead", text="24  Section 5"
[parser-unknown-class] "ItemHead", text="25  Section 11 (paragraph (f) of the paragraph beginning “The functions of the PWSS”)"
[parser-unknown-class] "ItemHead", text="26  Section 11 (paragraph beginning “The PWSS”)"
[parser-unknown-class] "ItemHead", text="27  Subsection 12(3)"
[parser-unknown-class] "ItemHead", text="28  Paragraph 13(f)"
[parser-unknown-class] "ItemHead", text="29  Paragraph 13(i)"
[parser-unknown-class] "ItemHead", text="30  Subparagraph 14(b)(ii)"
[parser-unknown-class] "ItemHead", text="31  Subparagraph 14(c)(ii)"
[parser-unknown-class] "ItemHead", text="32  After subsection 16(2)"
[parser-unknown-class] "ItemHead", text="33  Subparagraph 18(1)(a)(i)"
[parser-unknown-class] "ItemHead", text="34  Subparagraph 18(1)(a)(iii)"
[parser-unknown-class] "ItemHead", text="35  Section 19"
[parser-unknown-class] "ItemHead", text="36  Subsection 22(1)"
[parser-unknown-class] "ItemHead", text="37  At the end of subsection 22(2)"
[parser-unknown-class] "ItemHead", text="38  Subsection 22(3)"
[parser-unknown-class] "ItemHead", text="39  Subsection 22(5)"
[parser-unknown-class] "ItemHead", text="40  Paragraph 23(7)(b)"
[parser-unknown-class] "ItemHead", text="41  After Part 2"
[parser-unknown-class] "ItemHead", text="42  Section 25 (paragraph beginning “The CEO’s functions”)"
[parser-unknown-class] "ItemHead", text="43  Paragraph 27(a)"
[parser-unknown-class] "ItemHead", text="44  After paragraph 27(b)"
[parser-unknown-class] "ItemHead", text="45  After Part 3"
[parser-unknown-class] "ItemHead", text="46  Part 4 (heading)"
[parser-unknown-class] "ItemHead", text="47  Before section 37"
[parser-unknown-class] "ItemHead", text="48  Section 37 (paragraph beginning “The CEO may”)"
[parser-unknown-class] "ItemHead", text="49  Section 37 (after the paragraph beginning “The CEO may”)"
[parser-unknown-class] "ItemHead", text="50  Before section 38"
[parser-unknown-class] "ItemHead", text="51  At the end of Part 4"
[parser-unknown-class] "ItemHead", text="52  Section 60 (paragraph beginning “This Part enables”)"
[parser-unknown-class] "ItemHead", text="53  Section 60 (paragraph beginning “However”)"
[parser-unknown-class] "ItemHead", text="54  Section 60 (paragraph beginning “The PWSS may request some”)"
[parser-unknown-class] "ItemHead", text="55  Section 60 (paragraph beginning “The CEO”)"
[parser-unknown-class] "ItemHead", text="56  Division 2 of Part 7 (heading)"
[parser-unknown-class] "ItemHead", text="57  Section 61 (heading)"
[parser-unknown-class] "ItemHead", text="58  Subsection 61(1) (heading)"
[parser-unknown-class] "ItemHead", text="59  Subsection 61(1)"
[parser-unknown-class] "ItemHead", text="60  After paragraph 61(1)(b)"
[parser-unknown-class] "ItemHead", text="61  Subsection 61(1)"
[parser-unknown-class] "ItemHead", text="62  After subsection 61(1)"
[parser-unknown-class] "ItemHead", text="63  Subsection 61(2)"
[parser-unknown-class] "ItemHead", text="64  Paragraph 61(2)(a)"
[parser-unknown-class] "ItemHead", text="65  At the end of subsection 61(2)"
[parser-unknown-class] "ItemHead", text="66  After subsection 61(2)"
[parser-unknown-class] "ItemHead", text="67  Subsection 61(4)"
[parser-unknown-class] "ItemHead", text="68  Subsection 61(5)"
[parser-unknown-class] "ItemHead", text="69  After subsection 61(5)"
[parser-unknown-class] "ItemHead", text="70  Subsection 61(6)"
[parser-unknown-class] "ItemHead", text="71  Subsection 61(7)"
[parser-unknown-class] "ItemHead", text="72  After paragraph 62(2)(a)"
[parser-unknown-class] "ItemHead", text="73  Paragraph 62(2)(b)"
[parser-unknown-class] "ItemHead", text="74  Section 63 (heading)"
[parser-unknown-class] "ItemHead", text="75  Before paragraph 63(1)(a)"
[parser-unknown-class] "ItemHead", text="76  After paragraph 63(1)(b)"
[parser-unknown-class] "ItemHead", text="77  Paragraph 63(1)(c)"
[parser-unknown-class] "ItemHead", text="78  Paragraph 63(1)(d)"
[parser-unknown-class] "ItemHead", text="79  Paragraph 63(5)(a)"
[parser-unknown-class] "ItemHead", text="80  At the end of Division 2 of Part 7"
[parser-unknown-class] "ActHead9", text="Parliamentary Workplace Support Service (Consequential Amendments and Transitional Provisions) Ac..."
[parser-unknown-class] "ItemHead", text="81  Subsection 2(1) (table item 3)"
[parser-unknown-class] "ItemHead", text="82  Schedule 3"
[parser-unknown-class] "ActHead6", text="Schedule 2—Application and transitional provisions"
[parser-unknown-class] "Transitional", text="1  Definitions"
[parser-unknown-class] "Transitional", text="2  Transitional—complaints under review before commencement"
[parser-unknown-class] "Subitem", text="(1) This item applies if, before the commencement time:"
[parser-unknown-class] "Subitem", text="(2) The PWSS must finish the review."
[parser-unknown-class] "Subitem", text="(3) The old law continues to apply in relation to the review and in relation to the complaint for..."
[parser-unknown-class] "Transitional", text="3  Transitional—complaints not dealt with before commencement"
[parser-unknown-class] "Subitem", text="(1) This item applies if:"
[parser-unknown-class] "Subitem", text="(2) The CEO must refer the conduct issue arising from the complaint to the IPSC if:"
[parser-unknown-class] "Subitem", text="(3) A referral under subitem (2) must:"
[parser-unknown-class] "Subitem", text="(4) The new law applies in relation to a referral under subitem (2) as if it were a conduct issue..."
[parser-unknown-class] "2ndRd", text=""
[parser-unknown-class] "2ndRd", text="[Minister’s second reading speech made in—"
[parser-unknown-class] "2ndRd", text="House of Representatives on 21 August 2024"
[parser-unknown-class] "2ndRd", text="Senate on 12 September 2024]"
[parser-diag] processed 1702 <p> elements
[parser-diag] last section was added at element index: 1643
[parser-diag] state phase at end: BODY
[parser-diag] hierarchy stack depth at end: 3
[parser-diag] insideSchedule at end: false
[parse] sections: 140
[parse] compilation: date=(none) no=(none)
[parse] by level:
         section      111
         part         4
         division     16
         subdivision  9
[db] inserted new legislation row: ac41b86a-9fc4-489c-8066-11d0ebe46d93
[db] inserting 140 sections (pass 1)
[db] inserted 140 sections
[db] linking parent FKs (pass 2)
[db] linked 133 parent references

[done] ingested Parliamentary Workplace Support Service Amendment (Independent Parliamentary Standards Commission) Act 2024
       legislation_id: ac41b86a-9fc4-489c-8066-11d0ebe46d93
       sections: 140
       compilation: 2024-09-17
