[fetch] document_1: https://www.legislation.gov.au/C2021A00076/2024-12-11/2024-12-11/text/original/epub/OEBPS/document_1/document_1.html
[fetch] document_1: 985,386 bytes
[fetch] document_2: https://www.legislation.gov.au/C2021A00076/2024-12-11/2024-12-11/text/original/epub/OEBPS/document_2/document_2.html
[fetch] document_2 not found — stopping. Fetched 1 document(s).
[fetch] combined 1 document(s), 985,386 source bytes → 981,017 combined bytes
[citation] Online Safety Act 2021 (Cth)
[parse] starting
[parser-diag] total <p> elements found: 3693
[parser-diag] processed 3693 <p> elements
[parser-diag] last section was added at element index: 3472
[parser-diag] state phase at end: ENDNOTES
[parser-diag] hierarchy stack depth at end: 2
[parser-diag] insideSchedule at end: false
[parse] sections: 321
[parse] compilation: date=2024-12-11 no=3
[parse] by level:
         part         17
         section      260
         division     35
         subdivision  9
[db] inserted new legislation row: 5dd3bc6f-ce81-4b7a-894d-e629ea404bdd
[db] inserting 321 sections (pass 1)
[db] inserted 321 sections
[db] linking parent FKs (pass 2)
[db] linked 304 parent references

[done] ingested Online Safety Act 2021
       legislation_id: 5dd3bc6f-ce81-4b7a-894d-e629ea404bdd
       sections: 321
       compilation: 2024-12-11
