[fetch] document_1: https://www.legislation.gov.au/C2023A00121/2024-10-14/2024-10-14/text/original/epub/OEBPS/document_1/document_1.html
[fetch] document_1: 1,099,034 bytes
[fetch] document_2: https://www.legislation.gov.au/C2023A00121/2024-10-14/2024-10-14/text/original/epub/OEBPS/document_2/document_2.html
[fetch] document_2 not found — stopping. Fetched 1 document(s).
[fetch] combined 1 document(s), 1,099,034 source bytes → 1,095,668 combined bytes
[citation] Nature Repair Act 2023 (Cth)
[parse] starting
[parser-diag] total <p> elements found: 4055
[parser-diag] processed 4055 <p> elements
[parser-diag] last section was added at element index: 3925
[parser-diag] state phase at end: ENDNOTES
[parser-diag] hierarchy stack depth at end: 2
[parser-diag] insideSchedule at end: false
[parse] sections: 347
[parse] compilation: date=2024-10-14 no=1
[parse] by level:
         part         21
         section      248
         division     60
         subdivision  18
[db] inserted new legislation row: 4ec2126a-4edd-4209-baf7-084f1fb783e0
[db] inserting 347 sections (pass 1)
[db] inserted 347 sections
[db] linking parent FKs (pass 2)
[db] linked 326 parent references

[done] ingested Nature Repair Act 2023
       legislation_id: 4ec2126a-4edd-4209-baf7-084f1fb783e0
       sections: 347
       compilation: 2024-10-14
