[fetch] document_1: https://www.legislation.gov.au/C2025A00012/2025-02-20/2025-02-20/text/original/epub/OEBPS/document_1/document_1.html
[fetch] document_1: 49,528 bytes
[fetch] document_2: https://www.legislation.gov.au/C2025A00012/2025-02-20/2025-02-20/text/original/epub/OEBPS/document_2/document_2.html
[fetch] document_2 not found — stopping. Fetched 1 document(s).
[fetch] combined 1 document(s), 49,528 source bytes → 46,830 combined bytes
[citation] Early Childhood Education and Care (Three Day Guarantee) Act 2025 (Cth)
[parse] starting
[parser-diag] total <p> elements found: 262
[parser-unknown-class] "ActHead6", text="Schedule 1—Amendments"
[parser-unknown-class] "ActHead9", text="A New Tax System (Family Assistance) Act 1999"
[parser-unknown-class] "ItemHead", text="1  Subsection 3(1)"
[parser-unknown-class] "ItemHead", text="2  Subsection 3(1) (definition of activity test result)"
[parser-unknown-class] "ItemHead", text="3  Subsection 3(1) (definition of deemed activity test result)"
[parser-unknown-class] "ItemHead", text="4  Subsection 3(1)"
[parser-unknown-class] "ItemHead", text="5  Subsection 3(1)"
[parser-unknown-class] "ItemHead", text="6  Subsection 3(1) (definition of low income result)"
[parser-unknown-class] "ItemHead", text="7  Subsection 3(1) (definition of recognised activity)"
[parser-unknown-class] "ItemHead", text="8  Subsection 3(1) (definition of recognised activity result)"
[parser-unknown-class] "ItemHead", text="9  Subsection 3(1)"
[parser-unknown-class] "ItemHead", text="10  Clause 1 of Schedule 2 (method statement, step 1)"
[parser-unknown-class] "ItemHead", text="11  Clause 1 of Schedule 2 (method statement, step 1)"
[parser-unknown-class] "BoxStep", text="If the activity test result is zero, the amount of child care subsidy for the individual for the ..."
[parser-unknown-class] "BoxStep", text="Otherwise, go to step 3."
[parser-unknown-class] "ItemHead", text="12  Clause 1 of Schedule 2 (method statement, step 5, paragraph (a))"
[parser-unknown-class] "ItemHead", text="13  Clause 1 of Schedule 2 (method statement, step 5, paragraph (b))"
[parser-unknown-class] "ItemHead", text="14  Clause 1 of Schedule 2 (method statement, step 6)"
[parser-unknown-class] "ItemHead", text="15  Clause 1 of Schedule 2 (method statement, step 7)"
[parser-unknown-class] "ItemHead", text="16  Clause 4 of Schedule 2 (heading)"
[parser-unknown-class] "ItemHead", text="17  Subclause 4(1) of Schedule 2"
[parser-unknown-class] "ItemHead", text="18  Subparagraph 4(1)(a)(i) of Schedule 2"
[parser-unknown-class] "ItemHead", text="19  Subclause 4(2) of Schedule 2"
[parser-unknown-class] "ItemHead", text="20  Clause 4A of Schedule 2 (heading)"
[parser-unknown-class] "ItemHead", text="21  Paragraph 4A(1)(a) of Schedule 2"
[parser-unknown-class] "ItemHead", text="22  Subclause 4A(2) of Schedule 2"
[parser-unknown-class] "ItemHead", text="23  Paragraphs 4A(2)(a) and (b) of Schedule 2"
[parser-unknown-class] "ItemHead", text="24  Clause 8 of Schedule 2 (method statement, step 1)"
[parser-unknown-class] "ItemHead", text="25  Clause 8 of Schedule 2 (method statement, steps 4 and 5)"
[parser-unknown-class] "ItemHead", text="26  Clause 10 of Schedule 2 (heading)"
[parser-unknown-class] "ItemHead", text="27  Subclause 10(1) of Schedule 2"
[parser-unknown-class] "ItemHead", text="28  Paragraph 10(1)(a) of Schedule 2"
[parser-unknown-class] "ItemHead", text="29  Subclause 10(2) of Schedule 2"
[parser-unknown-class] "ItemHead", text="30  Part 5 of Schedule 2 (heading)"
[parser-unknown-class] "ItemHead", text="31  Division 1 of Part 5 of Schedule 2 (heading)"
[parser-unknown-class] "ItemHead", text="32  Clause 11 of Schedule 2 (heading)"
[parser-unknown-class] "ItemHead", text="33  Subclause 11(1) of Schedule 2"
[parser-unknown-class] "ItemHead", text="34  Subclause 11(5) of Schedule 2"
[parser-unknown-class] "ItemHead", text="35  Clause 12 of Schedule 2 (heading)"
[parser-unknown-class] "ItemHead", text="36  Subclause 12(1) of Schedule 2"
[parser-unknown-class] "ItemHead", text="37  Subclause 12(2) of Schedule 2 (heading)"
[parser-unknown-class] "ItemHead", text="38  Subclause 12(2) of Schedule 2"
[parser-unknown-class] "ItemHead", text="39  Paragraphs 12(2)(d) and (e) of Schedule 2"
[parser-unknown-class] "ItemHead", text="40  Subclause 12(3) of Schedule 2"
[parser-unknown-class] "ItemHead", text="41  Subclause 12(4) of Schedule 2 (heading)"
[parser-unknown-class] "ItemHead", text="42  Subclause 12(4) of Schedule 2"
[parser-unknown-class] "ItemHead", text="43  Subclause 12(4) of Schedule 2"
[parser-unknown-class] "ItemHead", text="44  Paragraph 12(4)(a) of Schedule 2"
[parser-unknown-class] "ItemHead", text="45  Paragraphs 12(4)(a) and (b) of Schedule 2"
[parser-unknown-class] "ItemHead", text="46  Subclause 12(7) of Schedule 2 (heading)"
[parser-unknown-class] "ItemHead", text="47  Subclause 12(7) of Schedule 2"
[parser-unknown-class] "ItemHead", text="48  Subclause 12(7) of Schedule 2"
[parser-unknown-class] "ItemHead", text="49  Clause 13 of Schedule 2"
[parser-unknown-class] "ItemHead", text="50  Subclause 15A(1) of Schedule 2"
[parser-unknown-class] "ItemHead", text="51  Division 2 of Part 5 of Schedule 2 (heading)"
[parser-unknown-class] "ItemHead", text="52  Clause 16 of Schedule 2 (heading)"
[parser-unknown-class] "ItemHead", text="53  Subclause 16(1) of Schedule 2"
[parser-unknown-class] "ActHead9", text="A New Tax System (Family Assistance) (Administration) Act 1999"
[parser-unknown-class] "ItemHead", text="54  Subparagraphs 67CE(1)(b)(ii) and 105D(2)(a)(ii)"
[parser-unknown-class] "ItemHead", text="55  Subparagraphs 105E(1)(c)(ii) and (3)(c)(ii)"
[parser-unknown-class] "ItemHead", text="56  Paragraphs 108(5)(b) and 111(2A)(b)"
[parser-unknown-class] "ItemHead", text="57  Paragraph 157(2)(k)"
[parser-unknown-class] "ActHead6", text="Schedule 2—Application, saving and transitional provisions"
[parser-unknown-class] "Transitional", text="1  Application of amendments"
[parser-unknown-class] "Subitem", text="(1) The A New Tax System (Family Assistance) Act 1999 and the A New Tax System (Family Assistance..."
[parser-unknown-class] "Subitem", text="(2) For the purposes of applying the A New Tax System (Family Assistance) (Administration) Act 19..."
[parser-unknown-class] "Transitional", text="2  Transitional provision"
[parser-unknown-class] "Subitem", text="(1) A rule made under paragraph 12(2)(d), 12(3)(a) or (b) or 12(4)(a) or (b) of Schedule 2 to the..."
[parser-unknown-class] "Subitem", text="(2) A determination made under paragraph 11(3)(b), subclause 12(5) or paragraph 16(1)(c) of Sched..."
[parser-unknown-class] "Transitional", text="3  Transitional rules"
[parser-unknown-class] "Subitem", text="(1) The Minister may, by legislative instrument, make rules prescribing matters of a transitional..."
[parser-unknown-class] "Subitem", text="(2) To avoid doubt, the rules may not do the following:"
[parser-unknown-class] "2ndRd", text=""
[parser-unknown-class] "2ndRd", text="[Minister’s second reading speech made in—"
[parser-unknown-class] "2ndRd", text="House of Representatives on 5 February 2025"
[parser-unknown-class] "2ndRd", text="Senate on 13 February 2025]"
[parser-diag] processed 262 <p> elements
[parser-diag] last section was added at element index: 133
[parser-diag] state phase at end: BODY
[parser-diag] hierarchy stack depth at end: 2
[parser-diag] insideSchedule at end: false
[parse] sections: 6
[parse] compilation: date=(none) no=(none)
[parse] by level:
         section      4
         part         1
         division     1
[db] inserted new legislation row: 06284117-1529-4008-8def-a9d32d0da945
[db] inserting 6 sections (pass 1)
[db] inserted 6 sections
[db] linking parent FKs (pass 2)
[db] linked 1 parent references

[done] ingested Early Childhood Education and Care (Three Day Guarantee) Act 2025
       legislation_id: 06284117-1529-4008-8def-a9d32d0da945
       sections: 6
       compilation: 2025-02-20
