[fetch] document_1: https://www.legislation.gov.au/C2023A00032/2023-06-28/2023-06-28/text/original/epub/OEBPS/document_1/document_1.html
[fetch] document_1: 1,330,388 bytes
[fetch] document_2: https://www.legislation.gov.au/C2023A00032/2023-06-28/2023-06-28/text/original/epub/OEBPS/document_2/document_2.html
[fetch] document_2 not found — stopping. Fetched 1 document(s).
[fetch] combined 1 document(s), 1,330,388 source bytes → 1,322,649 combined bytes
[citation] Appropriation Act (No. 2) 2023-2024 (Cth)
[parse] starting
[parser-diag] total <p> elements found: 5063
[parser-unknown-class] "Sched1-Normal", text=""
[parser-unknown-class] "Sched1-Normal", text="Column 1"
[parser-unknown-class] "Sched1-Normal", text="Column 2"
[parser-unknown-class] "Sched1-Normal", text="Column 3"
[parser-unknown-class] "Sched1-Normal", text="Column 4"
[parser-unknown-class] "Sched1-Normal", text=""
[parser-unknown-class] "Sched1-Normal", text=""
[parser-unknown-class] "Sched1-Normal", text=""
[parser-unknown-class] "Sched1-Normal", text=""
[parser-unknown-class] "Sched1-Normal", text=""
[parser-unknown-class] "Sched1-Normal", text=""
[parser-unknown-class] "Sched1-Normal", text="Minister"
[parser-unknown-class] "Sched1-Normal", text="Minister"
[parser-unknown-class] "Sched1-Normal", text=""
[parser-unknown-class] "Sched1-Normal", text=""
[parser-unknown-class] "Sched1-Normal", text="determining"
[parser-unknown-class] "Sched1-Normal", text="determining"
[parser-unknown-class] "Sched1-Normal", text="Entity"
[parser-unknown-class] "Sched1-Normal", text="Outcome"
[parser-unknown-class] "Sched1-Normal", text="conditions"
[parser-unknown-class] "Sched1-Normal", text="payments"
[parser-unknown-class] "Sched1-Normal", text=""
[parser-unknown-class] "Sched1-Normal", text=""
[parser-unknown-class] "Sched1-Normal", text=""
[parser-unknown-class] "Sched1-Normal", text=""
[parser-unknown-class] "Sched1-Normal", text="Department of Education"
[parser-unknown-class] "Sched1-Normal", text="Improved early learning, schooling, student educational outcomes and transitions to and from scho..."
[parser-unknown-class] "Sched1-Normal", text="Minister for Education"
[parser-unknown-class] "Sched1-Normal", text=""
[parser-unknown-class] "Sched1-Normal", text="Minister for Education"
[parser-unknown-class] "Sched1-Normal", text=""
[parser-unknown-class] "Sched1-Normal", text="Department of Infrastructure, Transport, Regional Development, Communications and the Arts"
[parser-unknown-class] "Sched1-Normal", text="Improved infrastructure across Australia through investment in and coordination of transport and ..."
[parser-unknown-class] "Sched1-Normal", text="Minister for Infrastructure, Transport, Regional Development and Local Government"
[parser-unknown-class] "Sched1-Normal", text="Minister for Infrastructure, Transport, Regional Development and Local Government"
[parser-unknown-class] "Sched1-Normal", text="Department of Infrastructure, Transport, Regional Development, Communications and the Arts"
[parser-unknown-class] "Sched1-Normal", text="Strengthening the sustainability, capacity and diversity of Australia's cities and regions includ..."
[parser-unknown-class] "Sched1-Normal", text="Minister for Infrastructure, Transport, Regional Development and Local Government"
[parser-unknown-class] "Sched1-Normal", text="Minister for Northern Australia"
[parser-unknown-class] "Sched1-Normal", text="Minister for Infrastructure, Transport, Regional Development and Local Government"
[parser-unknown-class] "Sched1-Normal", text="Minister for Northern Australia"
[parser-unknown-class] "Sched1-Normal", text="National Indigenous Australians Agency"
[parser-unknown-class] "Sched1-Normal", text="Lead the development and implementation of the Australian Government's agenda to support the self..."
[parser-unknown-class] "Sched1-Normal", text=""
[parser-unknown-class] "Sched1-Normal", text="Minister for Indigenous Australians"
[parser-unknown-class] "Sched1-Normal", text="Minister for Indigenous Australians"
[parser-unknown-class] "2ndRd", text=""
[parser-unknown-class] "2ndRd", text="[Minister’s second reading speech made in—"
[parser-unknown-class] "2ndRd", text="House of Representatives on 9 May 2023"
[parser-unknown-class] "2ndRd", text="Senate on 16 June 2023]"
[parser-diag] processed 5063 <p> elements
[parser-diag] last section was added at element index: 232
[parser-diag] state phase at end: BODY
[parser-diag] hierarchy stack depth at end: 1
[parser-diag] insideSchedule at end: true
[parse] sections: 25
[parse] compilation: date=(none) no=(none)
[parse] by level:
         part         5
         section      18
         schedule     2
[db] inserted new legislation row: b2df8120-24e0-48e6-993a-7c1a5313af4e
[db] inserting 25 sections (pass 1)
[db] inserted 25 sections
[db] linking parent FKs (pass 2)
[db] linked 18 parent references

[done] ingested Appropriation Act (No. 2) 2023-2024
       legislation_id: b2df8120-24e0-48e6-993a-7c1a5313af4e
       sections: 25
       compilation: 2023-06-28
