[fetch] document_1: https://www.legislation.gov.au/C2023A00079/2024-07-06/2024-07-06/text/original/epub/OEBPS/document_1/document_1.html
[fetch] document_1: 269,472 bytes
[fetch] document_2: https://www.legislation.gov.au/C2023A00079/2024-07-06/2024-07-06/text/original/epub/OEBPS/document_2/document_2.html
[fetch] document_2 not found — stopping. Fetched 1 document(s).
[fetch] combined 1 document(s), 269,472 source bytes → 266,410 combined bytes
[citation] Housing Australia Future Fund Act 2023 (Cth)
[parse] starting
[parser-diag] total <p> elements found: 993
[parser-diag] processed 993 <p> elements
[parser-diag] last section was added at element index: 854
[parser-diag] state phase at end: ENDNOTES
[parser-diag] hierarchy stack depth at end: 2
[parser-diag] insideSchedule at end: false
[parse] sections: 88
[parse] compilation: date=2024-07-06 no=1
[parse] by level:
         part         8
         section      72
         division     8
[db] inserted new legislation row: 3c4ff1f8-c61e-4b75-bc7a-ea05604d113e
[db] inserting 88 sections (pass 1)
[db] inserted 88 sections
[db] linking parent FKs (pass 2)
[db] linked 80 parent references

[done] ingested Housing Australia Future Fund Act 2023
       legislation_id: 3c4ff1f8-c61e-4b75-bc7a-ea05604d113e
       sections: 88
       compilation: 2024-07-06
