[fetch] document_1: https://www.legislation.gov.au/C2024A00124/2025-02-21/2025-02-21/text/original/epub/OEBPS/document_1/document_1.html
[fetch] document_1: 186,580 bytes
[fetch] document_2: https://www.legislation.gov.au/C2024A00124/2025-02-21/2025-02-21/text/original/epub/OEBPS/document_2/document_2.html
[fetch] document_2 not found — stopping. Fetched 1 document(s).
[fetch] combined 1 document(s), 186,580 source bytes → 183,612 combined bytes
[citation] Help to Buy Act 2024 (Cth)
[parse] starting
[parser-diag] total <p> elements found: 700
[parser-diag] processed 700 <p> elements
[parser-diag] last section was added at element index: 598
[parser-diag] state phase at end: ENDNOTES
[parser-diag] hierarchy stack depth at end: 3
[parser-diag] insideSchedule at end: false
[parse] sections: 76
[parse] compilation: date=2025-02-21 no=1
[parse] by level:
         part         6
         division     11
         section      53
         subdivision  6
[db] inserted new legislation row: 8df3244b-8aa0-42c4-b974-444c23318dc7
[db] inserting 76 sections (pass 1)
[db] inserted 76 sections
[db] linking parent FKs (pass 2)
[db] linked 70 parent references

[done] ingested Help to Buy Act 2024
       legislation_id: 8df3244b-8aa0-42c4-b974-444c23318dc7
       sections: 76
       compilation: 2025-02-21
