[fetch] document_1: https://www.legislation.gov.au/C2024A00140/2024-12-10/2024-12-10/text/original/epub/OEBPS/document_1/document_1.html
[fetch] document_1: 38,768 bytes
[fetch] document_2: https://www.legislation.gov.au/C2024A00140/2024-12-10/2024-12-10/text/original/epub/OEBPS/document_2/document_2.html
[fetch] document_2 not found — stopping. Fetched 1 document(s).
[fetch] combined 1 document(s), 38,768 source bytes → 36,213 combined bytes
[citation] Wage Justice for Early Childhood Education and Care Workers (Special Account) Act 2024 (Cth)
[parse] starting
[parser-diag] total <p> elements found: 173
[parser-unknown-class] "2ndRd", text=""
[parser-unknown-class] "2ndRd", text="[Minister’s second reading speech made in—"
[parser-unknown-class] "2ndRd", text="House of Representatives on 12 September 2024"
[parser-unknown-class] "2ndRd", text="Senate on 18 November 2024]"
[parser-diag] processed 173 <p> elements
[parser-diag] last section was added at element index: 151
[parser-diag] state phase at end: BODY
[parser-diag] hierarchy stack depth at end: 2
[parser-diag] insideSchedule at end: false
[parse] sections: 22
[parse] compilation: date=(none) no=(none)
[parse] by level:
         part         4
         section      18
[db] inserted new legislation row: 243679d9-bff6-4ef7-936e-bf50975c44d4
[db] inserting 22 sections (pass 1)
[db] inserted 22 sections
[db] linking parent FKs (pass 2)
[db] linked 18 parent references

[done] ingested Wage Justice for Early Childhood Education and Care Workers (Special Account) Act 2024
       legislation_id: 243679d9-bff6-4ef7-936e-bf50975c44d4
       sections: 22
       compilation: 2024-12-10
