[fetch] document_1: https://www.legislation.gov.au/C2024A00025/2025-02-21/2025-02-21/text/original/epub/OEBPS/document_1/document_1.html
[fetch] document_1: 763,402 bytes
[fetch] document_2: https://www.legislation.gov.au/C2024A00025/2025-02-21/2025-02-21/text/original/epub/OEBPS/document_2/document_2.html
[fetch] document_2 not found — stopping. Fetched 1 document(s).
[fetch] combined 1 document(s), 763,402 source bytes → 761,169 combined bytes
[citation] Digital ID Act 2024 (Cth)
[parse] starting
[parser-diag] total <p> elements found: 2683
[parser-diag] processed 2683 <p> elements
[parser-diag] last section was added at element index: 2524
[parser-diag] state phase at end: ENDNOTES
[parser-diag] hierarchy stack depth at end: 3
[parser-diag] insideSchedule at end: false
[parse] sections: 240
[parse] compilation: date=2025-02-21 no=2
[parse] by level:
         chapter      10
         part         29
         section      173
         division     26
         subdivision  2
[db] inserted new legislation row: ef7b2bc6-0b71-4940-b3d6-f01ee3972b19
[db] inserting 240 sections (pass 1)
[db] inserted 240 sections
[db] linking parent FKs (pass 2)
[db] linked 230 parent references

[done] ingested Digital ID Act 2024
       legislation_id: ef7b2bc6-0b71-4940-b3d6-f01ee3972b19
       sections: 240
       compilation: 2025-02-21
