[fetch] document_1: https://www.legislation.gov.au/C2024A00085/2024-09-17/2024-09-17/text/original/epub/OEBPS/document_1/document_1.html
[fetch] document_1: 379,591 bytes
[fetch] document_2: https://www.legislation.gov.au/C2024A00085/2024-09-17/2024-09-17/text/original/epub/OEBPS/document_2/document_2.html
[fetch] document_2 not found — stopping. Fetched 1 document(s).
[fetch] combined 1 document(s), 379,591 source bytes → 376,655 combined bytes
[citation] Net Zero Economy Authority Act 2024 (Cth)
[parse] starting
[parser-diag] total <p> elements found: 1344
[parser-unknown-class] "2ndRd", text="[Minister’s second reading speech made in—"
[parser-unknown-class] "2ndRd", text="House of Representatives on 27 March 2024"
[parser-unknown-class] "2ndRd", text="Senate on 24 June 2024]"
[parser-diag] processed 1344 <p> elements
[parser-diag] last section was added at element index: 1325
[parser-diag] state phase at end: BODY
[parser-diag] hierarchy stack depth at end: 3
[parser-diag] insideSchedule at end: false
[parse] sections: 112
[parse] compilation: date=(none) no=(none)
[parse] by level:
         part         6
         section      86
         division     20
[db] inserted new legislation row: c1a8fe07-d5f1-410e-bff1-a2336132b080
[db] inserting 112 sections (pass 1)
[db] inserted 112 sections
[db] linking parent FKs (pass 2)
[db] linked 106 parent references

[done] ingested Net Zero Economy Authority Act 2024
       legislation_id: c1a8fe07-d5f1-410e-bff1-a2336132b080
       sections: 112
       compilation: 2024-09-17
