[fetch] document_1: https://www.legislation.gov.au/C2020A00128/2023-07-01/2023-07-01/text/original/epub/OEBPS/document_1/document_1.html
[fetch] document_1: 120,527 bytes
[fetch] document_2: https://www.legislation.gov.au/C2020A00128/2023-07-01/2023-07-01/text/original/epub/OEBPS/document_2/document_2.html
[fetch] document_2 not found — stopping. Fetched 1 document(s).
[fetch] combined 1 document(s), 120,527 source bytes → 118,430 combined bytes
[citation] National Emergency Declaration Act 2020 (Cth)
[parse] starting
[parser-diag] total <p> elements found: 463
[parser-diag] processed 463 <p> elements
[parser-diag] last section was added at element index: 331
[parser-diag] state phase at end: ENDNOTES
[parser-diag] hierarchy stack depth at end: 2
[parser-diag] insideSchedule at end: false
[parse] sections: 26
[parse] compilation: date=2023-07-01 no=7
[parse] by level:
         part         4
         division     2
         section      20
[db] inserted new legislation row: cd55a99e-26ad-47ff-8250-a93192c5d1bc
[db] inserting 26 sections (pass 1)
[db] inserted 26 sections
[db] linking parent FKs (pass 2)
[db] linked 22 parent references

[done] ingested National Emergency Declaration Act 2020
       legislation_id: cd55a99e-26ad-47ff-8250-a93192c5d1bc
       sections: 26
       compilation: 2023-07-01
