[fetch] document_1: https://www.legislation.gov.au/C2023A00103/2023-11-28/2023-11-28/text/original/epub/OEBPS/document_1/document_1.html
[fetch] document_1: 71,655 bytes
[fetch] document_2: https://www.legislation.gov.au/C2023A00103/2023-11-28/2023-11-28/text/original/epub/OEBPS/document_2/document_2.html
[fetch] document_2 not found — stopping. Fetched 1 document(s).
[fetch] combined 1 document(s), 71,655 source bytes → 69,201 combined bytes
[citation] Disability Services and Inclusion (Consequential Amendments and Transitional Provisions) Act 2023 (Cth)
[parse] starting
[parser-diag] total <p> elements found: 313
[parser-unknown-class] "ActHead6", text="Schedule 1—Repeals"
[parser-unknown-class] "ActHead9", text="Disability Services Act 1986"
[parser-unknown-class] "ItemHead", text="1  The whole of the Act"
[parser-unknown-class] "ActHead6", text="Schedule 2—Consequential amendments"
[parser-unknown-class] "ActHead9", text="Aged Care Act 1997"
[parser-unknown-class] "ItemHead", text="1  Subsection 86‑3(4) (paragraph (f) of the definition of receiving Commonwealth body)"
[parser-unknown-class] "ActHead9", text="Aged Care Quality and Safety Commission Act 2018"
[parser-unknown-class] "ItemHead", text="2  Subsection 61(3) (paragraph (e) of the definition of receiving Commonwealth body)"
[parser-unknown-class] "ActHead9", text="Age Discrimination Act 2004"
[parser-unknown-class] "ItemHead", text="3  Paragraph 41(1)(f)"
[parser-unknown-class] "ActHead9", text="Australian Hearing Services Act 1991"
[parser-unknown-class] "ItemHead", text="4  Subsection 8(3)"
[parser-unknown-class] "ActHead9", text="Child Support (Registration and Collection) Act 1988"
[parser-unknown-class] "ItemHead", text="5  Subsection 16AB(3) (paragraph (f) of the definition of designated program Act)"
[parser-unknown-class] "ActHead9", text="Freedom of Information Act 1982"
[parser-unknown-class] "ItemHead", text="6  Schedule 3"
[parser-unknown-class] "ActHead9", text="Hearing Services Administration Act 1997"
[parser-unknown-class] "ItemHead", text="7  Paragraph 5(2)(g)"
[parser-unknown-class] "ActHead9", text="Human Services (Centrelink) Act 1997"
[parser-unknown-class] "ItemHead", text="8  Subsection 40A(3) (paragraph (f) of the definition of designated program Act)"
[parser-unknown-class] "ActHead9", text="Human Services (Medicare) Act 1973"
[parser-unknown-class] "ItemHead", text="9  Subsection 43A(3) (paragraph (f) of the definition of designated program Act)"
[parser-unknown-class] "ActHead9", text="Income Tax Assessment Act 1997"
[parser-unknown-class] "ItemHead", text="10  Section 53‑10 (table item 2)"
[parser-unknown-class] "ActHead9", text="Military Rehabilitation and Compensation Act 2004"
[parser-unknown-class] "ItemHead", text="11  Subsection 409(5) (paragraph (f) of the definition of receiving Commonwealth body)"
[parser-unknown-class] "ActHead9", text="Safety, Rehabilitation and Compensation (Defence‑related Claims) Act 1988"
[parser-unknown-class] "ItemHead", text="12  Subsection 151A(4) (paragraph (f) of the definition of receiving Commonwealth body)"
[parser-unknown-class] "ActHead9", text="Social Security Act 1991"
[parser-unknown-class] "ItemHead", text="13  Paragraph 8(8)(f)"
[parser-unknown-class] "ItemHead", text="14  After paragraph 8(8)(f)"
[parser-unknown-class] "ItemHead", text="15  Before subsection 8(8AAA)"
[parser-unknown-class] "ItemHead", text="16  Subsection 23(1) (paragraph (b) of the definition of program of assistance)"
[parser-unknown-class] "ItemHead", text="17  Subsection 23(1) (paragraph (a) of the definition of rehabilitation program)"
[parser-unknown-class] "ItemHead", text="18  Subparagraph 23(4B)(a)(ii)"
[parser-unknown-class] "ItemHead", text="19  After subsection 23(4B)"
[parser-unknown-class] "ItemHead", text="20  Paragraph 31(a)"
[parser-unknown-class] "ItemHead", text="21  Paragraph 33(1)(a)"
[parser-unknown-class] "ItemHead", text="22  Subsection 94E(2)"
[parser-unknown-class] "ItemHead", text="23  Subparagraph 1035(1)(h)(ii)"
[parser-unknown-class] "ItemHead", text="24  Subsection 1035(2)"
[parser-unknown-class] "ItemHead", text="25  Paragraph 1035(2)(a)"
[parser-unknown-class] "ItemHead", text="26  Paragraph 1035(2)(b)"
[parser-unknown-class] "ItemHead", text="27  Paragraph 1035(2)(c)"
[parser-unknown-class] "ItemHead", text="28  Paragraph 1035(2)(d)"
[parser-unknown-class] "ItemHead", text="29  Paragraph 1035(2)(e)"
[parser-unknown-class] "ItemHead", text="30  At the end of paragraph 1035(2)(e)"
[parser-unknown-class] "ItemHead", text="31  After subsection 1035(2)"
[parser-unknown-class] "ItemHead", text="32  Subsection 1035(3) (definition of vocational rehabilitation program)"
[parser-unknown-class] "ItemHead", text="33  Subsection 1035(3) (definition of vocational training)"
[parser-unknown-class] "ItemHead", text="34  Paragraph 1035A(8)(c)"
[parser-unknown-class] "ItemHead", text="35  After paragraph 1035A(8)(c)"
[parser-unknown-class] "ItemHead", text="36  Paragraph 1035A(9)(e)"
[parser-unknown-class] "ItemHead", text="37  After paragraph 1035A(9)(e)"
[parser-unknown-class] "ItemHead", text="38  At the end of section 1035A"
[parser-unknown-class] "ItemHead", text="39  At the end of subparagraph 1046(2)(b)(vi)"
[parser-unknown-class] "ItemHead", text="40  After subsection 1046(2)"
[parser-unknown-class] "ItemHead", text="41  Subsection 1046(6) (definition of vocational rehabilitation program)"
[parser-unknown-class] "ItemHead", text="42  Subsection 1046(6) (definition of vocational training)"
[parser-unknown-class] "ActHead9", text="Veterans’ Entitlements Act 1986"
[parser-unknown-class] "ItemHead", text="43  Paragraph 5H(8)(m)"
[parser-unknown-class] "ItemHead", text="44  After paragraph 5H(8)(m)"
[parser-unknown-class] "ItemHead", text="45  Section 131 (paragraph (g) of the definition of receiving Commonwealth body)"
[parser-unknown-class] "Transitional", text="46  Saving provisions"
[parser-unknown-class] "Subitem", text="(1) Paragraph 41(1)(f) of the Age Discrimination Act 2004, as in force immediately before the com..."
[parser-unknown-class] "Subitem", text="(2) Section 16AB of the Child Support (Registration and Collection) Act 1988 applies on and after..."
[parser-unknown-class] "Subitem", text="(3) Section 38 of the Freedom of Information Act 1982, and Schedule 3 to that Act, apply on and a..."
[parser-unknown-class] "Subitem", text="(4) Section 40A of the Human Services (Centrelink) Act 1997 applies on and after the commencement..."
[parser-unknown-class] "Subitem", text="(5) Section 43A of the Human Services (Medicare) Act 1973 applies on and after the commencement o..."
[parser-unknown-class] "ActHead6", text="Schedule 3—Application and saving provisions"
[parser-unknown-class] "ActHead7", text="Part 1—Preliminary"
[parser-unknown-class] "Transitional", text="1  Definitions"
[parser-unknown-class] "Transitional", text="2  Section 7 of the Acts Interpretation Act 1901"
[parser-unknown-class] "ActHead7", text="Part 2—Operation of new Act"
[parser-unknown-class] "Transitional", text="3  Application provision—funding arrangements and grants"
[parser-unknown-class] "ActHead7", text="Part 3—Operation of old Act"
[parser-unknown-class] "Transitional", text="4  Saving provisions—grants of financial assistance and agreements"
[parser-unknown-class] "Subitem", text="(1) Despite the repeal of the Disability Services Act 1986 made by Schedule 1, Part II of that Ac..."
[parser-unknown-class] "Subitem", text="(2) An instrument in force for the purposes of paragraph (h) of the definition of research or dev..."
[parser-unknown-class] "Subitem", text="(3) An instrument in force under section 9, 9A or 9B of the Disability Services Act 1986 immediat..."
[parser-unknown-class] "Transitional", text="5  Saving provision—principles, objectives, guidelines and standards"
[parser-unknown-class] "Transitional", text="6  Saving provisions—accreditation and certificates of compliance"
[parser-unknown-class] "Subitem", text="(1) An approval in force under section 6B of the Disability Services Act 1986 immediately before ..."
[parser-unknown-class] "Subitem", text="(2) An accreditation in force under Part IA of the Disability Services Act 1986 immediately befor..."
[parser-unknown-class] "Subitem", text="(3) Sections 6D, 6DA and 6E of the Disability Services Act 1986, as in force immediately before t..."
[parser-unknown-class] "Transitional", text="7  Saving provisions—Disability Standards Review Panels"
[parser-unknown-class] "Subitem", text="(1) A Disability Standards Review Panel for a State or Territory that was established under secti..."
[parser-unknown-class] "Subitem", text="(2) An instrument in force under section 14F of the Disability Services Act 1986 immediately befo..."
[parser-unknown-class] "Subitem", text="(3) Divisions 3A and 3B of Part II of the Disability Services Act 1986, as in force immediately b..."
[parser-unknown-class] "Transitional", text="8  Saving provisions—provision of rehabilitation services by the Commonwealth"
[parser-unknown-class] "Subitem", text="(1) Despite the repeal of the Disability Services Act 1986 made by Schedule 1, Part III of that A..."
[parser-unknown-class] "Subitem", text="(2) An instrument in force under subsection 24(2) of the Disability Services Act 1986 immediately..."
[parser-unknown-class] "Subitem", text="(3) Section 25 of the Disability Services Act 1986, as in force immediately before the commenceme..."
[parser-unknown-class] "Subitem", text="(4) Section 26 of the Disability Services Act 1986, as in force immediately before the commenceme..."
[parser-unknown-class] "Subitem", text="(5) Section 27 of the Disability Services Act 1986, as in force immediately before the commenceme..."
[parser-unknown-class] "Subitem", text="(6) Section 28 of the Disability Services Act 1986, as in force immediately before the commenceme..."
[parser-unknown-class] "Transitional", text="9  Saving provision—delegations"
[parser-unknown-class] "Transitional", text="10  Transitional rules"
[parser-unknown-class] "Subitem", text="(1) The Minister may, by legislative instrument, make rules prescribing matters of a transitional..."
[parser-unknown-class] "Subitem", text="(2) To avoid doubt, the rules may not do the following:"
[parser-unknown-class] "Subitem", text="(3) Items 4 to 9 of this Part do not limit the rules that may be made for the purposes of subitem..."
[parser-unknown-class] "ActHead7", text="Part 4—Transitional code of conduct"
[parser-unknown-class] "Transitional", text="11  Transitional code of conduct"
[parser-unknown-class] "Subitem", text="(1) The Minister may, by legislative instrument, make rules that make provision for or in relatio..."
[parser-unknown-class] "Subitem", text="(2) For the purposes of subparagraph (1)(c)(ii) or (d)(ii), the program must be a program specifi..."
[parser-unknown-class] "Subitem", text="(3) Without limiting subitem (1), rules made for the purposes of that subitem may make provision ..."
[parser-unknown-class] "Subitem", text="(4) To avoid doubt, the rules may not do the following:"
[parser-unknown-class] "2ndRd", text=""
[parser-unknown-class] "2ndRd", text="[Minister’s second reading speech made in—"
[parser-unknown-class] "2ndRd", text="House of Representatives on 14 September 2023"
[parser-unknown-class] "2ndRd", text="Senate on 15 November 2023]"
[parser-diag] processed 313 <p> elements
[parser-diag] last section was added at element index: 77
[parser-diag] state phase at end: BODY
[parser-diag] hierarchy stack depth at end: 1
[parser-diag] insideSchedule at end: false
[parse] sections: 3
[parse] compilation: date=(none) no=(none)
[parse] by level:
         section      3
[db] inserted new legislation row: 65f9311e-c061-4a1b-9114-61bdc042ba3f
[db] inserting 3 sections (pass 1)
[db] inserted 3 sections
[db] linking parent FKs (pass 2)
[db] linked 0 parent references

[done] ingested Disability Services and Inclusion (Consequential Amendments and Transitional Provisions) Act 2023
       legislation_id: 65f9311e-c061-4a1b-9114-61bdc042ba3f
       sections: 3
       compilation: 2023-11-28
