[fetch] document_1: https://www.legislation.gov.au/C2023A00089/2023-11-06/2023-11-06/text/original/epub/OEBPS/document_1/document_1.html
[fetch] document_1: 26,822 bytes
[fetch] document_2: https://www.legislation.gov.au/C2023A00089/2023-11-06/2023-11-06/text/original/epub/OEBPS/document_2/document_2.html
[fetch] document_2 not found — stopping. Fetched 1 document(s).
[fetch] combined 1 document(s), 26,822 source bytes → 24,117 combined bytes
[citation] Higher Education Support Amendment (Response to the Australian Universities Accord Interim Report) Act 2023 (Cth)
[parse] starting
[parser-diag] total <p> elements found: 140
[parser-unknown-class] "ActHead6", text="Schedule 1—Amendments"
[parser-unknown-class] "ActHead7", text="Part 1—Indigenous students"
[parser-unknown-class] "ActHead9", text="Higher Education Support Act 2003"
[parser-unknown-class] "ItemHead", text="1  Clause 1 of Schedule 1 (paragraph (a) of the definition of demand driven higher education course)"
[parser-unknown-class] "ItemHead", text="2  Clause 1 of Schedule 1 (definition of eligible Indigenous person)"
[parser-unknown-class] "ItemHead", text="3  Clause 1 of Schedule 1 (definition of regional area)"
[parser-unknown-class] "ItemHead", text="4  Clause 1 of Schedule 1 (definition of remote area)"
[parser-unknown-class] "Transitional", text="5  Application of amendments"
[parser-unknown-class] "ActHead7", text="Part 2—Supporting students to succeed"
[parser-unknown-class] "ActHead9", text="Higher Education Support Act 2003"
[parser-unknown-class] "ItemHead", text="6  After section 19‑42"
[parser-unknown-class] "ItemHead", text="7  Subparagraph 19‑45(1)(c)(i)"
[parser-unknown-class] "ItemHead", text="8  Paragraphs 19‑45(4)(a) and 19‑50(1)(a) and (2)(c)"
[parser-unknown-class] "ItemHead", text="9  Subsection 19‑60(1)"
[parser-unknown-class] "ItemHead", text="10  Section 36‑13"
[parser-unknown-class] "ItemHead", text="11  Subsection 104‑1(1)"
[parser-unknown-class] "ItemHead", text="12  Section 104‑1A"
[parser-unknown-class] "ItemHead", text="13  Subsection 104‑30(1)"
[parser-unknown-class] "ItemHead", text="14  Section 206‑1 (table items 1AE and 1)"
[parser-unknown-class] "ItemHead", text="15  Subsection 209‑1(2) (note 1)"
[parser-unknown-class] "ItemHead", text="16  Paragraph 238‑1(2)(a)"
[parser-unknown-class] "ItemHead", text="17  Subsection 238‑10(1) (table item 1)"
[parser-unknown-class] "Transitional", text="18  Application of amendments"
[parser-unknown-class] "Subitem", text="Section 19‑43 of the Higher Education Support Act 2003, as inserted by this Part, applies on and ..."
[parser-unknown-class] "2ndRd", text=""
[parser-unknown-class] "2ndRd", text="[Minister’s second reading speech made in—"
[parser-unknown-class] "2ndRd", text="House of Representatives on 3 August 2023"
[parser-unknown-class] "2ndRd", text="Senate on 6 September 2023]"
[parser-diag] processed 140 <p> elements
[parser-diag] last section was added at element index: 84
[parser-diag] state phase at end: BODY
[parser-diag] hierarchy stack depth at end: 1
[parser-diag] insideSchedule at end: false
[parse] sections: 4
[parse] compilation: date=(none) no=(none)
[parse] by level:
         section      4
[db] inserted new legislation row: a26f612a-5b57-4ac8-8da4-ccfd4d4b38db
[db] inserting 4 sections (pass 1)
[db] inserted 4 sections
[db] linking parent FKs (pass 2)
[db] linked 0 parent references

[done] ingested Higher Education Support Amendment (Response to the Australian Universities Accord Interim Report) Act 2023
       legislation_id: a26f612a-5b57-4ac8-8da4-ccfd4d4b38db
       sections: 4
       compilation: 2023-11-06
