[fetch] document_1: https://www.legislation.gov.au/C2026A00017/2026-03-27/2026-03-27/text/original/epub/OEBPS/document_1/document_1.html
[fetch] document_1: 1,914,223 bytes
[fetch] document_2: https://www.legislation.gov.au/C2026A00017/2026-03-27/2026-03-27/text/original/epub/OEBPS/document_2/document_2.html
[fetch] document_2 not found — stopping. Fetched 1 document(s).
[fetch] combined 1 document(s), 1,914,223 source bytes → 1,906,975 combined bytes
[citation] Appropriation Act (No. 3) 2025-2026 (Cth)
[parse] starting
[parser-diag] total <p> elements found: 7428
[parser-unknown-class] "2ndRd", text="[Minister’s second reading speech made in—"
[parser-unknown-class] "2ndRd", text="House of Representatives on 5 February 2026"
[parser-unknown-class] "2ndRd", text="Senate on 25 March 2026]"
[parser-diag] processed 7428 <p> elements
[parser-diag] last section was added at element index: 133
[parser-diag] state phase at end: BODY
[parser-diag] hierarchy stack depth at end: 1
[parser-diag] insideSchedule at end: true
[parse] sections: 18
[parse] compilation: date=(none) no=(none)
[parse] by level:
         part         4
         section      13
         schedule     1
[db] inserted new legislation row: 0c7c3a76-2b5b-464e-9b55-0e9bbbba5a76
[db] inserting 18 sections (pass 1)
[db] inserted 18 sections
[db] linking parent FKs (pass 2)
[db] linked 13 parent references

[done] ingested Appropriation Act (No. 3) 2025-2026
       legislation_id: 0c7c3a76-2b5b-464e-9b55-0e9bbbba5a76
       sections: 18
       compilation: 2026-03-27
