[fetch] document_1: https://www.legislation.gov.au/C2023A00118/2025-09-05/2025-09-05/text/original/epub/OEBPS/document_1/document_1.html
[fetch] document_1: 885,605 bytes
[fetch] document_2: https://www.legislation.gov.au/C2023A00118/2025-09-05/2025-09-05/text/original/epub/OEBPS/document_2/document_2.html
[fetch] document_2 not found — stopping. Fetched 1 document(s).
[fetch] combined 1 document(s), 885,605 source bytes → 879,906 combined bytes
[citation] Public Health (Tobacco and Other Products) Act 2023 (Cth)
[parse] starting
[parser-diag] total <p> elements found: 3454
[parser-diag] processed 3454 <p> elements
[parser-diag] last section was added at element index: 3204
[parser-diag] state phase at end: ENDNOTES
[parser-diag] hierarchy stack depth at end: 3
[parser-diag] insideSchedule at end: false
[parse] sections: 286
[parse] compilation: date=2025-09-05 no=3
[parse] by level:
         chapter      8
         part         31
         section      200
         division     47
[db] inserted new legislation row: 4733642b-a063-484a-b5cc-7fe718d7bc06
[db] inserting 286 sections (pass 1)
[db] inserted 286 sections
[db] linking parent FKs (pass 2)
[db] linked 278 parent references

[done] ingested Public Health (Tobacco and Other Products) Act 2023
       legislation_id: 4733642b-a063-484a-b5cc-7fe718d7bc06
       sections: 286
       compilation: 2025-09-05
