[fetch] document_1: https://www.legislation.gov.au/C2024A00014/2024-04-08/2024-04-08/text/original/epub/OEBPS/document_1/document_1.html
[fetch] document_1: 103,253 bytes
[fetch] document_2: https://www.legislation.gov.au/C2024A00014/2024-04-08/2024-04-08/text/original/epub/OEBPS/document_2/document_2.html
[fetch] document_2 not found — stopping. Fetched 1 document(s).
[fetch] combined 1 document(s), 103,253 source bytes → 100,534 combined bytes
[citation] Appropriation (Parliamentary Departments) Act (No. 2) 2023-2024 (Cth)
[parse] starting
[parser-diag] total <p> elements found: 422
[parser-unknown-class] "2ndRd", text=""
[parser-unknown-class] "2ndRd", text="[Minister’s second reading speech made in—"
[parser-unknown-class] "2ndRd", text="House of Representatives on 7 February 2024"
[parser-unknown-class] "2ndRd", text="Senate on 26 February 2024]"
[parser-diag] processed 422 <p> elements
[parser-diag] last section was added at element index: 148
[parser-diag] state phase at end: BODY
[parser-diag] hierarchy stack depth at end: 1
[parser-diag] insideSchedule at end: true
[parse] sections: 19
[parse] compilation: date=(none) no=(none)
[parse] by level:
         part         4
         section      14
         schedule     1
[db] inserted new legislation row: 4a818306-371b-4cab-be4d-ac2ecb9c3356
[db] inserting 19 sections (pass 1)
[db] inserted 19 sections
[db] linking parent FKs (pass 2)
[db] linked 14 parent references

[done] ingested Appropriation (Parliamentary Departments) Act (No. 2) 2023-2024
       legislation_id: 4a818306-371b-4cab-be4d-ac2ecb9c3356
       sections: 19
       compilation: 2024-04-08
