[fetch] document_1: https://www.legislation.gov.au/C2025A00004/2025-02-14/2025-02-14/text/original/epub/OEBPS/document_1/document_1.html
[fetch] document_1: 1,647,739 bytes
[fetch] document_2: https://www.legislation.gov.au/C2025A00004/2025-02-14/2025-02-14/text/original/epub/OEBPS/document_2/document_2.html
[fetch] document_2 not found — stopping. Fetched 1 document(s).
[fetch] combined 1 document(s), 1,647,739 source bytes → 1,641,004 combined bytes
[citation] Appropriation Act (No. 3) 2024-2025 (Cth)
[parse] starting
[parser-diag] total <p> elements found: 6399
[parser-unknown-class] "2ndRd", text="Minister’s second reading speech made in—"
[parser-unknown-class] "2ndRd", text="House of Representatives on 4 February 2025"
[parser-unknown-class] "2ndRd", text="Senate on 12 February 2025]"
[parser-diag] processed 6399 <p> elements
[parser-diag] last section was added at element index: 133
[parser-diag] state phase at end: BODY
[parser-diag] hierarchy stack depth at end: 1
[parser-diag] insideSchedule at end: true
[parse] sections: 18
[parse] compilation: date=(none) no=(none)
[parse] by level:
         part         4
         section      13
         schedule     1
[db] inserted new legislation row: c3de5163-6bf1-464c-88f5-920d5c161bbf
[db] inserting 18 sections (pass 1)
[db] inserted 18 sections
[db] linking parent FKs (pass 2)
[db] linked 13 parent references

[done] ingested Appropriation Act (No. 3) 2024-2025
       legislation_id: c3de5163-6bf1-464c-88f5-920d5c161bbf
       sections: 18
       compilation: 2025-02-14
