[fetch] document_1: https://www.legislation.gov.au/C2026A00033/2026-04-08/2026-04-08/text/original/epub/OEBPS/document_1/document_1.html
[fetch] document_1: 71,566 bytes
[fetch] document_2: https://www.legislation.gov.au/C2026A00033/2026-04-08/2026-04-08/text/original/epub/OEBPS/document_2/document_2.html
[fetch] document_2 not found — stopping. Fetched 1 document(s).
[fetch] combined 1 document(s), 71,566 source bytes → 68,589 combined bytes
[citation] Commonwealth Parole Board (Consequential and Transitional Provisions) Act 2026 (Cth)
[parse] starting
[parser-diag] total <p> elements found: 299
[parser-unknown-class] "ActHead6", text="Schedule 1—Consequential amendments"
[parser-unknown-class] "ActHead9", text="Crimes Act 1914"
[parser-unknown-class] "ItemHead", text="1  Subsection 16(1) (definition of parole order)"
[parser-unknown-class] "ItemHead", text="2  Subsection 16(1)"
[parser-unknown-class] "ItemHead", text="3  After subsection 16(1)"
[parser-unknown-class] "ItemHead", text="4  Paragraph 19AH(1)(b)"
[parser-unknown-class] "ItemHead", text="5  Subsection 19AHA(4)"
[parser-unknown-class] "ItemHead", text="6  Section 19AL"
[parser-unknown-class] "ItemHead", text="7  Subsection 19ALA(1)"
[parser-unknown-class] "ItemHead", text="8  Subsection 19ALA(2)"
[parser-unknown-class] "ItemHead", text="9  Subsection 19ALB(1)"
[parser-unknown-class] "ItemHead", text="10  Paragraph 19ALB(2)(c)"
[parser-unknown-class] "ItemHead", text="11  Subsection 19ALB(3)"
[parser-unknown-class] "ItemHead", text="12  Subparagraph 19AM(1)(a)(ii)"
[parser-unknown-class] "ItemHead", text="13  Paragraph 19AN(b)"
[parser-unknown-class] "ItemHead", text="14  Paragraph 19AN(c)"
[parser-unknown-class] "ItemHead", text="15  Section 19AP"
[parser-unknown-class] "ItemHead", text="16  Subsection 19APA(1)"
[parser-unknown-class] "ItemHead", text="17  After paragraph 19APA(1)(d)"
[parser-unknown-class] "ItemHead", text="18  Subsection 19APA(2)"
[parser-unknown-class] "ItemHead", text="19  After Subdivision A of Division 5 of Part IB"
[parser-unknown-class] "ItemHead", text="20  Section 19AU (heading)"
[parser-unknown-class] "ItemHead", text="21  Section 19AU"
[parser-unknown-class] "ItemHead", text="22  Section 19AV (heading)"
[parser-unknown-class] "ItemHead", text="23  Sections 19AV and 19AW"
[parser-unknown-class] "ItemHead", text="24  Subsection 19AW(5)"
[parser-unknown-class] "ItemHead", text="25  Section 19AX"
[parser-unknown-class] "ItemHead", text="26  Section 20BC"
[parser-unknown-class] "ItemHead", text="27  Section 20BD (heading)"
[parser-unknown-class] "ItemHead", text="28  Section 20BD"
[parser-unknown-class] "ItemHead", text="29  Section 20BE (heading)"
[parser-unknown-class] "ItemHead", text="30  Sections 20BE and 20BF"
[parser-unknown-class] "ItemHead", text="31  Section 20BG (heading)"
[parser-unknown-class] "ItemHead", text="32  Sections 20BG, 20BH and 20BJ"
[parser-unknown-class] "ItemHead", text="33  Section 20BK (heading)"
[parser-unknown-class] "ItemHead", text="34  Section 20BK"
[parser-unknown-class] "ItemHead", text="35  Section 20BL (heading)"
[parser-unknown-class] "ItemHead", text="36  Sections 20BL and 20BM"
[parser-unknown-class] "ItemHead", text="37  Section 20BN (heading)"
[parser-unknown-class] "ItemHead", text="38  Sections 20BN, 20BP and 20BT"
[parser-unknown-class] "ItemHead", text="39  Section 20BZ (after paragraph (e) of the definition of relevant person)"
[parser-unknown-class] "ItemHead", text="40  Paragraph 23WA(8)(c)"
[parser-unknown-class] "ActHead6", text="Schedule 2—Transitional provisions"
[parser-unknown-class] "Transitional", text="1  Application provision—general rule"
[parser-unknown-class] "Transitional", text="2  Saving of current parole orders"
[parser-unknown-class] "Subitem", text="(1) Despite the repeal of section 19AL of the old Act, a parole order (the existing parole order)..."
[parser-unknown-class] "Subitem", text="(2) To avoid doubt, a licence (the existing licence) granted under subsection 19AP(1) before comm..."
[parser-unknown-class] "Transitional", text="3  Transitional—notices under section 19AL of the Crimes Act 1914"
[parser-unknown-class] "Subitem", text="(1) This item applies if:"
[parser-unknown-class] "Subitem", text="(2) The Commonwealth Parole Board must give a notice to the person under section 19AKF of the ame..."
[parser-unknown-class] "Transitional", text="4  Transitional—judicial review"
[parser-unknown-class] "Subitem", text="(1) This item applies if, immediately before commencement, a person was entitled to make an appli..."
[parser-unknown-class] "Subitem", text="(2) Despite the repeal of the old Act, the person may, after the transition time and subject to t..."
[parser-unknown-class] "Transitional", text="5  Transitional—information sharing"
[parser-unknown-class] "Transitional", text="6  Transitional rules"
[parser-unknown-class] "Subitem", text="(1) The Minister may, by legislative instrument, make rules prescribing matters:"
[parser-unknown-class] "Subitem", text="(2) Without limiting subitem (1), the rules may prescribe matters of a transitional nature (inclu..."
[parser-unknown-class] "Subitem", text="(3) To avoid doubt, the rules may not do the following:"
[parser-unknown-class] "Subitem", text="(4) This Schedule (other than subitem (3)) does not limit the rules that may be made for the purp..."
[parser-unknown-class] "Transitional", text="7  Definitions"
[parser-unknown-class] "2ndRd", text="[Minister’s second reading speech made in—"
[parser-unknown-class] "2ndRd", text="House of Representatives on 8 October 2025"
[parser-unknown-class] "2ndRd", text="Senate on 27 November 2025]"
[parser-diag] processed 299 <p> elements
[parser-diag] last section was added at element index: 200
[parser-diag] state phase at end: BODY
[parser-diag] hierarchy stack depth at end: 2
[parser-diag] insideSchedule at end: false
[parse] sections: 13
[parse] compilation: date=(none) no=(none)
[parse] by level:
         section      12
         subdivision  1
[db] inserted new legislation row: e53e8a0b-8379-47a4-8bc7-5215c8d88f63
[db] inserting 13 sections (pass 1)
[db] inserted 13 sections
[db] linking parent FKs (pass 2)
[db] linked 4 parent references

[done] ingested Commonwealth Parole Board (Consequential and Transitional Provisions) Act 2026
       legislation_id: e53e8a0b-8379-47a4-8bc7-5215c8d88f63
       sections: 13
       compilation: 2026-04-08
