[fetch] document_1: https://www.legislation.gov.au/C2021A00126/2021-12-07/2021-12-07/text/original/epub/OEBPS/document_1/document_1.html
[fetch] document_1: 18,341 bytes
[fetch] document_2: https://www.legislation.gov.au/C2021A00126/2021-12-07/2021-12-07/text/original/epub/OEBPS/document_2/document_2.html
[fetch] document_2 not found — stopping. Fetched 1 document(s).
[fetch] combined 1 document(s), 18,341 source bytes → 16,864 combined bytes
[citation] Territories Stolen Generations Redress Scheme (Facilitation) Act 2021 (Cth)
[parse] starting
[parser-diag] total <p> elements found: 98
[parser-unknown-class] "2ndRd", text=""
[parser-unknown-class] "2ndRd", text="[Minister’s second reading speech made in—"
[parser-unknown-class] "2ndRd", text="House of Representatives on 26 August 2021"
[parser-unknown-class] "2ndRd", text="Senate on 22 November 2021]"
[parser-diag] processed 98 <p> elements
[parser-diag] last section was added at element index: 84
[parser-diag] state phase at end: BODY
[parser-diag] hierarchy stack depth at end: 2
[parser-diag] insideSchedule at end: false
[parse] sections: 9
[parse] compilation: date=(none) no=(none)
[parse] by level:
         part         3
         section      6
[db] inserted new legislation row: 920f2f37-6cdb-4352-9801-22194ce8b6ac
[db] inserting 9 sections (pass 1)
[db] inserted 9 sections
[db] linking parent FKs (pass 2)
[db] linked 6 parent references

[done] ingested Territories Stolen Generations Redress Scheme (Facilitation) Act 2021
       legislation_id: 920f2f37-6cdb-4352-9801-22194ce8b6ac
       sections: 9
       compilation: 2021-12-07
