[fetch] document_1: https://www.legislation.gov.au/C2020A00004/2021-01-01/2021-01-01/text/original/epub/OEBPS/document_1/document_1.html
[fetch] document_1: 69,170 bytes
[fetch] document_2: https://www.legislation.gov.au/C2020A00004/2021-01-01/2021-01-01/text/original/epub/OEBPS/document_2/document_2.html
[fetch] document_2 not found — stopping. Fetched 1 document(s).
[fetch] combined 1 document(s), 69,170 source bytes → 67,086 combined bytes
[citation] Higher Education Support (HELP Tuition Protection Levy) Act 2020 (Cth)
[parse] starting
[parser-diag] total <p> elements found: 288
[parser-unknown-class] "BoxStep", text="Step 1: Multiply the total HELP students for the provider for the year by the amount determined i..."
[parser-unknown-class] "BoxStep", text="Step 2: Multiply the amount equal to the total amount of assistance paid to the provider under se..."
[parser-unknown-class] "BoxStep", text="Step 3: Add up the results of steps 1 and 2."
[parser-unknown-class] "BoxStep", text="Step 4: For each risk factor determined in an instrument under section 13 for the purposes of thi..."
[parser-unknown-class] "BoxStep", text="Step 5: Add up the results of step 4 and add 1."
[parser-unknown-class] "BoxStep", text="Step 6: Multiply the results of step 3 by the results of step 5. The result is the provider’s ris..."
[parser-diag] processed 288 <p> elements
[parser-diag] last section was added at element index: 185
[parser-diag] state phase at end: ENDNOTES
[parser-diag] hierarchy stack depth at end: 2
[parser-diag] insideSchedule at end: false
[parse] sections: 18
[parse] compilation: date=2021-01-01 no=1
[parse] by level:
         part         3
         section      15
[db] inserted new legislation row: abf331f4-4085-44e2-9908-3c016db93ed5
[db] inserting 18 sections (pass 1)
[db] inserted 18 sections
[db] linking parent FKs (pass 2)
[db] linked 15 parent references

[done] ingested Higher Education Support (HELP Tuition Protection Levy) Act 2020
       legislation_id: abf331f4-4085-44e2-9908-3c016db93ed5
       sections: 18
       compilation: 2021-01-01
