[fetch] document_1: https://www.legislation.gov.au/C2024A00130/2024-12-10/2024-12-10/text/original/epub/OEBPS/document_1/document_1.html
[fetch] document_1: 31,584 bytes
[fetch] document_2: https://www.legislation.gov.au/C2024A00130/2024-12-10/2024-12-10/text/original/epub/OEBPS/document_2/document_2.html
[fetch] document_2 not found — stopping. Fetched 1 document(s).
[fetch] combined 1 document(s), 31,584 source bytes → 29,069 combined bytes
[citation] Surveillance Legislation (Confirmation of Application) Act 2024 (Cth)
[parse] starting
[parser-diag] total <p> elements found: 124
[parser-unknown-class] "2ndRd", text="[Minister’s second reading speech made in—"
[parser-unknown-class] "2ndRd", text="House of Representatives on 21 November 2024"
[parser-unknown-class] "2ndRd", text="Senate on 28 November 2024]"
[parser-diag] processed 124 <p> elements
[parser-diag] last section was added at element index: 112
[parser-diag] state phase at end: BODY
[parser-diag] hierarchy stack depth at end: 1
[parser-diag] insideSchedule at end: false
[parse] sections: 8
[parse] compilation: date=(none) no=(none)
[parse] by level:
         section      8
[db] inserted new legislation row: 9d9227c9-2b4a-4638-acb9-80efe61d53ab
[db] inserting 8 sections (pass 1)
[db] inserted 8 sections
[db] linking parent FKs (pass 2)
[db] linked 0 parent references

[done] ingested Surveillance Legislation (Confirmation of Application) Act 2024
       legislation_id: 9d9227c9-2b4a-4638-acb9-80efe61d53ab
       sections: 8
       compilation: 2024-12-10
